Archive member included to satisfy reference by file (symbol)

/usr/local/lib/gcc/avr/4.9.2/avr5/libgcc.a(_udivmodqi4.o)
                              uzeboxVideoEngine.o (__udivmodqi4)
/usr/local/lib/gcc/avr/4.9.2/avr5/libgcc.a(_udivmodhi4.o)
                              uzeboxVideoEngine.o (__udivmodhi4)
/usr/local/lib/gcc/avr/4.9.2/avr5/libgcc.a(_divmodhi4.o)
                              uzeboxSoundEngine.o (__divmodhi4)
/usr/local/lib/gcc/avr/4.9.2/avr5/libgcc.a(_udivmodsi4.o)
                              uzeboxVideoEngine.o (__udivmodsi4)
/usr/local/lib/gcc/avr/4.9.2/avr5/libgcc.a(_exit.o)
                              /usr/local/lib/gcc/avr/4.9.2/../../../../avr/lib/avr5/crtm644.o (exit)
/usr/local/lib/gcc/avr/4.9.2/avr5/libgcc.a(_tablejump2.o)
                              TankFu.o (__tablejump2__)
/usr/local/lib/gcc/avr/4.9.2/avr5/libgcc.a(_copy_data.o)
                              uzeboxVideoEngine.o (__do_copy_data)
/usr/local/lib/gcc/avr/4.9.2/avr5/libgcc.a(_clear_bss.o)
                              uzeboxCore.o (__do_clear_bss)
/usr/local/lib/gcc/avr/4.9.2/../../../../avr/lib/avr5/libm.a(addsf3.o)
                              TankFu.o (__subsf3)
/usr/local/lib/gcc/avr/4.9.2/../../../../avr/lib/avr5/libm.a(addsf3x.o)
                              /usr/local/lib/gcc/avr/4.9.2/../../../../avr/lib/avr5/libm.a(addsf3.o) (__addsf3x)
/usr/local/lib/gcc/avr/4.9.2/../../../../avr/lib/avr5/libm.a(cmpsf2.o)
                              TankFu.o (__eqsf2)
/usr/local/lib/gcc/avr/4.9.2/../../../../avr/lib/avr5/libm.a(divsf3.o)
                              TankFu.o (__divsf3)
/usr/local/lib/gcc/avr/4.9.2/../../../../avr/lib/avr5/libm.a(divsf3x.o)
                              /usr/local/lib/gcc/avr/4.9.2/../../../../avr/lib/avr5/libm.a(divsf3.o) (__divsf3x)
/usr/local/lib/gcc/avr/4.9.2/../../../../avr/lib/avr5/libm.a(fixunssfsi.o)
                              TankFu.o (__fixunssfsi)
/usr/local/lib/gcc/avr/4.9.2/../../../../avr/lib/avr5/libm.a(floatsisf.o)
                              TankFu.o (__floatunsisf)
/usr/local/lib/gcc/avr/4.9.2/../../../../avr/lib/avr5/libm.a(fp_cmp.o)
                              /usr/local/lib/gcc/avr/4.9.2/../../../../avr/lib/avr5/libm.a(cmpsf2.o) (__fp_cmp)
/usr/local/lib/gcc/avr/4.9.2/../../../../avr/lib/avr5/libm.a(fp_inf.o)
                              /usr/local/lib/gcc/avr/4.9.2/../../../../avr/lib/avr5/libm.a(addsf3x.o) (__fp_inf)
/usr/local/lib/gcc/avr/4.9.2/../../../../avr/lib/avr5/libm.a(fp_nan.o)
                              /usr/local/lib/gcc/avr/4.9.2/../../../../avr/lib/avr5/libm.a(addsf3x.o) (__fp_nan)
/usr/local/lib/gcc/avr/4.9.2/../../../../avr/lib/avr5/libm.a(fp_pscA.o)
                              /usr/local/lib/gcc/avr/4.9.2/../../../../avr/lib/avr5/libm.a(addsf3x.o) (__fp_pscA)
/usr/local/lib/gcc/avr/4.9.2/../../../../avr/lib/avr5/libm.a(fp_pscB.o)
                              /usr/local/lib/gcc/avr/4.9.2/../../../../avr/lib/avr5/libm.a(addsf3x.o) (__fp_pscB)
/usr/local/lib/gcc/avr/4.9.2/../../../../avr/lib/avr5/libm.a(fp_round.o)
                              /usr/local/lib/gcc/avr/4.9.2/../../../../avr/lib/avr5/libm.a(addsf3.o) (__fp_round)
/usr/local/lib/gcc/avr/4.9.2/../../../../avr/lib/avr5/libm.a(fp_split3.o)
                              /usr/local/lib/gcc/avr/4.9.2/../../../../avr/lib/avr5/libm.a(addsf3x.o) (__fp_split3)
/usr/local/lib/gcc/avr/4.9.2/../../../../avr/lib/avr5/libm.a(fp_zero.o)
                              /usr/local/lib/gcc/avr/4.9.2/../../../../avr/lib/avr5/libm.a(addsf3x.o) (__fp_zero)
/usr/local/lib/gcc/avr/4.9.2/../../../../avr/lib/avr5/libm.a(gesf2.o)
                              TankFu.o (__gtsf2)
/usr/local/lib/gcc/avr/4.9.2/../../../../avr/lib/avr5/libm.a(mulsf3.o)
                              TankFu.o (__mulsf3)
/usr/local/lib/gcc/avr/4.9.2/../../../../avr/lib/avr5/libm.a(mulsf3x.o)
                              /usr/local/lib/gcc/avr/4.9.2/../../../../avr/lib/avr5/libm.a(mulsf3.o) (__mulsf3x)

Allocating common symbols
Common symbol       size              file

songStart           0x2               uzeboxSoundEngine.o
tracks              0x6e              uzeboxSoundEngine.o
fadeSpeed           0x1               uzeboxVideoEngine.o
p2                  0x6               TankFu.o
currDeltaTime       0x2               uzeboxSoundEngine.o
fadeDir             0x1               uzeboxVideoEngine.o
patchPointers       0x2               uzeboxSoundEngine.o
game                0x4               TankFu.o
tile_animations     0x19              TankFu.o
lastStatus          0x1               uzeboxSoundEngine.o
joypadsConnectionStatus
                    0x1               uzeboxCore.o
free_tile_index     0x1               uzeboxVideoEngine.o
player1             0x7c              TankFu.o
fadeActive          0x1               uzeboxVideoEngine.o
p1                  0x6               TankFu.o
masterVolume        0x1               uzeboxSoundEngine.o
nextDeltaTime       0x2               uzeboxSoundEngine.o
songSpeed           0x1               uzeboxSoundEngine.o
songPos             0x2               uzeboxSoundEngine.o
level               0x2ef             TankFu.o
player2             0x7c              TankFu.o
loopStart           0x2               uzeboxSoundEngine.o
step                0x1               uzeboxSoundEngine.o
currFadeFrame       0x1               uzeboxVideoEngine.o
fadeStep            0x1               uzeboxVideoEngine.o

Discarded input sections

 .data          0x0000000000000000        0x0 /usr/local/lib/gcc/avr/4.9.2/../../../../avr/lib/avr5/crtm644.o
 .bss           0x0000000000000000        0x0 /usr/local/lib/gcc/avr/4.9.2/../../../../avr/lib/avr5/crtm644.o
 .data          0x0000000000000000        0x0 uzeboxVideoEngineCore.o
 .text.SetSpritesTileBank
                0x0000000000000000       0x12 uzeboxVideoEngineCore.o
 .text.GetTile  0x0000000000000000       0x1e uzeboxVideoEngineCore.o
 .text.SetUserPreVsyncCallback
                0x0000000000000000        0xa uzeboxVideoEngineCore.o
 .text.SetUserPostVsyncCallback
                0x0000000000000000        0xa uzeboxVideoEngineCore.o
 .text.IsRunningInEmulator
                0x0000000000000000       0x12 uzeboxVideoEngineCore.o
 .text.WaitClocks
                0x0000000000000000        0x6 uzeboxVideoEngineCore.o
 .text.SetLedOn
                0x0000000000000000        0x4 uzeboxVideoEngineCore.o
 .text.SetLedOff
                0x0000000000000000        0x4 uzeboxVideoEngineCore.o
 .text.ToggleLed
                0x0000000000000000        0x4 uzeboxVideoEngineCore.o
 .text.internal_spi_byte
                0x0000000000000000        0xe uzeboxVideoEngineCore.o
 .text          0x0000000000000000        0x0 uzeboxCore.o
 .data          0x0000000000000000        0x0 uzeboxCore.o
 .bss           0x0000000000000000        0x0 uzeboxCore.o
 .text.SetRenderingParameters
                0x0000000000000000        0xa uzeboxCore.o
 .text.DetectControllers
                0x0000000000000000       0x36 uzeboxCore.o
 .text.FormatEeprom2
                0x0000000000000000       0x98 uzeboxCore.o
 .text.ReadPowerSwitch
                0x0000000000000000        0xe uzeboxCore.o
 .text          0x0000000000000000        0x0 uzeboxSoundEngine.o
 .data          0x0000000000000000        0x0 uzeboxSoundEngine.o
 .text.StartSong
                0x0000000000000000       0x4e uzeboxSoundEngine.o
 .text.StopSong
                0x0000000000000000       0x1a uzeboxSoundEngine.o
 .text.ResumeSong
                0x0000000000000000        0x8 uzeboxSoundEngine.o
 .text.SetSongSpeed
                0x0000000000000000        0x6 uzeboxSoundEngine.o
 .text.GetSongSpeed
                0x0000000000000000        0x6 uzeboxSoundEngine.o
 .text.TriggerFx
                0x0000000000000000       0x7e uzeboxSoundEngine.o
 .text.SetMasterVolume
                0x0000000000000000        0x6 uzeboxSoundEngine.o
 .text.GetMasterVolume
                0x0000000000000000        0x6 uzeboxSoundEngine.o
 .data          0x0000000000000000        0x0 uzeboxSoundEngineCore.o
 .text.SetMixerNoiseParams
                0x0000000000000000       0x10 uzeboxSoundEngineCore.o
 .text.SetMixerVolume
                0x0000000000000000       0x16 uzeboxSoundEngineCore.o
 .text.EnableSoundEngine
                0x0000000000000000        0x8 uzeboxSoundEngineCore.o
 .text          0x0000000000000000        0x0 uzeboxVideoEngine.o
 .bss           0x0000000000000000        0x0 uzeboxVideoEngine.o
 .text.MapSprite
                0x0000000000000000       0x80 uzeboxVideoEngine.o
 .text.DrawMap  0x0000000000000000       0x98 uzeboxVideoEngine.o
 .text.PrintLong
                0x0000000000000000       0x8a uzeboxVideoEngine.o
 .text.PrintInt
                0x0000000000000000       0x70 uzeboxVideoEngine.o
 .text.PrintBinaryByte
                0x0000000000000000       0x36 uzeboxVideoEngine.o
 .text.PrintHexByte
                0x0000000000000000       0x40 uzeboxVideoEngine.o
 .text.PrintHexInt
                0x0000000000000000       0x24 uzeboxVideoEngine.o
 .text.PrintHexLong
                0x0000000000000000       0x5e uzeboxVideoEngine.o
 .text.PrintRam
                0x0000000000000000       0x36 uzeboxVideoEngine.o
 .text.Fill     0x0000000000000000       0x6e uzeboxVideoEngine.o
 .text.FontFill
                0x0000000000000000       0x6c uzeboxVideoEngine.o
 .text          0x0000000000000000        0x0 TankFu.o
 .text.save_eeprom
                0x0000000000000000        0x4 TankFu.o
 .text          0x0000000000000000        0x0 /usr/local/lib/gcc/avr/4.9.2/avr5/libgcc.a(_udivmodqi4.o)
 .data          0x0000000000000000        0x0 /usr/local/lib/gcc/avr/4.9.2/avr5/libgcc.a(_udivmodqi4.o)
 .bss           0x0000000000000000        0x0 /usr/local/lib/gcc/avr/4.9.2/avr5/libgcc.a(_udivmodqi4.o)
 .text.libgcc.mul
                0x0000000000000000        0x0 /usr/local/lib/gcc/avr/4.9.2/avr5/libgcc.a(_udivmodqi4.o)
 .text.libgcc   0x0000000000000000        0x0 /usr/local/lib/gcc/avr/4.9.2/avr5/libgcc.a(_udivmodqi4.o)
 .text.libgcc.prologue
                0x0000000000000000        0x0 /usr/local/lib/gcc/avr/4.9.2/avr5/libgcc.a(_udivmodqi4.o)
 .text.libgcc.builtins
                0x0000000000000000        0x0 /usr/local/lib/gcc/avr/4.9.2/avr5/libgcc.a(_udivmodqi4.o)
 .text.libgcc.fmul
                0x0000000000000000        0x0 /usr/local/lib/gcc/avr/4.9.2/avr5/libgcc.a(_udivmodqi4.o)
 .text.libgcc.fixed
                0x0000000000000000        0x0 /usr/local/lib/gcc/avr/4.9.2/avr5/libgcc.a(_udivmodqi4.o)
 .text          0x0000000000000000        0x0 /usr/local/lib/gcc/avr/4.9.2/avr5/libgcc.a(_udivmodhi4.o)
 .data          0x0000000000000000        0x0 /usr/local/lib/gcc/avr/4.9.2/avr5/libgcc.a(_udivmodhi4.o)
 .bss           0x0000000000000000        0x0 /usr/local/lib/gcc/avr/4.9.2/avr5/libgcc.a(_udivmodhi4.o)
 .text.libgcc.mul
                0x0000000000000000        0x0 /usr/local/lib/gcc/avr/4.9.2/avr5/libgcc.a(_udivmodhi4.o)
 .text.libgcc   0x0000000000000000        0x0 /usr/local/lib/gcc/avr/4.9.2/avr5/libgcc.a(_udivmodhi4.o)
 .text.libgcc.prologue
                0x0000000000000000        0x0 /usr/local/lib/gcc/avr/4.9.2/avr5/libgcc.a(_udivmodhi4.o)
 .text.libgcc.builtins
                0x0000000000000000        0x0 /usr/local/lib/gcc/avr/4.9.2/avr5/libgcc.a(_udivmodhi4.o)
 .text.libgcc.fmul
                0x0000000000000000        0x0 /usr/local/lib/gcc/avr/4.9.2/avr5/libgcc.a(_udivmodhi4.o)
 .text.libgcc.fixed
                0x0000000000000000        0x0 /usr/local/lib/gcc/avr/4.9.2/avr5/libgcc.a(_udivmodhi4.o)
 .text          0x0000000000000000        0x0 /usr/local/lib/gcc/avr/4.9.2/avr5/libgcc.a(_divmodhi4.o)
 .data          0x0000000000000000        0x0 /usr/local/lib/gcc/avr/4.9.2/avr5/libgcc.a(_divmodhi4.o)
 .bss           0x0000000000000000        0x0 /usr/local/lib/gcc/avr/4.9.2/avr5/libgcc.a(_divmodhi4.o)
 .text.libgcc.mul
                0x0000000000000000        0x0 /usr/local/lib/gcc/avr/4.9.2/avr5/libgcc.a(_divmodhi4.o)
 .text.libgcc   0x0000000000000000        0x0 /usr/local/lib/gcc/avr/4.9.2/avr5/libgcc.a(_divmodhi4.o)
 .text.libgcc.prologue
                0x0000000000000000        0x0 /usr/local/lib/gcc/avr/4.9.2/avr5/libgcc.a(_divmodhi4.o)
 .text.libgcc.builtins
                0x0000000000000000        0x0 /usr/local/lib/gcc/avr/4.9.2/avr5/libgcc.a(_divmodhi4.o)
 .text.libgcc.fmul
                0x0000000000000000        0x0 /usr/local/lib/gcc/avr/4.9.2/avr5/libgcc.a(_divmodhi4.o)
 .text.libgcc.fixed
                0x0000000000000000        0x0 /usr/local/lib/gcc/avr/4.9.2/avr5/libgcc.a(_divmodhi4.o)
 .text          0x0000000000000000        0x0 /usr/local/lib/gcc/avr/4.9.2/avr5/libgcc.a(_udivmodsi4.o)
 .data          0x0000000000000000        0x0 /usr/local/lib/gcc/avr/4.9.2/avr5/libgcc.a(_udivmodsi4.o)
 .bss           0x0000000000000000        0x0 /usr/local/lib/gcc/avr/4.9.2/avr5/libgcc.a(_udivmodsi4.o)
 .stab          0x0000000000000000      0x228 /usr/local/lib/gcc/avr/4.9.2/avr5/libgcc.a(_udivmodsi4.o)
                                        0x234 (size before relaxing)
 .text.libgcc.mul
                0x0000000000000000        0x0 /usr/local/lib/gcc/avr/4.9.2/avr5/libgcc.a(_udivmodsi4.o)
 .text.libgcc.div
                0x0000000000000000       0x44 /usr/local/lib/gcc/avr/4.9.2/avr5/libgcc.a(_udivmodsi4.o)
 .text.libgcc   0x0000000000000000        0x0 /usr/local/lib/gcc/avr/4.9.2/avr5/libgcc.a(_udivmodsi4.o)
 .text.libgcc.prologue
                0x0000000000000000        0x0 /usr/local/lib/gcc/avr/4.9.2/avr5/libgcc.a(_udivmodsi4.o)
 .text.libgcc.builtins
                0x0000000000000000        0x0 /usr/local/lib/gcc/avr/4.9.2/avr5/libgcc.a(_udivmodsi4.o)
 .text.libgcc.fmul
                0x0000000000000000        0x0 /usr/local/lib/gcc/avr/4.9.2/avr5/libgcc.a(_udivmodsi4.o)
 .text.libgcc.fixed
                0x0000000000000000        0x0 /usr/local/lib/gcc/avr/4.9.2/avr5/libgcc.a(_udivmodsi4.o)
 .text          0x0000000000000000        0x0 /usr/local/lib/gcc/avr/4.9.2/avr5/libgcc.a(_exit.o)
 .data          0x0000000000000000        0x0 /usr/local/lib/gcc/avr/4.9.2/avr5/libgcc.a(_exit.o)
 .bss           0x0000000000000000        0x0 /usr/local/lib/gcc/avr/4.9.2/avr5/libgcc.a(_exit.o)
 .text.libgcc.mul
                0x0000000000000000        0x0 /usr/local/lib/gcc/avr/4.9.2/avr5/libgcc.a(_exit.o)
 .text.libgcc.div
                0x0000000000000000        0x0 /usr/local/lib/gcc/avr/4.9.2/avr5/libgcc.a(_exit.o)
 .text.libgcc   0x0000000000000000        0x0 /usr/local/lib/gcc/avr/4.9.2/avr5/libgcc.a(_exit.o)
 .text.libgcc.prologue
                0x0000000000000000        0x0 /usr/local/lib/gcc/avr/4.9.2/avr5/libgcc.a(_exit.o)
 .text.libgcc.builtins
                0x0000000000000000        0x0 /usr/local/lib/gcc/avr/4.9.2/avr5/libgcc.a(_exit.o)
 .text.libgcc.fmul
                0x0000000000000000        0x0 /usr/local/lib/gcc/avr/4.9.2/avr5/libgcc.a(_exit.o)
 .text.libgcc.fixed
                0x0000000000000000        0x0 /usr/local/lib/gcc/avr/4.9.2/avr5/libgcc.a(_exit.o)
 .text          0x0000000000000000        0x0 /usr/local/lib/gcc/avr/4.9.2/avr5/libgcc.a(_tablejump2.o)
 .data          0x0000000000000000        0x0 /usr/local/lib/gcc/avr/4.9.2/avr5/libgcc.a(_tablejump2.o)
 .bss           0x0000000000000000        0x0 /usr/local/lib/gcc/avr/4.9.2/avr5/libgcc.a(_tablejump2.o)
 .text.libgcc.mul
                0x0000000000000000        0x0 /usr/local/lib/gcc/avr/4.9.2/avr5/libgcc.a(_tablejump2.o)
 .text.libgcc.div
                0x0000000000000000        0x0 /usr/local/lib/gcc/avr/4.9.2/avr5/libgcc.a(_tablejump2.o)
 .text.libgcc.prologue
                0x0000000000000000        0x0 /usr/local/lib/gcc/avr/4.9.2/avr5/libgcc.a(_tablejump2.o)
 .text.libgcc.builtins
                0x0000000000000000        0x0 /usr/local/lib/gcc/avr/4.9.2/avr5/libgcc.a(_tablejump2.o)
 .text.libgcc.fmul
                0x0000000000000000        0x0 /usr/local/lib/gcc/avr/4.9.2/avr5/libgcc.a(_tablejump2.o)
 .text.libgcc.fixed
                0x0000000000000000        0x0 /usr/local/lib/gcc/avr/4.9.2/avr5/libgcc.a(_tablejump2.o)
 .text          0x0000000000000000        0x0 /usr/local/lib/gcc/avr/4.9.2/avr5/libgcc.a(_copy_data.o)
 .data          0x0000000000000000        0x0 /usr/local/lib/gcc/avr/4.9.2/avr5/libgcc.a(_copy_data.o)
 .bss           0x0000000000000000        0x0 /usr/local/lib/gcc/avr/4.9.2/avr5/libgcc.a(_copy_data.o)
 .text.libgcc.mul
                0x0000000000000000        0x0 /usr/local/lib/gcc/avr/4.9.2/avr5/libgcc.a(_copy_data.o)
 .text.libgcc.div
                0x0000000000000000        0x0 /usr/local/lib/gcc/avr/4.9.2/avr5/libgcc.a(_copy_data.o)
 .text.libgcc   0x0000000000000000        0x0 /usr/local/lib/gcc/avr/4.9.2/avr5/libgcc.a(_copy_data.o)
 .text.libgcc.prologue
                0x0000000000000000        0x0 /usr/local/lib/gcc/avr/4.9.2/avr5/libgcc.a(_copy_data.o)
 .text.libgcc.builtins
                0x0000000000000000        0x0 /usr/local/lib/gcc/avr/4.9.2/avr5/libgcc.a(_copy_data.o)
 .text.libgcc.fmul
                0x0000000000000000        0x0 /usr/local/lib/gcc/avr/4.9.2/avr5/libgcc.a(_copy_data.o)
 .text.libgcc.fixed
                0x0000000000000000        0x0 /usr/local/lib/gcc/avr/4.9.2/avr5/libgcc.a(_copy_data.o)
 .text          0x0000000000000000        0x0 /usr/local/lib/gcc/avr/4.9.2/avr5/libgcc.a(_clear_bss.o)
 .data          0x0000000000000000        0x0 /usr/local/lib/gcc/avr/4.9.2/avr5/libgcc.a(_clear_bss.o)
 .bss           0x0000000000000000        0x0 /usr/local/lib/gcc/avr/4.9.2/avr5/libgcc.a(_clear_bss.o)
 .text.libgcc.mul
                0x0000000000000000        0x0 /usr/local/lib/gcc/avr/4.9.2/avr5/libgcc.a(_clear_bss.o)
 .text.libgcc.div
                0x0000000000000000        0x0 /usr/local/lib/gcc/avr/4.9.2/avr5/libgcc.a(_clear_bss.o)
 .text.libgcc   0x0000000000000000        0x0 /usr/local/lib/gcc/avr/4.9.2/avr5/libgcc.a(_clear_bss.o)
 .text.libgcc.prologue
                0x0000000000000000        0x0 /usr/local/lib/gcc/avr/4.9.2/avr5/libgcc.a(_clear_bss.o)
 .text.libgcc.builtins
                0x0000000000000000        0x0 /usr/local/lib/gcc/avr/4.9.2/avr5/libgcc.a(_clear_bss.o)
 .text.libgcc.fmul
                0x0000000000000000        0x0 /usr/local/lib/gcc/avr/4.9.2/avr5/libgcc.a(_clear_bss.o)
 .text.libgcc.fixed
                0x0000000000000000        0x0 /usr/local/lib/gcc/avr/4.9.2/avr5/libgcc.a(_clear_bss.o)
 .text          0x0000000000000000        0x0 /usr/local/lib/gcc/avr/4.9.2/../../../../avr/lib/avr5/libm.a(addsf3.o)
 .data          0x0000000000000000        0x0 /usr/local/lib/gcc/avr/4.9.2/../../../../avr/lib/avr5/libm.a(addsf3.o)
 .bss           0x0000000000000000        0x0 /usr/local/lib/gcc/avr/4.9.2/../../../../avr/lib/avr5/libm.a(addsf3.o)
 .text          0x0000000000000000        0x0 /usr/local/lib/gcc/avr/4.9.2/../../../../avr/lib/avr5/libm.a(addsf3x.o)
 .data          0x0000000000000000        0x0 /usr/local/lib/gcc/avr/4.9.2/../../../../avr/lib/avr5/libm.a(addsf3x.o)
 .bss           0x0000000000000000        0x0 /usr/local/lib/gcc/avr/4.9.2/../../../../avr/lib/avr5/libm.a(addsf3x.o)
 .text          0x0000000000000000        0x0 /usr/local/lib/gcc/avr/4.9.2/../../../../avr/lib/avr5/libm.a(cmpsf2.o)
 .data          0x0000000000000000        0x0 /usr/local/lib/gcc/avr/4.9.2/../../../../avr/lib/avr5/libm.a(cmpsf2.o)
 .bss           0x0000000000000000        0x0 /usr/local/lib/gcc/avr/4.9.2/../../../../avr/lib/avr5/libm.a(cmpsf2.o)
 .text          0x0000000000000000        0x0 /usr/local/lib/gcc/avr/4.9.2/../../../../avr/lib/avr5/libm.a(divsf3.o)
 .data          0x0000000000000000        0x0 /usr/local/lib/gcc/avr/4.9.2/../../../../avr/lib/avr5/libm.a(divsf3.o)
 .bss           0x0000000000000000        0x0 /usr/local/lib/gcc/avr/4.9.2/../../../../avr/lib/avr5/libm.a(divsf3.o)
 .text          0x0000000000000000        0x0 /usr/local/lib/gcc/avr/4.9.2/../../../../avr/lib/avr5/libm.a(divsf3x.o)
 .data          0x0000000000000000        0x0 /usr/local/lib/gcc/avr/4.9.2/../../../../avr/lib/avr5/libm.a(divsf3x.o)
 .bss           0x0000000000000000        0x0 /usr/local/lib/gcc/avr/4.9.2/../../../../avr/lib/avr5/libm.a(divsf3x.o)
 .text          0x0000000000000000        0x0 /usr/local/lib/gcc/avr/4.9.2/../../../../avr/lib/avr5/libm.a(fixunssfsi.o)
 .data          0x0000000000000000        0x0 /usr/local/lib/gcc/avr/4.9.2/../../../../avr/lib/avr5/libm.a(fixunssfsi.o)
 .bss           0x0000000000000000        0x0 /usr/local/lib/gcc/avr/4.9.2/../../../../avr/lib/avr5/libm.a(fixunssfsi.o)
 .text          0x0000000000000000        0x0 /usr/local/lib/gcc/avr/4.9.2/../../../../avr/lib/avr5/libm.a(floatsisf.o)
 .data          0x0000000000000000        0x0 /usr/local/lib/gcc/avr/4.9.2/../../../../avr/lib/avr5/libm.a(floatsisf.o)
 .bss           0x0000000000000000        0x0 /usr/local/lib/gcc/avr/4.9.2/../../../../avr/lib/avr5/libm.a(floatsisf.o)
 .text          0x0000000000000000        0x0 /usr/local/lib/gcc/avr/4.9.2/../../../../avr/lib/avr5/libm.a(fp_cmp.o)
 .data          0x0000000000000000        0x0 /usr/local/lib/gcc/avr/4.9.2/../../../../avr/lib/avr5/libm.a(fp_cmp.o)
 .bss           0x0000000000000000        0x0 /usr/local/lib/gcc/avr/4.9.2/../../../../avr/lib/avr5/libm.a(fp_cmp.o)
 .text          0x0000000000000000        0x0 /usr/local/lib/gcc/avr/4.9.2/../../../../avr/lib/avr5/libm.a(fp_inf.o)
 .data          0x0000000000000000        0x0 /usr/local/lib/gcc/avr/4.9.2/../../../../avr/lib/avr5/libm.a(fp_inf.o)
 .bss           0x0000000000000000        0x0 /usr/local/lib/gcc/avr/4.9.2/../../../../avr/lib/avr5/libm.a(fp_inf.o)
 .text          0x0000000000000000        0x0 /usr/local/lib/gcc/avr/4.9.2/../../../../avr/lib/avr5/libm.a(fp_nan.o)
 .data          0x0000000000000000        0x0 /usr/local/lib/gcc/avr/4.9.2/../../../../avr/lib/avr5/libm.a(fp_nan.o)
 .bss           0x0000000000000000        0x0 /usr/local/lib/gcc/avr/4.9.2/../../../../avr/lib/avr5/libm.a(fp_nan.o)
 .text          0x0000000000000000        0x0 /usr/local/lib/gcc/avr/4.9.2/../../../../avr/lib/avr5/libm.a(fp_pscA.o)
 .data          0x0000000000000000        0x0 /usr/local/lib/gcc/avr/4.9.2/../../../../avr/lib/avr5/libm.a(fp_pscA.o)
 .bss           0x0000000000000000        0x0 /usr/local/lib/gcc/avr/4.9.2/../../../../avr/lib/avr5/libm.a(fp_pscA.o)
 .text          0x0000000000000000        0x0 /usr/local/lib/gcc/avr/4.9.2/../../../../avr/lib/avr5/libm.a(fp_pscB.o)
 .data          0x0000000000000000        0x0 /usr/local/lib/gcc/avr/4.9.2/../../../../avr/lib/avr5/libm.a(fp_pscB.o)
 .bss           0x0000000000000000        0x0 /usr/local/lib/gcc/avr/4.9.2/../../../../avr/lib/avr5/libm.a(fp_pscB.o)
 .text          0x0000000000000000        0x0 /usr/local/lib/gcc/avr/4.9.2/../../../../avr/lib/avr5/libm.a(fp_round.o)
 .data          0x0000000000000000        0x0 /usr/local/lib/gcc/avr/4.9.2/../../../../avr/lib/avr5/libm.a(fp_round.o)
 .bss           0x0000000000000000        0x0 /usr/local/lib/gcc/avr/4.9.2/../../../../avr/lib/avr5/libm.a(fp_round.o)
 .text          0x0000000000000000        0x0 /usr/local/lib/gcc/avr/4.9.2/../../../../avr/lib/avr5/libm.a(fp_split3.o)
 .data          0x0000000000000000        0x0 /usr/local/lib/gcc/avr/4.9.2/../../../../avr/lib/avr5/libm.a(fp_split3.o)
 .bss           0x0000000000000000        0x0 /usr/local/lib/gcc/avr/4.9.2/../../../../avr/lib/avr5/libm.a(fp_split3.o)
 .text          0x0000000000000000        0x0 /usr/local/lib/gcc/avr/4.9.2/../../../../avr/lib/avr5/libm.a(fp_zero.o)
 .data          0x0000000000000000        0x0 /usr/local/lib/gcc/avr/4.9.2/../../../../avr/lib/avr5/libm.a(fp_zero.o)
 .bss           0x0000000000000000        0x0 /usr/local/lib/gcc/avr/4.9.2/../../../../avr/lib/avr5/libm.a(fp_zero.o)
 .text          0x0000000000000000        0x0 /usr/local/lib/gcc/avr/4.9.2/../../../../avr/lib/avr5/libm.a(gesf2.o)
 .data          0x0000000000000000        0x0 /usr/local/lib/gcc/avr/4.9.2/../../../../avr/lib/avr5/libm.a(gesf2.o)
 .bss           0x0000000000000000        0x0 /usr/local/lib/gcc/avr/4.9.2/../../../../avr/lib/avr5/libm.a(gesf2.o)
 .text          0x0000000000000000        0x0 /usr/local/lib/gcc/avr/4.9.2/../../../../avr/lib/avr5/libm.a(mulsf3.o)
 .data          0x0000000000000000        0x0 /usr/local/lib/gcc/avr/4.9.2/../../../../avr/lib/avr5/libm.a(mulsf3.o)
 .bss           0x0000000000000000        0x0 /usr/local/lib/gcc/avr/4.9.2/../../../../avr/lib/avr5/libm.a(mulsf3.o)
 .text          0x0000000000000000        0x0 /usr/local/lib/gcc/avr/4.9.2/../../../../avr/lib/avr5/libm.a(mulsf3x.o)
 .data          0x0000000000000000        0x0 /usr/local/lib/gcc/avr/4.9.2/../../../../avr/lib/avr5/libm.a(mulsf3x.o)
 .bss           0x0000000000000000        0x0 /usr/local/lib/gcc/avr/4.9.2/../../../../avr/lib/avr5/libm.a(mulsf3x.o)

Memory Configuration

Name             Origin             Length             Attributes
text             0x0000000000000000 0x0000000000020000 xr
data             0x0000000000800060 0x000000000000ffa0 rw !x
eeprom           0x0000000000810000 0x0000000000010000 rw !x
fuse             0x0000000000820000 0x0000000000000400 rw !x
lock             0x0000000000830000 0x0000000000000400 rw !x
signature        0x0000000000840000 0x0000000000000400 rw !x
*default*        0x0000000000000000 0xffffffffffffffff

Linker script and memory map

Address of section .data set to 0x800100
LOAD /usr/local/lib/gcc/avr/4.9.2/../../../../avr/lib/avr5/crtm644.o
LOAD uzeboxVideoEngineCore.o
LOAD uzeboxCore.o
LOAD uzeboxSoundEngine.o
LOAD uzeboxSoundEngineCore.o
LOAD uzeboxVideoEngine.o
LOAD TankFu.o
START GROUP
LOAD /usr/local/lib/gcc/avr/4.9.2/avr5/libgcc.a
LOAD /usr/local/lib/gcc/avr/4.9.2/../../../../avr/lib/avr5/libm.a
LOAD /usr/local/lib/gcc/avr/4.9.2/../../../../avr/lib/avr5/libc.a
END GROUP

.hash
 *(.hash)

.dynsym
 *(.dynsym)

.dynstr
 *(.dynstr)

.gnu.version
 *(.gnu.version)

.gnu.version_d
 *(.gnu.version_d)

.gnu.version_r
 *(.gnu.version_r)

.rel.init
 *(.rel.init)

.rela.init
 *(.rela.init)

.rel.text
 *(.rel.text)
 *(.rel.text.*)
 *(.rel.gnu.linkonce.t*)

.rela.text
 *(.rela.text)
 *(.rela.text.*)
 *(.rela.gnu.linkonce.t*)

.rel.fini
 *(.rel.fini)

.rela.fini
 *(.rela.fini)

.rel.rodata
 *(.rel.rodata)
 *(.rel.rodata.*)
 *(.rel.gnu.linkonce.r*)

.rela.rodata
 *(.rela.rodata)
 *(.rela.rodata.*)
 *(.rela.gnu.linkonce.r*)

.rel.data
 *(.rel.data)
 *(.rel.data.*)
 *(.rel.gnu.linkonce.d*)

.rela.data
 *(.rela.data)
 *(.rela.data.*)
 *(.rela.gnu.linkonce.d*)

.rel.ctors
 *(.rel.ctors)

.rela.ctors
 *(.rela.ctors)

.rel.dtors
 *(.rel.dtors)

.rela.dtors
 *(.rela.dtors)

.rel.got
 *(.rel.got)

.rela.got
 *(.rela.got)

.rel.bss
 *(.rel.bss)

.rela.bss
 *(.rela.bss)

.rel.plt
 *(.rel.plt)

.rela.plt
 *(.rela.plt)

.text           0x0000000000000000     0x9f90
 *(.vectors)
 .vectors       0x0000000000000000       0x70 /usr/local/lib/gcc/avr/4.9.2/../../../../avr/lib/avr5/crtm644.o
                0x0000000000000000                __vectors
                0x0000000000000000                __vector_default
 *(.vectors)
 *(.progmem.gcc*)
 .progmem.gcc_sw_table.load_level_tiles
                0x0000000000000070       0x12 TankFu.o
                0x0000000000000082                . = ALIGN (0x2)
                0x0000000000000082                __trampolines_start = .
 *(.trampolines)
 .trampolines   0x0000000000000082        0x0 linker stubs
 *(.trampolines*)
                0x0000000000000082                __trampolines_end = .
 *(.progmem*)
 .progmem.data  0x0000000000000082       0x4e uzeboxCore.o
                0x0000000000000082                io_table
                0x00000000000000b0                eeprom_format_table
 .progmem.data  0x00000000000000d0       0x1a uzeboxSoundEngine.o
                0x00000000000000d0                patchCommands
 .progmem.data  0x00000000000000ea        0xc uzeboxVideoEngine.o
                0x00000000000000ea                fader
 .progmem.data  0x00000000000000f6     0x5077 TankFu.o
                0x00000000000000f6                strLevels
                0x000000000000016e                strPaused
                0x0000000000000175                strExit
                0x000000000000017e                strTotal
                0x0000000000000185                strScore
                0x000000000000018c                strBanterClear
                0x000000000000019b                banter_map
                0x0000000000000231                strBy
                0x0000000000000234                strOwns
                0x0000000000000239                strChangeHandle
                0x0000000000000248                strCancelHandle
                0x0000000000000253                strConfirmHandle
                0x000000000000025f                strSelectHandle
                0x000000000000026a                strPlayer2
                0x000000000000026d                strPlayer1
                0x0000000000000270                strVertSep
                0x0000000000000272                strUnderline
                0x000000000000027e                strHandlesTitle
                0x000000000000028a                strHighscores
                0x0000000000000294                str2Player
                0x00000000000002a5                str1Player
                0x00000000000002b3                strCopyright
                0x00000000000002ca                my_patches
                0x000000000000033f                level_data
                0x000000000000208b                map_rocket_right_1
                0x000000000000208e                map_rocket_right_0
                0x0000000000002091                map_rocket_up_1
                0x0000000000002094                map_rocket_up_0
                0x0000000000002097                map_ball
                0x000000000000209a                map_explosion_2
                0x00000000000020a0                map_explosion_1
                0x00000000000020a6                map_explosion_0
                0x00000000000020ac                map_tank2_right_1
                0x00000000000020b2                map_tank2_right_0
                0x00000000000020b8                map_tank2_up_1
                0x00000000000020be                map_tank2_up_0
                0x00000000000020c4                map_tank1_right_1
                0x00000000000020ca                map_tank1_right_0
                0x00000000000020d0                map_tank1_up_1
                0x00000000000020d6                map_tank1_up_0
                0x00000000000020dc                map_none
                0x00000000000020df                map_tank_blank
                0x00000000000020e5                map_metal_bl
                0x00000000000020e8                map_metal_tr
                0x00000000000020eb                map_metal_br
                0x00000000000020ee                map_metal_tl
                0x00000000000020f1                map_tile_exp_2
                0x00000000000020f4                map_tile_exp_1
                0x00000000000020f7                map_tile_exp_0
                0x00000000000020fa                map_rocket_itm
                0x00000000000020fd                map_explode_itm
                0x0000000000002100                map_speed_itm
                0x0000000000002103                map_metal
                0x0000000000002106                map_brick
                0x0000000000002109                map_tile_none
                0x000000000000210c                map_pause
                0x000000000000214a                map_splash
                0x00000000000021a0                ad_silence
                0x00000000000021a1                ad_tracks
                0x00000000000021a2                ad_tank_explode
                0x00000000000021a3                ad_splash
                0x00000000000021a4                ad_rocket
                0x00000000000021a5                ad_navigate
                0x00000000000021a6                ad_metal
                0x00000000000021a7                ad_level_start
                0x00000000000021a8                ad_level_clear
                0x00000000000021a9                ad_item
                0x00000000000021aa                ad_cannonball
                0x00000000000021ab                ad_brick_explode
                0x00000000000021ac                ad_banter
                0x00000000000021ad                sprites_data
                0x0000000000002dad                tiles_data
                0x000000000000516e                . = ALIGN (0x2)
 *fill*         0x000000000000516d        0x1 
 *(.jumptables)
 *(.jumptables*)
 *(.lowtext)
 *(.lowtext*)
                0x000000000000516e                __ctors_start = .
 *(.ctors)
                0x000000000000516e                __ctors_end = .
                0x000000000000516e                __dtors_start = .
 *(.dtors)
                0x000000000000516e                __dtors_end = .
 SORT(*)(.ctors)
 SORT(*)(.dtors)
 *(.init0)
 .init0         0x000000000000516e        0x0 /usr/local/lib/gcc/avr/4.9.2/../../../../avr/lib/avr5/crtm644.o
                0x000000000000516e                __init
 *(.init0)
 *(.init1)
 *(.init1)
 *(.init2)
 .init2         0x000000000000516e        0xc /usr/local/lib/gcc/avr/4.9.2/../../../../avr/lib/avr5/crtm644.o
 *(.init2)
 *(.init3)
 *(.init3)
 *(.init4)
 .init4         0x000000000000517a       0x16 /usr/local/lib/gcc/avr/4.9.2/avr5/libgcc.a(_copy_data.o)
                0x000000000000517a                __do_copy_data
 .init4         0x0000000000005190       0x10 /usr/local/lib/gcc/avr/4.9.2/avr5/libgcc.a(_clear_bss.o)
                0x0000000000005190                __do_clear_bss
 *(.init4)
 *(.init5)
 *(.init5)
 *(.init6)
 *(.init6)
 *(.init7)
 .init7         0x00000000000051a0       0x12 uzeboxCore.o
                0x00000000000051a0                wdt_init
 *(.init7)
 *(.init8)
 .init8         0x00000000000051b2       0x8a uzeboxCore.o
                0x00000000000051b2                Initialize
 *(.init8)
 *(.init9)
 .init9         0x000000000000523c        0x8 /usr/local/lib/gcc/avr/4.9.2/../../../../avr/lib/avr5/crtm644.o
 *(.init9)
 *(.text)
 .text          0x0000000000005244        0x4 /usr/local/lib/gcc/avr/4.9.2/../../../../avr/lib/avr5/crtm644.o
                0x0000000000005244                __vector_20
                0x0000000000005244                __vector_1
                0x0000000000005244                __vector_24
                0x0000000000005244                __vector_12
                0x0000000000005244                __bad_interrupt
                0x0000000000005244                __vector_6
                0x0000000000005244                __vector_3
                0x0000000000005244                __vector_23
                0x0000000000005244                __vector_25
                0x0000000000005244                __vector_11
                0x0000000000005244                __vector_17
                0x0000000000005244                __vector_19
                0x0000000000005244                __vector_7
                0x0000000000005244                __vector_27
                0x0000000000005244                __vector_5
                0x0000000000005244                __vector_4
                0x0000000000005244                __vector_9
                0x0000000000005244                __vector_2
                0x0000000000005244                __vector_21
                0x0000000000005244                __vector_15
                0x0000000000005244                __vector_8
                0x0000000000005244                __vector_26
                0x0000000000005244                __vector_10
                0x0000000000005244                __vector_16
                0x0000000000005244                __vector_18
                0x0000000000005244                __vector_22
 .text          0x0000000000005248      0x58a uzeboxVideoEngineCore.o
                0x00000000000053ee                CopyTileToRam
                0x0000000000005510                BlitSprite
                0x00000000000055f0                __vector_13
                0x0000000000005670                __vector_14
 .text          0x00000000000057d2      0x180 uzeboxSoundEngineCore.o
                0x00000000000057d2                process_music
                0x00000000000057de                update_sound
                0x0000000000005952                . = ALIGN (0x2)
 *(.text.*)
 .text.SetSpritesTileTable
                0x0000000000005952        0xa uzeboxVideoEngineCore.o
                0x0000000000005952                SetSpritesTileTable
 .text.ClearVram
                0x000000000000595c       0x14 uzeboxVideoEngineCore.o
                0x000000000000595c                ClearVram
 .text.SetFont  0x0000000000005970        0x8 uzeboxVideoEngineCore.o
                0x0000000000005970                SetFont
 .text.SetTile  0x0000000000005978       0x1c uzeboxVideoEngineCore.o
                0x0000000000005978                SetTile
 .text.SetFontTilesIndex
                0x0000000000005994        0x6 uzeboxVideoEngineCore.o
                0x0000000000005994                SetFontTilesIndex
 .text.SetTileTable
                0x000000000000599a        0xa uzeboxVideoEngineCore.o
                0x000000000000599a                SetTileTable
 .text.GetVsyncFlag
                0x00000000000059a4        0x8 uzeboxVideoEngineCore.o
                0x00000000000059a4                GetVsyncFlag
 .text.ClearVsyncFlag
                0x00000000000059ac        0xc uzeboxVideoEngineCore.o
                0x00000000000059ac                ClearVsyncFlag
 .text.ReadJoypad
                0x00000000000059b8       0x18 uzeboxVideoEngineCore.o
                0x00000000000059b8                ReadJoypad
 .text.WaitUs   0x00000000000059d0        0xe uzeboxVideoEngineCore.o
                0x00000000000059d0                WaitUs
 .text.WriteEeprom
                0x00000000000059de       0x14 uzeboxVideoEngineCore.o
                0x00000000000059de                WriteEeprom
 .text.ReadEeprom
                0x00000000000059f2       0x12 uzeboxVideoEngineCore.o
                0x00000000000059f2                ReadEeprom
 .text.SoftReset
                0x0000000000005a04       0x16 uzeboxCore.o
                0x0000000000005a04                SoftReset
 .text.ReadButtons
                0x0000000000005a1a       0x6c uzeboxCore.o
                0x0000000000005a1a                ReadButtons
 .text.ReadControllers
                0x0000000000005a86       0x20 uzeboxCore.o
                0x0000000000005a86                ReadControllers
 .text.FormatEeprom
                0x0000000000005aa6       0x44 uzeboxCore.o
                0x0000000000005aa6                FormatEeprom
 .text.isEepromFormatted
                0x0000000000005aea       0x2e uzeboxCore.o
                0x0000000000005aea                isEepromFormatted
 .text.EepromWriteBlock
                0x0000000000005b18       0xda uzeboxCore.o
                0x0000000000005b18                EepromWriteBlock
 .text.EepromReadBlock
                0x0000000000005bf2       0x92 uzeboxCore.o
                0x0000000000005bf2                EepromReadBlock
 .text.PatchCommand00
                0x0000000000005c84        0x6 uzeboxSoundEngine.o
                0x0000000000005c84                PatchCommand00
 .text.PatchCommand01
                0x0000000000005c8a       0x10 uzeboxSoundEngine.o
                0x0000000000005c8a                PatchCommand01
 .text.PatchCommand05
                0x0000000000005c9a        0xa uzeboxSoundEngine.o
                0x0000000000005c9a                PatchCommand05
 .text.PatchCommand06
                0x0000000000005ca4        0xa uzeboxSoundEngine.o
                0x0000000000005ca4                PatchCommand06
 .text.PatchCommand07
                0x0000000000005cae        0x6 uzeboxSoundEngine.o
                0x0000000000005cae                PatchCommand07
 .text.PatchCommand09
                0x0000000000005cb4        0x6 uzeboxSoundEngine.o
                0x0000000000005cb4                PatchCommand09
 .text.PatchCommand10
                0x0000000000005cba        0x6 uzeboxSoundEngine.o
                0x0000000000005cba                PatchCommand10
 .text.PatchCommand11
                0x0000000000005cc0       0x7a uzeboxSoundEngine.o
                0x0000000000005cc0                PatchCommand11
 .text.PatchCommand12
                0x0000000000005d3a        0x6 uzeboxSoundEngine.o
                0x0000000000005d3a                PatchCommand12
 .text.PatchCommand02
                0x0000000000005d40        0x8 uzeboxSoundEngine.o
                0x0000000000005d40                PatchCommand02
 .text.PatchCommand03
                0x0000000000005d48       0x10 uzeboxSoundEngine.o
                0x0000000000005d48                PatchCommand03
 .text.PatchCommand04
                0x0000000000005d58       0x10 uzeboxSoundEngine.o
                0x0000000000005d58                PatchCommand04
 .text.PatchCommand08
                0x0000000000005d68       0x32 uzeboxSoundEngine.o
                0x0000000000005d68                PatchCommand08
 .text.InitMusicPlayer
                0x0000000000005d9a       0x44 uzeboxSoundEngine.o
                0x0000000000005d9a                InitMusicPlayer
 .text.ReadVarLen
                0x0000000000005dde       0x4c uzeboxSoundEngine.o
                0x0000000000005dde                ReadVarLen
 .text.TriggerCommon
                0x0000000000005e2a      0x15a uzeboxSoundEngine.o
                0x0000000000005e2a                TriggerCommon
 .text.TriggerNote
                0x0000000000005f84       0x6e uzeboxSoundEngine.o
                0x0000000000005f84                TriggerNote
 .text.ProcessMusic
                0x0000000000005ff2      0x44e uzeboxSoundEngine.o
                0x0000000000005ff2                ProcessMusic
 .text.SetMixerNote
                0x0000000000006440       0x2e uzeboxSoundEngineCore.o
                0x0000000000006440                SetMixerNote
 .text.SetMixerWave
                0x000000000000646e       0x3a uzeboxSoundEngineCore.o
                0x000000000000646e                SetMixerWave
 *fill*         0x00000000000064a8       0x58 
 .text.DisableSoundEngine
                0x0000000000006500      0xc00 uzeboxSoundEngineCore.o
                0x0000000000006500                DisableSoundEngine
                0x0000000000006508                steptable
                0x0000000000006700                waves
 .text.RestoreBackground
                0x0000000000007100       0x22 uzeboxVideoEngine.o
                0x0000000000007100                RestoreBackground
 .text.SetSpriteVisibility
                0x0000000000007122        0x6 uzeboxVideoEngine.o
                0x0000000000007122                SetSpriteVisibility
 .text.ProcessSprites
                0x0000000000007128      0x1a8 uzeboxVideoEngine.o
                0x0000000000007128                ProcessSprites
 .text.MapSprite2
                0x00000000000072d0       0xa4 uzeboxVideoEngine.o
                0x00000000000072d0                MapSprite2
 .text.MoveSprite
                0x0000000000007374       0x4a uzeboxVideoEngine.o
                0x0000000000007374                MoveSprite
 .text.DisplayLogo
                0x00000000000073be        0x2 uzeboxVideoEngine.o
                0x00000000000073be                DisplayLogo
 .text.InitializeVideoMode
                0x00000000000073c0       0x14 uzeboxVideoEngine.o
                0x00000000000073c0                InitializeVideoMode
 .text.DrawMap2
                0x00000000000073d4       0x9a uzeboxVideoEngine.o
                0x00000000000073d4                DrawMap2
 .text.PrintByte
                0x000000000000746e       0x66 uzeboxVideoEngine.o
                0x000000000000746e                PrintByte
 .text.Print    0x00000000000074d4       0x36 uzeboxVideoEngine.o
                0x00000000000074d4                Print
 .text.PrintChar
                0x000000000000750a        0x6 uzeboxVideoEngine.o
                0x000000000000750a                PrintChar
 .text.WaitVsync
                0x0000000000007510       0x2e uzeboxVideoEngine.o
                0x0000000000007510                WaitVsync
 .text.doFade   0x000000000000753e       0x1c uzeboxVideoEngine.o
                0x000000000000753e                doFade
 .text.FadeIn   0x000000000000755a       0x18 uzeboxVideoEngine.o
                0x000000000000755a                FadeIn
 .text.FadeOut  0x0000000000007572       0x18 uzeboxVideoEngine.o
                0x0000000000007572                FadeOut
 .text.ProcessFading
                0x000000000000758a       0x4a uzeboxVideoEngine.o
                0x000000000000758a                ProcessFading
 .text.VideoModeVsync
                0x00000000000075d4        0x8 uzeboxVideoEngine.o
                0x00000000000075d4                VideoModeVsync
 .text.LBGetNextFrame
                0x00000000000075dc       0x46 TankFu.o
                0x00000000000075dc                LBGetNextFrame
 .text.LBGetJoyPadState
                0x0000000000007622       0x84 TankFu.o
                0x0000000000007622                LBGetJoyPadState
 .text.LBCopyChars
                0x00000000000076a6       0x18 TankFu.o
                0x00000000000076a6                LBCopyChars
 .text.LBPrintStr
                0x00000000000076be       0x62 TankFu.o
                0x00000000000076be                LBPrintStr
 .text.LBCollides
                0x0000000000007720       0x54 TankFu.o
                0x0000000000007720                LBCollides
 .text.LBLineIntersect
                0x0000000000007774      0x1ac TankFu.o
                0x0000000000007774                LBLineIntersect
 .text.LBRandom
                0x0000000000007920       0x3a TankFu.o
                0x0000000000007920                LBRandom
 .text.LBWaitSeconds
                0x000000000000795a       0x1e TankFu.o
                0x000000000000795a                LBWaitSeconds
 .text.init_tile_animations
                0x0000000000007978       0x46 TankFu.o
                0x0000000000007978                init_tile_animations
 .text.init_shot_state
                0x00000000000079be       0x36 TankFu.o
                0x00000000000079be                init_shot_state
 .text.set_shot_animations
                0x00000000000079f4       0x62 TankFu.o
                0x00000000000079f4                set_shot_animations
 .text.init_player
                0x0000000000007a56       0xbc TankFu.o
                0x0000000000007a56                init_player
 .text.player_init_shot_state
                0x0000000000007b12       0x1e TankFu.o
                0x0000000000007b12                player_init_shot_state
 .text.init_game_state
                0x0000000000007b30       0x2a TankFu.o
                0x0000000000007b30                init_game_state
 .text.player_spawn
                0x0000000000007b5a       0x3a TankFu.o
                0x0000000000007b5a                player_spawn
 .text.load_eeprom
                0x0000000000007b94       0x24 TankFu.o
                0x0000000000007b94                load_eeprom
 .text.fade_through
                0x0000000000007bb8       0x14 TankFu.o
                0x0000000000007bb8                fade_through
 .text.clear_sprites
                0x0000000000007bcc       0x1a TankFu.o
                0x0000000000007bcc                clear_sprites
 .text.save_score
                0x0000000000007be6       0xd2 TankFu.o
                0x0000000000007be6                save_score
 .text.position_shot
                0x0000000000007cb8       0xdc TankFu.o
                0x0000000000007cb8                position_shot
 .text.print_level_score
                0x0000000000007d94       0x84 TankFu.o
                0x0000000000007d94                print_level_score
 .text.render_hud
                0x0000000000007e18       0x3a TankFu.o
                0x0000000000007e18                render_hud
 .text.render_score
                0x0000000000007e52       0x38 TankFu.o
                0x0000000000007e52                render_score
 .text.render_banter
                0x0000000000007e8a       0x50 TankFu.o
                0x0000000000007e8a                render_banter
 .text.render_player
                0x0000000000007eda       0x52 TankFu.o
                0x0000000000007eda                render_player
 .text.render_shot
                0x0000000000007f2c       0x76 TankFu.o
                0x0000000000007f2c                render_shot
 .text.render_tile_explosions
                0x0000000000007fa2       0x8a TankFu.o
                0x0000000000007fa2                render_tile_explosions
 .text.tank_map
                0x000000000000802c      0x104 TankFu.o
                0x000000000000802c                tank_map
 .text.shot_map
                0x0000000000008130       0xae TankFu.o
                0x0000000000008130                shot_map
 .text.recoil_sprite
                0x00000000000081de       0xd4 TankFu.o
                0x00000000000081de                recoil_sprite
 .text.solid_square_tile
                0x00000000000082b2       0x1c TankFu.o
                0x00000000000082b2                solid_square_tile
 .text.solid_directional_tile
                0x00000000000082ce      0x14e TankFu.o
                0x00000000000082ce                solid_directional_tile
 .text.player_shot
                0x000000000000841c       0x84 TankFu.o
                0x000000000000841c                player_shot
 .text.collision_detect_boundries
                0x00000000000084a0       0x9c TankFu.o
                0x00000000000084a0                collision_detect_boundries
 .text.kill_player
                0x000000000000853c       0xe0 TankFu.o
                0x000000000000853c                kill_player
 .text.get_interesting_tile_indexes_shot
                0x000000000000861c       0x48 TankFu.o
                0x000000000000861c                get_interesting_tile_indexes_shot
 .text.explode_tile
                0x0000000000008664       0x7c TankFu.o
                0x0000000000008664                explode_tile
 .text.collision_detect_shot
                0x00000000000086e0      0x290 TankFu.o
                0x00000000000086e0                collision_detect_shot
 .text.get_interesting_tile_indexes
                0x0000000000008970       0x64 TankFu.o
                0x0000000000008970                get_interesting_tile_indexes
 .text.collision_detect_player
                0x00000000000089d4      0x1ee TankFu.o
                0x00000000000089d4                collision_detect_player
 .text.load_level_tiles
                0x0000000000008bc2       0xae TankFu.o
                0x0000000000008bc2                load_level_tiles
 .text.load_level
                0x0000000000008c70      0x17c TankFu.o
                0x0000000000008c70                load_level
 .text.level_transition
                0x0000000000008dec       0x58 TankFu.o
                0x0000000000008dec                level_transition
 .text.load_splash
                0x0000000000008e44       0x6c TankFu.o
                0x0000000000008e44                load_splash
 .text.load_tank_rank
                0x0000000000008eb0      0x13a TankFu.o
                0x0000000000008eb0                load_tank_rank
 .text.exit_game
                0x0000000000008fea       0x12 TankFu.o
                0x0000000000008fea                exit_game
 .text.update_level_helper
                0x0000000000008ffc      0x3b4 TankFu.o
                0x0000000000008ffc                update_level_helper
 .text.update_level
                0x00000000000093b0      0x124 TankFu.o
                0x00000000000093b0                update_level
 .text.update_tank_rank
                0x00000000000094d4       0x14 TankFu.o
                0x00000000000094d4                update_tank_rank
 .text._handle_select_helper
                0x00000000000094e8      0x160 TankFu.o
                0x00000000000094e8                _handle_select_helper
 .text._handle_select_render_helper
                0x0000000000009648      0x17c TankFu.o
                0x0000000000009648                _handle_select_render_helper
 .text.load_handle_select
                0x00000000000097c4      0x124 TankFu.o
                0x00000000000097c4                load_handle_select
 .text.update_splash
                0x00000000000098e8       0xd0 TankFu.o
                0x00000000000098e8                update_splash
 .text.update_handle_select
                0x00000000000099b8       0x9c TankFu.o
                0x00000000000099b8                update_handle_select
 .text.startup.main
                0x0000000000009a54       0x98 TankFu.o
                0x0000000000009a54                main
 .text.libgcc.div
                0x0000000000009aec       0x18 /usr/local/lib/gcc/avr/4.9.2/avr5/libgcc.a(_udivmodqi4.o)
                0x0000000000009aec                __udivmodqi4
 .text.libgcc.div
                0x0000000000009b04       0x28 /usr/local/lib/gcc/avr/4.9.2/avr5/libgcc.a(_udivmodhi4.o)
                0x0000000000009b04                __udivmodhi4
 .text.libgcc.div
                0x0000000000009b2c       0x28 /usr/local/lib/gcc/avr/4.9.2/avr5/libgcc.a(_divmodhi4.o)
                0x0000000000009b2c                __divmodhi4
                0x0000000000009b2c                _div
 .text.libgcc   0x0000000000009b54        0xc /usr/local/lib/gcc/avr/4.9.2/avr5/libgcc.a(_tablejump2.o)
                0x0000000000009b54                __tablejump2__
 .text.avr-libc.fplib
                0x0000000000009b60        0xa /usr/local/lib/gcc/avr/4.9.2/../../../../avr/lib/avr5/libm.a(addsf3.o)
                0x0000000000009b60                __subsf3
                0x0000000000009b62                __addsf3
 .text.avr-libc.fplib
                0x0000000000009b6a       0xc0 /usr/local/lib/gcc/avr/4.9.2/../../../../avr/lib/avr5/libm.a(addsf3x.o)
                0x0000000000009b84                __addsf3x
 .text.avr-libc.fplib
                0x0000000000009c2a        0x8 /usr/local/lib/gcc/avr/4.9.2/../../../../avr/lib/avr5/libm.a(cmpsf2.o)
                0x0000000000009c2a                __lesf2
                0x0000000000009c2a                __nesf2
                0x0000000000009c2a                __eqsf2
                0x0000000000009c2a                __cmpsf2
                0x0000000000009c2a                __ltsf2
 .text.avr-libc.fplib
                0x0000000000009c32        0x4 /usr/local/lib/gcc/avr/4.9.2/../../../../avr/lib/avr5/libm.a(divsf3.o)
                0x0000000000009c32                __divsf3
 .text.avr-libc.fplib
                0x0000000000009c36       0xcc /usr/local/lib/gcc/avr/4.9.2/../../../../avr/lib/avr5/libm.a(divsf3x.o)
                0x0000000000009c4c                __divsf3x
                0x0000000000009c50                __divsf3_pse
 .text.avr-libc.fplib
                0x0000000000009d02       0x58 /usr/local/lib/gcc/avr/4.9.2/../../../../avr/lib/avr5/libm.a(fixunssfsi.o)
                0x0000000000009d02                __fixunssfsi
 .text.avr-libc.fplib
                0x0000000000009d5a       0x7a /usr/local/lib/gcc/avr/4.9.2/../../../../avr/lib/avr5/libm.a(floatsisf.o)
                0x0000000000009d5a                __floatunsisf
                0x0000000000009d5e                __floatsisf
 .text.avr-libc.fplib
                0x0000000000009dd4       0x48 /usr/local/lib/gcc/avr/4.9.2/../../../../avr/lib/avr5/libm.a(fp_cmp.o)
                0x0000000000009dd4                __fp_cmp
 .text.avr-libc.fplib
                0x0000000000009e1c        0xc /usr/local/lib/gcc/avr/4.9.2/../../../../avr/lib/avr5/libm.a(fp_inf.o)
                0x0000000000009e1c                __fp_inf
 .text.avr-libc.fplib
                0x0000000000009e28        0x6 /usr/local/lib/gcc/avr/4.9.2/../../../../avr/lib/avr5/libm.a(fp_nan.o)
                0x0000000000009e28                __fp_nan
 .text.avr-libc.fplib
                0x0000000000009e2e        0xe /usr/local/lib/gcc/avr/4.9.2/../../../../avr/lib/avr5/libm.a(fp_pscA.o)
                0x0000000000009e2e                __fp_pscA
 .text.avr-libc.fplib
                0x0000000000009e3c        0xe /usr/local/lib/gcc/avr/4.9.2/../../../../avr/lib/avr5/libm.a(fp_pscB.o)
                0x0000000000009e3c                __fp_pscB
 .text.avr-libc.fplib
                0x0000000000009e4a       0x22 /usr/local/lib/gcc/avr/4.9.2/../../../../avr/lib/avr5/libm.a(fp_round.o)
                0x0000000000009e4a                __fp_round
 .text.avr-libc.fplib
                0x0000000000009e6c       0x44 /usr/local/lib/gcc/avr/4.9.2/../../../../avr/lib/avr5/libm.a(fp_split3.o)
                0x0000000000009e6c                __fp_split3
                0x0000000000009e7c                __fp_splitA
 .text.avr-libc.fplib
                0x0000000000009eb0        0xe /usr/local/lib/gcc/avr/4.9.2/../../../../avr/lib/avr5/libm.a(fp_zero.o)
                0x0000000000009eb0                __fp_zero
                0x0000000000009eb2                __fp_szero
 .text.avr-libc.fplib
                0x0000000000009ebe        0x8 /usr/local/lib/gcc/avr/4.9.2/../../../../avr/lib/avr5/libm.a(gesf2.o)
                0x0000000000009ebe                __gtsf2
                0x0000000000009ebe                __gesf2
 .text.avr-libc.fplib
                0x0000000000009ec6        0x4 /usr/local/lib/gcc/avr/4.9.2/../../../../avr/lib/avr5/libm.a(mulsf3.o)
                0x0000000000009ec6                __mulsf3
 .text.avr-libc.fplib
                0x0000000000009eca       0xc2 /usr/local/lib/gcc/avr/4.9.2/../../../../avr/lib/avr5/libm.a(mulsf3x.o)
                0x0000000000009ede                __mulsf3x
                0x0000000000009ee2                __mulsf3_pse
                0x0000000000009f8c                . = ALIGN (0x2)
 *(.fini9)
 .fini9         0x0000000000009f8c        0x0 /usr/local/lib/gcc/avr/4.9.2/avr5/libgcc.a(_exit.o)
                0x0000000000009f8c                exit
                0x0000000000009f8c                _exit
 *(.fini9)
 *(.fini8)
 *(.fini8)
 *(.fini7)
 *(.fini7)
 *(.fini6)
 *(.fini6)
 *(.fini5)
 *(.fini5)
 *(.fini4)
 *(.fini4)
 *(.fini3)
 *(.fini3)
 *(.fini2)
 *(.fini2)
 *(.fini1)
 *(.fini1)
 *(.fini0)
 .fini0         0x0000000000009f8c        0x4 /usr/local/lib/gcc/avr/4.9.2/avr5/libgcc.a(_exit.o)
 *(.fini0)
                0x0000000000009f90                _etext = .

.data           0x0000000000800100       0x44 load address 0x0000000000009f90
                0x0000000000800100                PROVIDE (__data_start, .)
 *(.data)
 .data          0x0000000000800100        0x1 uzeboxVideoEngine.o
                0x0000000000800100                spritesOn
 .data          0x0000000000800101       0x43 TankFu.o
                0x0000000000800104                scores
                0x0000000000800124                handles
 *(.data*)
 *(.rodata)
 *(.rodata*)
 *(.gnu.linkonce.d*)
                0x0000000000800144                . = ALIGN (0x2)
                0x0000000000800144                _edata = .
                0x0000000000800144                PROVIDE (__data_end, .)

.bss            0x0000000000800144      0xcc7
                0x0000000000800144                PROVIDE (__bss_start, .)
 *(.bss)
 *fill*         0x0000000000800144       0x1c 
 .bss           0x0000000000800160      0x7e0 uzeboxVideoEngineCore.o
                0x0000000000800160                vram
                0x00000000008004a8                sprites
                0x00000000008004a8                overlay_vram
                0x00000000008004d8                ram_tiles
                0x00000000008008d8                ram_tiles_restore
                0x0000000000800908                sprites_tile_banks
                0x0000000000800913                Screen
                0x0000000000800916                sync_phase
                0x0000000000800917                sync_pulse
                0x0000000000800918                sync_flags
                0x000000000080091d                first_render_line
                0x000000000080091e                render_lines_count
                0x000000000080091f                first_render_line_tmp
                0x0000000000800920                render_lines_count_tmp
                0x0000000000800921                joypad1_status_lo
                0x0000000000800923                joypad1_status_hi
                0x0000000000800925                joypad2_status_lo
                0x0000000000800927                joypad2_status_hi
 .bss           0x0000000000800940        0x1 uzeboxSoundEngine.o
                0x0000000000800940                playSong
 .bss           0x0000000000800941       0x23 uzeboxSoundEngineCore.o
                0x0000000000800941                sound_enabled
                0x0000000000800942                mixer
                0x0000000000800955                tr4_params
                0x0000000000800956                tr4_barrel_lo
                0x0000000000800957                tr4_barrel_hi
 .bss           0x0000000000800964       0x12 TankFu.o
                0x0000000000800964                p2s
                0x000000000080096a                p1s
 *(.bss*)
 *(COMMON)
 COMMON         0x0000000000800976        0x1 uzeboxCore.o
                0x0000000000800976                joypadsConnectionStatus
 COMMON         0x0000000000800977       0x7e uzeboxSoundEngine.o
                0x0000000000800977                songStart
                0x0000000000800979                tracks
                0x00000000008009e7                currDeltaTime
                0x00000000008009e9                patchPointers
                0x00000000008009eb                lastStatus
                0x00000000008009ec                masterVolume
                0x00000000008009ed                nextDeltaTime
                0x00000000008009ef                songSpeed
                0x00000000008009f0                songPos
                0x00000000008009f2                loopStart
                0x00000000008009f4                step
 COMMON         0x00000000008009f5        0x6 uzeboxVideoEngine.o
                0x00000000008009f5                fadeSpeed
                0x00000000008009f6                fadeDir
                0x00000000008009f7                free_tile_index
                0x00000000008009f8                fadeActive
                0x00000000008009f9                currFadeFrame
                0x00000000008009fa                fadeStep
 COMMON         0x00000000008009fb      0x410 TankFu.o
                0x00000000008009fb                p2
                0x0000000000800a01                game
                0x0000000000800a05                tile_animations
                0x0000000000800a1e                player1
                0x0000000000800a9a                p1
                0x0000000000800aa0                level
                0x0000000000800d8f                player2
                0x0000000000800e0b                PROVIDE (__bss_end, .)
                0x0000000000009f90                __data_load_start = LOADADDR (.data)
                0x0000000000009fd4                __data_load_end = (__data_load_start + SIZEOF (.data))

.noinit         0x0000000000800e0b        0x0
                0x0000000000800e0b                PROVIDE (__noinit_start, .)
 *(.noinit*)
                0x0000000000800e0b                PROVIDE (__noinit_end, .)
                0x0000000000800e0b                _end = .
                0x0000000000800e0b                PROVIDE (__heap_start, .)

.eeprom         0x0000000000810000        0x0
 *(.eeprom*)
                0x0000000000810000                __eeprom_end = .

.fuse
 *(.fuse)
 *(.lfuse)
 *(.hfuse)
 *(.efuse)

.lock
 *(.lock*)

.signature
 *(.signature*)

.stab           0x0000000000000000      0x618
 *(.stab)
 .stab          0x0000000000000000       0xf0 /usr/local/lib/gcc/avr/4.9.2/avr5/libgcc.a(_udivmodqi4.o)
 .stab          0x00000000000000f0      0x15c /usr/local/lib/gcc/avr/4.9.2/avr5/libgcc.a(_udivmodhi4.o)
                                        0x168 (size before relaxing)
 .stab          0x000000000000024c      0x138 /usr/local/lib/gcc/avr/4.9.2/avr5/libgcc.a(_divmodhi4.o)
                                        0x144 (size before relaxing)
 .stab          0x0000000000000384       0x6c /usr/local/lib/gcc/avr/4.9.2/avr5/libgcc.a(_exit.o)
                                         0x78 (size before relaxing)
 .stab          0x00000000000003f0       0x9c /usr/local/lib/gcc/avr/4.9.2/avr5/libgcc.a(_tablejump2.o)
                                         0xa8 (size before relaxing)
 .stab          0x000000000000048c       0xd8 /usr/local/lib/gcc/avr/4.9.2/avr5/libgcc.a(_copy_data.o)
                                         0xe4 (size before relaxing)
 .stab          0x0000000000000564       0xb4 /usr/local/lib/gcc/avr/4.9.2/avr5/libgcc.a(_clear_bss.o)
                                         0xc0 (size before relaxing)

.stabstr        0x0000000000000000      0x2a5
 *(.stabstr)
 .stabstr       0x0000000000000000      0x2a5 /usr/local/lib/gcc/avr/4.9.2/avr5/libgcc.a(_udivmodqi4.o)

.stab.excl
 *(.stab.excl)

.stab.exclstr
 *(.stab.exclstr)

.stab.index
 *(.stab.index)

.stab.indexstr
 *(.stab.indexstr)

.comment        0x0000000000000000       0x11
 *(.comment)
 .comment       0x0000000000000000       0x11 uzeboxCore.o
                                         0x12 (size before relaxing)
 .comment       0x0000000000000011       0x12 uzeboxSoundEngine.o
 .comment       0x0000000000000011       0x12 uzeboxVideoEngine.o
 .comment       0x0000000000000011       0x12 TankFu.o

.note.gnu.build-id
 *(.note.gnu.build-id)

.debug
 *(.debug)

.line
 *(.line)

.debug_srcinfo
 *(.debug_srcinfo)

.debug_sfnames
 *(.debug_sfnames)

.debug_aranges  0x0000000000000000      0x558
 *(.debug_aranges)
 .debug_aranges
                0x0000000000000000       0xd0 uzeboxVideoEngineCore.o
 .debug_aranges
                0x00000000000000d0       0x80 uzeboxCore.o
 .debug_aranges
                0x0000000000000150       0xe8 uzeboxSoundEngine.o
 .debug_aranges
                0x0000000000000238       0x50 uzeboxSoundEngineCore.o
 .debug_aranges
                0x0000000000000288       0xf8 uzeboxVideoEngine.o
 .debug_aranges
                0x0000000000000380      0x1d8 TankFu.o

.debug_pubnames
 *(.debug_pubnames)

.debug_info     0x0000000000000000     0x7bca
 *(.debug_info .gnu.linkonce.wi.*)
 .debug_info    0x0000000000000000      0x672 /usr/local/lib/gcc/avr/4.9.2/../../../../avr/lib/avr5/crtm644.o
 .debug_info    0x0000000000000672       0x7d uzeboxVideoEngineCore.o
 .debug_info    0x00000000000006ef      0x9eb uzeboxCore.o
 .debug_info    0x00000000000010da     0x127a uzeboxSoundEngine.o
 .debug_info    0x0000000000002354       0x74 uzeboxSoundEngineCore.o
 .debug_info    0x00000000000023c8     0x12c5 uzeboxVideoEngine.o
 .debug_info    0x000000000000368d     0x453d TankFu.o

.debug_abbrev   0x0000000000000000     0x1508
 *(.debug_abbrev)
 .debug_abbrev  0x0000000000000000      0x619 /usr/local/lib/gcc/avr/4.9.2/../../../../avr/lib/avr5/crtm644.o
 .debug_abbrev  0x0000000000000619       0x12 uzeboxVideoEngineCore.o
 .debug_abbrev  0x000000000000062b      0x2e6 uzeboxCore.o
 .debug_abbrev  0x0000000000000911      0x307 uzeboxSoundEngine.o
 .debug_abbrev  0x0000000000000c18       0x12 uzeboxSoundEngineCore.o
 .debug_abbrev  0x0000000000000c2a      0x3a7 uzeboxVideoEngine.o
 .debug_abbrev  0x0000000000000fd1      0x537 TankFu.o

.debug_line     0x0000000000000000     0x1b3c
 *(.debug_line .debug_line.* .debug_line_end)
 .debug_line    0x0000000000000000       0x1d /usr/local/lib/gcc/avr/4.9.2/../../../../avr/lib/avr5/crtm644.o
 .debug_line    0x000000000000001d      0x47a uzeboxVideoEngineCore.o
 .debug_line    0x0000000000000497      0x287 uzeboxCore.o
 .debug_line    0x000000000000071e      0x3a6 uzeboxSoundEngine.o
 .debug_line    0x0000000000000ac4      0x1a8 uzeboxSoundEngineCore.o
 .debug_line    0x0000000000000c6c      0x472 uzeboxVideoEngine.o
 .debug_line    0x00000000000010de      0xa5e TankFu.o

.debug_frame    0x0000000000000000     0x11a4
 *(.debug_frame)
 .debug_frame   0x0000000000000000      0x174 uzeboxCore.o
 .debug_frame   0x0000000000000174      0x258 uzeboxSoundEngine.o
 .debug_frame   0x00000000000003cc      0x4c0 uzeboxVideoEngine.o
 .debug_frame   0x000000000000088c      0x918 TankFu.o

.debug_str      0x0000000000000000     0x18b3
 *(.debug_str)
 .debug_str     0x0000000000000000      0x231 /usr/local/lib/gcc/avr/4.9.2/../../../../avr/lib/avr5/crtm644.o
 .debug_str     0x0000000000000231      0x496 uzeboxCore.o
                                        0x4e6 (size before relaxing)
 .debug_str     0x00000000000006c7      0x3c9 uzeboxSoundEngine.o
                                        0x60c (size before relaxing)
 .debug_str     0x0000000000000a90      0x286 uzeboxVideoEngine.o
                                        0x401 (size before relaxing)
 .debug_str     0x0000000000000d16      0xb9d TankFu.o
                                        0xef2 (size before relaxing)

.debug_loc      0x0000000000000000     0x6da7
 *(.debug_loc)
 .debug_loc     0x0000000000000000      0x85c uzeboxCore.o
 .debug_loc     0x000000000000085c     0x119f uzeboxSoundEngine.o
 .debug_loc     0x00000000000019fb     0x1d49 uzeboxVideoEngine.o
 .debug_loc     0x0000000000003744     0x3663 TankFu.o

.debug_macinfo
 *(.debug_macinfo)

.debug_weaknames
 *(.debug_weaknames)

.debug_funcnames
 *(.debug_funcnames)

.debug_typenames
 *(.debug_typenames)

.debug_varnames
 *(.debug_varnames)

.debug_pubtypes
 *(.debug_pubtypes)

.debug_ranges   0x0000000000000000      0x5f8
 *(.debug_ranges)
 .debug_ranges  0x0000000000000000       0xc8 uzeboxVideoEngineCore.o
 .debug_ranges  0x00000000000000c8       0x70 uzeboxCore.o
 .debug_ranges  0x0000000000000138      0x120 uzeboxSoundEngine.o
 .debug_ranges  0x0000000000000258       0x48 uzeboxSoundEngineCore.o
 .debug_ranges  0x00000000000002a0      0x130 uzeboxVideoEngine.o
 .debug_ranges  0x00000000000003d0      0x228 TankFu.o

.debug_macro
 *(.debug_macro)
OUTPUT(TankFu.elf elf32-avr)
LOAD linker stubs
