Archive member included to satisfy reference by file (symbol)

/usr/local/lib/gcc/avr/4.9.2/avr5/libgcc.a(_udivmodqi4.o)
                              uzeboxVideoEngine.o (__udivmodqi4)
/usr/local/lib/gcc/avr/4.9.2/avr5/libgcc.a(_udivmodhi4.o)
                              uzeboxVideoEngine.o (__udivmodhi4)
/usr/local/lib/gcc/avr/4.9.2/avr5/libgcc.a(_divmodhi4.o)
                              uzeboxSoundEngine.o (__divmodhi4)
/usr/local/lib/gcc/avr/4.9.2/avr5/libgcc.a(_udivmodsi4.o)
                              uzeboxVideoEngine.o (__udivmodsi4)
/usr/local/lib/gcc/avr/4.9.2/avr5/libgcc.a(_exit.o)
                              /usr/local/lib/gcc/avr/4.9.2/../../../../avr/lib/avr5/crtm644.o (exit)
/usr/local/lib/gcc/avr/4.9.2/avr5/libgcc.a(_tablejump2.o)
                              TankFu.o (__tablejump2__)
/usr/local/lib/gcc/avr/4.9.2/avr5/libgcc.a(_copy_data.o)
                              uzeboxVideoEngine.o (__do_copy_data)
/usr/local/lib/gcc/avr/4.9.2/avr5/libgcc.a(_clear_bss.o)
                              uzeboxCore.o (__do_clear_bss)
/usr/local/lib/gcc/avr/4.9.2/../../../../avr/lib/avr5/libm.a(addsf3.o)
                              TankFu.o (__subsf3)
/usr/local/lib/gcc/avr/4.9.2/../../../../avr/lib/avr5/libm.a(addsf3x.o)
                              /usr/local/lib/gcc/avr/4.9.2/../../../../avr/lib/avr5/libm.a(addsf3.o) (__addsf3x)
/usr/local/lib/gcc/avr/4.9.2/../../../../avr/lib/avr5/libm.a(cmpsf2.o)
                              TankFu.o (__eqsf2)
/usr/local/lib/gcc/avr/4.9.2/../../../../avr/lib/avr5/libm.a(divsf3.o)
                              TankFu.o (__divsf3)
/usr/local/lib/gcc/avr/4.9.2/../../../../avr/lib/avr5/libm.a(divsf3x.o)
                              /usr/local/lib/gcc/avr/4.9.2/../../../../avr/lib/avr5/libm.a(divsf3.o) (__divsf3x)
/usr/local/lib/gcc/avr/4.9.2/../../../../avr/lib/avr5/libm.a(fixunssfsi.o)
                              TankFu.o (__fixunssfsi)
/usr/local/lib/gcc/avr/4.9.2/../../../../avr/lib/avr5/libm.a(floatsisf.o)
                              TankFu.o (__floatunsisf)
/usr/local/lib/gcc/avr/4.9.2/../../../../avr/lib/avr5/libm.a(fp_cmp.o)
                              /usr/local/lib/gcc/avr/4.9.2/../../../../avr/lib/avr5/libm.a(cmpsf2.o) (__fp_cmp)
/usr/local/lib/gcc/avr/4.9.2/../../../../avr/lib/avr5/libm.a(fp_inf.o)
                              /usr/local/lib/gcc/avr/4.9.2/../../../../avr/lib/avr5/libm.a(addsf3x.o) (__fp_inf)
/usr/local/lib/gcc/avr/4.9.2/../../../../avr/lib/avr5/libm.a(fp_nan.o)
                              /usr/local/lib/gcc/avr/4.9.2/../../../../avr/lib/avr5/libm.a(addsf3x.o) (__fp_nan)
/usr/local/lib/gcc/avr/4.9.2/../../../../avr/lib/avr5/libm.a(fp_pscA.o)
                              /usr/local/lib/gcc/avr/4.9.2/../../../../avr/lib/avr5/libm.a(addsf3x.o) (__fp_pscA)
/usr/local/lib/gcc/avr/4.9.2/../../../../avr/lib/avr5/libm.a(fp_pscB.o)
                              /usr/local/lib/gcc/avr/4.9.2/../../../../avr/lib/avr5/libm.a(addsf3x.o) (__fp_pscB)
/usr/local/lib/gcc/avr/4.9.2/../../../../avr/lib/avr5/libm.a(fp_round.o)
                              /usr/local/lib/gcc/avr/4.9.2/../../../../avr/lib/avr5/libm.a(addsf3.o) (__fp_round)
/usr/local/lib/gcc/avr/4.9.2/../../../../avr/lib/avr5/libm.a(fp_split3.o)
                              /usr/local/lib/gcc/avr/4.9.2/../../../../avr/lib/avr5/libm.a(addsf3x.o) (__fp_split3)
/usr/local/lib/gcc/avr/4.9.2/../../../../avr/lib/avr5/libm.a(fp_zero.o)
                              /usr/local/lib/gcc/avr/4.9.2/../../../../avr/lib/avr5/libm.a(addsf3x.o) (__fp_zero)
/usr/local/lib/gcc/avr/4.9.2/../../../../avr/lib/avr5/libm.a(gesf2.o)
                              TankFu.o (__gtsf2)
/usr/local/lib/gcc/avr/4.9.2/../../../../avr/lib/avr5/libm.a(mulsf3.o)
                              TankFu.o (__mulsf3)
/usr/local/lib/gcc/avr/4.9.2/../../../../avr/lib/avr5/libm.a(mulsf3x.o)
                              /usr/local/lib/gcc/avr/4.9.2/../../../../avr/lib/avr5/libm.a(mulsf3.o) (__mulsf3x)

Allocating common symbols
Common symbol       size              file

songStart           0x2               uzeboxSoundEngine.o
tracks              0x58              uzeboxSoundEngine.o
fadeSpeed           0x1               uzeboxVideoEngine.o
p2                  0x6               TankFu.o
currDeltaTime       0x2               uzeboxSoundEngine.o
fadeDir             0x1               uzeboxVideoEngine.o
patchPointers       0x2               uzeboxSoundEngine.o
game                0x7               TankFu.o
lastStatus          0x1               uzeboxSoundEngine.o
joypadsConnectionStatus
                    0x1               uzeboxCore.o
free_tile_index     0x1               uzeboxVideoEngine.o
player1             0x83              TankFu.o
fadeActive          0x1               uzeboxVideoEngine.o
p1                  0x6               TankFu.o
masterVolume        0x1               uzeboxSoundEngine.o
nextDeltaTime       0x2               uzeboxSoundEngine.o
songSpeed           0x1               uzeboxSoundEngine.o
songPos             0x2               uzeboxSoundEngine.o
level               0x2ef             TankFu.o
player2             0x83              TankFu.o
loopStart           0x2               uzeboxSoundEngine.o
step                0x1               uzeboxSoundEngine.o
currFadeFrame       0x1               uzeboxVideoEngine.o
fadeStep            0x1               uzeboxVideoEngine.o

Discarded input sections

 .data          0x0000000000000000        0x0 /usr/local/lib/gcc/avr/4.9.2/../../../../avr/lib/avr5/crtm644.o
 .bss           0x0000000000000000        0x0 /usr/local/lib/gcc/avr/4.9.2/../../../../avr/lib/avr5/crtm644.o
 .data          0x0000000000000000        0x0 uzeboxVideoEngineCore.o
 .text.SetSpritesTileBank
                0x0000000000000000       0x12 uzeboxVideoEngineCore.o
 .text.GetTile  0x0000000000000000       0x1e uzeboxVideoEngineCore.o
 .text.WaitUs   0x0000000000000000        0xe uzeboxVideoEngineCore.o
 .text.SetUserPreVsyncCallback
                0x0000000000000000        0xa uzeboxVideoEngineCore.o
 .text.SetUserPostVsyncCallback
                0x0000000000000000        0xa uzeboxVideoEngineCore.o
 .text.IsRunningInEmulator
                0x0000000000000000       0x12 uzeboxVideoEngineCore.o
 .text.WaitClocks
                0x0000000000000000        0x6 uzeboxVideoEngineCore.o
 .text.SetLedOn
                0x0000000000000000        0x4 uzeboxVideoEngineCore.o
 .text.SetLedOff
                0x0000000000000000        0x4 uzeboxVideoEngineCore.o
 .text.ToggleLed
                0x0000000000000000        0x4 uzeboxVideoEngineCore.o
 .text.internal_spi_byte
                0x0000000000000000        0xe uzeboxVideoEngineCore.o
 .text          0x0000000000000000        0x0 uzeboxCore.o
 .data          0x0000000000000000        0x0 uzeboxCore.o
 .bss           0x0000000000000000        0x0 uzeboxCore.o
 .text.SetRenderingParameters
                0x0000000000000000        0xa uzeboxCore.o
 .text.DetectControllers
                0x0000000000000000       0x36 uzeboxCore.o
 .text.FormatEeprom2
                0x0000000000000000       0x98 uzeboxCore.o
 .text.ReadPowerSwitch
                0x0000000000000000        0xe uzeboxCore.o
 .text          0x0000000000000000        0x0 uzeboxSoundEngine.o
 .data          0x0000000000000000        0x0 uzeboxSoundEngine.o
 .text.StartSong
                0x0000000000000000       0x4e uzeboxSoundEngine.o
 .text.ResumeSong
                0x0000000000000000        0x8 uzeboxSoundEngine.o
 .text.SetSongSpeed
                0x0000000000000000        0x6 uzeboxSoundEngine.o
 .text.GetSongSpeed
                0x0000000000000000        0x6 uzeboxSoundEngine.o
 .text.GetMasterVolume
                0x0000000000000000        0x6 uzeboxSoundEngine.o
 .data          0x0000000000000000        0x0 uzeboxSoundEngineCore.o
 .text.SetMixerNoiseParams
                0x0000000000000000       0x10 uzeboxSoundEngineCore.o
 .text.SetMixerVolume
                0x0000000000000000       0x16 uzeboxSoundEngineCore.o
 .text.EnableSoundEngine
                0x0000000000000000        0x8 uzeboxSoundEngineCore.o
 .text          0x0000000000000000        0x0 uzeboxVideoEngine.o
 .bss           0x0000000000000000        0x0 uzeboxVideoEngine.o
 .text.MapSprite
                0x0000000000000000       0x80 uzeboxVideoEngine.o
 .text.DrawMap  0x0000000000000000       0x98 uzeboxVideoEngine.o
 .text.PrintLong
                0x0000000000000000       0x8a uzeboxVideoEngine.o
 .text.PrintInt
                0x0000000000000000       0x70 uzeboxVideoEngine.o
 .text.PrintBinaryByte
                0x0000000000000000       0x36 uzeboxVideoEngine.o
 .text.PrintHexByte
                0x0000000000000000       0x40 uzeboxVideoEngine.o
 .text.PrintHexInt
                0x0000000000000000       0x24 uzeboxVideoEngine.o
 .text.PrintHexLong
                0x0000000000000000       0x5e uzeboxVideoEngine.o
 .text.PrintRam
                0x0000000000000000       0x36 uzeboxVideoEngine.o
 .text.Fill     0x0000000000000000       0x6e uzeboxVideoEngine.o
 .text.FontFill
                0x0000000000000000       0x6c uzeboxVideoEngine.o
 .text          0x0000000000000000        0x0 TankFu.o
 .text.save_eeprom
                0x0000000000000000        0x4 TankFu.o
 .text          0x0000000000000000        0x0 /usr/local/lib/gcc/avr/4.9.2/avr5/libgcc.a(_udivmodqi4.o)
 .data          0x0000000000000000        0x0 /usr/local/lib/gcc/avr/4.9.2/avr5/libgcc.a(_udivmodqi4.o)
 .bss           0x0000000000000000        0x0 /usr/local/lib/gcc/avr/4.9.2/avr5/libgcc.a(_udivmodqi4.o)
 .text.libgcc.mul
                0x0000000000000000        0x0 /usr/local/lib/gcc/avr/4.9.2/avr5/libgcc.a(_udivmodqi4.o)
 .text.libgcc   0x0000000000000000        0x0 /usr/local/lib/gcc/avr/4.9.2/avr5/libgcc.a(_udivmodqi4.o)
 .text.libgcc.prologue
                0x0000000000000000        0x0 /usr/local/lib/gcc/avr/4.9.2/avr5/libgcc.a(_udivmodqi4.o)
 .text.libgcc.builtins
                0x0000000000000000        0x0 /usr/local/lib/gcc/avr/4.9.2/avr5/libgcc.a(_udivmodqi4.o)
 .text.libgcc.fmul
                0x0000000000000000        0x0 /usr/local/lib/gcc/avr/4.9.2/avr5/libgcc.a(_udivmodqi4.o)
 .text.libgcc.fixed
                0x0000000000000000        0x0 /usr/local/lib/gcc/avr/4.9.2/avr5/libgcc.a(_udivmodqi4.o)
 .text          0x0000000000000000        0x0 /usr/local/lib/gcc/avr/4.9.2/avr5/libgcc.a(_udivmodhi4.o)
 .data          0x0000000000000000        0x0 /usr/local/lib/gcc/avr/4.9.2/avr5/libgcc.a(_udivmodhi4.o)
 .bss           0x0000000000000000        0x0 /usr/local/lib/gcc/avr/4.9.2/avr5/libgcc.a(_udivmodhi4.o)
 .text.libgcc.mul
                0x0000000000000000        0x0 /usr/local/lib/gcc/avr/4.9.2/avr5/libgcc.a(_udivmodhi4.o)
 .text.libgcc   0x0000000000000000        0x0 /usr/local/lib/gcc/avr/4.9.2/avr5/libgcc.a(_udivmodhi4.o)
 .text.libgcc.prologue
                0x0000000000000000        0x0 /usr/local/lib/gcc/avr/4.9.2/avr5/libgcc.a(_udivmodhi4.o)
 .text.libgcc.builtins
                0x0000000000000000        0x0 /usr/local/lib/gcc/avr/4.9.2/avr5/libgcc.a(_udivmodhi4.o)
 .text.libgcc.fmul
                0x0000000000000000        0x0 /usr/local/lib/gcc/avr/4.9.2/avr5/libgcc.a(_udivmodhi4.o)
 .text.libgcc.fixed
                0x0000000000000000        0x0 /usr/local/lib/gcc/avr/4.9.2/avr5/libgcc.a(_udivmodhi4.o)
 .text          0x0000000000000000        0x0 /usr/local/lib/gcc/avr/4.9.2/avr5/libgcc.a(_divmodhi4.o)
 .data          0x0000000000000000        0x0 /usr/local/lib/gcc/avr/4.9.2/avr5/libgcc.a(_divmodhi4.o)
 .bss           0x0000000000000000        0x0 /usr/local/lib/gcc/avr/4.9.2/avr5/libgcc.a(_divmodhi4.o)
 .text.libgcc.mul
                0x0000000000000000        0x0 /usr/local/lib/gcc/avr/4.9.2/avr5/libgcc.a(_divmodhi4.o)
 .text.libgcc   0x0000000000000000        0x0 /usr/local/lib/gcc/avr/4.9.2/avr5/libgcc.a(_divmodhi4.o)
 .text.libgcc.prologue
                0x0000000000000000        0x0 /usr/local/lib/gcc/avr/4.9.2/avr5/libgcc.a(_divmodhi4.o)
 .text.libgcc.builtins
                0x0000000000000000        0x0 /usr/local/lib/gcc/avr/4.9.2/avr5/libgcc.a(_divmodhi4.o)
 .text.libgcc.fmul
                0x0000000000000000        0x0 /usr/local/lib/gcc/avr/4.9.2/avr5/libgcc.a(_divmodhi4.o)
 .text.libgcc.fixed
                0x0000000000000000        0x0 /usr/local/lib/gcc/avr/4.9.2/avr5/libgcc.a(_divmodhi4.o)
 .text          0x0000000000000000        0x0 /usr/local/lib/gcc/avr/4.9.2/avr5/libgcc.a(_udivmodsi4.o)
 .data          0x0000000000000000        0x0 /usr/local/lib/gcc/avr/4.9.2/avr5/libgcc.a(_udivmodsi4.o)
 .bss           0x0000000000000000        0x0 /usr/local/lib/gcc/avr/4.9.2/avr5/libgcc.a(_udivmodsi4.o)
 .stab          0x0000000000000000      0x228 /usr/local/lib/gcc/avr/4.9.2/avr5/libgcc.a(_udivmodsi4.o)
                                        0x234 (size before relaxing)
 .text.libgcc.mul
                0x0000000000000000        0x0 /usr/local/lib/gcc/avr/4.9.2/avr5/libgcc.a(_udivmodsi4.o)
 .text.libgcc.div
                0x0000000000000000       0x44 /usr/local/lib/gcc/avr/4.9.2/avr5/libgcc.a(_udivmodsi4.o)
 .text.libgcc   0x0000000000000000        0x0 /usr/local/lib/gcc/avr/4.9.2/avr5/libgcc.a(_udivmodsi4.o)
 .text.libgcc.prologue
                0x0000000000000000        0x0 /usr/local/lib/gcc/avr/4.9.2/avr5/libgcc.a(_udivmodsi4.o)
 .text.libgcc.builtins
                0x0000000000000000        0x0 /usr/local/lib/gcc/avr/4.9.2/avr5/libgcc.a(_udivmodsi4.o)
 .text.libgcc.fmul
                0x0000000000000000        0x0 /usr/local/lib/gcc/avr/4.9.2/avr5/libgcc.a(_udivmodsi4.o)
 .text.libgcc.fixed
                0x0000000000000000        0x0 /usr/local/lib/gcc/avr/4.9.2/avr5/libgcc.a(_udivmodsi4.o)
 .text          0x0000000000000000        0x0 /usr/local/lib/gcc/avr/4.9.2/avr5/libgcc.a(_exit.o)
 .data          0x0000000000000000        0x0 /usr/local/lib/gcc/avr/4.9.2/avr5/libgcc.a(_exit.o)
 .bss           0x0000000000000000        0x0 /usr/local/lib/gcc/avr/4.9.2/avr5/libgcc.a(_exit.o)
 .text.libgcc.mul
                0x0000000000000000        0x0 /usr/local/lib/gcc/avr/4.9.2/avr5/libgcc.a(_exit.o)
 .text.libgcc.div
                0x0000000000000000        0x0 /usr/local/lib/gcc/avr/4.9.2/avr5/libgcc.a(_exit.o)
 .text.libgcc   0x0000000000000000        0x0 /usr/local/lib/gcc/avr/4.9.2/avr5/libgcc.a(_exit.o)
 .text.libgcc.prologue
                0x0000000000000000        0x0 /usr/local/lib/gcc/avr/4.9.2/avr5/libgcc.a(_exit.o)
 .text.libgcc.builtins
                0x0000000000000000        0x0 /usr/local/lib/gcc/avr/4.9.2/avr5/libgcc.a(_exit.o)
 .text.libgcc.fmul
                0x0000000000000000        0x0 /usr/local/lib/gcc/avr/4.9.2/avr5/libgcc.a(_exit.o)
 .text.libgcc.fixed
                0x0000000000000000        0x0 /usr/local/lib/gcc/avr/4.9.2/avr5/libgcc.a(_exit.o)
 .text          0x0000000000000000        0x0 /usr/local/lib/gcc/avr/4.9.2/avr5/libgcc.a(_tablejump2.o)
 .data          0x0000000000000000        0x0 /usr/local/lib/gcc/avr/4.9.2/avr5/libgcc.a(_tablejump2.o)
 .bss           0x0000000000000000        0x0 /usr/local/lib/gcc/avr/4.9.2/avr5/libgcc.a(_tablejump2.o)
 .text.libgcc.mul
                0x0000000000000000        0x0 /usr/local/lib/gcc/avr/4.9.2/avr5/libgcc.a(_tablejump2.o)
 .text.libgcc.div
                0x0000000000000000        0x0 /usr/local/lib/gcc/avr/4.9.2/avr5/libgcc.a(_tablejump2.o)
 .text.libgcc.prologue
                0x0000000000000000        0x0 /usr/local/lib/gcc/avr/4.9.2/avr5/libgcc.a(_tablejump2.o)
 .text.libgcc.builtins
                0x0000000000000000        0x0 /usr/local/lib/gcc/avr/4.9.2/avr5/libgcc.a(_tablejump2.o)
 .text.libgcc.fmul
                0x0000000000000000        0x0 /usr/local/lib/gcc/avr/4.9.2/avr5/libgcc.a(_tablejump2.o)
 .text.libgcc.fixed
                0x0000000000000000        0x0 /usr/local/lib/gcc/avr/4.9.2/avr5/libgcc.a(_tablejump2.o)
 .text          0x0000000000000000        0x0 /usr/local/lib/gcc/avr/4.9.2/avr5/libgcc.a(_copy_data.o)
 .data          0x0000000000000000        0x0 /usr/local/lib/gcc/avr/4.9.2/avr5/libgcc.a(_copy_data.o)
 .bss           0x0000000000000000        0x0 /usr/local/lib/gcc/avr/4.9.2/avr5/libgcc.a(_copy_data.o)
 .text.libgcc.mul
                0x0000000000000000        0x0 /usr/local/lib/gcc/avr/4.9.2/avr5/libgcc.a(_copy_data.o)
 .text.libgcc.div
                0x0000000000000000        0x0 /usr/local/lib/gcc/avr/4.9.2/avr5/libgcc.a(_copy_data.o)
 .text.libgcc   0x0000000000000000        0x0 /usr/local/lib/gcc/avr/4.9.2/avr5/libgcc.a(_copy_data.o)
 .text.libgcc.prologue
                0x0000000000000000        0x0 /usr/local/lib/gcc/avr/4.9.2/avr5/libgcc.a(_copy_data.o)
 .text.libgcc.builtins
                0x0000000000000000        0x0 /usr/local/lib/gcc/avr/4.9.2/avr5/libgcc.a(_copy_data.o)
 .text.libgcc.fmul
                0x0000000000000000        0x0 /usr/local/lib/gcc/avr/4.9.2/avr5/libgcc.a(_copy_data.o)
 .text.libgcc.fixed
                0x0000000000000000        0x0 /usr/local/lib/gcc/avr/4.9.2/avr5/libgcc.a(_copy_data.o)
 .text          0x0000000000000000        0x0 /usr/local/lib/gcc/avr/4.9.2/avr5/libgcc.a(_clear_bss.o)
 .data          0x0000000000000000        0x0 /usr/local/lib/gcc/avr/4.9.2/avr5/libgcc.a(_clear_bss.o)
 .bss           0x0000000000000000        0x0 /usr/local/lib/gcc/avr/4.9.2/avr5/libgcc.a(_clear_bss.o)
 .text.libgcc.mul
                0x0000000000000000        0x0 /usr/local/lib/gcc/avr/4.9.2/avr5/libgcc.a(_clear_bss.o)
 .text.libgcc.div
                0x0000000000000000        0x0 /usr/local/lib/gcc/avr/4.9.2/avr5/libgcc.a(_clear_bss.o)
 .text.libgcc   0x0000000000000000        0x0 /usr/local/lib/gcc/avr/4.9.2/avr5/libgcc.a(_clear_bss.o)
 .text.libgcc.prologue
                0x0000000000000000        0x0 /usr/local/lib/gcc/avr/4.9.2/avr5/libgcc.a(_clear_bss.o)
 .text.libgcc.builtins
                0x0000000000000000        0x0 /usr/local/lib/gcc/avr/4.9.2/avr5/libgcc.a(_clear_bss.o)
 .text.libgcc.fmul
                0x0000000000000000        0x0 /usr/local/lib/gcc/avr/4.9.2/avr5/libgcc.a(_clear_bss.o)
 .text.libgcc.fixed
                0x0000000000000000        0x0 /usr/local/lib/gcc/avr/4.9.2/avr5/libgcc.a(_clear_bss.o)
 .text          0x0000000000000000        0x0 /usr/local/lib/gcc/avr/4.9.2/../../../../avr/lib/avr5/libm.a(addsf3.o)
 .data          0x0000000000000000        0x0 /usr/local/lib/gcc/avr/4.9.2/../../../../avr/lib/avr5/libm.a(addsf3.o)
 .bss           0x0000000000000000        0x0 /usr/local/lib/gcc/avr/4.9.2/../../../../avr/lib/avr5/libm.a(addsf3.o)
 .text          0x0000000000000000        0x0 /usr/local/lib/gcc/avr/4.9.2/../../../../avr/lib/avr5/libm.a(addsf3x.o)
 .data          0x0000000000000000        0x0 /usr/local/lib/gcc/avr/4.9.2/../../../../avr/lib/avr5/libm.a(addsf3x.o)
 .bss           0x0000000000000000        0x0 /usr/local/lib/gcc/avr/4.9.2/../../../../avr/lib/avr5/libm.a(addsf3x.o)
 .text          0x0000000000000000        0x0 /usr/local/lib/gcc/avr/4.9.2/../../../../avr/lib/avr5/libm.a(cmpsf2.o)
 .data          0x0000000000000000        0x0 /usr/local/lib/gcc/avr/4.9.2/../../../../avr/lib/avr5/libm.a(cmpsf2.o)
 .bss           0x0000000000000000        0x0 /usr/local/lib/gcc/avr/4.9.2/../../../../avr/lib/avr5/libm.a(cmpsf2.o)
 .text          0x0000000000000000        0x0 /usr/local/lib/gcc/avr/4.9.2/../../../../avr/lib/avr5/libm.a(divsf3.o)
 .data          0x0000000000000000        0x0 /usr/local/lib/gcc/avr/4.9.2/../../../../avr/lib/avr5/libm.a(divsf3.o)
 .bss           0x0000000000000000        0x0 /usr/local/lib/gcc/avr/4.9.2/../../../../avr/lib/avr5/libm.a(divsf3.o)
 .text          0x0000000000000000        0x0 /usr/local/lib/gcc/avr/4.9.2/../../../../avr/lib/avr5/libm.a(divsf3x.o)
 .data          0x0000000000000000        0x0 /usr/local/lib/gcc/avr/4.9.2/../../../../avr/lib/avr5/libm.a(divsf3x.o)
 .bss           0x0000000000000000        0x0 /usr/local/lib/gcc/avr/4.9.2/../../../../avr/lib/avr5/libm.a(divsf3x.o)
 .text          0x0000000000000000        0x0 /usr/local/lib/gcc/avr/4.9.2/../../../../avr/lib/avr5/libm.a(fixunssfsi.o)
 .data          0x0000000000000000        0x0 /usr/local/lib/gcc/avr/4.9.2/../../../../avr/lib/avr5/libm.a(fixunssfsi.o)
 .bss           0x0000000000000000        0x0 /usr/local/lib/gcc/avr/4.9.2/../../../../avr/lib/avr5/libm.a(fixunssfsi.o)
 .text          0x0000000000000000        0x0 /usr/local/lib/gcc/avr/4.9.2/../../../../avr/lib/avr5/libm.a(floatsisf.o)
 .data          0x0000000000000000        0x0 /usr/local/lib/gcc/avr/4.9.2/../../../../avr/lib/avr5/libm.a(floatsisf.o)
 .bss           0x0000000000000000        0x0 /usr/local/lib/gcc/avr/4.9.2/../../../../avr/lib/avr5/libm.a(floatsisf.o)
 .text          0x0000000000000000        0x0 /usr/local/lib/gcc/avr/4.9.2/../../../../avr/lib/avr5/libm.a(fp_cmp.o)
 .data          0x0000000000000000        0x0 /usr/local/lib/gcc/avr/4.9.2/../../../../avr/lib/avr5/libm.a(fp_cmp.o)
 .bss           0x0000000000000000        0x0 /usr/local/lib/gcc/avr/4.9.2/../../../../avr/lib/avr5/libm.a(fp_cmp.o)
 .text          0x0000000000000000        0x0 /usr/local/lib/gcc/avr/4.9.2/../../../../avr/lib/avr5/libm.a(fp_inf.o)
 .data          0x0000000000000000        0x0 /usr/local/lib/gcc/avr/4.9.2/../../../../avr/lib/avr5/libm.a(fp_inf.o)
 .bss           0x0000000000000000        0x0 /usr/local/lib/gcc/avr/4.9.2/../../../../avr/lib/avr5/libm.a(fp_inf.o)
 .text          0x0000000000000000        0x0 /usr/local/lib/gcc/avr/4.9.2/../../../../avr/lib/avr5/libm.a(fp_nan.o)
 .data          0x0000000000000000        0x0 /usr/local/lib/gcc/avr/4.9.2/../../../../avr/lib/avr5/libm.a(fp_nan.o)
 .bss           0x0000000000000000        0x0 /usr/local/lib/gcc/avr/4.9.2/../../../../avr/lib/avr5/libm.a(fp_nan.o)
 .text          0x0000000000000000        0x0 /usr/local/lib/gcc/avr/4.9.2/../../../../avr/lib/avr5/libm.a(fp_pscA.o)
 .data          0x0000000000000000        0x0 /usr/local/lib/gcc/avr/4.9.2/../../../../avr/lib/avr5/libm.a(fp_pscA.o)
 .bss           0x0000000000000000        0x0 /usr/local/lib/gcc/avr/4.9.2/../../../../avr/lib/avr5/libm.a(fp_pscA.o)
 .text          0x0000000000000000        0x0 /usr/local/lib/gcc/avr/4.9.2/../../../../avr/lib/avr5/libm.a(fp_pscB.o)
 .data          0x0000000000000000        0x0 /usr/local/lib/gcc/avr/4.9.2/../../../../avr/lib/avr5/libm.a(fp_pscB.o)
 .bss           0x0000000000000000        0x0 /usr/local/lib/gcc/avr/4.9.2/../../../../avr/lib/avr5/libm.a(fp_pscB.o)
 .text          0x0000000000000000        0x0 /usr/local/lib/gcc/avr/4.9.2/../../../../avr/lib/avr5/libm.a(fp_round.o)
 .data          0x0000000000000000        0x0 /usr/local/lib/gcc/avr/4.9.2/../../../../avr/lib/avr5/libm.a(fp_round.o)
 .bss           0x0000000000000000        0x0 /usr/local/lib/gcc/avr/4.9.2/../../../../avr/lib/avr5/libm.a(fp_round.o)
 .text          0x0000000000000000        0x0 /usr/local/lib/gcc/avr/4.9.2/../../../../avr/lib/avr5/libm.a(fp_split3.o)
 .data          0x0000000000000000        0x0 /usr/local/lib/gcc/avr/4.9.2/../../../../avr/lib/avr5/libm.a(fp_split3.o)
 .bss           0x0000000000000000        0x0 /usr/local/lib/gcc/avr/4.9.2/../../../../avr/lib/avr5/libm.a(fp_split3.o)
 .text          0x0000000000000000        0x0 /usr/local/lib/gcc/avr/4.9.2/../../../../avr/lib/avr5/libm.a(fp_zero.o)
 .data          0x0000000000000000        0x0 /usr/local/lib/gcc/avr/4.9.2/../../../../avr/lib/avr5/libm.a(fp_zero.o)
 .bss           0x0000000000000000        0x0 /usr/local/lib/gcc/avr/4.9.2/../../../../avr/lib/avr5/libm.a(fp_zero.o)
 .text          0x0000000000000000        0x0 /usr/local/lib/gcc/avr/4.9.2/../../../../avr/lib/avr5/libm.a(gesf2.o)
 .data          0x0000000000000000        0x0 /usr/local/lib/gcc/avr/4.9.2/../../../../avr/lib/avr5/libm.a(gesf2.o)
 .bss           0x0000000000000000        0x0 /usr/local/lib/gcc/avr/4.9.2/../../../../avr/lib/avr5/libm.a(gesf2.o)
 .text          0x0000000000000000        0x0 /usr/local/lib/gcc/avr/4.9.2/../../../../avr/lib/avr5/libm.a(mulsf3.o)
 .data          0x0000000000000000        0x0 /usr/local/lib/gcc/avr/4.9.2/../../../../avr/lib/avr5/libm.a(mulsf3.o)
 .bss           0x0000000000000000        0x0 /usr/local/lib/gcc/avr/4.9.2/../../../../avr/lib/avr5/libm.a(mulsf3.o)
 .text          0x0000000000000000        0x0 /usr/local/lib/gcc/avr/4.9.2/../../../../avr/lib/avr5/libm.a(mulsf3x.o)
 .data          0x0000000000000000        0x0 /usr/local/lib/gcc/avr/4.9.2/../../../../avr/lib/avr5/libm.a(mulsf3x.o)
 .bss           0x0000000000000000        0x0 /usr/local/lib/gcc/avr/4.9.2/../../../../avr/lib/avr5/libm.a(mulsf3x.o)

Memory Configuration

Name             Origin             Length             Attributes
text             0x0000000000000000 0x0000000000020000 xr
data             0x0000000000800060 0x000000000000ffa0 rw !x
eeprom           0x0000000000810000 0x0000000000010000 rw !x
fuse             0x0000000000820000 0x0000000000000400 rw !x
lock             0x0000000000830000 0x0000000000000400 rw !x
signature        0x0000000000840000 0x0000000000000400 rw !x
*default*        0x0000000000000000 0xffffffffffffffff

Linker script and memory map

Address of section .data set to 0x800100
LOAD /usr/local/lib/gcc/avr/4.9.2/../../../../avr/lib/avr5/crtm644.o
LOAD uzeboxVideoEngineCore.o
LOAD uzeboxCore.o
LOAD uzeboxSoundEngine.o
LOAD uzeboxSoundEngineCore.o
LOAD uzeboxVideoEngine.o
LOAD TankFu.o
START GROUP
LOAD /usr/local/lib/gcc/avr/4.9.2/avr5/libgcc.a
LOAD /usr/local/lib/gcc/avr/4.9.2/../../../../avr/lib/avr5/libm.a
LOAD /usr/local/lib/gcc/avr/4.9.2/../../../../avr/lib/avr5/libc.a
END GROUP

.hash
 *(.hash)

.dynsym
 *(.dynsym)

.dynstr
 *(.dynstr)

.gnu.version
 *(.gnu.version)

.gnu.version_d
 *(.gnu.version_d)

.gnu.version_r
 *(.gnu.version_r)

.rel.init
 *(.rel.init)

.rela.init
 *(.rela.init)

.rel.text
 *(.rel.text)
 *(.rel.text.*)
 *(.rel.gnu.linkonce.t*)

.rela.text
 *(.rela.text)
 *(.rela.text.*)
 *(.rela.gnu.linkonce.t*)

.rel.fini
 *(.rel.fini)

.rela.fini
 *(.rela.fini)

.rel.rodata
 *(.rel.rodata)
 *(.rel.rodata.*)
 *(.rel.gnu.linkonce.r*)

.rela.rodata
 *(.rela.rodata)
 *(.rela.rodata.*)
 *(.rela.gnu.linkonce.r*)

.rel.data
 *(.rel.data)
 *(.rel.data.*)
 *(.rel.gnu.linkonce.d*)

.rela.data
 *(.rela.data)
 *(.rela.data.*)
 *(.rela.gnu.linkonce.d*)

.rel.ctors
 *(.rel.ctors)

.rela.ctors
 *(.rela.ctors)

.rel.dtors
 *(.rel.dtors)

.rela.dtors
 *(.rela.dtors)

.rel.got
 *(.rel.got)

.rela.got
 *(.rela.got)

.rel.bss
 *(.rel.bss)

.rela.bss
 *(.rela.bss)

.rel.plt
 *(.rel.plt)

.rela.plt
 *(.rela.plt)

.text           0x0000000000000000     0xa238
 *(.vectors)
 .vectors       0x0000000000000000       0x70 /usr/local/lib/gcc/avr/4.9.2/../../../../avr/lib/avr5/crtm644.o
                0x0000000000000000                __vectors
                0x0000000000000000                __vector_default
 *(.vectors)
 *(.progmem.gcc*)
 .progmem.gcc_sw_table.update_level
                0x0000000000000070       0x12 TankFu.o
                0x0000000000000082                . = ALIGN (0x2)
                0x0000000000000082                __trampolines_start = .
 *(.trampolines)
 .trampolines   0x0000000000000082        0x0 linker stubs
 *(.trampolines*)
                0x0000000000000082                __trampolines_end = .
 *(.progmem*)
 .progmem.data  0x0000000000000082       0x4e uzeboxCore.o
                0x0000000000000082                io_table
                0x00000000000000b0                eeprom_format_table
 .progmem.data  0x00000000000000d0       0x1a uzeboxSoundEngine.o
                0x00000000000000d0                patchCommands
 .progmem.data  0x00000000000000ea      0x853 uzeboxVideoEngine.o
                0x00000000000000ea                fader
                0x00000000000000f6                map_uzeboxlogo2
                0x0000000000000107                map_uzeboxlogo
                0x000000000000011d                logo_tileset
                0x000000000000091d                logoInitPatches
                0x0000000000000926                initPatch
 .progmem.data  0x000000000000093d     0x4f4c TankFu.o
                0x000000000000093d                strPaused
                0x0000000000000944                strExit
                0x000000000000094d                strTotal
                0x0000000000000954                strScore
                0x000000000000095b                strBanterClear
                0x000000000000096a                strB10
                0x0000000000000970                strB9
                0x000000000000097b                strB8
                0x0000000000000986                strB7
                0x0000000000000995                strB6
                0x000000000000099c                strB5
                0x00000000000009a5                strB4
                0x00000000000009b2                strB3
                0x00000000000009c1                strB2
                0x00000000000009c5                strB1
                0x00000000000009d2                strBy
                0x00000000000009d5                strOwns
                0x00000000000009da                strChangeHandle
                0x00000000000009e9                strCancelHandle
                0x00000000000009f4                strConfirmHandle
                0x0000000000000a00                strSelectHandle
                0x0000000000000a0b                strPlayer2
                0x0000000000000a0e                strPlayer1
                0x0000000000000a11                strVertSep
                0x0000000000000a13                strUnderline
                0x0000000000000a1f                strHandlesTitle
                0x0000000000000a2b                strHighscores
                0x0000000000000a35                str2Player
                0x0000000000000a46                str1Player
                0x0000000000000a54                strCopyright
                0x0000000000000a6b                level_data
                0x00000000000027b7                map_rocket_right_1
                0x00000000000027ba                map_rocket_right_0
                0x00000000000027bd                map_rocket_up_1
                0x00000000000027c0                map_rocket_up_0
                0x00000000000027c3                map_ball
                0x00000000000027c6                map_explosion_2
                0x00000000000027cc                map_explosion_1
                0x00000000000027d2                map_explosion_0
                0x00000000000027d8                map_tank2_right_1
                0x00000000000027de                map_tank2_right_0
                0x00000000000027e4                map_tank2_up_1
                0x00000000000027ea                map_tank2_up_0
                0x00000000000027f0                map_tank1_right_1
                0x00000000000027f6                map_tank1_right_0
                0x00000000000027fc                map_tank1_up_1
                0x0000000000002802                map_tank1_up_0
                0x0000000000002808                map_none
                0x000000000000280b                map_tank_blank
                0x0000000000002811                map_metal_bl
                0x0000000000002814                map_metal_tr
                0x0000000000002817                map_metal_br
                0x000000000000281a                map_metal_tl
                0x000000000000281d                map_tile_exp_2
                0x0000000000002820                map_tile_exp_1
                0x0000000000002823                map_tile_exp_0
                0x0000000000002826                map_rocket_itm
                0x0000000000002829                map_explode_itm
                0x000000000000282c                map_speed_itm
                0x000000000000282f                map_metal
                0x0000000000002832                map_brick
                0x0000000000002835                map_pause
                0x0000000000002873                map_splash
                0x00000000000028c9                sprites_data
                0x00000000000034c9                tiles_data
                0x000000000000588a                . = ALIGN (0x2)
 *fill*         0x0000000000005889        0x1 
 *(.jumptables)
 *(.jumptables*)
 *(.lowtext)
 *(.lowtext*)
                0x000000000000588a                __ctors_start = .
 *(.ctors)
                0x000000000000588a                __ctors_end = .
                0x000000000000588a                __dtors_start = .
 *(.dtors)
                0x000000000000588a                __dtors_end = .
 SORT(*)(.ctors)
 SORT(*)(.dtors)
 *(.init0)
 .init0         0x000000000000588a        0x0 /usr/local/lib/gcc/avr/4.9.2/../../../../avr/lib/avr5/crtm644.o
                0x000000000000588a                __init
 *(.init0)
 *(.init1)
 *(.init1)
 *(.init2)
 .init2         0x000000000000588a        0xc /usr/local/lib/gcc/avr/4.9.2/../../../../avr/lib/avr5/crtm644.o
 *(.init2)
 *(.init3)
 *(.init3)
 *(.init4)
 .init4         0x0000000000005896       0x16 /usr/local/lib/gcc/avr/4.9.2/avr5/libgcc.a(_copy_data.o)
                0x0000000000005896                __do_copy_data
 .init4         0x00000000000058ac       0x10 /usr/local/lib/gcc/avr/4.9.2/avr5/libgcc.a(_clear_bss.o)
                0x00000000000058ac                __do_clear_bss
 *(.init4)
 *(.init5)
 *(.init5)
 *(.init6)
 *(.init6)
 *(.init7)
 .init7         0x00000000000058bc       0x12 uzeboxCore.o
                0x00000000000058bc                wdt_init
 *(.init7)
 *(.init8)
 .init8         0x00000000000058ce       0xa6 uzeboxCore.o
                0x00000000000058ce                Initialize
 *(.init8)
 *(.init9)
 .init9         0x0000000000005974        0x8 /usr/local/lib/gcc/avr/4.9.2/../../../../avr/lib/avr5/crtm644.o
 *(.init9)
 *(.text)
 .text          0x000000000000597c        0x4 /usr/local/lib/gcc/avr/4.9.2/../../../../avr/lib/avr5/crtm644.o
                0x000000000000597c                __vector_20
                0x000000000000597c                __vector_1
                0x000000000000597c                __vector_24
                0x000000000000597c                __vector_12
                0x000000000000597c                __bad_interrupt
                0x000000000000597c                __vector_6
                0x000000000000597c                __vector_3
                0x000000000000597c                __vector_23
                0x000000000000597c                __vector_25
                0x000000000000597c                __vector_11
                0x000000000000597c                __vector_17
                0x000000000000597c                __vector_19
                0x000000000000597c                __vector_7
                0x000000000000597c                __vector_27
                0x000000000000597c                __vector_5
                0x000000000000597c                __vector_4
                0x000000000000597c                __vector_9
                0x000000000000597c                __vector_2
                0x000000000000597c                __vector_21
                0x000000000000597c                __vector_15
                0x000000000000597c                __vector_8
                0x000000000000597c                __vector_26
                0x000000000000597c                __vector_10
                0x000000000000597c                __vector_16
                0x000000000000597c                __vector_18
                0x000000000000597c                __vector_22
 .text          0x0000000000005980      0x58c uzeboxVideoEngineCore.o
                0x0000000000005b24                CopyTileToRam
                0x0000000000005c46                BlitSprite
                0x0000000000005d26                __vector_13
                0x0000000000005da6                __vector_14
 .text          0x0000000000005f0c      0x202 uzeboxSoundEngineCore.o
                0x0000000000005f0c                process_music
                0x0000000000006090                update_sound_buffer_fast
                0x00000000000060b8                update_sound
                0x000000000000610e                . = ALIGN (0x2)
 *(.text.*)
 .text.SetSpritesTileTable
                0x000000000000610e        0xa uzeboxVideoEngineCore.o
                0x000000000000610e                SetSpritesTileTable
 .text.ClearVram
                0x0000000000006118       0x14 uzeboxVideoEngineCore.o
                0x0000000000006118                ClearVram
 .text.SetFont  0x000000000000612c        0x8 uzeboxVideoEngineCore.o
                0x000000000000612c                SetFont
 .text.SetTile  0x0000000000006134       0x1c uzeboxVideoEngineCore.o
                0x0000000000006134                SetTile
 .text.SetFontTilesIndex
                0x0000000000006150        0x6 uzeboxVideoEngineCore.o
                0x0000000000006150                SetFontTilesIndex
 .text.SetTileTable
                0x0000000000006156        0xa uzeboxVideoEngineCore.o
                0x0000000000006156                SetTileTable
 .text.GetVsyncFlag
                0x0000000000006160        0x8 uzeboxVideoEngineCore.o
                0x0000000000006160                GetVsyncFlag
 .text.ClearVsyncFlag
                0x0000000000006168        0xc uzeboxVideoEngineCore.o
                0x0000000000006168                ClearVsyncFlag
 .text.ReadJoypad
                0x0000000000006174       0x18 uzeboxVideoEngineCore.o
                0x0000000000006174                ReadJoypad
 .text.WriteEeprom
                0x000000000000618c       0x14 uzeboxVideoEngineCore.o
                0x000000000000618c                WriteEeprom
 .text.ReadEeprom
                0x00000000000061a0       0x12 uzeboxVideoEngineCore.o
                0x00000000000061a0                ReadEeprom
 .text.SoftReset
                0x00000000000061b2       0x16 uzeboxCore.o
                0x00000000000061b2                SoftReset
 .text.ReadButtons
                0x00000000000061c8       0x6c uzeboxCore.o
                0x00000000000061c8                ReadButtons
 .text.ReadControllers
                0x0000000000006234       0x20 uzeboxCore.o
                0x0000000000006234                ReadControllers
 .text.FormatEeprom
                0x0000000000006254       0x44 uzeboxCore.o
                0x0000000000006254                FormatEeprom
 .text.isEepromFormatted
                0x0000000000006298       0x2e uzeboxCore.o
                0x0000000000006298                isEepromFormatted
 .text.EepromWriteBlock
                0x00000000000062c6       0xda uzeboxCore.o
                0x00000000000062c6                EepromWriteBlock
 .text.EepromReadBlock
                0x00000000000063a0       0x92 uzeboxCore.o
                0x00000000000063a0                EepromReadBlock
 .text.PatchCommand00
                0x0000000000006432        0x6 uzeboxSoundEngine.o
                0x0000000000006432                PatchCommand00
 .text.PatchCommand01
                0x0000000000006438       0x10 uzeboxSoundEngine.o
                0x0000000000006438                PatchCommand01
 .text.PatchCommand05
                0x0000000000006448        0xa uzeboxSoundEngine.o
                0x0000000000006448                PatchCommand05
 .text.PatchCommand06
                0x0000000000006452        0xa uzeboxSoundEngine.o
                0x0000000000006452                PatchCommand06
 .text.PatchCommand07
                0x000000000000645c        0x6 uzeboxSoundEngine.o
                0x000000000000645c                PatchCommand07
 .text.PatchCommand09
                0x0000000000006462        0x6 uzeboxSoundEngine.o
                0x0000000000006462                PatchCommand09
 .text.PatchCommand10
                0x0000000000006468        0x6 uzeboxSoundEngine.o
                0x0000000000006468                PatchCommand10
 .text.PatchCommand11
                0x000000000000646e       0x7a uzeboxSoundEngine.o
                0x000000000000646e                PatchCommand11
 .text.PatchCommand12
                0x00000000000064e8        0x6 uzeboxSoundEngine.o
                0x00000000000064e8                PatchCommand12
 .text.PatchCommand02
                0x00000000000064ee        0x8 uzeboxSoundEngine.o
                0x00000000000064ee                PatchCommand02
 .text.PatchCommand03
                0x00000000000064f6       0x10 uzeboxSoundEngine.o
                0x00000000000064f6                PatchCommand03
 .text.PatchCommand04
                0x0000000000006506       0x10 uzeboxSoundEngine.o
                0x0000000000006506                PatchCommand04
 .text.PatchCommand08
                0x0000000000006516       0x32 uzeboxSoundEngine.o
                0x0000000000006516                PatchCommand08
 .text.InitMusicPlayer
                0x0000000000006548       0x44 uzeboxSoundEngine.o
                0x0000000000006548                InitMusicPlayer
 .text.StopSong
                0x000000000000658c       0x16 uzeboxSoundEngine.o
                0x000000000000658c                StopSong
 .text.ReadVarLen
                0x00000000000065a2       0x4c uzeboxSoundEngine.o
                0x00000000000065a2                ReadVarLen
 .text.TriggerCommon
                0x00000000000065ee       0xe2 uzeboxSoundEngine.o
                0x00000000000065ee                TriggerCommon
 .text.TriggerFx
                0x00000000000066d0       0x7e uzeboxSoundEngine.o
                0x00000000000066d0                TriggerFx
 .text.TriggerNote
                0x000000000000674e       0x6e uzeboxSoundEngine.o
                0x000000000000674e                TriggerNote
 .text.ProcessMusic
                0x00000000000067bc      0x44e uzeboxSoundEngine.o
                0x00000000000067bc                ProcessMusic
 .text.SetMasterVolume
                0x0000000000006c0a        0x6 uzeboxSoundEngine.o
                0x0000000000006c0a                SetMasterVolume
 .text.SetMixerNote
                0x0000000000006c10       0x2e uzeboxSoundEngineCore.o
                0x0000000000006c10                SetMixerNote
 .text.SetMixerWave
                0x0000000000006c3e       0x3a uzeboxSoundEngineCore.o
                0x0000000000006c3e                SetMixerWave
 *fill*         0x0000000000006c78       0x88 
 .text.DisableSoundEngine
                0x0000000000006d00      0xc00 uzeboxSoundEngineCore.o
                0x0000000000006d00                DisableSoundEngine
                0x0000000000006d08                steptable
                0x0000000000006f00                waves
 .text.RestoreBackground
                0x0000000000007900       0x22 uzeboxVideoEngine.o
                0x0000000000007900                RestoreBackground
 .text.SetSpriteVisibility
                0x0000000000007922        0x6 uzeboxVideoEngine.o
                0x0000000000007922                SetSpriteVisibility
 .text.ProcessSprites
                0x0000000000007928      0x1a8 uzeboxVideoEngine.o
                0x0000000000007928                ProcessSprites
 .text.MapSprite2
                0x0000000000007ad0       0xa4 uzeboxVideoEngine.o
                0x0000000000007ad0                MapSprite2
 .text.MoveSprite
                0x0000000000007b74       0x4a uzeboxVideoEngine.o
                0x0000000000007b74                MoveSprite
 .text.InitializeVideoMode
                0x0000000000007bbe       0x14 uzeboxVideoEngine.o
                0x0000000000007bbe                InitializeVideoMode
 .text.DrawMap2
                0x0000000000007bd2       0x9a uzeboxVideoEngine.o
                0x0000000000007bd2                DrawMap2
 .text.PrintByte
                0x0000000000007c6c       0x66 uzeboxVideoEngine.o
                0x0000000000007c6c                PrintByte
 .text.Print    0x0000000000007cd2       0x36 uzeboxVideoEngine.o
                0x0000000000007cd2                Print
 .text.PrintChar
                0x0000000000007d08        0x6 uzeboxVideoEngine.o
                0x0000000000007d08                PrintChar
 .text.WaitVsync
                0x0000000000007d0e       0x2e uzeboxVideoEngine.o
                0x0000000000007d0e                WaitVsync
 .text.DisplayLogo
                0x0000000000007d3c       0x6e uzeboxVideoEngine.o
                0x0000000000007d3c                DisplayLogo
 .text.doFade   0x0000000000007daa       0x1c uzeboxVideoEngine.o
                0x0000000000007daa                doFade
 .text.FadeIn   0x0000000000007dc6       0x18 uzeboxVideoEngine.o
                0x0000000000007dc6                FadeIn
 .text.FadeOut  0x0000000000007dde       0x18 uzeboxVideoEngine.o
                0x0000000000007dde                FadeOut
 .text.ProcessFading
                0x0000000000007df6       0x4a uzeboxVideoEngine.o
                0x0000000000007df6                ProcessFading
 .text.VideoModeVsync
                0x0000000000007e40        0x8 uzeboxVideoEngine.o
                0x0000000000007e40                VideoModeVsync
 .text.LBGetNextFrame
                0x0000000000007e48       0x46 TankFu.o
                0x0000000000007e48                LBGetNextFrame
 .text.LBGetJoyPadState
                0x0000000000007e8e       0x84 TankFu.o
                0x0000000000007e8e                LBGetJoyPadState
 .text.LBCopyChars
                0x0000000000007f12       0x18 TankFu.o
                0x0000000000007f12                LBCopyChars
 .text.LBPrintStr
                0x0000000000007f2a       0x62 TankFu.o
                0x0000000000007f2a                LBPrintStr
 .text.LBCollides
                0x0000000000007f8c       0x54 TankFu.o
                0x0000000000007f8c                LBCollides
 .text.LBLineIntersect
                0x0000000000007fe0      0x1ac TankFu.o
                0x0000000000007fe0                LBLineIntersect
 .text.LBRandom
                0x000000000000818c       0x3a TankFu.o
                0x000000000000818c                LBRandom
 .text.init_shot_state
                0x00000000000081c6       0x30 TankFu.o
                0x00000000000081c6                init_shot_state
 .text.init_player
                0x00000000000081f6      0x168 TankFu.o
                0x00000000000081f6                init_player
 .text.player_init_shot_state
                0x000000000000835e       0x5c TankFu.o
                0x000000000000835e                player_init_shot_state
 .text.init_game_state
                0x00000000000083ba       0x34 TankFu.o
                0x00000000000083ba                init_game_state
 .text.player_spawn
                0x00000000000083ee       0x40 TankFu.o
                0x00000000000083ee                player_spawn
 .text.load_eeprom
                0x000000000000842e       0x24 TankFu.o
                0x000000000000842e                load_eeprom
 .text.fade_through
                0x0000000000008452       0x14 TankFu.o
                0x0000000000008452                fade_through
 .text.clear_sprites
                0x0000000000008466       0x1a TankFu.o
                0x0000000000008466                clear_sprites
 .text.load_level
                0x0000000000008480      0x102 TankFu.o
                0x0000000000008480                load_level
 .text.save_score
                0x0000000000008582       0xd2 TankFu.o
                0x0000000000008582                save_score
 .text.position_shot
                0x0000000000008654       0xdc TankFu.o
                0x0000000000008654                position_shot
 .text.render_score
                0x0000000000008730       0x74 TankFu.o
                0x0000000000008730                render_score
 .text.render_banter
                0x00000000000087a4       0x52 TankFu.o
                0x00000000000087a4                render_banter
 .text.render_player
                0x00000000000087f6       0x52 TankFu.o
                0x00000000000087f6                render_player
 .text.render_shot
                0x0000000000008848       0x76 TankFu.o
                0x0000000000008848                render_shot
 .text.tank_map
                0x00000000000088be       0xc8 TankFu.o
                0x00000000000088be                tank_map
 .text.shot_map
                0x0000000000008986       0xae TankFu.o
                0x0000000000008986                shot_map
 .text.recoil_sprite
                0x0000000000008a34       0xc4 TankFu.o
                0x0000000000008a34                recoil_sprite
 .text.solid_square_tile
                0x0000000000008af8       0x1c TankFu.o
                0x0000000000008af8                solid_square_tile
 .text.solid_directional_tile
                0x0000000000008b14      0x14e TankFu.o
                0x0000000000008b14                solid_directional_tile
 .text.player_shot
                0x0000000000008c62       0x84 TankFu.o
                0x0000000000008c62                player_shot
 .text.collision_detect_boundries
                0x0000000000008ce6       0x9c TankFu.o
                0x0000000000008ce6                collision_detect_boundries
 .text.collision_detect_shot
                0x0000000000008d82      0x28c TankFu.o
                0x0000000000008d82                collision_detect_shot
 .text.update_level_helper
                0x000000000000900e      0x2a0 TankFu.o
                0x000000000000900e                update_level_helper
 .text.collision_detect_player
                0x00000000000092ae      0x15c TankFu.o
                0x00000000000092ae                collision_detect_player
 .text.update_level
                0x000000000000940a      0x1fc TankFu.o
                0x000000000000940a                update_level
 .text.update_splash
                0x0000000000009606      0x112 TankFu.o
                0x0000000000009606                update_splash
 .text.update_tank_rank
                0x0000000000009718      0x152 TankFu.o
                0x0000000000009718                update_tank_rank
 .text._handle_select_helper
                0x000000000000986a      0x158 TankFu.o
                0x000000000000986a                _handle_select_helper
 .text._handle_select_render_helper
                0x00000000000099c2      0x154 TankFu.o
                0x00000000000099c2                _handle_select_render_helper
 .text.update_handle_select
                0x0000000000009b16      0x1d4 TankFu.o
                0x0000000000009b16                update_handle_select
 .text.startup.main
                0x0000000000009cea       0xaa TankFu.o
                0x0000000000009cea                main
 .text.libgcc.div
                0x0000000000009d94       0x18 /usr/local/lib/gcc/avr/4.9.2/avr5/libgcc.a(_udivmodqi4.o)
                0x0000000000009d94                __udivmodqi4
 .text.libgcc.div
                0x0000000000009dac       0x28 /usr/local/lib/gcc/avr/4.9.2/avr5/libgcc.a(_udivmodhi4.o)
                0x0000000000009dac                __udivmodhi4
 .text.libgcc.div
                0x0000000000009dd4       0x28 /usr/local/lib/gcc/avr/4.9.2/avr5/libgcc.a(_divmodhi4.o)
                0x0000000000009dd4                __divmodhi4
                0x0000000000009dd4                _div
 .text.libgcc   0x0000000000009dfc        0xc /usr/local/lib/gcc/avr/4.9.2/avr5/libgcc.a(_tablejump2.o)
                0x0000000000009dfc                __tablejump2__
 .text.avr-libc.fplib
                0x0000000000009e08        0xa /usr/local/lib/gcc/avr/4.9.2/../../../../avr/lib/avr5/libm.a(addsf3.o)
                0x0000000000009e08                __subsf3
                0x0000000000009e0a                __addsf3
 .text.avr-libc.fplib
                0x0000000000009e12       0xc0 /usr/local/lib/gcc/avr/4.9.2/../../../../avr/lib/avr5/libm.a(addsf3x.o)
                0x0000000000009e2c                __addsf3x
 .text.avr-libc.fplib
                0x0000000000009ed2        0x8 /usr/local/lib/gcc/avr/4.9.2/../../../../avr/lib/avr5/libm.a(cmpsf2.o)
                0x0000000000009ed2                __lesf2
                0x0000000000009ed2                __nesf2
                0x0000000000009ed2                __eqsf2
                0x0000000000009ed2                __cmpsf2
                0x0000000000009ed2                __ltsf2
 .text.avr-libc.fplib
                0x0000000000009eda        0x4 /usr/local/lib/gcc/avr/4.9.2/../../../../avr/lib/avr5/libm.a(divsf3.o)
                0x0000000000009eda                __divsf3
 .text.avr-libc.fplib
                0x0000000000009ede       0xcc /usr/local/lib/gcc/avr/4.9.2/../../../../avr/lib/avr5/libm.a(divsf3x.o)
                0x0000000000009ef4                __divsf3x
                0x0000000000009ef8                __divsf3_pse
 .text.avr-libc.fplib
                0x0000000000009faa       0x58 /usr/local/lib/gcc/avr/4.9.2/../../../../avr/lib/avr5/libm.a(fixunssfsi.o)
                0x0000000000009faa                __fixunssfsi
 .text.avr-libc.fplib
                0x000000000000a002       0x7a /usr/local/lib/gcc/avr/4.9.2/../../../../avr/lib/avr5/libm.a(floatsisf.o)
                0x000000000000a002                __floatunsisf
                0x000000000000a006                __floatsisf
 .text.avr-libc.fplib
                0x000000000000a07c       0x48 /usr/local/lib/gcc/avr/4.9.2/../../../../avr/lib/avr5/libm.a(fp_cmp.o)
                0x000000000000a07c                __fp_cmp
 .text.avr-libc.fplib
                0x000000000000a0c4        0xc /usr/local/lib/gcc/avr/4.9.2/../../../../avr/lib/avr5/libm.a(fp_inf.o)
                0x000000000000a0c4                __fp_inf
 .text.avr-libc.fplib
                0x000000000000a0d0        0x6 /usr/local/lib/gcc/avr/4.9.2/../../../../avr/lib/avr5/libm.a(fp_nan.o)
                0x000000000000a0d0                __fp_nan
 .text.avr-libc.fplib
                0x000000000000a0d6        0xe /usr/local/lib/gcc/avr/4.9.2/../../../../avr/lib/avr5/libm.a(fp_pscA.o)
                0x000000000000a0d6                __fp_pscA
 .text.avr-libc.fplib
                0x000000000000a0e4        0xe /usr/local/lib/gcc/avr/4.9.2/../../../../avr/lib/avr5/libm.a(fp_pscB.o)
                0x000000000000a0e4                __fp_pscB
 .text.avr-libc.fplib
                0x000000000000a0f2       0x22 /usr/local/lib/gcc/avr/4.9.2/../../../../avr/lib/avr5/libm.a(fp_round.o)
                0x000000000000a0f2                __fp_round
 .text.avr-libc.fplib
                0x000000000000a114       0x44 /usr/local/lib/gcc/avr/4.9.2/../../../../avr/lib/avr5/libm.a(fp_split3.o)
                0x000000000000a114                __fp_split3
                0x000000000000a124                __fp_splitA
 .text.avr-libc.fplib
                0x000000000000a158        0xe /usr/local/lib/gcc/avr/4.9.2/../../../../avr/lib/avr5/libm.a(fp_zero.o)
                0x000000000000a158                __fp_zero
                0x000000000000a15a                __fp_szero
 .text.avr-libc.fplib
                0x000000000000a166        0x8 /usr/local/lib/gcc/avr/4.9.2/../../../../avr/lib/avr5/libm.a(gesf2.o)
                0x000000000000a166                __gtsf2
                0x000000000000a166                __gesf2
 .text.avr-libc.fplib
                0x000000000000a16e        0x4 /usr/local/lib/gcc/avr/4.9.2/../../../../avr/lib/avr5/libm.a(mulsf3.o)
                0x000000000000a16e                __mulsf3
 .text.avr-libc.fplib
                0x000000000000a172       0xc2 /usr/local/lib/gcc/avr/4.9.2/../../../../avr/lib/avr5/libm.a(mulsf3x.o)
                0x000000000000a186                __mulsf3x
                0x000000000000a18a                __mulsf3_pse
                0x000000000000a234                . = ALIGN (0x2)
 *(.fini9)
 .fini9         0x000000000000a234        0x0 /usr/local/lib/gcc/avr/4.9.2/avr5/libgcc.a(_exit.o)
                0x000000000000a234                exit
                0x000000000000a234                _exit
 *(.fini9)
 *(.fini8)
 *(.fini8)
 *(.fini7)
 *(.fini7)
 *(.fini6)
 *(.fini6)
 *(.fini5)
 *(.fini5)
 *(.fini4)
 *(.fini4)
 *(.fini3)
 *(.fini3)
 *(.fini2)
 *(.fini2)
 *(.fini1)
 *(.fini1)
 *(.fini0)
 .fini0         0x000000000000a234        0x4 /usr/local/lib/gcc/avr/4.9.2/avr5/libgcc.a(_exit.o)
 *(.fini0)
                0x000000000000a238                _etext = .

.data           0x0000000000800100       0x58 load address 0x000000000000a238
                0x0000000000800100                PROVIDE (__data_start, .)
 *(.data)
 .data          0x0000000000800100        0x1 uzeboxVideoEngine.o
                0x0000000000800100                spritesOn
 .data          0x0000000000800101       0x57 TankFu.o
                0x0000000000800104                scores
                0x0000000000800124                handles
                0x0000000000800144                banter_map
 *(.data*)
 *(.rodata)
 *(.rodata*)
 *(.gnu.linkonce.d*)
                0x0000000000800158                . = ALIGN (0x2)
                0x0000000000800158                _edata = .
                0x0000000000800158                PROVIDE (__data_end, .)

.bss            0x0000000000800158      0xe9b
                0x0000000000800158                PROVIDE (__bss_start, .)
 *(.bss)
 *fill*         0x0000000000800158        0x8 
 .bss           0x0000000000800160      0x7e0 uzeboxVideoEngineCore.o
                0x0000000000800160                vram
                0x00000000008004a8                sprites
                0x00000000008004a8                overlay_vram
                0x00000000008004d8                ram_tiles
                0x00000000008008d8                ram_tiles_restore
                0x0000000000800908                sprites_tile_banks
                0x0000000000800913                Screen
                0x0000000000800916                sync_phase
                0x0000000000800917                sync_pulse
                0x0000000000800918                sync_flags
                0x000000000080091d                first_render_line
                0x000000000080091e                render_lines_count
                0x000000000080091f                first_render_line_tmp
                0x0000000000800920                render_lines_count_tmp
                0x0000000000800921                joypad1_status_lo
                0x0000000000800923                joypad1_status_hi
                0x0000000000800925                joypad2_status_lo
                0x0000000000800927                joypad2_status_hi
 .bss           0x0000000000800940        0x1 uzeboxSoundEngine.o
                0x0000000000800940                playSong
 .bss           0x0000000000800941      0x229 uzeboxSoundEngineCore.o
                0x0000000000800941                mix_buf
                0x0000000000800b4d                mix_pos
                0x0000000000800b4f                mix_bank
                0x0000000000800b51                sound_enabled
                0x0000000000800b52                mixer
                0x0000000000800b65                tr4_params
                0x0000000000800b66                tr4_barrel_lo
                0x0000000000800b67                tr4_barrel_hi
 .bss           0x0000000000800b6a       0x12 TankFu.o
                0x0000000000800b6a                p2s
                0x0000000000800b70                p1s
 *(.bss*)
 *(COMMON)
 COMMON         0x0000000000800b7c        0x1 uzeboxCore.o
                0x0000000000800b7c                joypadsConnectionStatus
 COMMON         0x0000000000800b7d       0x68 uzeboxSoundEngine.o
                0x0000000000800b7d                songStart
                0x0000000000800b7f                tracks
                0x0000000000800bd7                currDeltaTime
                0x0000000000800bd9                patchPointers
                0x0000000000800bdb                lastStatus
                0x0000000000800bdc                masterVolume
                0x0000000000800bdd                nextDeltaTime
                0x0000000000800bdf                songSpeed
                0x0000000000800be0                songPos
                0x0000000000800be2                loopStart
                0x0000000000800be4                step
 COMMON         0x0000000000800be5        0x6 uzeboxVideoEngine.o
                0x0000000000800be5                fadeSpeed
                0x0000000000800be6                fadeDir
                0x0000000000800be7                free_tile_index
                0x0000000000800be8                fadeActive
                0x0000000000800be9                currFadeFrame
                0x0000000000800bea                fadeStep
 COMMON         0x0000000000800beb      0x408 TankFu.o
                0x0000000000800beb                p2
                0x0000000000800bf1                game
                0x0000000000800bf8                player1
                0x0000000000800c7b                p1
                0x0000000000800c81                level
                0x0000000000800f70                player2
                0x0000000000800ff3                PROVIDE (__bss_end, .)
                0x000000000000a238                __data_load_start = LOADADDR (.data)
                0x000000000000a290                __data_load_end = (__data_load_start + SIZEOF (.data))

.noinit         0x0000000000800ff3        0x0
                0x0000000000800ff3                PROVIDE (__noinit_start, .)
 *(.noinit*)
                0x0000000000800ff3                PROVIDE (__noinit_end, .)
                0x0000000000800ff3                _end = .
                0x0000000000800ff3                PROVIDE (__heap_start, .)

.eeprom         0x0000000000810000        0x0
 *(.eeprom*)
                0x0000000000810000                __eeprom_end = .

.fuse
 *(.fuse)
 *(.lfuse)
 *(.hfuse)
 *(.efuse)

.lock
 *(.lock*)

.signature
 *(.signature*)

.stab           0x0000000000000000      0x618
 *(.stab)
 .stab          0x0000000000000000       0xf0 /usr/local/lib/gcc/avr/4.9.2/avr5/libgcc.a(_udivmodqi4.o)
 .stab          0x00000000000000f0      0x15c /usr/local/lib/gcc/avr/4.9.2/avr5/libgcc.a(_udivmodhi4.o)
                                        0x168 (size before relaxing)
 .stab          0x000000000000024c      0x138 /usr/local/lib/gcc/avr/4.9.2/avr5/libgcc.a(_divmodhi4.o)
                                        0x144 (size before relaxing)
 .stab          0x0000000000000384       0x6c /usr/local/lib/gcc/avr/4.9.2/avr5/libgcc.a(_exit.o)
                                         0x78 (size before relaxing)
 .stab          0x00000000000003f0       0x9c /usr/local/lib/gcc/avr/4.9.2/avr5/libgcc.a(_tablejump2.o)
                                         0xa8 (size before relaxing)
 .stab          0x000000000000048c       0xd8 /usr/local/lib/gcc/avr/4.9.2/avr5/libgcc.a(_copy_data.o)
                                         0xe4 (size before relaxing)
 .stab          0x0000000000000564       0xb4 /usr/local/lib/gcc/avr/4.9.2/avr5/libgcc.a(_clear_bss.o)
                                         0xc0 (size before relaxing)

.stabstr        0x0000000000000000      0x2a5
 *(.stabstr)
 .stabstr       0x0000000000000000      0x2a5 /usr/local/lib/gcc/avr/4.9.2/avr5/libgcc.a(_udivmodqi4.o)

.stab.excl
 *(.stab.excl)

.stab.exclstr
 *(.stab.exclstr)

.stab.index
 *(.stab.index)

.stab.indexstr
 *(.stab.indexstr)

.comment        0x0000000000000000       0x11
 *(.comment)
 .comment       0x0000000000000000       0x11 uzeboxCore.o
                                         0x12 (size before relaxing)
 .comment       0x0000000000000011       0x12 uzeboxSoundEngine.o
 .comment       0x0000000000000011       0x12 uzeboxVideoEngine.o
 .comment       0x0000000000000011       0x12 TankFu.o

.note.gnu.build-id
 *(.note.gnu.build-id)

.debug
 *(.debug)

.line
 *(.line)

.debug_srcinfo
 *(.debug_srcinfo)

.debug_sfnames
 *(.debug_sfnames)

.debug_aranges  0x0000000000000000      0x4d8
 *(.debug_aranges)
 .debug_aranges
                0x0000000000000000       0xd0 uzeboxVideoEngineCore.o
 .debug_aranges
                0x00000000000000d0       0x80 uzeboxCore.o
 .debug_aranges
                0x0000000000000150       0xe8 uzeboxSoundEngine.o
 .debug_aranges
                0x0000000000000238       0x50 uzeboxSoundEngineCore.o
 .debug_aranges
                0x0000000000000288       0xf8 uzeboxVideoEngine.o
 .debug_aranges
                0x0000000000000380      0x158 TankFu.o

.debug_pubnames
 *(.debug_pubnames)

.debug_info     0x0000000000000000     0x6f8d
 *(.debug_info .gnu.linkonce.wi.*)
 .debug_info    0x0000000000000000      0x672 /usr/local/lib/gcc/avr/4.9.2/../../../../avr/lib/avr5/crtm644.o
 .debug_info    0x0000000000000672       0x7d uzeboxVideoEngineCore.o
 .debug_info    0x00000000000006ef      0xa43 uzeboxCore.o
 .debug_info    0x0000000000001132     0x11b6 uzeboxSoundEngine.o
 .debug_info    0x00000000000022e8       0x73 uzeboxSoundEngineCore.o
 .debug_info    0x000000000000235b     0x1588 uzeboxVideoEngine.o
 .debug_info    0x00000000000038e3     0x36aa TankFu.o

.debug_abbrev   0x0000000000000000     0x153c
 *(.debug_abbrev)
 .debug_abbrev  0x0000000000000000      0x619 /usr/local/lib/gcc/avr/4.9.2/../../../../avr/lib/avr5/crtm644.o
 .debug_abbrev  0x0000000000000619       0x12 uzeboxVideoEngineCore.o
 .debug_abbrev  0x000000000000062b      0x2eb uzeboxCore.o
 .debug_abbrev  0x0000000000000916      0x307 uzeboxSoundEngine.o
 .debug_abbrev  0x0000000000000c1d       0x12 uzeboxSoundEngineCore.o
 .debug_abbrev  0x0000000000000c2f      0x3ab uzeboxVideoEngine.o
 .debug_abbrev  0x0000000000000fda      0x562 TankFu.o

.debug_line     0x0000000000000000     0x19be
 *(.debug_line .debug_line.* .debug_line_end)
 .debug_line    0x0000000000000000       0x1d /usr/local/lib/gcc/avr/4.9.2/../../../../avr/lib/avr5/crtm644.o
 .debug_line    0x000000000000001d      0x47a uzeboxVideoEngineCore.o
 .debug_line    0x0000000000000497      0x296 uzeboxCore.o
 .debug_line    0x000000000000072d      0x3a1 uzeboxSoundEngine.o
 .debug_line    0x0000000000000ace      0x1f0 uzeboxSoundEngineCore.o
 .debug_line    0x0000000000000cbe      0x4be uzeboxVideoEngine.o
 .debug_line    0x000000000000117c      0x842 TankFu.o

.debug_frame    0x0000000000000000     0x100c
 *(.debug_frame)
 .debug_frame   0x0000000000000000      0x174 uzeboxCore.o
 .debug_frame   0x0000000000000174      0x248 uzeboxSoundEngine.o
 .debug_frame   0x00000000000003bc      0x4c0 uzeboxVideoEngine.o
 .debug_frame   0x000000000000087c      0x790 TankFu.o

.debug_str      0x0000000000000000     0x173e
 *(.debug_str)
 .debug_str     0x0000000000000000      0x231 /usr/local/lib/gcc/avr/4.9.2/../../../../avr/lib/avr5/crtm644.o
 .debug_str     0x0000000000000231      0x4af uzeboxCore.o
                                        0x4ff (size before relaxing)
 .debug_str     0x00000000000006e0      0x3d0 uzeboxSoundEngine.o
                                        0x60c (size before relaxing)
 .debug_str     0x0000000000000ab0      0x2e3 uzeboxVideoEngine.o
                                        0x4ad (size before relaxing)
 .debug_str     0x0000000000000d93      0x9ab TankFu.o
                                        0xc78 (size before relaxing)

.debug_loc      0x0000000000000000     0x62f8
 *(.debug_loc)
 .debug_loc     0x0000000000000000      0x864 uzeboxCore.o
 .debug_loc     0x0000000000000864     0x107a uzeboxSoundEngine.o
 .debug_loc     0x00000000000018de     0x1d49 uzeboxVideoEngine.o
 .debug_loc     0x0000000000003627     0x2cd1 TankFu.o

.debug_macinfo
 *(.debug_macinfo)

.debug_weaknames
 *(.debug_weaknames)

.debug_funcnames
 *(.debug_funcnames)

.debug_typenames
 *(.debug_typenames)

.debug_varnames
 *(.debug_varnames)

.debug_pubtypes
 *(.debug_pubtypes)

.debug_ranges   0x0000000000000000      0x518
 *(.debug_ranges)
 .debug_ranges  0x0000000000000000       0xc8 uzeboxVideoEngineCore.o
 .debug_ranges  0x00000000000000c8       0x70 uzeboxCore.o
 .debug_ranges  0x0000000000000138      0x120 uzeboxSoundEngine.o
 .debug_ranges  0x0000000000000258       0x48 uzeboxSoundEngineCore.o
 .debug_ranges  0x00000000000002a0      0x130 uzeboxVideoEngine.o
 .debug_ranges  0x00000000000003d0      0x148 TankFu.o

.debug_macro
 *(.debug_macro)
OUTPUT(TankFu.elf elf32-avr)
LOAD linker stubs
