Archive member included to satisfy reference by file (symbol)

/usr/local/lib/gcc/avr/4.9.2/avr5/libgcc.a(_udivmodqi4.o)
                              uzeboxVideoEngine.o (__udivmodqi4)
/usr/local/lib/gcc/avr/4.9.2/avr5/libgcc.a(_divmodqi4.o)
                              TankFu.o (__divmodqi4)
/usr/local/lib/gcc/avr/4.9.2/avr5/libgcc.a(_udivmodhi4.o)
                              uzeboxVideoEngine.o (__udivmodhi4)
/usr/local/lib/gcc/avr/4.9.2/avr5/libgcc.a(_divmodhi4.o)
                              uzeboxSoundEngine.o (__divmodhi4)
/usr/local/lib/gcc/avr/4.9.2/avr5/libgcc.a(_udivmodsi4.o)
                              uzeboxVideoEngine.o (__udivmodsi4)
/usr/local/lib/gcc/avr/4.9.2/avr5/libgcc.a(_exit.o)
                              /usr/local/lib/gcc/avr/4.9.2/../../../../avr/lib/avr5/crtm644.o (exit)
/usr/local/lib/gcc/avr/4.9.2/avr5/libgcc.a(_copy_data.o)
                              uzeboxVideoEngine.o (__do_copy_data)
/usr/local/lib/gcc/avr/4.9.2/avr5/libgcc.a(_clear_bss.o)
                              uzeboxCore.o (__do_clear_bss)
/usr/local/lib/gcc/avr/4.9.2/../../../../avr/lib/avr5/libm.a(addsf3.o)
                              TankFu.o (__subsf3)
/usr/local/lib/gcc/avr/4.9.2/../../../../avr/lib/avr5/libm.a(addsf3x.o)
                              /usr/local/lib/gcc/avr/4.9.2/../../../../avr/lib/avr5/libm.a(addsf3.o) (__addsf3x)
/usr/local/lib/gcc/avr/4.9.2/../../../../avr/lib/avr5/libm.a(cmpsf2.o)
                              TankFu.o (__eqsf2)
/usr/local/lib/gcc/avr/4.9.2/../../../../avr/lib/avr5/libm.a(divsf3.o)
                              TankFu.o (__divsf3)
/usr/local/lib/gcc/avr/4.9.2/../../../../avr/lib/avr5/libm.a(divsf3x.o)
                              /usr/local/lib/gcc/avr/4.9.2/../../../../avr/lib/avr5/libm.a(divsf3.o) (__divsf3x)
/usr/local/lib/gcc/avr/4.9.2/../../../../avr/lib/avr5/libm.a(fixsfsi.o)
                              TankFu.o (__fixsfsi)
/usr/local/lib/gcc/avr/4.9.2/../../../../avr/lib/avr5/libm.a(fixunssfsi.o)
                              TankFu.o (__fixunssfsi)
/usr/local/lib/gcc/avr/4.9.2/../../../../avr/lib/avr5/libm.a(floatsisf.o)
                              TankFu.o (__floatunsisf)
/usr/local/lib/gcc/avr/4.9.2/../../../../avr/lib/avr5/libm.a(fp_cmp.o)
                              /usr/local/lib/gcc/avr/4.9.2/../../../../avr/lib/avr5/libm.a(cmpsf2.o) (__fp_cmp)
/usr/local/lib/gcc/avr/4.9.2/../../../../avr/lib/avr5/libm.a(fp_inf.o)
                              /usr/local/lib/gcc/avr/4.9.2/../../../../avr/lib/avr5/libm.a(addsf3x.o) (__fp_inf)
/usr/local/lib/gcc/avr/4.9.2/../../../../avr/lib/avr5/libm.a(fp_nan.o)
                              /usr/local/lib/gcc/avr/4.9.2/../../../../avr/lib/avr5/libm.a(addsf3x.o) (__fp_nan)
/usr/local/lib/gcc/avr/4.9.2/../../../../avr/lib/avr5/libm.a(fp_pscA.o)
                              /usr/local/lib/gcc/avr/4.9.2/../../../../avr/lib/avr5/libm.a(addsf3x.o) (__fp_pscA)
/usr/local/lib/gcc/avr/4.9.2/../../../../avr/lib/avr5/libm.a(fp_pscB.o)
                              /usr/local/lib/gcc/avr/4.9.2/../../../../avr/lib/avr5/libm.a(addsf3x.o) (__fp_pscB)
/usr/local/lib/gcc/avr/4.9.2/../../../../avr/lib/avr5/libm.a(fp_round.o)
                              /usr/local/lib/gcc/avr/4.9.2/../../../../avr/lib/avr5/libm.a(addsf3.o) (__fp_round)
/usr/local/lib/gcc/avr/4.9.2/../../../../avr/lib/avr5/libm.a(fp_split3.o)
                              /usr/local/lib/gcc/avr/4.9.2/../../../../avr/lib/avr5/libm.a(addsf3x.o) (__fp_split3)
/usr/local/lib/gcc/avr/4.9.2/../../../../avr/lib/avr5/libm.a(fp_zero.o)
                              /usr/local/lib/gcc/avr/4.9.2/../../../../avr/lib/avr5/libm.a(addsf3x.o) (__fp_zero)
/usr/local/lib/gcc/avr/4.9.2/../../../../avr/lib/avr5/libm.a(gesf2.o)
                              TankFu.o (__gtsf2)
/usr/local/lib/gcc/avr/4.9.2/../../../../avr/lib/avr5/libm.a(mulsf3.o)
                              TankFu.o (__mulsf3)
/usr/local/lib/gcc/avr/4.9.2/../../../../avr/lib/avr5/libm.a(mulsf3x.o)
                              /usr/local/lib/gcc/avr/4.9.2/../../../../avr/lib/avr5/libm.a(mulsf3.o) (__mulsf3x)
/usr/local/lib/gcc/avr/4.9.2/../../../../avr/lib/avr5/libc.a(memcpy_P.o)
                              TankFu.o (memcpy_P)
/usr/local/lib/gcc/avr/4.9.2/../../../../avr/lib/avr5/libc.a(strnlen_P.o)
                              TankFu.o (strnlen_P)
/usr/local/lib/gcc/avr/4.9.2/../../../../avr/lib/avr5/libc.a(strupr.o)
                              TankFu.o (strupr)
/usr/local/lib/gcc/avr/4.9.2/../../../../avr/lib/avr5/libc.a(sprintf.o)
                              TankFu.o (sprintf)
/usr/local/lib/gcc/avr/4.9.2/../../../../avr/lib/avr5/libc.a(vfprintf_std.o)
                              /usr/local/lib/gcc/avr/4.9.2/../../../../avr/lib/avr5/libc.a(sprintf.o) (vfprintf)
/usr/local/lib/gcc/avr/4.9.2/../../../../avr/lib/avr5/libc.a(strnlen.o)
                              /usr/local/lib/gcc/avr/4.9.2/../../../../avr/lib/avr5/libc.a(vfprintf_std.o) (strnlen)
/usr/local/lib/gcc/avr/4.9.2/../../../../avr/lib/avr5/libc.a(fputc.o)
                              /usr/local/lib/gcc/avr/4.9.2/../../../../avr/lib/avr5/libc.a(vfprintf_std.o) (fputc)
/usr/local/lib/gcc/avr/4.9.2/../../../../avr/lib/avr5/libc.a(ultoa_invert.o)
                              /usr/local/lib/gcc/avr/4.9.2/../../../../avr/lib/avr5/libc.a(vfprintf_std.o) (__ultoa_invert)
/usr/local/lib/gcc/avr/4.9.2/avr5/libgcc.a(_prologue.o)
                              /usr/local/lib/gcc/avr/4.9.2/../../../../avr/lib/avr5/libc.a(sprintf.o) (__prologue_saves__)
/usr/local/lib/gcc/avr/4.9.2/avr5/libgcc.a(_epilogue.o)
                              /usr/local/lib/gcc/avr/4.9.2/../../../../avr/lib/avr5/libc.a(sprintf.o) (__epilogue_restores__)

Allocating common symbols
Common symbol       size              file

songStart           0x2               uzeboxSoundEngine.o
uart_tx_buf         0x40              uzeboxCore.o
tracks              0x5c              uzeboxSoundEngine.o
scores              0x20              TankFu.o
fadeSpeed           0x1               uzeboxVideoEngine.o
p2                  0x7               TankFu.o
currDeltaTime       0x2               uzeboxSoundEngine.o
fadeDir             0x1               uzeboxVideoEngine.o
patchPointers       0x2               uzeboxSoundEngine.o
p2s                 0x6               TankFu.o
handles             0x20              TankFu.o
game                0x14              TankFu.o
tile_animations     0x1d              TankFu.o
lastStatus          0x1               uzeboxSoundEngine.o
joypadsConnectionStatus
                    0x1               uzeboxCore.o
wifi_status         0x1               TankFu.o
player1             0x7c              TankFu.o
fadeActive          0x1               uzeboxVideoEngine.o
p1                  0x7               TankFu.o
uart_rx_head        0x1               uzeboxCore.o
masterVolume        0x1               uzeboxSoundEngine.o
nextDeltaTime       0x2               uzeboxSoundEngine.o
songSpeed           0x1               uzeboxSoundEngine.o
uart_tx_head        0x1               uzeboxCore.o
songPos             0x2               uzeboxSoundEngine.o
level               0x2ef             TankFu.o
uart_rx_tail        0x1               uzeboxCore.o
player2             0x7c              TankFu.o
loopStart           0x2               uzeboxSoundEngine.o
sub_animation       0xe               TankFu.o
scope_animation     0xe               TankFu.o
uart_rx_buf         0x40              uzeboxCore.o
netMessage          0x1c              TankFu.o
step                0x1               uzeboxSoundEngine.o
currFadeFrame       0x1               uzeboxVideoEngine.o
p1s                 0x6               TankFu.o
fadeStep            0x1               uzeboxVideoEngine.o
uart_tx_tail        0x1               uzeboxCore.o
turret2             0x34              TankFu.o
turret1             0x34              TankFu.o

Discarded input sections

 .data          0x0000000000000000        0x0 /usr/local/lib/gcc/avr/4.9.2/../../../../avr/lib/avr5/crtm644.o
 .bss           0x0000000000000000        0x0 /usr/local/lib/gcc/avr/4.9.2/../../../../avr/lib/avr5/crtm644.o
 .data          0x0000000000000000        0x0 uzeboxVideoEngineCore.o
 .text.SetSpritesTileBank
                0x0000000000000000       0x12 uzeboxVideoEngineCore.o
 .text.GetTile  0x0000000000000000       0x1e uzeboxVideoEngineCore.o
 .text.SetUserPreVsyncCallback
                0x0000000000000000        0xa uzeboxVideoEngineCore.o
 .text.SetUserPostVsyncCallback
                0x0000000000000000        0xa uzeboxVideoEngineCore.o
 .text.IsRunningInEmulator
                0x0000000000000000       0x12 uzeboxVideoEngineCore.o
 .text.WaitClocks
                0x0000000000000000        0x6 uzeboxVideoEngineCore.o
 .text.SetLedOn
                0x0000000000000000        0x4 uzeboxVideoEngineCore.o
 .text.SetLedOff
                0x0000000000000000        0x4 uzeboxVideoEngineCore.o
 .text.ToggleLed
                0x0000000000000000        0x4 uzeboxVideoEngineCore.o
 .text.internal_spi_byte
                0x0000000000000000        0xe uzeboxVideoEngineCore.o
 .text          0x0000000000000000        0x0 uzeboxCore.o
 .data          0x0000000000000000        0x0 uzeboxCore.o
 .text.SetRenderingParameters
                0x0000000000000000        0xa uzeboxCore.o
 .text.DetectControllers
                0x0000000000000000       0x36 uzeboxCore.o
 .text.FormatEeprom2
                0x0000000000000000       0x98 uzeboxCore.o
 .text.IsPowerSwitchPressed
                0x0000000000000000        0xe uzeboxCore.o
 .text.UartGoBack
                0x0000000000000000       0x16 uzeboxCore.o
 .text.IsUartRxBufferEmpty
                0x0000000000000000       0x10 uzeboxCore.o
 .text.IsUartTxBufferEmpty
                0x0000000000000000       0x10 uzeboxCore.o
 .text.IsUartTxBufferFull
                0x0000000000000000       0x14 uzeboxCore.o
 .text          0x0000000000000000        0x0 uzeboxSoundEngine.o
 .data          0x0000000000000000        0x0 uzeboxSoundEngine.o
 .text.StartSong
                0x0000000000000000       0x52 uzeboxSoundEngine.o
 .text.StopSong
                0x0000000000000000       0x18 uzeboxSoundEngine.o
 .text.ResumeSong
                0x0000000000000000        0x8 uzeboxSoundEngine.o
 .text.SetSongSpeed
                0x0000000000000000        0x6 uzeboxSoundEngine.o
 .text.GetSongSpeed
                0x0000000000000000        0x6 uzeboxSoundEngine.o
 .text.GetMasterVolume
                0x0000000000000000        0x6 uzeboxSoundEngine.o
 .text.IsSongPlaying
                0x0000000000000000        0x6 uzeboxSoundEngine.o
 .data          0x0000000000000000        0x0 uzeboxSoundEngineCore.o
 .text.SetMixerNoiseParams
                0x0000000000000000       0x10 uzeboxSoundEngineCore.o
 .text.SetMixerVolume
                0x0000000000000000       0x16 uzeboxSoundEngineCore.o
 .text.EnableSoundEngine
                0x0000000000000000        0x8 uzeboxSoundEngineCore.o
 .text          0x0000000000000000        0x0 uzeboxVideoEngine.o
 .bss           0x0000000000000000        0x0 uzeboxVideoEngine.o
 .text.SetUserRamTilesCount
                0x0000000000000000        0x6 uzeboxVideoEngine.o
 .text.GetUserRamTile
                0x0000000000000000        0xe uzeboxVideoEngine.o
 .text.SetSpriteVisibility
                0x0000000000000000        0x6 uzeboxVideoEngine.o
 .text.MapSprite
                0x0000000000000000       0x80 uzeboxVideoEngine.o
 .text.PrintLong
                0x0000000000000000       0x8a uzeboxVideoEngine.o
 .text.PrintInt
                0x0000000000000000       0x70 uzeboxVideoEngine.o
 .text.PrintBinaryByte
                0x0000000000000000       0x36 uzeboxVideoEngine.o
 .text.PrintHexByte
                0x0000000000000000       0x40 uzeboxVideoEngine.o
 .text.PrintHexInt
                0x0000000000000000       0x24 uzeboxVideoEngine.o
 .text.PrintHexLong
                0x0000000000000000       0x5e uzeboxVideoEngine.o
 .text.PrintRam
                0x0000000000000000       0x36 uzeboxVideoEngine.o
 .text.Fill     0x0000000000000000       0x6e uzeboxVideoEngine.o
 .text.FontFill
                0x0000000000000000       0x6c uzeboxVideoEngine.o
 .text          0x0000000000000000        0x0 TankFu.o
 .text.wifiGetP
                0x0000000000000000       0x14 TankFu.o
 .text.LBGetJoyPadStateNet
                0x0000000000000000       0x24 TankFu.o
 .text.LBPrintByte
                0x0000000000000000       0x6c TankFu.o
 .text.LBWaitUs
                0x0000000000000000        0x4 TankFu.o
 .text.save_eeprom
                0x0000000000000000        0x4 TankFu.o
 .text.turret_map
                0x0000000000000000       0x14 TankFu.o
 .text.turret_shot_map
                0x0000000000000000       0x14 TankFu.o
 .text          0x0000000000000000        0x0 /usr/local/lib/gcc/avr/4.9.2/avr5/libgcc.a(_udivmodqi4.o)
 .data          0x0000000000000000        0x0 /usr/local/lib/gcc/avr/4.9.2/avr5/libgcc.a(_udivmodqi4.o)
 .bss           0x0000000000000000        0x0 /usr/local/lib/gcc/avr/4.9.2/avr5/libgcc.a(_udivmodqi4.o)
 .text.libgcc.mul
                0x0000000000000000        0x0 /usr/local/lib/gcc/avr/4.9.2/avr5/libgcc.a(_udivmodqi4.o)
 .text.libgcc   0x0000000000000000        0x0 /usr/local/lib/gcc/avr/4.9.2/avr5/libgcc.a(_udivmodqi4.o)
 .text.libgcc.prologue
                0x0000000000000000        0x0 /usr/local/lib/gcc/avr/4.9.2/avr5/libgcc.a(_udivmodqi4.o)
 .text.libgcc.builtins
                0x0000000000000000        0x0 /usr/local/lib/gcc/avr/4.9.2/avr5/libgcc.a(_udivmodqi4.o)
 .text.libgcc.fmul
                0x0000000000000000        0x0 /usr/local/lib/gcc/avr/4.9.2/avr5/libgcc.a(_udivmodqi4.o)
 .text.libgcc.fixed
                0x0000000000000000        0x0 /usr/local/lib/gcc/avr/4.9.2/avr5/libgcc.a(_udivmodqi4.o)
 .text          0x0000000000000000        0x0 /usr/local/lib/gcc/avr/4.9.2/avr5/libgcc.a(_divmodqi4.o)
 .data          0x0000000000000000        0x0 /usr/local/lib/gcc/avr/4.9.2/avr5/libgcc.a(_divmodqi4.o)
 .bss           0x0000000000000000        0x0 /usr/local/lib/gcc/avr/4.9.2/avr5/libgcc.a(_divmodqi4.o)
 .text.libgcc.mul
                0x0000000000000000        0x0 /usr/local/lib/gcc/avr/4.9.2/avr5/libgcc.a(_divmodqi4.o)
 .text.libgcc   0x0000000000000000        0x0 /usr/local/lib/gcc/avr/4.9.2/avr5/libgcc.a(_divmodqi4.o)
 .text.libgcc.prologue
                0x0000000000000000        0x0 /usr/local/lib/gcc/avr/4.9.2/avr5/libgcc.a(_divmodqi4.o)
 .text.libgcc.builtins
                0x0000000000000000        0x0 /usr/local/lib/gcc/avr/4.9.2/avr5/libgcc.a(_divmodqi4.o)
 .text.libgcc.fmul
                0x0000000000000000        0x0 /usr/local/lib/gcc/avr/4.9.2/avr5/libgcc.a(_divmodqi4.o)
 .text.libgcc.fixed
                0x0000000000000000        0x0 /usr/local/lib/gcc/avr/4.9.2/avr5/libgcc.a(_divmodqi4.o)
 .text          0x0000000000000000        0x0 /usr/local/lib/gcc/avr/4.9.2/avr5/libgcc.a(_udivmodhi4.o)
 .data          0x0000000000000000        0x0 /usr/local/lib/gcc/avr/4.9.2/avr5/libgcc.a(_udivmodhi4.o)
 .bss           0x0000000000000000        0x0 /usr/local/lib/gcc/avr/4.9.2/avr5/libgcc.a(_udivmodhi4.o)
 .text.libgcc.mul
                0x0000000000000000        0x0 /usr/local/lib/gcc/avr/4.9.2/avr5/libgcc.a(_udivmodhi4.o)
 .text.libgcc   0x0000000000000000        0x0 /usr/local/lib/gcc/avr/4.9.2/avr5/libgcc.a(_udivmodhi4.o)
 .text.libgcc.prologue
                0x0000000000000000        0x0 /usr/local/lib/gcc/avr/4.9.2/avr5/libgcc.a(_udivmodhi4.o)
 .text.libgcc.builtins
                0x0000000000000000        0x0 /usr/local/lib/gcc/avr/4.9.2/avr5/libgcc.a(_udivmodhi4.o)
 .text.libgcc.fmul
                0x0000000000000000        0x0 /usr/local/lib/gcc/avr/4.9.2/avr5/libgcc.a(_udivmodhi4.o)
 .text.libgcc.fixed
                0x0000000000000000        0x0 /usr/local/lib/gcc/avr/4.9.2/avr5/libgcc.a(_udivmodhi4.o)
 .text          0x0000000000000000        0x0 /usr/local/lib/gcc/avr/4.9.2/avr5/libgcc.a(_divmodhi4.o)
 .data          0x0000000000000000        0x0 /usr/local/lib/gcc/avr/4.9.2/avr5/libgcc.a(_divmodhi4.o)
 .bss           0x0000000000000000        0x0 /usr/local/lib/gcc/avr/4.9.2/avr5/libgcc.a(_divmodhi4.o)
 .text.libgcc.mul
                0x0000000000000000        0x0 /usr/local/lib/gcc/avr/4.9.2/avr5/libgcc.a(_divmodhi4.o)
 .text.libgcc   0x0000000000000000        0x0 /usr/local/lib/gcc/avr/4.9.2/avr5/libgcc.a(_divmodhi4.o)
 .text.libgcc.prologue
                0x0000000000000000        0x0 /usr/local/lib/gcc/avr/4.9.2/avr5/libgcc.a(_divmodhi4.o)
 .text.libgcc.builtins
                0x0000000000000000        0x0 /usr/local/lib/gcc/avr/4.9.2/avr5/libgcc.a(_divmodhi4.o)
 .text.libgcc.fmul
                0x0000000000000000        0x0 /usr/local/lib/gcc/avr/4.9.2/avr5/libgcc.a(_divmodhi4.o)
 .text.libgcc.fixed
                0x0000000000000000        0x0 /usr/local/lib/gcc/avr/4.9.2/avr5/libgcc.a(_divmodhi4.o)
 .text          0x0000000000000000        0x0 /usr/local/lib/gcc/avr/4.9.2/avr5/libgcc.a(_udivmodsi4.o)
 .data          0x0000000000000000        0x0 /usr/local/lib/gcc/avr/4.9.2/avr5/libgcc.a(_udivmodsi4.o)
 .bss           0x0000000000000000        0x0 /usr/local/lib/gcc/avr/4.9.2/avr5/libgcc.a(_udivmodsi4.o)
 .stab          0x0000000000000000      0x228 /usr/local/lib/gcc/avr/4.9.2/avr5/libgcc.a(_udivmodsi4.o)
                                        0x234 (size before relaxing)
 .text.libgcc.mul
                0x0000000000000000        0x0 /usr/local/lib/gcc/avr/4.9.2/avr5/libgcc.a(_udivmodsi4.o)
 .text.libgcc.div
                0x0000000000000000       0x44 /usr/local/lib/gcc/avr/4.9.2/avr5/libgcc.a(_udivmodsi4.o)
 .text.libgcc   0x0000000000000000        0x0 /usr/local/lib/gcc/avr/4.9.2/avr5/libgcc.a(_udivmodsi4.o)
 .text.libgcc.prologue
                0x0000000000000000        0x0 /usr/local/lib/gcc/avr/4.9.2/avr5/libgcc.a(_udivmodsi4.o)
 .text.libgcc.builtins
                0x0000000000000000        0x0 /usr/local/lib/gcc/avr/4.9.2/avr5/libgcc.a(_udivmodsi4.o)
 .text.libgcc.fmul
                0x0000000000000000        0x0 /usr/local/lib/gcc/avr/4.9.2/avr5/libgcc.a(_udivmodsi4.o)
 .text.libgcc.fixed
                0x0000000000000000        0x0 /usr/local/lib/gcc/avr/4.9.2/avr5/libgcc.a(_udivmodsi4.o)
 .text          0x0000000000000000        0x0 /usr/local/lib/gcc/avr/4.9.2/avr5/libgcc.a(_exit.o)
 .data          0x0000000000000000        0x0 /usr/local/lib/gcc/avr/4.9.2/avr5/libgcc.a(_exit.o)
 .bss           0x0000000000000000        0x0 /usr/local/lib/gcc/avr/4.9.2/avr5/libgcc.a(_exit.o)
 .text.libgcc.mul
                0x0000000000000000        0x0 /usr/local/lib/gcc/avr/4.9.2/avr5/libgcc.a(_exit.o)
 .text.libgcc.div
                0x0000000000000000        0x0 /usr/local/lib/gcc/avr/4.9.2/avr5/libgcc.a(_exit.o)
 .text.libgcc   0x0000000000000000        0x0 /usr/local/lib/gcc/avr/4.9.2/avr5/libgcc.a(_exit.o)
 .text.libgcc.prologue
                0x0000000000000000        0x0 /usr/local/lib/gcc/avr/4.9.2/avr5/libgcc.a(_exit.o)
 .text.libgcc.builtins
                0x0000000000000000        0x0 /usr/local/lib/gcc/avr/4.9.2/avr5/libgcc.a(_exit.o)
 .text.libgcc.fmul
                0x0000000000000000        0x0 /usr/local/lib/gcc/avr/4.9.2/avr5/libgcc.a(_exit.o)
 .text.libgcc.fixed
                0x0000000000000000        0x0 /usr/local/lib/gcc/avr/4.9.2/avr5/libgcc.a(_exit.o)
 .text          0x0000000000000000        0x0 /usr/local/lib/gcc/avr/4.9.2/avr5/libgcc.a(_copy_data.o)
 .data          0x0000000000000000        0x0 /usr/local/lib/gcc/avr/4.9.2/avr5/libgcc.a(_copy_data.o)
 .bss           0x0000000000000000        0x0 /usr/local/lib/gcc/avr/4.9.2/avr5/libgcc.a(_copy_data.o)
 .text.libgcc.mul
                0x0000000000000000        0x0 /usr/local/lib/gcc/avr/4.9.2/avr5/libgcc.a(_copy_data.o)
 .text.libgcc.div
                0x0000000000000000        0x0 /usr/local/lib/gcc/avr/4.9.2/avr5/libgcc.a(_copy_data.o)
 .text.libgcc   0x0000000000000000        0x0 /usr/local/lib/gcc/avr/4.9.2/avr5/libgcc.a(_copy_data.o)
 .text.libgcc.prologue
                0x0000000000000000        0x0 /usr/local/lib/gcc/avr/4.9.2/avr5/libgcc.a(_copy_data.o)
 .text.libgcc.builtins
                0x0000000000000000        0x0 /usr/local/lib/gcc/avr/4.9.2/avr5/libgcc.a(_copy_data.o)
 .text.libgcc.fmul
                0x0000000000000000        0x0 /usr/local/lib/gcc/avr/4.9.2/avr5/libgcc.a(_copy_data.o)
 .text.libgcc.fixed
                0x0000000000000000        0x0 /usr/local/lib/gcc/avr/4.9.2/avr5/libgcc.a(_copy_data.o)
 .text          0x0000000000000000        0x0 /usr/local/lib/gcc/avr/4.9.2/avr5/libgcc.a(_clear_bss.o)
 .data          0x0000000000000000        0x0 /usr/local/lib/gcc/avr/4.9.2/avr5/libgcc.a(_clear_bss.o)
 .bss           0x0000000000000000        0x0 /usr/local/lib/gcc/avr/4.9.2/avr5/libgcc.a(_clear_bss.o)
 .text.libgcc.mul
                0x0000000000000000        0x0 /usr/local/lib/gcc/avr/4.9.2/avr5/libgcc.a(_clear_bss.o)
 .text.libgcc.div
                0x0000000000000000        0x0 /usr/local/lib/gcc/avr/4.9.2/avr5/libgcc.a(_clear_bss.o)
 .text.libgcc   0x0000000000000000        0x0 /usr/local/lib/gcc/avr/4.9.2/avr5/libgcc.a(_clear_bss.o)
 .text.libgcc.prologue
                0x0000000000000000        0x0 /usr/local/lib/gcc/avr/4.9.2/avr5/libgcc.a(_clear_bss.o)
 .text.libgcc.builtins
                0x0000000000000000        0x0 /usr/local/lib/gcc/avr/4.9.2/avr5/libgcc.a(_clear_bss.o)
 .text.libgcc.fmul
                0x0000000000000000        0x0 /usr/local/lib/gcc/avr/4.9.2/avr5/libgcc.a(_clear_bss.o)
 .text.libgcc.fixed
                0x0000000000000000        0x0 /usr/local/lib/gcc/avr/4.9.2/avr5/libgcc.a(_clear_bss.o)
 .text          0x0000000000000000        0x0 /usr/local/lib/gcc/avr/4.9.2/../../../../avr/lib/avr5/libm.a(addsf3.o)
 .data          0x0000000000000000        0x0 /usr/local/lib/gcc/avr/4.9.2/../../../../avr/lib/avr5/libm.a(addsf3.o)
 .bss           0x0000000000000000        0x0 /usr/local/lib/gcc/avr/4.9.2/../../../../avr/lib/avr5/libm.a(addsf3.o)
 .text          0x0000000000000000        0x0 /usr/local/lib/gcc/avr/4.9.2/../../../../avr/lib/avr5/libm.a(addsf3x.o)
 .data          0x0000000000000000        0x0 /usr/local/lib/gcc/avr/4.9.2/../../../../avr/lib/avr5/libm.a(addsf3x.o)
 .bss           0x0000000000000000        0x0 /usr/local/lib/gcc/avr/4.9.2/../../../../avr/lib/avr5/libm.a(addsf3x.o)
 .text          0x0000000000000000        0x0 /usr/local/lib/gcc/avr/4.9.2/../../../../avr/lib/avr5/libm.a(cmpsf2.o)
 .data          0x0000000000000000        0x0 /usr/local/lib/gcc/avr/4.9.2/../../../../avr/lib/avr5/libm.a(cmpsf2.o)
 .bss           0x0000000000000000        0x0 /usr/local/lib/gcc/avr/4.9.2/../../../../avr/lib/avr5/libm.a(cmpsf2.o)
 .text          0x0000000000000000        0x0 /usr/local/lib/gcc/avr/4.9.2/../../../../avr/lib/avr5/libm.a(divsf3.o)
 .data          0x0000000000000000        0x0 /usr/local/lib/gcc/avr/4.9.2/../../../../avr/lib/avr5/libm.a(divsf3.o)
 .bss           0x0000000000000000        0x0 /usr/local/lib/gcc/avr/4.9.2/../../../../avr/lib/avr5/libm.a(divsf3.o)
 .text          0x0000000000000000        0x0 /usr/local/lib/gcc/avr/4.9.2/../../../../avr/lib/avr5/libm.a(divsf3x.o)
 .data          0x0000000000000000        0x0 /usr/local/lib/gcc/avr/4.9.2/../../../../avr/lib/avr5/libm.a(divsf3x.o)
 .bss           0x0000000000000000        0x0 /usr/local/lib/gcc/avr/4.9.2/../../../../avr/lib/avr5/libm.a(divsf3x.o)
 .text          0x0000000000000000        0x0 /usr/local/lib/gcc/avr/4.9.2/../../../../avr/lib/avr5/libm.a(fixsfsi.o)
 .data          0x0000000000000000        0x0 /usr/local/lib/gcc/avr/4.9.2/../../../../avr/lib/avr5/libm.a(fixsfsi.o)
 .bss           0x0000000000000000        0x0 /usr/local/lib/gcc/avr/4.9.2/../../../../avr/lib/avr5/libm.a(fixsfsi.o)
 .text          0x0000000000000000        0x0 /usr/local/lib/gcc/avr/4.9.2/../../../../avr/lib/avr5/libm.a(fixunssfsi.o)
 .data          0x0000000000000000        0x0 /usr/local/lib/gcc/avr/4.9.2/../../../../avr/lib/avr5/libm.a(fixunssfsi.o)
 .bss           0x0000000000000000        0x0 /usr/local/lib/gcc/avr/4.9.2/../../../../avr/lib/avr5/libm.a(fixunssfsi.o)
 .text          0x0000000000000000        0x0 /usr/local/lib/gcc/avr/4.9.2/../../../../avr/lib/avr5/libm.a(floatsisf.o)
 .data          0x0000000000000000        0x0 /usr/local/lib/gcc/avr/4.9.2/../../../../avr/lib/avr5/libm.a(floatsisf.o)
 .bss           0x0000000000000000        0x0 /usr/local/lib/gcc/avr/4.9.2/../../../../avr/lib/avr5/libm.a(floatsisf.o)
 .text          0x0000000000000000        0x0 /usr/local/lib/gcc/avr/4.9.2/../../../../avr/lib/avr5/libm.a(fp_cmp.o)
 .data          0x0000000000000000        0x0 /usr/local/lib/gcc/avr/4.9.2/../../../../avr/lib/avr5/libm.a(fp_cmp.o)
 .bss           0x0000000000000000        0x0 /usr/local/lib/gcc/avr/4.9.2/../../../../avr/lib/avr5/libm.a(fp_cmp.o)
 .text          0x0000000000000000        0x0 /usr/local/lib/gcc/avr/4.9.2/../../../../avr/lib/avr5/libm.a(fp_inf.o)
 .data          0x0000000000000000        0x0 /usr/local/lib/gcc/avr/4.9.2/../../../../avr/lib/avr5/libm.a(fp_inf.o)
 .bss           0x0000000000000000        0x0 /usr/local/lib/gcc/avr/4.9.2/../../../../avr/lib/avr5/libm.a(fp_inf.o)
 .text          0x0000000000000000        0x0 /usr/local/lib/gcc/avr/4.9.2/../../../../avr/lib/avr5/libm.a(fp_nan.o)
 .data          0x0000000000000000        0x0 /usr/local/lib/gcc/avr/4.9.2/../../../../avr/lib/avr5/libm.a(fp_nan.o)
 .bss           0x0000000000000000        0x0 /usr/local/lib/gcc/avr/4.9.2/../../../../avr/lib/avr5/libm.a(fp_nan.o)
 .text          0x0000000000000000        0x0 /usr/local/lib/gcc/avr/4.9.2/../../../../avr/lib/avr5/libm.a(fp_pscA.o)
 .data          0x0000000000000000        0x0 /usr/local/lib/gcc/avr/4.9.2/../../../../avr/lib/avr5/libm.a(fp_pscA.o)
 .bss           0x0000000000000000        0x0 /usr/local/lib/gcc/avr/4.9.2/../../../../avr/lib/avr5/libm.a(fp_pscA.o)
 .text          0x0000000000000000        0x0 /usr/local/lib/gcc/avr/4.9.2/../../../../avr/lib/avr5/libm.a(fp_pscB.o)
 .data          0x0000000000000000        0x0 /usr/local/lib/gcc/avr/4.9.2/../../../../avr/lib/avr5/libm.a(fp_pscB.o)
 .bss           0x0000000000000000        0x0 /usr/local/lib/gcc/avr/4.9.2/../../../../avr/lib/avr5/libm.a(fp_pscB.o)
 .text          0x0000000000000000        0x0 /usr/local/lib/gcc/avr/4.9.2/../../../../avr/lib/avr5/libm.a(fp_round.o)
 .data          0x0000000000000000        0x0 /usr/local/lib/gcc/avr/4.9.2/../../../../avr/lib/avr5/libm.a(fp_round.o)
 .bss           0x0000000000000000        0x0 /usr/local/lib/gcc/avr/4.9.2/../../../../avr/lib/avr5/libm.a(fp_round.o)
 .text          0x0000000000000000        0x0 /usr/local/lib/gcc/avr/4.9.2/../../../../avr/lib/avr5/libm.a(fp_split3.o)
 .data          0x0000000000000000        0x0 /usr/local/lib/gcc/avr/4.9.2/../../../../avr/lib/avr5/libm.a(fp_split3.o)
 .bss           0x0000000000000000        0x0 /usr/local/lib/gcc/avr/4.9.2/../../../../avr/lib/avr5/libm.a(fp_split3.o)
 .text          0x0000000000000000        0x0 /usr/local/lib/gcc/avr/4.9.2/../../../../avr/lib/avr5/libm.a(fp_zero.o)
 .data          0x0000000000000000        0x0 /usr/local/lib/gcc/avr/4.9.2/../../../../avr/lib/avr5/libm.a(fp_zero.o)
 .bss           0x0000000000000000        0x0 /usr/local/lib/gcc/avr/4.9.2/../../../../avr/lib/avr5/libm.a(fp_zero.o)
 .text          0x0000000000000000        0x0 /usr/local/lib/gcc/avr/4.9.2/../../../../avr/lib/avr5/libm.a(gesf2.o)
 .data          0x0000000000000000        0x0 /usr/local/lib/gcc/avr/4.9.2/../../../../avr/lib/avr5/libm.a(gesf2.o)
 .bss           0x0000000000000000        0x0 /usr/local/lib/gcc/avr/4.9.2/../../../../avr/lib/avr5/libm.a(gesf2.o)
 .text          0x0000000000000000        0x0 /usr/local/lib/gcc/avr/4.9.2/../../../../avr/lib/avr5/libm.a(mulsf3.o)
 .data          0x0000000000000000        0x0 /usr/local/lib/gcc/avr/4.9.2/../../../../avr/lib/avr5/libm.a(mulsf3.o)
 .bss           0x0000000000000000        0x0 /usr/local/lib/gcc/avr/4.9.2/../../../../avr/lib/avr5/libm.a(mulsf3.o)
 .text          0x0000000000000000        0x0 /usr/local/lib/gcc/avr/4.9.2/../../../../avr/lib/avr5/libm.a(mulsf3x.o)
 .data          0x0000000000000000        0x0 /usr/local/lib/gcc/avr/4.9.2/../../../../avr/lib/avr5/libm.a(mulsf3x.o)
 .bss           0x0000000000000000        0x0 /usr/local/lib/gcc/avr/4.9.2/../../../../avr/lib/avr5/libm.a(mulsf3x.o)
 .text          0x0000000000000000        0x0 /usr/local/lib/gcc/avr/4.9.2/../../../../avr/lib/avr5/libc.a(memcpy_P.o)
 .data          0x0000000000000000        0x0 /usr/local/lib/gcc/avr/4.9.2/../../../../avr/lib/avr5/libc.a(memcpy_P.o)
 .bss           0x0000000000000000        0x0 /usr/local/lib/gcc/avr/4.9.2/../../../../avr/lib/avr5/libc.a(memcpy_P.o)
 .text          0x0000000000000000        0x0 /usr/local/lib/gcc/avr/4.9.2/../../../../avr/lib/avr5/libc.a(strnlen_P.o)
 .data          0x0000000000000000        0x0 /usr/local/lib/gcc/avr/4.9.2/../../../../avr/lib/avr5/libc.a(strnlen_P.o)
 .bss           0x0000000000000000        0x0 /usr/local/lib/gcc/avr/4.9.2/../../../../avr/lib/avr5/libc.a(strnlen_P.o)
 .text          0x0000000000000000        0x0 /usr/local/lib/gcc/avr/4.9.2/../../../../avr/lib/avr5/libc.a(strupr.o)
 .data          0x0000000000000000        0x0 /usr/local/lib/gcc/avr/4.9.2/../../../../avr/lib/avr5/libc.a(strupr.o)
 .bss           0x0000000000000000        0x0 /usr/local/lib/gcc/avr/4.9.2/../../../../avr/lib/avr5/libc.a(strupr.o)
 .text          0x0000000000000000        0x0 /usr/local/lib/gcc/avr/4.9.2/../../../../avr/lib/avr5/libc.a(sprintf.o)
 .data          0x0000000000000000        0x0 /usr/local/lib/gcc/avr/4.9.2/../../../../avr/lib/avr5/libc.a(sprintf.o)
 .bss           0x0000000000000000        0x0 /usr/local/lib/gcc/avr/4.9.2/../../../../avr/lib/avr5/libc.a(sprintf.o)
 .text          0x0000000000000000        0x0 /usr/local/lib/gcc/avr/4.9.2/../../../../avr/lib/avr5/libc.a(vfprintf_std.o)
 .data          0x0000000000000000        0x0 /usr/local/lib/gcc/avr/4.9.2/../../../../avr/lib/avr5/libc.a(vfprintf_std.o)
 .bss           0x0000000000000000        0x0 /usr/local/lib/gcc/avr/4.9.2/../../../../avr/lib/avr5/libc.a(vfprintf_std.o)
 .text          0x0000000000000000        0x0 /usr/local/lib/gcc/avr/4.9.2/../../../../avr/lib/avr5/libc.a(strnlen.o)
 .data          0x0000000000000000        0x0 /usr/local/lib/gcc/avr/4.9.2/../../../../avr/lib/avr5/libc.a(strnlen.o)
 .bss           0x0000000000000000        0x0 /usr/local/lib/gcc/avr/4.9.2/../../../../avr/lib/avr5/libc.a(strnlen.o)
 .text          0x0000000000000000        0x0 /usr/local/lib/gcc/avr/4.9.2/../../../../avr/lib/avr5/libc.a(fputc.o)
 .data          0x0000000000000000        0x0 /usr/local/lib/gcc/avr/4.9.2/../../../../avr/lib/avr5/libc.a(fputc.o)
 .bss           0x0000000000000000        0x0 /usr/local/lib/gcc/avr/4.9.2/../../../../avr/lib/avr5/libc.a(fputc.o)
 .text          0x0000000000000000        0x0 /usr/local/lib/gcc/avr/4.9.2/../../../../avr/lib/avr5/libc.a(ultoa_invert.o)
 .data          0x0000000000000000        0x0 /usr/local/lib/gcc/avr/4.9.2/../../../../avr/lib/avr5/libc.a(ultoa_invert.o)
 .bss           0x0000000000000000        0x0 /usr/local/lib/gcc/avr/4.9.2/../../../../avr/lib/avr5/libc.a(ultoa_invert.o)
 .text          0x0000000000000000        0x0 /usr/local/lib/gcc/avr/4.9.2/avr5/libgcc.a(_prologue.o)
 .data          0x0000000000000000        0x0 /usr/local/lib/gcc/avr/4.9.2/avr5/libgcc.a(_prologue.o)
 .bss           0x0000000000000000        0x0 /usr/local/lib/gcc/avr/4.9.2/avr5/libgcc.a(_prologue.o)
 .text.libgcc.mul
                0x0000000000000000        0x0 /usr/local/lib/gcc/avr/4.9.2/avr5/libgcc.a(_prologue.o)
 .text.libgcc.div
                0x0000000000000000        0x0 /usr/local/lib/gcc/avr/4.9.2/avr5/libgcc.a(_prologue.o)
 .text.libgcc   0x0000000000000000        0x0 /usr/local/lib/gcc/avr/4.9.2/avr5/libgcc.a(_prologue.o)
 .text.libgcc.builtins
                0x0000000000000000        0x0 /usr/local/lib/gcc/avr/4.9.2/avr5/libgcc.a(_prologue.o)
 .text.libgcc.fmul
                0x0000000000000000        0x0 /usr/local/lib/gcc/avr/4.9.2/avr5/libgcc.a(_prologue.o)
 .text.libgcc.fixed
                0x0000000000000000        0x0 /usr/local/lib/gcc/avr/4.9.2/avr5/libgcc.a(_prologue.o)
 .text          0x0000000000000000        0x0 /usr/local/lib/gcc/avr/4.9.2/avr5/libgcc.a(_epilogue.o)
 .data          0x0000000000000000        0x0 /usr/local/lib/gcc/avr/4.9.2/avr5/libgcc.a(_epilogue.o)
 .bss           0x0000000000000000        0x0 /usr/local/lib/gcc/avr/4.9.2/avr5/libgcc.a(_epilogue.o)
 .text.libgcc.mul
                0x0000000000000000        0x0 /usr/local/lib/gcc/avr/4.9.2/avr5/libgcc.a(_epilogue.o)
 .text.libgcc.div
                0x0000000000000000        0x0 /usr/local/lib/gcc/avr/4.9.2/avr5/libgcc.a(_epilogue.o)
 .text.libgcc   0x0000000000000000        0x0 /usr/local/lib/gcc/avr/4.9.2/avr5/libgcc.a(_epilogue.o)
 .text.libgcc.builtins
                0x0000000000000000        0x0 /usr/local/lib/gcc/avr/4.9.2/avr5/libgcc.a(_epilogue.o)
 .text.libgcc.fmul
                0x0000000000000000        0x0 /usr/local/lib/gcc/avr/4.9.2/avr5/libgcc.a(_epilogue.o)
 .text.libgcc.fixed
                0x0000000000000000        0x0 /usr/local/lib/gcc/avr/4.9.2/avr5/libgcc.a(_epilogue.o)

Memory Configuration

Name             Origin             Length             Attributes
text             0x0000000000000000 0x0000000000020000 xr
data             0x0000000000800060 0x000000000000ffa0 rw !x
eeprom           0x0000000000810000 0x0000000000010000 rw !x
fuse             0x0000000000820000 0x0000000000000400 rw !x
lock             0x0000000000830000 0x0000000000000400 rw !x
signature        0x0000000000840000 0x0000000000000400 rw !x
*default*        0x0000000000000000 0xffffffffffffffff

Linker script and memory map

Address of section .data set to 0x800100
LOAD /usr/local/lib/gcc/avr/4.9.2/../../../../avr/lib/avr5/crtm644.o
LOAD uzeboxVideoEngineCore.o
LOAD uzeboxCore.o
LOAD uzeboxSoundEngine.o
LOAD uzeboxSoundEngineCore.o
LOAD uzeboxVideoEngine.o
LOAD TankFu.o
START GROUP
LOAD /usr/local/lib/gcc/avr/4.9.2/avr5/libgcc.a
LOAD /usr/local/lib/gcc/avr/4.9.2/../../../../avr/lib/avr5/libm.a
LOAD /usr/local/lib/gcc/avr/4.9.2/../../../../avr/lib/avr5/libc.a
END GROUP

.hash
 *(.hash)

.dynsym
 *(.dynsym)

.dynstr
 *(.dynstr)

.gnu.version
 *(.gnu.version)

.gnu.version_d
 *(.gnu.version_d)

.gnu.version_r
 *(.gnu.version_r)

.rel.init
 *(.rel.init)

.rela.init
 *(.rela.init)

.rel.text
 *(.rel.text)
 *(.rel.text.*)
 *(.rel.gnu.linkonce.t*)

.rela.text
 *(.rela.text)
 *(.rela.text.*)
 *(.rela.gnu.linkonce.t*)

.rel.fini
 *(.rel.fini)

.rela.fini
 *(.rela.fini)

.rel.rodata
 *(.rel.rodata)
 *(.rel.rodata.*)
 *(.rel.gnu.linkonce.r*)

.rela.rodata
 *(.rela.rodata)
 *(.rela.rodata.*)
 *(.rela.gnu.linkonce.r*)

.rel.data
 *(.rel.data)
 *(.rel.data.*)
 *(.rel.gnu.linkonce.d*)

.rela.data
 *(.rela.data)
 *(.rela.data.*)
 *(.rela.gnu.linkonce.d*)

.rel.ctors
 *(.rel.ctors)

.rela.ctors
 *(.rela.ctors)

.rel.dtors
 *(.rel.dtors)

.rela.dtors
 *(.rela.dtors)

.rel.got
 *(.rel.got)

.rela.got
 *(.rela.got)

.rel.bss
 *(.rel.bss)

.rela.bss
 *(.rela.bss)

.rel.plt
 *(.rel.plt)

.rela.plt
 *(.rela.plt)

.text           0x0000000000000000     0xeeaa
 *(.vectors)
 .vectors       0x0000000000000000       0x70 /usr/local/lib/gcc/avr/4.9.2/../../../../avr/lib/avr5/crtm644.o
                0x0000000000000000                __vectors
                0x0000000000000000                __vector_default
 *(.vectors)
 *(.progmem.gcc*)
                0x0000000000000070                . = ALIGN (0x2)
                0x0000000000000070                __trampolines_start = .
 *(.trampolines)
 .trampolines   0x0000000000000070        0x0 linker stubs
 *(.trampolines*)
                0x0000000000000070                __trampolines_end = .
 *(.progmem*)
 .progmem.data  0x0000000000000070       0x4e uzeboxCore.o
                0x0000000000000070                io_table
                0x000000000000009e                eeprom_format_table
 .progmem.data  0x00000000000000be       0x1e uzeboxSoundEngine.o
                0x00000000000000be                patchCommands
 .progmem.data  0x00000000000000dc        0xc uzeboxVideoEngine.o
                0x00000000000000dc                fader
 .progmem.data  0x00000000000000e8     0x6aa9 TankFu.o
                0x00000000000002bb                bauds
                0x00000000000002c9                strCredits
                0x000000000000032e                default_scores
                0x000000000000034c                default_handles
                0x000000000000036a                strLevels
                0x000000000000041a                strPaused
                0x0000000000000421                strExit
                0x000000000000042a                strTotal
                0x0000000000000431                strScore
                0x0000000000000438                strFinalScore
                0x0000000000000444                strBy
                0x0000000000000447                strOwns
                0x000000000000044c                strChangeHandle
                0x000000000000045b                strPlayer2
                0x000000000000045e                strPlayer1
                0x0000000000000461                strVertSep
                0x0000000000000463                strUnderline
                0x000000000000046f                strHandlesTitle
                0x000000000000047b                strHighscores
                0x0000000000000485                strCopyright
                0x000000000000049a                strSelectHandle
                0x00000000000004a9                strCancelHandle
                0x00000000000004b4                strReset
                0x00000000000004cd                strConfirmHandle
                0x00000000000004df                strNetworkError
                0x00000000000004ed                strEnterGameId
                0x0000000000000500                strConnecting
                0x000000000000050e                strWaitingForNetOppenent
                0x0000000000000529                strShareGameId
                0x000000000000053c                strJoinNetGame
                0x000000000000054a                strHostNetGame
                0x0000000000000558                str2Player
                0x0000000000000569                str1Player
                0x0000000000000577                my_patches
                0x00000000000005bf                ad_alarm
                0x0000000000000657                ad_navigate
                0x0000000000000668                ad_cannonball
                0x000000000000067f                ad_brick_explode
                0x00000000000006f0                ad_tank_explode
                0x00000000000007c1                level_data
                0x00000000000027fb                sprites_data
                0x000000000000313b                map_sub_turret
                0x000000000000313e                map_sub_shot
                0x0000000000003141                map_up_arrow
                0x0000000000003144                map_down_arrow
                0x0000000000003147                map_right_arrow
                0x000000000000314a                map_rocket_right_1
                0x000000000000314d                map_rocket_right_0
                0x0000000000003150                map_rocket_up_1
                0x0000000000003153                map_rocket_up_0
                0x0000000000003156                map_ball
                0x0000000000003159                map_explosion_2
                0x000000000000315f                map_explosion_1
                0x0000000000003165                map_explosion_0
                0x000000000000316b                map_tank2_right_0
                0x0000000000003171                map_tank2_up_0
                0x0000000000003177                map_tank1_right_0
                0x000000000000317d                map_tank1_up_0
                0x0000000000003183                map_tank_blank
                0x0000000000003189                map_none
                0x000000000000318c                tiles_data
                0x000000000000684c                map_sub_emerging
                0x0000000000006982                map_sub
                0x0000000000006ab8                map_scope_2
                0x0000000000006abb                map_scope_1
                0x0000000000006abe                map_scope_0
                0x0000000000006ac1                map_blue_tank
                0x0000000000006ac7                map_green_tank
                0x0000000000006acd                map_fence
                0x0000000000006ad0                map_turf
                0x0000000000006ad3                map_water
                0x0000000000006ad6                map_metal_bl
                0x0000000000006ad9                map_metal_tr
                0x0000000000006adc                map_metal_br
                0x0000000000006adf                map_metal_tl
                0x0000000000006ae2                map_tile_exp_2
                0x0000000000006ae5                map_tile_exp_1
                0x0000000000006ae8                map_tile_exp_0
                0x0000000000006aeb                map_rocket_itm
                0x0000000000006aee                map_explode_itm
                0x0000000000006af1                map_speed_itm
                0x0000000000006af4                map_metal
                0x0000000000006af7                map_brick
                0x0000000000006afa                map_splash
                0x0000000000006b50                map_pause
                0x0000000000006b8e                map_tile_none
                0x0000000000006b92                . = ALIGN (0x2)
 *fill*         0x0000000000006b91        0x1 
 *(.jumptables)
 *(.jumptables*)
 *(.lowtext)
 *(.lowtext*)
                0x0000000000006b92                __ctors_start = .
 *(.ctors)
                0x0000000000006b92                __ctors_end = .
                0x0000000000006b92                __dtors_start = .
 *(.dtors)
                0x0000000000006b92                __dtors_end = .
 SORT(*)(.ctors)
 SORT(*)(.dtors)
 *(.init0)
 .init0         0x0000000000006b92        0x0 /usr/local/lib/gcc/avr/4.9.2/../../../../avr/lib/avr5/crtm644.o
                0x0000000000006b92                __init
 *(.init0)
 *(.init1)
 *(.init1)
 *(.init2)
 .init2         0x0000000000006b92        0xc /usr/local/lib/gcc/avr/4.9.2/../../../../avr/lib/avr5/crtm644.o
 *(.init2)
 *(.init3)
 *(.init3)
 *(.init4)
 .init4         0x0000000000006b9e       0x16 /usr/local/lib/gcc/avr/4.9.2/avr5/libgcc.a(_copy_data.o)
                0x0000000000006b9e                __do_copy_data
 .init4         0x0000000000006bb4       0x10 /usr/local/lib/gcc/avr/4.9.2/avr5/libgcc.a(_clear_bss.o)
                0x0000000000006bb4                __do_clear_bss
 *(.init4)
 *(.init5)
 *(.init5)
 *(.init6)
 *(.init6)
 *(.init7)
 .init7         0x0000000000006bc4       0x16 uzeboxCore.o
                0x0000000000006bc4                wdt_init
 *(.init7)
 *(.init8)
 .init8         0x0000000000006bda       0x86 uzeboxCore.o
                0x0000000000006bda                Initialize
 *(.init8)
 *(.init9)
 .init9         0x0000000000006c60        0x8 /usr/local/lib/gcc/avr/4.9.2/../../../../avr/lib/avr5/crtm644.o
 *(.init9)
 *(.text)
 .text          0x0000000000006c68        0x4 /usr/local/lib/gcc/avr/4.9.2/../../../../avr/lib/avr5/crtm644.o
                0x0000000000006c68                __vector_20
                0x0000000000006c68                __vector_1
                0x0000000000006c68                __vector_24
                0x0000000000006c68                __vector_12
                0x0000000000006c68                __bad_interrupt
                0x0000000000006c68                __vector_6
                0x0000000000006c68                __vector_3
                0x0000000000006c68                __vector_23
                0x0000000000006c68                __vector_25
                0x0000000000006c68                __vector_11
                0x0000000000006c68                __vector_17
                0x0000000000006c68                __vector_19
                0x0000000000006c68                __vector_7
                0x0000000000006c68                __vector_27
                0x0000000000006c68                __vector_5
                0x0000000000006c68                __vector_4
                0x0000000000006c68                __vector_9
                0x0000000000006c68                __vector_2
                0x0000000000006c68                __vector_21
                0x0000000000006c68                __vector_15
                0x0000000000006c68                __vector_26
                0x0000000000006c68                __vector_10
                0x0000000000006c68                __vector_16
                0x0000000000006c68                __vector_18
                0x0000000000006c68                __vector_22
 .text          0x0000000000006c6c      0x674 uzeboxVideoEngineCore.o
                0x0000000000006ddc                CopyFlashTile
                0x0000000000006efa                CopyRamTile
                0x0000000000007014                RestoreBackground
                0x000000000000703a                BlitSpritePart
                0x0000000000007108                __vector_13
                0x0000000000007186                __vector_14
 .text          0x00000000000072e0      0x18a uzeboxSoundEngineCore.o
                0x00000000000072e0                process_music
                0x00000000000072ec                update_sound
                0x000000000000746a                . = ALIGN (0x2)
 *(.text.*)
 .text.SetSpritesTileTable
                0x000000000000746a        0xa uzeboxVideoEngineCore.o
                0x000000000000746a                SetSpritesTileTable
 .text.ClearVram
                0x0000000000007474       0x14 uzeboxVideoEngineCore.o
                0x0000000000007474                ClearVram
 .text.SetFont  0x0000000000007488        0x8 uzeboxVideoEngineCore.o
                0x0000000000007488                SetFont
 .text.SetTile  0x0000000000007490       0x1c uzeboxVideoEngineCore.o
                0x0000000000007490                SetTile
 .text.SetFontTilesIndex
                0x00000000000074ac        0x6 uzeboxVideoEngineCore.o
                0x00000000000074ac                SetFontTilesIndex
 .text.SetTileTable
                0x00000000000074b2        0xa uzeboxVideoEngineCore.o
                0x00000000000074b2                SetTileTable
 .text.GetVsyncFlag
                0x00000000000074bc        0x8 uzeboxVideoEngineCore.o
                0x00000000000074bc                GetVsyncFlag
 .text.ClearVsyncFlag
                0x00000000000074c4        0xc uzeboxVideoEngineCore.o
                0x00000000000074c4                ClearVsyncFlag
 .text.GetVsyncCounter
                0x00000000000074d0        0xa uzeboxVideoEngineCore.o
                0x00000000000074d0                GetVsyncCounter
 .text.ClearVsyncCounter
                0x00000000000074da        0xa uzeboxVideoEngineCore.o
                0x00000000000074da                ClearVsyncCounter
 .text.ReadJoypad
                0x00000000000074e4       0x18 uzeboxVideoEngineCore.o
                0x00000000000074e4                ReadJoypad
 .text.WaitUs   0x00000000000074fc        0xe uzeboxVideoEngineCore.o
                0x00000000000074fc                WaitUs
 .text.WriteEeprom
                0x000000000000750a       0x14 uzeboxVideoEngineCore.o
                0x000000000000750a                WriteEeprom
 .text.ReadEeprom
                0x000000000000751e       0x12 uzeboxVideoEngineCore.o
                0x000000000000751e                ReadEeprom
 .text.wdt_randomize
                0x0000000000007530       0x50 uzeboxVideoEngineCore.o
                0x0000000000007530                wdt_randomize
 .text.GetTrueRandomSeed
                0x0000000000007580        0xa uzeboxVideoEngineCore.o
                0x0000000000007580                GetTrueRandomSeed
 .text.__vector_8
                0x000000000000758a       0x44 uzeboxVideoEngineCore.o
                0x000000000000758a                __vector_8
 .text.SoftReset
                0x00000000000075ce       0x16 uzeboxCore.o
                0x00000000000075ce                SoftReset
 .text.ReadButtons
                0x00000000000075e4       0x6c uzeboxCore.o
                0x00000000000075e4                ReadButtons
 .text.ReadControllers
                0x0000000000007650       0x20 uzeboxCore.o
                0x0000000000007650                ReadControllers
 .text.FormatEeprom
                0x0000000000007670       0x44 uzeboxCore.o
                0x0000000000007670                FormatEeprom
 .text.isEepromFormatted
                0x00000000000076b4       0x2e uzeboxCore.o
                0x00000000000076b4                isEepromFormatted
 .text.EepromBlockExists
                0x00000000000076e2       0xa4 uzeboxCore.o
                0x00000000000076e2                EepromBlockExists
 .text.EepromWriteBlock
                0x0000000000007786       0x94 uzeboxCore.o
                0x0000000000007786                EepromWriteBlock
 .text.EepromReadBlock
                0x000000000000781a       0x66 uzeboxCore.o
                0x000000000000781a                EepromReadBlock
 .text.UartUnreadCount
                0x0000000000007880        0xc uzeboxCore.o
                0x0000000000007880                UartUnreadCount
 .text.UartReadChar
                0x000000000000788c       0x2e uzeboxCore.o
                0x000000000000788c                UartReadChar
 .text.InitUartRxBuffer
                0x00000000000078ba        0xa uzeboxCore.o
                0x00000000000078ba                InitUartRxBuffer
 .text.UartSendChar
                0x00000000000078c4       0x28 uzeboxCore.o
                0x00000000000078c4                UartSendChar
 .text.InitUartTxBuffer
                0x00000000000078ec        0xa uzeboxCore.o
                0x00000000000078ec                InitUartTxBuffer
 .text.GetPrngNumber
                0x00000000000078f6       0x5c uzeboxCore.o
                0x00000000000078f6                GetPrngNumber
 .text.PatchCommand00
                0x0000000000007952        0x6 uzeboxSoundEngine.o
                0x0000000000007952                PatchCommand00
 .text.PatchCommand01
                0x0000000000007958       0x10 uzeboxSoundEngine.o
                0x0000000000007958                PatchCommand01
 .text.PatchCommand05
                0x0000000000007968        0xa uzeboxSoundEngine.o
                0x0000000000007968                PatchCommand05
 .text.PatchCommand06
                0x0000000000007972        0xa uzeboxSoundEngine.o
                0x0000000000007972                PatchCommand06
 .text.PatchCommand07
                0x000000000000797c        0x6 uzeboxSoundEngine.o
                0x000000000000797c                PatchCommand07
 .text.PatchCommand09
                0x0000000000007982        0x6 uzeboxSoundEngine.o
                0x0000000000007982                PatchCommand09
 .text.PatchCommand10
                0x0000000000007988        0x6 uzeboxSoundEngine.o
                0x0000000000007988                PatchCommand10
 .text.PatchCommand11
                0x000000000000798e       0x76 uzeboxSoundEngine.o
                0x000000000000798e                PatchCommand11
 .text.PatchCommand12
                0x0000000000007a04        0x6 uzeboxSoundEngine.o
                0x0000000000007a04                PatchCommand12
 .text.PatchCommand13
                0x0000000000007a0a        0x6 uzeboxSoundEngine.o
                0x0000000000007a0a                PatchCommand13
 .text.PatchCommand02
                0x0000000000007a10        0x8 uzeboxSoundEngine.o
                0x0000000000007a10                PatchCommand02
 .text.PatchCommand03
                0x0000000000007a18        0xe uzeboxSoundEngine.o
                0x0000000000007a18                PatchCommand03
 .text.PatchCommand04
                0x0000000000007a26       0x10 uzeboxSoundEngine.o
                0x0000000000007a26                PatchCommand04
 .text.PatchCommand08
                0x0000000000007a36       0x20 uzeboxSoundEngine.o
                0x0000000000007a36                PatchCommand08
 .text.PatchCommand14
                0x0000000000007a56       0x54 uzeboxSoundEngine.o
                0x0000000000007a56                PatchCommand14
 .text.InitMusicPlayer
                0x0000000000007aaa       0x44 uzeboxSoundEngine.o
                0x0000000000007aaa                InitMusicPlayer
 .text.ReadVarLen
                0x0000000000007aee       0x4c uzeboxSoundEngine.o
                0x0000000000007aee                ReadVarLen
 .text.TriggerCommon
                0x0000000000007b3a       0xbe uzeboxSoundEngine.o
                0x0000000000007b3a                TriggerCommon
 .text.TriggerFx
                0x0000000000007bf8       0x90 uzeboxSoundEngine.o
                0x0000000000007bf8                TriggerFx
 .text.TriggerNote
                0x0000000000007c88       0x80 uzeboxSoundEngine.o
                0x0000000000007c88                TriggerNote
 .text.ProcessMusic
                0x0000000000007d08      0x43e uzeboxSoundEngine.o
                0x0000000000007d08                ProcessMusic
 .text.SetMasterVolume
                0x0000000000008146        0x6 uzeboxSoundEngine.o
                0x0000000000008146                SetMasterVolume
 .text.SetMixerNote
                0x000000000000814c       0x2e uzeboxSoundEngineCore.o
                0x000000000000814c                SetMixerNote
 .text.SetMixerWave
                0x000000000000817a       0x3a uzeboxSoundEngineCore.o
                0x000000000000817a                SetMixerWave
 *fill*         0x00000000000081b4       0x4c 
 .text.DisableSoundEngine
                0x0000000000008200      0xc00 uzeboxSoundEngineCore.o
                0x0000000000008200                DisableSoundEngine
                0x0000000000008208                steptable
                0x0000000000008400                waves
 .text.ProcessSprites
                0x0000000000008e00      0x1cc uzeboxVideoEngine.o
                0x0000000000008e00                ProcessSprites
 .text.MapSprite2
                0x0000000000008fcc       0xa4 uzeboxVideoEngine.o
                0x0000000000008fcc                MapSprite2
 .text.MoveSprite
                0x0000000000009070       0x4a uzeboxVideoEngine.o
                0x0000000000009070                MoveSprite
 .text.DisplayLogo
                0x00000000000090ba        0x2 uzeboxVideoEngine.o
                0x00000000000090ba                DisplayLogo
 .text.InitializeVideoMode
                0x00000000000090bc       0x1c uzeboxVideoEngine.o
                0x00000000000090bc                InitializeVideoMode
 .text.DrawMap  0x00000000000090d8       0x9a uzeboxVideoEngine.o
                0x00000000000090d8                DrawMap2
                0x00000000000090d8                DrawMap
 .text.PrintByte
                0x0000000000009172       0x66 uzeboxVideoEngine.o
                0x0000000000009172                PrintByte
 .text.Print    0x00000000000091d8       0x36 uzeboxVideoEngine.o
                0x00000000000091d8                Print
 .text.PrintChar
                0x000000000000920e        0x6 uzeboxVideoEngine.o
                0x000000000000920e                PrintChar
 .text.WaitVsync
                0x0000000000009214       0x2e uzeboxVideoEngine.o
                0x0000000000009214                WaitVsync
 .text.doFade   0x0000000000009242       0x1c uzeboxVideoEngine.o
                0x0000000000009242                doFade
 .text.FadeIn   0x000000000000925e       0x18 uzeboxVideoEngine.o
                0x000000000000925e                FadeIn
 .text.FadeOut  0x0000000000009276       0x18 uzeboxVideoEngine.o
                0x0000000000009276                FadeOut
 .text.ProcessFading
                0x000000000000928e       0x4a uzeboxVideoEngine.o
                0x000000000000928e                ProcessFading
 .text.VideoModeVsync
                0x00000000000092d8        0x4 uzeboxVideoEngine.o
                0x00000000000092d8                VideoModeVsync
 .text.LBPlaySound.part.6
                0x00000000000092dc        0x8 TankFu.o
 .text.wifiSendP
                0x00000000000092e4       0x2c TankFu.o
                0x00000000000092e4                wifiSendP
 .text.wifiSend
                0x0000000000009310       0x28 TankFu.o
                0x0000000000009310                wifiSend
 .text.wifiGetIfAvailable
                0x0000000000009338       0x4e TankFu.o
                0x0000000000009338                wifiGetIfAvailable
 .text.wifiGetPB
                0x0000000000009386       0x6a TankFu.o
                0x0000000000009386                wifiGetPB
 .text.wifiGetPBT
                0x00000000000093f0       0x74 TankFu.o
                0x00000000000093f0                wifiGetPBT
 .text.wifiRequestP
                0x0000000000009464       0x24 TankFu.o
                0x0000000000009464                wifiRequestP
 .text.wifiRequest
                0x0000000000009488       0x24 TankFu.o
                0x0000000000009488                wifiRequest
 .text.wifiRequestPT
                0x00000000000094ac       0x3e TankFu.o
                0x00000000000094ac                wifiRequestPT
 .text.initWifi
                0x00000000000094ea       0x9e TankFu.o
                0x00000000000094ea                initWifi
 .text.disablePassthroughMode
                0x0000000000009588       0x48 TankFu.o
                0x0000000000009588                disablePassthroughMode
 .text.activateNet
                0x00000000000095d0       0x10 TankFu.o
                0x00000000000095d0                activateNet
 .text.sendNetMessage
                0x00000000000095e0        0x4 TankFu.o
                0x00000000000095e0                sendNetMessage
 .text.getNetMessage
                0x00000000000095e4        0x6 TankFu.o
                0x00000000000095e4                getNetMessage
 .text.hostNetGame
                0x00000000000095ea      0x110 TankFu.o
                0x00000000000095ea                hostNetGame
 .text.joinNetGame
                0x00000000000096fa       0xd6 TankFu.o
                0x00000000000096fa                joinNetGame
 .text.LBGetNextFrame
                0x00000000000097d0       0x4a TankFu.o
                0x00000000000097d0                LBGetNextFrame
 .text.LBGetNextFrameReverse
                0x000000000000981a       0x58 TankFu.o
                0x000000000000981a                LBGetNextFrameReverse
 .text.LBGetJoyPadState
                0x0000000000009872       0x96 TankFu.o
                0x0000000000009872                LBGetJoyPadState
 .text.LBPrintStr
                0x0000000000009908       0x62 TankFu.o
                0x0000000000009908                LBPrintStr
 .text.LBCollides
                0x000000000000996a       0x54 TankFu.o
                0x000000000000996a                LBCollides
 .text.LBLineIntersect
                0x00000000000099be      0x1ac TankFu.o
                0x00000000000099be                LBLineIntersect
 .text.LBRandom
                0x0000000000009b6a       0x36 TankFu.o
                0x0000000000009b6a                LBRandom
 .text.LBWaitSeconds
                0x0000000000009ba0       0x1e TankFu.o
                0x0000000000009ba0                LBWaitSeconds
 .text.LBHideAllSprites
                0x0000000000009bbe       0x14 TankFu.o
                0x0000000000009bbe                LBHideAllSprites
 .text.LBPlaySound
                0x0000000000009bd2       0x1a TankFu.o
                0x0000000000009bd2                LBPlaySound
 .text.init_scores
                0x0000000000009bec       0x18 TankFu.o
                0x0000000000009bec                init_scores
 .text.init_handles
                0x0000000000009c04       0x18 TankFu.o
                0x0000000000009c04                init_handles
 .text.init_tile_animations
                0x0000000000009c1c       0x4e TankFu.o
                0x0000000000009c1c                init_tile_animations
 .text.init_scope_animation
                0x0000000000009c6a       0x30 TankFu.o
                0x0000000000009c6a                init_scope_animation
 .text.init_sub_animation
                0x0000000000009c9a       0x28 TankFu.o
                0x0000000000009c9a                init_sub_animation
 .text.init_shot_state
                0x0000000000009cc2       0x3a TankFu.o
                0x0000000000009cc2                init_shot_state
 .text.set_shot_animations
                0x0000000000009cfc       0x64 TankFu.o
                0x0000000000009cfc                set_shot_animations
 .text.init_turret
                0x0000000000009d60       0x64 TankFu.o
                0x0000000000009d60                init_turret
 .text.init_player
                0x0000000000009dc4       0xe4 TankFu.o
                0x0000000000009dc4                init_player
 .text.player_init_shot_state
                0x0000000000009ea8        0xe TankFu.o
                0x0000000000009ea8                player_init_shot_state
 .text.init_game_state
                0x0000000000009eb6       0x4e TankFu.o
                0x0000000000009eb6                init_game_state
 .text.player_spawn
                0x0000000000009f04       0x50 TankFu.o
                0x0000000000009f04                player_spawn
 .text.waitForVSync
                0x0000000000009f54       0x10 TankFu.o
                0x0000000000009f54                waitForVSync
 .text.load_eeprom
                0x0000000000009f64       0x24 TankFu.o
                0x0000000000009f64                load_eeprom
 .text.fade_through
                0x0000000000009f88       0x14 TankFu.o
                0x0000000000009f88                fade_through
 .text.clear_sprites
                0x0000000000009f9c       0x1a TankFu.o
                0x0000000000009f9c                clear_sprites
 .text.save_score
                0x0000000000009fb6      0x102 TankFu.o
                0x0000000000009fb6                save_score
 .text.position_shot
                0x000000000000a0b8       0xda TankFu.o
                0x000000000000a0b8                position_shot
 .text.print_level_score
                0x000000000000a192       0x84 TankFu.o
                0x000000000000a192                print_level_score
 .text.print_final_score
                0x000000000000a216       0xb4 TankFu.o
                0x000000000000a216                print_final_score
 .text.shoot_pressed
                0x000000000000a2ca       0x14 TankFu.o
                0x000000000000a2ca                shoot_pressed
 .text.get_delta
                0x000000000000a2de       0x42 TankFu.o
                0x000000000000a2de                get_delta
 .text.render_hud
                0x000000000000a320       0x3a TankFu.o
                0x000000000000a320                render_hud
 .text.render_score
                0x000000000000a35a       0x38 TankFu.o
                0x000000000000a35a                render_score
 .text.render_player
                0x000000000000a392       0x52 TankFu.o
                0x000000000000a392                render_player
 .text.render_shot
                0x000000000000a3e4       0x58 TankFu.o
                0x000000000000a3e4                render_shot
 .text.render_tile_explosions
                0x000000000000a43c       0x6a TankFu.o
                0x000000000000a43c                render_tile_explosions
 .text.render_scope
                0x000000000000a4a6       0x34 TankFu.o
                0x000000000000a4a6                render_scope
 .text.tank_map
                0x000000000000a4da       0xd2 TankFu.o
                0x000000000000a4da                tank_map
 .text.shot_map
                0x000000000000a5ac       0x64 TankFu.o
                0x000000000000a5ac                shot_map
 .text.recoil_sprite
                0x000000000000a610       0xb4 TankFu.o
                0x000000000000a610                recoil_sprite
 .text.recoil_sprite_fine
                0x000000000000a6c4       0x6c TankFu.o
                0x000000000000a6c4                recoil_sprite_fine
 .text.solid_square_tile
                0x000000000000a730       0x24 TankFu.o
                0x000000000000a730                solid_square_tile
 .text.solid_directional_tile
                0x000000000000a754       0x2c TankFu.o
                0x000000000000a754                solid_directional_tile
 .text.solid_tile
                0x000000000000a780       0x28 TankFu.o
                0x000000000000a780                solid_tile
 .text.collides_directional_tile
                0x000000000000a7a8      0x148 TankFu.o
                0x000000000000a7a8                collides_directional_tile
 .text.player_shot
                0x000000000000a8f0       0xbe TankFu.o
                0x000000000000a8f0                player_shot
 .text.turret_shot
                0x000000000000a9ae       0x9c TankFu.o
                0x000000000000a9ae                turret_shot
 .text.collision_detect_boundries
                0x000000000000aa4a       0x9c TankFu.o
                0x000000000000aa4a                collision_detect_boundries
 .text.drop_item
                0x000000000000aae6       0x68 TankFu.o
                0x000000000000aae6                drop_item
 .text.kill_player
                0x000000000000ab4e       0xb0 TankFu.o
                0x000000000000ab4e                kill_player
 .text.get_interesting_tile_indexes_shot
                0x000000000000abfe       0x44 TankFu.o
                0x000000000000abfe                get_interesting_tile_indexes_shot
 .text.explode_tile
                0x000000000000ac42       0x7c TankFu.o
                0x000000000000ac42                explode_tile
 .text.richochet
                0x000000000000acbe       0x42 TankFu.o
                0x000000000000acbe                richochet
 .text.get_interesting_tile_indexes
                0x000000000000ad00       0x60 TankFu.o
                0x000000000000ad00                get_interesting_tile_indexes
 .text.explode_player
                0x000000000000ad60       0x42 TankFu.o
                0x000000000000ad60                explode_player
 .text.slide    0x000000000000ada2      0x176 TankFu.o
                0x000000000000ada2                slide
 .text.load_level_tiles
                0x000000000000af18       0xe6 TankFu.o
                0x000000000000af18                load_level_tiles
 .text.prep_player
                0x000000000000affe       0x24 TankFu.o
                0x000000000000affe                prep_player
 .text.load_level
                0x000000000000b022      0x148 TankFu.o
                0x000000000000b022                load_level
 .text.level_transition
                0x000000000000b16a       0x60 TankFu.o
                0x000000000000b16a                level_transition
 .text.render_boss_fight_scope_load
                0x000000000000b1ca       0x26 TankFu.o
                0x000000000000b1ca                render_boss_fight_scope_load
 .text.render_boss_fight_sub_load
                0x000000000000b1f0       0x5a TankFu.o
                0x000000000000b1f0                render_boss_fight_sub_load
 .text.render_boss_fight_sub_sinking
                0x000000000000b24a       0x2a TankFu.o
                0x000000000000b24a                render_boss_fight_sub_sinking
 .text.render_boss_turret
                0x000000000000b274       0x52 TankFu.o
                0x000000000000b274                render_boss_turret
 .text.render_boss_turret_shot
                0x000000000000b2c6       0x52 TankFu.o
                0x000000000000b2c6                render_boss_turret_shot
 .text.update_turret
                0x000000000000b318      0x124 TankFu.o
                0x000000000000b318                update_turret
 .text.load_splash
                0x000000000000b43c       0x94 TankFu.o
                0x000000000000b43c                load_splash
 .text.select_pressed
                0x000000000000b4d0       0x14 TankFu.o
                0x000000000000b4d0                select_pressed
 .text.load_tank_rank
                0x000000000000b4e4      0x136 TankFu.o
                0x000000000000b4e4                load_tank_rank
 .text.exit_game
                0x000000000000b61a       0x10 TankFu.o
                0x000000000000b61a                exit_game
 .text.resolve_scoring
                0x000000000000b62a      0x18a TankFu.o
                0x000000000000b62a                resolve_scoring
 .text.update_tank_rank
                0x000000000000b7b4       0xc4 TankFu.o
                0x000000000000b7b4                update_tank_rank
 .text._handle_select_render_helper
                0x000000000000b878      0x17a TankFu.o
                0x000000000000b878                _handle_select_render_helper
 .text.load_handle_select
                0x000000000000b9f2      0x10a TankFu.o
                0x000000000000b9f2                load_handle_select
 .text.load_host_net_game
                0x000000000000bafc       0x7e TankFu.o
                0x000000000000bafc                load_host_net_game
 .text.update_host_net_game
                0x000000000000bb7a       0x60 TankFu.o
                0x000000000000bb7a                update_host_net_game
 .text.load_join_net_game
                0x000000000000bbda       0x68 TankFu.o
                0x000000000000bbda                load_join_net_game
 .text.update_splash
                0x000000000000bc42      0x270 TankFu.o
                0x000000000000bc42                update_splash
 .text.update_join_net_game
                0x000000000000beb2      0x1be TankFu.o
                0x000000000000beb2                update_join_net_game
 .text.button_map
                0x000000000000c070       0x2c TankFu.o
                0x000000000000c070                button_map
 .text.crash_and_turn
                0x000000000000c09c      0x1fc TankFu.o
                0x000000000000c09c                crash_and_turn
 .text.get_cpu_goal_direction
                0x000000000000c298       0x66 TankFu.o
                0x000000000000c298                get_cpu_goal_direction
 .text.get_cpu_joypad_state
                0x000000000000c2fe      0x568 TankFu.o
                0x000000000000c2fe                get_cpu_joypad_state
 .text.stream_text_middle
                0x000000000000c866       0x80 TankFu.o
                0x000000000000c866                stream_text_middle
 .text.load_credits
                0x000000000000c8e6       0x24 TankFu.o
                0x000000000000c8e6                load_credits
 .text.send_net_message
                0x000000000000c90a      0x122 TankFu.o
                0x000000000000c90a                send_net_message
 .text.send_smart_net_message
                0x000000000000ca2c       0x26 TankFu.o
                0x000000000000ca2c                send_smart_net_message
 .text.get_net_message
                0x000000000000ca52      0x280 TankFu.o
                0x000000000000ca52                get_net_message
 .text.is_net_player
                0x000000000000ccd2       0x24 TankFu.o
                0x000000000000ccd2                is_net_player
 .text.collision_detect_shot
                0x000000000000ccf6      0x470 TankFu.o
                0x000000000000ccf6                collision_detect_shot
 .text.update_player
                0x000000000000d166      0x326 TankFu.o
                0x000000000000d166                update_player
 .text.collision_detect_player
                0x000000000000d48c      0x382 TankFu.o
                0x000000000000d48c                collision_detect_player
 .text.update_turret_shot
                0x000000000000d80e      0x110 TankFu.o
                0x000000000000d80e                update_turret_shot
 .text._handle_select_helper
                0x000000000000d91e      0x236 TankFu.o
                0x000000000000d91e                _handle_select_helper
 .text.update_handle_select
                0x000000000000db54       0xbc TankFu.o
                0x000000000000db54                update_handle_select
 .text.record_player_posture
                0x000000000000dc10       0x10 TankFu.o
                0x000000000000dc10                record_player_posture
 .text.player_posture_changed
                0x000000000000dc20       0x24 TankFu.o
                0x000000000000dc20                player_posture_changed
 .text.update_level
                0x000000000000dc44      0x58a TankFu.o
                0x000000000000dc44                update_level
 .text.startup.main
                0x000000000000e1ce      0x248 TankFu.o
                0x000000000000e1ce                main
 .text.libgcc.div
                0x000000000000e416       0x18 /usr/local/lib/gcc/avr/4.9.2/avr5/libgcc.a(_udivmodqi4.o)
                0x000000000000e416                __udivmodqi4
 .text.libgcc.div
                0x000000000000e42e       0x1c /usr/local/lib/gcc/avr/4.9.2/avr5/libgcc.a(_divmodqi4.o)
                0x000000000000e42e                __divmodqi4
 .text.libgcc.div
                0x000000000000e44a       0x28 /usr/local/lib/gcc/avr/4.9.2/avr5/libgcc.a(_udivmodhi4.o)
                0x000000000000e44a                __udivmodhi4
 .text.libgcc.div
                0x000000000000e472       0x28 /usr/local/lib/gcc/avr/4.9.2/avr5/libgcc.a(_divmodhi4.o)
                0x000000000000e472                __divmodhi4
                0x000000000000e472                _div
 .text.avr-libc.fplib
                0x000000000000e49a        0xa /usr/local/lib/gcc/avr/4.9.2/../../../../avr/lib/avr5/libm.a(addsf3.o)
                0x000000000000e49a                __subsf3
                0x000000000000e49c                __addsf3
 .text.avr-libc.fplib
                0x000000000000e4a4       0xc0 /usr/local/lib/gcc/avr/4.9.2/../../../../avr/lib/avr5/libm.a(addsf3x.o)
                0x000000000000e4be                __addsf3x
 .text.avr-libc.fplib
                0x000000000000e564        0x8 /usr/local/lib/gcc/avr/4.9.2/../../../../avr/lib/avr5/libm.a(cmpsf2.o)
                0x000000000000e564                __lesf2
                0x000000000000e564                __nesf2
                0x000000000000e564                __eqsf2
                0x000000000000e564                __cmpsf2
                0x000000000000e564                __ltsf2
 .text.avr-libc.fplib
                0x000000000000e56c        0x4 /usr/local/lib/gcc/avr/4.9.2/../../../../avr/lib/avr5/libm.a(divsf3.o)
                0x000000000000e56c                __divsf3
 .text.avr-libc.fplib
                0x000000000000e570       0xcc /usr/local/lib/gcc/avr/4.9.2/../../../../avr/lib/avr5/libm.a(divsf3x.o)
                0x000000000000e586                __divsf3x
                0x000000000000e58a                __divsf3_pse
 .text.avr-libc.fplib
                0x000000000000e63c        0xa /usr/local/lib/gcc/avr/4.9.2/../../../../avr/lib/avr5/libm.a(fixsfsi.o)
                0x000000000000e63c                __fixsfsi
 .text.avr-libc.fplib
                0x000000000000e646       0x58 /usr/local/lib/gcc/avr/4.9.2/../../../../avr/lib/avr5/libm.a(fixunssfsi.o)
                0x000000000000e646                __fixunssfsi
 .text.avr-libc.fplib
                0x000000000000e69e       0x7a /usr/local/lib/gcc/avr/4.9.2/../../../../avr/lib/avr5/libm.a(floatsisf.o)
                0x000000000000e69e                __floatunsisf
                0x000000000000e6a2                __floatsisf
 .text.avr-libc.fplib
                0x000000000000e718       0x48 /usr/local/lib/gcc/avr/4.9.2/../../../../avr/lib/avr5/libm.a(fp_cmp.o)
                0x000000000000e718                __fp_cmp
 .text.avr-libc.fplib
                0x000000000000e760        0xc /usr/local/lib/gcc/avr/4.9.2/../../../../avr/lib/avr5/libm.a(fp_inf.o)
                0x000000000000e760                __fp_inf
 .text.avr-libc.fplib
                0x000000000000e76c        0x6 /usr/local/lib/gcc/avr/4.9.2/../../../../avr/lib/avr5/libm.a(fp_nan.o)
                0x000000000000e76c                __fp_nan
 .text.avr-libc.fplib
                0x000000000000e772        0xe /usr/local/lib/gcc/avr/4.9.2/../../../../avr/lib/avr5/libm.a(fp_pscA.o)
                0x000000000000e772                __fp_pscA
 .text.avr-libc.fplib
                0x000000000000e780        0xe /usr/local/lib/gcc/avr/4.9.2/../../../../avr/lib/avr5/libm.a(fp_pscB.o)
                0x000000000000e780                __fp_pscB
 .text.avr-libc.fplib
                0x000000000000e78e       0x22 /usr/local/lib/gcc/avr/4.9.2/../../../../avr/lib/avr5/libm.a(fp_round.o)
                0x000000000000e78e                __fp_round
 .text.avr-libc.fplib
                0x000000000000e7b0       0x44 /usr/local/lib/gcc/avr/4.9.2/../../../../avr/lib/avr5/libm.a(fp_split3.o)
                0x000000000000e7b0                __fp_split3
                0x000000000000e7c0                __fp_splitA
 .text.avr-libc.fplib
                0x000000000000e7f4        0xe /usr/local/lib/gcc/avr/4.9.2/../../../../avr/lib/avr5/libm.a(fp_zero.o)
                0x000000000000e7f4                __fp_zero
                0x000000000000e7f6                __fp_szero
 .text.avr-libc.fplib
                0x000000000000e802        0x8 /usr/local/lib/gcc/avr/4.9.2/../../../../avr/lib/avr5/libm.a(gesf2.o)
                0x000000000000e802                __gtsf2
                0x000000000000e802                __gesf2
 .text.avr-libc.fplib
                0x000000000000e80a        0x4 /usr/local/lib/gcc/avr/4.9.2/../../../../avr/lib/avr5/libm.a(mulsf3.o)
                0x000000000000e80a                __mulsf3
 .text.avr-libc.fplib
                0x000000000000e80e       0xc2 /usr/local/lib/gcc/avr/4.9.2/../../../../avr/lib/avr5/libm.a(mulsf3x.o)
                0x000000000000e822                __mulsf3x
                0x000000000000e826                __mulsf3_pse
 .text.avr-libc
                0x000000000000e8d0       0x12 /usr/local/lib/gcc/avr/4.9.2/../../../../avr/lib/avr5/libc.a(memcpy_P.o)
                0x000000000000e8d0                memcpy_P
 .text.avr-libc
                0x000000000000e8e2       0x16 /usr/local/lib/gcc/avr/4.9.2/../../../../avr/lib/avr5/libc.a(strnlen_P.o)
                0x000000000000e8e2                strnlen_P
 .text.avr-libc
                0x000000000000e8f8       0x14 /usr/local/lib/gcc/avr/4.9.2/../../../../avr/lib/avr5/libc.a(strupr.o)
                0x000000000000e8f8                strupr
 .text.avr-libc
                0x000000000000e90c       0x46 /usr/local/lib/gcc/avr/4.9.2/../../../../avr/lib/avr5/libc.a(sprintf.o)
                0x000000000000e90c                sprintf
 .text.avr-libc
                0x000000000000e952      0x3a4 /usr/local/lib/gcc/avr/4.9.2/../../../../avr/lib/avr5/libc.a(vfprintf_std.o)
                0x000000000000e952                vfprintf
 .text.avr-libc
                0x000000000000ecf6       0x16 /usr/local/lib/gcc/avr/4.9.2/../../../../avr/lib/avr5/libc.a(strnlen.o)
                0x000000000000ecf6                strnlen
 .text.avr-libc
                0x000000000000ed0c       0x70 /usr/local/lib/gcc/avr/4.9.2/../../../../avr/lib/avr5/libc.a(fputc.o)
                0x000000000000ed0c                fputc
 .text.avr-libc
                0x000000000000ed7c       0xbc /usr/local/lib/gcc/avr/4.9.2/../../../../avr/lib/avr5/libc.a(ultoa_invert.o)
                0x000000000000ed7c                __ultoa_invert
 .text.libgcc.prologue
                0x000000000000ee38       0x38 /usr/local/lib/gcc/avr/4.9.2/avr5/libgcc.a(_prologue.o)
                0x000000000000ee38                __prologue_saves__
 .text.libgcc.prologue
                0x000000000000ee70       0x36 /usr/local/lib/gcc/avr/4.9.2/avr5/libgcc.a(_epilogue.o)
                0x000000000000ee70                __epilogue_restores__
                0x000000000000eea6                . = ALIGN (0x2)
 *(.fini9)
 .fini9         0x000000000000eea6        0x0 /usr/local/lib/gcc/avr/4.9.2/avr5/libgcc.a(_exit.o)
                0x000000000000eea6                exit
                0x000000000000eea6                _exit
 *(.fini9)
 *(.fini8)
 *(.fini8)
 *(.fini7)
 *(.fini7)
 *(.fini6)
 *(.fini6)
 *(.fini5)
 *(.fini5)
 *(.fini4)
 *(.fini4)
 *(.fini3)
 *(.fini3)
 *(.fini2)
 *(.fini2)
 *(.fini1)
 *(.fini1)
 *(.fini0)
 .fini0         0x000000000000eea6        0x4 /usr/local/lib/gcc/avr/4.9.2/avr5/libgcc.a(_exit.o)
 *(.fini0)
                0x000000000000eeaa                _etext = .

.data           0x0000000000800100       0x54 load address 0x000000000000eeaa
                0x0000000000800100                PROVIDE (__data_start, .)
 *(.data)
 .data          0x0000000000800100        0x1 uzeboxVideoEngine.o
 .data          0x0000000000800101        0xc TankFu.o
                0x0000000000800101                global_frame_counter
                0x0000000000800103                gameIdIndex
                0x0000000000800104                gameId
 *(.data*)
 *(.rodata)
 *(.rodata*)
 .rodata.str1.1
                0x000000000080010d       0x46 TankFu.o
 *(.gnu.linkonce.d*)
                0x0000000000800154                . = ALIGN (0x2)
 *fill*         0x0000000000800153        0x1 
                0x0000000000800154                _edata = .
                0x0000000000800154                PROVIDE (__data_end, .)

.bss            0x0000000000800154      0xf15
                0x0000000000800154                PROVIDE (__bss_start, .)
 *(.bss)
 *fill*         0x0000000000800154        0xc 
 .bss           0x0000000000800160      0x8e0 uzeboxVideoEngineCore.o
                0x0000000000800160                vram
                0x00000000008004a8                sprites
                0x00000000008004a8                overlay_vram
                0x00000000008004d0                ram_tiles
                0x00000000008009d0                ram_tiles_restore
                0x0000000000800a0c                free_tile_index
                0x0000000000800a0d                user_ram_tiles_c
                0x0000000000800a0e                user_ram_tiles_c_tmp
                0x0000000000800a0f                sprites_tile_banks
                0x0000000000800a1a                Screen
                0x0000000000800a1e                sync_phase
                0x0000000000800a1f                sync_pulse
                0x0000000000800a20                sync_flags
                0x0000000000800a25                first_render_line
                0x0000000000800a26                render_lines_count
                0x0000000000800a27                joypad1_status_lo
                0x0000000000800a29                joypad1_status_hi
                0x0000000000800a2b                joypad2_status_lo
                0x0000000000800a2d                joypad2_status_hi
 .bss           0x0000000000800a40        0x2 uzeboxCore.o
 .bss           0x0000000000800a42        0x1 uzeboxSoundEngine.o
                0x0000000000800a42                playSong
 .bss           0x0000000000800a43       0x19 uzeboxSoundEngineCore.o
                0x0000000000800a43                sound_enabled
                0x0000000000800a44                mixer
                0x0000000000800a57                tr4_params
                0x0000000000800a58                tr4_barrel_lo
                0x0000000000800a59                tr4_barrel_hi
 .bss           0x0000000000800a5c        0x4 TankFu.o
                0x0000000000800a5c                p_prev
 *(.bss*)
 *(COMMON)
 COMMON         0x0000000000800a60       0x85 uzeboxCore.o
                0x0000000000800a60                uart_tx_buf
                0x0000000000800aa0                joypadsConnectionStatus
                0x0000000000800aa1                uart_rx_head
                0x0000000000800aa2                uart_tx_head
                0x0000000000800aa3                uart_rx_tail
                0x0000000000800aa4                uart_rx_buf
                0x0000000000800ae4                uart_tx_tail
 COMMON         0x0000000000800ae5       0x6c uzeboxSoundEngine.o
                0x0000000000800ae5                songStart
                0x0000000000800ae7                tracks
                0x0000000000800b43                currDeltaTime
                0x0000000000800b45                patchPointers
                0x0000000000800b47                lastStatus
                0x0000000000800b48                masterVolume
                0x0000000000800b49                nextDeltaTime
                0x0000000000800b4b                songSpeed
                0x0000000000800b4c                songPos
                0x0000000000800b4e                loopStart
                0x0000000000800b50                step
 COMMON         0x0000000000800b51        0x5 uzeboxVideoEngine.o
                0x0000000000800b51                fadeSpeed
                0x0000000000800b52                fadeDir
                0x0000000000800b53                fadeActive
                0x0000000000800b54                currFadeFrame
                0x0000000000800b55                fadeStep
 COMMON         0x0000000000800b56      0x513 TankFu.o
                0x0000000000800b56                scores
                0x0000000000800b76                p2
                0x0000000000800b7d                p2s
                0x0000000000800b83                handles
                0x0000000000800ba3                game
                0x0000000000800bb7                tile_animations
                0x0000000000800bd4                wifi_status
                0x0000000000800bd5                player1
                0x0000000000800c51                p1
                0x0000000000800c58                level
                0x0000000000800f47                player2
                0x0000000000800fc3                sub_animation
                0x0000000000800fd1                scope_animation
                0x0000000000800fdf                netMessage
                0x0000000000800ffb                p1s
                0x0000000000801001                turret2
                0x0000000000801035                turret1
                0x0000000000801069                PROVIDE (__bss_end, .)
                0x000000000000eeaa                __data_load_start = LOADADDR (.data)
                0x000000000000eefe                __data_load_end = (__data_load_start + SIZEOF (.data))

.noinit         0x0000000000801069        0x0
                0x0000000000801069                PROVIDE (__noinit_start, .)
 *(.noinit*)
                0x0000000000801069                PROVIDE (__noinit_end, .)
                0x0000000000801069                _end = .
                0x0000000000801069                PROVIDE (__heap_start, .)

.eeprom         0x0000000000810000        0x0
 *(.eeprom*)
                0x0000000000810000                __eeprom_end = .

.fuse
 *(.fuse)
 *(.lfuse)
 *(.hfuse)
 *(.efuse)

.lock
 *(.lock*)

.signature
 *(.signature*)

.stab           0x0000000000000000      0x9b4
 *(.stab)
 .stab          0x0000000000000000       0xf0 /usr/local/lib/gcc/avr/4.9.2/avr5/libgcc.a(_udivmodqi4.o)
 .stab          0x00000000000000f0       0xf0 /usr/local/lib/gcc/avr/4.9.2/avr5/libgcc.a(_divmodqi4.o)
                                         0xfc (size before relaxing)
 .stab          0x00000000000001e0      0x15c /usr/local/lib/gcc/avr/4.9.2/avr5/libgcc.a(_udivmodhi4.o)
                                        0x168 (size before relaxing)
 .stab          0x000000000000033c      0x138 /usr/local/lib/gcc/avr/4.9.2/avr5/libgcc.a(_divmodhi4.o)
                                        0x144 (size before relaxing)
 .stab          0x0000000000000474       0x6c /usr/local/lib/gcc/avr/4.9.2/avr5/libgcc.a(_exit.o)
                                         0x78 (size before relaxing)
 .stab          0x00000000000004e0       0xd8 /usr/local/lib/gcc/avr/4.9.2/avr5/libgcc.a(_copy_data.o)
                                         0xe4 (size before relaxing)
 .stab          0x00000000000005b8       0xb4 /usr/local/lib/gcc/avr/4.9.2/avr5/libgcc.a(_clear_bss.o)
                                         0xc0 (size before relaxing)
 .stab          0x000000000000066c      0x1a4 /usr/local/lib/gcc/avr/4.9.2/avr5/libgcc.a(_prologue.o)
                                        0x1b0 (size before relaxing)
 .stab          0x0000000000000810      0x1a4 /usr/local/lib/gcc/avr/4.9.2/avr5/libgcc.a(_epilogue.o)
                                        0x1b0 (size before relaxing)

.stabstr        0x0000000000000000      0x34b
 *(.stabstr)
 .stabstr       0x0000000000000000      0x34b /usr/local/lib/gcc/avr/4.9.2/avr5/libgcc.a(_udivmodqi4.o)

.stab.excl
 *(.stab.excl)

.stab.exclstr
 *(.stab.exclstr)

.stab.index
 *(.stab.index)

.stab.indexstr
 *(.stab.indexstr)

.comment        0x0000000000000000       0x11
 *(.comment)
 .comment       0x0000000000000000       0x11 uzeboxCore.o
                                         0x12 (size before relaxing)
 .comment       0x0000000000000011       0x12 uzeboxSoundEngine.o
 .comment       0x0000000000000011       0x12 uzeboxVideoEngine.o
 .comment       0x0000000000000011       0x12 TankFu.o
 .comment       0x0000000000000011       0x12 /usr/local/lib/gcc/avr/4.9.2/../../../../avr/lib/avr5/libc.a(sprintf.o)
 .comment       0x0000000000000011       0x12 /usr/local/lib/gcc/avr/4.9.2/../../../../avr/lib/avr5/libc.a(vfprintf_std.o)
 .comment       0x0000000000000011       0x12 /usr/local/lib/gcc/avr/4.9.2/../../../../avr/lib/avr5/libc.a(fputc.o)

.note.gnu.build-id
 *(.note.gnu.build-id)

.debug
 *(.debug)

.line
 *(.line)

.debug_srcinfo
 *(.debug_srcinfo)

.debug_sfnames
 *(.debug_sfnames)

.debug_aranges  0x0000000000000000      0x808
 *(.debug_aranges)
 .debug_aranges
                0x0000000000000000       0xf8 uzeboxVideoEngineCore.o
 .debug_aranges
                0x00000000000000f8       0xd8 uzeboxCore.o
 .debug_aranges
                0x00000000000001d0      0x100 uzeboxSoundEngine.o
 .debug_aranges
                0x00000000000002d0       0x50 uzeboxSoundEngineCore.o
 .debug_aranges
                0x0000000000000320       0xf8 uzeboxVideoEngine.o
 .debug_aranges
                0x0000000000000418      0x3f0 TankFu.o

.debug_pubnames
 *(.debug_pubnames)

.debug_info     0x0000000000000000     0xc35c
 *(.debug_info .gnu.linkonce.wi.*)
 .debug_info    0x0000000000000000      0x672 /usr/local/lib/gcc/avr/4.9.2/../../../../avr/lib/avr5/crtm644.o
 .debug_info    0x0000000000000672       0x7d uzeboxVideoEngineCore.o
 .debug_info    0x00000000000006ef      0xcd2 uzeboxCore.o
 .debug_info    0x00000000000013c1     0x1216 uzeboxSoundEngine.o
 .debug_info    0x00000000000025d7       0x74 uzeboxSoundEngineCore.o
 .debug_info    0x000000000000264b     0x1214 uzeboxVideoEngine.o
 .debug_info    0x000000000000385f     0x8afd TankFu.o

.debug_abbrev   0x0000000000000000     0x1738
 *(.debug_abbrev)
 .debug_abbrev  0x0000000000000000      0x619 /usr/local/lib/gcc/avr/4.9.2/../../../../avr/lib/avr5/crtm644.o
 .debug_abbrev  0x0000000000000619       0x12 uzeboxVideoEngineCore.o
 .debug_abbrev  0x000000000000062b      0x36c uzeboxCore.o
 .debug_abbrev  0x0000000000000997      0x35c uzeboxSoundEngine.o
 .debug_abbrev  0x0000000000000cf3       0x12 uzeboxSoundEngineCore.o
 .debug_abbrev  0x0000000000000d05      0x39a uzeboxVideoEngine.o
 .debug_abbrev  0x000000000000109f      0x699 TankFu.o

.debug_line     0x0000000000000000     0x2928
 *(.debug_line .debug_line.* .debug_line_end)
 .debug_line    0x0000000000000000       0x1d /usr/local/lib/gcc/avr/4.9.2/../../../../avr/lib/avr5/crtm644.o
 .debug_line    0x000000000000001d      0x50b uzeboxVideoEngineCore.o
 .debug_line    0x0000000000000528      0x369 uzeboxCore.o
 .debug_line    0x0000000000000891      0x3e2 uzeboxSoundEngine.o
 .debug_line    0x0000000000000c73      0x1ae uzeboxSoundEngineCore.o
 .debug_line    0x0000000000000e21      0x45c uzeboxVideoEngine.o
 .debug_line    0x000000000000127d     0x16ab TankFu.o

.debug_frame    0x0000000000000000     0x1a40
 *(.debug_frame)
 .debug_frame   0x0000000000000000      0x25c uzeboxCore.o
 .debug_frame   0x000000000000025c      0x284 uzeboxSoundEngine.o
 .debug_frame   0x00000000000004e0      0x47c uzeboxVideoEngine.o
 .debug_frame   0x000000000000095c     0x10e4 TankFu.o

.debug_str      0x0000000000000000     0x23af
 *(.debug_str)
 .debug_str     0x0000000000000000      0x231 /usr/local/lib/gcc/avr/4.9.2/../../../../avr/lib/avr5/crtm644.o
 .debug_str     0x0000000000000231      0x5a7 uzeboxCore.o
                                        0x60d (size before relaxing)
 .debug_str     0x00000000000007d8      0x40a uzeboxSoundEngine.o
                                        0x646 (size before relaxing)
 .debug_str     0x0000000000000be2      0x2e4 uzeboxVideoEngine.o
                                        0x46f (size before relaxing)
 .debug_str     0x0000000000000ec6     0x14e9 TankFu.o
                                       0x19b9 (size before relaxing)

.debug_loc      0x0000000000000000     0xaa27
 *(.debug_loc)
 .debug_loc     0x0000000000000000      0xa8e uzeboxCore.o
 .debug_loc     0x0000000000000a8e     0x1063 uzeboxSoundEngine.o
 .debug_loc     0x0000000000001af1     0x1b2c uzeboxVideoEngine.o
 .debug_loc     0x000000000000361d     0x740a TankFu.o

.debug_macinfo
 *(.debug_macinfo)

.debug_weaknames
 *(.debug_weaknames)

.debug_funcnames
 *(.debug_funcnames)

.debug_typenames
 *(.debug_typenames)

.debug_varnames
 *(.debug_varnames)

.debug_pubtypes
 *(.debug_pubtypes)

.debug_ranges   0x0000000000000000      0x920
 *(.debug_ranges)
 .debug_ranges  0x0000000000000000       0xf0 uzeboxVideoEngineCore.o
 .debug_ranges  0x00000000000000f0       0xe0 uzeboxCore.o
 .debug_ranges  0x00000000000001d0      0x138 uzeboxSoundEngine.o
 .debug_ranges  0x0000000000000308       0x48 uzeboxSoundEngineCore.o
 .debug_ranges  0x0000000000000350      0x100 uzeboxVideoEngine.o
 .debug_ranges  0x0000000000000450      0x4d0 TankFu.o

.debug_macro
 *(.debug_macro)
OUTPUT(TankFu.elf elf32-avr)
LOAD linker stubs
