Archive member included to satisfy reference by file (symbol)

/usr/local/lib/gcc/avr/4.9.2/avr5/libgcc.a(_udivmodqi4.o)
                              uzeboxVideoEngine.o (__udivmodqi4)
/usr/local/lib/gcc/avr/4.9.2/avr5/libgcc.a(_udivmodhi4.o)
                              uzeboxVideoEngine.o (__udivmodhi4)
/usr/local/lib/gcc/avr/4.9.2/avr5/libgcc.a(_divmodhi4.o)
                              uzeboxSoundEngine.o (__divmodhi4)
/usr/local/lib/gcc/avr/4.9.2/avr5/libgcc.a(_udivmodsi4.o)
                              uzeboxVideoEngine.o (__udivmodsi4)
/usr/local/lib/gcc/avr/4.9.2/avr5/libgcc.a(_exit.o)
                              /usr/local/lib/gcc/avr/4.9.2/../../../../avr/lib/avr5/crtm644.o (exit)
/usr/local/lib/gcc/avr/4.9.2/avr5/libgcc.a(_copy_data.o)
                              uzeboxVideoEngine.o (__do_copy_data)
/usr/local/lib/gcc/avr/4.9.2/avr5/libgcc.a(_clear_bss.o)
                              uzeboxCore.o (__do_clear_bss)
/usr/local/lib/gcc/avr/4.9.2/../../../../avr/lib/avr5/libm.a(addsf3.o)
                              TankFu.o (__subsf3)
/usr/local/lib/gcc/avr/4.9.2/../../../../avr/lib/avr5/libm.a(addsf3x.o)
                              /usr/local/lib/gcc/avr/4.9.2/../../../../avr/lib/avr5/libm.a(addsf3.o) (__addsf3x)
/usr/local/lib/gcc/avr/4.9.2/../../../../avr/lib/avr5/libm.a(cmpsf2.o)
                              TankFu.o (__eqsf2)
/usr/local/lib/gcc/avr/4.9.2/../../../../avr/lib/avr5/libm.a(divsf3.o)
                              TankFu.o (__divsf3)
/usr/local/lib/gcc/avr/4.9.2/../../../../avr/lib/avr5/libm.a(divsf3x.o)
                              /usr/local/lib/gcc/avr/4.9.2/../../../../avr/lib/avr5/libm.a(divsf3.o) (__divsf3x)
/usr/local/lib/gcc/avr/4.9.2/../../../../avr/lib/avr5/libm.a(fixsfsi.o)
                              TankFu.o (__fixsfsi)
/usr/local/lib/gcc/avr/4.9.2/../../../../avr/lib/avr5/libm.a(fixunssfsi.o)
                              TankFu.o (__fixunssfsi)
/usr/local/lib/gcc/avr/4.9.2/../../../../avr/lib/avr5/libm.a(floatsisf.o)
                              TankFu.o (__floatunsisf)
/usr/local/lib/gcc/avr/4.9.2/../../../../avr/lib/avr5/libm.a(fp_cmp.o)
                              /usr/local/lib/gcc/avr/4.9.2/../../../../avr/lib/avr5/libm.a(cmpsf2.o) (__fp_cmp)
/usr/local/lib/gcc/avr/4.9.2/../../../../avr/lib/avr5/libm.a(fp_inf.o)
                              /usr/local/lib/gcc/avr/4.9.2/../../../../avr/lib/avr5/libm.a(addsf3x.o) (__fp_inf)
/usr/local/lib/gcc/avr/4.9.2/../../../../avr/lib/avr5/libm.a(fp_nan.o)
                              /usr/local/lib/gcc/avr/4.9.2/../../../../avr/lib/avr5/libm.a(addsf3x.o) (__fp_nan)
/usr/local/lib/gcc/avr/4.9.2/../../../../avr/lib/avr5/libm.a(fp_pscA.o)
                              /usr/local/lib/gcc/avr/4.9.2/../../../../avr/lib/avr5/libm.a(addsf3x.o) (__fp_pscA)
/usr/local/lib/gcc/avr/4.9.2/../../../../avr/lib/avr5/libm.a(fp_pscB.o)
                              /usr/local/lib/gcc/avr/4.9.2/../../../../avr/lib/avr5/libm.a(addsf3x.o) (__fp_pscB)
/usr/local/lib/gcc/avr/4.9.2/../../../../avr/lib/avr5/libm.a(fp_round.o)
                              /usr/local/lib/gcc/avr/4.9.2/../../../../avr/lib/avr5/libm.a(addsf3.o) (__fp_round)
/usr/local/lib/gcc/avr/4.9.2/../../../../avr/lib/avr5/libm.a(fp_split3.o)
                              /usr/local/lib/gcc/avr/4.9.2/../../../../avr/lib/avr5/libm.a(addsf3x.o) (__fp_split3)
/usr/local/lib/gcc/avr/4.9.2/../../../../avr/lib/avr5/libm.a(fp_zero.o)
                              /usr/local/lib/gcc/avr/4.9.2/../../../../avr/lib/avr5/libm.a(addsf3x.o) (__fp_zero)
/usr/local/lib/gcc/avr/4.9.2/../../../../avr/lib/avr5/libm.a(gesf2.o)
                              TankFu.o (__gtsf2)
/usr/local/lib/gcc/avr/4.9.2/../../../../avr/lib/avr5/libm.a(mulsf3.o)
                              TankFu.o (__mulsf3)
/usr/local/lib/gcc/avr/4.9.2/../../../../avr/lib/avr5/libm.a(mulsf3x.o)
                              /usr/local/lib/gcc/avr/4.9.2/../../../../avr/lib/avr5/libm.a(mulsf3.o) (__mulsf3x)
/usr/local/lib/gcc/avr/4.9.2/../../../../avr/lib/avr5/libc.a(memcpy_P.o)
                              TankFu.o (memcpy_P)
/usr/local/lib/gcc/avr/4.9.2/../../../../avr/lib/avr5/libc.a(strnlen_P.o)
                              TankFu.o (strnlen_P)

Allocating common symbols
Common symbol       size              file

songStart           0x2               uzeboxSoundEngine.o
uart_tx_buf         0x40              uzeboxCore.o
tracks              0x5c              uzeboxSoundEngine.o
scores              0x20              TankFu.o
fadeSpeed           0x1               uzeboxVideoEngine.o
p2                  0x7               TankFu.o
currDeltaTime       0x2               uzeboxSoundEngine.o
fadeDir             0x1               uzeboxVideoEngine.o
patchPointers       0x2               uzeboxSoundEngine.o
handles             0x20              TankFu.o
game                0x14              TankFu.o
tile_animations     0x1d              TankFu.o
lastStatus          0x1               uzeboxSoundEngine.o
joypadsConnectionStatus
                    0x1               uzeboxCore.o
player1             0x79              TankFu.o
fadeActive          0x1               uzeboxVideoEngine.o
p1                  0x7               TankFu.o
uart_rx_head        0x1               uzeboxCore.o
masterVolume        0x1               uzeboxSoundEngine.o
nextDeltaTime       0x2               uzeboxSoundEngine.o
songSpeed           0x1               uzeboxSoundEngine.o
uart_tx_head        0x1               uzeboxCore.o
songPos             0x2               uzeboxSoundEngine.o
level               0x2ef             TankFu.o
uart_rx_tail        0x1               uzeboxCore.o
player2             0x79              TankFu.o
loopStart           0x2               uzeboxSoundEngine.o
sub_animation       0xe               TankFu.o
scope_animation     0xe               TankFu.o
uart_rx_buf         0x40              uzeboxCore.o
step                0x1               uzeboxSoundEngine.o
currFadeFrame       0x1               uzeboxVideoEngine.o
fadeStep            0x1               uzeboxVideoEngine.o
uart_tx_tail        0x1               uzeboxCore.o
turret2             0x34              TankFu.o
turret1             0x34              TankFu.o

Discarded input sections

 .data          0x0000000000000000        0x0 /usr/local/lib/gcc/avr/4.9.2/../../../../avr/lib/avr5/crtm644.o
 .bss           0x0000000000000000        0x0 /usr/local/lib/gcc/avr/4.9.2/../../../../avr/lib/avr5/crtm644.o
 .data          0x0000000000000000        0x0 uzeboxVideoEngineCore.o
 .text.SetSpritesTileBank
                0x0000000000000000       0x12 uzeboxVideoEngineCore.o
 .text.GetTile  0x0000000000000000       0x1e uzeboxVideoEngineCore.o
 .text.GetVsyncCounter
                0x0000000000000000        0xa uzeboxVideoEngineCore.o
 .text.ClearVsyncCounter
                0x0000000000000000        0xa uzeboxVideoEngineCore.o
 .text.SetUserPreVsyncCallback
                0x0000000000000000        0xa uzeboxVideoEngineCore.o
 .text.SetUserPostVsyncCallback
                0x0000000000000000        0xa uzeboxVideoEngineCore.o
 .text.IsRunningInEmulator
                0x0000000000000000       0x12 uzeboxVideoEngineCore.o
 .text.WaitClocks
                0x0000000000000000        0x6 uzeboxVideoEngineCore.o
 .text.SetLedOn
                0x0000000000000000        0x4 uzeboxVideoEngineCore.o
 .text.SetLedOff
                0x0000000000000000        0x4 uzeboxVideoEngineCore.o
 .text.ToggleLed
                0x0000000000000000        0x4 uzeboxVideoEngineCore.o
 .text.internal_spi_byte
                0x0000000000000000        0xe uzeboxVideoEngineCore.o
 .text          0x0000000000000000        0x0 uzeboxCore.o
 .data          0x0000000000000000        0x0 uzeboxCore.o
 .text.SetRenderingParameters
                0x0000000000000000        0xa uzeboxCore.o
 .text.DetectControllers
                0x0000000000000000       0x36 uzeboxCore.o
 .text.FormatEeprom2
                0x0000000000000000       0x98 uzeboxCore.o
 .text.IsPowerSwitchPressed
                0x0000000000000000        0xe uzeboxCore.o
 .text.UartGoBack
                0x0000000000000000       0x16 uzeboxCore.o
 .text.UartUnreadCount
                0x0000000000000000        0xc uzeboxCore.o
 .text.IsUartRxBufferEmpty
                0x0000000000000000       0x10 uzeboxCore.o
 .text.UartReadChar
                0x0000000000000000       0x2e uzeboxCore.o
 .text.IsUartTxBufferEmpty
                0x0000000000000000       0x10 uzeboxCore.o
 .text.IsUartTxBufferFull
                0x0000000000000000       0x14 uzeboxCore.o
 .text.UartSendChar
                0x0000000000000000       0x28 uzeboxCore.o
 .text          0x0000000000000000        0x0 uzeboxSoundEngine.o
 .data          0x0000000000000000        0x0 uzeboxSoundEngine.o
 .text.StartSong
                0x0000000000000000       0x52 uzeboxSoundEngine.o
 .text.StopSong
                0x0000000000000000       0x18 uzeboxSoundEngine.o
 .text.ResumeSong
                0x0000000000000000        0x8 uzeboxSoundEngine.o
 .text.SetSongSpeed
                0x0000000000000000        0x6 uzeboxSoundEngine.o
 .text.GetSongSpeed
                0x0000000000000000        0x6 uzeboxSoundEngine.o
 .text.TriggerFx
                0x0000000000000000       0x90 uzeboxSoundEngine.o
 .text.GetMasterVolume
                0x0000000000000000        0x6 uzeboxSoundEngine.o
 .text.IsSongPlaying
                0x0000000000000000        0x6 uzeboxSoundEngine.o
 .data          0x0000000000000000        0x0 uzeboxSoundEngineCore.o
 .text.SetMixerNoiseParams
                0x0000000000000000       0x10 uzeboxSoundEngineCore.o
 .text.SetMixerVolume
                0x0000000000000000       0x16 uzeboxSoundEngineCore.o
 .text.EnableSoundEngine
                0x0000000000000000        0x8 uzeboxSoundEngineCore.o
 .text          0x0000000000000000        0x0 uzeboxVideoEngine.o
 .bss           0x0000000000000000        0x0 uzeboxVideoEngine.o
 .text.SetUserRamTilesCount
                0x0000000000000000        0x6 uzeboxVideoEngine.o
 .text.GetUserRamTile
                0x0000000000000000        0xe uzeboxVideoEngine.o
 .text.SetSpriteVisibility
                0x0000000000000000        0x6 uzeboxVideoEngine.o
 .text.MapSprite
                0x0000000000000000       0x80 uzeboxVideoEngine.o
 .text.PrintLong
                0x0000000000000000       0x8a uzeboxVideoEngine.o
 .text.PrintInt
                0x0000000000000000       0x70 uzeboxVideoEngine.o
 .text.PrintBinaryByte
                0x0000000000000000       0x36 uzeboxVideoEngine.o
 .text.PrintHexByte
                0x0000000000000000       0x40 uzeboxVideoEngine.o
 .text.PrintHexInt
                0x0000000000000000       0x24 uzeboxVideoEngine.o
 .text.PrintHexLong
                0x0000000000000000       0x5e uzeboxVideoEngine.o
 .text.PrintRam
                0x0000000000000000       0x36 uzeboxVideoEngine.o
 .text.Fill     0x0000000000000000       0x6e uzeboxVideoEngine.o
 .text.FontFill
                0x0000000000000000       0x6c uzeboxVideoEngine.o
 .text          0x0000000000000000        0x0 TankFu.o
 .text.LBPrintByte
                0x0000000000000000       0x6c TankFu.o
 .text.LBWaitUs
                0x0000000000000000        0x4 TankFu.o
 .text.espCommand
                0x0000000000000000        0x4 TankFu.o
 .text.save_eeprom
                0x0000000000000000        0x4 TankFu.o
 .text.turret_map
                0x0000000000000000       0x14 TankFu.o
 .text.turret_shot_map
                0x0000000000000000       0x14 TankFu.o
 .text          0x0000000000000000        0x0 /usr/local/lib/gcc/avr/4.9.2/avr5/libgcc.a(_udivmodqi4.o)
 .data          0x0000000000000000        0x0 /usr/local/lib/gcc/avr/4.9.2/avr5/libgcc.a(_udivmodqi4.o)
 .bss           0x0000000000000000        0x0 /usr/local/lib/gcc/avr/4.9.2/avr5/libgcc.a(_udivmodqi4.o)
 .text.libgcc.mul
                0x0000000000000000        0x0 /usr/local/lib/gcc/avr/4.9.2/avr5/libgcc.a(_udivmodqi4.o)
 .text.libgcc   0x0000000000000000        0x0 /usr/local/lib/gcc/avr/4.9.2/avr5/libgcc.a(_udivmodqi4.o)
 .text.libgcc.prologue
                0x0000000000000000        0x0 /usr/local/lib/gcc/avr/4.9.2/avr5/libgcc.a(_udivmodqi4.o)
 .text.libgcc.builtins
                0x0000000000000000        0x0 /usr/local/lib/gcc/avr/4.9.2/avr5/libgcc.a(_udivmodqi4.o)
 .text.libgcc.fmul
                0x0000000000000000        0x0 /usr/local/lib/gcc/avr/4.9.2/avr5/libgcc.a(_udivmodqi4.o)
 .text.libgcc.fixed
                0x0000000000000000        0x0 /usr/local/lib/gcc/avr/4.9.2/avr5/libgcc.a(_udivmodqi4.o)
 .text          0x0000000000000000        0x0 /usr/local/lib/gcc/avr/4.9.2/avr5/libgcc.a(_udivmodhi4.o)
 .data          0x0000000000000000        0x0 /usr/local/lib/gcc/avr/4.9.2/avr5/libgcc.a(_udivmodhi4.o)
 .bss           0x0000000000000000        0x0 /usr/local/lib/gcc/avr/4.9.2/avr5/libgcc.a(_udivmodhi4.o)
 .text.libgcc.mul
                0x0000000000000000        0x0 /usr/local/lib/gcc/avr/4.9.2/avr5/libgcc.a(_udivmodhi4.o)
 .text.libgcc   0x0000000000000000        0x0 /usr/local/lib/gcc/avr/4.9.2/avr5/libgcc.a(_udivmodhi4.o)
 .text.libgcc.prologue
                0x0000000000000000        0x0 /usr/local/lib/gcc/avr/4.9.2/avr5/libgcc.a(_udivmodhi4.o)
 .text.libgcc.builtins
                0x0000000000000000        0x0 /usr/local/lib/gcc/avr/4.9.2/avr5/libgcc.a(_udivmodhi4.o)
 .text.libgcc.fmul
                0x0000000000000000        0x0 /usr/local/lib/gcc/avr/4.9.2/avr5/libgcc.a(_udivmodhi4.o)
 .text.libgcc.fixed
                0x0000000000000000        0x0 /usr/local/lib/gcc/avr/4.9.2/avr5/libgcc.a(_udivmodhi4.o)
 .text          0x0000000000000000        0x0 /usr/local/lib/gcc/avr/4.9.2/avr5/libgcc.a(_divmodhi4.o)
 .data          0x0000000000000000        0x0 /usr/local/lib/gcc/avr/4.9.2/avr5/libgcc.a(_divmodhi4.o)
 .bss           0x0000000000000000        0x0 /usr/local/lib/gcc/avr/4.9.2/avr5/libgcc.a(_divmodhi4.o)
 .text.libgcc.mul
                0x0000000000000000        0x0 /usr/local/lib/gcc/avr/4.9.2/avr5/libgcc.a(_divmodhi4.o)
 .text.libgcc   0x0000000000000000        0x0 /usr/local/lib/gcc/avr/4.9.2/avr5/libgcc.a(_divmodhi4.o)
 .text.libgcc.prologue
                0x0000000000000000        0x0 /usr/local/lib/gcc/avr/4.9.2/avr5/libgcc.a(_divmodhi4.o)
 .text.libgcc.builtins
                0x0000000000000000        0x0 /usr/local/lib/gcc/avr/4.9.2/avr5/libgcc.a(_divmodhi4.o)
 .text.libgcc.fmul
                0x0000000000000000        0x0 /usr/local/lib/gcc/avr/4.9.2/avr5/libgcc.a(_divmodhi4.o)
 .text.libgcc.fixed
                0x0000000000000000        0x0 /usr/local/lib/gcc/avr/4.9.2/avr5/libgcc.a(_divmodhi4.o)
 .text          0x0000000000000000        0x0 /usr/local/lib/gcc/avr/4.9.2/avr5/libgcc.a(_udivmodsi4.o)
 .data          0x0000000000000000        0x0 /usr/local/lib/gcc/avr/4.9.2/avr5/libgcc.a(_udivmodsi4.o)
 .bss           0x0000000000000000        0x0 /usr/local/lib/gcc/avr/4.9.2/avr5/libgcc.a(_udivmodsi4.o)
 .stab          0x0000000000000000      0x228 /usr/local/lib/gcc/avr/4.9.2/avr5/libgcc.a(_udivmodsi4.o)
                                        0x234 (size before relaxing)
 .text.libgcc.mul
                0x0000000000000000        0x0 /usr/local/lib/gcc/avr/4.9.2/avr5/libgcc.a(_udivmodsi4.o)
 .text.libgcc.div
                0x0000000000000000       0x44 /usr/local/lib/gcc/avr/4.9.2/avr5/libgcc.a(_udivmodsi4.o)
 .text.libgcc   0x0000000000000000        0x0 /usr/local/lib/gcc/avr/4.9.2/avr5/libgcc.a(_udivmodsi4.o)
 .text.libgcc.prologue
                0x0000000000000000        0x0 /usr/local/lib/gcc/avr/4.9.2/avr5/libgcc.a(_udivmodsi4.o)
 .text.libgcc.builtins
                0x0000000000000000        0x0 /usr/local/lib/gcc/avr/4.9.2/avr5/libgcc.a(_udivmodsi4.o)
 .text.libgcc.fmul
                0x0000000000000000        0x0 /usr/local/lib/gcc/avr/4.9.2/avr5/libgcc.a(_udivmodsi4.o)
 .text.libgcc.fixed
                0x0000000000000000        0x0 /usr/local/lib/gcc/avr/4.9.2/avr5/libgcc.a(_udivmodsi4.o)
 .text          0x0000000000000000        0x0 /usr/local/lib/gcc/avr/4.9.2/avr5/libgcc.a(_exit.o)
 .data          0x0000000000000000        0x0 /usr/local/lib/gcc/avr/4.9.2/avr5/libgcc.a(_exit.o)
 .bss           0x0000000000000000        0x0 /usr/local/lib/gcc/avr/4.9.2/avr5/libgcc.a(_exit.o)
 .text.libgcc.mul
                0x0000000000000000        0x0 /usr/local/lib/gcc/avr/4.9.2/avr5/libgcc.a(_exit.o)
 .text.libgcc.div
                0x0000000000000000        0x0 /usr/local/lib/gcc/avr/4.9.2/avr5/libgcc.a(_exit.o)
 .text.libgcc   0x0000000000000000        0x0 /usr/local/lib/gcc/avr/4.9.2/avr5/libgcc.a(_exit.o)
 .text.libgcc.prologue
                0x0000000000000000        0x0 /usr/local/lib/gcc/avr/4.9.2/avr5/libgcc.a(_exit.o)
 .text.libgcc.builtins
                0x0000000000000000        0x0 /usr/local/lib/gcc/avr/4.9.2/avr5/libgcc.a(_exit.o)
 .text.libgcc.fmul
                0x0000000000000000        0x0 /usr/local/lib/gcc/avr/4.9.2/avr5/libgcc.a(_exit.o)
 .text.libgcc.fixed
                0x0000000000000000        0x0 /usr/local/lib/gcc/avr/4.9.2/avr5/libgcc.a(_exit.o)
 .text          0x0000000000000000        0x0 /usr/local/lib/gcc/avr/4.9.2/avr5/libgcc.a(_copy_data.o)
 .data          0x0000000000000000        0x0 /usr/local/lib/gcc/avr/4.9.2/avr5/libgcc.a(_copy_data.o)
 .bss           0x0000000000000000        0x0 /usr/local/lib/gcc/avr/4.9.2/avr5/libgcc.a(_copy_data.o)
 .text.libgcc.mul
                0x0000000000000000        0x0 /usr/local/lib/gcc/avr/4.9.2/avr5/libgcc.a(_copy_data.o)
 .text.libgcc.div
                0x0000000000000000        0x0 /usr/local/lib/gcc/avr/4.9.2/avr5/libgcc.a(_copy_data.o)
 .text.libgcc   0x0000000000000000        0x0 /usr/local/lib/gcc/avr/4.9.2/avr5/libgcc.a(_copy_data.o)
 .text.libgcc.prologue
                0x0000000000000000        0x0 /usr/local/lib/gcc/avr/4.9.2/avr5/libgcc.a(_copy_data.o)
 .text.libgcc.builtins
                0x0000000000000000        0x0 /usr/local/lib/gcc/avr/4.9.2/avr5/libgcc.a(_copy_data.o)
 .text.libgcc.fmul
                0x0000000000000000        0x0 /usr/local/lib/gcc/avr/4.9.2/avr5/libgcc.a(_copy_data.o)
 .text.libgcc.fixed
                0x0000000000000000        0x0 /usr/local/lib/gcc/avr/4.9.2/avr5/libgcc.a(_copy_data.o)
 .text          0x0000000000000000        0x0 /usr/local/lib/gcc/avr/4.9.2/avr5/libgcc.a(_clear_bss.o)
 .data          0x0000000000000000        0x0 /usr/local/lib/gcc/avr/4.9.2/avr5/libgcc.a(_clear_bss.o)
 .bss           0x0000000000000000        0x0 /usr/local/lib/gcc/avr/4.9.2/avr5/libgcc.a(_clear_bss.o)
 .text.libgcc.mul
                0x0000000000000000        0x0 /usr/local/lib/gcc/avr/4.9.2/avr5/libgcc.a(_clear_bss.o)
 .text.libgcc.div
                0x0000000000000000        0x0 /usr/local/lib/gcc/avr/4.9.2/avr5/libgcc.a(_clear_bss.o)
 .text.libgcc   0x0000000000000000        0x0 /usr/local/lib/gcc/avr/4.9.2/avr5/libgcc.a(_clear_bss.o)
 .text.libgcc.prologue
                0x0000000000000000        0x0 /usr/local/lib/gcc/avr/4.9.2/avr5/libgcc.a(_clear_bss.o)
 .text.libgcc.builtins
                0x0000000000000000        0x0 /usr/local/lib/gcc/avr/4.9.2/avr5/libgcc.a(_clear_bss.o)
 .text.libgcc.fmul
                0x0000000000000000        0x0 /usr/local/lib/gcc/avr/4.9.2/avr5/libgcc.a(_clear_bss.o)
 .text.libgcc.fixed
                0x0000000000000000        0x0 /usr/local/lib/gcc/avr/4.9.2/avr5/libgcc.a(_clear_bss.o)
 .text          0x0000000000000000        0x0 /usr/local/lib/gcc/avr/4.9.2/../../../../avr/lib/avr5/libm.a(addsf3.o)
 .data          0x0000000000000000        0x0 /usr/local/lib/gcc/avr/4.9.2/../../../../avr/lib/avr5/libm.a(addsf3.o)
 .bss           0x0000000000000000        0x0 /usr/local/lib/gcc/avr/4.9.2/../../../../avr/lib/avr5/libm.a(addsf3.o)
 .text          0x0000000000000000        0x0 /usr/local/lib/gcc/avr/4.9.2/../../../../avr/lib/avr5/libm.a(addsf3x.o)
 .data          0x0000000000000000        0x0 /usr/local/lib/gcc/avr/4.9.2/../../../../avr/lib/avr5/libm.a(addsf3x.o)
 .bss           0x0000000000000000        0x0 /usr/local/lib/gcc/avr/4.9.2/../../../../avr/lib/avr5/libm.a(addsf3x.o)
 .text          0x0000000000000000        0x0 /usr/local/lib/gcc/avr/4.9.2/../../../../avr/lib/avr5/libm.a(cmpsf2.o)
 .data          0x0000000000000000        0x0 /usr/local/lib/gcc/avr/4.9.2/../../../../avr/lib/avr5/libm.a(cmpsf2.o)
 .bss           0x0000000000000000        0x0 /usr/local/lib/gcc/avr/4.9.2/../../../../avr/lib/avr5/libm.a(cmpsf2.o)
 .text          0x0000000000000000        0x0 /usr/local/lib/gcc/avr/4.9.2/../../../../avr/lib/avr5/libm.a(divsf3.o)
 .data          0x0000000000000000        0x0 /usr/local/lib/gcc/avr/4.9.2/../../../../avr/lib/avr5/libm.a(divsf3.o)
 .bss           0x0000000000000000        0x0 /usr/local/lib/gcc/avr/4.9.2/../../../../avr/lib/avr5/libm.a(divsf3.o)
 .text          0x0000000000000000        0x0 /usr/local/lib/gcc/avr/4.9.2/../../../../avr/lib/avr5/libm.a(divsf3x.o)
 .data          0x0000000000000000        0x0 /usr/local/lib/gcc/avr/4.9.2/../../../../avr/lib/avr5/libm.a(divsf3x.o)
 .bss           0x0000000000000000        0x0 /usr/local/lib/gcc/avr/4.9.2/../../../../avr/lib/avr5/libm.a(divsf3x.o)
 .text          0x0000000000000000        0x0 /usr/local/lib/gcc/avr/4.9.2/../../../../avr/lib/avr5/libm.a(fixsfsi.o)
 .data          0x0000000000000000        0x0 /usr/local/lib/gcc/avr/4.9.2/../../../../avr/lib/avr5/libm.a(fixsfsi.o)
 .bss           0x0000000000000000        0x0 /usr/local/lib/gcc/avr/4.9.2/../../../../avr/lib/avr5/libm.a(fixsfsi.o)
 .text          0x0000000000000000        0x0 /usr/local/lib/gcc/avr/4.9.2/../../../../avr/lib/avr5/libm.a(fixunssfsi.o)
 .data          0x0000000000000000        0x0 /usr/local/lib/gcc/avr/4.9.2/../../../../avr/lib/avr5/libm.a(fixunssfsi.o)
 .bss           0x0000000000000000        0x0 /usr/local/lib/gcc/avr/4.9.2/../../../../avr/lib/avr5/libm.a(fixunssfsi.o)
 .text          0x0000000000000000        0x0 /usr/local/lib/gcc/avr/4.9.2/../../../../avr/lib/avr5/libm.a(floatsisf.o)
 .data          0x0000000000000000        0x0 /usr/local/lib/gcc/avr/4.9.2/../../../../avr/lib/avr5/libm.a(floatsisf.o)
 .bss           0x0000000000000000        0x0 /usr/local/lib/gcc/avr/4.9.2/../../../../avr/lib/avr5/libm.a(floatsisf.o)
 .text          0x0000000000000000        0x0 /usr/local/lib/gcc/avr/4.9.2/../../../../avr/lib/avr5/libm.a(fp_cmp.o)
 .data          0x0000000000000000        0x0 /usr/local/lib/gcc/avr/4.9.2/../../../../avr/lib/avr5/libm.a(fp_cmp.o)
 .bss           0x0000000000000000        0x0 /usr/local/lib/gcc/avr/4.9.2/../../../../avr/lib/avr5/libm.a(fp_cmp.o)
 .text          0x0000000000000000        0x0 /usr/local/lib/gcc/avr/4.9.2/../../../../avr/lib/avr5/libm.a(fp_inf.o)
 .data          0x0000000000000000        0x0 /usr/local/lib/gcc/avr/4.9.2/../../../../avr/lib/avr5/libm.a(fp_inf.o)
 .bss           0x0000000000000000        0x0 /usr/local/lib/gcc/avr/4.9.2/../../../../avr/lib/avr5/libm.a(fp_inf.o)
 .text          0x0000000000000000        0x0 /usr/local/lib/gcc/avr/4.9.2/../../../../avr/lib/avr5/libm.a(fp_nan.o)
 .data          0x0000000000000000        0x0 /usr/local/lib/gcc/avr/4.9.2/../../../../avr/lib/avr5/libm.a(fp_nan.o)
 .bss           0x0000000000000000        0x0 /usr/local/lib/gcc/avr/4.9.2/../../../../avr/lib/avr5/libm.a(fp_nan.o)
 .text          0x0000000000000000        0x0 /usr/local/lib/gcc/avr/4.9.2/../../../../avr/lib/avr5/libm.a(fp_pscA.o)
 .data          0x0000000000000000        0x0 /usr/local/lib/gcc/avr/4.9.2/../../../../avr/lib/avr5/libm.a(fp_pscA.o)
 .bss           0x0000000000000000        0x0 /usr/local/lib/gcc/avr/4.9.2/../../../../avr/lib/avr5/libm.a(fp_pscA.o)
 .text          0x0000000000000000        0x0 /usr/local/lib/gcc/avr/4.9.2/../../../../avr/lib/avr5/libm.a(fp_pscB.o)
 .data          0x0000000000000000        0x0 /usr/local/lib/gcc/avr/4.9.2/../../../../avr/lib/avr5/libm.a(fp_pscB.o)
 .bss           0x0000000000000000        0x0 /usr/local/lib/gcc/avr/4.9.2/../../../../avr/lib/avr5/libm.a(fp_pscB.o)
 .text          0x0000000000000000        0x0 /usr/local/lib/gcc/avr/4.9.2/../../../../avr/lib/avr5/libm.a(fp_round.o)
 .data          0x0000000000000000        0x0 /usr/local/lib/gcc/avr/4.9.2/../../../../avr/lib/avr5/libm.a(fp_round.o)
 .bss           0x0000000000000000        0x0 /usr/local/lib/gcc/avr/4.9.2/../../../../avr/lib/avr5/libm.a(fp_round.o)
 .text          0x0000000000000000        0x0 /usr/local/lib/gcc/avr/4.9.2/../../../../avr/lib/avr5/libm.a(fp_split3.o)
 .data          0x0000000000000000        0x0 /usr/local/lib/gcc/avr/4.9.2/../../../../avr/lib/avr5/libm.a(fp_split3.o)
 .bss           0x0000000000000000        0x0 /usr/local/lib/gcc/avr/4.9.2/../../../../avr/lib/avr5/libm.a(fp_split3.o)
 .text          0x0000000000000000        0x0 /usr/local/lib/gcc/avr/4.9.2/../../../../avr/lib/avr5/libm.a(fp_zero.o)
 .data          0x0000000000000000        0x0 /usr/local/lib/gcc/avr/4.9.2/../../../../avr/lib/avr5/libm.a(fp_zero.o)
 .bss           0x0000000000000000        0x0 /usr/local/lib/gcc/avr/4.9.2/../../../../avr/lib/avr5/libm.a(fp_zero.o)
 .text          0x0000000000000000        0x0 /usr/local/lib/gcc/avr/4.9.2/../../../../avr/lib/avr5/libm.a(gesf2.o)
 .data          0x0000000000000000        0x0 /usr/local/lib/gcc/avr/4.9.2/../../../../avr/lib/avr5/libm.a(gesf2.o)
 .bss           0x0000000000000000        0x0 /usr/local/lib/gcc/avr/4.9.2/../../../../avr/lib/avr5/libm.a(gesf2.o)
 .text          0x0000000000000000        0x0 /usr/local/lib/gcc/avr/4.9.2/../../../../avr/lib/avr5/libm.a(mulsf3.o)
 .data          0x0000000000000000        0x0 /usr/local/lib/gcc/avr/4.9.2/../../../../avr/lib/avr5/libm.a(mulsf3.o)
 .bss           0x0000000000000000        0x0 /usr/local/lib/gcc/avr/4.9.2/../../../../avr/lib/avr5/libm.a(mulsf3.o)
 .text          0x0000000000000000        0x0 /usr/local/lib/gcc/avr/4.9.2/../../../../avr/lib/avr5/libm.a(mulsf3x.o)
 .data          0x0000000000000000        0x0 /usr/local/lib/gcc/avr/4.9.2/../../../../avr/lib/avr5/libm.a(mulsf3x.o)
 .bss           0x0000000000000000        0x0 /usr/local/lib/gcc/avr/4.9.2/../../../../avr/lib/avr5/libm.a(mulsf3x.o)
 .text          0x0000000000000000        0x0 /usr/local/lib/gcc/avr/4.9.2/../../../../avr/lib/avr5/libc.a(memcpy_P.o)
 .data          0x0000000000000000        0x0 /usr/local/lib/gcc/avr/4.9.2/../../../../avr/lib/avr5/libc.a(memcpy_P.o)
 .bss           0x0000000000000000        0x0 /usr/local/lib/gcc/avr/4.9.2/../../../../avr/lib/avr5/libc.a(memcpy_P.o)
 .text          0x0000000000000000        0x0 /usr/local/lib/gcc/avr/4.9.2/../../../../avr/lib/avr5/libc.a(strnlen_P.o)
 .data          0x0000000000000000        0x0 /usr/local/lib/gcc/avr/4.9.2/../../../../avr/lib/avr5/libc.a(strnlen_P.o)
 .bss           0x0000000000000000        0x0 /usr/local/lib/gcc/avr/4.9.2/../../../../avr/lib/avr5/libc.a(strnlen_P.o)

Memory Configuration

Name             Origin             Length             Attributes
text             0x0000000000000000 0x0000000000020000 xr
data             0x0000000000800060 0x000000000000ffa0 rw !x
eeprom           0x0000000000810000 0x0000000000010000 rw !x
fuse             0x0000000000820000 0x0000000000000400 rw !x
lock             0x0000000000830000 0x0000000000000400 rw !x
signature        0x0000000000840000 0x0000000000000400 rw !x
*default*        0x0000000000000000 0xffffffffffffffff

Linker script and memory map

Address of section .data set to 0x800100
LOAD /usr/local/lib/gcc/avr/4.9.2/../../../../avr/lib/avr5/crtm644.o
LOAD uzeboxVideoEngineCore.o
LOAD uzeboxCore.o
LOAD uzeboxSoundEngine.o
LOAD uzeboxSoundEngineCore.o
LOAD uzeboxVideoEngine.o
LOAD TankFu.o
START GROUP
LOAD /usr/local/lib/gcc/avr/4.9.2/avr5/libgcc.a
LOAD /usr/local/lib/gcc/avr/4.9.2/../../../../avr/lib/avr5/libm.a
LOAD /usr/local/lib/gcc/avr/4.9.2/../../../../avr/lib/avr5/libc.a
END GROUP

.hash
 *(.hash)

.dynsym
 *(.dynsym)

.dynstr
 *(.dynstr)

.gnu.version
 *(.gnu.version)

.gnu.version_d
 *(.gnu.version_d)

.gnu.version_r
 *(.gnu.version_r)

.rel.init
 *(.rel.init)

.rela.init
 *(.rela.init)

.rel.text
 *(.rel.text)
 *(.rel.text.*)
 *(.rel.gnu.linkonce.t*)

.rela.text
 *(.rela.text)
 *(.rela.text.*)
 *(.rela.gnu.linkonce.t*)

.rel.fini
 *(.rel.fini)

.rela.fini
 *(.rela.fini)

.rel.rodata
 *(.rel.rodata)
 *(.rel.rodata.*)
 *(.rel.gnu.linkonce.r*)

.rela.rodata
 *(.rela.rodata)
 *(.rela.rodata.*)
 *(.rela.gnu.linkonce.r*)

.rel.data
 *(.rel.data)
 *(.rel.data.*)
 *(.rel.gnu.linkonce.d*)

.rela.data
 *(.rela.data)
 *(.rela.data.*)
 *(.rela.gnu.linkonce.d*)

.rel.ctors
 *(.rel.ctors)

.rela.ctors
 *(.rela.ctors)

.rel.dtors
 *(.rel.dtors)

.rela.dtors
 *(.rela.dtors)

.rel.got
 *(.rel.got)

.rela.got
 *(.rela.got)

.rel.bss
 *(.rel.bss)

.rela.bss
 *(.rela.bss)

.rel.plt
 *(.rel.plt)

.rela.plt
 *(.rela.plt)

.text           0x0000000000000000     0xe0a2
 *(.vectors)
 .vectors       0x0000000000000000       0x70 /usr/local/lib/gcc/avr/4.9.2/../../../../avr/lib/avr5/crtm644.o
                0x0000000000000000                __vectors
                0x0000000000000000                __vector_default
 *(.vectors)
 *(.progmem.gcc*)
                0x0000000000000070                . = ALIGN (0x2)
                0x0000000000000070                __trampolines_start = .
 *(.trampolines)
 .trampolines   0x0000000000000070        0x0 linker stubs
 *(.trampolines*)
                0x0000000000000070                __trampolines_end = .
 *(.progmem*)
 .progmem.data  0x0000000000000070       0x4e uzeboxCore.o
                0x0000000000000070                io_table
                0x000000000000009e                eeprom_format_table
 .progmem.data  0x00000000000000be       0x1e uzeboxSoundEngine.o
                0x00000000000000be                patchCommands
 .progmem.data  0x00000000000000dc        0xc uzeboxVideoEngine.o
                0x00000000000000dc                fader
 .progmem.data  0x00000000000000e8     0x75ed TankFu.o
                0x00000000000000e8                ATERROR
                0x00000000000000f2                ATOK
                0x00000000000000f9                ATGETMAC
                0x000000000000010d                ATRESTART
                0x0000000000000116                strCredits
                0x000000000000015c                default_scores
                0x000000000000017a                default_handles
                0x0000000000000198                strLevels
                0x0000000000000248                strPaused
                0x000000000000024f                strExit
                0x0000000000000258                strTotal
                0x000000000000025f                strScore
                0x0000000000000266                strFinalScore
                0x0000000000000272                strBy
                0x0000000000000275                strOwns
                0x000000000000027a                strChangeHandle
                0x0000000000000289                strPlayer2
                0x000000000000028c                strPlayer1
                0x000000000000028f                strVertSep
                0x0000000000000291                strUnderline
                0x000000000000029d                strHandlesTitle
                0x00000000000002a9                strHighscores
                0x00000000000002b3                strCopyright
                0x00000000000002c8                strSelectHandle
                0x00000000000002d7                strCancelHandle
                0x00000000000002e2                strReset
                0x00000000000002fb                strConfirmHandle
                0x000000000000030d                str2Player
                0x000000000000031e                str1Player
                0x000000000000032c                my_patches
                0x0000000000000374                ad_alarm
                0x0000000000000496                ad_navigate
                0x0000000000000608                ad_metal
                0x0000000000000828                ad_item
                0x00000000000009d9                ad_cannonball
                0x0000000000000c20                ad_brick_explode
                0x0000000000001305                level_data
                0x000000000000333f                sprites_data
                0x0000000000003c7f                map_sub_turret
                0x0000000000003c82                map_sub_shot
                0x0000000000003c85                map_up_arrow
                0x0000000000003c88                map_down_arrow
                0x0000000000003c8b                map_right_arrow
                0x0000000000003c8e                map_rocket_right_1
                0x0000000000003c91                map_rocket_right_0
                0x0000000000003c94                map_rocket_up_1
                0x0000000000003c97                map_rocket_up_0
                0x0000000000003c9a                map_ball
                0x0000000000003c9d                map_explosion_2
                0x0000000000003ca3                map_explosion_1
                0x0000000000003ca9                map_explosion_0
                0x0000000000003caf                map_tank2_right_0
                0x0000000000003cb5                map_tank2_up_0
                0x0000000000003cbb                map_tank1_right_0
                0x0000000000003cc1                map_tank1_up_0
                0x0000000000003cc7                map_tank_blank
                0x0000000000003ccd                map_none
                0x0000000000003cd0                tiles_data
                0x0000000000007390                map_sub_emerging
                0x00000000000074c6                map_sub
                0x00000000000075fc                map_scope_2
                0x00000000000075ff                map_scope_1
                0x0000000000007602                map_scope_0
                0x0000000000007605                map_blue_tank
                0x000000000000760b                map_green_tank
                0x0000000000007611                map_fence
                0x0000000000007614                map_turf
                0x0000000000007617                map_water
                0x000000000000761a                map_metal_bl
                0x000000000000761d                map_metal_tr
                0x0000000000007620                map_metal_br
                0x0000000000007623                map_metal_tl
                0x0000000000007626                map_tile_exp_2
                0x0000000000007629                map_tile_exp_1
                0x000000000000762c                map_tile_exp_0
                0x000000000000762f                map_rocket_itm
                0x0000000000007632                map_explode_itm
                0x0000000000007635                map_speed_itm
                0x0000000000007638                map_metal
                0x000000000000763b                map_brick
                0x000000000000763e                map_splash
                0x0000000000007694                map_pause
                0x00000000000076d2                map_tile_none
                0x00000000000076d6                . = ALIGN (0x2)
 *fill*         0x00000000000076d5        0x1 
 *(.jumptables)
 *(.jumptables*)
 *(.lowtext)
 *(.lowtext*)
                0x00000000000076d6                __ctors_start = .
 *(.ctors)
                0x00000000000076d6                __ctors_end = .
                0x00000000000076d6                __dtors_start = .
 *(.dtors)
                0x00000000000076d6                __dtors_end = .
 SORT(*)(.ctors)
 SORT(*)(.dtors)
 *(.init0)
 .init0         0x00000000000076d6        0x0 /usr/local/lib/gcc/avr/4.9.2/../../../../avr/lib/avr5/crtm644.o
                0x00000000000076d6                __init
 *(.init0)
 *(.init1)
 *(.init1)
 *(.init2)
 .init2         0x00000000000076d6        0xc /usr/local/lib/gcc/avr/4.9.2/../../../../avr/lib/avr5/crtm644.o
 *(.init2)
 *(.init3)
 *(.init3)
 *(.init4)
 .init4         0x00000000000076e2       0x16 /usr/local/lib/gcc/avr/4.9.2/avr5/libgcc.a(_copy_data.o)
                0x00000000000076e2                __do_copy_data
 .init4         0x00000000000076f8       0x10 /usr/local/lib/gcc/avr/4.9.2/avr5/libgcc.a(_clear_bss.o)
                0x00000000000076f8                __do_clear_bss
 *(.init4)
 *(.init5)
 *(.init5)
 *(.init6)
 *(.init6)
 *(.init7)
 .init7         0x0000000000007708       0x16 uzeboxCore.o
                0x0000000000007708                wdt_init
 *(.init7)
 *(.init8)
 .init8         0x000000000000771e       0x86 uzeboxCore.o
                0x000000000000771e                Initialize
 *(.init8)
 *(.init9)
 .init9         0x00000000000077a4        0x8 /usr/local/lib/gcc/avr/4.9.2/../../../../avr/lib/avr5/crtm644.o
 *(.init9)
 *(.text)
 .text          0x00000000000077ac        0x4 /usr/local/lib/gcc/avr/4.9.2/../../../../avr/lib/avr5/crtm644.o
                0x00000000000077ac                __vector_20
                0x00000000000077ac                __vector_1
                0x00000000000077ac                __vector_24
                0x00000000000077ac                __vector_12
                0x00000000000077ac                __bad_interrupt
                0x00000000000077ac                __vector_6
                0x00000000000077ac                __vector_3
                0x00000000000077ac                __vector_23
                0x00000000000077ac                __vector_25
                0x00000000000077ac                __vector_11
                0x00000000000077ac                __vector_17
                0x00000000000077ac                __vector_19
                0x00000000000077ac                __vector_7
                0x00000000000077ac                __vector_27
                0x00000000000077ac                __vector_5
                0x00000000000077ac                __vector_4
                0x00000000000077ac                __vector_9
                0x00000000000077ac                __vector_2
                0x00000000000077ac                __vector_21
                0x00000000000077ac                __vector_15
                0x00000000000077ac                __vector_26
                0x00000000000077ac                __vector_10
                0x00000000000077ac                __vector_16
                0x00000000000077ac                __vector_18
                0x00000000000077ac                __vector_22
 .text          0x00000000000077b0      0x674 uzeboxVideoEngineCore.o
                0x0000000000007920                CopyFlashTile
                0x0000000000007a3e                CopyRamTile
                0x0000000000007b58                RestoreBackground
                0x0000000000007b7e                BlitSpritePart
                0x0000000000007c4c                __vector_13
                0x0000000000007cca                __vector_14
 .text          0x0000000000007e24      0x18a uzeboxSoundEngineCore.o
                0x0000000000007e24                process_music
                0x0000000000007e30                update_sound
                0x0000000000007fae                . = ALIGN (0x2)
 *(.text.*)
 .text.SetSpritesTileTable
                0x0000000000007fae        0xa uzeboxVideoEngineCore.o
                0x0000000000007fae                SetSpritesTileTable
 .text.ClearVram
                0x0000000000007fb8       0x14 uzeboxVideoEngineCore.o
                0x0000000000007fb8                ClearVram
 .text.SetFont  0x0000000000007fcc        0x8 uzeboxVideoEngineCore.o
                0x0000000000007fcc                SetFont
 .text.SetTile  0x0000000000007fd4       0x1c uzeboxVideoEngineCore.o
                0x0000000000007fd4                SetTile
 .text.SetFontTilesIndex
                0x0000000000007ff0        0x6 uzeboxVideoEngineCore.o
                0x0000000000007ff0                SetFontTilesIndex
 .text.SetTileTable
                0x0000000000007ff6        0xa uzeboxVideoEngineCore.o
                0x0000000000007ff6                SetTileTable
 .text.GetVsyncFlag
                0x0000000000008000        0x8 uzeboxVideoEngineCore.o
                0x0000000000008000                GetVsyncFlag
 .text.ClearVsyncFlag
                0x0000000000008008        0xc uzeboxVideoEngineCore.o
                0x0000000000008008                ClearVsyncFlag
 .text.ReadJoypad
                0x0000000000008014       0x18 uzeboxVideoEngineCore.o
                0x0000000000008014                ReadJoypad
 .text.WaitUs   0x000000000000802c        0xe uzeboxVideoEngineCore.o
                0x000000000000802c                WaitUs
 .text.WriteEeprom
                0x000000000000803a       0x14 uzeboxVideoEngineCore.o
                0x000000000000803a                WriteEeprom
 .text.ReadEeprom
                0x000000000000804e       0x12 uzeboxVideoEngineCore.o
                0x000000000000804e                ReadEeprom
 .text.wdt_randomize
                0x0000000000008060       0x50 uzeboxVideoEngineCore.o
                0x0000000000008060                wdt_randomize
 .text.GetTrueRandomSeed
                0x00000000000080b0        0xa uzeboxVideoEngineCore.o
                0x00000000000080b0                GetTrueRandomSeed
 .text.__vector_8
                0x00000000000080ba       0x44 uzeboxVideoEngineCore.o
                0x00000000000080ba                __vector_8
 .text.SoftReset
                0x00000000000080fe       0x16 uzeboxCore.o
                0x00000000000080fe                SoftReset
 .text.ReadButtons
                0x0000000000008114       0x6c uzeboxCore.o
                0x0000000000008114                ReadButtons
 .text.ReadControllers
                0x0000000000008180       0x20 uzeboxCore.o
                0x0000000000008180                ReadControllers
 .text.FormatEeprom
                0x00000000000081a0       0x44 uzeboxCore.o
                0x00000000000081a0                FormatEeprom
 .text.isEepromFormatted
                0x00000000000081e4       0x2e uzeboxCore.o
                0x00000000000081e4                isEepromFormatted
 .text.EepromBlockExists
                0x0000000000008212       0xa4 uzeboxCore.o
                0x0000000000008212                EepromBlockExists
 .text.EepromWriteBlock
                0x00000000000082b6       0x94 uzeboxCore.o
                0x00000000000082b6                EepromWriteBlock
 .text.EepromReadBlock
                0x000000000000834a       0x66 uzeboxCore.o
                0x000000000000834a                EepromReadBlock
 .text.InitUartRxBuffer
                0x00000000000083b0        0xa uzeboxCore.o
                0x00000000000083b0                InitUartRxBuffer
 .text.InitUartTxBuffer
                0x00000000000083ba        0xa uzeboxCore.o
                0x00000000000083ba                InitUartTxBuffer
 .text.GetPrngNumber
                0x00000000000083c4       0x5c uzeboxCore.o
                0x00000000000083c4                GetPrngNumber
 .text.PatchCommand00
                0x0000000000008420        0x6 uzeboxSoundEngine.o
                0x0000000000008420                PatchCommand00
 .text.PatchCommand01
                0x0000000000008426       0x10 uzeboxSoundEngine.o
                0x0000000000008426                PatchCommand01
 .text.PatchCommand05
                0x0000000000008436        0xa uzeboxSoundEngine.o
                0x0000000000008436                PatchCommand05
 .text.PatchCommand06
                0x0000000000008440        0xa uzeboxSoundEngine.o
                0x0000000000008440                PatchCommand06
 .text.PatchCommand07
                0x000000000000844a        0x6 uzeboxSoundEngine.o
                0x000000000000844a                PatchCommand07
 .text.PatchCommand09
                0x0000000000008450        0x6 uzeboxSoundEngine.o
                0x0000000000008450                PatchCommand09
 .text.PatchCommand10
                0x0000000000008456        0x6 uzeboxSoundEngine.o
                0x0000000000008456                PatchCommand10
 .text.PatchCommand11
                0x000000000000845c       0x76 uzeboxSoundEngine.o
                0x000000000000845c                PatchCommand11
 .text.PatchCommand12
                0x00000000000084d2        0x6 uzeboxSoundEngine.o
                0x00000000000084d2                PatchCommand12
 .text.PatchCommand13
                0x00000000000084d8        0x6 uzeboxSoundEngine.o
                0x00000000000084d8                PatchCommand13
 .text.PatchCommand02
                0x00000000000084de        0x8 uzeboxSoundEngine.o
                0x00000000000084de                PatchCommand02
 .text.PatchCommand03
                0x00000000000084e6        0xe uzeboxSoundEngine.o
                0x00000000000084e6                PatchCommand03
 .text.PatchCommand04
                0x00000000000084f4       0x10 uzeboxSoundEngine.o
                0x00000000000084f4                PatchCommand04
 .text.PatchCommand08
                0x0000000000008504       0x20 uzeboxSoundEngine.o
                0x0000000000008504                PatchCommand08
 .text.PatchCommand14
                0x0000000000008524       0x54 uzeboxSoundEngine.o
                0x0000000000008524                PatchCommand14
 .text.InitMusicPlayer
                0x0000000000008578       0x44 uzeboxSoundEngine.o
                0x0000000000008578                InitMusicPlayer
 .text.ReadVarLen
                0x00000000000085bc       0x4c uzeboxSoundEngine.o
                0x00000000000085bc                ReadVarLen
 .text.TriggerCommon
                0x0000000000008608       0xbe uzeboxSoundEngine.o
                0x0000000000008608                TriggerCommon
 .text.TriggerNote
                0x00000000000086c6       0x80 uzeboxSoundEngine.o
                0x00000000000086c6                TriggerNote
 .text.ProcessMusic
                0x0000000000008746      0x43e uzeboxSoundEngine.o
                0x0000000000008746                ProcessMusic
 .text.SetMasterVolume
                0x0000000000008b84        0x6 uzeboxSoundEngine.o
                0x0000000000008b84                SetMasterVolume
 .text.SetMixerNote
                0x0000000000008b8a       0x2e uzeboxSoundEngineCore.o
                0x0000000000008b8a                SetMixerNote
 .text.SetMixerWave
                0x0000000000008bb8       0x3a uzeboxSoundEngineCore.o
                0x0000000000008bb8                SetMixerWave
 *fill*         0x0000000000008bf2        0xe 
 .text.DisableSoundEngine
                0x0000000000008c00      0xc00 uzeboxSoundEngineCore.o
                0x0000000000008c00                DisableSoundEngine
                0x0000000000008c08                steptable
                0x0000000000008e00                waves
 .text.ProcessSprites
                0x0000000000009800      0x1cc uzeboxVideoEngine.o
                0x0000000000009800                ProcessSprites
 .text.MapSprite2
                0x00000000000099cc       0xa4 uzeboxVideoEngine.o
                0x00000000000099cc                MapSprite2
 .text.MoveSprite
                0x0000000000009a70       0x4a uzeboxVideoEngine.o
                0x0000000000009a70                MoveSprite
 .text.DisplayLogo
                0x0000000000009aba        0x2 uzeboxVideoEngine.o
                0x0000000000009aba                DisplayLogo
 .text.InitializeVideoMode
                0x0000000000009abc       0x1c uzeboxVideoEngine.o
                0x0000000000009abc                InitializeVideoMode
 .text.DrawMap  0x0000000000009ad8       0x9a uzeboxVideoEngine.o
                0x0000000000009ad8                DrawMap2
                0x0000000000009ad8                DrawMap
 .text.PrintByte
                0x0000000000009b72       0x66 uzeboxVideoEngine.o
                0x0000000000009b72                PrintByte
 .text.Print    0x0000000000009bd8       0x36 uzeboxVideoEngine.o
                0x0000000000009bd8                Print
 .text.PrintChar
                0x0000000000009c0e        0x6 uzeboxVideoEngine.o
                0x0000000000009c0e                PrintChar
 .text.WaitVsync
                0x0000000000009c14       0x2e uzeboxVideoEngine.o
                0x0000000000009c14                WaitVsync
 .text.doFade   0x0000000000009c42       0x1c uzeboxVideoEngine.o
                0x0000000000009c42                doFade
 .text.FadeIn   0x0000000000009c5e       0x18 uzeboxVideoEngine.o
                0x0000000000009c5e                FadeIn
 .text.FadeOut  0x0000000000009c76       0x18 uzeboxVideoEngine.o
                0x0000000000009c76                FadeOut
 .text.ProcessFading
                0x0000000000009c8e       0x4a uzeboxVideoEngine.o
                0x0000000000009c8e                ProcessFading
 .text.VideoModeVsync
                0x0000000000009cd8        0x4 uzeboxVideoEngine.o
                0x0000000000009cd8                VideoModeVsync
 .text.LBGetNextFrame
                0x0000000000009cdc       0x4a TankFu.o
                0x0000000000009cdc                LBGetNextFrame
 .text.LBGetNextFrameReverse
                0x0000000000009d26       0x58 TankFu.o
                0x0000000000009d26                LBGetNextFrameReverse
 .text.LBGetJoyPadState
                0x0000000000009d7e       0x96 TankFu.o
                0x0000000000009d7e                LBGetJoyPadState
 .text.LBCopyChars
                0x0000000000009e14       0x18 TankFu.o
                0x0000000000009e14                LBCopyChars
 .text.LBPrintStr
                0x0000000000009e2c       0x62 TankFu.o
                0x0000000000009e2c                LBPrintStr
 .text.LBCollides
                0x0000000000009e8e       0x54 TankFu.o
                0x0000000000009e8e                LBCollides
 .text.LBLineIntersect
                0x0000000000009ee2      0x1ac TankFu.o
                0x0000000000009ee2                LBLineIntersect
 .text.LBRandom
                0x000000000000a08e       0x36 TankFu.o
                0x000000000000a08e                LBRandom
 .text.LBWaitSeconds
                0x000000000000a0c4       0x1e TankFu.o
                0x000000000000a0c4                LBWaitSeconds
 .text.LBHideAllSprites
                0x000000000000a0e2       0x14 TankFu.o
                0x000000000000a0e2                LBHideAllSprites
 .text.init_scores
                0x000000000000a0f6       0x18 TankFu.o
                0x000000000000a0f6                init_scores
 .text.init_handles
                0x000000000000a10e       0x18 TankFu.o
                0x000000000000a10e                init_handles
 .text.init_tile_animations
                0x000000000000a126       0x4e TankFu.o
                0x000000000000a126                init_tile_animations
 .text.init_scope_animation
                0x000000000000a174       0x30 TankFu.o
                0x000000000000a174                init_scope_animation
 .text.init_sub_animation
                0x000000000000a1a4       0x28 TankFu.o
                0x000000000000a1a4                init_sub_animation
 .text.init_shot_state
                0x000000000000a1cc       0x3a TankFu.o
                0x000000000000a1cc                init_shot_state
 .text.set_shot_animations
                0x000000000000a206       0x64 TankFu.o
                0x000000000000a206                set_shot_animations
 .text.init_turret
                0x000000000000a26a       0x64 TankFu.o
                0x000000000000a26a                init_turret
 .text.init_player
                0x000000000000a2ce       0xe4 TankFu.o
                0x000000000000a2ce                init_player
 .text.player_init_shot_state
                0x000000000000a3b2        0xe TankFu.o
                0x000000000000a3b2                player_init_shot_state
 .text.init_game_state
                0x000000000000a3c0       0x4e TankFu.o
                0x000000000000a3c0                init_game_state
 .text.player_spawn
                0x000000000000a40e       0x50 TankFu.o
                0x000000000000a40e                player_spawn
 .text.waitForVSync
                0x000000000000a45e       0x10 TankFu.o
                0x000000000000a45e                waitForVSync
 .text.load_eeprom
                0x000000000000a46e       0x24 TankFu.o
                0x000000000000a46e                load_eeprom
 .text.fade_through
                0x000000000000a492       0x14 TankFu.o
                0x000000000000a492                fade_through
 .text.clear_sprites
                0x000000000000a4a6       0x1a TankFu.o
                0x000000000000a4a6                clear_sprites
 .text.save_score
                0x000000000000a4c0       0xe0 TankFu.o
                0x000000000000a4c0                save_score
 .text.position_shot
                0x000000000000a5a0       0xda TankFu.o
                0x000000000000a5a0                position_shot
 .text.print_level_score
                0x000000000000a67a       0x84 TankFu.o
                0x000000000000a67a                print_level_score
 .text.print_final_score
                0x000000000000a6fe       0xb4 TankFu.o
                0x000000000000a6fe                print_final_score
 .text.shoot_pressed
                0x000000000000a7b2       0x14 TankFu.o
                0x000000000000a7b2                shoot_pressed
 .text.get_delta
                0x000000000000a7c6       0x42 TankFu.o
                0x000000000000a7c6                get_delta
 .text.render_hud
                0x000000000000a808       0x3a TankFu.o
                0x000000000000a808                render_hud
 .text.render_score
                0x000000000000a842       0x38 TankFu.o
                0x000000000000a842                render_score
 .text.render_player
                0x000000000000a87a       0x52 TankFu.o
                0x000000000000a87a                render_player
 .text.render_shot
                0x000000000000a8cc       0x58 TankFu.o
                0x000000000000a8cc                render_shot
 .text.render_tile_explosions
                0x000000000000a924       0x6a TankFu.o
                0x000000000000a924                render_tile_explosions
 .text.render_scope
                0x000000000000a98e       0x34 TankFu.o
                0x000000000000a98e                render_scope
 .text.tank_map
                0x000000000000a9c2       0xd2 TankFu.o
                0x000000000000a9c2                tank_map
 .text.shot_map
                0x000000000000aa94       0x58 TankFu.o
                0x000000000000aa94                shot_map
 .text.recoil_sprite
                0x000000000000aaec       0xb4 TankFu.o
                0x000000000000aaec                recoil_sprite
 .text.recoil_sprite_fine
                0x000000000000aba0       0x6c TankFu.o
                0x000000000000aba0                recoil_sprite_fine
 .text.solid_square_tile
                0x000000000000ac0c       0x24 TankFu.o
                0x000000000000ac0c                solid_square_tile
 .text.solid_directional_tile
                0x000000000000ac30       0x2c TankFu.o
                0x000000000000ac30                solid_directional_tile
 .text.solid_tile
                0x000000000000ac5c       0x28 TankFu.o
                0x000000000000ac5c                solid_tile
 .text.collides_directional_tile
                0x000000000000ac84      0x148 TankFu.o
                0x000000000000ac84                collides_directional_tile
 .text.player_shot
                0x000000000000adcc       0xbe TankFu.o
                0x000000000000adcc                player_shot
 .text.turret_shot
                0x000000000000ae8a       0x9c TankFu.o
                0x000000000000ae8a                turret_shot
 .text.collision_detect_boundries
                0x000000000000af26       0x9c TankFu.o
                0x000000000000af26                collision_detect_boundries
 .text.drop_item
                0x000000000000afc2       0x68 TankFu.o
                0x000000000000afc2                drop_item
 .text.kill_player
                0x000000000000b02a       0xb0 TankFu.o
                0x000000000000b02a                kill_player
 .text.get_interesting_tile_indexes_shot
                0x000000000000b0da       0x44 TankFu.o
                0x000000000000b0da                get_interesting_tile_indexes_shot
 .text.explode_tile
                0x000000000000b11e       0x7c TankFu.o
                0x000000000000b11e                explode_tile
 .text.richochet
                0x000000000000b19a       0x42 TankFu.o
                0x000000000000b19a                richochet
 .text.collision_detect_shot
                0x000000000000b1dc      0x3be TankFu.o
                0x000000000000b1dc                collision_detect_shot
 .text.get_interesting_tile_indexes
                0x000000000000b59a       0x60 TankFu.o
                0x000000000000b59a                get_interesting_tile_indexes
 .text.explode_player
                0x000000000000b5fa       0x42 TankFu.o
                0x000000000000b5fa                explode_player
 .text.slide    0x000000000000b63c      0x176 TankFu.o
                0x000000000000b63c                slide
 .text.collision_detect_player
                0x000000000000b7b2      0x304 TankFu.o
                0x000000000000b7b2                collision_detect_player
 .text.load_level_tiles
                0x000000000000bab6       0xe6 TankFu.o
                0x000000000000bab6                load_level_tiles
 .text.prep_player
                0x000000000000bb9c       0x24 TankFu.o
                0x000000000000bb9c                prep_player
 .text.load_level
                0x000000000000bbc0      0x148 TankFu.o
                0x000000000000bbc0                load_level
 .text.level_transition
                0x000000000000bd08       0x60 TankFu.o
                0x000000000000bd08                level_transition
 .text.render_boss_fight_scope_load
                0x000000000000bd68       0x14 TankFu.o
                0x000000000000bd68                render_boss_fight_scope_load
 .text.render_boss_fight_sub_load
                0x000000000000bd7c       0x5a TankFu.o
                0x000000000000bd7c                render_boss_fight_sub_load
 .text.render_boss_fight_sub_sinking
                0x000000000000bdd6       0x2a TankFu.o
                0x000000000000bdd6                render_boss_fight_sub_sinking
 .text.render_boss_turret
                0x000000000000be00       0x52 TankFu.o
                0x000000000000be00                render_boss_turret
 .text.render_boss_turret_shot
                0x000000000000be52       0x52 TankFu.o
                0x000000000000be52                render_boss_turret_shot
 .text.update_turret
                0x000000000000bea4      0x12a TankFu.o
                0x000000000000bea4                update_turret
 .text.update_turret_shot
                0x000000000000bfce       0xe6 TankFu.o
                0x000000000000bfce                update_turret_shot
 .text.load_splash
                0x000000000000c0b4       0x70 TankFu.o
                0x000000000000c0b4                load_splash
 .text.select_pressed
                0x000000000000c124       0x14 TankFu.o
                0x000000000000c124                select_pressed
 .text.load_tank_rank
                0x000000000000c138      0x136 TankFu.o
                0x000000000000c138                load_tank_rank
 .text.exit_game
                0x000000000000c26e       0x10 TankFu.o
                0x000000000000c26e                exit_game
 .text.update_player
                0x000000000000c27e      0x2c4 TankFu.o
                0x000000000000c27e                update_player
 .text.resolve_scoring
                0x000000000000c542      0x18a TankFu.o
                0x000000000000c542                resolve_scoring
 .text.update_level
                0x000000000000c6cc      0x460 TankFu.o
                0x000000000000c6cc                update_level
 .text.update_tank_rank
                0x000000000000cb2c       0x8e TankFu.o
                0x000000000000cb2c                update_tank_rank
 .text._handle_select_helper
                0x000000000000cbba      0x196 TankFu.o
                0x000000000000cbba                _handle_select_helper
 .text._handle_select_render_helper
                0x000000000000cd50      0x17c TankFu.o
                0x000000000000cd50                _handle_select_render_helper
 .text.load_handle_select
                0x000000000000cecc      0x10a TankFu.o
                0x000000000000cecc                load_handle_select
 .text.update_splash
                0x000000000000cfd6      0x174 TankFu.o
                0x000000000000cfd6                update_splash
 .text.update_handle_select
                0x000000000000d14a       0x9c TankFu.o
                0x000000000000d14a                update_handle_select
 .text.button_map
                0x000000000000d1e6       0x2c TankFu.o
                0x000000000000d1e6                button_map
 .text.crash_and_turn
                0x000000000000d212      0x1fc TankFu.o
                0x000000000000d212                crash_and_turn
 .text.get_cpu_goal_direction
                0x000000000000d40e       0x66 TankFu.o
                0x000000000000d40e                get_cpu_goal_direction
 .text.get_cpu_joypad_state
                0x000000000000d474      0x568 TankFu.o
                0x000000000000d474                get_cpu_joypad_state
 .text.stream_text_middle
                0x000000000000d9dc       0x96 TankFu.o
                0x000000000000d9dc                stream_text_middle
 .text.load_credits
                0x000000000000da72       0x1c TankFu.o
                0x000000000000da72                load_credits
 .text.startup.main
                0x000000000000da8e      0x14a TankFu.o
                0x000000000000da8e                main
 .text.libgcc.div
                0x000000000000dbd8       0x18 /usr/local/lib/gcc/avr/4.9.2/avr5/libgcc.a(_udivmodqi4.o)
                0x000000000000dbd8                __udivmodqi4
 .text.libgcc.div
                0x000000000000dbf0       0x28 /usr/local/lib/gcc/avr/4.9.2/avr5/libgcc.a(_udivmodhi4.o)
                0x000000000000dbf0                __udivmodhi4
 .text.libgcc.div
                0x000000000000dc18       0x28 /usr/local/lib/gcc/avr/4.9.2/avr5/libgcc.a(_divmodhi4.o)
                0x000000000000dc18                __divmodhi4
                0x000000000000dc18                _div
 .text.avr-libc.fplib
                0x000000000000dc40        0xa /usr/local/lib/gcc/avr/4.9.2/../../../../avr/lib/avr5/libm.a(addsf3.o)
                0x000000000000dc40                __subsf3
                0x000000000000dc42                __addsf3
 .text.avr-libc.fplib
                0x000000000000dc4a       0xc0 /usr/local/lib/gcc/avr/4.9.2/../../../../avr/lib/avr5/libm.a(addsf3x.o)
                0x000000000000dc64                __addsf3x
 .text.avr-libc.fplib
                0x000000000000dd0a        0x8 /usr/local/lib/gcc/avr/4.9.2/../../../../avr/lib/avr5/libm.a(cmpsf2.o)
                0x000000000000dd0a                __lesf2
                0x000000000000dd0a                __nesf2
                0x000000000000dd0a                __eqsf2
                0x000000000000dd0a                __cmpsf2
                0x000000000000dd0a                __ltsf2
 .text.avr-libc.fplib
                0x000000000000dd12        0x4 /usr/local/lib/gcc/avr/4.9.2/../../../../avr/lib/avr5/libm.a(divsf3.o)
                0x000000000000dd12                __divsf3
 .text.avr-libc.fplib
                0x000000000000dd16       0xcc /usr/local/lib/gcc/avr/4.9.2/../../../../avr/lib/avr5/libm.a(divsf3x.o)
                0x000000000000dd2c                __divsf3x
                0x000000000000dd30                __divsf3_pse
 .text.avr-libc.fplib
                0x000000000000dde2        0xa /usr/local/lib/gcc/avr/4.9.2/../../../../avr/lib/avr5/libm.a(fixsfsi.o)
                0x000000000000dde2                __fixsfsi
 .text.avr-libc.fplib
                0x000000000000ddec       0x58 /usr/local/lib/gcc/avr/4.9.2/../../../../avr/lib/avr5/libm.a(fixunssfsi.o)
                0x000000000000ddec                __fixunssfsi
 .text.avr-libc.fplib
                0x000000000000de44       0x7a /usr/local/lib/gcc/avr/4.9.2/../../../../avr/lib/avr5/libm.a(floatsisf.o)
                0x000000000000de44                __floatunsisf
                0x000000000000de48                __floatsisf
 .text.avr-libc.fplib
                0x000000000000debe       0x48 /usr/local/lib/gcc/avr/4.9.2/../../../../avr/lib/avr5/libm.a(fp_cmp.o)
                0x000000000000debe                __fp_cmp
 .text.avr-libc.fplib
                0x000000000000df06        0xc /usr/local/lib/gcc/avr/4.9.2/../../../../avr/lib/avr5/libm.a(fp_inf.o)
                0x000000000000df06                __fp_inf
 .text.avr-libc.fplib
                0x000000000000df12        0x6 /usr/local/lib/gcc/avr/4.9.2/../../../../avr/lib/avr5/libm.a(fp_nan.o)
                0x000000000000df12                __fp_nan
 .text.avr-libc.fplib
                0x000000000000df18        0xe /usr/local/lib/gcc/avr/4.9.2/../../../../avr/lib/avr5/libm.a(fp_pscA.o)
                0x000000000000df18                __fp_pscA
 .text.avr-libc.fplib
                0x000000000000df26        0xe /usr/local/lib/gcc/avr/4.9.2/../../../../avr/lib/avr5/libm.a(fp_pscB.o)
                0x000000000000df26                __fp_pscB
 .text.avr-libc.fplib
                0x000000000000df34       0x22 /usr/local/lib/gcc/avr/4.9.2/../../../../avr/lib/avr5/libm.a(fp_round.o)
                0x000000000000df34                __fp_round
 .text.avr-libc.fplib
                0x000000000000df56       0x44 /usr/local/lib/gcc/avr/4.9.2/../../../../avr/lib/avr5/libm.a(fp_split3.o)
                0x000000000000df56                __fp_split3
                0x000000000000df66                __fp_splitA
 .text.avr-libc.fplib
                0x000000000000df9a        0xe /usr/local/lib/gcc/avr/4.9.2/../../../../avr/lib/avr5/libm.a(fp_zero.o)
                0x000000000000df9a                __fp_zero
                0x000000000000df9c                __fp_szero
 .text.avr-libc.fplib
                0x000000000000dfa8        0x8 /usr/local/lib/gcc/avr/4.9.2/../../../../avr/lib/avr5/libm.a(gesf2.o)
                0x000000000000dfa8                __gtsf2
                0x000000000000dfa8                __gesf2
 .text.avr-libc.fplib
                0x000000000000dfb0        0x4 /usr/local/lib/gcc/avr/4.9.2/../../../../avr/lib/avr5/libm.a(mulsf3.o)
                0x000000000000dfb0                __mulsf3
 .text.avr-libc.fplib
                0x000000000000dfb4       0xc2 /usr/local/lib/gcc/avr/4.9.2/../../../../avr/lib/avr5/libm.a(mulsf3x.o)
                0x000000000000dfc8                __mulsf3x
                0x000000000000dfcc                __mulsf3_pse
 .text.avr-libc
                0x000000000000e076       0x12 /usr/local/lib/gcc/avr/4.9.2/../../../../avr/lib/avr5/libc.a(memcpy_P.o)
                0x000000000000e076                memcpy_P
 .text.avr-libc
                0x000000000000e088       0x16 /usr/local/lib/gcc/avr/4.9.2/../../../../avr/lib/avr5/libc.a(strnlen_P.o)
                0x000000000000e088                strnlen_P
                0x000000000000e09e                . = ALIGN (0x2)
 *(.fini9)
 .fini9         0x000000000000e09e        0x0 /usr/local/lib/gcc/avr/4.9.2/avr5/libgcc.a(_exit.o)
                0x000000000000e09e                exit
                0x000000000000e09e                _exit
 *(.fini9)
 *(.fini8)
 *(.fini8)
 *(.fini7)
 *(.fini7)
 *(.fini6)
 *(.fini6)
 *(.fini5)
 *(.fini5)
 *(.fini4)
 *(.fini4)
 *(.fini3)
 *(.fini3)
 *(.fini2)
 *(.fini2)
 *(.fini1)
 *(.fini1)
 *(.fini0)
 .fini0         0x000000000000e09e        0x4 /usr/local/lib/gcc/avr/4.9.2/avr5/libgcc.a(_exit.o)
 *(.fini0)
                0x000000000000e0a2                _etext = .

.data           0x0000000000800100        0x4 load address 0x000000000000e0a2
                0x0000000000800100                PROVIDE (__data_start, .)
 *(.data)
 .data          0x0000000000800100        0x1 uzeboxVideoEngine.o
 .data          0x0000000000800101        0x2 TankFu.o
                0x0000000000800101                global_frame_counter
 *(.data*)
 *(.rodata)
 *(.rodata*)
 *(.gnu.linkonce.d*)
                0x0000000000800104                . = ALIGN (0x2)
 *fill*         0x0000000000800103        0x1 
                0x0000000000800104                _edata = .
                0x0000000000800104                PROVIDE (__data_end, .)

.bss            0x0000000000800104      0xf42
                0x0000000000800104                PROVIDE (__bss_start, .)
 *(.bss)
 *fill*         0x0000000000800104       0x1c 
 .bss           0x0000000000800120      0x920 uzeboxVideoEngineCore.o
                0x0000000000800120                vram
                0x0000000000800468                sprites
                0x0000000000800468                overlay_vram
                0x0000000000800490                ram_tiles
                0x00000000008009d0                ram_tiles_restore
                0x0000000000800a0f                free_tile_index
                0x0000000000800a10                user_ram_tiles_c
                0x0000000000800a11                user_ram_tiles_c_tmp
                0x0000000000800a12                sprites_tile_banks
                0x0000000000800a1d                Screen
                0x0000000000800a20                sync_phase
                0x0000000000800a21                sync_pulse
                0x0000000000800a22                sync_flags
                0x0000000000800a27                first_render_line
                0x0000000000800a28                render_lines_count
                0x0000000000800a29                joypad1_status_lo
                0x0000000000800a2b                joypad1_status_hi
                0x0000000000800a2d                joypad2_status_lo
                0x0000000000800a2f                joypad2_status_hi
 .bss           0x0000000000800a40        0x2 uzeboxCore.o
 .bss           0x0000000000800a42        0x1 uzeboxSoundEngine.o
                0x0000000000800a42                playSong
 .bss           0x0000000000800a43       0x19 uzeboxSoundEngineCore.o
                0x0000000000800a43                sound_enabled
                0x0000000000800a44                mixer
                0x0000000000800a57                tr4_params
                0x0000000000800a58                tr4_barrel_lo
                0x0000000000800a59                tr4_barrel_hi
 .bss           0x0000000000800a5c       0x10 TankFu.o
                0x0000000000800a5c                p2s
                0x0000000000800a62                p1s
 *(.bss*)
 *(COMMON)
 COMMON         0x0000000000800a6c       0x85 uzeboxCore.o
                0x0000000000800a6c                uart_tx_buf
                0x0000000000800aac                joypadsConnectionStatus
                0x0000000000800aad                uart_rx_head
                0x0000000000800aae                uart_tx_head
                0x0000000000800aaf                uart_rx_tail
                0x0000000000800ab0                uart_rx_buf
                0x0000000000800af0                uart_tx_tail
 COMMON         0x0000000000800af1       0x6c uzeboxSoundEngine.o
                0x0000000000800af1                songStart
                0x0000000000800af3                tracks
                0x0000000000800b4f                currDeltaTime
                0x0000000000800b51                patchPointers
                0x0000000000800b53                lastStatus
                0x0000000000800b54                masterVolume
                0x0000000000800b55                nextDeltaTime
                0x0000000000800b57                songSpeed
                0x0000000000800b58                songPos
                0x0000000000800b5a                loopStart
                0x0000000000800b5c                step
 COMMON         0x0000000000800b5d        0x5 uzeboxVideoEngine.o
                0x0000000000800b5d                fadeSpeed
                0x0000000000800b5e                fadeDir
                0x0000000000800b5f                fadeActive
                0x0000000000800b60                currFadeFrame
                0x0000000000800b61                fadeStep
 COMMON         0x0000000000800b62      0x4e4 TankFu.o
                0x0000000000800b62                scores
                0x0000000000800b82                p2
                0x0000000000800b89                handles
                0x0000000000800ba9                game
                0x0000000000800bbd                tile_animations
                0x0000000000800bda                player1
                0x0000000000800c53                p1
                0x0000000000800c5a                level
                0x0000000000800f49                player2
                0x0000000000800fc2                sub_animation
                0x0000000000800fd0                scope_animation
                0x0000000000800fde                turret2
                0x0000000000801012                turret1
                0x0000000000801046                PROVIDE (__bss_end, .)
                0x000000000000e0a2                __data_load_start = LOADADDR (.data)
                0x000000000000e0a6                __data_load_end = (__data_load_start + SIZEOF (.data))

.noinit         0x0000000000801046        0x0
                0x0000000000801046                PROVIDE (__noinit_start, .)
 *(.noinit*)
                0x0000000000801046                PROVIDE (__noinit_end, .)
                0x0000000000801046                _end = .
                0x0000000000801046                PROVIDE (__heap_start, .)

.eeprom         0x0000000000810000        0x0
 *(.eeprom*)
                0x0000000000810000                __eeprom_end = .

.fuse
 *(.fuse)
 *(.lfuse)
 *(.hfuse)
 *(.efuse)

.lock
 *(.lock*)

.signature
 *(.signature*)

.stab           0x0000000000000000      0x57c
 *(.stab)
 .stab          0x0000000000000000       0xf0 /usr/local/lib/gcc/avr/4.9.2/avr5/libgcc.a(_udivmodqi4.o)
 .stab          0x00000000000000f0      0x15c /usr/local/lib/gcc/avr/4.9.2/avr5/libgcc.a(_udivmodhi4.o)
                                        0x168 (size before relaxing)
 .stab          0x000000000000024c      0x138 /usr/local/lib/gcc/avr/4.9.2/avr5/libgcc.a(_divmodhi4.o)
                                        0x144 (size before relaxing)
 .stab          0x0000000000000384       0x6c /usr/local/lib/gcc/avr/4.9.2/avr5/libgcc.a(_exit.o)
                                         0x78 (size before relaxing)
 .stab          0x00000000000003f0       0xd8 /usr/local/lib/gcc/avr/4.9.2/avr5/libgcc.a(_copy_data.o)
                                         0xe4 (size before relaxing)
 .stab          0x00000000000004c8       0xb4 /usr/local/lib/gcc/avr/4.9.2/avr5/libgcc.a(_clear_bss.o)
                                         0xc0 (size before relaxing)

.stabstr        0x0000000000000000      0x256
 *(.stabstr)
 .stabstr       0x0000000000000000      0x256 /usr/local/lib/gcc/avr/4.9.2/avr5/libgcc.a(_udivmodqi4.o)

.stab.excl
 *(.stab.excl)

.stab.exclstr
 *(.stab.exclstr)

.stab.index
 *(.stab.index)

.stab.indexstr
 *(.stab.indexstr)

.comment        0x0000000000000000       0x11
 *(.comment)
 .comment       0x0000000000000000       0x11 uzeboxCore.o
                                         0x12 (size before relaxing)
 .comment       0x0000000000000011       0x12 uzeboxSoundEngine.o
 .comment       0x0000000000000011       0x12 uzeboxVideoEngine.o
 .comment       0x0000000000000011       0x12 TankFu.o

.note.gnu.build-id
 *(.note.gnu.build-id)

.debug
 *(.debug)

.line
 *(.line)

.debug_srcinfo
 *(.debug_srcinfo)

.debug_sfnames
 *(.debug_sfnames)

.debug_aranges  0x0000000000000000      0x730
 *(.debug_aranges)
 .debug_aranges
                0x0000000000000000       0xf8 uzeboxVideoEngineCore.o
 .debug_aranges
                0x00000000000000f8       0xd8 uzeboxCore.o
 .debug_aranges
                0x00000000000001d0      0x100 uzeboxSoundEngine.o
 .debug_aranges
                0x00000000000002d0       0x50 uzeboxSoundEngineCore.o
 .debug_aranges
                0x0000000000000320       0xf8 uzeboxVideoEngine.o
 .debug_aranges
                0x0000000000000418      0x318 TankFu.o

.debug_pubnames
 *(.debug_pubnames)

.debug_info     0x0000000000000000     0x9f35
 *(.debug_info .gnu.linkonce.wi.*)
 .debug_info    0x0000000000000000      0x672 /usr/local/lib/gcc/avr/4.9.2/../../../../avr/lib/avr5/crtm644.o
 .debug_info    0x0000000000000672       0x7d uzeboxVideoEngineCore.o
 .debug_info    0x00000000000006ef      0xcd2 uzeboxCore.o
 .debug_info    0x00000000000013c1     0x1216 uzeboxSoundEngine.o
 .debug_info    0x00000000000025d7       0x74 uzeboxSoundEngineCore.o
 .debug_info    0x000000000000264b     0x1214 uzeboxVideoEngine.o
 .debug_info    0x000000000000385f     0x66d6 TankFu.o

.debug_abbrev   0x0000000000000000     0x169d
 *(.debug_abbrev)
 .debug_abbrev  0x0000000000000000      0x619 /usr/local/lib/gcc/avr/4.9.2/../../../../avr/lib/avr5/crtm644.o
 .debug_abbrev  0x0000000000000619       0x12 uzeboxVideoEngineCore.o
 .debug_abbrev  0x000000000000062b      0x36c uzeboxCore.o
 .debug_abbrev  0x0000000000000997      0x35c uzeboxSoundEngine.o
 .debug_abbrev  0x0000000000000cf3       0x12 uzeboxSoundEngineCore.o
 .debug_abbrev  0x0000000000000d05      0x39a uzeboxVideoEngine.o
 .debug_abbrev  0x000000000000109f      0x5fe TankFu.o

.debug_line     0x0000000000000000     0x2419
 *(.debug_line .debug_line.* .debug_line_end)
 .debug_line    0x0000000000000000       0x1d /usr/local/lib/gcc/avr/4.9.2/../../../../avr/lib/avr5/crtm644.o
 .debug_line    0x000000000000001d      0x50b uzeboxVideoEngineCore.o
 .debug_line    0x0000000000000528      0x369 uzeboxCore.o
 .debug_line    0x0000000000000891      0x3e2 uzeboxSoundEngine.o
 .debug_line    0x0000000000000c73      0x1ae uzeboxSoundEngineCore.o
 .debug_line    0x0000000000000e21      0x45c uzeboxVideoEngine.o
 .debug_line    0x000000000000127d     0x119c TankFu.o

.debug_frame    0x0000000000000000     0x170c
 *(.debug_frame)
 .debug_frame   0x0000000000000000      0x25c uzeboxCore.o
 .debug_frame   0x000000000000025c      0x284 uzeboxSoundEngine.o
 .debug_frame   0x00000000000004e0      0x47c uzeboxVideoEngine.o
 .debug_frame   0x000000000000095c      0xdb0 TankFu.o

.debug_str      0x0000000000000000     0x1f98
 *(.debug_str)
 .debug_str     0x0000000000000000      0x231 /usr/local/lib/gcc/avr/4.9.2/../../../../avr/lib/avr5/crtm644.o
 .debug_str     0x0000000000000231      0x5a7 uzeboxCore.o
                                        0x60d (size before relaxing)
 .debug_str     0x00000000000007d8      0x40a uzeboxSoundEngine.o
                                        0x646 (size before relaxing)
 .debug_str     0x0000000000000be2      0x2e4 uzeboxVideoEngine.o
                                        0x46f (size before relaxing)
 .debug_str     0x0000000000000ec6     0x10d2 TankFu.o
                                       0x150f (size before relaxing)

.debug_loc      0x0000000000000000     0x91a6
 *(.debug_loc)
 .debug_loc     0x0000000000000000      0xa8e uzeboxCore.o
 .debug_loc     0x0000000000000a8e     0x1063 uzeboxSoundEngine.o
 .debug_loc     0x0000000000001af1     0x1b2c uzeboxVideoEngine.o
 .debug_loc     0x000000000000361d     0x5b89 TankFu.o

.debug_macinfo
 *(.debug_macinfo)

.debug_weaknames
 *(.debug_weaknames)

.debug_funcnames
 *(.debug_funcnames)

.debug_typenames
 *(.debug_typenames)

.debug_varnames
 *(.debug_varnames)

.debug_pubtypes
 *(.debug_pubtypes)

.debug_ranges   0x0000000000000000      0x818
 *(.debug_ranges)
 .debug_ranges  0x0000000000000000       0xf0 uzeboxVideoEngineCore.o
 .debug_ranges  0x00000000000000f0       0xe0 uzeboxCore.o
 .debug_ranges  0x00000000000001d0      0x138 uzeboxSoundEngine.o
 .debug_ranges  0x0000000000000308       0x48 uzeboxSoundEngineCore.o
 .debug_ranges  0x0000000000000350      0x100 uzeboxVideoEngine.o
 .debug_ranges  0x0000000000000450      0x3c8 TankFu.o

.debug_macro
 *(.debug_macro)
OUTPUT(TankFu.elf elf32-avr)
LOAD linker stubs
