Archive member included to satisfy reference by file (symbol)

/usr/local/lib/gcc/avr/4.9.2/avr5/libgcc.a(_udivmodqi4.o)
                              uzeboxVideoEngine.o (__udivmodqi4)
/usr/local/lib/gcc/avr/4.9.2/avr5/libgcc.a(_divmodqi4.o)
                              TankFu.o (__divmodqi4)
/usr/local/lib/gcc/avr/4.9.2/avr5/libgcc.a(_udivmodhi4.o)
                              uzeboxVideoEngine.o (__udivmodhi4)
/usr/local/lib/gcc/avr/4.9.2/avr5/libgcc.a(_divmodhi4.o)
                              uzeboxSoundEngine.o (__divmodhi4)
/usr/local/lib/gcc/avr/4.9.2/avr5/libgcc.a(_udivmodsi4.o)
                              uzeboxVideoEngine.o (__udivmodsi4)
/usr/local/lib/gcc/avr/4.9.2/avr5/libgcc.a(_exit.o)
                              /usr/local/lib/gcc/avr/4.9.2/../../../../avr/lib/avr5/crtm644.o (exit)
/usr/local/lib/gcc/avr/4.9.2/avr5/libgcc.a(_copy_data.o)
                              uzeboxVideoEngine.o (__do_copy_data)
/usr/local/lib/gcc/avr/4.9.2/avr5/libgcc.a(_clear_bss.o)
                              uzeboxCore.o (__do_clear_bss)
/usr/local/lib/gcc/avr/4.9.2/../../../../avr/lib/avr5/libm.a(addsf3.o)
                              TankFu.o (__subsf3)
/usr/local/lib/gcc/avr/4.9.2/../../../../avr/lib/avr5/libm.a(addsf3x.o)
                              /usr/local/lib/gcc/avr/4.9.2/../../../../avr/lib/avr5/libm.a(addsf3.o) (__addsf3x)
/usr/local/lib/gcc/avr/4.9.2/../../../../avr/lib/avr5/libm.a(cmpsf2.o)
                              TankFu.o (__eqsf2)
/usr/local/lib/gcc/avr/4.9.2/../../../../avr/lib/avr5/libm.a(divsf3.o)
                              TankFu.o (__divsf3)
/usr/local/lib/gcc/avr/4.9.2/../../../../avr/lib/avr5/libm.a(divsf3x.o)
                              /usr/local/lib/gcc/avr/4.9.2/../../../../avr/lib/avr5/libm.a(divsf3.o) (__divsf3x)
/usr/local/lib/gcc/avr/4.9.2/../../../../avr/lib/avr5/libm.a(fixsfsi.o)
                              TankFu.o (__fixsfsi)
/usr/local/lib/gcc/avr/4.9.2/../../../../avr/lib/avr5/libm.a(fixunssfsi.o)
                              TankFu.o (__fixunssfsi)
/usr/local/lib/gcc/avr/4.9.2/../../../../avr/lib/avr5/libm.a(floatsisf.o)
                              TankFu.o (__floatunsisf)
/usr/local/lib/gcc/avr/4.9.2/../../../../avr/lib/avr5/libm.a(fp_cmp.o)
                              /usr/local/lib/gcc/avr/4.9.2/../../../../avr/lib/avr5/libm.a(cmpsf2.o) (__fp_cmp)
/usr/local/lib/gcc/avr/4.9.2/../../../../avr/lib/avr5/libm.a(fp_inf.o)
                              /usr/local/lib/gcc/avr/4.9.2/../../../../avr/lib/avr5/libm.a(addsf3x.o) (__fp_inf)
/usr/local/lib/gcc/avr/4.9.2/../../../../avr/lib/avr5/libm.a(fp_nan.o)
                              /usr/local/lib/gcc/avr/4.9.2/../../../../avr/lib/avr5/libm.a(addsf3x.o) (__fp_nan)
/usr/local/lib/gcc/avr/4.9.2/../../../../avr/lib/avr5/libm.a(fp_pscA.o)
                              /usr/local/lib/gcc/avr/4.9.2/../../../../avr/lib/avr5/libm.a(addsf3x.o) (__fp_pscA)
/usr/local/lib/gcc/avr/4.9.2/../../../../avr/lib/avr5/libm.a(fp_pscB.o)
                              /usr/local/lib/gcc/avr/4.9.2/../../../../avr/lib/avr5/libm.a(addsf3x.o) (__fp_pscB)
/usr/local/lib/gcc/avr/4.9.2/../../../../avr/lib/avr5/libm.a(fp_round.o)
                              /usr/local/lib/gcc/avr/4.9.2/../../../../avr/lib/avr5/libm.a(addsf3.o) (__fp_round)
/usr/local/lib/gcc/avr/4.9.2/../../../../avr/lib/avr5/libm.a(fp_split3.o)
                              /usr/local/lib/gcc/avr/4.9.2/../../../../avr/lib/avr5/libm.a(addsf3x.o) (__fp_split3)
/usr/local/lib/gcc/avr/4.9.2/../../../../avr/lib/avr5/libm.a(fp_zero.o)
                              /usr/local/lib/gcc/avr/4.9.2/../../../../avr/lib/avr5/libm.a(addsf3x.o) (__fp_zero)
/usr/local/lib/gcc/avr/4.9.2/../../../../avr/lib/avr5/libm.a(gesf2.o)
                              TankFu.o (__gtsf2)
/usr/local/lib/gcc/avr/4.9.2/../../../../avr/lib/avr5/libm.a(mulsf3.o)
                              TankFu.o (__mulsf3)
/usr/local/lib/gcc/avr/4.9.2/../../../../avr/lib/avr5/libm.a(mulsf3x.o)
                              /usr/local/lib/gcc/avr/4.9.2/../../../../avr/lib/avr5/libm.a(mulsf3.o) (__mulsf3x)
/usr/local/lib/gcc/avr/4.9.2/../../../../avr/lib/avr5/libc.a(memcpy_P.o)
                              TankFu.o (memcpy_P)
/usr/local/lib/gcc/avr/4.9.2/../../../../avr/lib/avr5/libc.a(strnlen_P.o)
                              TankFu.o (strnlen_P)
/usr/local/lib/gcc/avr/4.9.2/../../../../avr/lib/avr5/libc.a(strupr.o)
                              TankFu.o (strupr)
/usr/local/lib/gcc/avr/4.9.2/../../../../avr/lib/avr5/libc.a(sprintf.o)
                              TankFu.o (sprintf)
/usr/local/lib/gcc/avr/4.9.2/../../../../avr/lib/avr5/libc.a(vfprintf_std.o)
                              /usr/local/lib/gcc/avr/4.9.2/../../../../avr/lib/avr5/libc.a(sprintf.o) (vfprintf)
/usr/local/lib/gcc/avr/4.9.2/../../../../avr/lib/avr5/libc.a(strnlen.o)
                              /usr/local/lib/gcc/avr/4.9.2/../../../../avr/lib/avr5/libc.a(vfprintf_std.o) (strnlen)
/usr/local/lib/gcc/avr/4.9.2/../../../../avr/lib/avr5/libc.a(fputc.o)
                              /usr/local/lib/gcc/avr/4.9.2/../../../../avr/lib/avr5/libc.a(vfprintf_std.o) (fputc)
/usr/local/lib/gcc/avr/4.9.2/../../../../avr/lib/avr5/libc.a(ultoa_invert.o)
                              /usr/local/lib/gcc/avr/4.9.2/../../../../avr/lib/avr5/libc.a(vfprintf_std.o) (__ultoa_invert)
/usr/local/lib/gcc/avr/4.9.2/avr5/libgcc.a(_prologue.o)
                              /usr/local/lib/gcc/avr/4.9.2/../../../../avr/lib/avr5/libc.a(sprintf.o) (__prologue_saves__)
/usr/local/lib/gcc/avr/4.9.2/avr5/libgcc.a(_epilogue.o)
                              /usr/local/lib/gcc/avr/4.9.2/../../../../avr/lib/avr5/libc.a(sprintf.o) (__epilogue_restores__)

Allocating common symbols
Common symbol       size              file

songStart           0x2               uzeboxSoundEngine.o
uart_tx_buf         0x40              uzeboxCore.o
tracks              0x5c              uzeboxSoundEngine.o
scores              0x20              TankFu.o
fadeSpeed           0x1               uzeboxVideoEngine.o
p2                  0x7               TankFu.o
currDeltaTime       0x2               uzeboxSoundEngine.o
fadeDir             0x1               uzeboxVideoEngine.o
patchPointers       0x2               uzeboxSoundEngine.o
p2s                 0x6               TankFu.o
handles             0x20              TankFu.o
game                0x14              TankFu.o
tile_animations     0x1d              TankFu.o
lastStatus          0x1               uzeboxSoundEngine.o
joypadsConnectionStatus
                    0x1               uzeboxCore.o
wifi_status         0x1               TankFu.o
player1             0x7c              TankFu.o
fadeActive          0x1               uzeboxVideoEngine.o
p1                  0x7               TankFu.o
uart_rx_head        0x1               uzeboxCore.o
masterVolume        0x1               uzeboxSoundEngine.o
nextDeltaTime       0x2               uzeboxSoundEngine.o
songSpeed           0x1               uzeboxSoundEngine.o
uart_tx_head        0x1               uzeboxCore.o
songPos             0x2               uzeboxSoundEngine.o
level               0x2ef             TankFu.o
uart_rx_tail        0x1               uzeboxCore.o
player2             0x7c              TankFu.o
loopStart           0x2               uzeboxSoundEngine.o
sub_animation       0xe               TankFu.o
scope_animation     0xe               TankFu.o
uart_rx_buf         0x40              uzeboxCore.o
netMessage          0x1c              TankFu.o
step                0x1               uzeboxSoundEngine.o
currFadeFrame       0x1               uzeboxVideoEngine.o
p1s                 0x6               TankFu.o
fadeStep            0x1               uzeboxVideoEngine.o
uart_tx_tail        0x1               uzeboxCore.o
turret2             0x34              TankFu.o
turret1             0x34              TankFu.o

Discarded input sections

 .data          0x0000000000000000        0x0 /usr/local/lib/gcc/avr/4.9.2/../../../../avr/lib/avr5/crtm644.o
 .bss           0x0000000000000000        0x0 /usr/local/lib/gcc/avr/4.9.2/../../../../avr/lib/avr5/crtm644.o
 .data          0x0000000000000000        0x0 uzeboxVideoEngineCore.o
 .text.SetSpritesTileBank
                0x0000000000000000       0x12 uzeboxVideoEngineCore.o
 .text.GetTile  0x0000000000000000       0x1e uzeboxVideoEngineCore.o
 .text.SetUserPreVsyncCallback
                0x0000000000000000        0xa uzeboxVideoEngineCore.o
 .text.SetUserPostVsyncCallback
                0x0000000000000000        0xa uzeboxVideoEngineCore.o
 .text.IsRunningInEmulator
                0x0000000000000000       0x12 uzeboxVideoEngineCore.o
 .text.WaitClocks
                0x0000000000000000        0x6 uzeboxVideoEngineCore.o
 .text.SetLedOn
                0x0000000000000000        0x4 uzeboxVideoEngineCore.o
 .text.SetLedOff
                0x0000000000000000        0x4 uzeboxVideoEngineCore.o
 .text.ToggleLed
                0x0000000000000000        0x4 uzeboxVideoEngineCore.o
 .text.internal_spi_byte
                0x0000000000000000        0xe uzeboxVideoEngineCore.o
 .text          0x0000000000000000        0x0 uzeboxCore.o
 .data          0x0000000000000000        0x0 uzeboxCore.o
 .text.SetRenderingParameters
                0x0000000000000000        0xa uzeboxCore.o
 .text.DetectControllers
                0x0000000000000000       0x36 uzeboxCore.o
 .text.FormatEeprom2
                0x0000000000000000       0x98 uzeboxCore.o
 .text.IsPowerSwitchPressed
                0x0000000000000000        0xe uzeboxCore.o
 .text.UartGoBack
                0x0000000000000000       0x16 uzeboxCore.o
 .text.IsUartRxBufferEmpty
                0x0000000000000000       0x10 uzeboxCore.o
 .text.IsUartTxBufferEmpty
                0x0000000000000000       0x10 uzeboxCore.o
 .text.IsUartTxBufferFull
                0x0000000000000000       0x14 uzeboxCore.o
 .text          0x0000000000000000        0x0 uzeboxSoundEngine.o
 .data          0x0000000000000000        0x0 uzeboxSoundEngine.o
 .text.StartSong
                0x0000000000000000       0x52 uzeboxSoundEngine.o
 .text.StopSong
                0x0000000000000000       0x18 uzeboxSoundEngine.o
 .text.ResumeSong
                0x0000000000000000        0x8 uzeboxSoundEngine.o
 .text.SetSongSpeed
                0x0000000000000000        0x6 uzeboxSoundEngine.o
 .text.GetSongSpeed
                0x0000000000000000        0x6 uzeboxSoundEngine.o
 .text.GetMasterVolume
                0x0000000000000000        0x6 uzeboxSoundEngine.o
 .text.IsSongPlaying
                0x0000000000000000        0x6 uzeboxSoundEngine.o
 .data          0x0000000000000000        0x0 uzeboxSoundEngineCore.o
 .text.SetMixerNoiseParams
                0x0000000000000000       0x10 uzeboxSoundEngineCore.o
 .text.SetMixerVolume
                0x0000000000000000       0x16 uzeboxSoundEngineCore.o
 .text.EnableSoundEngine
                0x0000000000000000        0x8 uzeboxSoundEngineCore.o
 .text          0x0000000000000000        0x0 uzeboxVideoEngine.o
 .bss           0x0000000000000000        0x0 uzeboxVideoEngine.o
 .text.SetUserRamTilesCount
                0x0000000000000000        0x6 uzeboxVideoEngine.o
 .text.GetUserRamTile
                0x0000000000000000        0xe uzeboxVideoEngine.o
 .text.SetSpriteVisibility
                0x0000000000000000        0x6 uzeboxVideoEngine.o
 .text.MapSprite
                0x0000000000000000       0x80 uzeboxVideoEngine.o
 .text.PrintLong
                0x0000000000000000       0x8a uzeboxVideoEngine.o
 .text.PrintInt
                0x0000000000000000       0x70 uzeboxVideoEngine.o
 .text.PrintBinaryByte
                0x0000000000000000       0x36 uzeboxVideoEngine.o
 .text.PrintHexByte
                0x0000000000000000       0x40 uzeboxVideoEngine.o
 .text.PrintHexInt
                0x0000000000000000       0x24 uzeboxVideoEngine.o
 .text.PrintHexLong
                0x0000000000000000       0x5e uzeboxVideoEngine.o
 .text.PrintRam
                0x0000000000000000       0x36 uzeboxVideoEngine.o
 .text.Fill     0x0000000000000000       0x6e uzeboxVideoEngine.o
 .text.FontFill
                0x0000000000000000       0x6c uzeboxVideoEngine.o
 .text          0x0000000000000000        0x0 TankFu.o
 .text.wifiGetP
                0x0000000000000000       0x14 TankFu.o
 .text.LBGetJoyPadStateNet
                0x0000000000000000       0x24 TankFu.o
 .text.LBPrintByte
                0x0000000000000000       0x6c TankFu.o
 .text.LBWaitUs
                0x0000000000000000        0x4 TankFu.o
 .text.save_eeprom
                0x0000000000000000        0x4 TankFu.o
 .text.turret_map
                0x0000000000000000       0x14 TankFu.o
 .text.turret_shot_map
                0x0000000000000000       0x14 TankFu.o
 .text          0x0000000000000000        0x0 /usr/local/lib/gcc/avr/4.9.2/avr5/libgcc.a(_udivmodqi4.o)
 .data          0x0000000000000000        0x0 /usr/local/lib/gcc/avr/4.9.2/avr5/libgcc.a(_udivmodqi4.o)
 .bss           0x0000000000000000        0x0 /usr/local/lib/gcc/avr/4.9.2/avr5/libgcc.a(_udivmodqi4.o)
 .text.libgcc.mul
                0x0000000000000000        0x0 /usr/local/lib/gcc/avr/4.9.2/avr5/libgcc.a(_udivmodqi4.o)
 .text.libgcc   0x0000000000000000        0x0 /usr/local/lib/gcc/avr/4.9.2/avr5/libgcc.a(_udivmodqi4.o)
 .text.libgcc.prologue
                0x0000000000000000        0x0 /usr/local/lib/gcc/avr/4.9.2/avr5/libgcc.a(_udivmodqi4.o)
 .text.libgcc.builtins
                0x0000000000000000        0x0 /usr/local/lib/gcc/avr/4.9.2/avr5/libgcc.a(_udivmodqi4.o)
 .text.libgcc.fmul
                0x0000000000000000        0x0 /usr/local/lib/gcc/avr/4.9.2/avr5/libgcc.a(_udivmodqi4.o)
 .text.libgcc.fixed
                0x0000000000000000        0x0 /usr/local/lib/gcc/avr/4.9.2/avr5/libgcc.a(_udivmodqi4.o)
 .text          0x0000000000000000        0x0 /usr/local/lib/gcc/avr/4.9.2/avr5/libgcc.a(_divmodqi4.o)
 .data          0x0000000000000000        0x0 /usr/local/lib/gcc/avr/4.9.2/avr5/libgcc.a(_divmodqi4.o)
 .bss           0x0000000000000000        0x0 /usr/local/lib/gcc/avr/4.9.2/avr5/libgcc.a(_divmodqi4.o)
 .text.libgcc.mul
                0x0000000000000000        0x0 /usr/local/lib/gcc/avr/4.9.2/avr5/libgcc.a(_divmodqi4.o)
 .text.libgcc   0x0000000000000000        0x0 /usr/local/lib/gcc/avr/4.9.2/avr5/libgcc.a(_divmodqi4.o)
 .text.libgcc.prologue
                0x0000000000000000        0x0 /usr/local/lib/gcc/avr/4.9.2/avr5/libgcc.a(_divmodqi4.o)
 .text.libgcc.builtins
                0x0000000000000000        0x0 /usr/local/lib/gcc/avr/4.9.2/avr5/libgcc.a(_divmodqi4.o)
 .text.libgcc.fmul
                0x0000000000000000        0x0 /usr/local/lib/gcc/avr/4.9.2/avr5/libgcc.a(_divmodqi4.o)
 .text.libgcc.fixed
                0x0000000000000000        0x0 /usr/local/lib/gcc/avr/4.9.2/avr5/libgcc.a(_divmodqi4.o)
 .text          0x0000000000000000        0x0 /usr/local/lib/gcc/avr/4.9.2/avr5/libgcc.a(_udivmodhi4.o)
 .data          0x0000000000000000        0x0 /usr/local/lib/gcc/avr/4.9.2/avr5/libgcc.a(_udivmodhi4.o)
 .bss           0x0000000000000000        0x0 /usr/local/lib/gcc/avr/4.9.2/avr5/libgcc.a(_udivmodhi4.o)
 .text.libgcc.mul
                0x0000000000000000        0x0 /usr/local/lib/gcc/avr/4.9.2/avr5/libgcc.a(_udivmodhi4.o)
 .text.libgcc   0x0000000000000000        0x0 /usr/local/lib/gcc/avr/4.9.2/avr5/libgcc.a(_udivmodhi4.o)
 .text.libgcc.prologue
                0x0000000000000000        0x0 /usr/local/lib/gcc/avr/4.9.2/avr5/libgcc.a(_udivmodhi4.o)
 .text.libgcc.builtins
                0x0000000000000000        0x0 /usr/local/lib/gcc/avr/4.9.2/avr5/libgcc.a(_udivmodhi4.o)
 .text.libgcc.fmul
                0x0000000000000000        0x0 /usr/local/lib/gcc/avr/4.9.2/avr5/libgcc.a(_udivmodhi4.o)
 .text.libgcc.fixed
                0x0000000000000000        0x0 /usr/local/lib/gcc/avr/4.9.2/avr5/libgcc.a(_udivmodhi4.o)
 .text          0x0000000000000000        0x0 /usr/local/lib/gcc/avr/4.9.2/avr5/libgcc.a(_divmodhi4.o)
 .data          0x0000000000000000        0x0 /usr/local/lib/gcc/avr/4.9.2/avr5/libgcc.a(_divmodhi4.o)
 .bss           0x0000000000000000        0x0 /usr/local/lib/gcc/avr/4.9.2/avr5/libgcc.a(_divmodhi4.o)
 .text.libgcc.mul
                0x0000000000000000        0x0 /usr/local/lib/gcc/avr/4.9.2/avr5/libgcc.a(_divmodhi4.o)
 .text.libgcc   0x0000000000000000        0x0 /usr/local/lib/gcc/avr/4.9.2/avr5/libgcc.a(_divmodhi4.o)
 .text.libgcc.prologue
                0x0000000000000000        0x0 /usr/local/lib/gcc/avr/4.9.2/avr5/libgcc.a(_divmodhi4.o)
 .text.libgcc.builtins
                0x0000000000000000        0x0 /usr/local/lib/gcc/avr/4.9.2/avr5/libgcc.a(_divmodhi4.o)
 .text.libgcc.fmul
                0x0000000000000000        0x0 /usr/local/lib/gcc/avr/4.9.2/avr5/libgcc.a(_divmodhi4.o)
 .text.libgcc.fixed
                0x0000000000000000        0x0 /usr/local/lib/gcc/avr/4.9.2/avr5/libgcc.a(_divmodhi4.o)
 .text          0x0000000000000000        0x0 /usr/local/lib/gcc/avr/4.9.2/avr5/libgcc.a(_udivmodsi4.o)
 .data          0x0000000000000000        0x0 /usr/local/lib/gcc/avr/4.9.2/avr5/libgcc.a(_udivmodsi4.o)
 .bss           0x0000000000000000        0x0 /usr/local/lib/gcc/avr/4.9.2/avr5/libgcc.a(_udivmodsi4.o)
 .stab          0x0000000000000000      0x228 /usr/local/lib/gcc/avr/4.9.2/avr5/libgcc.a(_udivmodsi4.o)
                                        0x234 (size before relaxing)
 .text.libgcc.mul
                0x0000000000000000        0x0 /usr/local/lib/gcc/avr/4.9.2/avr5/libgcc.a(_udivmodsi4.o)
 .text.libgcc.div
                0x0000000000000000       0x44 /usr/local/lib/gcc/avr/4.9.2/avr5/libgcc.a(_udivmodsi4.o)
 .text.libgcc   0x0000000000000000        0x0 /usr/local/lib/gcc/avr/4.9.2/avr5/libgcc.a(_udivmodsi4.o)
 .text.libgcc.prologue
                0x0000000000000000        0x0 /usr/local/lib/gcc/avr/4.9.2/avr5/libgcc.a(_udivmodsi4.o)
 .text.libgcc.builtins
                0x0000000000000000        0x0 /usr/local/lib/gcc/avr/4.9.2/avr5/libgcc.a(_udivmodsi4.o)
 .text.libgcc.fmul
                0x0000000000000000        0x0 /usr/local/lib/gcc/avr/4.9.2/avr5/libgcc.a(_udivmodsi4.o)
 .text.libgcc.fixed
                0x0000000000000000        0x0 /usr/local/lib/gcc/avr/4.9.2/avr5/libgcc.a(_udivmodsi4.o)
 .text          0x0000000000000000        0x0 /usr/local/lib/gcc/avr/4.9.2/avr5/libgcc.a(_exit.o)
 .data          0x0000000000000000        0x0 /usr/local/lib/gcc/avr/4.9.2/avr5/libgcc.a(_exit.o)
 .bss           0x0000000000000000        0x0 /usr/local/lib/gcc/avr/4.9.2/avr5/libgcc.a(_exit.o)
 .text.libgcc.mul
                0x0000000000000000        0x0 /usr/local/lib/gcc/avr/4.9.2/avr5/libgcc.a(_exit.o)
 .text.libgcc.div
                0x0000000000000000        0x0 /usr/local/lib/gcc/avr/4.9.2/avr5/libgcc.a(_exit.o)
 .text.libgcc   0x0000000000000000        0x0 /usr/local/lib/gcc/avr/4.9.2/avr5/libgcc.a(_exit.o)
 .text.libgcc.prologue
                0x0000000000000000        0x0 /usr/local/lib/gcc/avr/4.9.2/avr5/libgcc.a(_exit.o)
 .text.libgcc.builtins
                0x0000000000000000        0x0 /usr/local/lib/gcc/avr/4.9.2/avr5/libgcc.a(_exit.o)
 .text.libgcc.fmul
                0x0000000000000000        0x0 /usr/local/lib/gcc/avr/4.9.2/avr5/libgcc.a(_exit.o)
 .text.libgcc.fixed
                0x0000000000000000        0x0 /usr/local/lib/gcc/avr/4.9.2/avr5/libgcc.a(_exit.o)
 .text          0x0000000000000000        0x0 /usr/local/lib/gcc/avr/4.9.2/avr5/libgcc.a(_copy_data.o)
 .data          0x0000000000000000        0x0 /usr/local/lib/gcc/avr/4.9.2/avr5/libgcc.a(_copy_data.o)
 .bss           0x0000000000000000        0x0 /usr/local/lib/gcc/avr/4.9.2/avr5/libgcc.a(_copy_data.o)
 .text.libgcc.mul
                0x0000000000000000        0x0 /usr/local/lib/gcc/avr/4.9.2/avr5/libgcc.a(_copy_data.o)
 .text.libgcc.div
                0x0000000000000000        0x0 /usr/local/lib/gcc/avr/4.9.2/avr5/libgcc.a(_copy_data.o)
 .text.libgcc   0x0000000000000000        0x0 /usr/local/lib/gcc/avr/4.9.2/avr5/libgcc.a(_copy_data.o)
 .text.libgcc.prologue
                0x0000000000000000        0x0 /usr/local/lib/gcc/avr/4.9.2/avr5/libgcc.a(_copy_data.o)
 .text.libgcc.builtins
                0x0000000000000000        0x0 /usr/local/lib/gcc/avr/4.9.2/avr5/libgcc.a(_copy_data.o)
 .text.libgcc.fmul
                0x0000000000000000        0x0 /usr/local/lib/gcc/avr/4.9.2/avr5/libgcc.a(_copy_data.o)
 .text.libgcc.fixed
                0x0000000000000000        0x0 /usr/local/lib/gcc/avr/4.9.2/avr5/libgcc.a(_copy_data.o)
 .text          0x0000000000000000        0x0 /usr/local/lib/gcc/avr/4.9.2/avr5/libgcc.a(_clear_bss.o)
 .data          0x0000000000000000        0x0 /usr/local/lib/gcc/avr/4.9.2/avr5/libgcc.a(_clear_bss.o)
 .bss           0x0000000000000000        0x0 /usr/local/lib/gcc/avr/4.9.2/avr5/libgcc.a(_clear_bss.o)
 .text.libgcc.mul
                0x0000000000000000        0x0 /usr/local/lib/gcc/avr/4.9.2/avr5/libgcc.a(_clear_bss.o)
 .text.libgcc.div
                0x0000000000000000        0x0 /usr/local/lib/gcc/avr/4.9.2/avr5/libgcc.a(_clear_bss.o)
 .text.libgcc   0x0000000000000000        0x0 /usr/local/lib/gcc/avr/4.9.2/avr5/libgcc.a(_clear_bss.o)
 .text.libgcc.prologue
                0x0000000000000000        0x0 /usr/local/lib/gcc/avr/4.9.2/avr5/libgcc.a(_clear_bss.o)
 .text.libgcc.builtins
                0x0000000000000000        0x0 /usr/local/lib/gcc/avr/4.9.2/avr5/libgcc.a(_clear_bss.o)
 .text.libgcc.fmul
                0x0000000000000000        0x0 /usr/local/lib/gcc/avr/4.9.2/avr5/libgcc.a(_clear_bss.o)
 .text.libgcc.fixed
                0x0000000000000000        0x0 /usr/local/lib/gcc/avr/4.9.2/avr5/libgcc.a(_clear_bss.o)
 .text          0x0000000000000000        0x0 /usr/local/lib/gcc/avr/4.9.2/../../../../avr/lib/avr5/libm.a(addsf3.o)
 .data          0x0000000000000000        0x0 /usr/local/lib/gcc/avr/4.9.2/../../../../avr/lib/avr5/libm.a(addsf3.o)
 .bss           0x0000000000000000        0x0 /usr/local/lib/gcc/avr/4.9.2/../../../../avr/lib/avr5/libm.a(addsf3.o)
 .text          0x0000000000000000        0x0 /usr/local/lib/gcc/avr/4.9.2/../../../../avr/lib/avr5/libm.a(addsf3x.o)
 .data          0x0000000000000000        0x0 /usr/local/lib/gcc/avr/4.9.2/../../../../avr/lib/avr5/libm.a(addsf3x.o)
 .bss           0x0000000000000000        0x0 /usr/local/lib/gcc/avr/4.9.2/../../../../avr/lib/avr5/libm.a(addsf3x.o)
 .text          0x0000000000000000        0x0 /usr/local/lib/gcc/avr/4.9.2/../../../../avr/lib/avr5/libm.a(cmpsf2.o)
 .data          0x0000000000000000        0x0 /usr/local/lib/gcc/avr/4.9.2/../../../../avr/lib/avr5/libm.a(cmpsf2.o)
 .bss           0x0000000000000000        0x0 /usr/local/lib/gcc/avr/4.9.2/../../../../avr/lib/avr5/libm.a(cmpsf2.o)
 .text          0x0000000000000000        0x0 /usr/local/lib/gcc/avr/4.9.2/../../../../avr/lib/avr5/libm.a(divsf3.o)
 .data          0x0000000000000000        0x0 /usr/local/lib/gcc/avr/4.9.2/../../../../avr/lib/avr5/libm.a(divsf3.o)
 .bss           0x0000000000000000        0x0 /usr/local/lib/gcc/avr/4.9.2/../../../../avr/lib/avr5/libm.a(divsf3.o)
 .text          0x0000000000000000        0x0 /usr/local/lib/gcc/avr/4.9.2/../../../../avr/lib/avr5/libm.a(divsf3x.o)
 .data          0x0000000000000000        0x0 /usr/local/lib/gcc/avr/4.9.2/../../../../avr/lib/avr5/libm.a(divsf3x.o)
 .bss           0x0000000000000000        0x0 /usr/local/lib/gcc/avr/4.9.2/../../../../avr/lib/avr5/libm.a(divsf3x.o)
 .text          0x0000000000000000        0x0 /usr/local/lib/gcc/avr/4.9.2/../../../../avr/lib/avr5/libm.a(fixsfsi.o)
 .data          0x0000000000000000        0x0 /usr/local/lib/gcc/avr/4.9.2/../../../../avr/lib/avr5/libm.a(fixsfsi.o)
 .bss           0x0000000000000000        0x0 /usr/local/lib/gcc/avr/4.9.2/../../../../avr/lib/avr5/libm.a(fixsfsi.o)
 .text          0x0000000000000000        0x0 /usr/local/lib/gcc/avr/4.9.2/../../../../avr/lib/avr5/libm.a(fixunssfsi.o)
 .data          0x0000000000000000        0x0 /usr/local/lib/gcc/avr/4.9.2/../../../../avr/lib/avr5/libm.a(fixunssfsi.o)
 .bss           0x0000000000000000        0x0 /usr/local/lib/gcc/avr/4.9.2/../../../../avr/lib/avr5/libm.a(fixunssfsi.o)
 .text          0x0000000000000000        0x0 /usr/local/lib/gcc/avr/4.9.2/../../../../avr/lib/avr5/libm.a(floatsisf.o)
 .data          0x0000000000000000        0x0 /usr/local/lib/gcc/avr/4.9.2/../../../../avr/lib/avr5/libm.a(floatsisf.o)
 .bss           0x0000000000000000        0x0 /usr/local/lib/gcc/avr/4.9.2/../../../../avr/lib/avr5/libm.a(floatsisf.o)
 .text          0x0000000000000000        0x0 /usr/local/lib/gcc/avr/4.9.2/../../../../avr/lib/avr5/libm.a(fp_cmp.o)
 .data          0x0000000000000000        0x0 /usr/local/lib/gcc/avr/4.9.2/../../../../avr/lib/avr5/libm.a(fp_cmp.o)
 .bss           0x0000000000000000        0x0 /usr/local/lib/gcc/avr/4.9.2/../../../../avr/lib/avr5/libm.a(fp_cmp.o)
 .text          0x0000000000000000        0x0 /usr/local/lib/gcc/avr/4.9.2/../../../../avr/lib/avr5/libm.a(fp_inf.o)
 .data          0x0000000000000000        0x0 /usr/local/lib/gcc/avr/4.9.2/../../../../avr/lib/avr5/libm.a(fp_inf.o)
 .bss           0x0000000000000000        0x0 /usr/local/lib/gcc/avr/4.9.2/../../../../avr/lib/avr5/libm.a(fp_inf.o)
 .text          0x0000000000000000        0x0 /usr/local/lib/gcc/avr/4.9.2/../../../../avr/lib/avr5/libm.a(fp_nan.o)
 .data          0x0000000000000000        0x0 /usr/local/lib/gcc/avr/4.9.2/../../../../avr/lib/avr5/libm.a(fp_nan.o)
 .bss           0x0000000000000000        0x0 /usr/local/lib/gcc/avr/4.9.2/../../../../avr/lib/avr5/libm.a(fp_nan.o)
 .text          0x0000000000000000        0x0 /usr/local/lib/gcc/avr/4.9.2/../../../../avr/lib/avr5/libm.a(fp_pscA.o)
 .data          0x0000000000000000        0x0 /usr/local/lib/gcc/avr/4.9.2/../../../../avr/lib/avr5/libm.a(fp_pscA.o)
 .bss           0x0000000000000000        0x0 /usr/local/lib/gcc/avr/4.9.2/../../../../avr/lib/avr5/libm.a(fp_pscA.o)
 .text          0x0000000000000000        0x0 /usr/local/lib/gcc/avr/4.9.2/../../../../avr/lib/avr5/libm.a(fp_pscB.o)
 .data          0x0000000000000000        0x0 /usr/local/lib/gcc/avr/4.9.2/../../../../avr/lib/avr5/libm.a(fp_pscB.o)
 .bss           0x0000000000000000        0x0 /usr/local/lib/gcc/avr/4.9.2/../../../../avr/lib/avr5/libm.a(fp_pscB.o)
 .text          0x0000000000000000        0x0 /usr/local/lib/gcc/avr/4.9.2/../../../../avr/lib/avr5/libm.a(fp_round.o)
 .data          0x0000000000000000        0x0 /usr/local/lib/gcc/avr/4.9.2/../../../../avr/lib/avr5/libm.a(fp_round.o)
 .bss           0x0000000000000000        0x0 /usr/local/lib/gcc/avr/4.9.2/../../../../avr/lib/avr5/libm.a(fp_round.o)
 .text          0x0000000000000000        0x0 /usr/local/lib/gcc/avr/4.9.2/../../../../avr/lib/avr5/libm.a(fp_split3.o)
 .data          0x0000000000000000        0x0 /usr/local/lib/gcc/avr/4.9.2/../../../../avr/lib/avr5/libm.a(fp_split3.o)
 .bss           0x0000000000000000        0x0 /usr/local/lib/gcc/avr/4.9.2/../../../../avr/lib/avr5/libm.a(fp_split3.o)
 .text          0x0000000000000000        0x0 /usr/local/lib/gcc/avr/4.9.2/../../../../avr/lib/avr5/libm.a(fp_zero.o)
 .data          0x0000000000000000        0x0 /usr/local/lib/gcc/avr/4.9.2/../../../../avr/lib/avr5/libm.a(fp_zero.o)
 .bss           0x0000000000000000        0x0 /usr/local/lib/gcc/avr/4.9.2/../../../../avr/lib/avr5/libm.a(fp_zero.o)
 .text          0x0000000000000000        0x0 /usr/local/lib/gcc/avr/4.9.2/../../../../avr/lib/avr5/libm.a(gesf2.o)
 .data          0x0000000000000000        0x0 /usr/local/lib/gcc/avr/4.9.2/../../../../avr/lib/avr5/libm.a(gesf2.o)
 .bss           0x0000000000000000        0x0 /usr/local/lib/gcc/avr/4.9.2/../../../../avr/lib/avr5/libm.a(gesf2.o)
 .text          0x0000000000000000        0x0 /usr/local/lib/gcc/avr/4.9.2/../../../../avr/lib/avr5/libm.a(mulsf3.o)
 .data          0x0000000000000000        0x0 /usr/local/lib/gcc/avr/4.9.2/../../../../avr/lib/avr5/libm.a(mulsf3.o)
 .bss           0x0000000000000000        0x0 /usr/local/lib/gcc/avr/4.9.2/../../../../avr/lib/avr5/libm.a(mulsf3.o)
 .text          0x0000000000000000        0x0 /usr/local/lib/gcc/avr/4.9.2/../../../../avr/lib/avr5/libm.a(mulsf3x.o)
 .data          0x0000000000000000        0x0 /usr/local/lib/gcc/avr/4.9.2/../../../../avr/lib/avr5/libm.a(mulsf3x.o)
 .bss           0x0000000000000000        0x0 /usr/local/lib/gcc/avr/4.9.2/../../../../avr/lib/avr5/libm.a(mulsf3x.o)
 .text          0x0000000000000000        0x0 /usr/local/lib/gcc/avr/4.9.2/../../../../avr/lib/avr5/libc.a(memcpy_P.o)
 .data          0x0000000000000000        0x0 /usr/local/lib/gcc/avr/4.9.2/../../../../avr/lib/avr5/libc.a(memcpy_P.o)
 .bss           0x0000000000000000        0x0 /usr/local/lib/gcc/avr/4.9.2/../../../../avr/lib/avr5/libc.a(memcpy_P.o)
 .text          0x0000000000000000        0x0 /usr/local/lib/gcc/avr/4.9.2/../../../../avr/lib/avr5/libc.a(strnlen_P.o)
 .data          0x0000000000000000        0x0 /usr/local/lib/gcc/avr/4.9.2/../../../../avr/lib/avr5/libc.a(strnlen_P.o)
 .bss           0x0000000000000000        0x0 /usr/local/lib/gcc/avr/4.9.2/../../../../avr/lib/avr5/libc.a(strnlen_P.o)
 .text          0x0000000000000000        0x0 /usr/local/lib/gcc/avr/4.9.2/../../../../avr/lib/avr5/libc.a(strupr.o)
 .data          0x0000000000000000        0x0 /usr/local/lib/gcc/avr/4.9.2/../../../../avr/lib/avr5/libc.a(strupr.o)
 .bss           0x0000000000000000        0x0 /usr/local/lib/gcc/avr/4.9.2/../../../../avr/lib/avr5/libc.a(strupr.o)
 .text          0x0000000000000000        0x0 /usr/local/lib/gcc/avr/4.9.2/../../../../avr/lib/avr5/libc.a(sprintf.o)
 .data          0x0000000000000000        0x0 /usr/local/lib/gcc/avr/4.9.2/../../../../avr/lib/avr5/libc.a(sprintf.o)
 .bss           0x0000000000000000        0x0 /usr/local/lib/gcc/avr/4.9.2/../../../../avr/lib/avr5/libc.a(sprintf.o)
 .text          0x0000000000000000        0x0 /usr/local/lib/gcc/avr/4.9.2/../../../../avr/lib/avr5/libc.a(vfprintf_std.o)
 .data          0x0000000000000000        0x0 /usr/local/lib/gcc/avr/4.9.2/../../../../avr/lib/avr5/libc.a(vfprintf_std.o)
 .bss           0x0000000000000000        0x0 /usr/local/lib/gcc/avr/4.9.2/../../../../avr/lib/avr5/libc.a(vfprintf_std.o)
 .text          0x0000000000000000        0x0 /usr/local/lib/gcc/avr/4.9.2/../../../../avr/lib/avr5/libc.a(strnlen.o)
 .data          0x0000000000000000        0x0 /usr/local/lib/gcc/avr/4.9.2/../../../../avr/lib/avr5/libc.a(strnlen.o)
 .bss           0x0000000000000000        0x0 /usr/local/lib/gcc/avr/4.9.2/../../../../avr/lib/avr5/libc.a(strnlen.o)
 .text          0x0000000000000000        0x0 /usr/local/lib/gcc/avr/4.9.2/../../../../avr/lib/avr5/libc.a(fputc.o)
 .data          0x0000000000000000        0x0 /usr/local/lib/gcc/avr/4.9.2/../../../../avr/lib/avr5/libc.a(fputc.o)
 .bss           0x0000000000000000        0x0 /usr/local/lib/gcc/avr/4.9.2/../../../../avr/lib/avr5/libc.a(fputc.o)
 .text          0x0000000000000000        0x0 /usr/local/lib/gcc/avr/4.9.2/../../../../avr/lib/avr5/libc.a(ultoa_invert.o)
 .data          0x0000000000000000        0x0 /usr/local/lib/gcc/avr/4.9.2/../../../../avr/lib/avr5/libc.a(ultoa_invert.o)
 .bss           0x0000000000000000        0x0 /usr/local/lib/gcc/avr/4.9.2/../../../../avr/lib/avr5/libc.a(ultoa_invert.o)
 .text          0x0000000000000000        0x0 /usr/local/lib/gcc/avr/4.9.2/avr5/libgcc.a(_prologue.o)
 .data          0x0000000000000000        0x0 /usr/local/lib/gcc/avr/4.9.2/avr5/libgcc.a(_prologue.o)
 .bss           0x0000000000000000        0x0 /usr/local/lib/gcc/avr/4.9.2/avr5/libgcc.a(_prologue.o)
 .text.libgcc.mul
                0x0000000000000000        0x0 /usr/local/lib/gcc/avr/4.9.2/avr5/libgcc.a(_prologue.o)
 .text.libgcc.div
                0x0000000000000000        0x0 /usr/local/lib/gcc/avr/4.9.2/avr5/libgcc.a(_prologue.o)
 .text.libgcc   0x0000000000000000        0x0 /usr/local/lib/gcc/avr/4.9.2/avr5/libgcc.a(_prologue.o)
 .text.libgcc.builtins
                0x0000000000000000        0x0 /usr/local/lib/gcc/avr/4.9.2/avr5/libgcc.a(_prologue.o)
 .text.libgcc.fmul
                0x0000000000000000        0x0 /usr/local/lib/gcc/avr/4.9.2/avr5/libgcc.a(_prologue.o)
 .text.libgcc.fixed
                0x0000000000000000        0x0 /usr/local/lib/gcc/avr/4.9.2/avr5/libgcc.a(_prologue.o)
 .text          0x0000000000000000        0x0 /usr/local/lib/gcc/avr/4.9.2/avr5/libgcc.a(_epilogue.o)
 .data          0x0000000000000000        0x0 /usr/local/lib/gcc/avr/4.9.2/avr5/libgcc.a(_epilogue.o)
 .bss           0x0000000000000000        0x0 /usr/local/lib/gcc/avr/4.9.2/avr5/libgcc.a(_epilogue.o)
 .text.libgcc.mul
                0x0000000000000000        0x0 /usr/local/lib/gcc/avr/4.9.2/avr5/libgcc.a(_epilogue.o)
 .text.libgcc.div
                0x0000000000000000        0x0 /usr/local/lib/gcc/avr/4.9.2/avr5/libgcc.a(_epilogue.o)
 .text.libgcc   0x0000000000000000        0x0 /usr/local/lib/gcc/avr/4.9.2/avr5/libgcc.a(_epilogue.o)
 .text.libgcc.builtins
                0x0000000000000000        0x0 /usr/local/lib/gcc/avr/4.9.2/avr5/libgcc.a(_epilogue.o)
 .text.libgcc.fmul
                0x0000000000000000        0x0 /usr/local/lib/gcc/avr/4.9.2/avr5/libgcc.a(_epilogue.o)
 .text.libgcc.fixed
                0x0000000000000000        0x0 /usr/local/lib/gcc/avr/4.9.2/avr5/libgcc.a(_epilogue.o)

Memory Configuration

Name             Origin             Length             Attributes
text             0x0000000000000000 0x0000000000020000 xr
data             0x0000000000800060 0x000000000000ffa0 rw !x
eeprom           0x0000000000810000 0x0000000000010000 rw !x
fuse             0x0000000000820000 0x0000000000000400 rw !x
lock             0x0000000000830000 0x0000000000000400 rw !x
signature        0x0000000000840000 0x0000000000000400 rw !x
*default*        0x0000000000000000 0xffffffffffffffff

Linker script and memory map

Address of section .data set to 0x800100
LOAD /usr/local/lib/gcc/avr/4.9.2/../../../../avr/lib/avr5/crtm644.o
LOAD uzeboxVideoEngineCore.o
LOAD uzeboxCore.o
LOAD uzeboxSoundEngine.o
LOAD uzeboxSoundEngineCore.o
LOAD uzeboxVideoEngine.o
LOAD TankFu.o
START GROUP
LOAD /usr/local/lib/gcc/avr/4.9.2/avr5/libgcc.a
LOAD /usr/local/lib/gcc/avr/4.9.2/../../../../avr/lib/avr5/libm.a
LOAD /usr/local/lib/gcc/avr/4.9.2/../../../../avr/lib/avr5/libc.a
END GROUP

.hash
 *(.hash)

.dynsym
 *(.dynsym)

.dynstr
 *(.dynstr)

.gnu.version
 *(.gnu.version)

.gnu.version_d
 *(.gnu.version_d)

.gnu.version_r
 *(.gnu.version_r)

.rel.init
 *(.rel.init)

.rela.init
 *(.rela.init)

.rel.text
 *(.rel.text)
 *(.rel.text.*)
 *(.rel.gnu.linkonce.t*)

.rela.text
 *(.rela.text)
 *(.rela.text.*)
 *(.rela.gnu.linkonce.t*)

.rel.fini
 *(.rel.fini)

.rela.fini
 *(.rela.fini)

.rel.rodata
 *(.rel.rodata)
 *(.rel.rodata.*)
 *(.rel.gnu.linkonce.r*)

.rela.rodata
 *(.rela.rodata)
 *(.rela.rodata.*)
 *(.rela.gnu.linkonce.r*)

.rel.data
 *(.rel.data)
 *(.rel.data.*)
 *(.rel.gnu.linkonce.d*)

.rela.data
 *(.rela.data)
 *(.rela.data.*)
 *(.rela.gnu.linkonce.d*)

.rel.ctors
 *(.rel.ctors)

.rela.ctors
 *(.rela.ctors)

.rel.dtors
 *(.rel.dtors)

.rela.dtors
 *(.rela.dtors)

.rel.got
 *(.rel.got)

.rela.got
 *(.rela.got)

.rel.bss
 *(.rel.bss)

.rela.bss
 *(.rela.bss)

.rel.plt
 *(.rel.plt)

.rela.plt
 *(.rela.plt)

.text           0x0000000000000000     0xeeba
 *(.vectors)
 .vectors       0x0000000000000000       0x70 /usr/local/lib/gcc/avr/4.9.2/../../../../avr/lib/avr5/crtm644.o
                0x0000000000000000                __vectors
                0x0000000000000000                __vector_default
 *(.vectors)
 *(.progmem.gcc*)
                0x0000000000000070                . = ALIGN (0x2)
                0x0000000000000070                __trampolines_start = .
 *(.trampolines)
 .trampolines   0x0000000000000070        0x0 linker stubs
 *(.trampolines*)
                0x0000000000000070                __trampolines_end = .
 *(.progmem*)
 .progmem.data  0x0000000000000070       0x4e uzeboxCore.o
                0x0000000000000070                io_table
                0x000000000000009e                eeprom_format_table
 .progmem.data  0x00000000000000be       0x1e uzeboxSoundEngine.o
                0x00000000000000be                patchCommands
 .progmem.data  0x00000000000000dc        0xc uzeboxVideoEngine.o
                0x00000000000000dc                fader
 .progmem.data  0x00000000000000e8     0x6a77 TankFu.o
                0x0000000000000289                bauds
                0x0000000000000297                strCredits
                0x00000000000002fc                default_scores
                0x000000000000031a                default_handles
                0x0000000000000338                strLevels
                0x00000000000003e8                strPaused
                0x00000000000003ef                strExit
                0x00000000000003f8                strTotal
                0x00000000000003ff                strScore
                0x0000000000000406                strFinalScore
                0x0000000000000412                strBy
                0x0000000000000415                strOwns
                0x000000000000041a                strChangeHandle
                0x0000000000000429                strPlayer2
                0x000000000000042c                strPlayer1
                0x000000000000042f                strVertSep
                0x0000000000000431                strUnderline
                0x000000000000043d                strHandlesTitle
                0x0000000000000449                strHighscores
                0x0000000000000453                strCopyright
                0x0000000000000468                strSelectHandle
                0x0000000000000477                strCancelHandle
                0x0000000000000482                strReset
                0x000000000000049b                strConfirmHandle
                0x00000000000004ad                strNetworkError
                0x00000000000004bb                strEnterGameId
                0x00000000000004ce                strConnecting
                0x00000000000004dc                strWaitingForNetOppenent
                0x00000000000004f7                strShareGameId
                0x000000000000050a                strJoinNetGame
                0x0000000000000518                strHostNetGame
                0x0000000000000526                str2Player
                0x0000000000000537                str1Player
                0x0000000000000545                my_patches
                0x000000000000058d                ad_alarm
                0x0000000000000625                ad_navigate
                0x0000000000000636                ad_cannonball
                0x000000000000064d                ad_brick_explode
                0x00000000000006be                ad_tank_explode
                0x000000000000078f                level_data
                0x00000000000027c9                sprites_data
                0x0000000000003109                map_sub_turret
                0x000000000000310c                map_sub_shot
                0x000000000000310f                map_up_arrow
                0x0000000000003112                map_down_arrow
                0x0000000000003115                map_right_arrow
                0x0000000000003118                map_rocket_right_1
                0x000000000000311b                map_rocket_right_0
                0x000000000000311e                map_rocket_up_1
                0x0000000000003121                map_rocket_up_0
                0x0000000000003124                map_ball
                0x0000000000003127                map_explosion_2
                0x000000000000312d                map_explosion_1
                0x0000000000003133                map_explosion_0
                0x0000000000003139                map_tank2_right_0
                0x000000000000313f                map_tank2_up_0
                0x0000000000003145                map_tank1_right_0
                0x000000000000314b                map_tank1_up_0
                0x0000000000003151                map_tank_blank
                0x0000000000003157                map_none
                0x000000000000315a                tiles_data
                0x000000000000681a                map_sub_emerging
                0x0000000000006950                map_sub
                0x0000000000006a86                map_scope_2
                0x0000000000006a89                map_scope_1
                0x0000000000006a8c                map_scope_0
                0x0000000000006a8f                map_blue_tank
                0x0000000000006a95                map_green_tank
                0x0000000000006a9b                map_fence
                0x0000000000006a9e                map_turf
                0x0000000000006aa1                map_water
                0x0000000000006aa4                map_metal_bl
                0x0000000000006aa7                map_metal_tr
                0x0000000000006aaa                map_metal_br
                0x0000000000006aad                map_metal_tl
                0x0000000000006ab0                map_tile_exp_2
                0x0000000000006ab3                map_tile_exp_1
                0x0000000000006ab6                map_tile_exp_0
                0x0000000000006ab9                map_rocket_itm
                0x0000000000006abc                map_explode_itm
                0x0000000000006abf                map_speed_itm
                0x0000000000006ac2                map_metal
                0x0000000000006ac5                map_brick
                0x0000000000006ac8                map_splash
                0x0000000000006b1e                map_pause
                0x0000000000006b5c                map_tile_none
                0x0000000000006b60                . = ALIGN (0x2)
 *fill*         0x0000000000006b5f        0x1 
 *(.jumptables)
 *(.jumptables*)
 *(.lowtext)
 *(.lowtext*)
                0x0000000000006b60                __ctors_start = .
 *(.ctors)
                0x0000000000006b60                __ctors_end = .
                0x0000000000006b60                __dtors_start = .
 *(.dtors)
                0x0000000000006b60                __dtors_end = .
 SORT(*)(.ctors)
 SORT(*)(.dtors)
 *(.init0)
 .init0         0x0000000000006b60        0x0 /usr/local/lib/gcc/avr/4.9.2/../../../../avr/lib/avr5/crtm644.o
                0x0000000000006b60                __init
 *(.init0)
 *(.init1)
 *(.init1)
 *(.init2)
 .init2         0x0000000000006b60        0xc /usr/local/lib/gcc/avr/4.9.2/../../../../avr/lib/avr5/crtm644.o
 *(.init2)
 *(.init3)
 *(.init3)
 *(.init4)
 .init4         0x0000000000006b6c       0x16 /usr/local/lib/gcc/avr/4.9.2/avr5/libgcc.a(_copy_data.o)
                0x0000000000006b6c                __do_copy_data
 .init4         0x0000000000006b82       0x10 /usr/local/lib/gcc/avr/4.9.2/avr5/libgcc.a(_clear_bss.o)
                0x0000000000006b82                __do_clear_bss
 *(.init4)
 *(.init5)
 *(.init5)
 *(.init6)
 *(.init6)
 *(.init7)
 .init7         0x0000000000006b92       0x16 uzeboxCore.o
                0x0000000000006b92                wdt_init
 *(.init7)
 *(.init8)
 .init8         0x0000000000006ba8       0x86 uzeboxCore.o
                0x0000000000006ba8                Initialize
 *(.init8)
 *(.init9)
 .init9         0x0000000000006c2e        0x8 /usr/local/lib/gcc/avr/4.9.2/../../../../avr/lib/avr5/crtm644.o
 *(.init9)
 *(.text)
 .text          0x0000000000006c36        0x4 /usr/local/lib/gcc/avr/4.9.2/../../../../avr/lib/avr5/crtm644.o
                0x0000000000006c36                __vector_20
                0x0000000000006c36                __vector_1
                0x0000000000006c36                __vector_24
                0x0000000000006c36                __vector_12
                0x0000000000006c36                __bad_interrupt
                0x0000000000006c36                __vector_6
                0x0000000000006c36                __vector_3
                0x0000000000006c36                __vector_23
                0x0000000000006c36                __vector_25
                0x0000000000006c36                __vector_11
                0x0000000000006c36                __vector_17
                0x0000000000006c36                __vector_19
                0x0000000000006c36                __vector_7
                0x0000000000006c36                __vector_27
                0x0000000000006c36                __vector_5
                0x0000000000006c36                __vector_4
                0x0000000000006c36                __vector_9
                0x0000000000006c36                __vector_2
                0x0000000000006c36                __vector_21
                0x0000000000006c36                __vector_15
                0x0000000000006c36                __vector_26
                0x0000000000006c36                __vector_10
                0x0000000000006c36                __vector_16
                0x0000000000006c36                __vector_18
                0x0000000000006c36                __vector_22
 .text          0x0000000000006c3a      0x674 uzeboxVideoEngineCore.o
                0x0000000000006daa                CopyFlashTile
                0x0000000000006ec8                CopyRamTile
                0x0000000000006fe2                RestoreBackground
                0x0000000000007008                BlitSpritePart
                0x00000000000070d6                __vector_13
                0x0000000000007154                __vector_14
 .text          0x00000000000072ae      0x18a uzeboxSoundEngineCore.o
                0x00000000000072ae                process_music
                0x00000000000072ba                update_sound
                0x0000000000007438                . = ALIGN (0x2)
 *(.text.*)
 .text.SetSpritesTileTable
                0x0000000000007438        0xa uzeboxVideoEngineCore.o
                0x0000000000007438                SetSpritesTileTable
 .text.ClearVram
                0x0000000000007442       0x14 uzeboxVideoEngineCore.o
                0x0000000000007442                ClearVram
 .text.SetFont  0x0000000000007456        0x8 uzeboxVideoEngineCore.o
                0x0000000000007456                SetFont
 .text.SetTile  0x000000000000745e       0x1c uzeboxVideoEngineCore.o
                0x000000000000745e                SetTile
 .text.SetFontTilesIndex
                0x000000000000747a        0x6 uzeboxVideoEngineCore.o
                0x000000000000747a                SetFontTilesIndex
 .text.SetTileTable
                0x0000000000007480        0xa uzeboxVideoEngineCore.o
                0x0000000000007480                SetTileTable
 .text.GetVsyncFlag
                0x000000000000748a        0x8 uzeboxVideoEngineCore.o
                0x000000000000748a                GetVsyncFlag
 .text.ClearVsyncFlag
                0x0000000000007492        0xc uzeboxVideoEngineCore.o
                0x0000000000007492                ClearVsyncFlag
 .text.GetVsyncCounter
                0x000000000000749e        0xa uzeboxVideoEngineCore.o
                0x000000000000749e                GetVsyncCounter
 .text.ClearVsyncCounter
                0x00000000000074a8        0xa uzeboxVideoEngineCore.o
                0x00000000000074a8                ClearVsyncCounter
 .text.ReadJoypad
                0x00000000000074b2       0x18 uzeboxVideoEngineCore.o
                0x00000000000074b2                ReadJoypad
 .text.WaitUs   0x00000000000074ca        0xe uzeboxVideoEngineCore.o
                0x00000000000074ca                WaitUs
 .text.WriteEeprom
                0x00000000000074d8       0x14 uzeboxVideoEngineCore.o
                0x00000000000074d8                WriteEeprom
 .text.ReadEeprom
                0x00000000000074ec       0x12 uzeboxVideoEngineCore.o
                0x00000000000074ec                ReadEeprom
 .text.wdt_randomize
                0x00000000000074fe       0x50 uzeboxVideoEngineCore.o
                0x00000000000074fe                wdt_randomize
 .text.GetTrueRandomSeed
                0x000000000000754e        0xa uzeboxVideoEngineCore.o
                0x000000000000754e                GetTrueRandomSeed
 .text.__vector_8
                0x0000000000007558       0x44 uzeboxVideoEngineCore.o
                0x0000000000007558                __vector_8
 .text.SoftReset
                0x000000000000759c       0x16 uzeboxCore.o
                0x000000000000759c                SoftReset
 .text.ReadButtons
                0x00000000000075b2       0x6c uzeboxCore.o
                0x00000000000075b2                ReadButtons
 .text.ReadControllers
                0x000000000000761e       0x20 uzeboxCore.o
                0x000000000000761e                ReadControllers
 .text.FormatEeprom
                0x000000000000763e       0x44 uzeboxCore.o
                0x000000000000763e                FormatEeprom
 .text.isEepromFormatted
                0x0000000000007682       0x2e uzeboxCore.o
                0x0000000000007682                isEepromFormatted
 .text.EepromBlockExists
                0x00000000000076b0       0xa4 uzeboxCore.o
                0x00000000000076b0                EepromBlockExists
 .text.EepromWriteBlock
                0x0000000000007754       0x94 uzeboxCore.o
                0x0000000000007754                EepromWriteBlock
 .text.EepromReadBlock
                0x00000000000077e8       0x66 uzeboxCore.o
                0x00000000000077e8                EepromReadBlock
 .text.UartUnreadCount
                0x000000000000784e        0xc uzeboxCore.o
                0x000000000000784e                UartUnreadCount
 .text.UartReadChar
                0x000000000000785a       0x2e uzeboxCore.o
                0x000000000000785a                UartReadChar
 .text.InitUartRxBuffer
                0x0000000000007888        0xa uzeboxCore.o
                0x0000000000007888                InitUartRxBuffer
 .text.UartSendChar
                0x0000000000007892       0x28 uzeboxCore.o
                0x0000000000007892                UartSendChar
 .text.InitUartTxBuffer
                0x00000000000078ba        0xa uzeboxCore.o
                0x00000000000078ba                InitUartTxBuffer
 .text.GetPrngNumber
                0x00000000000078c4       0x5c uzeboxCore.o
                0x00000000000078c4                GetPrngNumber
 .text.PatchCommand00
                0x0000000000007920        0x6 uzeboxSoundEngine.o
                0x0000000000007920                PatchCommand00
 .text.PatchCommand01
                0x0000000000007926       0x10 uzeboxSoundEngine.o
                0x0000000000007926                PatchCommand01
 .text.PatchCommand05
                0x0000000000007936        0xa uzeboxSoundEngine.o
                0x0000000000007936                PatchCommand05
 .text.PatchCommand06
                0x0000000000007940        0xa uzeboxSoundEngine.o
                0x0000000000007940                PatchCommand06
 .text.PatchCommand07
                0x000000000000794a        0x6 uzeboxSoundEngine.o
                0x000000000000794a                PatchCommand07
 .text.PatchCommand09
                0x0000000000007950        0x6 uzeboxSoundEngine.o
                0x0000000000007950                PatchCommand09
 .text.PatchCommand10
                0x0000000000007956        0x6 uzeboxSoundEngine.o
                0x0000000000007956                PatchCommand10
 .text.PatchCommand11
                0x000000000000795c       0x76 uzeboxSoundEngine.o
                0x000000000000795c                PatchCommand11
 .text.PatchCommand12
                0x00000000000079d2        0x6 uzeboxSoundEngine.o
                0x00000000000079d2                PatchCommand12
 .text.PatchCommand13
                0x00000000000079d8        0x6 uzeboxSoundEngine.o
                0x00000000000079d8                PatchCommand13
 .text.PatchCommand02
                0x00000000000079de        0x8 uzeboxSoundEngine.o
                0x00000000000079de                PatchCommand02
 .text.PatchCommand03
                0x00000000000079e6        0xe uzeboxSoundEngine.o
                0x00000000000079e6                PatchCommand03
 .text.PatchCommand04
                0x00000000000079f4       0x10 uzeboxSoundEngine.o
                0x00000000000079f4                PatchCommand04
 .text.PatchCommand08
                0x0000000000007a04       0x20 uzeboxSoundEngine.o
                0x0000000000007a04                PatchCommand08
 .text.PatchCommand14
                0x0000000000007a24       0x54 uzeboxSoundEngine.o
                0x0000000000007a24                PatchCommand14
 .text.InitMusicPlayer
                0x0000000000007a78       0x44 uzeboxSoundEngine.o
                0x0000000000007a78                InitMusicPlayer
 .text.ReadVarLen
                0x0000000000007abc       0x4c uzeboxSoundEngine.o
                0x0000000000007abc                ReadVarLen
 .text.TriggerCommon
                0x0000000000007b08       0xbe uzeboxSoundEngine.o
                0x0000000000007b08                TriggerCommon
 .text.TriggerFx
                0x0000000000007bc6       0x90 uzeboxSoundEngine.o
                0x0000000000007bc6                TriggerFx
 .text.TriggerNote
                0x0000000000007c56       0x80 uzeboxSoundEngine.o
                0x0000000000007c56                TriggerNote
 .text.ProcessMusic
                0x0000000000007cd6      0x43e uzeboxSoundEngine.o
                0x0000000000007cd6                ProcessMusic
 .text.SetMasterVolume
                0x0000000000008114        0x6 uzeboxSoundEngine.o
                0x0000000000008114                SetMasterVolume
 .text.SetMixerNote
                0x000000000000811a       0x2e uzeboxSoundEngineCore.o
                0x000000000000811a                SetMixerNote
 .text.SetMixerWave
                0x0000000000008148       0x3a uzeboxSoundEngineCore.o
                0x0000000000008148                SetMixerWave
 *fill*         0x0000000000008182       0x7e 
 .text.DisableSoundEngine
                0x0000000000008200      0xc00 uzeboxSoundEngineCore.o
                0x0000000000008200                DisableSoundEngine
                0x0000000000008208                steptable
                0x0000000000008400                waves
 .text.ProcessSprites
                0x0000000000008e00      0x1cc uzeboxVideoEngine.o
                0x0000000000008e00                ProcessSprites
 .text.MapSprite2
                0x0000000000008fcc       0xa4 uzeboxVideoEngine.o
                0x0000000000008fcc                MapSprite2
 .text.MoveSprite
                0x0000000000009070       0x4a uzeboxVideoEngine.o
                0x0000000000009070                MoveSprite
 .text.DisplayLogo
                0x00000000000090ba        0x2 uzeboxVideoEngine.o
                0x00000000000090ba                DisplayLogo
 .text.InitializeVideoMode
                0x00000000000090bc       0x1c uzeboxVideoEngine.o
                0x00000000000090bc                InitializeVideoMode
 .text.DrawMap  0x00000000000090d8       0x9a uzeboxVideoEngine.o
                0x00000000000090d8                DrawMap2
                0x00000000000090d8                DrawMap
 .text.PrintByte
                0x0000000000009172       0x66 uzeboxVideoEngine.o
                0x0000000000009172                PrintByte
 .text.Print    0x00000000000091d8       0x36 uzeboxVideoEngine.o
                0x00000000000091d8                Print
 .text.PrintChar
                0x000000000000920e        0x6 uzeboxVideoEngine.o
                0x000000000000920e                PrintChar
 .text.WaitVsync
                0x0000000000009214       0x2e uzeboxVideoEngine.o
                0x0000000000009214                WaitVsync
 .text.doFade   0x0000000000009242       0x1c uzeboxVideoEngine.o
                0x0000000000009242                doFade
 .text.FadeIn   0x000000000000925e       0x18 uzeboxVideoEngine.o
                0x000000000000925e                FadeIn
 .text.FadeOut  0x0000000000009276       0x18 uzeboxVideoEngine.o
                0x0000000000009276                FadeOut
 .text.ProcessFading
                0x000000000000928e       0x4a uzeboxVideoEngine.o
                0x000000000000928e                ProcessFading
 .text.VideoModeVsync
                0x00000000000092d8        0x4 uzeboxVideoEngine.o
                0x00000000000092d8                VideoModeVsync
 .text.LBPlaySound.part.6
                0x00000000000092dc        0x8 TankFu.o
 .text.wifiSendP
                0x00000000000092e4       0x2c TankFu.o
                0x00000000000092e4                wifiSendP
 .text.wifiSend
                0x0000000000009310       0x28 TankFu.o
                0x0000000000009310                wifiSend
 .text.wifiSendBinary
                0x0000000000009338       0x2e TankFu.o
                0x0000000000009338                wifiSendBinary
 .text.wifiGetIfAvailable
                0x0000000000009366       0x4e TankFu.o
                0x0000000000009366                wifiGetIfAvailable
 .text.wifiGetPB
                0x00000000000093b4       0x6a TankFu.o
                0x00000000000093b4                wifiGetPB
 .text.wifiGetPBT
                0x000000000000941e       0x74 TankFu.o
                0x000000000000941e                wifiGetPBT
 .text.wifiRequestP
                0x0000000000009492       0x24 TankFu.o
                0x0000000000009492                wifiRequestP
 .text.wifiRequest
                0x00000000000094b6       0x24 TankFu.o
                0x00000000000094b6                wifiRequest
 .text.wifiRequestPT
                0x00000000000094da       0x3e TankFu.o
                0x00000000000094da                wifiRequestPT
 .text.initWifi
                0x0000000000009518       0x9e TankFu.o
                0x0000000000009518                initWifi
 .text.cleanupWifi
                0x00000000000095b6       0x58 TankFu.o
                0x00000000000095b6                cleanupWifi
 .text.activateNet
                0x000000000000960e       0x10 TankFu.o
                0x000000000000960e                activateNet
 .text.sendNetMessage
                0x000000000000961e        0x6 TankFu.o
                0x000000000000961e                sendNetMessage
 .text.getNetMessage
                0x0000000000009624        0x6 TankFu.o
                0x0000000000009624                getNetMessage
 .text.hostNetGame
                0x000000000000962a      0x100 TankFu.o
                0x000000000000962a                hostNetGame
 .text.joinNetGame
                0x000000000000972a       0xb6 TankFu.o
                0x000000000000972a                joinNetGame
 .text.LBGetNextFrame
                0x00000000000097e0       0x4a TankFu.o
                0x00000000000097e0                LBGetNextFrame
 .text.LBGetNextFrameReverse
                0x000000000000982a       0x58 TankFu.o
                0x000000000000982a                LBGetNextFrameReverse
 .text.LBGetJoyPadState
                0x0000000000009882       0x96 TankFu.o
                0x0000000000009882                LBGetJoyPadState
 .text.LBPrintStr
                0x0000000000009918       0x62 TankFu.o
                0x0000000000009918                LBPrintStr
 .text.LBCollides
                0x000000000000997a       0x54 TankFu.o
                0x000000000000997a                LBCollides
 .text.LBLineIntersect
                0x00000000000099ce      0x1ac TankFu.o
                0x00000000000099ce                LBLineIntersect
 .text.LBRandom
                0x0000000000009b7a       0x36 TankFu.o
                0x0000000000009b7a                LBRandom
 .text.LBWaitSeconds
                0x0000000000009bb0       0x1e TankFu.o
                0x0000000000009bb0                LBWaitSeconds
 .text.LBHideAllSprites
                0x0000000000009bce       0x14 TankFu.o
                0x0000000000009bce                LBHideAllSprites
 .text.LBPlaySound
                0x0000000000009be2       0x1a TankFu.o
                0x0000000000009be2                LBPlaySound
 .text.init_scores
                0x0000000000009bfc       0x18 TankFu.o
                0x0000000000009bfc                init_scores
 .text.init_handles
                0x0000000000009c14       0x18 TankFu.o
                0x0000000000009c14                init_handles
 .text.init_tile_animations
                0x0000000000009c2c       0x4e TankFu.o
                0x0000000000009c2c                init_tile_animations
 .text.init_scope_animation
                0x0000000000009c7a       0x30 TankFu.o
                0x0000000000009c7a                init_scope_animation
 .text.init_sub_animation
                0x0000000000009caa       0x28 TankFu.o
                0x0000000000009caa                init_sub_animation
 .text.init_shot_state
                0x0000000000009cd2       0x3a TankFu.o
                0x0000000000009cd2                init_shot_state
 .text.set_shot_animations
                0x0000000000009d0c       0x64 TankFu.o
                0x0000000000009d0c                set_shot_animations
 .text.init_turret
                0x0000000000009d70       0x64 TankFu.o
                0x0000000000009d70                init_turret
 .text.init_player
                0x0000000000009dd4       0xe4 TankFu.o
                0x0000000000009dd4                init_player
 .text.player_init_shot_state
                0x0000000000009eb8        0xe TankFu.o
                0x0000000000009eb8                player_init_shot_state
 .text.init_game_state
                0x0000000000009ec6       0x4e TankFu.o
                0x0000000000009ec6                init_game_state
 .text.player_spawn
                0x0000000000009f14       0x50 TankFu.o
                0x0000000000009f14                player_spawn
 .text.waitForVSync
                0x0000000000009f64       0x10 TankFu.o
                0x0000000000009f64                waitForVSync
 .text.load_eeprom
                0x0000000000009f74       0x24 TankFu.o
                0x0000000000009f74                load_eeprom
 .text.fade_through
                0x0000000000009f98       0x14 TankFu.o
                0x0000000000009f98                fade_through
 .text.clear_sprites
                0x0000000000009fac       0x1a TankFu.o
                0x0000000000009fac                clear_sprites
 .text.save_score
                0x0000000000009fc6      0x102 TankFu.o
                0x0000000000009fc6                save_score
 .text.position_shot
                0x000000000000a0c8       0xda TankFu.o
                0x000000000000a0c8                position_shot
 .text.print_level_score
                0x000000000000a1a2       0x84 TankFu.o
                0x000000000000a1a2                print_level_score
 .text.print_final_score
                0x000000000000a226       0xb4 TankFu.o
                0x000000000000a226                print_final_score
 .text.shoot_pressed
                0x000000000000a2da       0x14 TankFu.o
                0x000000000000a2da                shoot_pressed
 .text.get_delta
                0x000000000000a2ee       0x42 TankFu.o
                0x000000000000a2ee                get_delta
 .text.render_hud
                0x000000000000a330       0x3a TankFu.o
                0x000000000000a330                render_hud
 .text.render_score
                0x000000000000a36a       0x38 TankFu.o
                0x000000000000a36a                render_score
 .text.render_player
                0x000000000000a3a2       0x52 TankFu.o
                0x000000000000a3a2                render_player
 .text.render_shot
                0x000000000000a3f4       0x58 TankFu.o
                0x000000000000a3f4                render_shot
 .text.render_tile_explosions
                0x000000000000a44c       0x6a TankFu.o
                0x000000000000a44c                render_tile_explosions
 .text.render_scope
                0x000000000000a4b6       0x34 TankFu.o
                0x000000000000a4b6                render_scope
 .text.tank_map
                0x000000000000a4ea       0xd2 TankFu.o
                0x000000000000a4ea                tank_map
 .text.shot_map
                0x000000000000a5bc       0x64 TankFu.o
                0x000000000000a5bc                shot_map
 .text.recoil_sprite
                0x000000000000a620       0xb4 TankFu.o
                0x000000000000a620                recoil_sprite
 .text.recoil_sprite_fine
                0x000000000000a6d4       0x6c TankFu.o
                0x000000000000a6d4                recoil_sprite_fine
 .text.solid_square_tile
                0x000000000000a740       0x24 TankFu.o
                0x000000000000a740                solid_square_tile
 .text.solid_directional_tile
                0x000000000000a764       0x2c TankFu.o
                0x000000000000a764                solid_directional_tile
 .text.solid_tile
                0x000000000000a790       0x28 TankFu.o
                0x000000000000a790                solid_tile
 .text.collides_directional_tile
                0x000000000000a7b8      0x148 TankFu.o
                0x000000000000a7b8                collides_directional_tile
 .text.player_shot
                0x000000000000a900       0xbe TankFu.o
                0x000000000000a900                player_shot
 .text.turret_shot
                0x000000000000a9be       0x9c TankFu.o
                0x000000000000a9be                turret_shot
 .text.collision_detect_boundries
                0x000000000000aa5a       0x9c TankFu.o
                0x000000000000aa5a                collision_detect_boundries
 .text.drop_item
                0x000000000000aaf6       0x68 TankFu.o
                0x000000000000aaf6                drop_item
 .text.kill_player
                0x000000000000ab5e       0xb0 TankFu.o
                0x000000000000ab5e                kill_player
 .text.get_interesting_tile_indexes_shot
                0x000000000000ac0e       0x44 TankFu.o
                0x000000000000ac0e                get_interesting_tile_indexes_shot
 .text.explode_tile
                0x000000000000ac52       0x7c TankFu.o
                0x000000000000ac52                explode_tile
 .text.richochet
                0x000000000000acce       0x42 TankFu.o
                0x000000000000acce                richochet
 .text.get_interesting_tile_indexes
                0x000000000000ad10       0x60 TankFu.o
                0x000000000000ad10                get_interesting_tile_indexes
 .text.explode_player
                0x000000000000ad70       0x42 TankFu.o
                0x000000000000ad70                explode_player
 .text.slide    0x000000000000adb2      0x176 TankFu.o
                0x000000000000adb2                slide
 .text.load_level_tiles
                0x000000000000af28       0xe6 TankFu.o
                0x000000000000af28                load_level_tiles
 .text.prep_player
                0x000000000000b00e       0x24 TankFu.o
                0x000000000000b00e                prep_player
 .text.load_level
                0x000000000000b032      0x148 TankFu.o
                0x000000000000b032                load_level
 .text.level_transition
                0x000000000000b17a       0x60 TankFu.o
                0x000000000000b17a                level_transition
 .text.render_boss_fight_scope_load
                0x000000000000b1da       0x26 TankFu.o
                0x000000000000b1da                render_boss_fight_scope_load
 .text.render_boss_fight_sub_load
                0x000000000000b200       0x5a TankFu.o
                0x000000000000b200                render_boss_fight_sub_load
 .text.render_boss_fight_sub_sinking
                0x000000000000b25a       0x2a TankFu.o
                0x000000000000b25a                render_boss_fight_sub_sinking
 .text.render_boss_turret
                0x000000000000b284       0x52 TankFu.o
                0x000000000000b284                render_boss_turret
 .text.render_boss_turret_shot
                0x000000000000b2d6       0x52 TankFu.o
                0x000000000000b2d6                render_boss_turret_shot
 .text.update_turret
                0x000000000000b328      0x124 TankFu.o
                0x000000000000b328                update_turret
 .text.load_splash
                0x000000000000b44c       0x94 TankFu.o
                0x000000000000b44c                load_splash
 .text.select_pressed
                0x000000000000b4e0       0x14 TankFu.o
                0x000000000000b4e0                select_pressed
 .text.load_tank_rank
                0x000000000000b4f4      0x136 TankFu.o
                0x000000000000b4f4                load_tank_rank
 .text.exit_game
                0x000000000000b62a       0x10 TankFu.o
                0x000000000000b62a                exit_game
 .text.resolve_scoring
                0x000000000000b63a      0x18a TankFu.o
                0x000000000000b63a                resolve_scoring
 .text.update_tank_rank
                0x000000000000b7c4       0xc4 TankFu.o
                0x000000000000b7c4                update_tank_rank
 .text._handle_select_render_helper
                0x000000000000b888      0x17a TankFu.o
                0x000000000000b888                _handle_select_render_helper
 .text.load_handle_select
                0x000000000000ba02      0x10a TankFu.o
                0x000000000000ba02                load_handle_select
 .text.load_host_net_game
                0x000000000000bb0c       0x7e TankFu.o
                0x000000000000bb0c                load_host_net_game
 .text.update_host_net_game
                0x000000000000bb8a       0x60 TankFu.o
                0x000000000000bb8a                update_host_net_game
 .text.load_join_net_game
                0x000000000000bbea       0x68 TankFu.o
                0x000000000000bbea                load_join_net_game
 .text.update_splash
                0x000000000000bc52      0x270 TankFu.o
                0x000000000000bc52                update_splash
 .text.update_join_net_game
                0x000000000000bec2      0x1be TankFu.o
                0x000000000000bec2                update_join_net_game
 .text.button_map
                0x000000000000c080       0x2c TankFu.o
                0x000000000000c080                button_map
 .text.crash_and_turn
                0x000000000000c0ac      0x1fc TankFu.o
                0x000000000000c0ac                crash_and_turn
 .text.get_cpu_goal_direction
                0x000000000000c2a8       0x66 TankFu.o
                0x000000000000c2a8                get_cpu_goal_direction
 .text.get_cpu_joypad_state
                0x000000000000c30e      0x568 TankFu.o
                0x000000000000c30e                get_cpu_joypad_state
 .text.stream_text_middle
                0x000000000000c876       0x80 TankFu.o
                0x000000000000c876                stream_text_middle
 .text.load_credits
                0x000000000000c8f6       0x24 TankFu.o
                0x000000000000c8f6                load_credits
 .text.send_net_message
                0x000000000000c91a      0x122 TankFu.o
                0x000000000000c91a                send_net_message
 .text.send_smart_net_message
                0x000000000000ca3c       0x26 TankFu.o
                0x000000000000ca3c                send_smart_net_message
 .text.get_net_message
                0x000000000000ca62      0x280 TankFu.o
                0x000000000000ca62                get_net_message
 .text.is_net_player
                0x000000000000cce2       0x24 TankFu.o
                0x000000000000cce2                is_net_player
 .text.collision_detect_shot
                0x000000000000cd06      0x470 TankFu.o
                0x000000000000cd06                collision_detect_shot
 .text.update_player
                0x000000000000d176      0x326 TankFu.o
                0x000000000000d176                update_player
 .text.collision_detect_player
                0x000000000000d49c      0x382 TankFu.o
                0x000000000000d49c                collision_detect_player
 .text.update_turret_shot
                0x000000000000d81e      0x110 TankFu.o
                0x000000000000d81e                update_turret_shot
 .text._handle_select_helper
                0x000000000000d92e      0x236 TankFu.o
                0x000000000000d92e                _handle_select_helper
 .text.update_handle_select
                0x000000000000db64       0xbc TankFu.o
                0x000000000000db64                update_handle_select
 .text.record_player_posture
                0x000000000000dc20       0x10 TankFu.o
                0x000000000000dc20                record_player_posture
 .text.player_posture_changed
                0x000000000000dc30       0x24 TankFu.o
                0x000000000000dc30                player_posture_changed
 .text.update_level
                0x000000000000dc54      0x58a TankFu.o
                0x000000000000dc54                update_level
 .text.startup.main
                0x000000000000e1de      0x248 TankFu.o
                0x000000000000e1de                main
 .text.libgcc.div
                0x000000000000e426       0x18 /usr/local/lib/gcc/avr/4.9.2/avr5/libgcc.a(_udivmodqi4.o)
                0x000000000000e426                __udivmodqi4
 .text.libgcc.div
                0x000000000000e43e       0x1c /usr/local/lib/gcc/avr/4.9.2/avr5/libgcc.a(_divmodqi4.o)
                0x000000000000e43e                __divmodqi4
 .text.libgcc.div
                0x000000000000e45a       0x28 /usr/local/lib/gcc/avr/4.9.2/avr5/libgcc.a(_udivmodhi4.o)
                0x000000000000e45a                __udivmodhi4
 .text.libgcc.div
                0x000000000000e482       0x28 /usr/local/lib/gcc/avr/4.9.2/avr5/libgcc.a(_divmodhi4.o)
                0x000000000000e482                __divmodhi4
                0x000000000000e482                _div
 .text.avr-libc.fplib
                0x000000000000e4aa        0xa /usr/local/lib/gcc/avr/4.9.2/../../../../avr/lib/avr5/libm.a(addsf3.o)
                0x000000000000e4aa                __subsf3
                0x000000000000e4ac                __addsf3
 .text.avr-libc.fplib
                0x000000000000e4b4       0xc0 /usr/local/lib/gcc/avr/4.9.2/../../../../avr/lib/avr5/libm.a(addsf3x.o)
                0x000000000000e4ce                __addsf3x
 .text.avr-libc.fplib
                0x000000000000e574        0x8 /usr/local/lib/gcc/avr/4.9.2/../../../../avr/lib/avr5/libm.a(cmpsf2.o)
                0x000000000000e574                __lesf2
                0x000000000000e574                __nesf2
                0x000000000000e574                __eqsf2
                0x000000000000e574                __cmpsf2
                0x000000000000e574                __ltsf2
 .text.avr-libc.fplib
                0x000000000000e57c        0x4 /usr/local/lib/gcc/avr/4.9.2/../../../../avr/lib/avr5/libm.a(divsf3.o)
                0x000000000000e57c                __divsf3
 .text.avr-libc.fplib
                0x000000000000e580       0xcc /usr/local/lib/gcc/avr/4.9.2/../../../../avr/lib/avr5/libm.a(divsf3x.o)
                0x000000000000e596                __divsf3x
                0x000000000000e59a                __divsf3_pse
 .text.avr-libc.fplib
                0x000000000000e64c        0xa /usr/local/lib/gcc/avr/4.9.2/../../../../avr/lib/avr5/libm.a(fixsfsi.o)
                0x000000000000e64c                __fixsfsi
 .text.avr-libc.fplib
                0x000000000000e656       0x58 /usr/local/lib/gcc/avr/4.9.2/../../../../avr/lib/avr5/libm.a(fixunssfsi.o)
                0x000000000000e656                __fixunssfsi
 .text.avr-libc.fplib
                0x000000000000e6ae       0x7a /usr/local/lib/gcc/avr/4.9.2/../../../../avr/lib/avr5/libm.a(floatsisf.o)
                0x000000000000e6ae                __floatunsisf
                0x000000000000e6b2                __floatsisf
 .text.avr-libc.fplib
                0x000000000000e728       0x48 /usr/local/lib/gcc/avr/4.9.2/../../../../avr/lib/avr5/libm.a(fp_cmp.o)
                0x000000000000e728                __fp_cmp
 .text.avr-libc.fplib
                0x000000000000e770        0xc /usr/local/lib/gcc/avr/4.9.2/../../../../avr/lib/avr5/libm.a(fp_inf.o)
                0x000000000000e770                __fp_inf
 .text.avr-libc.fplib
                0x000000000000e77c        0x6 /usr/local/lib/gcc/avr/4.9.2/../../../../avr/lib/avr5/libm.a(fp_nan.o)
                0x000000000000e77c                __fp_nan
 .text.avr-libc.fplib
                0x000000000000e782        0xe /usr/local/lib/gcc/avr/4.9.2/../../../../avr/lib/avr5/libm.a(fp_pscA.o)
                0x000000000000e782                __fp_pscA
 .text.avr-libc.fplib
                0x000000000000e790        0xe /usr/local/lib/gcc/avr/4.9.2/../../../../avr/lib/avr5/libm.a(fp_pscB.o)
                0x000000000000e790                __fp_pscB
 .text.avr-libc.fplib
                0x000000000000e79e       0x22 /usr/local/lib/gcc/avr/4.9.2/../../../../avr/lib/avr5/libm.a(fp_round.o)
                0x000000000000e79e                __fp_round
 .text.avr-libc.fplib
                0x000000000000e7c0       0x44 /usr/local/lib/gcc/avr/4.9.2/../../../../avr/lib/avr5/libm.a(fp_split3.o)
                0x000000000000e7c0                __fp_split3
                0x000000000000e7d0                __fp_splitA
 .text.avr-libc.fplib
                0x000000000000e804        0xe /usr/local/lib/gcc/avr/4.9.2/../../../../avr/lib/avr5/libm.a(fp_zero.o)
                0x000000000000e804                __fp_zero
                0x000000000000e806                __fp_szero
 .text.avr-libc.fplib
                0x000000000000e812        0x8 /usr/local/lib/gcc/avr/4.9.2/../../../../avr/lib/avr5/libm.a(gesf2.o)
                0x000000000000e812                __gtsf2
                0x000000000000e812                __gesf2
 .text.avr-libc.fplib
                0x000000000000e81a        0x4 /usr/local/lib/gcc/avr/4.9.2/../../../../avr/lib/avr5/libm.a(mulsf3.o)
                0x000000000000e81a                __mulsf3
 .text.avr-libc.fplib
                0x000000000000e81e       0xc2 /usr/local/lib/gcc/avr/4.9.2/../../../../avr/lib/avr5/libm.a(mulsf3x.o)
                0x000000000000e832                __mulsf3x
                0x000000000000e836                __mulsf3_pse
 .text.avr-libc
                0x000000000000e8e0       0x12 /usr/local/lib/gcc/avr/4.9.2/../../../../avr/lib/avr5/libc.a(memcpy_P.o)
                0x000000000000e8e0                memcpy_P
 .text.avr-libc
                0x000000000000e8f2       0x16 /usr/local/lib/gcc/avr/4.9.2/../../../../avr/lib/avr5/libc.a(strnlen_P.o)
                0x000000000000e8f2                strnlen_P
 .text.avr-libc
                0x000000000000e908       0x14 /usr/local/lib/gcc/avr/4.9.2/../../../../avr/lib/avr5/libc.a(strupr.o)
                0x000000000000e908                strupr
 .text.avr-libc
                0x000000000000e91c       0x46 /usr/local/lib/gcc/avr/4.9.2/../../../../avr/lib/avr5/libc.a(sprintf.o)
                0x000000000000e91c                sprintf
 .text.avr-libc
                0x000000000000e962      0x3a4 /usr/local/lib/gcc/avr/4.9.2/../../../../avr/lib/avr5/libc.a(vfprintf_std.o)
                0x000000000000e962                vfprintf
 .text.avr-libc
                0x000000000000ed06       0x16 /usr/local/lib/gcc/avr/4.9.2/../../../../avr/lib/avr5/libc.a(strnlen.o)
                0x000000000000ed06                strnlen
 .text.avr-libc
                0x000000000000ed1c       0x70 /usr/local/lib/gcc/avr/4.9.2/../../../../avr/lib/avr5/libc.a(fputc.o)
                0x000000000000ed1c                fputc
 .text.avr-libc
                0x000000000000ed8c       0xbc /usr/local/lib/gcc/avr/4.9.2/../../../../avr/lib/avr5/libc.a(ultoa_invert.o)
                0x000000000000ed8c                __ultoa_invert
 .text.libgcc.prologue
                0x000000000000ee48       0x38 /usr/local/lib/gcc/avr/4.9.2/avr5/libgcc.a(_prologue.o)
                0x000000000000ee48                __prologue_saves__
 .text.libgcc.prologue
                0x000000000000ee80       0x36 /usr/local/lib/gcc/avr/4.9.2/avr5/libgcc.a(_epilogue.o)
                0x000000000000ee80                __epilogue_restores__
                0x000000000000eeb6                . = ALIGN (0x2)
 *(.fini9)
 .fini9         0x000000000000eeb6        0x0 /usr/local/lib/gcc/avr/4.9.2/avr5/libgcc.a(_exit.o)
                0x000000000000eeb6                exit
                0x000000000000eeb6                _exit
 *(.fini9)
 *(.fini8)
 *(.fini8)
 *(.fini7)
 *(.fini7)
 *(.fini6)
 *(.fini6)
 *(.fini5)
 *(.fini5)
 *(.fini4)
 *(.fini4)
 *(.fini3)
 *(.fini3)
 *(.fini2)
 *(.fini2)
 *(.fini1)
 *(.fini1)
 *(.fini0)
 .fini0         0x000000000000eeb6        0x4 /usr/local/lib/gcc/avr/4.9.2/avr5/libgcc.a(_exit.o)
 *(.fini0)
                0x000000000000eeba                _etext = .

.data           0x0000000000800100       0x54 load address 0x000000000000eeba
                0x0000000000800100                PROVIDE (__data_start, .)
 *(.data)
 .data          0x0000000000800100        0x1 uzeboxVideoEngine.o
 .data          0x0000000000800101        0xc TankFu.o
                0x0000000000800101                global_frame_counter
                0x0000000000800103                gameIdIndex
                0x0000000000800104                gameId
 *(.data*)
 *(.rodata)
 *(.rodata*)
 .rodata.str1.1
                0x000000000080010d       0x46 TankFu.o
 *(.gnu.linkonce.d*)
                0x0000000000800154                . = ALIGN (0x2)
 *fill*         0x0000000000800153        0x1 
                0x0000000000800154                _edata = .
                0x0000000000800154                PROVIDE (__data_end, .)

.bss            0x0000000000800154      0xf15
                0x0000000000800154                PROVIDE (__bss_start, .)
 *(.bss)
 *fill*         0x0000000000800154        0xc 
 .bss           0x0000000000800160      0x8e0 uzeboxVideoEngineCore.o
                0x0000000000800160                vram
                0x00000000008004a8                sprites
                0x00000000008004a8                overlay_vram
                0x00000000008004d0                ram_tiles
                0x00000000008009d0                ram_tiles_restore
                0x0000000000800a0c                free_tile_index
                0x0000000000800a0d                user_ram_tiles_c
                0x0000000000800a0e                user_ram_tiles_c_tmp
                0x0000000000800a0f                sprites_tile_banks
                0x0000000000800a1a                Screen
                0x0000000000800a1e                sync_phase
                0x0000000000800a1f                sync_pulse
                0x0000000000800a20                sync_flags
                0x0000000000800a25                first_render_line
                0x0000000000800a26                render_lines_count
                0x0000000000800a27                joypad1_status_lo
                0x0000000000800a29                joypad1_status_hi
                0x0000000000800a2b                joypad2_status_lo
                0x0000000000800a2d                joypad2_status_hi
 .bss           0x0000000000800a40        0x2 uzeboxCore.o
 .bss           0x0000000000800a42        0x1 uzeboxSoundEngine.o
                0x0000000000800a42                playSong
 .bss           0x0000000000800a43       0x19 uzeboxSoundEngineCore.o
                0x0000000000800a43                sound_enabled
                0x0000000000800a44                mixer
                0x0000000000800a57                tr4_params
                0x0000000000800a58                tr4_barrel_lo
                0x0000000000800a59                tr4_barrel_hi
 .bss           0x0000000000800a5c        0x4 TankFu.o
                0x0000000000800a5c                p_prev
 *(.bss*)
 *(COMMON)
 COMMON         0x0000000000800a60       0x85 uzeboxCore.o
                0x0000000000800a60                uart_tx_buf
                0x0000000000800aa0                joypadsConnectionStatus
                0x0000000000800aa1                uart_rx_head
                0x0000000000800aa2                uart_tx_head
                0x0000000000800aa3                uart_rx_tail
                0x0000000000800aa4                uart_rx_buf
                0x0000000000800ae4                uart_tx_tail
 COMMON         0x0000000000800ae5       0x6c uzeboxSoundEngine.o
                0x0000000000800ae5                songStart
                0x0000000000800ae7                tracks
                0x0000000000800b43                currDeltaTime
                0x0000000000800b45                patchPointers
                0x0000000000800b47                lastStatus
                0x0000000000800b48                masterVolume
                0x0000000000800b49                nextDeltaTime
                0x0000000000800b4b                songSpeed
                0x0000000000800b4c                songPos
                0x0000000000800b4e                loopStart
                0x0000000000800b50                step
 COMMON         0x0000000000800b51        0x5 uzeboxVideoEngine.o
                0x0000000000800b51                fadeSpeed
                0x0000000000800b52                fadeDir
                0x0000000000800b53                fadeActive
                0x0000000000800b54                currFadeFrame
                0x0000000000800b55                fadeStep
 COMMON         0x0000000000800b56      0x513 TankFu.o
                0x0000000000800b56                scores
                0x0000000000800b76                p2
                0x0000000000800b7d                p2s
                0x0000000000800b83                handles
                0x0000000000800ba3                game
                0x0000000000800bb7                tile_animations
                0x0000000000800bd4                wifi_status
                0x0000000000800bd5                player1
                0x0000000000800c51                p1
                0x0000000000800c58                level
                0x0000000000800f47                player2
                0x0000000000800fc3                sub_animation
                0x0000000000800fd1                scope_animation
                0x0000000000800fdf                netMessage
                0x0000000000800ffb                p1s
                0x0000000000801001                turret2
                0x0000000000801035                turret1
                0x0000000000801069                PROVIDE (__bss_end, .)
                0x000000000000eeba                __data_load_start = LOADADDR (.data)
                0x000000000000ef0e                __data_load_end = (__data_load_start + SIZEOF (.data))

.noinit         0x0000000000801069        0x0
                0x0000000000801069                PROVIDE (__noinit_start, .)
 *(.noinit*)
                0x0000000000801069                PROVIDE (__noinit_end, .)
                0x0000000000801069                _end = .
                0x0000000000801069                PROVIDE (__heap_start, .)

.eeprom         0x0000000000810000        0x0
 *(.eeprom*)
                0x0000000000810000                __eeprom_end = .

.fuse
 *(.fuse)
 *(.lfuse)
 *(.hfuse)
 *(.efuse)

.lock
 *(.lock*)

.signature
 *(.signature*)

.stab           0x0000000000000000      0x9b4
 *(.stab)
 .stab          0x0000000000000000       0xf0 /usr/local/lib/gcc/avr/4.9.2/avr5/libgcc.a(_udivmodqi4.o)
 .stab          0x00000000000000f0       0xf0 /usr/local/lib/gcc/avr/4.9.2/avr5/libgcc.a(_divmodqi4.o)
                                         0xfc (size before relaxing)
 .stab          0x00000000000001e0      0x15c /usr/local/lib/gcc/avr/4.9.2/avr5/libgcc.a(_udivmodhi4.o)
                                        0x168 (size before relaxing)
 .stab          0x000000000000033c      0x138 /usr/local/lib/gcc/avr/4.9.2/avr5/libgcc.a(_divmodhi4.o)
                                        0x144 (size before relaxing)
 .stab          0x0000000000000474       0x6c /usr/local/lib/gcc/avr/4.9.2/avr5/libgcc.a(_exit.o)
                                         0x78 (size before relaxing)
 .stab          0x00000000000004e0       0xd8 /usr/local/lib/gcc/avr/4.9.2/avr5/libgcc.a(_copy_data.o)
                                         0xe4 (size before relaxing)
 .stab          0x00000000000005b8       0xb4 /usr/local/lib/gcc/avr/4.9.2/avr5/libgcc.a(_clear_bss.o)
                                         0xc0 (size before relaxing)
 .stab          0x000000000000066c      0x1a4 /usr/local/lib/gcc/avr/4.9.2/avr5/libgcc.a(_prologue.o)
                                        0x1b0 (size before relaxing)
 .stab          0x0000000000000810      0x1a4 /usr/local/lib/gcc/avr/4.9.2/avr5/libgcc.a(_epilogue.o)
                                        0x1b0 (size before relaxing)

.stabstr        0x0000000000000000      0x34b
 *(.stabstr)
 .stabstr       0x0000000000000000      0x34b /usr/local/lib/gcc/avr/4.9.2/avr5/libgcc.a(_udivmodqi4.o)

.stab.excl
 *(.stab.excl)

.stab.exclstr
 *(.stab.exclstr)

.stab.index
 *(.stab.index)

.stab.indexstr
 *(.stab.indexstr)

.comment        0x0000000000000000       0x11
 *(.comment)
 .comment       0x0000000000000000       0x11 uzeboxCore.o
                                         0x12 (size before relaxing)
 .comment       0x0000000000000011       0x12 uzeboxSoundEngine.o
 .comment       0x0000000000000011       0x12 uzeboxVideoEngine.o
 .comment       0x0000000000000011       0x12 TankFu.o
 .comment       0x0000000000000011       0x12 /usr/local/lib/gcc/avr/4.9.2/../../../../avr/lib/avr5/libc.a(sprintf.o)
 .comment       0x0000000000000011       0x12 /usr/local/lib/gcc/avr/4.9.2/../../../../avr/lib/avr5/libc.a(vfprintf_std.o)
 .comment       0x0000000000000011       0x12 /usr/local/lib/gcc/avr/4.9.2/../../../../avr/lib/avr5/libc.a(fputc.o)

.note.gnu.build-id
 *(.note.gnu.build-id)

.debug
 *(.debug)

.line
 *(.line)

.debug_srcinfo
 *(.debug_srcinfo)

.debug_sfnames
 *(.debug_sfnames)

.debug_aranges  0x0000000000000000      0x810
 *(.debug_aranges)
 .debug_aranges
                0x0000000000000000       0xf8 uzeboxVideoEngineCore.o
 .debug_aranges
                0x00000000000000f8       0xd8 uzeboxCore.o
 .debug_aranges
                0x00000000000001d0      0x100 uzeboxSoundEngine.o
 .debug_aranges
                0x00000000000002d0       0x50 uzeboxSoundEngineCore.o
 .debug_aranges
                0x0000000000000320       0xf8 uzeboxVideoEngine.o
 .debug_aranges
                0x0000000000000418      0x3f8 TankFu.o

.debug_pubnames
 *(.debug_pubnames)

.debug_info     0x0000000000000000     0xc2b5
 *(.debug_info .gnu.linkonce.wi.*)
 .debug_info    0x0000000000000000      0x672 /usr/local/lib/gcc/avr/4.9.2/../../../../avr/lib/avr5/crtm644.o
 .debug_info    0x0000000000000672       0x7d uzeboxVideoEngineCore.o
 .debug_info    0x00000000000006ef      0xcd2 uzeboxCore.o
 .debug_info    0x00000000000013c1     0x1216 uzeboxSoundEngine.o
 .debug_info    0x00000000000025d7       0x74 uzeboxSoundEngineCore.o
 .debug_info    0x000000000000264b     0x1214 uzeboxVideoEngine.o
 .debug_info    0x000000000000385f     0x8a56 TankFu.o

.debug_abbrev   0x0000000000000000     0x1738
 *(.debug_abbrev)
 .debug_abbrev  0x0000000000000000      0x619 /usr/local/lib/gcc/avr/4.9.2/../../../../avr/lib/avr5/crtm644.o
 .debug_abbrev  0x0000000000000619       0x12 uzeboxVideoEngineCore.o
 .debug_abbrev  0x000000000000062b      0x36c uzeboxCore.o
 .debug_abbrev  0x0000000000000997      0x35c uzeboxSoundEngine.o
 .debug_abbrev  0x0000000000000cf3       0x12 uzeboxSoundEngineCore.o
 .debug_abbrev  0x0000000000000d05      0x39a uzeboxVideoEngine.o
 .debug_abbrev  0x000000000000109f      0x699 TankFu.o

.debug_line     0x0000000000000000     0x2940
 *(.debug_line .debug_line.* .debug_line_end)
 .debug_line    0x0000000000000000       0x1d /usr/local/lib/gcc/avr/4.9.2/../../../../avr/lib/avr5/crtm644.o
 .debug_line    0x000000000000001d      0x50b uzeboxVideoEngineCore.o
 .debug_line    0x0000000000000528      0x369 uzeboxCore.o
 .debug_line    0x0000000000000891      0x3e2 uzeboxSoundEngine.o
 .debug_line    0x0000000000000c73      0x1ae uzeboxSoundEngineCore.o
 .debug_line    0x0000000000000e21      0x45c uzeboxVideoEngine.o
 .debug_line    0x000000000000127d     0x16c3 TankFu.o

.debug_frame    0x0000000000000000     0x1a64
 *(.debug_frame)
 .debug_frame   0x0000000000000000      0x25c uzeboxCore.o
 .debug_frame   0x000000000000025c      0x284 uzeboxSoundEngine.o
 .debug_frame   0x00000000000004e0      0x47c uzeboxVideoEngine.o
 .debug_frame   0x000000000000095c     0x1108 TankFu.o

.debug_str      0x0000000000000000     0x2380
 *(.debug_str)
 .debug_str     0x0000000000000000      0x231 /usr/local/lib/gcc/avr/4.9.2/../../../../avr/lib/avr5/crtm644.o
 .debug_str     0x0000000000000231      0x5a7 uzeboxCore.o
                                        0x60d (size before relaxing)
 .debug_str     0x00000000000007d8      0x40a uzeboxSoundEngine.o
                                        0x646 (size before relaxing)
 .debug_str     0x0000000000000be2      0x2e4 uzeboxVideoEngine.o
                                        0x46f (size before relaxing)
 .debug_str     0x0000000000000ec6     0x14ba TankFu.o
                                       0x198a (size before relaxing)

.debug_loc      0x0000000000000000     0xab1c
 *(.debug_loc)
 .debug_loc     0x0000000000000000      0xa8e uzeboxCore.o
 .debug_loc     0x0000000000000a8e     0x1063 uzeboxSoundEngine.o
 .debug_loc     0x0000000000001af1     0x1b2c uzeboxVideoEngine.o
 .debug_loc     0x000000000000361d     0x74ff TankFu.o

.debug_macinfo
 *(.debug_macinfo)

.debug_weaknames
 *(.debug_weaknames)

.debug_funcnames
 *(.debug_funcnames)

.debug_typenames
 *(.debug_typenames)

.debug_varnames
 *(.debug_varnames)

.debug_pubtypes
 *(.debug_pubtypes)

.debug_ranges   0x0000000000000000      0x928
 *(.debug_ranges)
 .debug_ranges  0x0000000000000000       0xf0 uzeboxVideoEngineCore.o
 .debug_ranges  0x00000000000000f0       0xe0 uzeboxCore.o
 .debug_ranges  0x00000000000001d0      0x138 uzeboxSoundEngine.o
 .debug_ranges  0x0000000000000308       0x48 uzeboxSoundEngineCore.o
 .debug_ranges  0x0000000000000350      0x100 uzeboxVideoEngine.o
 .debug_ranges  0x0000000000000450      0x4d8 TankFu.o

.debug_macro
 *(.debug_macro)
OUTPUT(TankFu.elf elf32-avr)
LOAD linker stubs
