Archive member included to satisfy reference by file (symbol)

/usr/local/lib/gcc/avr/4.9.2/avr5/libgcc.a(_udivmodqi4.o)
                              uzeboxVideoEngine.o (__udivmodqi4)
/usr/local/lib/gcc/avr/4.9.2/avr5/libgcc.a(_divmodqi4.o)
                              TankFu.o (__divmodqi4)
/usr/local/lib/gcc/avr/4.9.2/avr5/libgcc.a(_udivmodhi4.o)
                              uzeboxVideoEngine.o (__udivmodhi4)
/usr/local/lib/gcc/avr/4.9.2/avr5/libgcc.a(_divmodhi4.o)
                              uzeboxSoundEngine.o (__divmodhi4)
/usr/local/lib/gcc/avr/4.9.2/avr5/libgcc.a(_udivmodsi4.o)
                              uzeboxVideoEngine.o (__udivmodsi4)
/usr/local/lib/gcc/avr/4.9.2/avr5/libgcc.a(_exit.o)
                              /usr/local/lib/gcc/avr/4.9.2/../../../../avr/lib/avr5/crtm644.o (exit)
/usr/local/lib/gcc/avr/4.9.2/avr5/libgcc.a(_copy_data.o)
                              uzeboxVideoEngine.o (__do_copy_data)
/usr/local/lib/gcc/avr/4.9.2/avr5/libgcc.a(_clear_bss.o)
                              uzeboxCore.o (__do_clear_bss)
/usr/local/lib/gcc/avr/4.9.2/../../../../avr/lib/avr5/libm.a(addsf3.o)
                              TankFu.o (__subsf3)
/usr/local/lib/gcc/avr/4.9.2/../../../../avr/lib/avr5/libm.a(addsf3x.o)
                              /usr/local/lib/gcc/avr/4.9.2/../../../../avr/lib/avr5/libm.a(addsf3.o) (__addsf3x)
/usr/local/lib/gcc/avr/4.9.2/../../../../avr/lib/avr5/libm.a(cmpsf2.o)
                              TankFu.o (__eqsf2)
/usr/local/lib/gcc/avr/4.9.2/../../../../avr/lib/avr5/libm.a(divsf3.o)
                              TankFu.o (__divsf3)
/usr/local/lib/gcc/avr/4.9.2/../../../../avr/lib/avr5/libm.a(divsf3x.o)
                              /usr/local/lib/gcc/avr/4.9.2/../../../../avr/lib/avr5/libm.a(divsf3.o) (__divsf3x)
/usr/local/lib/gcc/avr/4.9.2/../../../../avr/lib/avr5/libm.a(fixsfsi.o)
                              TankFu.o (__fixsfsi)
/usr/local/lib/gcc/avr/4.9.2/../../../../avr/lib/avr5/libm.a(fixunssfsi.o)
                              TankFu.o (__fixunssfsi)
/usr/local/lib/gcc/avr/4.9.2/../../../../avr/lib/avr5/libm.a(floatsisf.o)
                              TankFu.o (__floatunsisf)
/usr/local/lib/gcc/avr/4.9.2/../../../../avr/lib/avr5/libm.a(fp_cmp.o)
                              /usr/local/lib/gcc/avr/4.9.2/../../../../avr/lib/avr5/libm.a(cmpsf2.o) (__fp_cmp)
/usr/local/lib/gcc/avr/4.9.2/../../../../avr/lib/avr5/libm.a(fp_inf.o)
                              /usr/local/lib/gcc/avr/4.9.2/../../../../avr/lib/avr5/libm.a(addsf3x.o) (__fp_inf)
/usr/local/lib/gcc/avr/4.9.2/../../../../avr/lib/avr5/libm.a(fp_nan.o)
                              /usr/local/lib/gcc/avr/4.9.2/../../../../avr/lib/avr5/libm.a(addsf3x.o) (__fp_nan)
/usr/local/lib/gcc/avr/4.9.2/../../../../avr/lib/avr5/libm.a(fp_pscA.o)
                              /usr/local/lib/gcc/avr/4.9.2/../../../../avr/lib/avr5/libm.a(addsf3x.o) (__fp_pscA)
/usr/local/lib/gcc/avr/4.9.2/../../../../avr/lib/avr5/libm.a(fp_pscB.o)
                              /usr/local/lib/gcc/avr/4.9.2/../../../../avr/lib/avr5/libm.a(addsf3x.o) (__fp_pscB)
/usr/local/lib/gcc/avr/4.9.2/../../../../avr/lib/avr5/libm.a(fp_round.o)
                              /usr/local/lib/gcc/avr/4.9.2/../../../../avr/lib/avr5/libm.a(addsf3.o) (__fp_round)
/usr/local/lib/gcc/avr/4.9.2/../../../../avr/lib/avr5/libm.a(fp_split3.o)
                              /usr/local/lib/gcc/avr/4.9.2/../../../../avr/lib/avr5/libm.a(addsf3x.o) (__fp_split3)
/usr/local/lib/gcc/avr/4.9.2/../../../../avr/lib/avr5/libm.a(fp_zero.o)
                              /usr/local/lib/gcc/avr/4.9.2/../../../../avr/lib/avr5/libm.a(addsf3x.o) (__fp_zero)
/usr/local/lib/gcc/avr/4.9.2/../../../../avr/lib/avr5/libm.a(gesf2.o)
                              TankFu.o (__gtsf2)
/usr/local/lib/gcc/avr/4.9.2/../../../../avr/lib/avr5/libm.a(mulsf3.o)
                              TankFu.o (__mulsf3)
/usr/local/lib/gcc/avr/4.9.2/../../../../avr/lib/avr5/libm.a(mulsf3x.o)
                              /usr/local/lib/gcc/avr/4.9.2/../../../../avr/lib/avr5/libm.a(mulsf3.o) (__mulsf3x)
/usr/local/lib/gcc/avr/4.9.2/../../../../avr/lib/avr5/libc.a(memcpy_P.o)
                              TankFu.o (memcpy_P)
/usr/local/lib/gcc/avr/4.9.2/../../../../avr/lib/avr5/libc.a(strnlen_P.o)
                              TankFu.o (strnlen_P)
/usr/local/lib/gcc/avr/4.9.2/../../../../avr/lib/avr5/libc.a(strupr.o)
                              TankFu.o (strupr)
/usr/local/lib/gcc/avr/4.9.2/../../../../avr/lib/avr5/libc.a(sprintf.o)
                              TankFu.o (sprintf)
/usr/local/lib/gcc/avr/4.9.2/../../../../avr/lib/avr5/libc.a(vfprintf_std.o)
                              /usr/local/lib/gcc/avr/4.9.2/../../../../avr/lib/avr5/libc.a(sprintf.o) (vfprintf)
/usr/local/lib/gcc/avr/4.9.2/../../../../avr/lib/avr5/libc.a(strnlen.o)
                              /usr/local/lib/gcc/avr/4.9.2/../../../../avr/lib/avr5/libc.a(vfprintf_std.o) (strnlen)
/usr/local/lib/gcc/avr/4.9.2/../../../../avr/lib/avr5/libc.a(fputc.o)
                              /usr/local/lib/gcc/avr/4.9.2/../../../../avr/lib/avr5/libc.a(vfprintf_std.o) (fputc)
/usr/local/lib/gcc/avr/4.9.2/../../../../avr/lib/avr5/libc.a(ultoa_invert.o)
                              /usr/local/lib/gcc/avr/4.9.2/../../../../avr/lib/avr5/libc.a(vfprintf_std.o) (__ultoa_invert)
/usr/local/lib/gcc/avr/4.9.2/avr5/libgcc.a(_prologue.o)
                              /usr/local/lib/gcc/avr/4.9.2/../../../../avr/lib/avr5/libc.a(sprintf.o) (__prologue_saves__)
/usr/local/lib/gcc/avr/4.9.2/avr5/libgcc.a(_epilogue.o)
                              /usr/local/lib/gcc/avr/4.9.2/../../../../avr/lib/avr5/libc.a(sprintf.o) (__epilogue_restores__)

Allocating common symbols
Common symbol       size              file

songStart           0x2               uzeboxSoundEngine.o
uart_tx_buf         0x40              uzeboxCore.o
tracks              0x5c              uzeboxSoundEngine.o
scores              0x20              TankFu.o
fadeSpeed           0x1               uzeboxVideoEngine.o
p2                  0x7               TankFu.o
currDeltaTime       0x2               uzeboxSoundEngine.o
gameId              0x9               TankFu.o
fadeDir             0x1               uzeboxVideoEngine.o
patchPointers       0x2               uzeboxSoundEngine.o
handles             0x20              TankFu.o
game                0x14              TankFu.o
tile_animations     0x1d              TankFu.o
lastStatus          0x1               uzeboxSoundEngine.o
joypadsConnectionStatus
                    0x1               uzeboxCore.o
wifi_status         0x1               TankFu.o
player1             0x79              TankFu.o
fadeActive          0x1               uzeboxVideoEngine.o
p1                  0x7               TankFu.o
uart_rx_head        0x1               uzeboxCore.o
masterVolume        0x1               uzeboxSoundEngine.o
nextDeltaTime       0x2               uzeboxSoundEngine.o
songSpeed           0x1               uzeboxSoundEngine.o
uart_tx_head        0x1               uzeboxCore.o
songPos             0x2               uzeboxSoundEngine.o
level               0x2ef             TankFu.o
uart_rx_tail        0x1               uzeboxCore.o
player2             0x79              TankFu.o
loopStart           0x2               uzeboxSoundEngine.o
sub_animation       0xe               TankFu.o
scope_animation     0xe               TankFu.o
uart_rx_buf         0x40              uzeboxCore.o
netMessage          0x11              TankFu.o
step                0x1               uzeboxSoundEngine.o
currFadeFrame       0x1               uzeboxVideoEngine.o
fadeStep            0x1               uzeboxVideoEngine.o
uart_tx_tail        0x1               uzeboxCore.o
turret2             0x34              TankFu.o
turret1             0x34              TankFu.o

Discarded input sections

 .data          0x0000000000000000        0x0 /usr/local/lib/gcc/avr/4.9.2/../../../../avr/lib/avr5/crtm644.o
 .bss           0x0000000000000000        0x0 /usr/local/lib/gcc/avr/4.9.2/../../../../avr/lib/avr5/crtm644.o
 .data          0x0000000000000000        0x0 uzeboxVideoEngineCore.o
 .text.SetSpritesTileBank
                0x0000000000000000       0x12 uzeboxVideoEngineCore.o
 .text.GetTile  0x0000000000000000       0x1e uzeboxVideoEngineCore.o
 .text.SetUserPreVsyncCallback
                0x0000000000000000        0xa uzeboxVideoEngineCore.o
 .text.SetUserPostVsyncCallback
                0x0000000000000000        0xa uzeboxVideoEngineCore.o
 .text.IsRunningInEmulator
                0x0000000000000000       0x12 uzeboxVideoEngineCore.o
 .text.WaitClocks
                0x0000000000000000        0x6 uzeboxVideoEngineCore.o
 .text.SetLedOn
                0x0000000000000000        0x4 uzeboxVideoEngineCore.o
 .text.SetLedOff
                0x0000000000000000        0x4 uzeboxVideoEngineCore.o
 .text.ToggleLed
                0x0000000000000000        0x4 uzeboxVideoEngineCore.o
 .text.internal_spi_byte
                0x0000000000000000        0xe uzeboxVideoEngineCore.o
 .text          0x0000000000000000        0x0 uzeboxCore.o
 .data          0x0000000000000000        0x0 uzeboxCore.o
 .text.SetRenderingParameters
                0x0000000000000000        0xa uzeboxCore.o
 .text.DetectControllers
                0x0000000000000000       0x36 uzeboxCore.o
 .text.FormatEeprom2
                0x0000000000000000       0x98 uzeboxCore.o
 .text.IsPowerSwitchPressed
                0x0000000000000000        0xe uzeboxCore.o
 .text.UartGoBack
                0x0000000000000000       0x16 uzeboxCore.o
 .text.IsUartRxBufferEmpty
                0x0000000000000000       0x10 uzeboxCore.o
 .text.IsUartTxBufferEmpty
                0x0000000000000000       0x10 uzeboxCore.o
 .text.IsUartTxBufferFull
                0x0000000000000000       0x14 uzeboxCore.o
 .text          0x0000000000000000        0x0 uzeboxSoundEngine.o
 .data          0x0000000000000000        0x0 uzeboxSoundEngine.o
 .text.StartSong
                0x0000000000000000       0x52 uzeboxSoundEngine.o
 .text.StopSong
                0x0000000000000000       0x18 uzeboxSoundEngine.o
 .text.ResumeSong
                0x0000000000000000        0x8 uzeboxSoundEngine.o
 .text.SetSongSpeed
                0x0000000000000000        0x6 uzeboxSoundEngine.o
 .text.GetSongSpeed
                0x0000000000000000        0x6 uzeboxSoundEngine.o
 .text.TriggerFx
                0x0000000000000000       0x90 uzeboxSoundEngine.o
 .text.GetMasterVolume
                0x0000000000000000        0x6 uzeboxSoundEngine.o
 .text.IsSongPlaying
                0x0000000000000000        0x6 uzeboxSoundEngine.o
 .data          0x0000000000000000        0x0 uzeboxSoundEngineCore.o
 .text.SetMixerNoiseParams
                0x0000000000000000       0x10 uzeboxSoundEngineCore.o
 .text.SetMixerVolume
                0x0000000000000000       0x16 uzeboxSoundEngineCore.o
 .text.EnableSoundEngine
                0x0000000000000000        0x8 uzeboxSoundEngineCore.o
 .text          0x0000000000000000        0x0 uzeboxVideoEngine.o
 .bss           0x0000000000000000        0x0 uzeboxVideoEngine.o
 .text.SetUserRamTilesCount
                0x0000000000000000        0x6 uzeboxVideoEngine.o
 .text.GetUserRamTile
                0x0000000000000000        0xe uzeboxVideoEngine.o
 .text.SetSpriteVisibility
                0x0000000000000000        0x6 uzeboxVideoEngine.o
 .text.MapSprite
                0x0000000000000000       0x80 uzeboxVideoEngine.o
 .text.PrintLong
                0x0000000000000000       0x8a uzeboxVideoEngine.o
 .text.PrintInt
                0x0000000000000000       0x70 uzeboxVideoEngine.o
 .text.PrintBinaryByte
                0x0000000000000000       0x36 uzeboxVideoEngine.o
 .text.PrintHexByte
                0x0000000000000000       0x40 uzeboxVideoEngine.o
 .text.PrintHexInt
                0x0000000000000000       0x24 uzeboxVideoEngine.o
 .text.PrintHexLong
                0x0000000000000000       0x5e uzeboxVideoEngine.o
 .text.PrintRam
                0x0000000000000000       0x36 uzeboxVideoEngine.o
 .text.Fill     0x0000000000000000       0x6e uzeboxVideoEngine.o
 .text.FontFill
                0x0000000000000000       0x6c uzeboxVideoEngine.o
 .text          0x0000000000000000        0x0 TankFu.o
 .text.wifiGetP
                0x0000000000000000       0x14 TankFu.o
 .text.LBPrintByte
                0x0000000000000000       0x6c TankFu.o
 .text.LBWaitUs
                0x0000000000000000        0x4 TankFu.o
 .text.save_eeprom
                0x0000000000000000        0x4 TankFu.o
 .text.turret_map
                0x0000000000000000       0x14 TankFu.o
 .text.turret_shot_map
                0x0000000000000000       0x14 TankFu.o
 .text          0x0000000000000000        0x0 /usr/local/lib/gcc/avr/4.9.2/avr5/libgcc.a(_udivmodqi4.o)
 .data          0x0000000000000000        0x0 /usr/local/lib/gcc/avr/4.9.2/avr5/libgcc.a(_udivmodqi4.o)
 .bss           0x0000000000000000        0x0 /usr/local/lib/gcc/avr/4.9.2/avr5/libgcc.a(_udivmodqi4.o)
 .text.libgcc.mul
                0x0000000000000000        0x0 /usr/local/lib/gcc/avr/4.9.2/avr5/libgcc.a(_udivmodqi4.o)
 .text.libgcc   0x0000000000000000        0x0 /usr/local/lib/gcc/avr/4.9.2/avr5/libgcc.a(_udivmodqi4.o)
 .text.libgcc.prologue
                0x0000000000000000        0x0 /usr/local/lib/gcc/avr/4.9.2/avr5/libgcc.a(_udivmodqi4.o)
 .text.libgcc.builtins
                0x0000000000000000        0x0 /usr/local/lib/gcc/avr/4.9.2/avr5/libgcc.a(_udivmodqi4.o)
 .text.libgcc.fmul
                0x0000000000000000        0x0 /usr/local/lib/gcc/avr/4.9.2/avr5/libgcc.a(_udivmodqi4.o)
 .text.libgcc.fixed
                0x0000000000000000        0x0 /usr/local/lib/gcc/avr/4.9.2/avr5/libgcc.a(_udivmodqi4.o)
 .text          0x0000000000000000        0x0 /usr/local/lib/gcc/avr/4.9.2/avr5/libgcc.a(_divmodqi4.o)
 .data          0x0000000000000000        0x0 /usr/local/lib/gcc/avr/4.9.2/avr5/libgcc.a(_divmodqi4.o)
 .bss           0x0000000000000000        0x0 /usr/local/lib/gcc/avr/4.9.2/avr5/libgcc.a(_divmodqi4.o)
 .text.libgcc.mul
                0x0000000000000000        0x0 /usr/local/lib/gcc/avr/4.9.2/avr5/libgcc.a(_divmodqi4.o)
 .text.libgcc   0x0000000000000000        0x0 /usr/local/lib/gcc/avr/4.9.2/avr5/libgcc.a(_divmodqi4.o)
 .text.libgcc.prologue
                0x0000000000000000        0x0 /usr/local/lib/gcc/avr/4.9.2/avr5/libgcc.a(_divmodqi4.o)
 .text.libgcc.builtins
                0x0000000000000000        0x0 /usr/local/lib/gcc/avr/4.9.2/avr5/libgcc.a(_divmodqi4.o)
 .text.libgcc.fmul
                0x0000000000000000        0x0 /usr/local/lib/gcc/avr/4.9.2/avr5/libgcc.a(_divmodqi4.o)
 .text.libgcc.fixed
                0x0000000000000000        0x0 /usr/local/lib/gcc/avr/4.9.2/avr5/libgcc.a(_divmodqi4.o)
 .text          0x0000000000000000        0x0 /usr/local/lib/gcc/avr/4.9.2/avr5/libgcc.a(_udivmodhi4.o)
 .data          0x0000000000000000        0x0 /usr/local/lib/gcc/avr/4.9.2/avr5/libgcc.a(_udivmodhi4.o)
 .bss           0x0000000000000000        0x0 /usr/local/lib/gcc/avr/4.9.2/avr5/libgcc.a(_udivmodhi4.o)
 .text.libgcc.mul
                0x0000000000000000        0x0 /usr/local/lib/gcc/avr/4.9.2/avr5/libgcc.a(_udivmodhi4.o)
 .text.libgcc   0x0000000000000000        0x0 /usr/local/lib/gcc/avr/4.9.2/avr5/libgcc.a(_udivmodhi4.o)
 .text.libgcc.prologue
                0x0000000000000000        0x0 /usr/local/lib/gcc/avr/4.9.2/avr5/libgcc.a(_udivmodhi4.o)
 .text.libgcc.builtins
                0x0000000000000000        0x0 /usr/local/lib/gcc/avr/4.9.2/avr5/libgcc.a(_udivmodhi4.o)
 .text.libgcc.fmul
                0x0000000000000000        0x0 /usr/local/lib/gcc/avr/4.9.2/avr5/libgcc.a(_udivmodhi4.o)
 .text.libgcc.fixed
                0x0000000000000000        0x0 /usr/local/lib/gcc/avr/4.9.2/avr5/libgcc.a(_udivmodhi4.o)
 .text          0x0000000000000000        0x0 /usr/local/lib/gcc/avr/4.9.2/avr5/libgcc.a(_divmodhi4.o)
 .data          0x0000000000000000        0x0 /usr/local/lib/gcc/avr/4.9.2/avr5/libgcc.a(_divmodhi4.o)
 .bss           0x0000000000000000        0x0 /usr/local/lib/gcc/avr/4.9.2/avr5/libgcc.a(_divmodhi4.o)
 .text.libgcc.mul
                0x0000000000000000        0x0 /usr/local/lib/gcc/avr/4.9.2/avr5/libgcc.a(_divmodhi4.o)
 .text.libgcc   0x0000000000000000        0x0 /usr/local/lib/gcc/avr/4.9.2/avr5/libgcc.a(_divmodhi4.o)
 .text.libgcc.prologue
                0x0000000000000000        0x0 /usr/local/lib/gcc/avr/4.9.2/avr5/libgcc.a(_divmodhi4.o)
 .text.libgcc.builtins
                0x0000000000000000        0x0 /usr/local/lib/gcc/avr/4.9.2/avr5/libgcc.a(_divmodhi4.o)
 .text.libgcc.fmul
                0x0000000000000000        0x0 /usr/local/lib/gcc/avr/4.9.2/avr5/libgcc.a(_divmodhi4.o)
 .text.libgcc.fixed
                0x0000000000000000        0x0 /usr/local/lib/gcc/avr/4.9.2/avr5/libgcc.a(_divmodhi4.o)
 .text          0x0000000000000000        0x0 /usr/local/lib/gcc/avr/4.9.2/avr5/libgcc.a(_udivmodsi4.o)
 .data          0x0000000000000000        0x0 /usr/local/lib/gcc/avr/4.9.2/avr5/libgcc.a(_udivmodsi4.o)
 .bss           0x0000000000000000        0x0 /usr/local/lib/gcc/avr/4.9.2/avr5/libgcc.a(_udivmodsi4.o)
 .stab          0x0000000000000000      0x228 /usr/local/lib/gcc/avr/4.9.2/avr5/libgcc.a(_udivmodsi4.o)
                                        0x234 (size before relaxing)
 .text.libgcc.mul
                0x0000000000000000        0x0 /usr/local/lib/gcc/avr/4.9.2/avr5/libgcc.a(_udivmodsi4.o)
 .text.libgcc.div
                0x0000000000000000       0x44 /usr/local/lib/gcc/avr/4.9.2/avr5/libgcc.a(_udivmodsi4.o)
 .text.libgcc   0x0000000000000000        0x0 /usr/local/lib/gcc/avr/4.9.2/avr5/libgcc.a(_udivmodsi4.o)
 .text.libgcc.prologue
                0x0000000000000000        0x0 /usr/local/lib/gcc/avr/4.9.2/avr5/libgcc.a(_udivmodsi4.o)
 .text.libgcc.builtins
                0x0000000000000000        0x0 /usr/local/lib/gcc/avr/4.9.2/avr5/libgcc.a(_udivmodsi4.o)
 .text.libgcc.fmul
                0x0000000000000000        0x0 /usr/local/lib/gcc/avr/4.9.2/avr5/libgcc.a(_udivmodsi4.o)
 .text.libgcc.fixed
                0x0000000000000000        0x0 /usr/local/lib/gcc/avr/4.9.2/avr5/libgcc.a(_udivmodsi4.o)
 .text          0x0000000000000000        0x0 /usr/local/lib/gcc/avr/4.9.2/avr5/libgcc.a(_exit.o)
 .data          0x0000000000000000        0x0 /usr/local/lib/gcc/avr/4.9.2/avr5/libgcc.a(_exit.o)
 .bss           0x0000000000000000        0x0 /usr/local/lib/gcc/avr/4.9.2/avr5/libgcc.a(_exit.o)
 .text.libgcc.mul
                0x0000000000000000        0x0 /usr/local/lib/gcc/avr/4.9.2/avr5/libgcc.a(_exit.o)
 .text.libgcc.div
                0x0000000000000000        0x0 /usr/local/lib/gcc/avr/4.9.2/avr5/libgcc.a(_exit.o)
 .text.libgcc   0x0000000000000000        0x0 /usr/local/lib/gcc/avr/4.9.2/avr5/libgcc.a(_exit.o)
 .text.libgcc.prologue
                0x0000000000000000        0x0 /usr/local/lib/gcc/avr/4.9.2/avr5/libgcc.a(_exit.o)
 .text.libgcc.builtins
                0x0000000000000000        0x0 /usr/local/lib/gcc/avr/4.9.2/avr5/libgcc.a(_exit.o)
 .text.libgcc.fmul
                0x0000000000000000        0x0 /usr/local/lib/gcc/avr/4.9.2/avr5/libgcc.a(_exit.o)
 .text.libgcc.fixed
                0x0000000000000000        0x0 /usr/local/lib/gcc/avr/4.9.2/avr5/libgcc.a(_exit.o)
 .text          0x0000000000000000        0x0 /usr/local/lib/gcc/avr/4.9.2/avr5/libgcc.a(_copy_data.o)
 .data          0x0000000000000000        0x0 /usr/local/lib/gcc/avr/4.9.2/avr5/libgcc.a(_copy_data.o)
 .bss           0x0000000000000000        0x0 /usr/local/lib/gcc/avr/4.9.2/avr5/libgcc.a(_copy_data.o)
 .text.libgcc.mul
                0x0000000000000000        0x0 /usr/local/lib/gcc/avr/4.9.2/avr5/libgcc.a(_copy_data.o)
 .text.libgcc.div
                0x0000000000000000        0x0 /usr/local/lib/gcc/avr/4.9.2/avr5/libgcc.a(_copy_data.o)
 .text.libgcc   0x0000000000000000        0x0 /usr/local/lib/gcc/avr/4.9.2/avr5/libgcc.a(_copy_data.o)
 .text.libgcc.prologue
                0x0000000000000000        0x0 /usr/local/lib/gcc/avr/4.9.2/avr5/libgcc.a(_copy_data.o)
 .text.libgcc.builtins
                0x0000000000000000        0x0 /usr/local/lib/gcc/avr/4.9.2/avr5/libgcc.a(_copy_data.o)
 .text.libgcc.fmul
                0x0000000000000000        0x0 /usr/local/lib/gcc/avr/4.9.2/avr5/libgcc.a(_copy_data.o)
 .text.libgcc.fixed
                0x0000000000000000        0x0 /usr/local/lib/gcc/avr/4.9.2/avr5/libgcc.a(_copy_data.o)
 .text          0x0000000000000000        0x0 /usr/local/lib/gcc/avr/4.9.2/avr5/libgcc.a(_clear_bss.o)
 .data          0x0000000000000000        0x0 /usr/local/lib/gcc/avr/4.9.2/avr5/libgcc.a(_clear_bss.o)
 .bss           0x0000000000000000        0x0 /usr/local/lib/gcc/avr/4.9.2/avr5/libgcc.a(_clear_bss.o)
 .text.libgcc.mul
                0x0000000000000000        0x0 /usr/local/lib/gcc/avr/4.9.2/avr5/libgcc.a(_clear_bss.o)
 .text.libgcc.div
                0x0000000000000000        0x0 /usr/local/lib/gcc/avr/4.9.2/avr5/libgcc.a(_clear_bss.o)
 .text.libgcc   0x0000000000000000        0x0 /usr/local/lib/gcc/avr/4.9.2/avr5/libgcc.a(_clear_bss.o)
 .text.libgcc.prologue
                0x0000000000000000        0x0 /usr/local/lib/gcc/avr/4.9.2/avr5/libgcc.a(_clear_bss.o)
 .text.libgcc.builtins
                0x0000000000000000        0x0 /usr/local/lib/gcc/avr/4.9.2/avr5/libgcc.a(_clear_bss.o)
 .text.libgcc.fmul
                0x0000000000000000        0x0 /usr/local/lib/gcc/avr/4.9.2/avr5/libgcc.a(_clear_bss.o)
 .text.libgcc.fixed
                0x0000000000000000        0x0 /usr/local/lib/gcc/avr/4.9.2/avr5/libgcc.a(_clear_bss.o)
 .text          0x0000000000000000        0x0 /usr/local/lib/gcc/avr/4.9.2/../../../../avr/lib/avr5/libm.a(addsf3.o)
 .data          0x0000000000000000        0x0 /usr/local/lib/gcc/avr/4.9.2/../../../../avr/lib/avr5/libm.a(addsf3.o)
 .bss           0x0000000000000000        0x0 /usr/local/lib/gcc/avr/4.9.2/../../../../avr/lib/avr5/libm.a(addsf3.o)
 .text          0x0000000000000000        0x0 /usr/local/lib/gcc/avr/4.9.2/../../../../avr/lib/avr5/libm.a(addsf3x.o)
 .data          0x0000000000000000        0x0 /usr/local/lib/gcc/avr/4.9.2/../../../../avr/lib/avr5/libm.a(addsf3x.o)
 .bss           0x0000000000000000        0x0 /usr/local/lib/gcc/avr/4.9.2/../../../../avr/lib/avr5/libm.a(addsf3x.o)
 .text          0x0000000000000000        0x0 /usr/local/lib/gcc/avr/4.9.2/../../../../avr/lib/avr5/libm.a(cmpsf2.o)
 .data          0x0000000000000000        0x0 /usr/local/lib/gcc/avr/4.9.2/../../../../avr/lib/avr5/libm.a(cmpsf2.o)
 .bss           0x0000000000000000        0x0 /usr/local/lib/gcc/avr/4.9.2/../../../../avr/lib/avr5/libm.a(cmpsf2.o)
 .text          0x0000000000000000        0x0 /usr/local/lib/gcc/avr/4.9.2/../../../../avr/lib/avr5/libm.a(divsf3.o)
 .data          0x0000000000000000        0x0 /usr/local/lib/gcc/avr/4.9.2/../../../../avr/lib/avr5/libm.a(divsf3.o)
 .bss           0x0000000000000000        0x0 /usr/local/lib/gcc/avr/4.9.2/../../../../avr/lib/avr5/libm.a(divsf3.o)
 .text          0x0000000000000000        0x0 /usr/local/lib/gcc/avr/4.9.2/../../../../avr/lib/avr5/libm.a(divsf3x.o)
 .data          0x0000000000000000        0x0 /usr/local/lib/gcc/avr/4.9.2/../../../../avr/lib/avr5/libm.a(divsf3x.o)
 .bss           0x0000000000000000        0x0 /usr/local/lib/gcc/avr/4.9.2/../../../../avr/lib/avr5/libm.a(divsf3x.o)
 .text          0x0000000000000000        0x0 /usr/local/lib/gcc/avr/4.9.2/../../../../avr/lib/avr5/libm.a(fixsfsi.o)
 .data          0x0000000000000000        0x0 /usr/local/lib/gcc/avr/4.9.2/../../../../avr/lib/avr5/libm.a(fixsfsi.o)
 .bss           0x0000000000000000        0x0 /usr/local/lib/gcc/avr/4.9.2/../../../../avr/lib/avr5/libm.a(fixsfsi.o)
 .text          0x0000000000000000        0x0 /usr/local/lib/gcc/avr/4.9.2/../../../../avr/lib/avr5/libm.a(fixunssfsi.o)
 .data          0x0000000000000000        0x0 /usr/local/lib/gcc/avr/4.9.2/../../../../avr/lib/avr5/libm.a(fixunssfsi.o)
 .bss           0x0000000000000000        0x0 /usr/local/lib/gcc/avr/4.9.2/../../../../avr/lib/avr5/libm.a(fixunssfsi.o)
 .text          0x0000000000000000        0x0 /usr/local/lib/gcc/avr/4.9.2/../../../../avr/lib/avr5/libm.a(floatsisf.o)
 .data          0x0000000000000000        0x0 /usr/local/lib/gcc/avr/4.9.2/../../../../avr/lib/avr5/libm.a(floatsisf.o)
 .bss           0x0000000000000000        0x0 /usr/local/lib/gcc/avr/4.9.2/../../../../avr/lib/avr5/libm.a(floatsisf.o)
 .text          0x0000000000000000        0x0 /usr/local/lib/gcc/avr/4.9.2/../../../../avr/lib/avr5/libm.a(fp_cmp.o)
 .data          0x0000000000000000        0x0 /usr/local/lib/gcc/avr/4.9.2/../../../../avr/lib/avr5/libm.a(fp_cmp.o)
 .bss           0x0000000000000000        0x0 /usr/local/lib/gcc/avr/4.9.2/../../../../avr/lib/avr5/libm.a(fp_cmp.o)
 .text          0x0000000000000000        0x0 /usr/local/lib/gcc/avr/4.9.2/../../../../avr/lib/avr5/libm.a(fp_inf.o)
 .data          0x0000000000000000        0x0 /usr/local/lib/gcc/avr/4.9.2/../../../../avr/lib/avr5/libm.a(fp_inf.o)
 .bss           0x0000000000000000        0x0 /usr/local/lib/gcc/avr/4.9.2/../../../../avr/lib/avr5/libm.a(fp_inf.o)
 .text          0x0000000000000000        0x0 /usr/local/lib/gcc/avr/4.9.2/../../../../avr/lib/avr5/libm.a(fp_nan.o)
 .data          0x0000000000000000        0x0 /usr/local/lib/gcc/avr/4.9.2/../../../../avr/lib/avr5/libm.a(fp_nan.o)
 .bss           0x0000000000000000        0x0 /usr/local/lib/gcc/avr/4.9.2/../../../../avr/lib/avr5/libm.a(fp_nan.o)
 .text          0x0000000000000000        0x0 /usr/local/lib/gcc/avr/4.9.2/../../../../avr/lib/avr5/libm.a(fp_pscA.o)
 .data          0x0000000000000000        0x0 /usr/local/lib/gcc/avr/4.9.2/../../../../avr/lib/avr5/libm.a(fp_pscA.o)
 .bss           0x0000000000000000        0x0 /usr/local/lib/gcc/avr/4.9.2/../../../../avr/lib/avr5/libm.a(fp_pscA.o)
 .text          0x0000000000000000        0x0 /usr/local/lib/gcc/avr/4.9.2/../../../../avr/lib/avr5/libm.a(fp_pscB.o)
 .data          0x0000000000000000        0x0 /usr/local/lib/gcc/avr/4.9.2/../../../../avr/lib/avr5/libm.a(fp_pscB.o)
 .bss           0x0000000000000000        0x0 /usr/local/lib/gcc/avr/4.9.2/../../../../avr/lib/avr5/libm.a(fp_pscB.o)
 .text          0x0000000000000000        0x0 /usr/local/lib/gcc/avr/4.9.2/../../../../avr/lib/avr5/libm.a(fp_round.o)
 .data          0x0000000000000000        0x0 /usr/local/lib/gcc/avr/4.9.2/../../../../avr/lib/avr5/libm.a(fp_round.o)
 .bss           0x0000000000000000        0x0 /usr/local/lib/gcc/avr/4.9.2/../../../../avr/lib/avr5/libm.a(fp_round.o)
 .text          0x0000000000000000        0x0 /usr/local/lib/gcc/avr/4.9.2/../../../../avr/lib/avr5/libm.a(fp_split3.o)
 .data          0x0000000000000000        0x0 /usr/local/lib/gcc/avr/4.9.2/../../../../avr/lib/avr5/libm.a(fp_split3.o)
 .bss           0x0000000000000000        0x0 /usr/local/lib/gcc/avr/4.9.2/../../../../avr/lib/avr5/libm.a(fp_split3.o)
 .text          0x0000000000000000        0x0 /usr/local/lib/gcc/avr/4.9.2/../../../../avr/lib/avr5/libm.a(fp_zero.o)
 .data          0x0000000000000000        0x0 /usr/local/lib/gcc/avr/4.9.2/../../../../avr/lib/avr5/libm.a(fp_zero.o)
 .bss           0x0000000000000000        0x0 /usr/local/lib/gcc/avr/4.9.2/../../../../avr/lib/avr5/libm.a(fp_zero.o)
 .text          0x0000000000000000        0x0 /usr/local/lib/gcc/avr/4.9.2/../../../../avr/lib/avr5/libm.a(gesf2.o)
 .data          0x0000000000000000        0x0 /usr/local/lib/gcc/avr/4.9.2/../../../../avr/lib/avr5/libm.a(gesf2.o)
 .bss           0x0000000000000000        0x0 /usr/local/lib/gcc/avr/4.9.2/../../../../avr/lib/avr5/libm.a(gesf2.o)
 .text          0x0000000000000000        0x0 /usr/local/lib/gcc/avr/4.9.2/../../../../avr/lib/avr5/libm.a(mulsf3.o)
 .data          0x0000000000000000        0x0 /usr/local/lib/gcc/avr/4.9.2/../../../../avr/lib/avr5/libm.a(mulsf3.o)
 .bss           0x0000000000000000        0x0 /usr/local/lib/gcc/avr/4.9.2/../../../../avr/lib/avr5/libm.a(mulsf3.o)
 .text          0x0000000000000000        0x0 /usr/local/lib/gcc/avr/4.9.2/../../../../avr/lib/avr5/libm.a(mulsf3x.o)
 .data          0x0000000000000000        0x0 /usr/local/lib/gcc/avr/4.9.2/../../../../avr/lib/avr5/libm.a(mulsf3x.o)
 .bss           0x0000000000000000        0x0 /usr/local/lib/gcc/avr/4.9.2/../../../../avr/lib/avr5/libm.a(mulsf3x.o)
 .text          0x0000000000000000        0x0 /usr/local/lib/gcc/avr/4.9.2/../../../../avr/lib/avr5/libc.a(memcpy_P.o)
 .data          0x0000000000000000        0x0 /usr/local/lib/gcc/avr/4.9.2/../../../../avr/lib/avr5/libc.a(memcpy_P.o)
 .bss           0x0000000000000000        0x0 /usr/local/lib/gcc/avr/4.9.2/../../../../avr/lib/avr5/libc.a(memcpy_P.o)
 .text          0x0000000000000000        0x0 /usr/local/lib/gcc/avr/4.9.2/../../../../avr/lib/avr5/libc.a(strnlen_P.o)
 .data          0x0000000000000000        0x0 /usr/local/lib/gcc/avr/4.9.2/../../../../avr/lib/avr5/libc.a(strnlen_P.o)
 .bss           0x0000000000000000        0x0 /usr/local/lib/gcc/avr/4.9.2/../../../../avr/lib/avr5/libc.a(strnlen_P.o)
 .text          0x0000000000000000        0x0 /usr/local/lib/gcc/avr/4.9.2/../../../../avr/lib/avr5/libc.a(strupr.o)
 .data          0x0000000000000000        0x0 /usr/local/lib/gcc/avr/4.9.2/../../../../avr/lib/avr5/libc.a(strupr.o)
 .bss           0x0000000000000000        0x0 /usr/local/lib/gcc/avr/4.9.2/../../../../avr/lib/avr5/libc.a(strupr.o)
 .text          0x0000000000000000        0x0 /usr/local/lib/gcc/avr/4.9.2/../../../../avr/lib/avr5/libc.a(sprintf.o)
 .data          0x0000000000000000        0x0 /usr/local/lib/gcc/avr/4.9.2/../../../../avr/lib/avr5/libc.a(sprintf.o)
 .bss           0x0000000000000000        0x0 /usr/local/lib/gcc/avr/4.9.2/../../../../avr/lib/avr5/libc.a(sprintf.o)
 .text          0x0000000000000000        0x0 /usr/local/lib/gcc/avr/4.9.2/../../../../avr/lib/avr5/libc.a(vfprintf_std.o)
 .data          0x0000000000000000        0x0 /usr/local/lib/gcc/avr/4.9.2/../../../../avr/lib/avr5/libc.a(vfprintf_std.o)
 .bss           0x0000000000000000        0x0 /usr/local/lib/gcc/avr/4.9.2/../../../../avr/lib/avr5/libc.a(vfprintf_std.o)
 .text          0x0000000000000000        0x0 /usr/local/lib/gcc/avr/4.9.2/../../../../avr/lib/avr5/libc.a(strnlen.o)
 .data          0x0000000000000000        0x0 /usr/local/lib/gcc/avr/4.9.2/../../../../avr/lib/avr5/libc.a(strnlen.o)
 .bss           0x0000000000000000        0x0 /usr/local/lib/gcc/avr/4.9.2/../../../../avr/lib/avr5/libc.a(strnlen.o)
 .text          0x0000000000000000        0x0 /usr/local/lib/gcc/avr/4.9.2/../../../../avr/lib/avr5/libc.a(fputc.o)
 .data          0x0000000000000000        0x0 /usr/local/lib/gcc/avr/4.9.2/../../../../avr/lib/avr5/libc.a(fputc.o)
 .bss           0x0000000000000000        0x0 /usr/local/lib/gcc/avr/4.9.2/../../../../avr/lib/avr5/libc.a(fputc.o)
 .text          0x0000000000000000        0x0 /usr/local/lib/gcc/avr/4.9.2/../../../../avr/lib/avr5/libc.a(ultoa_invert.o)
 .data          0x0000000000000000        0x0 /usr/local/lib/gcc/avr/4.9.2/../../../../avr/lib/avr5/libc.a(ultoa_invert.o)
 .bss           0x0000000000000000        0x0 /usr/local/lib/gcc/avr/4.9.2/../../../../avr/lib/avr5/libc.a(ultoa_invert.o)
 .text          0x0000000000000000        0x0 /usr/local/lib/gcc/avr/4.9.2/avr5/libgcc.a(_prologue.o)
 .data          0x0000000000000000        0x0 /usr/local/lib/gcc/avr/4.9.2/avr5/libgcc.a(_prologue.o)
 .bss           0x0000000000000000        0x0 /usr/local/lib/gcc/avr/4.9.2/avr5/libgcc.a(_prologue.o)
 .text.libgcc.mul
                0x0000000000000000        0x0 /usr/local/lib/gcc/avr/4.9.2/avr5/libgcc.a(_prologue.o)
 .text.libgcc.div
                0x0000000000000000        0x0 /usr/local/lib/gcc/avr/4.9.2/avr5/libgcc.a(_prologue.o)
 .text.libgcc   0x0000000000000000        0x0 /usr/local/lib/gcc/avr/4.9.2/avr5/libgcc.a(_prologue.o)
 .text.libgcc.builtins
                0x0000000000000000        0x0 /usr/local/lib/gcc/avr/4.9.2/avr5/libgcc.a(_prologue.o)
 .text.libgcc.fmul
                0x0000000000000000        0x0 /usr/local/lib/gcc/avr/4.9.2/avr5/libgcc.a(_prologue.o)
 .text.libgcc.fixed
                0x0000000000000000        0x0 /usr/local/lib/gcc/avr/4.9.2/avr5/libgcc.a(_prologue.o)
 .text          0x0000000000000000        0x0 /usr/local/lib/gcc/avr/4.9.2/avr5/libgcc.a(_epilogue.o)
 .data          0x0000000000000000        0x0 /usr/local/lib/gcc/avr/4.9.2/avr5/libgcc.a(_epilogue.o)
 .bss           0x0000000000000000        0x0 /usr/local/lib/gcc/avr/4.9.2/avr5/libgcc.a(_epilogue.o)
 .text.libgcc.mul
                0x0000000000000000        0x0 /usr/local/lib/gcc/avr/4.9.2/avr5/libgcc.a(_epilogue.o)
 .text.libgcc.div
                0x0000000000000000        0x0 /usr/local/lib/gcc/avr/4.9.2/avr5/libgcc.a(_epilogue.o)
 .text.libgcc   0x0000000000000000        0x0 /usr/local/lib/gcc/avr/4.9.2/avr5/libgcc.a(_epilogue.o)
 .text.libgcc.builtins
                0x0000000000000000        0x0 /usr/local/lib/gcc/avr/4.9.2/avr5/libgcc.a(_epilogue.o)
 .text.libgcc.fmul
                0x0000000000000000        0x0 /usr/local/lib/gcc/avr/4.9.2/avr5/libgcc.a(_epilogue.o)
 .text.libgcc.fixed
                0x0000000000000000        0x0 /usr/local/lib/gcc/avr/4.9.2/avr5/libgcc.a(_epilogue.o)

Memory Configuration

Name             Origin             Length             Attributes
text             0x0000000000000000 0x0000000000020000 xr
data             0x0000000000800060 0x000000000000ffa0 rw !x
eeprom           0x0000000000810000 0x0000000000010000 rw !x
fuse             0x0000000000820000 0x0000000000000400 rw !x
lock             0x0000000000830000 0x0000000000000400 rw !x
signature        0x0000000000840000 0x0000000000000400 rw !x
*default*        0x0000000000000000 0xffffffffffffffff

Linker script and memory map

Address of section .data set to 0x800100
LOAD /usr/local/lib/gcc/avr/4.9.2/../../../../avr/lib/avr5/crtm644.o
LOAD uzeboxVideoEngineCore.o
LOAD uzeboxCore.o
LOAD uzeboxSoundEngine.o
LOAD uzeboxSoundEngineCore.o
LOAD uzeboxVideoEngine.o
LOAD TankFu.o
START GROUP
LOAD /usr/local/lib/gcc/avr/4.9.2/avr5/libgcc.a
LOAD /usr/local/lib/gcc/avr/4.9.2/../../../../avr/lib/avr5/libm.a
LOAD /usr/local/lib/gcc/avr/4.9.2/../../../../avr/lib/avr5/libc.a
END GROUP

.hash
 *(.hash)

.dynsym
 *(.dynsym)

.dynstr
 *(.dynstr)

.gnu.version
 *(.gnu.version)

.gnu.version_d
 *(.gnu.version_d)

.gnu.version_r
 *(.gnu.version_r)

.rel.init
 *(.rel.init)

.rela.init
 *(.rela.init)

.rel.text
 *(.rel.text)
 *(.rel.text.*)
 *(.rel.gnu.linkonce.t*)

.rela.text
 *(.rela.text)
 *(.rela.text.*)
 *(.rela.gnu.linkonce.t*)

.rel.fini
 *(.rel.fini)

.rela.fini
 *(.rela.fini)

.rel.rodata
 *(.rel.rodata)
 *(.rel.rodata.*)
 *(.rel.gnu.linkonce.r*)

.rela.rodata
 *(.rela.rodata)
 *(.rela.rodata.*)
 *(.rela.gnu.linkonce.r*)

.rel.data
 *(.rel.data)
 *(.rel.data.*)
 *(.rel.gnu.linkonce.d*)

.rela.data
 *(.rela.data)
 *(.rela.data.*)
 *(.rela.gnu.linkonce.d*)

.rel.ctors
 *(.rel.ctors)

.rela.ctors
 *(.rela.ctors)

.rel.dtors
 *(.rel.dtors)

.rela.dtors
 *(.rela.dtors)

.rel.got
 *(.rel.got)

.rela.got
 *(.rela.got)

.rel.bss
 *(.rel.bss)

.rela.bss
 *(.rela.bss)

.rel.plt
 *(.rel.plt)

.rela.plt
 *(.rela.plt)

.text           0x0000000000000000     0xe590
 *(.vectors)
 .vectors       0x0000000000000000       0x70 /usr/local/lib/gcc/avr/4.9.2/../../../../avr/lib/avr5/crtm644.o
                0x0000000000000000                __vectors
                0x0000000000000000                __vector_default
 *(.vectors)
 *(.progmem.gcc*)
                0x0000000000000070                . = ALIGN (0x2)
                0x0000000000000070                __trampolines_start = .
 *(.trampolines)
 .trampolines   0x0000000000000070        0x0 linker stubs
 *(.trampolines*)
                0x0000000000000070                __trampolines_end = .
 *(.progmem*)
 .progmem.data  0x0000000000000070       0x4e uzeboxCore.o
                0x0000000000000070                io_table
                0x000000000000009e                eeprom_format_table
 .progmem.data  0x00000000000000be       0x1e uzeboxSoundEngine.o
                0x00000000000000be                patchCommands
 .progmem.data  0x00000000000000dc        0xc uzeboxVideoEngine.o
                0x00000000000000dc                fader
 .progmem.data  0x00000000000000e8     0x69c9 TankFu.o
                0x00000000000002bb                bauds
                0x00000000000002c9                strCredits
                0x000000000000032e                default_scores
                0x000000000000034c                default_handles
                0x000000000000036a                strLevels
                0x000000000000041a                strPaused
                0x0000000000000421                strExit
                0x000000000000042a                strTotal
                0x0000000000000431                strScore
                0x0000000000000438                strFinalScore
                0x0000000000000444                strBy
                0x0000000000000447                strOwns
                0x000000000000044c                strChangeHandle
                0x000000000000045b                strPlayer2
                0x000000000000045e                strPlayer1
                0x0000000000000461                strVertSep
                0x0000000000000463                strUnderline
                0x000000000000046f                strHandlesTitle
                0x000000000000047b                strHighscores
                0x0000000000000485                strCopyright
                0x000000000000049a                strSelectHandle
                0x00000000000004a9                strCancelHandle
                0x00000000000004b4                strReset
                0x00000000000004cd                strConfirmHandle
                0x00000000000004df                strNetworkError
                0x00000000000004ed                strEnterGameId
                0x0000000000000500                strConnecting
                0x000000000000050e                strWaitingForNetOppenent
                0x0000000000000529                strShareGameId
                0x000000000000053c                strJoinNetGame
                0x000000000000054a                strHostNetGame
                0x0000000000000558                str2Player
                0x0000000000000569                str1Player
                0x0000000000000577                my_patches
                0x00000000000005bf                ad_alarm
                0x00000000000006e1                ad_cannonball
                0x00000000000006e1                ad_navigate
                0x00000000000006e1                level_data
                0x00000000000006e1                ad_brick_explode
                0x00000000000006e1                ad_metal
                0x00000000000006e1                ad_item
                0x000000000000271b                sprites_data
                0x000000000000305b                map_sub_turret
                0x000000000000305e                map_sub_shot
                0x0000000000003061                map_up_arrow
                0x0000000000003064                map_down_arrow
                0x0000000000003067                map_right_arrow
                0x000000000000306a                map_rocket_right_1
                0x000000000000306d                map_rocket_right_0
                0x0000000000003070                map_rocket_up_1
                0x0000000000003073                map_rocket_up_0
                0x0000000000003076                map_ball
                0x0000000000003079                map_explosion_2
                0x000000000000307f                map_explosion_1
                0x0000000000003085                map_explosion_0
                0x000000000000308b                map_tank2_right_0
                0x0000000000003091                map_tank2_up_0
                0x0000000000003097                map_tank1_right_0
                0x000000000000309d                map_tank1_up_0
                0x00000000000030a3                map_tank_blank
                0x00000000000030a9                map_none
                0x00000000000030ac                tiles_data
                0x000000000000676c                map_sub_emerging
                0x00000000000068a2                map_sub
                0x00000000000069d8                map_scope_2
                0x00000000000069db                map_scope_1
                0x00000000000069de                map_scope_0
                0x00000000000069e1                map_blue_tank
                0x00000000000069e7                map_green_tank
                0x00000000000069ed                map_fence
                0x00000000000069f0                map_turf
                0x00000000000069f3                map_water
                0x00000000000069f6                map_metal_bl
                0x00000000000069f9                map_metal_tr
                0x00000000000069fc                map_metal_br
                0x00000000000069ff                map_metal_tl
                0x0000000000006a02                map_tile_exp_2
                0x0000000000006a05                map_tile_exp_1
                0x0000000000006a08                map_tile_exp_0
                0x0000000000006a0b                map_rocket_itm
                0x0000000000006a0e                map_explode_itm
                0x0000000000006a11                map_speed_itm
                0x0000000000006a14                map_metal
                0x0000000000006a17                map_brick
                0x0000000000006a1a                map_splash
                0x0000000000006a70                map_pause
                0x0000000000006aae                map_tile_none
                0x0000000000006ab2                . = ALIGN (0x2)
 *fill*         0x0000000000006ab1        0x1 
 *(.jumptables)
 *(.jumptables*)
 *(.lowtext)
 *(.lowtext*)
                0x0000000000006ab2                __ctors_start = .
 *(.ctors)
                0x0000000000006ab2                __ctors_end = .
                0x0000000000006ab2                __dtors_start = .
 *(.dtors)
                0x0000000000006ab2                __dtors_end = .
 SORT(*)(.ctors)
 SORT(*)(.dtors)
 *(.init0)
 .init0         0x0000000000006ab2        0x0 /usr/local/lib/gcc/avr/4.9.2/../../../../avr/lib/avr5/crtm644.o
                0x0000000000006ab2                __init
 *(.init0)
 *(.init1)
 *(.init1)
 *(.init2)
 .init2         0x0000000000006ab2        0xc /usr/local/lib/gcc/avr/4.9.2/../../../../avr/lib/avr5/crtm644.o
 *(.init2)
 *(.init3)
 *(.init3)
 *(.init4)
 .init4         0x0000000000006abe       0x16 /usr/local/lib/gcc/avr/4.9.2/avr5/libgcc.a(_copy_data.o)
                0x0000000000006abe                __do_copy_data
 .init4         0x0000000000006ad4       0x10 /usr/local/lib/gcc/avr/4.9.2/avr5/libgcc.a(_clear_bss.o)
                0x0000000000006ad4                __do_clear_bss
 *(.init4)
 *(.init5)
 *(.init5)
 *(.init6)
 *(.init6)
 *(.init7)
 .init7         0x0000000000006ae4       0x16 uzeboxCore.o
                0x0000000000006ae4                wdt_init
 *(.init7)
 *(.init8)
 .init8         0x0000000000006afa       0x86 uzeboxCore.o
                0x0000000000006afa                Initialize
 *(.init8)
 *(.init9)
 .init9         0x0000000000006b80        0x8 /usr/local/lib/gcc/avr/4.9.2/../../../../avr/lib/avr5/crtm644.o
 *(.init9)
 *(.text)
 .text          0x0000000000006b88        0x4 /usr/local/lib/gcc/avr/4.9.2/../../../../avr/lib/avr5/crtm644.o
                0x0000000000006b88                __vector_20
                0x0000000000006b88                __vector_1
                0x0000000000006b88                __vector_24
                0x0000000000006b88                __vector_12
                0x0000000000006b88                __bad_interrupt
                0x0000000000006b88                __vector_6
                0x0000000000006b88                __vector_3
                0x0000000000006b88                __vector_23
                0x0000000000006b88                __vector_25
                0x0000000000006b88                __vector_11
                0x0000000000006b88                __vector_17
                0x0000000000006b88                __vector_19
                0x0000000000006b88                __vector_7
                0x0000000000006b88                __vector_27
                0x0000000000006b88                __vector_5
                0x0000000000006b88                __vector_4
                0x0000000000006b88                __vector_9
                0x0000000000006b88                __vector_2
                0x0000000000006b88                __vector_21
                0x0000000000006b88                __vector_15
                0x0000000000006b88                __vector_26
                0x0000000000006b88                __vector_10
                0x0000000000006b88                __vector_16
                0x0000000000006b88                __vector_18
                0x0000000000006b88                __vector_22
 .text          0x0000000000006b8c      0x674 uzeboxVideoEngineCore.o
                0x0000000000006cfc                CopyFlashTile
                0x0000000000006e1a                CopyRamTile
                0x0000000000006f34                RestoreBackground
                0x0000000000006f5a                BlitSpritePart
                0x0000000000007028                __vector_13
                0x00000000000070a6                __vector_14
 .text          0x0000000000007200      0x18a uzeboxSoundEngineCore.o
                0x0000000000007200                process_music
                0x000000000000720c                update_sound
                0x000000000000738a                . = ALIGN (0x2)
 *(.text.*)
 .text.SetSpritesTileTable
                0x000000000000738a        0xa uzeboxVideoEngineCore.o
                0x000000000000738a                SetSpritesTileTable
 .text.ClearVram
                0x0000000000007394       0x14 uzeboxVideoEngineCore.o
                0x0000000000007394                ClearVram
 .text.SetFont  0x00000000000073a8        0x8 uzeboxVideoEngineCore.o
                0x00000000000073a8                SetFont
 .text.SetTile  0x00000000000073b0       0x1c uzeboxVideoEngineCore.o
                0x00000000000073b0                SetTile
 .text.SetFontTilesIndex
                0x00000000000073cc        0x6 uzeboxVideoEngineCore.o
                0x00000000000073cc                SetFontTilesIndex
 .text.SetTileTable
                0x00000000000073d2        0xa uzeboxVideoEngineCore.o
                0x00000000000073d2                SetTileTable
 .text.GetVsyncFlag
                0x00000000000073dc        0x8 uzeboxVideoEngineCore.o
                0x00000000000073dc                GetVsyncFlag
 .text.ClearVsyncFlag
                0x00000000000073e4        0xc uzeboxVideoEngineCore.o
                0x00000000000073e4                ClearVsyncFlag
 .text.GetVsyncCounter
                0x00000000000073f0        0xa uzeboxVideoEngineCore.o
                0x00000000000073f0                GetVsyncCounter
 .text.ClearVsyncCounter
                0x00000000000073fa        0xa uzeboxVideoEngineCore.o
                0x00000000000073fa                ClearVsyncCounter
 .text.ReadJoypad
                0x0000000000007404       0x18 uzeboxVideoEngineCore.o
                0x0000000000007404                ReadJoypad
 .text.WaitUs   0x000000000000741c        0xe uzeboxVideoEngineCore.o
                0x000000000000741c                WaitUs
 .text.WriteEeprom
                0x000000000000742a       0x14 uzeboxVideoEngineCore.o
                0x000000000000742a                WriteEeprom
 .text.ReadEeprom
                0x000000000000743e       0x12 uzeboxVideoEngineCore.o
                0x000000000000743e                ReadEeprom
 .text.wdt_randomize
                0x0000000000007450       0x50 uzeboxVideoEngineCore.o
                0x0000000000007450                wdt_randomize
 .text.GetTrueRandomSeed
                0x00000000000074a0        0xa uzeboxVideoEngineCore.o
                0x00000000000074a0                GetTrueRandomSeed
 .text.__vector_8
                0x00000000000074aa       0x44 uzeboxVideoEngineCore.o
                0x00000000000074aa                __vector_8
 .text.SoftReset
                0x00000000000074ee       0x16 uzeboxCore.o
                0x00000000000074ee                SoftReset
 .text.ReadButtons
                0x0000000000007504       0x6c uzeboxCore.o
                0x0000000000007504                ReadButtons
 .text.ReadControllers
                0x0000000000007570       0x20 uzeboxCore.o
                0x0000000000007570                ReadControllers
 .text.FormatEeprom
                0x0000000000007590       0x44 uzeboxCore.o
                0x0000000000007590                FormatEeprom
 .text.isEepromFormatted
                0x00000000000075d4       0x2e uzeboxCore.o
                0x00000000000075d4                isEepromFormatted
 .text.EepromBlockExists
                0x0000000000007602       0xa4 uzeboxCore.o
                0x0000000000007602                EepromBlockExists
 .text.EepromWriteBlock
                0x00000000000076a6       0x94 uzeboxCore.o
                0x00000000000076a6                EepromWriteBlock
 .text.EepromReadBlock
                0x000000000000773a       0x66 uzeboxCore.o
                0x000000000000773a                EepromReadBlock
 .text.UartUnreadCount
                0x00000000000077a0        0xc uzeboxCore.o
                0x00000000000077a0                UartUnreadCount
 .text.UartReadChar
                0x00000000000077ac       0x2e uzeboxCore.o
                0x00000000000077ac                UartReadChar
 .text.InitUartRxBuffer
                0x00000000000077da        0xa uzeboxCore.o
                0x00000000000077da                InitUartRxBuffer
 .text.UartSendChar
                0x00000000000077e4       0x28 uzeboxCore.o
                0x00000000000077e4                UartSendChar
 .text.InitUartTxBuffer
                0x000000000000780c        0xa uzeboxCore.o
                0x000000000000780c                InitUartTxBuffer
 .text.GetPrngNumber
                0x0000000000007816       0x5c uzeboxCore.o
                0x0000000000007816                GetPrngNumber
 .text.PatchCommand00
                0x0000000000007872        0x6 uzeboxSoundEngine.o
                0x0000000000007872                PatchCommand00
 .text.PatchCommand01
                0x0000000000007878       0x10 uzeboxSoundEngine.o
                0x0000000000007878                PatchCommand01
 .text.PatchCommand05
                0x0000000000007888        0xa uzeboxSoundEngine.o
                0x0000000000007888                PatchCommand05
 .text.PatchCommand06
                0x0000000000007892        0xa uzeboxSoundEngine.o
                0x0000000000007892                PatchCommand06
 .text.PatchCommand07
                0x000000000000789c        0x6 uzeboxSoundEngine.o
                0x000000000000789c                PatchCommand07
 .text.PatchCommand09
                0x00000000000078a2        0x6 uzeboxSoundEngine.o
                0x00000000000078a2                PatchCommand09
 .text.PatchCommand10
                0x00000000000078a8        0x6 uzeboxSoundEngine.o
                0x00000000000078a8                PatchCommand10
 .text.PatchCommand11
                0x00000000000078ae       0x76 uzeboxSoundEngine.o
                0x00000000000078ae                PatchCommand11
 .text.PatchCommand12
                0x0000000000007924        0x6 uzeboxSoundEngine.o
                0x0000000000007924                PatchCommand12
 .text.PatchCommand13
                0x000000000000792a        0x6 uzeboxSoundEngine.o
                0x000000000000792a                PatchCommand13
 .text.PatchCommand02
                0x0000000000007930        0x8 uzeboxSoundEngine.o
                0x0000000000007930                PatchCommand02
 .text.PatchCommand03
                0x0000000000007938        0xe uzeboxSoundEngine.o
                0x0000000000007938                PatchCommand03
 .text.PatchCommand04
                0x0000000000007946       0x10 uzeboxSoundEngine.o
                0x0000000000007946                PatchCommand04
 .text.PatchCommand08
                0x0000000000007956       0x20 uzeboxSoundEngine.o
                0x0000000000007956                PatchCommand08
 .text.PatchCommand14
                0x0000000000007976       0x54 uzeboxSoundEngine.o
                0x0000000000007976                PatchCommand14
 .text.InitMusicPlayer
                0x00000000000079ca       0x44 uzeboxSoundEngine.o
                0x00000000000079ca                InitMusicPlayer
 .text.ReadVarLen
                0x0000000000007a0e       0x4c uzeboxSoundEngine.o
                0x0000000000007a0e                ReadVarLen
 .text.TriggerCommon
                0x0000000000007a5a       0xbe uzeboxSoundEngine.o
                0x0000000000007a5a                TriggerCommon
 .text.TriggerNote
                0x0000000000007b18       0x80 uzeboxSoundEngine.o
                0x0000000000007b18                TriggerNote
 .text.ProcessMusic
                0x0000000000007b98      0x43e uzeboxSoundEngine.o
                0x0000000000007b98                ProcessMusic
 .text.SetMasterVolume
                0x0000000000007fd6        0x6 uzeboxSoundEngine.o
                0x0000000000007fd6                SetMasterVolume
 .text.SetMixerNote
                0x0000000000007fdc       0x2e uzeboxSoundEngineCore.o
                0x0000000000007fdc                SetMixerNote
 .text.SetMixerWave
                0x000000000000800a       0x3a uzeboxSoundEngineCore.o
                0x000000000000800a                SetMixerWave
 *fill*         0x0000000000008044       0xbc 
 .text.DisableSoundEngine
                0x0000000000008100      0xc00 uzeboxSoundEngineCore.o
                0x0000000000008100                DisableSoundEngine
                0x0000000000008108                steptable
                0x0000000000008300                waves
 .text.ProcessSprites
                0x0000000000008d00      0x1cc uzeboxVideoEngine.o
                0x0000000000008d00                ProcessSprites
 .text.MapSprite2
                0x0000000000008ecc       0xa4 uzeboxVideoEngine.o
                0x0000000000008ecc                MapSprite2
 .text.MoveSprite
                0x0000000000008f70       0x4a uzeboxVideoEngine.o
                0x0000000000008f70                MoveSprite
 .text.DisplayLogo
                0x0000000000008fba        0x2 uzeboxVideoEngine.o
                0x0000000000008fba                DisplayLogo
 .text.InitializeVideoMode
                0x0000000000008fbc       0x1c uzeboxVideoEngine.o
                0x0000000000008fbc                InitializeVideoMode
 .text.DrawMap  0x0000000000008fd8       0x9a uzeboxVideoEngine.o
                0x0000000000008fd8                DrawMap2
                0x0000000000008fd8                DrawMap
 .text.PrintByte
                0x0000000000009072       0x66 uzeboxVideoEngine.o
                0x0000000000009072                PrintByte
 .text.Print    0x00000000000090d8       0x36 uzeboxVideoEngine.o
                0x00000000000090d8                Print
 .text.PrintChar
                0x000000000000910e        0x6 uzeboxVideoEngine.o
                0x000000000000910e                PrintChar
 .text.WaitVsync
                0x0000000000009114       0x2e uzeboxVideoEngine.o
                0x0000000000009114                WaitVsync
 .text.doFade   0x0000000000009142       0x1c uzeboxVideoEngine.o
                0x0000000000009142                doFade
 .text.FadeIn   0x000000000000915e       0x18 uzeboxVideoEngine.o
                0x000000000000915e                FadeIn
 .text.FadeOut  0x0000000000009176       0x18 uzeboxVideoEngine.o
                0x0000000000009176                FadeOut
 .text.ProcessFading
                0x000000000000918e       0x4a uzeboxVideoEngine.o
                0x000000000000918e                ProcessFading
 .text.VideoModeVsync
                0x00000000000091d8        0x4 uzeboxVideoEngine.o
                0x00000000000091d8                VideoModeVsync
 .text.wifiSendP
                0x00000000000091dc       0x2c TankFu.o
                0x00000000000091dc                wifiSendP
 .text.wifiSend
                0x0000000000009208       0x28 TankFu.o
                0x0000000000009208                wifiSend
 .text.wifiGetIfAvailable
                0x0000000000009230       0x4e TankFu.o
                0x0000000000009230                wifiGetIfAvailable
 .text.wifiGetPB
                0x000000000000927e       0x6a TankFu.o
                0x000000000000927e                wifiGetPB
 .text.wifiGetPBT
                0x00000000000092e8       0x74 TankFu.o
                0x00000000000092e8                wifiGetPBT
 .text.wifiRequestP
                0x000000000000935c       0x24 TankFu.o
                0x000000000000935c                wifiRequestP
 .text.wifiRequest
                0x0000000000009380       0x24 TankFu.o
                0x0000000000009380                wifiRequest
 .text.wifiRequestPT
                0x00000000000093a4       0x3e TankFu.o
                0x00000000000093a4                wifiRequestPT
 .text.initWifi
                0x00000000000093e2       0x9e TankFu.o
                0x00000000000093e2                initWifi
 .text.disablePassthroughMode
                0x0000000000009480       0x58 TankFu.o
                0x0000000000009480                disablePassthroughMode
 .text.activateNet
                0x00000000000094d8       0x10 TankFu.o
                0x00000000000094d8                activateNet
 .text.sendNetMessage
                0x00000000000094e8        0x4 TankFu.o
                0x00000000000094e8                sendNetMessage
 .text.getNetMessage
                0x00000000000094ec        0x6 TankFu.o
                0x00000000000094ec                getNetMessage
 .text.hostNetGame
                0x00000000000094f2      0x110 TankFu.o
                0x00000000000094f2                hostNetGame
 .text.joinNetGame
                0x0000000000009602       0xd6 TankFu.o
                0x0000000000009602                joinNetGame
 .text.LBGetNextFrame
                0x00000000000096d8       0x4a TankFu.o
                0x00000000000096d8                LBGetNextFrame
 .text.LBGetNextFrameReverse
                0x0000000000009722       0x58 TankFu.o
                0x0000000000009722                LBGetNextFrameReverse
 .text.LBGetJoyPadState
                0x000000000000977a       0x96 TankFu.o
                0x000000000000977a                LBGetJoyPadState
 .text.LBGetJoyPadStateNet
                0x0000000000009810       0x80 TankFu.o
                0x0000000000009810                LBGetJoyPadStateNet
 .text.LBCopyChars
                0x0000000000009890       0x18 TankFu.o
                0x0000000000009890                LBCopyChars
 .text.LBPrintStr
                0x00000000000098a8       0x62 TankFu.o
                0x00000000000098a8                LBPrintStr
 .text.LBCollides
                0x000000000000990a       0x54 TankFu.o
                0x000000000000990a                LBCollides
 .text.LBLineIntersect
                0x000000000000995e      0x1ac TankFu.o
                0x000000000000995e                LBLineIntersect
 .text.LBRandom
                0x0000000000009b0a       0x36 TankFu.o
                0x0000000000009b0a                LBRandom
 .text.LBWaitSeconds
                0x0000000000009b40       0x1e TankFu.o
                0x0000000000009b40                LBWaitSeconds
 .text.LBHideAllSprites
                0x0000000000009b5e       0x14 TankFu.o
                0x0000000000009b5e                LBHideAllSprites
 .text.init_scores
                0x0000000000009b72       0x18 TankFu.o
                0x0000000000009b72                init_scores
 .text.init_handles
                0x0000000000009b8a       0x18 TankFu.o
                0x0000000000009b8a                init_handles
 .text.init_tile_animations
                0x0000000000009ba2       0x4e TankFu.o
                0x0000000000009ba2                init_tile_animations
 .text.init_scope_animation
                0x0000000000009bf0       0x30 TankFu.o
                0x0000000000009bf0                init_scope_animation
 .text.init_sub_animation
                0x0000000000009c20       0x28 TankFu.o
                0x0000000000009c20                init_sub_animation
 .text.init_shot_state
                0x0000000000009c48       0x3a TankFu.o
                0x0000000000009c48                init_shot_state
 .text.set_shot_animations
                0x0000000000009c82       0x64 TankFu.o
                0x0000000000009c82                set_shot_animations
 .text.init_turret
                0x0000000000009ce6       0x64 TankFu.o
                0x0000000000009ce6                init_turret
 .text.init_player
                0x0000000000009d4a       0xe4 TankFu.o
                0x0000000000009d4a                init_player
 .text.player_init_shot_state
                0x0000000000009e2e        0xe TankFu.o
                0x0000000000009e2e                player_init_shot_state
 .text.init_game_state
                0x0000000000009e3c       0x4e TankFu.o
                0x0000000000009e3c                init_game_state
 .text.player_spawn
                0x0000000000009e8a       0x50 TankFu.o
                0x0000000000009e8a                player_spawn
 .text.waitForVSync
                0x0000000000009eda       0x10 TankFu.o
                0x0000000000009eda                waitForVSync
 .text.load_eeprom
                0x0000000000009eea       0x24 TankFu.o
                0x0000000000009eea                load_eeprom
 .text.fade_through
                0x0000000000009f0e       0x14 TankFu.o
                0x0000000000009f0e                fade_through
 .text.clear_sprites
                0x0000000000009f22       0x1a TankFu.o
                0x0000000000009f22                clear_sprites
 .text.save_score
                0x0000000000009f3c       0xe0 TankFu.o
                0x0000000000009f3c                save_score
 .text.position_shot
                0x000000000000a01c       0xda TankFu.o
                0x000000000000a01c                position_shot
 .text.print_level_score
                0x000000000000a0f6       0x84 TankFu.o
                0x000000000000a0f6                print_level_score
 .text.print_final_score
                0x000000000000a17a       0xb4 TankFu.o
                0x000000000000a17a                print_final_score
 .text.shoot_pressed
                0x000000000000a22e       0x14 TankFu.o
                0x000000000000a22e                shoot_pressed
 .text.get_delta
                0x000000000000a242       0x42 TankFu.o
                0x000000000000a242                get_delta
 .text.render_hud
                0x000000000000a284       0x3a TankFu.o
                0x000000000000a284                render_hud
 .text.render_score
                0x000000000000a2be       0x38 TankFu.o
                0x000000000000a2be                render_score
 .text.render_player
                0x000000000000a2f6       0x52 TankFu.o
                0x000000000000a2f6                render_player
 .text.render_shot
                0x000000000000a348       0x58 TankFu.o
                0x000000000000a348                render_shot
 .text.render_tile_explosions
                0x000000000000a3a0       0x6a TankFu.o
                0x000000000000a3a0                render_tile_explosions
 .text.render_scope
                0x000000000000a40a       0x34 TankFu.o
                0x000000000000a40a                render_scope
 .text.tank_map
                0x000000000000a43e       0xd2 TankFu.o
                0x000000000000a43e                tank_map
 .text.shot_map
                0x000000000000a510       0x58 TankFu.o
                0x000000000000a510                shot_map
 .text.recoil_sprite
                0x000000000000a568       0xb4 TankFu.o
                0x000000000000a568                recoil_sprite
 .text.recoil_sprite_fine
                0x000000000000a61c       0x6c TankFu.o
                0x000000000000a61c                recoil_sprite_fine
 .text.solid_square_tile
                0x000000000000a688       0x24 TankFu.o
                0x000000000000a688                solid_square_tile
 .text.solid_directional_tile
                0x000000000000a6ac       0x2c TankFu.o
                0x000000000000a6ac                solid_directional_tile
 .text.solid_tile
                0x000000000000a6d8       0x28 TankFu.o
                0x000000000000a6d8                solid_tile
 .text.collides_directional_tile
                0x000000000000a700      0x148 TankFu.o
                0x000000000000a700                collides_directional_tile
 .text.player_shot
                0x000000000000a848       0xbe TankFu.o
                0x000000000000a848                player_shot
 .text.turret_shot
                0x000000000000a906       0x9c TankFu.o
                0x000000000000a906                turret_shot
 .text.collision_detect_boundries
                0x000000000000a9a2       0x9c TankFu.o
                0x000000000000a9a2                collision_detect_boundries
 .text.drop_item
                0x000000000000aa3e       0x68 TankFu.o
                0x000000000000aa3e                drop_item
 .text.kill_player
                0x000000000000aaa6       0xb0 TankFu.o
                0x000000000000aaa6                kill_player
 .text.get_interesting_tile_indexes_shot
                0x000000000000ab56       0x44 TankFu.o
                0x000000000000ab56                get_interesting_tile_indexes_shot
 .text.explode_tile
                0x000000000000ab9a       0x7c TankFu.o
                0x000000000000ab9a                explode_tile
 .text.richochet
                0x000000000000ac16       0x42 TankFu.o
                0x000000000000ac16                richochet
 .text.get_interesting_tile_indexes
                0x000000000000ac58       0x60 TankFu.o
                0x000000000000ac58                get_interesting_tile_indexes
 .text.explode_player
                0x000000000000acb8       0x42 TankFu.o
                0x000000000000acb8                explode_player
 .text.slide    0x000000000000acfa      0x176 TankFu.o
                0x000000000000acfa                slide
 .text.collision_detect_player
                0x000000000000ae70      0x304 TankFu.o
                0x000000000000ae70                collision_detect_player
 .text.load_level_tiles
                0x000000000000b174       0xe6 TankFu.o
                0x000000000000b174                load_level_tiles
 .text.prep_player
                0x000000000000b25a       0x24 TankFu.o
                0x000000000000b25a                prep_player
 .text.load_level
                0x000000000000b27e      0x148 TankFu.o
                0x000000000000b27e                load_level
 .text.level_transition
                0x000000000000b3c6       0x60 TankFu.o
                0x000000000000b3c6                level_transition
 .text.render_boss_fight_scope_load
                0x000000000000b426       0x14 TankFu.o
                0x000000000000b426                render_boss_fight_scope_load
 .text.render_boss_fight_sub_load
                0x000000000000b43a       0x5a TankFu.o
                0x000000000000b43a                render_boss_fight_sub_load
 .text.render_boss_fight_sub_sinking
                0x000000000000b494       0x2a TankFu.o
                0x000000000000b494                render_boss_fight_sub_sinking
 .text.render_boss_turret
                0x000000000000b4be       0x52 TankFu.o
                0x000000000000b4be                render_boss_turret
 .text.render_boss_turret_shot
                0x000000000000b510       0x52 TankFu.o
                0x000000000000b510                render_boss_turret_shot
 .text.update_turret
                0x000000000000b562      0x12a TankFu.o
                0x000000000000b562                update_turret
 .text.update_turret_shot
                0x000000000000b68c       0xe6 TankFu.o
                0x000000000000b68c                update_turret_shot
 .text.load_splash
                0x000000000000b772       0x94 TankFu.o
                0x000000000000b772                load_splash
 .text.select_pressed
                0x000000000000b806       0x14 TankFu.o
                0x000000000000b806                select_pressed
 .text.load_tank_rank
                0x000000000000b81a      0x136 TankFu.o
                0x000000000000b81a                load_tank_rank
 .text.exit_game
                0x000000000000b950       0x10 TankFu.o
                0x000000000000b950                exit_game
 .text.resolve_scoring
                0x000000000000b960      0x18a TankFu.o
                0x000000000000b960                resolve_scoring
 .text.update_tank_rank
                0x000000000000baea       0x8e TankFu.o
                0x000000000000baea                update_tank_rank
 .text._handle_select_render_helper
                0x000000000000bb78      0x17c TankFu.o
                0x000000000000bb78                _handle_select_render_helper
 .text.load_handle_select
                0x000000000000bcf4      0x10a TankFu.o
                0x000000000000bcf4                load_handle_select
 .text.load_host_net_game
                0x000000000000bdfe       0x80 TankFu.o
                0x000000000000bdfe                load_host_net_game
 .text.update_host_net_game
                0x000000000000be7e       0x3c TankFu.o
                0x000000000000be7e                update_host_net_game
 .text.load_join_net_game
                0x000000000000beba       0x62 TankFu.o
                0x000000000000beba                load_join_net_game
 .text.update_splash
                0x000000000000bf1c      0x1fc TankFu.o
                0x000000000000bf1c                update_splash
 .text.update_join_net_game
                0x000000000000c118       0x76 TankFu.o
                0x000000000000c118                update_join_net_game
 .text.button_map
                0x000000000000c18e       0x2c TankFu.o
                0x000000000000c18e                button_map
 .text.crash_and_turn
                0x000000000000c1ba      0x1fc TankFu.o
                0x000000000000c1ba                crash_and_turn
 .text.get_cpu_goal_direction
                0x000000000000c3b6       0x66 TankFu.o
                0x000000000000c3b6                get_cpu_goal_direction
 .text.get_cpu_joypad_state
                0x000000000000c41c      0x568 TankFu.o
                0x000000000000c41c                get_cpu_joypad_state
 .text.stream_text_middle
                0x000000000000c984       0x80 TankFu.o
                0x000000000000c984                stream_text_middle
 .text.load_credits
                0x000000000000ca04       0x24 TankFu.o
                0x000000000000ca04                load_credits
 .text.send_net_message
                0x000000000000ca28       0xa8 TankFu.o
                0x000000000000ca28                send_net_message
 .text.collision_detect_shot
                0x000000000000cad0      0x3e4 TankFu.o
                0x000000000000cad0                collision_detect_shot
 .text.update_player
                0x000000000000ceb4      0x2ce TankFu.o
                0x000000000000ceb4                update_player
 .text.update_level
                0x000000000000d182      0x460 TankFu.o
                0x000000000000d182                update_level
 .text.send_smart_net_message
                0x000000000000d5e2       0x26 TankFu.o
                0x000000000000d5e2                send_smart_net_message
 .text._handle_select_helper
                0x000000000000d608      0x19e TankFu.o
                0x000000000000d608                _handle_select_helper
 .text.update_handle_select
                0x000000000000d7a6       0xb2 TankFu.o
                0x000000000000d7a6                update_handle_select
 .text.get_net_message
                0x000000000000d858       0xd4 TankFu.o
                0x000000000000d858                get_net_message
 .text.startup.main
                0x000000000000d92c      0x1d0 TankFu.o
                0x000000000000d92c                main
 .text.libgcc.div
                0x000000000000dafc       0x18 /usr/local/lib/gcc/avr/4.9.2/avr5/libgcc.a(_udivmodqi4.o)
                0x000000000000dafc                __udivmodqi4
 .text.libgcc.div
                0x000000000000db14       0x1c /usr/local/lib/gcc/avr/4.9.2/avr5/libgcc.a(_divmodqi4.o)
                0x000000000000db14                __divmodqi4
 .text.libgcc.div
                0x000000000000db30       0x28 /usr/local/lib/gcc/avr/4.9.2/avr5/libgcc.a(_udivmodhi4.o)
                0x000000000000db30                __udivmodhi4
 .text.libgcc.div
                0x000000000000db58       0x28 /usr/local/lib/gcc/avr/4.9.2/avr5/libgcc.a(_divmodhi4.o)
                0x000000000000db58                __divmodhi4
                0x000000000000db58                _div
 .text.avr-libc.fplib
                0x000000000000db80        0xa /usr/local/lib/gcc/avr/4.9.2/../../../../avr/lib/avr5/libm.a(addsf3.o)
                0x000000000000db80                __subsf3
                0x000000000000db82                __addsf3
 .text.avr-libc.fplib
                0x000000000000db8a       0xc0 /usr/local/lib/gcc/avr/4.9.2/../../../../avr/lib/avr5/libm.a(addsf3x.o)
                0x000000000000dba4                __addsf3x
 .text.avr-libc.fplib
                0x000000000000dc4a        0x8 /usr/local/lib/gcc/avr/4.9.2/../../../../avr/lib/avr5/libm.a(cmpsf2.o)
                0x000000000000dc4a                __lesf2
                0x000000000000dc4a                __nesf2
                0x000000000000dc4a                __eqsf2
                0x000000000000dc4a                __cmpsf2
                0x000000000000dc4a                __ltsf2
 .text.avr-libc.fplib
                0x000000000000dc52        0x4 /usr/local/lib/gcc/avr/4.9.2/../../../../avr/lib/avr5/libm.a(divsf3.o)
                0x000000000000dc52                __divsf3
 .text.avr-libc.fplib
                0x000000000000dc56       0xcc /usr/local/lib/gcc/avr/4.9.2/../../../../avr/lib/avr5/libm.a(divsf3x.o)
                0x000000000000dc6c                __divsf3x
                0x000000000000dc70                __divsf3_pse
 .text.avr-libc.fplib
                0x000000000000dd22        0xa /usr/local/lib/gcc/avr/4.9.2/../../../../avr/lib/avr5/libm.a(fixsfsi.o)
                0x000000000000dd22                __fixsfsi
 .text.avr-libc.fplib
                0x000000000000dd2c       0x58 /usr/local/lib/gcc/avr/4.9.2/../../../../avr/lib/avr5/libm.a(fixunssfsi.o)
                0x000000000000dd2c                __fixunssfsi
 .text.avr-libc.fplib
                0x000000000000dd84       0x7a /usr/local/lib/gcc/avr/4.9.2/../../../../avr/lib/avr5/libm.a(floatsisf.o)
                0x000000000000dd84                __floatunsisf
                0x000000000000dd88                __floatsisf
 .text.avr-libc.fplib
                0x000000000000ddfe       0x48 /usr/local/lib/gcc/avr/4.9.2/../../../../avr/lib/avr5/libm.a(fp_cmp.o)
                0x000000000000ddfe                __fp_cmp
 .text.avr-libc.fplib
                0x000000000000de46        0xc /usr/local/lib/gcc/avr/4.9.2/../../../../avr/lib/avr5/libm.a(fp_inf.o)
                0x000000000000de46                __fp_inf
 .text.avr-libc.fplib
                0x000000000000de52        0x6 /usr/local/lib/gcc/avr/4.9.2/../../../../avr/lib/avr5/libm.a(fp_nan.o)
                0x000000000000de52                __fp_nan
 .text.avr-libc.fplib
                0x000000000000de58        0xe /usr/local/lib/gcc/avr/4.9.2/../../../../avr/lib/avr5/libm.a(fp_pscA.o)
                0x000000000000de58                __fp_pscA
 .text.avr-libc.fplib
                0x000000000000de66        0xe /usr/local/lib/gcc/avr/4.9.2/../../../../avr/lib/avr5/libm.a(fp_pscB.o)
                0x000000000000de66                __fp_pscB
 .text.avr-libc.fplib
                0x000000000000de74       0x22 /usr/local/lib/gcc/avr/4.9.2/../../../../avr/lib/avr5/libm.a(fp_round.o)
                0x000000000000de74                __fp_round
 .text.avr-libc.fplib
                0x000000000000de96       0x44 /usr/local/lib/gcc/avr/4.9.2/../../../../avr/lib/avr5/libm.a(fp_split3.o)
                0x000000000000de96                __fp_split3
                0x000000000000dea6                __fp_splitA
 .text.avr-libc.fplib
                0x000000000000deda        0xe /usr/local/lib/gcc/avr/4.9.2/../../../../avr/lib/avr5/libm.a(fp_zero.o)
                0x000000000000deda                __fp_zero
                0x000000000000dedc                __fp_szero
 .text.avr-libc.fplib
                0x000000000000dee8        0x8 /usr/local/lib/gcc/avr/4.9.2/../../../../avr/lib/avr5/libm.a(gesf2.o)
                0x000000000000dee8                __gtsf2
                0x000000000000dee8                __gesf2
 .text.avr-libc.fplib
                0x000000000000def0        0x4 /usr/local/lib/gcc/avr/4.9.2/../../../../avr/lib/avr5/libm.a(mulsf3.o)
                0x000000000000def0                __mulsf3
 .text.avr-libc.fplib
                0x000000000000def4       0xc2 /usr/local/lib/gcc/avr/4.9.2/../../../../avr/lib/avr5/libm.a(mulsf3x.o)
                0x000000000000df08                __mulsf3x
                0x000000000000df0c                __mulsf3_pse
 .text.avr-libc
                0x000000000000dfb6       0x12 /usr/local/lib/gcc/avr/4.9.2/../../../../avr/lib/avr5/libc.a(memcpy_P.o)
                0x000000000000dfb6                memcpy_P
 .text.avr-libc
                0x000000000000dfc8       0x16 /usr/local/lib/gcc/avr/4.9.2/../../../../avr/lib/avr5/libc.a(strnlen_P.o)
                0x000000000000dfc8                strnlen_P
 .text.avr-libc
                0x000000000000dfde       0x14 /usr/local/lib/gcc/avr/4.9.2/../../../../avr/lib/avr5/libc.a(strupr.o)
                0x000000000000dfde                strupr
 .text.avr-libc
                0x000000000000dff2       0x46 /usr/local/lib/gcc/avr/4.9.2/../../../../avr/lib/avr5/libc.a(sprintf.o)
                0x000000000000dff2                sprintf
 .text.avr-libc
                0x000000000000e038      0x3a4 /usr/local/lib/gcc/avr/4.9.2/../../../../avr/lib/avr5/libc.a(vfprintf_std.o)
                0x000000000000e038                vfprintf
 .text.avr-libc
                0x000000000000e3dc       0x16 /usr/local/lib/gcc/avr/4.9.2/../../../../avr/lib/avr5/libc.a(strnlen.o)
                0x000000000000e3dc                strnlen
 .text.avr-libc
                0x000000000000e3f2       0x70 /usr/local/lib/gcc/avr/4.9.2/../../../../avr/lib/avr5/libc.a(fputc.o)
                0x000000000000e3f2                fputc
 .text.avr-libc
                0x000000000000e462       0xbc /usr/local/lib/gcc/avr/4.9.2/../../../../avr/lib/avr5/libc.a(ultoa_invert.o)
                0x000000000000e462                __ultoa_invert
 .text.libgcc.prologue
                0x000000000000e51e       0x38 /usr/local/lib/gcc/avr/4.9.2/avr5/libgcc.a(_prologue.o)
                0x000000000000e51e                __prologue_saves__
 .text.libgcc.prologue
                0x000000000000e556       0x36 /usr/local/lib/gcc/avr/4.9.2/avr5/libgcc.a(_epilogue.o)
                0x000000000000e556                __epilogue_restores__
                0x000000000000e58c                . = ALIGN (0x2)
 *(.fini9)
 .fini9         0x000000000000e58c        0x0 /usr/local/lib/gcc/avr/4.9.2/avr5/libgcc.a(_exit.o)
                0x000000000000e58c                exit
                0x000000000000e58c                _exit
 *(.fini9)
 *(.fini8)
 *(.fini8)
 *(.fini7)
 *(.fini7)
 *(.fini6)
 *(.fini6)
 *(.fini5)
 *(.fini5)
 *(.fini4)
 *(.fini4)
 *(.fini3)
 *(.fini3)
 *(.fini2)
 *(.fini2)
 *(.fini1)
 *(.fini1)
 *(.fini0)
 .fini0         0x000000000000e58c        0x4 /usr/local/lib/gcc/avr/4.9.2/avr5/libgcc.a(_exit.o)
 *(.fini0)
                0x000000000000e590                _etext = .

.data           0x0000000000800100       0x4a load address 0x000000000000e590
                0x0000000000800100                PROVIDE (__data_start, .)
 *(.data)
 .data          0x0000000000800100        0x1 uzeboxVideoEngine.o
 .data          0x0000000000800101        0x2 TankFu.o
                0x0000000000800101                global_frame_counter
 *(.data*)
 *(.rodata)
 *(.rodata*)
 .rodata.str1.1
                0x0000000000800103       0x46 TankFu.o
 *(.gnu.linkonce.d*)
                0x000000000080014a                . = ALIGN (0x2)
 *fill*         0x0000000000800149        0x1 
                0x000000000080014a                _edata = .
                0x000000000080014a                PROVIDE (__data_end, .)

.bss            0x000000000080014a      0xf17
                0x000000000080014a                PROVIDE (__bss_start, .)
 *(.bss)
 *fill*         0x000000000080014a       0x16 
 .bss           0x0000000000800160      0x8e0 uzeboxVideoEngineCore.o
                0x0000000000800160                vram
                0x00000000008004a8                sprites
                0x00000000008004a8                overlay_vram
                0x00000000008004d0                ram_tiles
                0x00000000008009d0                ram_tiles_restore
                0x0000000000800a0c                free_tile_index
                0x0000000000800a0d                user_ram_tiles_c
                0x0000000000800a0e                user_ram_tiles_c_tmp
                0x0000000000800a0f                sprites_tile_banks
                0x0000000000800a1a                Screen
                0x0000000000800a1e                sync_phase
                0x0000000000800a1f                sync_pulse
                0x0000000000800a20                sync_flags
                0x0000000000800a25                first_render_line
                0x0000000000800a26                render_lines_count
                0x0000000000800a27                joypad1_status_lo
                0x0000000000800a29                joypad1_status_hi
                0x0000000000800a2b                joypad2_status_lo
                0x0000000000800a2d                joypad2_status_hi
 .bss           0x0000000000800a40        0x2 uzeboxCore.o
 .bss           0x0000000000800a42        0x1 uzeboxSoundEngine.o
                0x0000000000800a42                playSong
 .bss           0x0000000000800a43       0x19 uzeboxSoundEngineCore.o
                0x0000000000800a43                sound_enabled
                0x0000000000800a44                mixer
                0x0000000000800a57                tr4_params
                0x0000000000800a58                tr4_barrel_lo
                0x0000000000800a59                tr4_barrel_hi
 .bss           0x0000000000800a5c       0x10 TankFu.o
                0x0000000000800a5c                p2s
                0x0000000000800a62                p1s
                0x0000000000800a68                p_prev
 *(.bss*)
 *(COMMON)
 COMMON         0x0000000000800a6c       0x85 uzeboxCore.o
                0x0000000000800a6c                uart_tx_buf
                0x0000000000800aac                joypadsConnectionStatus
                0x0000000000800aad                uart_rx_head
                0x0000000000800aae                uart_tx_head
                0x0000000000800aaf                uart_rx_tail
                0x0000000000800ab0                uart_rx_buf
                0x0000000000800af0                uart_tx_tail
 COMMON         0x0000000000800af1       0x6c uzeboxSoundEngine.o
                0x0000000000800af1                songStart
                0x0000000000800af3                tracks
                0x0000000000800b4f                currDeltaTime
                0x0000000000800b51                patchPointers
                0x0000000000800b53                lastStatus
                0x0000000000800b54                masterVolume
                0x0000000000800b55                nextDeltaTime
                0x0000000000800b57                songSpeed
                0x0000000000800b58                songPos
                0x0000000000800b5a                loopStart
                0x0000000000800b5c                step
 COMMON         0x0000000000800b5d        0x5 uzeboxVideoEngine.o
                0x0000000000800b5d                fadeSpeed
                0x0000000000800b5e                fadeDir
                0x0000000000800b5f                fadeActive
                0x0000000000800b60                currFadeFrame
                0x0000000000800b61                fadeStep
 COMMON         0x0000000000800b62      0x4ff TankFu.o
                0x0000000000800b62                scores
                0x0000000000800b82                p2
                0x0000000000800b89                gameId
                0x0000000000800b92                handles
                0x0000000000800bb2                game
                0x0000000000800bc6                tile_animations
                0x0000000000800be3                wifi_status
                0x0000000000800be4                player1
                0x0000000000800c5d                p1
                0x0000000000800c64                level
                0x0000000000800f53                player2
                0x0000000000800fcc                sub_animation
                0x0000000000800fda                scope_animation
                0x0000000000800fe8                netMessage
                0x0000000000800ff9                turret2
                0x000000000080102d                turret1
                0x0000000000801061                PROVIDE (__bss_end, .)
                0x000000000000e590                __data_load_start = LOADADDR (.data)
                0x000000000000e5da                __data_load_end = (__data_load_start + SIZEOF (.data))

.noinit         0x0000000000801061        0x0
                0x0000000000801061                PROVIDE (__noinit_start, .)
 *(.noinit*)
                0x0000000000801061                PROVIDE (__noinit_end, .)
                0x0000000000801061                _end = .
                0x0000000000801061                PROVIDE (__heap_start, .)

.eeprom         0x0000000000810000        0x0
 *(.eeprom*)
                0x0000000000810000                __eeprom_end = .

.fuse
 *(.fuse)
 *(.lfuse)
 *(.hfuse)
 *(.efuse)

.lock
 *(.lock*)

.signature
 *(.signature*)

.stab           0x0000000000000000      0x9b4
 *(.stab)
 .stab          0x0000000000000000       0xf0 /usr/local/lib/gcc/avr/4.9.2/avr5/libgcc.a(_udivmodqi4.o)
 .stab          0x00000000000000f0       0xf0 /usr/local/lib/gcc/avr/4.9.2/avr5/libgcc.a(_divmodqi4.o)
                                         0xfc (size before relaxing)
 .stab          0x00000000000001e0      0x15c /usr/local/lib/gcc/avr/4.9.2/avr5/libgcc.a(_udivmodhi4.o)
                                        0x168 (size before relaxing)
 .stab          0x000000000000033c      0x138 /usr/local/lib/gcc/avr/4.9.2/avr5/libgcc.a(_divmodhi4.o)
                                        0x144 (size before relaxing)
 .stab          0x0000000000000474       0x6c /usr/local/lib/gcc/avr/4.9.2/avr5/libgcc.a(_exit.o)
                                         0x78 (size before relaxing)
 .stab          0x00000000000004e0       0xd8 /usr/local/lib/gcc/avr/4.9.2/avr5/libgcc.a(_copy_data.o)
                                         0xe4 (size before relaxing)
 .stab          0x00000000000005b8       0xb4 /usr/local/lib/gcc/avr/4.9.2/avr5/libgcc.a(_clear_bss.o)
                                         0xc0 (size before relaxing)
 .stab          0x000000000000066c      0x1a4 /usr/local/lib/gcc/avr/4.9.2/avr5/libgcc.a(_prologue.o)
                                        0x1b0 (size before relaxing)
 .stab          0x0000000000000810      0x1a4 /usr/local/lib/gcc/avr/4.9.2/avr5/libgcc.a(_epilogue.o)
                                        0x1b0 (size before relaxing)

.stabstr        0x0000000000000000      0x34b
 *(.stabstr)
 .stabstr       0x0000000000000000      0x34b /usr/local/lib/gcc/avr/4.9.2/avr5/libgcc.a(_udivmodqi4.o)

.stab.excl
 *(.stab.excl)

.stab.exclstr
 *(.stab.exclstr)

.stab.index
 *(.stab.index)

.stab.indexstr
 *(.stab.indexstr)

.comment        0x0000000000000000       0x11
 *(.comment)
 .comment       0x0000000000000000       0x11 uzeboxCore.o
                                         0x12 (size before relaxing)
 .comment       0x0000000000000011       0x12 uzeboxSoundEngine.o
 .comment       0x0000000000000011       0x12 uzeboxVideoEngine.o
 .comment       0x0000000000000011       0x12 TankFu.o
 .comment       0x0000000000000011       0x12 /usr/local/lib/gcc/avr/4.9.2/../../../../avr/lib/avr5/libc.a(sprintf.o)
 .comment       0x0000000000000011       0x12 /usr/local/lib/gcc/avr/4.9.2/../../../../avr/lib/avr5/libc.a(vfprintf_std.o)
 .comment       0x0000000000000011       0x12 /usr/local/lib/gcc/avr/4.9.2/../../../../avr/lib/avr5/libc.a(fputc.o)

.note.gnu.build-id
 *(.note.gnu.build-id)

.debug
 *(.debug)

.line
 *(.line)

.debug_srcinfo
 *(.debug_srcinfo)

.debug_sfnames
 *(.debug_sfnames)

.debug_aranges  0x0000000000000000      0x7e8
 *(.debug_aranges)
 .debug_aranges
                0x0000000000000000       0xf8 uzeboxVideoEngineCore.o
 .debug_aranges
                0x00000000000000f8       0xd8 uzeboxCore.o
 .debug_aranges
                0x00000000000001d0      0x100 uzeboxSoundEngine.o
 .debug_aranges
                0x00000000000002d0       0x50 uzeboxSoundEngineCore.o
 .debug_aranges
                0x0000000000000320       0xf8 uzeboxVideoEngine.o
 .debug_aranges
                0x0000000000000418      0x3d0 TankFu.o

.debug_pubnames
 *(.debug_pubnames)

.debug_info     0x0000000000000000     0xbb1d
 *(.debug_info .gnu.linkonce.wi.*)
 .debug_info    0x0000000000000000      0x672 /usr/local/lib/gcc/avr/4.9.2/../../../../avr/lib/avr5/crtm644.o
 .debug_info    0x0000000000000672       0x7d uzeboxVideoEngineCore.o
 .debug_info    0x00000000000006ef      0xcd2 uzeboxCore.o
 .debug_info    0x00000000000013c1     0x1216 uzeboxSoundEngine.o
 .debug_info    0x00000000000025d7       0x74 uzeboxSoundEngineCore.o
 .debug_info    0x000000000000264b     0x1214 uzeboxVideoEngine.o
 .debug_info    0x000000000000385f     0x82be TankFu.o

.debug_abbrev   0x0000000000000000     0x1705
 *(.debug_abbrev)
 .debug_abbrev  0x0000000000000000      0x619 /usr/local/lib/gcc/avr/4.9.2/../../../../avr/lib/avr5/crtm644.o
 .debug_abbrev  0x0000000000000619       0x12 uzeboxVideoEngineCore.o
 .debug_abbrev  0x000000000000062b      0x36c uzeboxCore.o
 .debug_abbrev  0x0000000000000997      0x35c uzeboxSoundEngine.o
 .debug_abbrev  0x0000000000000cf3       0x12 uzeboxSoundEngineCore.o
 .debug_abbrev  0x0000000000000d05      0x39a uzeboxVideoEngine.o
 .debug_abbrev  0x000000000000109f      0x666 TankFu.o

.debug_line     0x0000000000000000     0x2779
 *(.debug_line .debug_line.* .debug_line_end)
 .debug_line    0x0000000000000000       0x1d /usr/local/lib/gcc/avr/4.9.2/../../../../avr/lib/avr5/crtm644.o
 .debug_line    0x000000000000001d      0x50b uzeboxVideoEngineCore.o
 .debug_line    0x0000000000000528      0x369 uzeboxCore.o
 .debug_line    0x0000000000000891      0x3e2 uzeboxSoundEngine.o
 .debug_line    0x0000000000000c73      0x1ae uzeboxSoundEngineCore.o
 .debug_line    0x0000000000000e21      0x45c uzeboxVideoEngine.o
 .debug_line    0x000000000000127d     0x14fc TankFu.o

.debug_frame    0x0000000000000000     0x19c4
 *(.debug_frame)
 .debug_frame   0x0000000000000000      0x25c uzeboxCore.o
 .debug_frame   0x000000000000025c      0x284 uzeboxSoundEngine.o
 .debug_frame   0x00000000000004e0      0x47c uzeboxVideoEngine.o
 .debug_frame   0x000000000000095c     0x1068 TankFu.o

.debug_str      0x0000000000000000     0x234a
 *(.debug_str)
 .debug_str     0x0000000000000000      0x231 /usr/local/lib/gcc/avr/4.9.2/../../../../avr/lib/avr5/crtm644.o
 .debug_str     0x0000000000000231      0x59e uzeboxCore.o
                                        0x60d (size before relaxing)
 .debug_str     0x00000000000007cf      0x40a uzeboxSoundEngine.o
                                        0x646 (size before relaxing)
 .debug_str     0x0000000000000bd9      0x2e4 uzeboxVideoEngine.o
                                        0x46f (size before relaxing)
 .debug_str     0x0000000000000ebd     0x148d TankFu.o
                                       0x192c (size before relaxing)

.debug_loc      0x0000000000000000     0xa458
 *(.debug_loc)
 .debug_loc     0x0000000000000000      0xa8e uzeboxCore.o
 .debug_loc     0x0000000000000a8e     0x1063 uzeboxSoundEngine.o
 .debug_loc     0x0000000000001af1     0x1b2c uzeboxVideoEngine.o
 .debug_loc     0x000000000000361d     0x6e3b TankFu.o

.debug_macinfo
 *(.debug_macinfo)

.debug_weaknames
 *(.debug_weaknames)

.debug_funcnames
 *(.debug_funcnames)

.debug_typenames
 *(.debug_typenames)

.debug_varnames
 *(.debug_varnames)

.debug_pubtypes
 *(.debug_pubtypes)

.debug_ranges   0x0000000000000000      0x908
 *(.debug_ranges)
 .debug_ranges  0x0000000000000000       0xf0 uzeboxVideoEngineCore.o
 .debug_ranges  0x00000000000000f0       0xe0 uzeboxCore.o
 .debug_ranges  0x00000000000001d0      0x138 uzeboxSoundEngine.o
 .debug_ranges  0x0000000000000308       0x48 uzeboxSoundEngineCore.o
 .debug_ranges  0x0000000000000350      0x100 uzeboxVideoEngine.o
 .debug_ranges  0x0000000000000450      0x4b8 TankFu.o

.debug_macro
 *(.debug_macro)
OUTPUT(TankFu.elf elf32-avr)
LOAD linker stubs
