Archive member included to satisfy reference by file (symbol)

/usr/local/lib/gcc/avr/4.9.2/avr5/libgcc.a(_udivmodqi4.o)
                              uzeboxVideoEngine.o (__udivmodqi4)
/usr/local/lib/gcc/avr/4.9.2/avr5/libgcc.a(_udivmodhi4.o)
                              uzeboxVideoEngine.o (__udivmodhi4)
/usr/local/lib/gcc/avr/4.9.2/avr5/libgcc.a(_divmodhi4.o)
                              uzeboxSoundEngine.o (__divmodhi4)
/usr/local/lib/gcc/avr/4.9.2/avr5/libgcc.a(_udivmodsi4.o)
                              uzeboxVideoEngine.o (__udivmodsi4)
/usr/local/lib/gcc/avr/4.9.2/avr5/libgcc.a(_exit.o)
                              /usr/local/lib/gcc/avr/4.9.2/../../../../avr/lib/avr5/crtm644.o (exit)
/usr/local/lib/gcc/avr/4.9.2/avr5/libgcc.a(_copy_data.o)
                              uzeboxVideoEngine.o (__do_copy_data)
/usr/local/lib/gcc/avr/4.9.2/avr5/libgcc.a(_clear_bss.o)
                              uzeboxCore.o (__do_clear_bss)
/usr/local/lib/gcc/avr/4.9.2/../../../../avr/lib/avr5/libm.a(addsf3.o)
                              TankFu.o (__subsf3)
/usr/local/lib/gcc/avr/4.9.2/../../../../avr/lib/avr5/libm.a(addsf3x.o)
                              /usr/local/lib/gcc/avr/4.9.2/../../../../avr/lib/avr5/libm.a(addsf3.o) (__addsf3x)
/usr/local/lib/gcc/avr/4.9.2/../../../../avr/lib/avr5/libm.a(cmpsf2.o)
                              TankFu.o (__eqsf2)
/usr/local/lib/gcc/avr/4.9.2/../../../../avr/lib/avr5/libm.a(divsf3.o)
                              TankFu.o (__divsf3)
/usr/local/lib/gcc/avr/4.9.2/../../../../avr/lib/avr5/libm.a(divsf3x.o)
                              /usr/local/lib/gcc/avr/4.9.2/../../../../avr/lib/avr5/libm.a(divsf3.o) (__divsf3x)
/usr/local/lib/gcc/avr/4.9.2/../../../../avr/lib/avr5/libm.a(fixsfsi.o)
                              TankFu.o (__fixsfsi)
/usr/local/lib/gcc/avr/4.9.2/../../../../avr/lib/avr5/libm.a(fixunssfsi.o)
                              TankFu.o (__fixunssfsi)
/usr/local/lib/gcc/avr/4.9.2/../../../../avr/lib/avr5/libm.a(floatsisf.o)
                              TankFu.o (__floatunsisf)
/usr/local/lib/gcc/avr/4.9.2/../../../../avr/lib/avr5/libm.a(fp_cmp.o)
                              /usr/local/lib/gcc/avr/4.9.2/../../../../avr/lib/avr5/libm.a(cmpsf2.o) (__fp_cmp)
/usr/local/lib/gcc/avr/4.9.2/../../../../avr/lib/avr5/libm.a(fp_inf.o)
                              /usr/local/lib/gcc/avr/4.9.2/../../../../avr/lib/avr5/libm.a(addsf3x.o) (__fp_inf)
/usr/local/lib/gcc/avr/4.9.2/../../../../avr/lib/avr5/libm.a(fp_nan.o)
                              /usr/local/lib/gcc/avr/4.9.2/../../../../avr/lib/avr5/libm.a(addsf3x.o) (__fp_nan)
/usr/local/lib/gcc/avr/4.9.2/../../../../avr/lib/avr5/libm.a(fp_pscA.o)
                              /usr/local/lib/gcc/avr/4.9.2/../../../../avr/lib/avr5/libm.a(addsf3x.o) (__fp_pscA)
/usr/local/lib/gcc/avr/4.9.2/../../../../avr/lib/avr5/libm.a(fp_pscB.o)
                              /usr/local/lib/gcc/avr/4.9.2/../../../../avr/lib/avr5/libm.a(addsf3x.o) (__fp_pscB)
/usr/local/lib/gcc/avr/4.9.2/../../../../avr/lib/avr5/libm.a(fp_round.o)
                              /usr/local/lib/gcc/avr/4.9.2/../../../../avr/lib/avr5/libm.a(addsf3.o) (__fp_round)
/usr/local/lib/gcc/avr/4.9.2/../../../../avr/lib/avr5/libm.a(fp_split3.o)
                              /usr/local/lib/gcc/avr/4.9.2/../../../../avr/lib/avr5/libm.a(addsf3x.o) (__fp_split3)
/usr/local/lib/gcc/avr/4.9.2/../../../../avr/lib/avr5/libm.a(fp_zero.o)
                              /usr/local/lib/gcc/avr/4.9.2/../../../../avr/lib/avr5/libm.a(addsf3x.o) (__fp_zero)
/usr/local/lib/gcc/avr/4.9.2/../../../../avr/lib/avr5/libm.a(gesf2.o)
                              TankFu.o (__gtsf2)
/usr/local/lib/gcc/avr/4.9.2/../../../../avr/lib/avr5/libm.a(mulsf3.o)
                              TankFu.o (__mulsf3)
/usr/local/lib/gcc/avr/4.9.2/../../../../avr/lib/avr5/libm.a(mulsf3x.o)
                              /usr/local/lib/gcc/avr/4.9.2/../../../../avr/lib/avr5/libm.a(mulsf3.o) (__mulsf3x)
/usr/local/lib/gcc/avr/4.9.2/../../../../avr/lib/avr5/libc.a(memcpy_P.o)
                              TankFu.o (memcpy_P)

Allocating common symbols
Common symbol       size              file

songStart           0x2               uzeboxSoundEngine.o
tracks              0x6e              uzeboxSoundEngine.o
scores              0x20              TankFu.o
fadeSpeed           0x1               uzeboxVideoEngine.o
p2                  0x7               TankFu.o
currDeltaTime       0x2               uzeboxSoundEngine.o
fadeDir             0x1               uzeboxVideoEngine.o
patchPointers       0x2               uzeboxSoundEngine.o
handles             0x20              TankFu.o
game                0xc               TankFu.o
tile_animations     0x1d              TankFu.o
lastStatus          0x1               uzeboxSoundEngine.o
joypadsConnectionStatus
                    0x1               uzeboxCore.o
free_tile_index     0x1               uzeboxVideoEngine.o
player1             0x78              TankFu.o
fadeActive          0x1               uzeboxVideoEngine.o
p1                  0x7               TankFu.o
masterVolume        0x1               uzeboxSoundEngine.o
nextDeltaTime       0x2               uzeboxSoundEngine.o
songSpeed           0x1               uzeboxSoundEngine.o
songPos             0x2               uzeboxSoundEngine.o
level               0x2ef             TankFu.o
player2             0x78              TankFu.o
loopStart           0x2               uzeboxSoundEngine.o
sub_animation       0xe               TankFu.o
scope_animation     0xe               TankFu.o
step                0x1               uzeboxSoundEngine.o
currFadeFrame       0x1               uzeboxVideoEngine.o
fadeStep            0x1               uzeboxVideoEngine.o
turret2             0x34              TankFu.o
turret1             0x34              TankFu.o

Discarded input sections

 .data          0x0000000000000000        0x0 /usr/local/lib/gcc/avr/4.9.2/../../../../avr/lib/avr5/crtm644.o
 .bss           0x0000000000000000        0x0 /usr/local/lib/gcc/avr/4.9.2/../../../../avr/lib/avr5/crtm644.o
 .data          0x0000000000000000        0x0 uzeboxVideoEngineCore.o
 .text.SetSpritesTileBank
                0x0000000000000000       0x12 uzeboxVideoEngineCore.o
 .text.GetTile  0x0000000000000000       0x1e uzeboxVideoEngineCore.o
 .text.SetUserPreVsyncCallback
                0x0000000000000000        0xa uzeboxVideoEngineCore.o
 .text.SetUserPostVsyncCallback
                0x0000000000000000        0xa uzeboxVideoEngineCore.o
 .text.IsRunningInEmulator
                0x0000000000000000       0x12 uzeboxVideoEngineCore.o
 .text.WaitClocks
                0x0000000000000000        0x6 uzeboxVideoEngineCore.o
 .text.SetLedOn
                0x0000000000000000        0x4 uzeboxVideoEngineCore.o
 .text.SetLedOff
                0x0000000000000000        0x4 uzeboxVideoEngineCore.o
 .text.ToggleLed
                0x0000000000000000        0x4 uzeboxVideoEngineCore.o
 .text.internal_spi_byte
                0x0000000000000000        0xe uzeboxVideoEngineCore.o
 .text          0x0000000000000000        0x0 uzeboxCore.o
 .data          0x0000000000000000        0x0 uzeboxCore.o
 .bss           0x0000000000000000        0x0 uzeboxCore.o
 .text.SetRenderingParameters
                0x0000000000000000        0xa uzeboxCore.o
 .text.DetectControllers
                0x0000000000000000       0x36 uzeboxCore.o
 .text.FormatEeprom2
                0x0000000000000000       0x98 uzeboxCore.o
 .text.ReadPowerSwitch
                0x0000000000000000        0xe uzeboxCore.o
 .text          0x0000000000000000        0x0 uzeboxSoundEngine.o
 .data          0x0000000000000000        0x0 uzeboxSoundEngine.o
 .text.StartSong
                0x0000000000000000       0x4e uzeboxSoundEngine.o
 .text.StopSong
                0x0000000000000000       0x1a uzeboxSoundEngine.o
 .text.ResumeSong
                0x0000000000000000        0x8 uzeboxSoundEngine.o
 .text.SetSongSpeed
                0x0000000000000000        0x6 uzeboxSoundEngine.o
 .text.GetSongSpeed
                0x0000000000000000        0x6 uzeboxSoundEngine.o
 .text.GetMasterVolume
                0x0000000000000000        0x6 uzeboxSoundEngine.o
 .data          0x0000000000000000        0x0 uzeboxSoundEngineCore.o
 .text.SetMixerNoiseParams
                0x0000000000000000       0x10 uzeboxSoundEngineCore.o
 .text.SetMixerVolume
                0x0000000000000000       0x16 uzeboxSoundEngineCore.o
 .text.EnableSoundEngine
                0x0000000000000000        0x8 uzeboxSoundEngineCore.o
 .text          0x0000000000000000        0x0 uzeboxVideoEngine.o
 .bss           0x0000000000000000        0x0 uzeboxVideoEngine.o
 .text.MapSprite
                0x0000000000000000       0x80 uzeboxVideoEngine.o
 .text.DrawMap  0x0000000000000000       0x98 uzeboxVideoEngine.o
 .text.PrintLong
                0x0000000000000000       0x8a uzeboxVideoEngine.o
 .text.PrintInt
                0x0000000000000000       0x70 uzeboxVideoEngine.o
 .text.PrintBinaryByte
                0x0000000000000000       0x36 uzeboxVideoEngine.o
 .text.PrintHexByte
                0x0000000000000000       0x40 uzeboxVideoEngine.o
 .text.PrintHexInt
                0x0000000000000000       0x24 uzeboxVideoEngine.o
 .text.PrintHexLong
                0x0000000000000000       0x5e uzeboxVideoEngine.o
 .text.PrintRam
                0x0000000000000000       0x36 uzeboxVideoEngine.o
 .text.Fill     0x0000000000000000       0x6e uzeboxVideoEngine.o
 .text.FontFill
                0x0000000000000000       0x6c uzeboxVideoEngine.o
 .text          0x0000000000000000        0x0 TankFu.o
 .text.save_eeprom
                0x0000000000000000        0x4 TankFu.o
 .text.render_boss_fight_sinking
                0x0000000000000000        0x2 TankFu.o
 .text.render_boss_turrets
                0x0000000000000000        0x2 TankFu.o
 .text.update_boss_fight
                0x0000000000000000        0x2 TankFu.o
 .text          0x0000000000000000        0x0 /usr/local/lib/gcc/avr/4.9.2/avr5/libgcc.a(_udivmodqi4.o)
 .data          0x0000000000000000        0x0 /usr/local/lib/gcc/avr/4.9.2/avr5/libgcc.a(_udivmodqi4.o)
 .bss           0x0000000000000000        0x0 /usr/local/lib/gcc/avr/4.9.2/avr5/libgcc.a(_udivmodqi4.o)
 .text.libgcc.mul
                0x0000000000000000        0x0 /usr/local/lib/gcc/avr/4.9.2/avr5/libgcc.a(_udivmodqi4.o)
 .text.libgcc   0x0000000000000000        0x0 /usr/local/lib/gcc/avr/4.9.2/avr5/libgcc.a(_udivmodqi4.o)
 .text.libgcc.prologue
                0x0000000000000000        0x0 /usr/local/lib/gcc/avr/4.9.2/avr5/libgcc.a(_udivmodqi4.o)
 .text.libgcc.builtins
                0x0000000000000000        0x0 /usr/local/lib/gcc/avr/4.9.2/avr5/libgcc.a(_udivmodqi4.o)
 .text.libgcc.fmul
                0x0000000000000000        0x0 /usr/local/lib/gcc/avr/4.9.2/avr5/libgcc.a(_udivmodqi4.o)
 .text.libgcc.fixed
                0x0000000000000000        0x0 /usr/local/lib/gcc/avr/4.9.2/avr5/libgcc.a(_udivmodqi4.o)
 .text          0x0000000000000000        0x0 /usr/local/lib/gcc/avr/4.9.2/avr5/libgcc.a(_udivmodhi4.o)
 .data          0x0000000000000000        0x0 /usr/local/lib/gcc/avr/4.9.2/avr5/libgcc.a(_udivmodhi4.o)
 .bss           0x0000000000000000        0x0 /usr/local/lib/gcc/avr/4.9.2/avr5/libgcc.a(_udivmodhi4.o)
 .text.libgcc.mul
                0x0000000000000000        0x0 /usr/local/lib/gcc/avr/4.9.2/avr5/libgcc.a(_udivmodhi4.o)
 .text.libgcc   0x0000000000000000        0x0 /usr/local/lib/gcc/avr/4.9.2/avr5/libgcc.a(_udivmodhi4.o)
 .text.libgcc.prologue
                0x0000000000000000        0x0 /usr/local/lib/gcc/avr/4.9.2/avr5/libgcc.a(_udivmodhi4.o)
 .text.libgcc.builtins
                0x0000000000000000        0x0 /usr/local/lib/gcc/avr/4.9.2/avr5/libgcc.a(_udivmodhi4.o)
 .text.libgcc.fmul
                0x0000000000000000        0x0 /usr/local/lib/gcc/avr/4.9.2/avr5/libgcc.a(_udivmodhi4.o)
 .text.libgcc.fixed
                0x0000000000000000        0x0 /usr/local/lib/gcc/avr/4.9.2/avr5/libgcc.a(_udivmodhi4.o)
 .text          0x0000000000000000        0x0 /usr/local/lib/gcc/avr/4.9.2/avr5/libgcc.a(_divmodhi4.o)
 .data          0x0000000000000000        0x0 /usr/local/lib/gcc/avr/4.9.2/avr5/libgcc.a(_divmodhi4.o)
 .bss           0x0000000000000000        0x0 /usr/local/lib/gcc/avr/4.9.2/avr5/libgcc.a(_divmodhi4.o)
 .text.libgcc.mul
                0x0000000000000000        0x0 /usr/local/lib/gcc/avr/4.9.2/avr5/libgcc.a(_divmodhi4.o)
 .text.libgcc   0x0000000000000000        0x0 /usr/local/lib/gcc/avr/4.9.2/avr5/libgcc.a(_divmodhi4.o)
 .text.libgcc.prologue
                0x0000000000000000        0x0 /usr/local/lib/gcc/avr/4.9.2/avr5/libgcc.a(_divmodhi4.o)
 .text.libgcc.builtins
                0x0000000000000000        0x0 /usr/local/lib/gcc/avr/4.9.2/avr5/libgcc.a(_divmodhi4.o)
 .text.libgcc.fmul
                0x0000000000000000        0x0 /usr/local/lib/gcc/avr/4.9.2/avr5/libgcc.a(_divmodhi4.o)
 .text.libgcc.fixed
                0x0000000000000000        0x0 /usr/local/lib/gcc/avr/4.9.2/avr5/libgcc.a(_divmodhi4.o)
 .text          0x0000000000000000        0x0 /usr/local/lib/gcc/avr/4.9.2/avr5/libgcc.a(_udivmodsi4.o)
 .data          0x0000000000000000        0x0 /usr/local/lib/gcc/avr/4.9.2/avr5/libgcc.a(_udivmodsi4.o)
 .bss           0x0000000000000000        0x0 /usr/local/lib/gcc/avr/4.9.2/avr5/libgcc.a(_udivmodsi4.o)
 .stab          0x0000000000000000      0x228 /usr/local/lib/gcc/avr/4.9.2/avr5/libgcc.a(_udivmodsi4.o)
                                        0x234 (size before relaxing)
 .text.libgcc.mul
                0x0000000000000000        0x0 /usr/local/lib/gcc/avr/4.9.2/avr5/libgcc.a(_udivmodsi4.o)
 .text.libgcc.div
                0x0000000000000000       0x44 /usr/local/lib/gcc/avr/4.9.2/avr5/libgcc.a(_udivmodsi4.o)
 .text.libgcc   0x0000000000000000        0x0 /usr/local/lib/gcc/avr/4.9.2/avr5/libgcc.a(_udivmodsi4.o)
 .text.libgcc.prologue
                0x0000000000000000        0x0 /usr/local/lib/gcc/avr/4.9.2/avr5/libgcc.a(_udivmodsi4.o)
 .text.libgcc.builtins
                0x0000000000000000        0x0 /usr/local/lib/gcc/avr/4.9.2/avr5/libgcc.a(_udivmodsi4.o)
 .text.libgcc.fmul
                0x0000000000000000        0x0 /usr/local/lib/gcc/avr/4.9.2/avr5/libgcc.a(_udivmodsi4.o)
 .text.libgcc.fixed
                0x0000000000000000        0x0 /usr/local/lib/gcc/avr/4.9.2/avr5/libgcc.a(_udivmodsi4.o)
 .text          0x0000000000000000        0x0 /usr/local/lib/gcc/avr/4.9.2/avr5/libgcc.a(_exit.o)
 .data          0x0000000000000000        0x0 /usr/local/lib/gcc/avr/4.9.2/avr5/libgcc.a(_exit.o)
 .bss           0x0000000000000000        0x0 /usr/local/lib/gcc/avr/4.9.2/avr5/libgcc.a(_exit.o)
 .text.libgcc.mul
                0x0000000000000000        0x0 /usr/local/lib/gcc/avr/4.9.2/avr5/libgcc.a(_exit.o)
 .text.libgcc.div
                0x0000000000000000        0x0 /usr/local/lib/gcc/avr/4.9.2/avr5/libgcc.a(_exit.o)
 .text.libgcc   0x0000000000000000        0x0 /usr/local/lib/gcc/avr/4.9.2/avr5/libgcc.a(_exit.o)
 .text.libgcc.prologue
                0x0000000000000000        0x0 /usr/local/lib/gcc/avr/4.9.2/avr5/libgcc.a(_exit.o)
 .text.libgcc.builtins
                0x0000000000000000        0x0 /usr/local/lib/gcc/avr/4.9.2/avr5/libgcc.a(_exit.o)
 .text.libgcc.fmul
                0x0000000000000000        0x0 /usr/local/lib/gcc/avr/4.9.2/avr5/libgcc.a(_exit.o)
 .text.libgcc.fixed
                0x0000000000000000        0x0 /usr/local/lib/gcc/avr/4.9.2/avr5/libgcc.a(_exit.o)
 .text          0x0000000000000000        0x0 /usr/local/lib/gcc/avr/4.9.2/avr5/libgcc.a(_copy_data.o)
 .data          0x0000000000000000        0x0 /usr/local/lib/gcc/avr/4.9.2/avr5/libgcc.a(_copy_data.o)
 .bss           0x0000000000000000        0x0 /usr/local/lib/gcc/avr/4.9.2/avr5/libgcc.a(_copy_data.o)
 .text.libgcc.mul
                0x0000000000000000        0x0 /usr/local/lib/gcc/avr/4.9.2/avr5/libgcc.a(_copy_data.o)
 .text.libgcc.div
                0x0000000000000000        0x0 /usr/local/lib/gcc/avr/4.9.2/avr5/libgcc.a(_copy_data.o)
 .text.libgcc   0x0000000000000000        0x0 /usr/local/lib/gcc/avr/4.9.2/avr5/libgcc.a(_copy_data.o)
 .text.libgcc.prologue
                0x0000000000000000        0x0 /usr/local/lib/gcc/avr/4.9.2/avr5/libgcc.a(_copy_data.o)
 .text.libgcc.builtins
                0x0000000000000000        0x0 /usr/local/lib/gcc/avr/4.9.2/avr5/libgcc.a(_copy_data.o)
 .text.libgcc.fmul
                0x0000000000000000        0x0 /usr/local/lib/gcc/avr/4.9.2/avr5/libgcc.a(_copy_data.o)
 .text.libgcc.fixed
                0x0000000000000000        0x0 /usr/local/lib/gcc/avr/4.9.2/avr5/libgcc.a(_copy_data.o)
 .text          0x0000000000000000        0x0 /usr/local/lib/gcc/avr/4.9.2/avr5/libgcc.a(_clear_bss.o)
 .data          0x0000000000000000        0x0 /usr/local/lib/gcc/avr/4.9.2/avr5/libgcc.a(_clear_bss.o)
 .bss           0x0000000000000000        0x0 /usr/local/lib/gcc/avr/4.9.2/avr5/libgcc.a(_clear_bss.o)
 .text.libgcc.mul
                0x0000000000000000        0x0 /usr/local/lib/gcc/avr/4.9.2/avr5/libgcc.a(_clear_bss.o)
 .text.libgcc.div
                0x0000000000000000        0x0 /usr/local/lib/gcc/avr/4.9.2/avr5/libgcc.a(_clear_bss.o)
 .text.libgcc   0x0000000000000000        0x0 /usr/local/lib/gcc/avr/4.9.2/avr5/libgcc.a(_clear_bss.o)
 .text.libgcc.prologue
                0x0000000000000000        0x0 /usr/local/lib/gcc/avr/4.9.2/avr5/libgcc.a(_clear_bss.o)
 .text.libgcc.builtins
                0x0000000000000000        0x0 /usr/local/lib/gcc/avr/4.9.2/avr5/libgcc.a(_clear_bss.o)
 .text.libgcc.fmul
                0x0000000000000000        0x0 /usr/local/lib/gcc/avr/4.9.2/avr5/libgcc.a(_clear_bss.o)
 .text.libgcc.fixed
                0x0000000000000000        0x0 /usr/local/lib/gcc/avr/4.9.2/avr5/libgcc.a(_clear_bss.o)
 .text          0x0000000000000000        0x0 /usr/local/lib/gcc/avr/4.9.2/../../../../avr/lib/avr5/libm.a(addsf3.o)
 .data          0x0000000000000000        0x0 /usr/local/lib/gcc/avr/4.9.2/../../../../avr/lib/avr5/libm.a(addsf3.o)
 .bss           0x0000000000000000        0x0 /usr/local/lib/gcc/avr/4.9.2/../../../../avr/lib/avr5/libm.a(addsf3.o)
 .text          0x0000000000000000        0x0 /usr/local/lib/gcc/avr/4.9.2/../../../../avr/lib/avr5/libm.a(addsf3x.o)
 .data          0x0000000000000000        0x0 /usr/local/lib/gcc/avr/4.9.2/../../../../avr/lib/avr5/libm.a(addsf3x.o)
 .bss           0x0000000000000000        0x0 /usr/local/lib/gcc/avr/4.9.2/../../../../avr/lib/avr5/libm.a(addsf3x.o)
 .text          0x0000000000000000        0x0 /usr/local/lib/gcc/avr/4.9.2/../../../../avr/lib/avr5/libm.a(cmpsf2.o)
 .data          0x0000000000000000        0x0 /usr/local/lib/gcc/avr/4.9.2/../../../../avr/lib/avr5/libm.a(cmpsf2.o)
 .bss           0x0000000000000000        0x0 /usr/local/lib/gcc/avr/4.9.2/../../../../avr/lib/avr5/libm.a(cmpsf2.o)
 .text          0x0000000000000000        0x0 /usr/local/lib/gcc/avr/4.9.2/../../../../avr/lib/avr5/libm.a(divsf3.o)
 .data          0x0000000000000000        0x0 /usr/local/lib/gcc/avr/4.9.2/../../../../avr/lib/avr5/libm.a(divsf3.o)
 .bss           0x0000000000000000        0x0 /usr/local/lib/gcc/avr/4.9.2/../../../../avr/lib/avr5/libm.a(divsf3.o)
 .text          0x0000000000000000        0x0 /usr/local/lib/gcc/avr/4.9.2/../../../../avr/lib/avr5/libm.a(divsf3x.o)
 .data          0x0000000000000000        0x0 /usr/local/lib/gcc/avr/4.9.2/../../../../avr/lib/avr5/libm.a(divsf3x.o)
 .bss           0x0000000000000000        0x0 /usr/local/lib/gcc/avr/4.9.2/../../../../avr/lib/avr5/libm.a(divsf3x.o)
 .text          0x0000000000000000        0x0 /usr/local/lib/gcc/avr/4.9.2/../../../../avr/lib/avr5/libm.a(fixsfsi.o)
 .data          0x0000000000000000        0x0 /usr/local/lib/gcc/avr/4.9.2/../../../../avr/lib/avr5/libm.a(fixsfsi.o)
 .bss           0x0000000000000000        0x0 /usr/local/lib/gcc/avr/4.9.2/../../../../avr/lib/avr5/libm.a(fixsfsi.o)
 .text          0x0000000000000000        0x0 /usr/local/lib/gcc/avr/4.9.2/../../../../avr/lib/avr5/libm.a(fixunssfsi.o)
 .data          0x0000000000000000        0x0 /usr/local/lib/gcc/avr/4.9.2/../../../../avr/lib/avr5/libm.a(fixunssfsi.o)
 .bss           0x0000000000000000        0x0 /usr/local/lib/gcc/avr/4.9.2/../../../../avr/lib/avr5/libm.a(fixunssfsi.o)
 .text          0x0000000000000000        0x0 /usr/local/lib/gcc/avr/4.9.2/../../../../avr/lib/avr5/libm.a(floatsisf.o)
 .data          0x0000000000000000        0x0 /usr/local/lib/gcc/avr/4.9.2/../../../../avr/lib/avr5/libm.a(floatsisf.o)
 .bss           0x0000000000000000        0x0 /usr/local/lib/gcc/avr/4.9.2/../../../../avr/lib/avr5/libm.a(floatsisf.o)
 .text          0x0000000000000000        0x0 /usr/local/lib/gcc/avr/4.9.2/../../../../avr/lib/avr5/libm.a(fp_cmp.o)
 .data          0x0000000000000000        0x0 /usr/local/lib/gcc/avr/4.9.2/../../../../avr/lib/avr5/libm.a(fp_cmp.o)
 .bss           0x0000000000000000        0x0 /usr/local/lib/gcc/avr/4.9.2/../../../../avr/lib/avr5/libm.a(fp_cmp.o)
 .text          0x0000000000000000        0x0 /usr/local/lib/gcc/avr/4.9.2/../../../../avr/lib/avr5/libm.a(fp_inf.o)
 .data          0x0000000000000000        0x0 /usr/local/lib/gcc/avr/4.9.2/../../../../avr/lib/avr5/libm.a(fp_inf.o)
 .bss           0x0000000000000000        0x0 /usr/local/lib/gcc/avr/4.9.2/../../../../avr/lib/avr5/libm.a(fp_inf.o)
 .text          0x0000000000000000        0x0 /usr/local/lib/gcc/avr/4.9.2/../../../../avr/lib/avr5/libm.a(fp_nan.o)
 .data          0x0000000000000000        0x0 /usr/local/lib/gcc/avr/4.9.2/../../../../avr/lib/avr5/libm.a(fp_nan.o)
 .bss           0x0000000000000000        0x0 /usr/local/lib/gcc/avr/4.9.2/../../../../avr/lib/avr5/libm.a(fp_nan.o)
 .text          0x0000000000000000        0x0 /usr/local/lib/gcc/avr/4.9.2/../../../../avr/lib/avr5/libm.a(fp_pscA.o)
 .data          0x0000000000000000        0x0 /usr/local/lib/gcc/avr/4.9.2/../../../../avr/lib/avr5/libm.a(fp_pscA.o)
 .bss           0x0000000000000000        0x0 /usr/local/lib/gcc/avr/4.9.2/../../../../avr/lib/avr5/libm.a(fp_pscA.o)
 .text          0x0000000000000000        0x0 /usr/local/lib/gcc/avr/4.9.2/../../../../avr/lib/avr5/libm.a(fp_pscB.o)
 .data          0x0000000000000000        0x0 /usr/local/lib/gcc/avr/4.9.2/../../../../avr/lib/avr5/libm.a(fp_pscB.o)
 .bss           0x0000000000000000        0x0 /usr/local/lib/gcc/avr/4.9.2/../../../../avr/lib/avr5/libm.a(fp_pscB.o)
 .text          0x0000000000000000        0x0 /usr/local/lib/gcc/avr/4.9.2/../../../../avr/lib/avr5/libm.a(fp_round.o)
 .data          0x0000000000000000        0x0 /usr/local/lib/gcc/avr/4.9.2/../../../../avr/lib/avr5/libm.a(fp_round.o)
 .bss           0x0000000000000000        0x0 /usr/local/lib/gcc/avr/4.9.2/../../../../avr/lib/avr5/libm.a(fp_round.o)
 .text          0x0000000000000000        0x0 /usr/local/lib/gcc/avr/4.9.2/../../../../avr/lib/avr5/libm.a(fp_split3.o)
 .data          0x0000000000000000        0x0 /usr/local/lib/gcc/avr/4.9.2/../../../../avr/lib/avr5/libm.a(fp_split3.o)
 .bss           0x0000000000000000        0x0 /usr/local/lib/gcc/avr/4.9.2/../../../../avr/lib/avr5/libm.a(fp_split3.o)
 .text          0x0000000000000000        0x0 /usr/local/lib/gcc/avr/4.9.2/../../../../avr/lib/avr5/libm.a(fp_zero.o)
 .data          0x0000000000000000        0x0 /usr/local/lib/gcc/avr/4.9.2/../../../../avr/lib/avr5/libm.a(fp_zero.o)
 .bss           0x0000000000000000        0x0 /usr/local/lib/gcc/avr/4.9.2/../../../../avr/lib/avr5/libm.a(fp_zero.o)
 .text          0x0000000000000000        0x0 /usr/local/lib/gcc/avr/4.9.2/../../../../avr/lib/avr5/libm.a(gesf2.o)
 .data          0x0000000000000000        0x0 /usr/local/lib/gcc/avr/4.9.2/../../../../avr/lib/avr5/libm.a(gesf2.o)
 .bss           0x0000000000000000        0x0 /usr/local/lib/gcc/avr/4.9.2/../../../../avr/lib/avr5/libm.a(gesf2.o)
 .text          0x0000000000000000        0x0 /usr/local/lib/gcc/avr/4.9.2/../../../../avr/lib/avr5/libm.a(mulsf3.o)
 .data          0x0000000000000000        0x0 /usr/local/lib/gcc/avr/4.9.2/../../../../avr/lib/avr5/libm.a(mulsf3.o)
 .bss           0x0000000000000000        0x0 /usr/local/lib/gcc/avr/4.9.2/../../../../avr/lib/avr5/libm.a(mulsf3.o)
 .text          0x0000000000000000        0x0 /usr/local/lib/gcc/avr/4.9.2/../../../../avr/lib/avr5/libm.a(mulsf3x.o)
 .data          0x0000000000000000        0x0 /usr/local/lib/gcc/avr/4.9.2/../../../../avr/lib/avr5/libm.a(mulsf3x.o)
 .bss           0x0000000000000000        0x0 /usr/local/lib/gcc/avr/4.9.2/../../../../avr/lib/avr5/libm.a(mulsf3x.o)
 .text          0x0000000000000000        0x0 /usr/local/lib/gcc/avr/4.9.2/../../../../avr/lib/avr5/libc.a(memcpy_P.o)
 .data          0x0000000000000000        0x0 /usr/local/lib/gcc/avr/4.9.2/../../../../avr/lib/avr5/libc.a(memcpy_P.o)
 .bss           0x0000000000000000        0x0 /usr/local/lib/gcc/avr/4.9.2/../../../../avr/lib/avr5/libc.a(memcpy_P.o)

Memory Configuration

Name             Origin             Length             Attributes
text             0x0000000000000000 0x0000000000020000 xr
data             0x0000000000800060 0x000000000000ffa0 rw !x
eeprom           0x0000000000810000 0x0000000000010000 rw !x
fuse             0x0000000000820000 0x0000000000000400 rw !x
lock             0x0000000000830000 0x0000000000000400 rw !x
signature        0x0000000000840000 0x0000000000000400 rw !x
*default*        0x0000000000000000 0xffffffffffffffff

Linker script and memory map

Address of section .data set to 0x800100
LOAD /usr/local/lib/gcc/avr/4.9.2/../../../../avr/lib/avr5/crtm644.o
LOAD uzeboxVideoEngineCore.o
LOAD uzeboxCore.o
LOAD uzeboxSoundEngine.o
LOAD uzeboxSoundEngineCore.o
LOAD uzeboxVideoEngine.o
LOAD TankFu.o
START GROUP
LOAD /usr/local/lib/gcc/avr/4.9.2/avr5/libgcc.a
LOAD /usr/local/lib/gcc/avr/4.9.2/../../../../avr/lib/avr5/libm.a
LOAD /usr/local/lib/gcc/avr/4.9.2/../../../../avr/lib/avr5/libc.a
END GROUP

.hash
 *(.hash)

.dynsym
 *(.dynsym)

.dynstr
 *(.dynstr)

.gnu.version
 *(.gnu.version)

.gnu.version_d
 *(.gnu.version_d)

.gnu.version_r
 *(.gnu.version_r)

.rel.init
 *(.rel.init)

.rela.init
 *(.rela.init)

.rel.text
 *(.rel.text)
 *(.rel.text.*)
 *(.rel.gnu.linkonce.t*)

.rela.text
 *(.rela.text)
 *(.rela.text.*)
 *(.rela.gnu.linkonce.t*)

.rel.fini
 *(.rel.fini)

.rela.fini
 *(.rela.fini)

.rel.rodata
 *(.rel.rodata)
 *(.rel.rodata.*)
 *(.rel.gnu.linkonce.r*)

.rela.rodata
 *(.rela.rodata)
 *(.rela.rodata.*)
 *(.rela.gnu.linkonce.r*)

.rel.data
 *(.rel.data)
 *(.rel.data.*)
 *(.rel.gnu.linkonce.d*)

.rela.data
 *(.rela.data)
 *(.rela.data.*)
 *(.rela.gnu.linkonce.d*)

.rel.ctors
 *(.rel.ctors)

.rela.ctors
 *(.rela.ctors)

.rel.dtors
 *(.rel.dtors)

.rela.dtors
 *(.rela.dtors)

.rel.got
 *(.rel.got)

.rela.got
 *(.rela.got)

.rel.bss
 *(.rel.bss)

.rela.bss
 *(.rela.bss)

.rel.plt
 *(.rel.plt)

.rela.plt
 *(.rela.plt)

.text           0x0000000000000000     0xe58a
 *(.vectors)
 .vectors       0x0000000000000000       0x70 /usr/local/lib/gcc/avr/4.9.2/../../../../avr/lib/avr5/crtm644.o
                0x0000000000000000                __vectors
                0x0000000000000000                __vector_default
 *(.vectors)
 *(.progmem.gcc*)
                0x0000000000000070                . = ALIGN (0x2)
                0x0000000000000070                __trampolines_start = .
 *(.trampolines)
 .trampolines   0x0000000000000070        0x0 linker stubs
 *(.trampolines*)
                0x0000000000000070                __trampolines_end = .
 *(.progmem*)
 .progmem.data  0x0000000000000070       0x4e uzeboxCore.o
                0x0000000000000070                io_table
                0x000000000000009e                eeprom_format_table
 .progmem.data  0x00000000000000be       0x1a uzeboxSoundEngine.o
                0x00000000000000be                patchCommands
 .progmem.data  0x00000000000000d8      0x853 uzeboxVideoEngine.o
                0x00000000000000d8                fader
                0x00000000000000e4                map_uzeboxlogo2
                0x00000000000000f5                map_uzeboxlogo
                0x000000000000010b                logo_tileset
                0x000000000000090b                logoInitPatches
                0x0000000000000914                initPatch
 .progmem.data  0x000000000000092b     0x7aae TankFu.o
                0x000000000000092b                default_scores
                0x0000000000000949                default_handles
                0x0000000000000967                strLevels
                0x0000000000000a07                strPaused
                0x0000000000000a0e                strExit
                0x0000000000000a17                strTotal
                0x0000000000000a1e                strScore
                0x0000000000000a25                strBanterClear
                0x0000000000000a34                banter_map
                0x0000000000000aca                strFinalScore
                0x0000000000000ad6                strBy
                0x0000000000000ad9                strOwns
                0x0000000000000ade                strChangeHandle
                0x0000000000000aed                strReset
                0x0000000000000b06                strCancelHandle
                0x0000000000000b11                strConfirmHandle
                0x0000000000000b1d                strSelectHandle
                0x0000000000000b28                strPlayer2
                0x0000000000000b2b                strPlayer1
                0x0000000000000b2e                strVertSep
                0x0000000000000b30                strUnderline
                0x0000000000000b3c                strHandlesTitle
                0x0000000000000b48                strHighscores
                0x0000000000000b52                str2Player
                0x0000000000000b63                str1Player
                0x0000000000000b71                strCopyright
                0x0000000000000b86                my_patches
                0x0000000000000c04                ad_alarm
                0x0000000000000d26                ad_silence
                0x0000000000000d28                ad_tracks
                0x0000000000000d2a                ad_tank_explode
                0x0000000000000d2c                ad_splash
                0x0000000000000d31                ad_rocket
                0x0000000000000d33                ad_navigate
                0x0000000000000ea5                ad_metal
                0x00000000000010c5                ad_level_start
                0x00000000000010c7                ad_level_clear
                0x00000000000010c9                ad_item
                0x000000000000127a                ad_cannonball
                0x00000000000014c1                ad_brick_explode
                0x0000000000001ba6                ad_banter
                0x00000000000022f7                level_data
                0x0000000000004043                sprites_data
                0x0000000000004983                map_sub_turret
                0x0000000000004986                map_sub_shot
                0x0000000000004989                map_up_arrow
                0x000000000000498c                map_down_arrow
                0x000000000000498f                map_right_arrow
                0x0000000000004992                map_rocket_right_1
                0x0000000000004995                map_rocket_right_0
                0x0000000000004998                map_rocket_up_1
                0x000000000000499b                map_rocket_up_0
                0x000000000000499e                map_ball
                0x00000000000049a1                map_explosion_2
                0x00000000000049a7                map_explosion_1
                0x00000000000049ad                map_explosion_0
                0x00000000000049b3                map_tank2_right_0
                0x00000000000049b9                map_tank2_up_0
                0x00000000000049bf                map_tank1_right_0
                0x00000000000049c5                map_tank1_up_0
                0x00000000000049cb                map_tank_blank
                0x00000000000049d1                map_none
                0x00000000000049d4                tiles_data
                0x0000000000008094                map_sub_emerging
                0x00000000000081ca                map_sub
                0x0000000000008300                map_scope_2
                0x0000000000008303                map_scope_1
                0x0000000000008306                map_scope_0
                0x0000000000008309                map_blue_tank
                0x000000000000830f                map_green_tank
                0x0000000000008315                map_fence
                0x0000000000008318                map_turf
                0x000000000000831b                map_water
                0x000000000000831e                map_metal_bl
                0x0000000000008321                map_metal_tr
                0x0000000000008324                map_metal_br
                0x0000000000008327                map_metal_tl
                0x000000000000832a                map_tile_exp_2
                0x000000000000832d                map_tile_exp_1
                0x0000000000008330                map_tile_exp_0
                0x0000000000008333                map_rocket_itm
                0x0000000000008336                map_explode_itm
                0x0000000000008339                map_speed_itm
                0x000000000000833c                map_metal
                0x000000000000833f                map_brick
                0x0000000000008342                map_splash
                0x0000000000008398                map_pause
                0x00000000000083d6                map_tile_none
                0x00000000000083da                . = ALIGN (0x2)
 *fill*         0x00000000000083d9        0x1 
 *(.jumptables)
 *(.jumptables*)
 *(.lowtext)
 *(.lowtext*)
                0x00000000000083da                __ctors_start = .
 *(.ctors)
                0x00000000000083da                __ctors_end = .
                0x00000000000083da                __dtors_start = .
 *(.dtors)
                0x00000000000083da                __dtors_end = .
 SORT(*)(.ctors)
 SORT(*)(.dtors)
 *(.init0)
 .init0         0x00000000000083da        0x0 /usr/local/lib/gcc/avr/4.9.2/../../../../avr/lib/avr5/crtm644.o
                0x00000000000083da                __init
 *(.init0)
 *(.init1)
 *(.init1)
 *(.init2)
 .init2         0x00000000000083da        0xc /usr/local/lib/gcc/avr/4.9.2/../../../../avr/lib/avr5/crtm644.o
 *(.init2)
 *(.init3)
 *(.init3)
 *(.init4)
 .init4         0x00000000000083e6       0x16 /usr/local/lib/gcc/avr/4.9.2/avr5/libgcc.a(_copy_data.o)
                0x00000000000083e6                __do_copy_data
 .init4         0x00000000000083fc       0x10 /usr/local/lib/gcc/avr/4.9.2/avr5/libgcc.a(_clear_bss.o)
                0x00000000000083fc                __do_clear_bss
 *(.init4)
 *(.init5)
 *(.init5)
 *(.init6)
 *(.init6)
 *(.init7)
 .init7         0x000000000000840c       0x16 uzeboxCore.o
                0x000000000000840c                wdt_init
 *(.init7)
 *(.init8)
 .init8         0x0000000000008422       0x8a uzeboxCore.o
                0x0000000000008422                Initialize
 *(.init8)
 *(.init9)
 .init9         0x00000000000084ac        0x8 /usr/local/lib/gcc/avr/4.9.2/../../../../avr/lib/avr5/crtm644.o
 *(.init9)
 *(.text)
 .text          0x00000000000084b4        0x4 /usr/local/lib/gcc/avr/4.9.2/../../../../avr/lib/avr5/crtm644.o
                0x00000000000084b4                __vector_20
                0x00000000000084b4                __vector_1
                0x00000000000084b4                __vector_24
                0x00000000000084b4                __vector_12
                0x00000000000084b4                __bad_interrupt
                0x00000000000084b4                __vector_6
                0x00000000000084b4                __vector_3
                0x00000000000084b4                __vector_23
                0x00000000000084b4                __vector_25
                0x00000000000084b4                __vector_11
                0x00000000000084b4                __vector_17
                0x00000000000084b4                __vector_19
                0x00000000000084b4                __vector_7
                0x00000000000084b4                __vector_27
                0x00000000000084b4                __vector_5
                0x00000000000084b4                __vector_4
                0x00000000000084b4                __vector_9
                0x00000000000084b4                __vector_2
                0x00000000000084b4                __vector_21
                0x00000000000084b4                __vector_15
                0x00000000000084b4                __vector_26
                0x00000000000084b4                __vector_10
                0x00000000000084b4                __vector_16
                0x00000000000084b4                __vector_18
                0x00000000000084b4                __vector_22
 .text          0x00000000000084b8      0x58a uzeboxVideoEngineCore.o
                0x000000000000865e                CopyTileToRam
                0x0000000000008780                BlitSprite
                0x0000000000008860                __vector_13
                0x00000000000088e0                __vector_14
 .text          0x0000000000008a42      0x180 uzeboxSoundEngineCore.o
                0x0000000000008a42                process_music
                0x0000000000008a4e                update_sound
                0x0000000000008bc2                . = ALIGN (0x2)
 *(.text.*)
 .text.SetSpritesTileTable
                0x0000000000008bc2        0xa uzeboxVideoEngineCore.o
                0x0000000000008bc2                SetSpritesTileTable
 .text.ClearVram
                0x0000000000008bcc       0x14 uzeboxVideoEngineCore.o
                0x0000000000008bcc                ClearVram
 .text.SetFont  0x0000000000008be0        0x8 uzeboxVideoEngineCore.o
                0x0000000000008be0                SetFont
 .text.SetTile  0x0000000000008be8       0x1c uzeboxVideoEngineCore.o
                0x0000000000008be8                SetTile
 .text.SetFontTilesIndex
                0x0000000000008c04        0x6 uzeboxVideoEngineCore.o
                0x0000000000008c04                SetFontTilesIndex
 .text.SetTileTable
                0x0000000000008c0a        0xa uzeboxVideoEngineCore.o
                0x0000000000008c0a                SetTileTable
 .text.GetVsyncFlag
                0x0000000000008c14        0x8 uzeboxVideoEngineCore.o
                0x0000000000008c14                GetVsyncFlag
 .text.ClearVsyncFlag
                0x0000000000008c1c        0xc uzeboxVideoEngineCore.o
                0x0000000000008c1c                ClearVsyncFlag
 .text.ReadJoypad
                0x0000000000008c28       0x18 uzeboxVideoEngineCore.o
                0x0000000000008c28                ReadJoypad
 .text.WaitUs   0x0000000000008c40        0xe uzeboxVideoEngineCore.o
                0x0000000000008c40                WaitUs
 .text.WriteEeprom
                0x0000000000008c4e       0x14 uzeboxVideoEngineCore.o
                0x0000000000008c4e                WriteEeprom
 .text.ReadEeprom
                0x0000000000008c62       0x12 uzeboxVideoEngineCore.o
                0x0000000000008c62                ReadEeprom
 .text.wdt_randomize
                0x0000000000008c74       0x34 uzeboxVideoEngineCore.o
                0x0000000000008c74                wdt_randomize
 .text.GetRandomSeed
                0x0000000000008ca8        0xa uzeboxVideoEngineCore.o
                0x0000000000008ca8                GetRandomSeed
 .text.__vector_8
                0x0000000000008cb2       0x44 uzeboxVideoEngineCore.o
                0x0000000000008cb2                __vector_8
 .text.SoftReset
                0x0000000000008cf6       0x16 uzeboxCore.o
                0x0000000000008cf6                SoftReset
 .text.ReadButtons
                0x0000000000008d0c       0x6c uzeboxCore.o
                0x0000000000008d0c                ReadButtons
 .text.ReadControllers
                0x0000000000008d78       0x20 uzeboxCore.o
                0x0000000000008d78                ReadControllers
 .text.FormatEeprom
                0x0000000000008d98       0x44 uzeboxCore.o
                0x0000000000008d98                FormatEeprom
 .text.isEepromFormatted
                0x0000000000008ddc       0x2e uzeboxCore.o
                0x0000000000008ddc                isEepromFormatted
 .text.EepromWriteBlock
                0x0000000000008e0a       0xda uzeboxCore.o
                0x0000000000008e0a                EepromWriteBlock
 .text.EepromReadBlock
                0x0000000000008ee4       0x92 uzeboxCore.o
                0x0000000000008ee4                EepromReadBlock
 .text.PatchCommand00
                0x0000000000008f76        0x6 uzeboxSoundEngine.o
                0x0000000000008f76                PatchCommand00
 .text.PatchCommand01
                0x0000000000008f7c       0x10 uzeboxSoundEngine.o
                0x0000000000008f7c                PatchCommand01
 .text.PatchCommand05
                0x0000000000008f8c        0xa uzeboxSoundEngine.o
                0x0000000000008f8c                PatchCommand05
 .text.PatchCommand06
                0x0000000000008f96        0xa uzeboxSoundEngine.o
                0x0000000000008f96                PatchCommand06
 .text.PatchCommand07
                0x0000000000008fa0        0x6 uzeboxSoundEngine.o
                0x0000000000008fa0                PatchCommand07
 .text.PatchCommand09
                0x0000000000008fa6        0x6 uzeboxSoundEngine.o
                0x0000000000008fa6                PatchCommand09
 .text.PatchCommand10
                0x0000000000008fac        0x6 uzeboxSoundEngine.o
                0x0000000000008fac                PatchCommand10
 .text.PatchCommand11
                0x0000000000008fb2       0x7a uzeboxSoundEngine.o
                0x0000000000008fb2                PatchCommand11
 .text.PatchCommand12
                0x000000000000902c        0x6 uzeboxSoundEngine.o
                0x000000000000902c                PatchCommand12
 .text.PatchCommand02
                0x0000000000009032        0x8 uzeboxSoundEngine.o
                0x0000000000009032                PatchCommand02
 .text.PatchCommand03
                0x000000000000903a       0x10 uzeboxSoundEngine.o
                0x000000000000903a                PatchCommand03
 .text.PatchCommand04
                0x000000000000904a       0x10 uzeboxSoundEngine.o
                0x000000000000904a                PatchCommand04
 .text.PatchCommand08
                0x000000000000905a       0x32 uzeboxSoundEngine.o
                0x000000000000905a                PatchCommand08
 .text.InitMusicPlayer
                0x000000000000908c       0x44 uzeboxSoundEngine.o
                0x000000000000908c                InitMusicPlayer
 .text.ReadVarLen
                0x00000000000090d0       0x4c uzeboxSoundEngine.o
                0x00000000000090d0                ReadVarLen
 .text.TriggerCommon
                0x000000000000911c      0x15a uzeboxSoundEngine.o
                0x000000000000911c                TriggerCommon
 .text.TriggerFx
                0x0000000000009276       0x7e uzeboxSoundEngine.o
                0x0000000000009276                TriggerFx
 .text.TriggerNote
                0x00000000000092f4       0x6e uzeboxSoundEngine.o
                0x00000000000092f4                TriggerNote
 .text.ProcessMusic
                0x0000000000009362      0x44e uzeboxSoundEngine.o
                0x0000000000009362                ProcessMusic
 .text.SetMasterVolume
                0x00000000000097b0        0x6 uzeboxSoundEngine.o
                0x00000000000097b0                SetMasterVolume
 .text.SetMixerNote
                0x00000000000097b6       0x2e uzeboxSoundEngineCore.o
                0x00000000000097b6                SetMixerNote
 .text.SetMixerWave
                0x00000000000097e4       0x3a uzeboxSoundEngineCore.o
                0x00000000000097e4                SetMixerWave
 *fill*         0x000000000000981e       0xe2 
 .text.DisableSoundEngine
                0x0000000000009900      0xc00 uzeboxSoundEngineCore.o
                0x0000000000009900                DisableSoundEngine
                0x0000000000009908                steptable
                0x0000000000009b00                waves
 .text.RestoreBackground
                0x000000000000a500       0x22 uzeboxVideoEngine.o
                0x000000000000a500                RestoreBackground
 .text.SetSpriteVisibility
                0x000000000000a522        0x6 uzeboxVideoEngine.o
                0x000000000000a522                SetSpriteVisibility
 .text.ProcessSprites
                0x000000000000a528      0x1a8 uzeboxVideoEngine.o
                0x000000000000a528                ProcessSprites
 .text.MapSprite2
                0x000000000000a6d0       0xa4 uzeboxVideoEngine.o
                0x000000000000a6d0                MapSprite2
 .text.MoveSprite
                0x000000000000a774       0x4a uzeboxVideoEngine.o
                0x000000000000a774                MoveSprite
 .text.InitializeVideoMode
                0x000000000000a7be       0x14 uzeboxVideoEngine.o
                0x000000000000a7be                InitializeVideoMode
 .text.DrawMap2
                0x000000000000a7d2       0x9a uzeboxVideoEngine.o
                0x000000000000a7d2                DrawMap2
 .text.PrintByte
                0x000000000000a86c       0x66 uzeboxVideoEngine.o
                0x000000000000a86c                PrintByte
 .text.Print    0x000000000000a8d2       0x36 uzeboxVideoEngine.o
                0x000000000000a8d2                Print
 .text.PrintChar
                0x000000000000a908        0x6 uzeboxVideoEngine.o
                0x000000000000a908                PrintChar
 .text.WaitVsync
                0x000000000000a90e       0x2e uzeboxVideoEngine.o
                0x000000000000a90e                WaitVsync
 .text.DisplayLogo
                0x000000000000a93c       0x6e uzeboxVideoEngine.o
                0x000000000000a93c                DisplayLogo
 .text.doFade   0x000000000000a9aa       0x1c uzeboxVideoEngine.o
                0x000000000000a9aa                doFade
 .text.FadeIn   0x000000000000a9c6       0x18 uzeboxVideoEngine.o
                0x000000000000a9c6                FadeIn
 .text.FadeOut  0x000000000000a9de       0x18 uzeboxVideoEngine.o
                0x000000000000a9de                FadeOut
 .text.ProcessFading
                0x000000000000a9f6       0x4a uzeboxVideoEngine.o
                0x000000000000a9f6                ProcessFading
 .text.VideoModeVsync
                0x000000000000aa40        0x8 uzeboxVideoEngine.o
                0x000000000000aa40                VideoModeVsync
 .text.LBGetNextFrame
                0x000000000000aa48       0x4a TankFu.o
                0x000000000000aa48                LBGetNextFrame
 .text.LBGetNextFrameReverse
                0x000000000000aa92       0x58 TankFu.o
                0x000000000000aa92                LBGetNextFrameReverse
 .text.LBGetJoyPadState
                0x000000000000aaea       0x96 TankFu.o
                0x000000000000aaea                LBGetJoyPadState
 .text.LBCopyChars
                0x000000000000ab80       0x18 TankFu.o
                0x000000000000ab80                LBCopyChars
 .text.LBPrintStr
                0x000000000000ab98       0x62 TankFu.o
                0x000000000000ab98                LBPrintStr
 .text.LBCollides
                0x000000000000abfa       0x54 TankFu.o
                0x000000000000abfa                LBCollides
 .text.LBLineIntersect
                0x000000000000ac4e      0x1ac TankFu.o
                0x000000000000ac4e                LBLineIntersect
 .text.LBRandom
                0x000000000000adfa       0x6a TankFu.o
                0x000000000000adfa                LBRandom
 .text.LBWaitSeconds
                0x000000000000ae64       0x1e TankFu.o
                0x000000000000ae64                LBWaitSeconds
 .text.init_scores
                0x000000000000ae82       0x18 TankFu.o
                0x000000000000ae82                init_scores
 .text.init_handles
                0x000000000000ae9a       0x18 TankFu.o
                0x000000000000ae9a                init_handles
 .text.init_tile_animations
                0x000000000000aeb2       0x4e TankFu.o
                0x000000000000aeb2                init_tile_animations
 .text.init_scope_animation
                0x000000000000af00       0x30 TankFu.o
                0x000000000000af00                init_scope_animation
 .text.init_sub_animation
                0x000000000000af30       0x28 TankFu.o
                0x000000000000af30                init_sub_animation
 .text.init_shot_state
                0x000000000000af58       0x3a TankFu.o
                0x000000000000af58                init_shot_state
 .text.init_turret
                0x000000000000af92       0x58 TankFu.o
                0x000000000000af92                init_turret
 .text.set_shot_animations
                0x000000000000afea       0x6a TankFu.o
                0x000000000000afea                set_shot_animations
 .text.init_player
                0x000000000000b054       0xe8 TankFu.o
                0x000000000000b054                init_player
 .text.player_init_shot_state
                0x000000000000b13c        0xc TankFu.o
                0x000000000000b13c                player_init_shot_state
 .text.init_game_state
                0x000000000000b148       0x3a TankFu.o
                0x000000000000b148                init_game_state
 .text.player_spawn
                0x000000000000b182       0x3c TankFu.o
                0x000000000000b182                player_spawn
 .text.load_eeprom
                0x000000000000b1be       0x24 TankFu.o
                0x000000000000b1be                load_eeprom
 .text.fade_through
                0x000000000000b1e2       0x14 TankFu.o
                0x000000000000b1e2                fade_through
 .text.clear_sprites
                0x000000000000b1f6       0x1a TankFu.o
                0x000000000000b1f6                clear_sprites
 .text.save_score
                0x000000000000b210       0xd4 TankFu.o
                0x000000000000b210                save_score
 .text.position_shot
                0x000000000000b2e4       0xda TankFu.o
                0x000000000000b2e4                position_shot
 .text.print_level_score
                0x000000000000b3be       0x84 TankFu.o
                0x000000000000b3be                print_level_score
 .text.print_final_score
                0x000000000000b442       0x94 TankFu.o
                0x000000000000b442                print_final_score
 .text.render_hud
                0x000000000000b4d6       0x3a TankFu.o
                0x000000000000b4d6                render_hud
 .text.render_score
                0x000000000000b510       0x38 TankFu.o
                0x000000000000b510                render_score
 .text.render_banter
                0x000000000000b548       0x50 TankFu.o
                0x000000000000b548                render_banter
 .text.render_player
                0x000000000000b598       0x52 TankFu.o
                0x000000000000b598                render_player
 .text.render_shot
                0x000000000000b5ea       0x58 TankFu.o
                0x000000000000b5ea                render_shot
 .text.render_tile_explosions
                0x000000000000b642       0x6a TankFu.o
                0x000000000000b642                render_tile_explosions
 .text.render_scope
                0x000000000000b6ac       0x34 TankFu.o
                0x000000000000b6ac                render_scope
 .text.tank_map
                0x000000000000b6e0       0xd2 TankFu.o
                0x000000000000b6e0                tank_map
 .text.shot_map
                0x000000000000b7b2       0x58 TankFu.o
                0x000000000000b7b2                shot_map
 .text.recoil_sprite
                0x000000000000b80a       0xb4 TankFu.o
                0x000000000000b80a                recoil_sprite
 .text.recoil_sprite_fine
                0x000000000000b8be       0xc8 TankFu.o
                0x000000000000b8be                recoil_sprite_fine
 .text.solid_square_tile
                0x000000000000b986       0x24 TankFu.o
                0x000000000000b986                solid_square_tile
 .text.solid_tile
                0x000000000000b9aa       0x44 TankFu.o
                0x000000000000b9aa                solid_tile
 .text.solid_directional_tile
                0x000000000000b9ee       0x2c TankFu.o
                0x000000000000b9ee                solid_directional_tile
 .text.collides_directional_tile
                0x000000000000ba1a      0x148 TankFu.o
                0x000000000000ba1a                collides_directional_tile
 .text.player_shot
                0x000000000000bb62       0xbe TankFu.o
                0x000000000000bb62                player_shot
 .text.collision_detect_boundries
                0x000000000000bc20       0x9c TankFu.o
                0x000000000000bc20                collision_detect_boundries
 .text.drop_item
                0x000000000000bcbc       0x86 TankFu.o
                0x000000000000bcbc                drop_item
 .text.kill_player
                0x000000000000bd42       0xb0 TankFu.o
                0x000000000000bd42                kill_player
 .text.get_interesting_tile_indexes_shot
                0x000000000000bdf2       0x48 TankFu.o
                0x000000000000bdf2                get_interesting_tile_indexes_shot
 .text.explode_tile
                0x000000000000be3a       0x7c TankFu.o
                0x000000000000be3a                explode_tile
 .text.richochet
                0x000000000000beb6       0x42 TankFu.o
                0x000000000000beb6                richochet
 .text.collision_detect_shot
                0x000000000000bef8      0x3b0 TankFu.o
                0x000000000000bef8                collision_detect_shot
 .text.get_interesting_tile_indexes
                0x000000000000c2a8       0x64 TankFu.o
                0x000000000000c2a8                get_interesting_tile_indexes
 .text.explode_player
                0x000000000000c30c       0x42 TankFu.o
                0x000000000000c30c                explode_player
 .text.collision_detect_player
                0x000000000000c34e      0x350 TankFu.o
                0x000000000000c34e                collision_detect_player
 .text.load_level_tiles
                0x000000000000c69e       0xe6 TankFu.o
                0x000000000000c69e                load_level_tiles
 .text.load_level
                0x000000000000c784      0x19c TankFu.o
                0x000000000000c784                load_level
 .text.level_transition
                0x000000000000c920       0x60 TankFu.o
                0x000000000000c920                level_transition
 .text.render_boss_fight_scope_load
                0x000000000000c980       0x1e TankFu.o
                0x000000000000c980                render_boss_fight_scope_load
 .text.render_boss_fight_sub_load
                0x000000000000c99e       0x5a TankFu.o
                0x000000000000c99e                render_boss_fight_sub_load
 .text.load_splash
                0x000000000000c9f8       0x60 TankFu.o
                0x000000000000c9f8                load_splash
 .text.load_tank_rank
                0x000000000000ca58      0x130 TankFu.o
                0x000000000000ca58                load_tank_rank
 .text.exit_game
                0x000000000000cb88       0x16 TankFu.o
                0x000000000000cb88                exit_game
 .text.update_player
                0x000000000000cb9e      0x33a TankFu.o
                0x000000000000cb9e                update_player
 .text.update_level_helper
                0x000000000000ced8      0x12e TankFu.o
                0x000000000000ced8                update_level_helper
 .text.update_level
                0x000000000000d006      0x2dc TankFu.o
                0x000000000000d006                update_level
 .text.update_tank_rank
                0x000000000000d2e2       0xb2 TankFu.o
                0x000000000000d2e2                update_tank_rank
 .text._handle_select_helper
                0x000000000000d394      0x18a TankFu.o
                0x000000000000d394                _handle_select_helper
 .text._handle_select_render_helper
                0x000000000000d51e      0x17c TankFu.o
                0x000000000000d51e                _handle_select_render_helper
 .text.load_handle_select
                0x000000000000d69a      0x10a TankFu.o
                0x000000000000d69a                load_handle_select
 .text.update_splash
                0x000000000000d7a4      0x1ac TankFu.o
                0x000000000000d7a4                update_splash
 .text.update_handle_select
                0x000000000000d950       0x9c TankFu.o
                0x000000000000d950                update_handle_select
 .text.button_map
                0x000000000000d9ec       0x2c TankFu.o
                0x000000000000d9ec                button_map
 .text.crash_and_turn
                0x000000000000da18      0x208 TankFu.o
                0x000000000000da18                crash_and_turn
 .text.get_cpu_goal_direction
                0x000000000000dc20       0x48 TankFu.o
                0x000000000000dc20                get_cpu_goal_direction
 .text.get_cpu_joypad_state
                0x000000000000dc68      0x34a TankFu.o
                0x000000000000dc68                get_cpu_joypad_state
 .text.startup.main
                0x000000000000dfb2      0x124 TankFu.o
                0x000000000000dfb2                main
 .text.libgcc.div
                0x000000000000e0d6       0x18 /usr/local/lib/gcc/avr/4.9.2/avr5/libgcc.a(_udivmodqi4.o)
                0x000000000000e0d6                __udivmodqi4
 .text.libgcc.div
                0x000000000000e0ee       0x28 /usr/local/lib/gcc/avr/4.9.2/avr5/libgcc.a(_udivmodhi4.o)
                0x000000000000e0ee                __udivmodhi4
 .text.libgcc.div
                0x000000000000e116       0x28 /usr/local/lib/gcc/avr/4.9.2/avr5/libgcc.a(_divmodhi4.o)
                0x000000000000e116                __divmodhi4
                0x000000000000e116                _div
 .text.avr-libc.fplib
                0x000000000000e13e        0xa /usr/local/lib/gcc/avr/4.9.2/../../../../avr/lib/avr5/libm.a(addsf3.o)
                0x000000000000e13e                __subsf3
                0x000000000000e140                __addsf3
 .text.avr-libc.fplib
                0x000000000000e148       0xc0 /usr/local/lib/gcc/avr/4.9.2/../../../../avr/lib/avr5/libm.a(addsf3x.o)
                0x000000000000e162                __addsf3x
 .text.avr-libc.fplib
                0x000000000000e208        0x8 /usr/local/lib/gcc/avr/4.9.2/../../../../avr/lib/avr5/libm.a(cmpsf2.o)
                0x000000000000e208                __lesf2
                0x000000000000e208                __nesf2
                0x000000000000e208                __eqsf2
                0x000000000000e208                __cmpsf2
                0x000000000000e208                __ltsf2
 .text.avr-libc.fplib
                0x000000000000e210        0x4 /usr/local/lib/gcc/avr/4.9.2/../../../../avr/lib/avr5/libm.a(divsf3.o)
                0x000000000000e210                __divsf3
 .text.avr-libc.fplib
                0x000000000000e214       0xcc /usr/local/lib/gcc/avr/4.9.2/../../../../avr/lib/avr5/libm.a(divsf3x.o)
                0x000000000000e22a                __divsf3x
                0x000000000000e22e                __divsf3_pse
 .text.avr-libc.fplib
                0x000000000000e2e0        0xa /usr/local/lib/gcc/avr/4.9.2/../../../../avr/lib/avr5/libm.a(fixsfsi.o)
                0x000000000000e2e0                __fixsfsi
 .text.avr-libc.fplib
                0x000000000000e2ea       0x58 /usr/local/lib/gcc/avr/4.9.2/../../../../avr/lib/avr5/libm.a(fixunssfsi.o)
                0x000000000000e2ea                __fixunssfsi
 .text.avr-libc.fplib
                0x000000000000e342       0x7a /usr/local/lib/gcc/avr/4.9.2/../../../../avr/lib/avr5/libm.a(floatsisf.o)
                0x000000000000e342                __floatunsisf
                0x000000000000e346                __floatsisf
 .text.avr-libc.fplib
                0x000000000000e3bc       0x48 /usr/local/lib/gcc/avr/4.9.2/../../../../avr/lib/avr5/libm.a(fp_cmp.o)
                0x000000000000e3bc                __fp_cmp
 .text.avr-libc.fplib
                0x000000000000e404        0xc /usr/local/lib/gcc/avr/4.9.2/../../../../avr/lib/avr5/libm.a(fp_inf.o)
                0x000000000000e404                __fp_inf
 .text.avr-libc.fplib
                0x000000000000e410        0x6 /usr/local/lib/gcc/avr/4.9.2/../../../../avr/lib/avr5/libm.a(fp_nan.o)
                0x000000000000e410                __fp_nan
 .text.avr-libc.fplib
                0x000000000000e416        0xe /usr/local/lib/gcc/avr/4.9.2/../../../../avr/lib/avr5/libm.a(fp_pscA.o)
                0x000000000000e416                __fp_pscA
 .text.avr-libc.fplib
                0x000000000000e424        0xe /usr/local/lib/gcc/avr/4.9.2/../../../../avr/lib/avr5/libm.a(fp_pscB.o)
                0x000000000000e424                __fp_pscB
 .text.avr-libc.fplib
                0x000000000000e432       0x22 /usr/local/lib/gcc/avr/4.9.2/../../../../avr/lib/avr5/libm.a(fp_round.o)
                0x000000000000e432                __fp_round
 .text.avr-libc.fplib
                0x000000000000e454       0x44 /usr/local/lib/gcc/avr/4.9.2/../../../../avr/lib/avr5/libm.a(fp_split3.o)
                0x000000000000e454                __fp_split3
                0x000000000000e464                __fp_splitA
 .text.avr-libc.fplib
                0x000000000000e498        0xe /usr/local/lib/gcc/avr/4.9.2/../../../../avr/lib/avr5/libm.a(fp_zero.o)
                0x000000000000e498                __fp_zero
                0x000000000000e49a                __fp_szero
 .text.avr-libc.fplib
                0x000000000000e4a6        0x8 /usr/local/lib/gcc/avr/4.9.2/../../../../avr/lib/avr5/libm.a(gesf2.o)
                0x000000000000e4a6                __gtsf2
                0x000000000000e4a6                __gesf2
 .text.avr-libc.fplib
                0x000000000000e4ae        0x4 /usr/local/lib/gcc/avr/4.9.2/../../../../avr/lib/avr5/libm.a(mulsf3.o)
                0x000000000000e4ae                __mulsf3
 .text.avr-libc.fplib
                0x000000000000e4b2       0xc2 /usr/local/lib/gcc/avr/4.9.2/../../../../avr/lib/avr5/libm.a(mulsf3x.o)
                0x000000000000e4c6                __mulsf3x
                0x000000000000e4ca                __mulsf3_pse
 .text.avr-libc
                0x000000000000e574       0x12 /usr/local/lib/gcc/avr/4.9.2/../../../../avr/lib/avr5/libc.a(memcpy_P.o)
                0x000000000000e574                memcpy_P
                0x000000000000e586                . = ALIGN (0x2)
 *(.fini9)
 .fini9         0x000000000000e586        0x0 /usr/local/lib/gcc/avr/4.9.2/avr5/libgcc.a(_exit.o)
                0x000000000000e586                exit
                0x000000000000e586                _exit
 *(.fini9)
 *(.fini8)
 *(.fini8)
 *(.fini7)
 *(.fini7)
 *(.fini6)
 *(.fini6)
 *(.fini5)
 *(.fini5)
 *(.fini4)
 *(.fini4)
 *(.fini3)
 *(.fini3)
 *(.fini2)
 *(.fini2)
 *(.fini1)
 *(.fini1)
 *(.fini0)
 .fini0         0x000000000000e586        0x4 /usr/local/lib/gcc/avr/4.9.2/avr5/libgcc.a(_exit.o)
 *(.fini0)
                0x000000000000e58a                _etext = .

.data           0x0000000000800100        0x6 load address 0x000000000000e58a
                0x0000000000800100                PROVIDE (__data_start, .)
 *(.data)
 .data          0x0000000000800100        0x1 uzeboxVideoEngine.o
                0x0000000000800100                spritesOn
 .data          0x0000000000800101        0x5 TankFu.o
                0x0000000000800104                global_frame_counter
 *(.data*)
 *(.rodata)
 *(.rodata*)
 *(.gnu.linkonce.d*)
                0x0000000000800106                . = ALIGN (0x2)
                0x0000000000800106                _edata = .
                0x0000000000800106                PROVIDE (__data_end, .)

.bss            0x0000000000800106      0xf98
                0x0000000000800106                PROVIDE (__bss_start, .)
 *(.bss)
 *fill*         0x0000000000800106       0x1a 
 .bss           0x0000000000800120      0x9e0 uzeboxVideoEngineCore.o
                0x0000000000800120                vram
                0x0000000000800468                sprites
                0x0000000000800468                overlay_vram
                0x0000000000800490                ram_tiles
                0x0000000000800a90                ram_tiles_restore
                0x0000000000800ad8                sprites_tile_banks
                0x0000000000800ae3                Screen
                0x0000000000800ae6                sync_phase
                0x0000000000800ae7                sync_pulse
                0x0000000000800ae8                sync_flags
                0x0000000000800aed                first_render_line
                0x0000000000800aee                render_lines_count
                0x0000000000800aef                first_render_line_tmp
                0x0000000000800af0                render_lines_count_tmp
                0x0000000000800af1                joypad1_status_lo
                0x0000000000800af3                joypad1_status_hi
                0x0000000000800af5                joypad2_status_lo
                0x0000000000800af7                joypad2_status_hi
 .bss           0x0000000000800b00        0x1 uzeboxSoundEngine.o
                0x0000000000800b00                playSong
 .bss           0x0000000000800b01       0x23 uzeboxSoundEngineCore.o
                0x0000000000800b01                sound_enabled
                0x0000000000800b02                mixer
                0x0000000000800b15                tr4_params
                0x0000000000800b16                tr4_barrel_lo
                0x0000000000800b17                tr4_barrel_hi
 .bss           0x0000000000800b24       0x1b TankFu.o
                0x0000000000800b24                p2s
                0x0000000000800b2a                p1s
 *(.bss*)
 *(COMMON)
 COMMON         0x0000000000800b3f        0x1 uzeboxCore.o
                0x0000000000800b3f                joypadsConnectionStatus
 COMMON         0x0000000000800b40       0x7e uzeboxSoundEngine.o
                0x0000000000800b40                songStart
                0x0000000000800b42                tracks
                0x0000000000800bb0                currDeltaTime
                0x0000000000800bb2                patchPointers
                0x0000000000800bb4                lastStatus
                0x0000000000800bb5                masterVolume
                0x0000000000800bb6                nextDeltaTime
                0x0000000000800bb8                songSpeed
                0x0000000000800bb9                songPos
                0x0000000000800bbb                loopStart
                0x0000000000800bbd                step
 COMMON         0x0000000000800bbe        0x6 uzeboxVideoEngine.o
                0x0000000000800bbe                fadeSpeed
                0x0000000000800bbf                fadeDir
                0x0000000000800bc0                free_tile_index
                0x0000000000800bc1                fadeActive
                0x0000000000800bc2                currFadeFrame
                0x0000000000800bc3                fadeStep
 COMMON         0x0000000000800bc4      0x4da TankFu.o
                0x0000000000800bc4                scores
                0x0000000000800be4                p2
                0x0000000000800beb                handles
                0x0000000000800c0b                game
                0x0000000000800c17                tile_animations
                0x0000000000800c34                player1
                0x0000000000800cac                p1
                0x0000000000800cb3                level
                0x0000000000800fa2                player2
                0x000000000080101a                sub_animation
                0x0000000000801028                scope_animation
                0x0000000000801036                turret2
                0x000000000080106a                turret1
                0x000000000080109e                PROVIDE (__bss_end, .)
                0x000000000000e58a                __data_load_start = LOADADDR (.data)
                0x000000000000e590                __data_load_end = (__data_load_start + SIZEOF (.data))

.noinit         0x000000000080109e        0x0
                0x000000000080109e                PROVIDE (__noinit_start, .)
 *(.noinit*)
                0x000000000080109e                PROVIDE (__noinit_end, .)
                0x000000000080109e                _end = .
                0x000000000080109e                PROVIDE (__heap_start, .)

.eeprom         0x0000000000810000        0x0
 *(.eeprom*)
                0x0000000000810000                __eeprom_end = .

.fuse
 *(.fuse)
 *(.lfuse)
 *(.hfuse)
 *(.efuse)

.lock
 *(.lock*)

.signature
 *(.signature*)

.stab           0x0000000000000000      0x57c
 *(.stab)
 .stab          0x0000000000000000       0xf0 /usr/local/lib/gcc/avr/4.9.2/avr5/libgcc.a(_udivmodqi4.o)
 .stab          0x00000000000000f0      0x15c /usr/local/lib/gcc/avr/4.9.2/avr5/libgcc.a(_udivmodhi4.o)
                                        0x168 (size before relaxing)
 .stab          0x000000000000024c      0x138 /usr/local/lib/gcc/avr/4.9.2/avr5/libgcc.a(_divmodhi4.o)
                                        0x144 (size before relaxing)
 .stab          0x0000000000000384       0x6c /usr/local/lib/gcc/avr/4.9.2/avr5/libgcc.a(_exit.o)
                                         0x78 (size before relaxing)
 .stab          0x00000000000003f0       0xd8 /usr/local/lib/gcc/avr/4.9.2/avr5/libgcc.a(_copy_data.o)
                                         0xe4 (size before relaxing)
 .stab          0x00000000000004c8       0xb4 /usr/local/lib/gcc/avr/4.9.2/avr5/libgcc.a(_clear_bss.o)
                                         0xc0 (size before relaxing)

.stabstr        0x0000000000000000      0x256
 *(.stabstr)
 .stabstr       0x0000000000000000      0x256 /usr/local/lib/gcc/avr/4.9.2/avr5/libgcc.a(_udivmodqi4.o)

.stab.excl
 *(.stab.excl)

.stab.exclstr
 *(.stab.exclstr)

.stab.index
 *(.stab.index)

.stab.indexstr
 *(.stab.indexstr)

.comment        0x0000000000000000       0x11
 *(.comment)
 .comment       0x0000000000000000       0x11 uzeboxCore.o
                                         0x12 (size before relaxing)
 .comment       0x0000000000000011       0x12 uzeboxSoundEngine.o
 .comment       0x0000000000000011       0x12 uzeboxVideoEngine.o
 .comment       0x0000000000000011       0x12 TankFu.o

.note.gnu.build-id
 *(.note.gnu.build-id)

.debug
 *(.debug)

.line
 *(.line)

.debug_srcinfo
 *(.debug_srcinfo)

.debug_sfnames
 *(.debug_sfnames)

.debug_aranges  0x0000000000000000      0x630
 *(.debug_aranges)
 .debug_aranges
                0x0000000000000000       0xe8 uzeboxVideoEngineCore.o
 .debug_aranges
                0x00000000000000e8       0x80 uzeboxCore.o
 .debug_aranges
                0x0000000000000168       0xe8 uzeboxSoundEngine.o
 .debug_aranges
                0x0000000000000250       0x50 uzeboxSoundEngineCore.o
 .debug_aranges
                0x00000000000002a0       0xf8 uzeboxVideoEngine.o
 .debug_aranges
                0x0000000000000398      0x298 TankFu.o

.debug_pubnames
 *(.debug_pubnames)

.debug_info     0x0000000000000000     0x971d
 *(.debug_info .gnu.linkonce.wi.*)
 .debug_info    0x0000000000000000      0x672 /usr/local/lib/gcc/avr/4.9.2/../../../../avr/lib/avr5/crtm644.o
 .debug_info    0x0000000000000672       0x7d uzeboxVideoEngineCore.o
 .debug_info    0x00000000000006ef      0xa03 uzeboxCore.o
 .debug_info    0x00000000000010f2     0x127a uzeboxSoundEngine.o
 .debug_info    0x000000000000236c       0x74 uzeboxSoundEngineCore.o
 .debug_info    0x00000000000023e0     0x1588 uzeboxVideoEngine.o
 .debug_info    0x0000000000003968     0x5db5 TankFu.o

.debug_abbrev   0x0000000000000000     0x1550
 *(.debug_abbrev)
 .debug_abbrev  0x0000000000000000      0x619 /usr/local/lib/gcc/avr/4.9.2/../../../../avr/lib/avr5/crtm644.o
 .debug_abbrev  0x0000000000000619       0x12 uzeboxVideoEngineCore.o
 .debug_abbrev  0x000000000000062b      0x2f7 uzeboxCore.o
 .debug_abbrev  0x0000000000000922      0x307 uzeboxSoundEngine.o
 .debug_abbrev  0x0000000000000c29       0x12 uzeboxSoundEngineCore.o
 .debug_abbrev  0x0000000000000c3b      0x3ab uzeboxVideoEngine.o
 .debug_abbrev  0x0000000000000fe6      0x56a TankFu.o

.debug_line     0x0000000000000000     0x2091
 *(.debug_line .debug_line.* .debug_line_end)
 .debug_line    0x0000000000000000       0x1d /usr/local/lib/gcc/avr/4.9.2/../../../../avr/lib/avr5/crtm644.o
 .debug_line    0x000000000000001d      0x4db uzeboxVideoEngineCore.o
 .debug_line    0x00000000000004f8      0x288 uzeboxCore.o
 .debug_line    0x0000000000000780      0x3a6 uzeboxSoundEngine.o
 .debug_line    0x0000000000000b26      0x1a8 uzeboxSoundEngineCore.o
 .debug_line    0x0000000000000cce      0x4be uzeboxVideoEngine.o
 .debug_line    0x000000000000118c      0xf05 TankFu.o

.debug_frame    0x0000000000000000     0x1430
 *(.debug_frame)
 .debug_frame   0x0000000000000000      0x174 uzeboxCore.o
 .debug_frame   0x0000000000000174      0x258 uzeboxSoundEngine.o
 .debug_frame   0x00000000000003cc      0x4c0 uzeboxVideoEngine.o
 .debug_frame   0x000000000000088c      0xba4 TankFu.o

.debug_str      0x0000000000000000     0x1d2b
 *(.debug_str)
 .debug_str     0x0000000000000000      0x231 /usr/local/lib/gcc/avr/4.9.2/../../../../avr/lib/avr5/crtm644.o
 .debug_str     0x0000000000000231      0x4a4 uzeboxCore.o
                                        0x4f4 (size before relaxing)
 .debug_str     0x00000000000006d5      0x3c9 uzeboxSoundEngine.o
                                        0x60c (size before relaxing)
 .debug_str     0x0000000000000a9e      0x2e3 uzeboxVideoEngine.o
                                        0x4ad (size before relaxing)
 .debug_str     0x0000000000000d81      0xfaa TankFu.o
                                       0x13a2 (size before relaxing)

.debug_loc      0x0000000000000000     0x8740
 *(.debug_loc)
 .debug_loc     0x0000000000000000      0x85c uzeboxCore.o
 .debug_loc     0x000000000000085c     0x119f uzeboxSoundEngine.o
 .debug_loc     0x00000000000019fb     0x1d49 uzeboxVideoEngine.o
 .debug_loc     0x0000000000003744     0x4ffc TankFu.o

.debug_macinfo
 *(.debug_macinfo)

.debug_weaknames
 *(.debug_weaknames)

.debug_funcnames
 *(.debug_funcnames)

.debug_typenames
 *(.debug_typenames)

.debug_varnames
 *(.debug_varnames)

.debug_pubtypes
 *(.debug_pubtypes)

.debug_ranges   0x0000000000000000      0x738
 *(.debug_ranges)
 .debug_ranges  0x0000000000000000       0xe0 uzeboxVideoEngineCore.o
 .debug_ranges  0x00000000000000e0       0x70 uzeboxCore.o
 .debug_ranges  0x0000000000000150      0x120 uzeboxSoundEngine.o
 .debug_ranges  0x0000000000000270       0x48 uzeboxSoundEngineCore.o
 .debug_ranges  0x00000000000002b8      0x130 uzeboxVideoEngine.o
 .debug_ranges  0x00000000000003e8      0x350 TankFu.o

.debug_macro
 *(.debug_macro)
OUTPUT(TankFu.elf elf32-avr)
LOAD linker stubs
