Archive member included because of file (symbol)

/usr/local/lib/gcc/avr/4.9.2/avr5/libgcc.a(_udivmodqi4.o)
                              uzeboxVideoEngine.o (__udivmodqi4)
/usr/local/lib/gcc/avr/4.9.2/avr5/libgcc.a(_udivmodhi4.o)
                              uzeboxVideoEngine.o (__udivmodhi4)
/usr/local/lib/gcc/avr/4.9.2/avr5/libgcc.a(_divmodhi4.o)
                              uzeboxSoundEngine.o (__divmodhi4)
/usr/local/lib/gcc/avr/4.9.2/avr5/libgcc.a(_udivmodsi4.o)
                              uzeboxVideoEngine.o (__udivmodsi4)
/usr/local/lib/gcc/avr/4.9.2/avr5/libgcc.a(_exit.o)
                              /usr/local/lib/gcc/avr/4.9.2/../../../../avr/lib/avr5/crtm644.o (exit)
/usr/local/lib/gcc/avr/4.9.2/avr5/libgcc.a(_copy_data.o)
                              uzeboxVideoEngine.o (__do_copy_data)
/usr/local/lib/gcc/avr/4.9.2/avr5/libgcc.a(_clear_bss.o)
                              uzeboxCore.o (__do_clear_bss)

Allocating common symbols
Common symbol       size              file

songStart           0x2               uzeboxSoundEngine.o
tracks              0x58              uzeboxSoundEngine.o
fadeSpeed           0x1               uzeboxVideoEngine.o
p2                  0x6               TankFu.o
currDeltaTime       0x2               uzeboxSoundEngine.o
fadeDir             0x1               uzeboxVideoEngine.o
patchPointers       0x2               uzeboxSoundEngine.o
game                0x4               TankFu.o
lastStatus          0x1               uzeboxSoundEngine.o
joypadsConnectionStatus
                    0x1               uzeboxCore.o
free_tile_index     0x1               uzeboxVideoEngine.o
player1             0x33              TankFu.o
fadeActive          0x1               uzeboxVideoEngine.o
p1                  0x6               TankFu.o
masterVolume        0x1               uzeboxSoundEngine.o
nextDeltaTime       0x2               uzeboxSoundEngine.o
songSpeed           0x1               uzeboxSoundEngine.o
songPos             0x2               uzeboxSoundEngine.o
level               0x2ef             TankFu.o
player2             0x33              TankFu.o
loopStart           0x2               uzeboxSoundEngine.o
step                0x1               uzeboxSoundEngine.o
currFadeFrame       0x1               uzeboxVideoEngine.o
fadeStep            0x1               uzeboxVideoEngine.o

Discarded input sections

 .bss           0x0000000000000000        0x0 /usr/local/lib/gcc/avr/4.9.2/../../../../avr/lib/avr5/crtm644.o
 .text.SetSpritesTileBank
                0x0000000000000000       0x12 uzeboxVideoEngineCore.o
 .text.GetTile  0x0000000000000000       0x1e uzeboxVideoEngineCore.o
 .text.WaitUs   0x0000000000000000        0xe uzeboxVideoEngineCore.o
 .text.SetUserPreVsyncCallback
                0x0000000000000000        0xa uzeboxVideoEngineCore.o
 .text.SetUserPostVsyncCallback
                0x0000000000000000        0xa uzeboxVideoEngineCore.o
 .text.IsRunningInEmulator
                0x0000000000000000       0x12 uzeboxVideoEngineCore.o
 .text.WaitClocks
                0x0000000000000000        0x6 uzeboxVideoEngineCore.o
 .text.SetLedOn
                0x0000000000000000        0x4 uzeboxVideoEngineCore.o
 .text.SetLedOff
                0x0000000000000000        0x4 uzeboxVideoEngineCore.o
 .text.ToggleLed
                0x0000000000000000        0x4 uzeboxVideoEngineCore.o
 .text.internal_spi_byte
                0x0000000000000000        0xe uzeboxVideoEngineCore.o
 .text          0x0000000000000000        0x0 uzeboxCore.o
 .bss           0x0000000000000000        0x0 uzeboxCore.o
 .text.SetRenderingParameters
                0x0000000000000000        0xa uzeboxCore.o
 .text.DetectControllers
                0x0000000000000000       0x36 uzeboxCore.o
 .text.FormatEeprom2
                0x0000000000000000       0x98 uzeboxCore.o
 .text.ReadPowerSwitch
                0x0000000000000000        0xe uzeboxCore.o
 .text          0x0000000000000000        0x0 uzeboxSoundEngine.o
 .text.StartSong
                0x0000000000000000       0x4e uzeboxSoundEngine.o
 .text.StopSong
                0x0000000000000000       0x16 uzeboxSoundEngine.o
 .text.ResumeSong
                0x0000000000000000        0x8 uzeboxSoundEngine.o
 .text.SetSongSpeed
                0x0000000000000000        0x6 uzeboxSoundEngine.o
 .text.GetSongSpeed
                0x0000000000000000        0x6 uzeboxSoundEngine.o
 .text.TriggerFx
                0x0000000000000000       0x78 uzeboxSoundEngine.o
 .text.GetMasterVolume
                0x0000000000000000        0x6 uzeboxSoundEngine.o
 .text.SetMixerVolume
                0x0000000000000000       0x16 uzeboxSoundEngineCore.o
 .text.EnableSoundEngine
                0x0000000000000000        0x8 uzeboxSoundEngineCore.o
 .text          0x0000000000000000        0x0 uzeboxVideoEngine.o
 .bss           0x0000000000000000        0x0 uzeboxVideoEngine.o
 .text.SetSpriteVisibility
                0x0000000000000000        0x6 uzeboxVideoEngine.o
 .text.MapSprite2
                0x0000000000000000       0xa4 uzeboxVideoEngine.o
 .text.DrawMap  0x0000000000000000       0x98 uzeboxVideoEngine.o
 .text.PrintLong
                0x0000000000000000       0x8a uzeboxVideoEngine.o
 .text.PrintInt
                0x0000000000000000       0x70 uzeboxVideoEngine.o
 .text.PrintBinaryByte
                0x0000000000000000       0x36 uzeboxVideoEngine.o
 .text.PrintHexByte
                0x0000000000000000       0x40 uzeboxVideoEngine.o
 .text.PrintHexInt
                0x0000000000000000       0x24 uzeboxVideoEngine.o
 .text.PrintHexLong
                0x0000000000000000       0x5e uzeboxVideoEngine.o
 .text.PrintRam
                0x0000000000000000       0x36 uzeboxVideoEngine.o
 .text.Fill     0x0000000000000000       0x6e uzeboxVideoEngine.o
 .text.FontFill
                0x0000000000000000       0x6c uzeboxVideoEngine.o
 .text          0x0000000000000000        0x0 TankFu.o
 .text.save_eeprom
                0x0000000000000000        0x4 TankFu.o
 .text.resetGameState
                0x0000000000000000        0xe TankFu.o
 .text.resetPlayerState
                0x0000000000000000        0x2 TankFu.o
 .text.resetLevelSate
                0x0000000000000000        0x2 TankFu.o
 .text.resetShotState
                0x0000000000000000        0x2 TankFu.o
 .text.resetAnimState
                0x0000000000000000        0x2 TankFu.o
 .text.update_level
                0x0000000000000000        0x2 TankFu.o
 .text          0x0000000000000000        0x0 /usr/local/lib/gcc/avr/4.9.2/avr5/libgcc.a(_udivmodqi4.o)
 .bss           0x0000000000000000        0x0 /usr/local/lib/gcc/avr/4.9.2/avr5/libgcc.a(_udivmodqi4.o)
 .text.libgcc.mul
                0x0000000000000000        0x0 /usr/local/lib/gcc/avr/4.9.2/avr5/libgcc.a(_udivmodqi4.o)
 .text.libgcc   0x0000000000000000        0x0 /usr/local/lib/gcc/avr/4.9.2/avr5/libgcc.a(_udivmodqi4.o)
 .text.libgcc.prologue
                0x0000000000000000        0x0 /usr/local/lib/gcc/avr/4.9.2/avr5/libgcc.a(_udivmodqi4.o)
 .text.libgcc.builtins
                0x0000000000000000        0x0 /usr/local/lib/gcc/avr/4.9.2/avr5/libgcc.a(_udivmodqi4.o)
 .text.libgcc.fmul
                0x0000000000000000        0x0 /usr/local/lib/gcc/avr/4.9.2/avr5/libgcc.a(_udivmodqi4.o)
 .text.libgcc.fixed
                0x0000000000000000        0x0 /usr/local/lib/gcc/avr/4.9.2/avr5/libgcc.a(_udivmodqi4.o)
 .text          0x0000000000000000        0x0 /usr/local/lib/gcc/avr/4.9.2/avr5/libgcc.a(_udivmodhi4.o)
 .bss           0x0000000000000000        0x0 /usr/local/lib/gcc/avr/4.9.2/avr5/libgcc.a(_udivmodhi4.o)
 .text.libgcc.mul
                0x0000000000000000        0x0 /usr/local/lib/gcc/avr/4.9.2/avr5/libgcc.a(_udivmodhi4.o)
 .text.libgcc   0x0000000000000000        0x0 /usr/local/lib/gcc/avr/4.9.2/avr5/libgcc.a(_udivmodhi4.o)
 .text.libgcc.prologue
                0x0000000000000000        0x0 /usr/local/lib/gcc/avr/4.9.2/avr5/libgcc.a(_udivmodhi4.o)
 .text.libgcc.builtins
                0x0000000000000000        0x0 /usr/local/lib/gcc/avr/4.9.2/avr5/libgcc.a(_udivmodhi4.o)
 .text.libgcc.fmul
                0x0000000000000000        0x0 /usr/local/lib/gcc/avr/4.9.2/avr5/libgcc.a(_udivmodhi4.o)
 .text.libgcc.fixed
                0x0000000000000000        0x0 /usr/local/lib/gcc/avr/4.9.2/avr5/libgcc.a(_udivmodhi4.o)
 .text          0x0000000000000000        0x0 /usr/local/lib/gcc/avr/4.9.2/avr5/libgcc.a(_divmodhi4.o)
 .bss           0x0000000000000000        0x0 /usr/local/lib/gcc/avr/4.9.2/avr5/libgcc.a(_divmodhi4.o)
 .text.libgcc.mul
                0x0000000000000000        0x0 /usr/local/lib/gcc/avr/4.9.2/avr5/libgcc.a(_divmodhi4.o)
 .text.libgcc   0x0000000000000000        0x0 /usr/local/lib/gcc/avr/4.9.2/avr5/libgcc.a(_divmodhi4.o)
 .text.libgcc.prologue
                0x0000000000000000        0x0 /usr/local/lib/gcc/avr/4.9.2/avr5/libgcc.a(_divmodhi4.o)
 .text.libgcc.builtins
                0x0000000000000000        0x0 /usr/local/lib/gcc/avr/4.9.2/avr5/libgcc.a(_divmodhi4.o)
 .text.libgcc.fmul
                0x0000000000000000        0x0 /usr/local/lib/gcc/avr/4.9.2/avr5/libgcc.a(_divmodhi4.o)
 .text.libgcc.fixed
                0x0000000000000000        0x0 /usr/local/lib/gcc/avr/4.9.2/avr5/libgcc.a(_divmodhi4.o)
 .text          0x0000000000000000        0x0 /usr/local/lib/gcc/avr/4.9.2/avr5/libgcc.a(_udivmodsi4.o)
 .bss           0x0000000000000000        0x0 /usr/local/lib/gcc/avr/4.9.2/avr5/libgcc.a(_udivmodsi4.o)
 .text.libgcc.mul
                0x0000000000000000        0x0 /usr/local/lib/gcc/avr/4.9.2/avr5/libgcc.a(_udivmodsi4.o)
 .text.libgcc.div
                0x0000000000000000       0x44 /usr/local/lib/gcc/avr/4.9.2/avr5/libgcc.a(_udivmodsi4.o)
 .text.libgcc   0x0000000000000000        0x0 /usr/local/lib/gcc/avr/4.9.2/avr5/libgcc.a(_udivmodsi4.o)
 .text.libgcc.prologue
                0x0000000000000000        0x0 /usr/local/lib/gcc/avr/4.9.2/avr5/libgcc.a(_udivmodsi4.o)
 .text.libgcc.builtins
                0x0000000000000000        0x0 /usr/local/lib/gcc/avr/4.9.2/avr5/libgcc.a(_udivmodsi4.o)
 .text.libgcc.fmul
                0x0000000000000000        0x0 /usr/local/lib/gcc/avr/4.9.2/avr5/libgcc.a(_udivmodsi4.o)
 .text.libgcc.fixed
                0x0000000000000000        0x0 /usr/local/lib/gcc/avr/4.9.2/avr5/libgcc.a(_udivmodsi4.o)
 .text          0x0000000000000000        0x0 /usr/local/lib/gcc/avr/4.9.2/avr5/libgcc.a(_exit.o)
 .bss           0x0000000000000000        0x0 /usr/local/lib/gcc/avr/4.9.2/avr5/libgcc.a(_exit.o)
 .text.libgcc.mul
                0x0000000000000000        0x0 /usr/local/lib/gcc/avr/4.9.2/avr5/libgcc.a(_exit.o)
 .text.libgcc.div
                0x0000000000000000        0x0 /usr/local/lib/gcc/avr/4.9.2/avr5/libgcc.a(_exit.o)
 .text.libgcc   0x0000000000000000        0x0 /usr/local/lib/gcc/avr/4.9.2/avr5/libgcc.a(_exit.o)
 .text.libgcc.prologue
                0x0000000000000000        0x0 /usr/local/lib/gcc/avr/4.9.2/avr5/libgcc.a(_exit.o)
 .text.libgcc.builtins
                0x0000000000000000        0x0 /usr/local/lib/gcc/avr/4.9.2/avr5/libgcc.a(_exit.o)
 .text.libgcc.fmul
                0x0000000000000000        0x0 /usr/local/lib/gcc/avr/4.9.2/avr5/libgcc.a(_exit.o)
 .text.libgcc.fixed
                0x0000000000000000        0x0 /usr/local/lib/gcc/avr/4.9.2/avr5/libgcc.a(_exit.o)
 .text          0x0000000000000000        0x0 /usr/local/lib/gcc/avr/4.9.2/avr5/libgcc.a(_copy_data.o)
 .bss           0x0000000000000000        0x0 /usr/local/lib/gcc/avr/4.9.2/avr5/libgcc.a(_copy_data.o)
 .text.libgcc.mul
                0x0000000000000000        0x0 /usr/local/lib/gcc/avr/4.9.2/avr5/libgcc.a(_copy_data.o)
 .text.libgcc.div
                0x0000000000000000        0x0 /usr/local/lib/gcc/avr/4.9.2/avr5/libgcc.a(_copy_data.o)
 .text.libgcc   0x0000000000000000        0x0 /usr/local/lib/gcc/avr/4.9.2/avr5/libgcc.a(_copy_data.o)
 .text.libgcc.prologue
                0x0000000000000000        0x0 /usr/local/lib/gcc/avr/4.9.2/avr5/libgcc.a(_copy_data.o)
 .text.libgcc.builtins
                0x0000000000000000        0x0 /usr/local/lib/gcc/avr/4.9.2/avr5/libgcc.a(_copy_data.o)
 .text.libgcc.fmul
                0x0000000000000000        0x0 /usr/local/lib/gcc/avr/4.9.2/avr5/libgcc.a(_copy_data.o)
 .text.libgcc.fixed
                0x0000000000000000        0x0 /usr/local/lib/gcc/avr/4.9.2/avr5/libgcc.a(_copy_data.o)
 .text          0x0000000000000000        0x0 /usr/local/lib/gcc/avr/4.9.2/avr5/libgcc.a(_clear_bss.o)
 .bss           0x0000000000000000        0x0 /usr/local/lib/gcc/avr/4.9.2/avr5/libgcc.a(_clear_bss.o)
 .text.libgcc.mul
                0x0000000000000000        0x0 /usr/local/lib/gcc/avr/4.9.2/avr5/libgcc.a(_clear_bss.o)
 .text.libgcc.div
                0x0000000000000000        0x0 /usr/local/lib/gcc/avr/4.9.2/avr5/libgcc.a(_clear_bss.o)
 .text.libgcc   0x0000000000000000        0x0 /usr/local/lib/gcc/avr/4.9.2/avr5/libgcc.a(_clear_bss.o)
 .text.libgcc.prologue
                0x0000000000000000        0x0 /usr/local/lib/gcc/avr/4.9.2/avr5/libgcc.a(_clear_bss.o)
 .text.libgcc.builtins
                0x0000000000000000        0x0 /usr/local/lib/gcc/avr/4.9.2/avr5/libgcc.a(_clear_bss.o)
 .text.libgcc.fmul
                0x0000000000000000        0x0 /usr/local/lib/gcc/avr/4.9.2/avr5/libgcc.a(_clear_bss.o)
 .text.libgcc.fixed
                0x0000000000000000        0x0 /usr/local/lib/gcc/avr/4.9.2/avr5/libgcc.a(_clear_bss.o)

Memory Configuration

Name             Origin             Length             Attributes
text             0x0000000000000000 0x0000000000020000 xr
data             0x0000000000800060 0x000000000000ffa0 rw !x
eeprom           0x0000000000810000 0x0000000000010000 rw !x
fuse             0x0000000000820000 0x0000000000000400 rw !x
lock             0x0000000000830000 0x0000000000000400 rw !x
signature        0x0000000000840000 0x0000000000000400 rw !x
*default*        0x0000000000000000 0xffffffffffffffff

Linker script and memory map

Address of section .data set to 0x800100
LOAD /usr/local/lib/gcc/avr/4.9.2/../../../../avr/lib/avr5/crtm644.o
LOAD uzeboxVideoEngineCore.o
LOAD uzeboxCore.o
LOAD uzeboxSoundEngine.o
LOAD uzeboxSoundEngineCore.o
LOAD uzeboxVideoEngine.o
LOAD TankFu.o
START GROUP
LOAD /usr/local/lib/gcc/avr/4.9.2/avr5/libgcc.a
LOAD /usr/local/lib/gcc/avr/4.9.2/../../../../avr/lib/avr5/libm.a
LOAD /usr/local/lib/gcc/avr/4.9.2/../../../../avr/lib/avr5/libc.a
END GROUP

.hash
 *(.hash)

.dynsym
 *(.dynsym)

.dynstr
 *(.dynstr)

.gnu.version
 *(.gnu.version)

.gnu.version_d
 *(.gnu.version_d)

.gnu.version_r
 *(.gnu.version_r)

.rel.init
 *(.rel.init)

.rela.init
 *(.rela.init)

.rel.text
 *(.rel.text)
 *(.rel.text.*)
 *(.rel.gnu.linkonce.t*)

.rela.text
 *(.rela.text)
 *(.rela.text.*)
 *(.rela.gnu.linkonce.t*)

.rel.fini
 *(.rel.fini)

.rela.fini
 *(.rela.fini)

.rel.rodata
 *(.rel.rodata)
 *(.rel.rodata.*)
 *(.rel.gnu.linkonce.r*)

.rela.rodata
 *(.rela.rodata)
 *(.rela.rodata.*)
 *(.rela.gnu.linkonce.r*)

.rel.data
 *(.rel.data)
 *(.rel.data.*)
 *(.rel.gnu.linkonce.d*)

.rela.data
 *(.rela.data)
 *(.rela.data.*)
 *(.rela.gnu.linkonce.d*)

.rel.ctors
 *(.rel.ctors)

.rela.ctors
 *(.rela.ctors)

.rel.dtors
 *(.rel.dtors)

.rela.dtors
 *(.rela.dtors)

.rel.got
 *(.rel.got)

.rela.got
 *(.rela.got)

.rel.bss
 *(.rel.bss)

.rela.bss
 *(.rela.bss)

.rel.plt
 *(.rel.plt)

.rela.plt
 *(.rela.plt)

.text           0x0000000000000000     0x77ca
 *(.vectors)
 .vectors       0x0000000000000000       0x70 /usr/local/lib/gcc/avr/4.9.2/../../../../avr/lib/avr5/crtm644.o
                0x0000000000000000                __vectors
                0x0000000000000000                __vector_default
 *(.vectors)
 *(.progmem.gcc*)
                0x0000000000000070                . = ALIGN (0x2)
                0x0000000000000070                __trampolines_start = .
 *(.trampolines)
 .trampolines   0x0000000000000070        0x0 linker stubs
 *(.trampolines*)
                0x0000000000000070                __trampolines_end = .
 *(.progmem*)
 .progmem.data  0x0000000000000070       0x4e uzeboxCore.o
                0x0000000000000070                io_table
                0x000000000000009e                eeprom_format_table
 .progmem.data  0x00000000000000be       0x1a uzeboxSoundEngine.o
                0x00000000000000be                patchCommands
 .progmem.data  0x00000000000000d8     0x17bc uzeboxVideoEngine.o
                0x00000000000000d8                fader
                0x00000000000000e4                map_uzeboxlogo2
                0x00000000000000f5                map_uzeboxlogo
                0x000000000000010b                logo_tileset
                0x000000000000090b                logoInitPatches
                0x0000000000000914                voice
 .progmem.data  0x0000000000001894     0x31a5 TankFu.o
                0x0000000000001894                strB10
                0x00000000000018a4                strB9
                0x00000000000018af                strB8
                0x00000000000018ba                strB7
                0x00000000000018c9                strB6
                0x00000000000018d0                strB5
                0x00000000000018d9                strB4
                0x00000000000018e6                strB3
                0x00000000000018f5                strB2
                0x00000000000018f9                strB1
                0x0000000000001906                strBy
                0x0000000000001909                strOwns
                0x000000000000190e                strChangeHandle
                0x000000000000191e                strCancelHandle
                0x000000000000192a                strConfirmHandle
                0x0000000000001936                strSelectHandle
                0x0000000000001942                strPlayer2
                0x0000000000001945                strPlayer1
                0x0000000000001948                strUnderline
                0x0000000000001954                strHandlesTitle
                0x000000000000196b                strHighscores
                0x0000000000001975                str2Player
                0x0000000000001986                str1Player
                0x0000000000001994                strCopyright
                0x00000000000019ab                map_rocket_right_1
                0x00000000000019ae                map_rocket_right_0
                0x00000000000019b1                map_rocket_up_1
                0x00000000000019b4                map_rocket_up_0
                0x00000000000019b7                map_ball
                0x00000000000019ba                map_explosion_2
                0x00000000000019c0                map_explosion_1
                0x00000000000019c6                map_explosion_0
                0x00000000000019cc                map_tank2_right_1
                0x00000000000019d2                map_tank2_right_0
                0x00000000000019d8                map_tank2_up_1
                0x00000000000019de                map_tank2_up_0
                0x00000000000019e4                map_tank1_right_1
                0x00000000000019ea                map_tank1_right_0
                0x00000000000019f0                map_tank1_up_1
                0x00000000000019f6                map_tank1_up_0
                0x00000000000019fc                map_none
                0x00000000000019ff                map_metal_bl
                0x0000000000001a02                map_metal_tr
                0x0000000000001a05                map_metal_br
                0x0000000000001a08                map_metal_tl
                0x0000000000001a0b                map_tile_exp_2
                0x0000000000001a0e                map_tile_exp_1
                0x0000000000001a11                map_tile_exp_0
                0x0000000000001a14                map_rocket_itm
                0x0000000000001a17                map_explode_itm
                0x0000000000001a1a                map_speed_itm
                0x0000000000001a1d                map_metal
                0x0000000000001a20                map_brick
                0x0000000000001a23                map_splash
                0x0000000000001a79                sprites_data
                0x0000000000002679                tiles_data
                0x0000000000004a3a                . = ALIGN (0x2)
 *fill*         0x0000000000004a39        0x1 
 *(.jumptables)
 *(.jumptables*)
 *(.lowtext)
 *(.lowtext*)
                0x0000000000004a3a                __ctors_start = .
 *(.ctors)
                0x0000000000004a3a                __ctors_end = .
                0x0000000000004a3a                __dtors_start = .
 *(.dtors)
                0x0000000000004a3a                __dtors_end = .
 SORT(*)(.ctors)
 SORT(*)(.dtors)
 *(.init0)
 .init0         0x0000000000004a3a        0x0 /usr/local/lib/gcc/avr/4.9.2/../../../../avr/lib/avr5/crtm644.o
                0x0000000000004a3a                __init
 *(.init0)
 *(.init1)
 *(.init1)
 *(.init2)
 .init2         0x0000000000004a3a        0xc /usr/local/lib/gcc/avr/4.9.2/../../../../avr/lib/avr5/crtm644.o
 *(.init2)
 *(.init3)
 *(.init3)
 *(.init4)
 .init4         0x0000000000004a46       0x16 /usr/local/lib/gcc/avr/4.9.2/avr5/libgcc.a(_copy_data.o)
                0x0000000000004a46                __do_copy_data
 .init4         0x0000000000004a5c       0x10 /usr/local/lib/gcc/avr/4.9.2/avr5/libgcc.a(_clear_bss.o)
                0x0000000000004a5c                __do_clear_bss
 *(.init4)
 *(.init5)
 *(.init5)
 *(.init6)
 *(.init6)
 *(.init7)
 .init7         0x0000000000004a6c       0x12 uzeboxCore.o
                0x0000000000004a6c                wdt_init
 *(.init7)
 *(.init8)
 .init8         0x0000000000004a7e       0x9a uzeboxCore.o
                0x0000000000004a7e                Initialize
 *(.init8)
 *(.init9)
 .init9         0x0000000000004b18        0x8 /usr/local/lib/gcc/avr/4.9.2/../../../../avr/lib/avr5/crtm644.o
 *(.init9)
 *(.text)
 .text          0x0000000000004b20        0x4 /usr/local/lib/gcc/avr/4.9.2/../../../../avr/lib/avr5/crtm644.o
                0x0000000000004b20                __vector_20
                0x0000000000004b20                __vector_1
                0x0000000000004b20                __vector_24
                0x0000000000004b20                __vector_12
                0x0000000000004b20                __bad_interrupt
                0x0000000000004b20                __vector_6
                0x0000000000004b20                __vector_3
                0x0000000000004b20                __vector_23
                0x0000000000004b20                __vector_25
                0x0000000000004b20                __vector_11
                0x0000000000004b20                __vector_17
                0x0000000000004b20                __vector_19
                0x0000000000004b20                __vector_7
                0x0000000000004b20                __vector_27
                0x0000000000004b20                __vector_5
                0x0000000000004b20                __vector_4
                0x0000000000004b20                __vector_9
                0x0000000000004b20                __vector_2
                0x0000000000004b20                __vector_21
                0x0000000000004b20                __vector_15
                0x0000000000004b20                __vector_8
                0x0000000000004b20                __vector_26
                0x0000000000004b20                __vector_10
                0x0000000000004b20                __vector_16
                0x0000000000004b20                __vector_18
                0x0000000000004b20                __vector_22
 .text          0x0000000000004b24      0x58c uzeboxVideoEngineCore.o
                0x0000000000004cc8                CopyTileToRam
                0x0000000000004dea                BlitSprite
                0x0000000000004eca                __vector_13
                0x0000000000004f4a                __vector_14
 .text          0x00000000000050b0      0x23c uzeboxSoundEngineCore.o
                0x00000000000050b0                process_music
                0x000000000000526e                update_sound_buffer_fast
                0x0000000000005296                update_sound
                0x00000000000052ec                . = ALIGN (0x2)
 *(.text.*)
 .text.SetSpritesTileTable
                0x00000000000052ec        0xa uzeboxVideoEngineCore.o
                0x00000000000052ec                SetSpritesTileTable
 .text.ClearVram
                0x00000000000052f6       0x14 uzeboxVideoEngineCore.o
                0x00000000000052f6                ClearVram
 .text.SetFont  0x000000000000530a        0x8 uzeboxVideoEngineCore.o
                0x000000000000530a                SetFont
 .text.SetTile  0x0000000000005312       0x1c uzeboxVideoEngineCore.o
                0x0000000000005312                SetTile
 .text.SetFontTilesIndex
                0x000000000000532e        0x6 uzeboxVideoEngineCore.o
                0x000000000000532e                SetFontTilesIndex
 .text.SetTileTable
                0x0000000000005334        0xa uzeboxVideoEngineCore.o
                0x0000000000005334                SetTileTable
 .text.GetVsyncFlag
                0x000000000000533e        0x8 uzeboxVideoEngineCore.o
                0x000000000000533e                GetVsyncFlag
 .text.ClearVsyncFlag
                0x0000000000005346        0xc uzeboxVideoEngineCore.o
                0x0000000000005346                ClearVsyncFlag
 .text.ReadJoypad
                0x0000000000005352       0x18 uzeboxVideoEngineCore.o
                0x0000000000005352                ReadJoypad
 .text.WriteEeprom
                0x000000000000536a       0x14 uzeboxVideoEngineCore.o
                0x000000000000536a                WriteEeprom
 .text.ReadEeprom
                0x000000000000537e       0x12 uzeboxVideoEngineCore.o
                0x000000000000537e                ReadEeprom
 .text.SoftReset
                0x0000000000005390       0x16 uzeboxCore.o
                0x0000000000005390                SoftReset
 .text.ReadButtons
                0x00000000000053a6       0x6c uzeboxCore.o
                0x00000000000053a6                ReadButtons
 .text.ReadControllers
                0x0000000000005412       0x20 uzeboxCore.o
                0x0000000000005412                ReadControllers
 .text.FormatEeprom
                0x0000000000005432       0x44 uzeboxCore.o
                0x0000000000005432                FormatEeprom
 .text.isEepromFormatted
                0x0000000000005476       0x2e uzeboxCore.o
                0x0000000000005476                isEepromFormatted
 .text.EepromWriteBlock
                0x00000000000054a4       0xda uzeboxCore.o
                0x00000000000054a4                EepromWriteBlock
 .text.EepromReadBlock
                0x000000000000557e       0x92 uzeboxCore.o
                0x000000000000557e                EepromReadBlock
 .text.PatchCommand00
                0x0000000000005610        0x6 uzeboxSoundEngine.o
                0x0000000000005610                PatchCommand00
 .text.PatchCommand01
                0x0000000000005616        0x2 uzeboxSoundEngine.o
                0x0000000000005616                PatchCommand01
 .text.PatchCommand05
                0x0000000000005618        0xa uzeboxSoundEngine.o
                0x0000000000005618                PatchCommand05
 .text.PatchCommand06
                0x0000000000005622        0xa uzeboxSoundEngine.o
                0x0000000000005622                PatchCommand06
 .text.PatchCommand07
                0x000000000000562c        0x6 uzeboxSoundEngine.o
                0x000000000000562c                PatchCommand07
 .text.PatchCommand09
                0x0000000000005632        0x6 uzeboxSoundEngine.o
                0x0000000000005632                PatchCommand09
 .text.PatchCommand10
                0x0000000000005638        0x6 uzeboxSoundEngine.o
                0x0000000000005638                PatchCommand10
 .text.PatchCommand11
                0x000000000000563e       0x7a uzeboxSoundEngine.o
                0x000000000000563e                PatchCommand11
 .text.PatchCommand12
                0x00000000000056b8        0x6 uzeboxSoundEngine.o
                0x00000000000056b8                PatchCommand12
 .text.PatchCommand02
                0x00000000000056be        0x8 uzeboxSoundEngine.o
                0x00000000000056be                PatchCommand02
 .text.PatchCommand03
                0x00000000000056c6       0x10 uzeboxSoundEngine.o
                0x00000000000056c6                PatchCommand03
 .text.PatchCommand04
                0x00000000000056d6       0x10 uzeboxSoundEngine.o
                0x00000000000056d6                PatchCommand04
 .text.PatchCommand08
                0x00000000000056e6       0x32 uzeboxSoundEngine.o
                0x00000000000056e6                PatchCommand08
 .text.InitMusicPlayer
                0x0000000000005718       0x44 uzeboxSoundEngine.o
                0x0000000000005718                InitMusicPlayer
 .text.ReadVarLen
                0x000000000000575c       0x4c uzeboxSoundEngine.o
                0x000000000000575c                ReadVarLen
 .text.TriggerCommon
                0x00000000000057a8      0x142 uzeboxSoundEngine.o
                0x00000000000057a8                TriggerCommon
 .text.TriggerNote
                0x00000000000058ea       0x6e uzeboxSoundEngine.o
                0x00000000000058ea                TriggerNote
 .text.ProcessMusic
                0x0000000000005958      0x44e uzeboxSoundEngine.o
                0x0000000000005958                ProcessMusic
 .text.SetMasterVolume
                0x0000000000005da6        0x6 uzeboxSoundEngine.o
                0x0000000000005da6                SetMasterVolume
 .text.SetMixerNote
                0x0000000000005dac       0x28 uzeboxSoundEngineCore.o
                0x0000000000005dac                SetMixerNote
 .text.SetMixerWave
                0x0000000000005dd4       0x1a uzeboxSoundEngineCore.o
                0x0000000000005dd4                SetMixerWave
 *fill*         0x0000000000005dee       0x12 
 .text.DisableSoundEngine
                0x0000000000005e00      0xc00 uzeboxSoundEngineCore.o
                0x0000000000005e00                DisableSoundEngine
                0x0000000000005e08                steptable
                0x0000000000006000                waves
 .text.RestoreBackground
                0x0000000000006a00       0x22 uzeboxVideoEngine.o
                0x0000000000006a00                RestoreBackground
 .text.ProcessSprites
                0x0000000000006a22      0x1a8 uzeboxVideoEngine.o
                0x0000000000006a22                ProcessSprites
 .text.MapSprite
                0x0000000000006bca       0x80 uzeboxVideoEngine.o
                0x0000000000006bca                MapSprite
 .text.MoveSprite
                0x0000000000006c4a       0x4a uzeboxVideoEngine.o
                0x0000000000006c4a                MoveSprite
 .text.InitializeVideoMode
                0x0000000000006c94       0x14 uzeboxVideoEngine.o
                0x0000000000006c94                InitializeVideoMode
 .text.DrawMap2
                0x0000000000006ca8       0x9a uzeboxVideoEngine.o
                0x0000000000006ca8                DrawMap2
 .text.PrintByte
                0x0000000000006d42       0x66 uzeboxVideoEngine.o
                0x0000000000006d42                PrintByte
 .text.Print    0x0000000000006da8       0x36 uzeboxVideoEngine.o
                0x0000000000006da8                Print
 .text.PrintChar
                0x0000000000006dde        0x6 uzeboxVideoEngine.o
                0x0000000000006dde                PrintChar
 .text.WaitVsync
                0x0000000000006de4       0x2e uzeboxVideoEngine.o
                0x0000000000006de4                WaitVsync
 .text.DisplayLogo
                0x0000000000006e12       0x76 uzeboxVideoEngine.o
                0x0000000000006e12                DisplayLogo
 .text.doFade   0x0000000000006e88       0x1c uzeboxVideoEngine.o
                0x0000000000006e88                doFade
 .text.FadeIn   0x0000000000006ea4       0x18 uzeboxVideoEngine.o
                0x0000000000006ea4                FadeIn
 .text.FadeOut  0x0000000000006ebc       0x18 uzeboxVideoEngine.o
                0x0000000000006ebc                FadeOut
 .text.ProcessFading
                0x0000000000006ed4       0x4a uzeboxVideoEngine.o
                0x0000000000006ed4                ProcessFading
 .text.VideoModeVsync
                0x0000000000006f1e        0x8 uzeboxVideoEngine.o
                0x0000000000006f1e                VideoModeVsync
 .text.LBGetJoyPadState
                0x0000000000006f26       0x84 TankFu.o
                0x0000000000006f26                LBGetJoyPadState
 .text.LBCopyChars
                0x0000000000006faa       0x18 TankFu.o
                0x0000000000006faa                LBCopyChars
 .text.LBPrintStr
                0x0000000000006fc2       0x62 TankFu.o
                0x0000000000006fc2                LBPrintStr
 .text.load_eeprom
                0x0000000000007024       0x24 TankFu.o
                0x0000000000007024                load_eeprom
 .text.fade_through
                0x0000000000007048       0x14 TankFu.o
                0x0000000000007048                fade_through
 .text.clear_sprites
                0x000000000000705c       0x18 TankFu.o
                0x000000000000705c                clear_sprites
 .text.update_splash
                0x0000000000007074       0xfe TankFu.o
                0x0000000000007074                update_splash
 .text.update_tank_rank
                0x0000000000007172      0x136 TankFu.o
                0x0000000000007172                update_tank_rank
 .text._handle_select_helper
                0x00000000000072a8      0x160 TankFu.o
                0x00000000000072a8                _handle_select_helper
 .text._handle_select_render_helper
                0x0000000000007408      0x14e TankFu.o
                0x0000000000007408                _handle_select_render_helper
 .text.update_handle_select
                0x0000000000007556      0x18c TankFu.o
                0x0000000000007556                update_handle_select
 .text.startup.main
                0x00000000000076e2       0x7c TankFu.o
                0x00000000000076e2                main
 .text.libgcc.div
                0x000000000000775e       0x18 /usr/local/lib/gcc/avr/4.9.2/avr5/libgcc.a(_udivmodqi4.o)
                0x000000000000775e                __udivmodqi4
 .text.libgcc.div
                0x0000000000007776       0x28 /usr/local/lib/gcc/avr/4.9.2/avr5/libgcc.a(_udivmodhi4.o)
                0x0000000000007776                __udivmodhi4
 .text.libgcc.div
                0x000000000000779e       0x28 /usr/local/lib/gcc/avr/4.9.2/avr5/libgcc.a(_divmodhi4.o)
                0x000000000000779e                __divmodhi4
                0x000000000000779e                _div
                0x00000000000077c6                . = ALIGN (0x2)
 *(.fini9)
 .fini9         0x00000000000077c6        0x0 /usr/local/lib/gcc/avr/4.9.2/avr5/libgcc.a(_exit.o)
                0x00000000000077c6                exit
                0x00000000000077c6                _exit
 *(.fini9)
 *(.fini8)
 *(.fini8)
 *(.fini7)
 *(.fini7)
 *(.fini6)
 *(.fini6)
 *(.fini5)
 *(.fini5)
 *(.fini4)
 *(.fini4)
 *(.fini3)
 *(.fini3)
 *(.fini2)
 *(.fini2)
 *(.fini1)
 *(.fini1)
 *(.fini0)
 .fini0         0x00000000000077c6        0x4 /usr/local/lib/gcc/avr/4.9.2/avr5/libgcc.a(_exit.o)
 *(.fini0)
                0x00000000000077ca                _etext = .

.data           0x0000000000800100       0x56 load address 0x00000000000077ca
                0x0000000000800100                PROVIDE (__data_start, .)
 *(.data)
 .data          0x0000000000800100        0x0 /usr/local/lib/gcc/avr/4.9.2/../../../../avr/lib/avr5/crtm644.o
 .data          0x0000000000800100        0x0 uzeboxVideoEngineCore.o
 .data          0x0000000000800100        0x0 uzeboxCore.o
 .data          0x0000000000800100        0x0 uzeboxSoundEngine.o
 .data          0x0000000000800100        0x0 uzeboxSoundEngineCore.o
 .data          0x0000000000800100        0x1 uzeboxVideoEngine.o
                0x0000000000800100                spritesOn
 .data          0x0000000000800101       0x54 TankFu.o
                0x0000000000800101                scores
                0x0000000000800121                handles
                0x0000000000800141                banter_map
 .data          0x0000000000800155        0x0 /usr/local/lib/gcc/avr/4.9.2/avr5/libgcc.a(_udivmodqi4.o)
 .data          0x0000000000800155        0x0 /usr/local/lib/gcc/avr/4.9.2/avr5/libgcc.a(_udivmodhi4.o)
 .data          0x0000000000800155        0x0 /usr/local/lib/gcc/avr/4.9.2/avr5/libgcc.a(_divmodhi4.o)
 .data          0x0000000000800155        0x0 /usr/local/lib/gcc/avr/4.9.2/avr5/libgcc.a(_udivmodsi4.o)
 .data          0x0000000000800155        0x0 /usr/local/lib/gcc/avr/4.9.2/avr5/libgcc.a(_exit.o)
 .data          0x0000000000800155        0x0 /usr/local/lib/gcc/avr/4.9.2/avr5/libgcc.a(_copy_data.o)
 .data          0x0000000000800155        0x0 /usr/local/lib/gcc/avr/4.9.2/avr5/libgcc.a(_clear_bss.o)
 *(.data*)
 *(.rodata)
 *(.rodata*)
 *(.gnu.linkonce.d*)
                0x0000000000800156                . = ALIGN (0x2)
 *fill*         0x0000000000800155        0x1 
                0x0000000000800156                _edata = .
                0x0000000000800156                PROVIDE (__data_end, .)

.bss            0x0000000000800160      0xd32
                0x0000000000800160                PROVIDE (__bss_start, .)
 *(.bss)
 .bss           0x0000000000800160      0x720 uzeboxVideoEngineCore.o
                0x0000000000800160                vram
                0x00000000008004a8                sprites
                0x00000000008004a8                overlay_vram
                0x00000000008004dc                ram_tiles
                0x000000000080081c                ram_tiles_restore
                0x0000000000800843                sprites_tile_banks
                0x000000000080084e                Screen
                0x0000000000800852                sync_phase
                0x0000000000800853                sync_pulse
                0x0000000000800854                sync_flags
                0x0000000000800859                first_render_line
                0x000000000080085a                render_lines_count
                0x000000000080085b                first_render_line_tmp
                0x000000000080085c                render_lines_count_tmp
                0x000000000080085d                joypad1_status_lo
                0x000000000080085f                joypad1_status_hi
                0x0000000000800861                joypad2_status_lo
                0x0000000000800863                joypad2_status_hi
 .bss           0x0000000000800880        0x1 uzeboxSoundEngine.o
                0x0000000000800880                playSong
 .bss           0x0000000000800881      0x22d uzeboxSoundEngineCore.o
                0x0000000000800881                mix_buf
                0x0000000000800a8d                mix_pos
                0x0000000000800a8f                mix_bank
                0x0000000000800a91                sound_enabled
                0x0000000000800a92                mixer
 .bss           0x0000000000800aae       0x10 TankFu.o
                0x0000000000800aae                p2s
                0x0000000000800ab4                p1s
 *(.bss*)
 *(COMMON)
 COMMON         0x0000000000800abe        0x1 uzeboxCore.o
                0x0000000000800abe                joypadsConnectionStatus
 COMMON         0x0000000000800abf       0x68 uzeboxSoundEngine.o
                0x0000000000800abf                songStart
                0x0000000000800ac1                tracks
                0x0000000000800b19                currDeltaTime
                0x0000000000800b1b                patchPointers
                0x0000000000800b1d                lastStatus
                0x0000000000800b1e                masterVolume
                0x0000000000800b1f                nextDeltaTime
                0x0000000000800b21                songSpeed
                0x0000000000800b22                songPos
                0x0000000000800b24                loopStart
                0x0000000000800b26                step
 COMMON         0x0000000000800b27        0x6 uzeboxVideoEngine.o
                0x0000000000800b27                fadeSpeed
                0x0000000000800b28                fadeDir
                0x0000000000800b29                free_tile_index
                0x0000000000800b2a                fadeActive
                0x0000000000800b2b                currFadeFrame
                0x0000000000800b2c                fadeStep
 COMMON         0x0000000000800b2d      0x365 TankFu.o
                0x0000000000800b2d                p2
                0x0000000000800b33                game
                0x0000000000800b37                player1
                0x0000000000800b6a                p1
                0x0000000000800b70                level
                0x0000000000800e5f                player2
                0x0000000000800e92                PROVIDE (__bss_end, .)
                0x00000000000077ca                __data_load_start = LOADADDR (.data)
                0x0000000000007820                __data_load_end = (__data_load_start + SIZEOF (.data))

.noinit         0x0000000000800e92        0x0
                0x0000000000800e92                PROVIDE (__noinit_start, .)
 *(.noinit*)
                0x0000000000800e92                PROVIDE (__noinit_end, .)
                0x0000000000800e92                _end = .
                0x0000000000800e92                PROVIDE (__heap_start, .)

.eeprom         0x0000000000810000        0x0
 *(.eeprom*)
                0x0000000000810000                __eeprom_end = .

.fuse
 *(.fuse)
 *(.lfuse)
 *(.hfuse)
 *(.efuse)

.lock
 *(.lock*)

.signature
 *(.signature*)

.stab           0x0000000000000000      0x5ac
 *(.stab)
 .stab          0x0000000000000000       0xf0 /usr/local/lib/gcc/avr/4.9.2/avr5/libgcc.a(_udivmodqi4.o)
 .stab          0x00000000000000f0      0x15c /usr/local/lib/gcc/avr/4.9.2/avr5/libgcc.a(_udivmodhi4.o)
                                        0x168 (size before relaxing)
 .stab          0x000000000000024c      0x138 /usr/local/lib/gcc/avr/4.9.2/avr5/libgcc.a(_divmodhi4.o)
                                        0x144 (size before relaxing)
 .stab          0x0000000000000384       0x30 /usr/local/lib/gcc/avr/4.9.2/avr5/libgcc.a(_udivmodsi4.o)
                                        0x234 (size before relaxing)
 .stab          0x00000000000003b4       0x6c /usr/local/lib/gcc/avr/4.9.2/avr5/libgcc.a(_exit.o)
                                         0x78 (size before relaxing)
 .stab          0x0000000000000420       0xd8 /usr/local/lib/gcc/avr/4.9.2/avr5/libgcc.a(_copy_data.o)
                                         0xe4 (size before relaxing)
 .stab          0x00000000000004f8       0xb4 /usr/local/lib/gcc/avr/4.9.2/avr5/libgcc.a(_clear_bss.o)
                                         0xc0 (size before relaxing)

.stabstr        0x0000000000000000      0x24c
 *(.stabstr)
 .stabstr       0x0000000000000000      0x24c /usr/local/lib/gcc/avr/4.9.2/avr5/libgcc.a(_udivmodqi4.o)

.stab.excl
 *(.stab.excl)

.stab.exclstr
 *(.stab.exclstr)

.stab.index
 *(.stab.index)

.stab.indexstr
 *(.stab.indexstr)

.comment        0x0000000000000000       0x11
 *(.comment)
 .comment       0x0000000000000000       0x11 uzeboxCore.o
                                         0x12 (size before relaxing)
 .comment       0x0000000000000000       0x12 uzeboxSoundEngine.o
 .comment       0x0000000000000000       0x12 uzeboxVideoEngine.o
 .comment       0x0000000000000000       0x12 TankFu.o

.note.gnu.build-id
 *(.note.gnu.build-id)

.debug
 *(.debug)

.line
 *(.line)

.debug_srcinfo
 *(.debug_srcinfo)

.debug_sfnames
 *(.debug_sfnames)

.debug_aranges  0x0000000000000000      0x428
 *(.debug_aranges)
 .debug_aranges
                0x0000000000000000       0xd0 uzeboxVideoEngineCore.o
 .debug_aranges
                0x00000000000000d0       0x80 uzeboxCore.o
 .debug_aranges
                0x0000000000000150       0xe8 uzeboxSoundEngine.o
 .debug_aranges
                0x0000000000000238       0x48 uzeboxSoundEngineCore.o
 .debug_aranges
                0x0000000000000280       0xf8 uzeboxVideoEngine.o
 .debug_aranges
                0x0000000000000378       0xb0 TankFu.o

.debug_pubnames
 *(.debug_pubnames)

.debug_info     0x0000000000000000     0x55eb
 *(.debug_info .gnu.linkonce.wi.*)
 .debug_info    0x0000000000000000      0x672 /usr/local/lib/gcc/avr/4.9.2/../../../../avr/lib/avr5/crtm644.o
 .debug_info    0x0000000000000672       0x7b uzeboxVideoEngineCore.o
 .debug_info    0x00000000000006ed      0x9bb uzeboxCore.o
 .debug_info    0x00000000000010a8     0x1223 uzeboxSoundEngine.o
 .debug_info    0x00000000000022cb       0x71 uzeboxSoundEngineCore.o
 .debug_info    0x000000000000233c     0x15bb uzeboxVideoEngine.o
 .debug_info    0x00000000000038f7     0x1cf4 TankFu.o

.debug_abbrev   0x0000000000000000     0x1385
 *(.debug_abbrev)
 .debug_abbrev  0x0000000000000000      0x619 /usr/local/lib/gcc/avr/4.9.2/../../../../avr/lib/avr5/crtm644.o
 .debug_abbrev  0x0000000000000619       0x12 uzeboxVideoEngineCore.o
 .debug_abbrev  0x000000000000062b      0x2eb uzeboxCore.o
 .debug_abbrev  0x0000000000000916      0x307 uzeboxSoundEngine.o
 .debug_abbrev  0x0000000000000c1d       0x12 uzeboxSoundEngineCore.o
 .debug_abbrev  0x0000000000000c2f      0x3ab uzeboxVideoEngine.o
 .debug_abbrev  0x0000000000000fda      0x3ab TankFu.o

.debug_line     0x0000000000000000     0x1503
 *(.debug_line .debug_line.* .debug_line_end)
 .debug_line    0x0000000000000000       0x1d /usr/local/lib/gcc/avr/4.9.2/../../../../avr/lib/avr5/crtm644.o
 .debug_line    0x000000000000001d      0x47a uzeboxVideoEngineCore.o
 .debug_line    0x0000000000000497      0x293 uzeboxCore.o
 .debug_line    0x000000000000072a      0x39e uzeboxSoundEngine.o
 .debug_line    0x0000000000000ac8      0x1cf uzeboxSoundEngineCore.o
 .debug_line    0x0000000000000c97      0x4df uzeboxVideoEngine.o
 .debug_line    0x0000000000001176      0x38d TankFu.o

.debug_frame    0x0000000000000000      0xb08
 *(.debug_frame)
 .debug_frame   0x0000000000000000      0x174 uzeboxCore.o
 .debug_frame   0x0000000000000174      0x26c uzeboxSoundEngine.o
 .debug_frame   0x00000000000003e0      0x4c0 uzeboxVideoEngine.o
 .debug_frame   0x00000000000008a0      0x268 TankFu.o

.debug_str      0x0000000000000000     0x1336
 *(.debug_str)
 .debug_str     0x0000000000000000      0x231 /usr/local/lib/gcc/avr/4.9.2/../../../../avr/lib/avr5/crtm644.o
 .debug_str     0x0000000000000231      0x450 uzeboxCore.o
                                        0x499 (size before relaxing)
 .debug_str     0x0000000000000681      0x3dc uzeboxSoundEngine.o
                                        0x5cd (size before relaxing)
 .debug_str     0x0000000000000a5d      0x2e4 uzeboxVideoEngine.o
                                        0x4b9 (size before relaxing)
 .debug_str     0x0000000000000d41      0x5f5 TankFu.o
                                        0x7fd (size before relaxing)

.debug_loc      0x0000000000000000     0x4344
 *(.debug_loc)
 .debug_loc     0x0000000000000000      0x864 uzeboxCore.o
 .debug_loc     0x0000000000000864     0x1174 uzeboxSoundEngine.o
 .debug_loc     0x00000000000019d8     0x1d49 uzeboxVideoEngine.o
 .debug_loc     0x0000000000003721      0xc23 TankFu.o

.debug_macinfo
 *(.debug_macinfo)

.debug_weaknames
 *(.debug_weaknames)

.debug_funcnames
 *(.debug_funcnames)

.debug_typenames
 *(.debug_typenames)

.debug_varnames
 *(.debug_varnames)

.debug_pubtypes
 *(.debug_pubtypes)

.debug_ranges   0x0000000000000000      0x480
 *(.debug_ranges)
 .debug_ranges  0x0000000000000000       0xc8 uzeboxVideoEngineCore.o
 .debug_ranges  0x00000000000000c8       0x70 uzeboxCore.o
 .debug_ranges  0x0000000000000138      0x120 uzeboxSoundEngine.o
 .debug_ranges  0x0000000000000258       0x40 uzeboxSoundEngineCore.o
 .debug_ranges  0x0000000000000298      0x130 uzeboxVideoEngine.o
 .debug_ranges  0x00000000000003c8       0xb8 TankFu.o

.debug_macro
 *(.debug_macro)
OUTPUT(TankFu.elf elf32-avr)
LOAD linker stubs
