Archive member included because of file (symbol)

/usr/local/lib/gcc/avr/4.9.2/avr5/libgcc.a(_udivmodqi4.o)
                              uzeboxVideoEngine.o (__udivmodqi4)
/usr/local/lib/gcc/avr/4.9.2/avr5/libgcc.a(_udivmodhi4.o)
                              uzeboxVideoEngine.o (__udivmodhi4)
/usr/local/lib/gcc/avr/4.9.2/avr5/libgcc.a(_divmodhi4.o)
                              uzeboxSoundEngine.o (__divmodhi4)
/usr/local/lib/gcc/avr/4.9.2/avr5/libgcc.a(_udivmodsi4.o)
                              uzeboxVideoEngine.o (__udivmodsi4)
/usr/local/lib/gcc/avr/4.9.2/avr5/libgcc.a(_exit.o)
                              /usr/local/lib/gcc/avr/4.9.2/../../../../avr/lib/avr5/crtm644.o (exit)
/usr/local/lib/gcc/avr/4.9.2/avr5/libgcc.a(_tablejump2.o)
                              TankFu.o (__tablejump2__)
/usr/local/lib/gcc/avr/4.9.2/avr5/libgcc.a(_copy_data.o)
                              uzeboxVideoEngine.o (__do_copy_data)
/usr/local/lib/gcc/avr/4.9.2/avr5/libgcc.a(_clear_bss.o)
                              uzeboxCore.o (__do_clear_bss)

Allocating common symbols
Common symbol       size              file

songStart           0x2               uzeboxSoundEngine.o
tracks              0x58              uzeboxSoundEngine.o
fadeSpeed           0x1               uzeboxVideoEngine.o
p2                  0x6               TankFu.o
currDeltaTime       0x2               uzeboxSoundEngine.o
fadeDir             0x1               uzeboxVideoEngine.o
patchPointers       0x2               uzeboxSoundEngine.o
lastStatus          0x1               uzeboxSoundEngine.o
joypadsConnectionStatus
                    0x1               uzeboxCore.o
free_tile_index     0x1               uzeboxVideoEngine.o
fadeActive          0x1               uzeboxVideoEngine.o
p1                  0x6               TankFu.o
masterVolume        0x1               uzeboxSoundEngine.o
nextDeltaTime       0x2               uzeboxSoundEngine.o
songSpeed           0x1               uzeboxSoundEngine.o
songPos             0x2               uzeboxSoundEngine.o
level               0x2ef             TankFu.o
loopStart           0x2               uzeboxSoundEngine.o
step                0x1               uzeboxSoundEngine.o
currFadeFrame       0x1               uzeboxVideoEngine.o
fadeStep            0x1               uzeboxVideoEngine.o
random_seed         0x2               TankFu.o

Discarded input sections

 .bss           0x0000000000000000        0x0 /usr/local/lib/gcc/avr/4.9.2/../../../../avr/lib/avr5/crtm644.o
 .text.SetSpritesTileBank
                0x0000000000000000       0x12 uzeboxVideoEngineCore.o
 .text.GetTile  0x0000000000000000       0x1e uzeboxVideoEngineCore.o
 .text.WaitUs   0x0000000000000000        0xe uzeboxVideoEngineCore.o
 .text.SetUserPreVsyncCallback
                0x0000000000000000        0xa uzeboxVideoEngineCore.o
 .text.SetUserPostVsyncCallback
                0x0000000000000000        0xa uzeboxVideoEngineCore.o
 .text.IsRunningInEmulator
                0x0000000000000000       0x12 uzeboxVideoEngineCore.o
 .text.WaitClocks
                0x0000000000000000        0x6 uzeboxVideoEngineCore.o
 .text.SetLedOn
                0x0000000000000000        0x4 uzeboxVideoEngineCore.o
 .text.SetLedOff
                0x0000000000000000        0x4 uzeboxVideoEngineCore.o
 .text.ToggleLed
                0x0000000000000000        0x4 uzeboxVideoEngineCore.o
 .text.internal_spi_byte
                0x0000000000000000        0xe uzeboxVideoEngineCore.o
 .text          0x0000000000000000        0x0 uzeboxCore.o
 .bss           0x0000000000000000        0x0 uzeboxCore.o
 .text.SetRenderingParameters
                0x0000000000000000        0xa uzeboxCore.o
 .text.DetectControllers
                0x0000000000000000       0x36 uzeboxCore.o
 .text.FormatEeprom2
                0x0000000000000000       0x98 uzeboxCore.o
 .text.ReadPowerSwitch
                0x0000000000000000        0xe uzeboxCore.o
 .text          0x0000000000000000        0x0 uzeboxSoundEngine.o
 .text.StartSong
                0x0000000000000000       0x4e uzeboxSoundEngine.o
 .text.StopSong
                0x0000000000000000       0x16 uzeboxSoundEngine.o
 .text.ResumeSong
                0x0000000000000000        0x8 uzeboxSoundEngine.o
 .text.SetSongSpeed
                0x0000000000000000        0x6 uzeboxSoundEngine.o
 .text.GetSongSpeed
                0x0000000000000000        0x6 uzeboxSoundEngine.o
 .text.TriggerFx
                0x0000000000000000       0x78 uzeboxSoundEngine.o
 .text.GetMasterVolume
                0x0000000000000000        0x6 uzeboxSoundEngine.o
 .text.SetMixerVolume
                0x0000000000000000       0x16 uzeboxSoundEngineCore.o
 .text.EnableSoundEngine
                0x0000000000000000        0x8 uzeboxSoundEngineCore.o
 .text          0x0000000000000000        0x0 uzeboxVideoEngine.o
 .bss           0x0000000000000000        0x0 uzeboxVideoEngine.o
 .text.SetSpriteVisibility
                0x0000000000000000        0x6 uzeboxVideoEngine.o
 .text.MapSprite2
                0x0000000000000000       0xa4 uzeboxVideoEngine.o
 .text.DrawMap  0x0000000000000000       0x98 uzeboxVideoEngine.o
 .text.PrintLong
                0x0000000000000000       0x8a uzeboxVideoEngine.o
 .text.PrintInt
                0x0000000000000000       0x70 uzeboxVideoEngine.o
 .text.PrintBinaryByte
                0x0000000000000000       0x36 uzeboxVideoEngine.o
 .text.PrintHexByte
                0x0000000000000000       0x40 uzeboxVideoEngine.o
 .text.PrintHexInt
                0x0000000000000000       0x24 uzeboxVideoEngine.o
 .text.PrintHexLong
                0x0000000000000000       0x5e uzeboxVideoEngine.o
 .text.PrintRam
                0x0000000000000000       0x36 uzeboxVideoEngine.o
 .text.Fill     0x0000000000000000       0x6e uzeboxVideoEngine.o
 .text.FontFill
                0x0000000000000000       0x6c uzeboxVideoEngine.o
 .text          0x0000000000000000        0x0 TankFu.o
 .text.save_eeprom
                0x0000000000000000        0x4 TankFu.o
 .text.reset_player_state
                0x0000000000000000        0xe TankFu.o
 .text.reset_shot_state
                0x0000000000000000        0x2 TankFu.o
 .text.reset_anim_state
                0x0000000000000000        0x2 TankFu.o
 .text.get_tank_maps
                0x0000000000000000        0x2 TankFu.o
 .text.get_random_seed
                0x0000000000000000        0x6 TankFu.o
 .text          0x0000000000000000        0x0 /usr/local/lib/gcc/avr/4.9.2/avr5/libgcc.a(_udivmodqi4.o)
 .bss           0x0000000000000000        0x0 /usr/local/lib/gcc/avr/4.9.2/avr5/libgcc.a(_udivmodqi4.o)
 .text.libgcc.mul
                0x0000000000000000        0x0 /usr/local/lib/gcc/avr/4.9.2/avr5/libgcc.a(_udivmodqi4.o)
 .text.libgcc   0x0000000000000000        0x0 /usr/local/lib/gcc/avr/4.9.2/avr5/libgcc.a(_udivmodqi4.o)
 .text.libgcc.prologue
                0x0000000000000000        0x0 /usr/local/lib/gcc/avr/4.9.2/avr5/libgcc.a(_udivmodqi4.o)
 .text.libgcc.builtins
                0x0000000000000000        0x0 /usr/local/lib/gcc/avr/4.9.2/avr5/libgcc.a(_udivmodqi4.o)
 .text.libgcc.fmul
                0x0000000000000000        0x0 /usr/local/lib/gcc/avr/4.9.2/avr5/libgcc.a(_udivmodqi4.o)
 .text.libgcc.fixed
                0x0000000000000000        0x0 /usr/local/lib/gcc/avr/4.9.2/avr5/libgcc.a(_udivmodqi4.o)
 .text          0x0000000000000000        0x0 /usr/local/lib/gcc/avr/4.9.2/avr5/libgcc.a(_udivmodhi4.o)
 .bss           0x0000000000000000        0x0 /usr/local/lib/gcc/avr/4.9.2/avr5/libgcc.a(_udivmodhi4.o)
 .text.libgcc.mul
                0x0000000000000000        0x0 /usr/local/lib/gcc/avr/4.9.2/avr5/libgcc.a(_udivmodhi4.o)
 .text.libgcc   0x0000000000000000        0x0 /usr/local/lib/gcc/avr/4.9.2/avr5/libgcc.a(_udivmodhi4.o)
 .text.libgcc.prologue
                0x0000000000000000        0x0 /usr/local/lib/gcc/avr/4.9.2/avr5/libgcc.a(_udivmodhi4.o)
 .text.libgcc.builtins
                0x0000000000000000        0x0 /usr/local/lib/gcc/avr/4.9.2/avr5/libgcc.a(_udivmodhi4.o)
 .text.libgcc.fmul
                0x0000000000000000        0x0 /usr/local/lib/gcc/avr/4.9.2/avr5/libgcc.a(_udivmodhi4.o)
 .text.libgcc.fixed
                0x0000000000000000        0x0 /usr/local/lib/gcc/avr/4.9.2/avr5/libgcc.a(_udivmodhi4.o)
 .text          0x0000000000000000        0x0 /usr/local/lib/gcc/avr/4.9.2/avr5/libgcc.a(_divmodhi4.o)
 .bss           0x0000000000000000        0x0 /usr/local/lib/gcc/avr/4.9.2/avr5/libgcc.a(_divmodhi4.o)
 .text.libgcc.mul
                0x0000000000000000        0x0 /usr/local/lib/gcc/avr/4.9.2/avr5/libgcc.a(_divmodhi4.o)
 .text.libgcc   0x0000000000000000        0x0 /usr/local/lib/gcc/avr/4.9.2/avr5/libgcc.a(_divmodhi4.o)
 .text.libgcc.prologue
                0x0000000000000000        0x0 /usr/local/lib/gcc/avr/4.9.2/avr5/libgcc.a(_divmodhi4.o)
 .text.libgcc.builtins
                0x0000000000000000        0x0 /usr/local/lib/gcc/avr/4.9.2/avr5/libgcc.a(_divmodhi4.o)
 .text.libgcc.fmul
                0x0000000000000000        0x0 /usr/local/lib/gcc/avr/4.9.2/avr5/libgcc.a(_divmodhi4.o)
 .text.libgcc.fixed
                0x0000000000000000        0x0 /usr/local/lib/gcc/avr/4.9.2/avr5/libgcc.a(_divmodhi4.o)
 .text          0x0000000000000000        0x0 /usr/local/lib/gcc/avr/4.9.2/avr5/libgcc.a(_udivmodsi4.o)
 .bss           0x0000000000000000        0x0 /usr/local/lib/gcc/avr/4.9.2/avr5/libgcc.a(_udivmodsi4.o)
 .text.libgcc.mul
                0x0000000000000000        0x0 /usr/local/lib/gcc/avr/4.9.2/avr5/libgcc.a(_udivmodsi4.o)
 .text.libgcc.div
                0x0000000000000000       0x44 /usr/local/lib/gcc/avr/4.9.2/avr5/libgcc.a(_udivmodsi4.o)
 .text.libgcc   0x0000000000000000        0x0 /usr/local/lib/gcc/avr/4.9.2/avr5/libgcc.a(_udivmodsi4.o)
 .text.libgcc.prologue
                0x0000000000000000        0x0 /usr/local/lib/gcc/avr/4.9.2/avr5/libgcc.a(_udivmodsi4.o)
 .text.libgcc.builtins
                0x0000000000000000        0x0 /usr/local/lib/gcc/avr/4.9.2/avr5/libgcc.a(_udivmodsi4.o)
 .text.libgcc.fmul
                0x0000000000000000        0x0 /usr/local/lib/gcc/avr/4.9.2/avr5/libgcc.a(_udivmodsi4.o)
 .text.libgcc.fixed
                0x0000000000000000        0x0 /usr/local/lib/gcc/avr/4.9.2/avr5/libgcc.a(_udivmodsi4.o)
 .text          0x0000000000000000        0x0 /usr/local/lib/gcc/avr/4.9.2/avr5/libgcc.a(_exit.o)
 .bss           0x0000000000000000        0x0 /usr/local/lib/gcc/avr/4.9.2/avr5/libgcc.a(_exit.o)
 .text.libgcc.mul
                0x0000000000000000        0x0 /usr/local/lib/gcc/avr/4.9.2/avr5/libgcc.a(_exit.o)
 .text.libgcc.div
                0x0000000000000000        0x0 /usr/local/lib/gcc/avr/4.9.2/avr5/libgcc.a(_exit.o)
 .text.libgcc   0x0000000000000000        0x0 /usr/local/lib/gcc/avr/4.9.2/avr5/libgcc.a(_exit.o)
 .text.libgcc.prologue
                0x0000000000000000        0x0 /usr/local/lib/gcc/avr/4.9.2/avr5/libgcc.a(_exit.o)
 .text.libgcc.builtins
                0x0000000000000000        0x0 /usr/local/lib/gcc/avr/4.9.2/avr5/libgcc.a(_exit.o)
 .text.libgcc.fmul
                0x0000000000000000        0x0 /usr/local/lib/gcc/avr/4.9.2/avr5/libgcc.a(_exit.o)
 .text.libgcc.fixed
                0x0000000000000000        0x0 /usr/local/lib/gcc/avr/4.9.2/avr5/libgcc.a(_exit.o)
 .text          0x0000000000000000        0x0 /usr/local/lib/gcc/avr/4.9.2/avr5/libgcc.a(_tablejump2.o)
 .bss           0x0000000000000000        0x0 /usr/local/lib/gcc/avr/4.9.2/avr5/libgcc.a(_tablejump2.o)
 .text.libgcc.mul
                0x0000000000000000        0x0 /usr/local/lib/gcc/avr/4.9.2/avr5/libgcc.a(_tablejump2.o)
 .text.libgcc.div
                0x0000000000000000        0x0 /usr/local/lib/gcc/avr/4.9.2/avr5/libgcc.a(_tablejump2.o)
 .text.libgcc.prologue
                0x0000000000000000        0x0 /usr/local/lib/gcc/avr/4.9.2/avr5/libgcc.a(_tablejump2.o)
 .text.libgcc.builtins
                0x0000000000000000        0x0 /usr/local/lib/gcc/avr/4.9.2/avr5/libgcc.a(_tablejump2.o)
 .text.libgcc.fmul
                0x0000000000000000        0x0 /usr/local/lib/gcc/avr/4.9.2/avr5/libgcc.a(_tablejump2.o)
 .text.libgcc.fixed
                0x0000000000000000        0x0 /usr/local/lib/gcc/avr/4.9.2/avr5/libgcc.a(_tablejump2.o)
 .text          0x0000000000000000        0x0 /usr/local/lib/gcc/avr/4.9.2/avr5/libgcc.a(_copy_data.o)
 .bss           0x0000000000000000        0x0 /usr/local/lib/gcc/avr/4.9.2/avr5/libgcc.a(_copy_data.o)
 .text.libgcc.mul
                0x0000000000000000        0x0 /usr/local/lib/gcc/avr/4.9.2/avr5/libgcc.a(_copy_data.o)
 .text.libgcc.div
                0x0000000000000000        0x0 /usr/local/lib/gcc/avr/4.9.2/avr5/libgcc.a(_copy_data.o)
 .text.libgcc   0x0000000000000000        0x0 /usr/local/lib/gcc/avr/4.9.2/avr5/libgcc.a(_copy_data.o)
 .text.libgcc.prologue
                0x0000000000000000        0x0 /usr/local/lib/gcc/avr/4.9.2/avr5/libgcc.a(_copy_data.o)
 .text.libgcc.builtins
                0x0000000000000000        0x0 /usr/local/lib/gcc/avr/4.9.2/avr5/libgcc.a(_copy_data.o)
 .text.libgcc.fmul
                0x0000000000000000        0x0 /usr/local/lib/gcc/avr/4.9.2/avr5/libgcc.a(_copy_data.o)
 .text.libgcc.fixed
                0x0000000000000000        0x0 /usr/local/lib/gcc/avr/4.9.2/avr5/libgcc.a(_copy_data.o)
 .text          0x0000000000000000        0x0 /usr/local/lib/gcc/avr/4.9.2/avr5/libgcc.a(_clear_bss.o)
 .bss           0x0000000000000000        0x0 /usr/local/lib/gcc/avr/4.9.2/avr5/libgcc.a(_clear_bss.o)
 .text.libgcc.mul
                0x0000000000000000        0x0 /usr/local/lib/gcc/avr/4.9.2/avr5/libgcc.a(_clear_bss.o)
 .text.libgcc.div
                0x0000000000000000        0x0 /usr/local/lib/gcc/avr/4.9.2/avr5/libgcc.a(_clear_bss.o)
 .text.libgcc   0x0000000000000000        0x0 /usr/local/lib/gcc/avr/4.9.2/avr5/libgcc.a(_clear_bss.o)
 .text.libgcc.prologue
                0x0000000000000000        0x0 /usr/local/lib/gcc/avr/4.9.2/avr5/libgcc.a(_clear_bss.o)
 .text.libgcc.builtins
                0x0000000000000000        0x0 /usr/local/lib/gcc/avr/4.9.2/avr5/libgcc.a(_clear_bss.o)
 .text.libgcc.fmul
                0x0000000000000000        0x0 /usr/local/lib/gcc/avr/4.9.2/avr5/libgcc.a(_clear_bss.o)
 .text.libgcc.fixed
                0x0000000000000000        0x0 /usr/local/lib/gcc/avr/4.9.2/avr5/libgcc.a(_clear_bss.o)

Memory Configuration

Name             Origin             Length             Attributes
text             0x0000000000000000 0x0000000000020000 xr
data             0x0000000000800060 0x000000000000ffa0 rw !x
eeprom           0x0000000000810000 0x0000000000010000 rw !x
fuse             0x0000000000820000 0x0000000000000400 rw !x
lock             0x0000000000830000 0x0000000000000400 rw !x
signature        0x0000000000840000 0x0000000000000400 rw !x
*default*        0x0000000000000000 0xffffffffffffffff

Linker script and memory map

Address of section .data set to 0x800100
LOAD /usr/local/lib/gcc/avr/4.9.2/../../../../avr/lib/avr5/crtm644.o
LOAD uzeboxVideoEngineCore.o
LOAD uzeboxCore.o
LOAD uzeboxSoundEngine.o
LOAD uzeboxSoundEngineCore.o
LOAD uzeboxVideoEngine.o
LOAD TankFu.o
START GROUP
LOAD /usr/local/lib/gcc/avr/4.9.2/avr5/libgcc.a
LOAD /usr/local/lib/gcc/avr/4.9.2/../../../../avr/lib/avr5/libm.a
LOAD /usr/local/lib/gcc/avr/4.9.2/../../../../avr/lib/avr5/libc.a
END GROUP

.hash
 *(.hash)

.dynsym
 *(.dynsym)

.dynstr
 *(.dynstr)

.gnu.version
 *(.gnu.version)

.gnu.version_d
 *(.gnu.version_d)

.gnu.version_r
 *(.gnu.version_r)

.rel.init
 *(.rel.init)

.rela.init
 *(.rela.init)

.rel.text
 *(.rel.text)
 *(.rel.text.*)
 *(.rel.gnu.linkonce.t*)

.rela.text
 *(.rela.text)
 *(.rela.text.*)
 *(.rela.gnu.linkonce.t*)

.rel.fini
 *(.rel.fini)

.rela.fini
 *(.rela.fini)

.rel.rodata
 *(.rel.rodata)
 *(.rel.rodata.*)
 *(.rel.gnu.linkonce.r*)

.rela.rodata
 *(.rela.rodata)
 *(.rela.rodata.*)
 *(.rela.gnu.linkonce.r*)

.rel.data
 *(.rel.data)
 *(.rel.data.*)
 *(.rel.gnu.linkonce.d*)

.rela.data
 *(.rela.data)
 *(.rela.data.*)
 *(.rela.gnu.linkonce.d*)

.rel.ctors
 *(.rel.ctors)

.rela.ctors
 *(.rela.ctors)

.rel.dtors
 *(.rel.dtors)

.rela.dtors
 *(.rela.dtors)

.rel.got
 *(.rel.got)

.rela.got
 *(.rela.got)

.rel.bss
 *(.rel.bss)

.rela.bss
 *(.rela.bss)

.rel.plt
 *(.rel.plt)

.rela.plt
 *(.rela.plt)

.text           0x0000000000000000     0x9b20
 *(.vectors)
 .vectors       0x0000000000000000       0x70 /usr/local/lib/gcc/avr/4.9.2/../../../../avr/lib/avr5/crtm644.o
                0x0000000000000000                __vectors
                0x0000000000000000                __vector_default
 *(.vectors)
 *(.progmem.gcc*)
 .progmem.gcc_sw_table.update_level
                0x0000000000000070       0x12 TankFu.o
                0x0000000000000082                . = ALIGN (0x2)
                0x0000000000000082                __trampolines_start = .
 *(.trampolines)
 .trampolines   0x0000000000000082        0x0 linker stubs
 *(.trampolines*)
                0x0000000000000082                __trampolines_end = .
 *(.progmem*)
 .progmem.data  0x0000000000000082       0x4e uzeboxCore.o
                0x0000000000000082                io_table
                0x00000000000000b0                eeprom_format_table
 .progmem.data  0x00000000000000d0       0x1a uzeboxSoundEngine.o
                0x00000000000000d0                patchCommands
 .progmem.data  0x00000000000000ea     0x17bc uzeboxVideoEngine.o
                0x00000000000000ea                fader
                0x00000000000000f6                map_uzeboxlogo2
                0x0000000000000107                map_uzeboxlogo
                0x000000000000011d                logo_tileset
                0x000000000000091d                logoInitPatches
                0x0000000000000926                voice
 .progmem.data  0x00000000000018a6     0x4f46 TankFu.o
                0x00000000000018a6                strPaused
                0x00000000000018ad                strExit
                0x00000000000018b6                strTotal
                0x00000000000018bd                strScore
                0x00000000000018c4                strBanterClear
                0x00000000000018d3                strB10
                0x00000000000018d9                strB9
                0x00000000000018e4                strB8
                0x00000000000018ef                strB7
                0x00000000000018fe                strB6
                0x0000000000001905                strB5
                0x000000000000190e                strB4
                0x000000000000191b                strB3
                0x000000000000192a                strB2
                0x000000000000192e                strB1
                0x000000000000193b                strBy
                0x000000000000193e                strOwns
                0x0000000000001943                strChangeHandle
                0x0000000000001952                strCancelHandle
                0x000000000000195d                strConfirmHandle
                0x0000000000001969                strSelectHandle
                0x0000000000001974                strPlayer2
                0x0000000000001977                strPlayer1
                0x000000000000197a                strVertSep
                0x000000000000197c                strUnderline
                0x0000000000001988                strHandlesTitle
                0x0000000000001994                strHighscores
                0x000000000000199e                str2Player
                0x00000000000019af                str1Player
                0x00000000000019bd                strCopyright
                0x00000000000019d4                level_data
                0x0000000000003720                map_rocket_right_1
                0x0000000000003723                map_rocket_right_0
                0x0000000000003726                map_rocket_up_1
                0x0000000000003729                map_rocket_up_0
                0x000000000000372c                map_ball
                0x000000000000372f                map_explosion_2
                0x0000000000003735                map_explosion_1
                0x000000000000373b                map_explosion_0
                0x0000000000003741                map_tank2_right_1
                0x0000000000003747                map_tank2_right_0
                0x000000000000374d                map_tank2_up_1
                0x0000000000003753                map_tank2_up_0
                0x0000000000003759                map_tank1_right_1
                0x000000000000375f                map_tank1_right_0
                0x0000000000003765                map_tank1_up_1
                0x000000000000376b                map_tank1_up_0
                0x0000000000003771                map_none
                0x0000000000003774                map_metal_bl
                0x0000000000003777                map_metal_tr
                0x000000000000377a                map_metal_br
                0x000000000000377d                map_metal_tl
                0x0000000000003780                map_tile_exp_2
                0x0000000000003783                map_tile_exp_1
                0x0000000000003786                map_tile_exp_0
                0x0000000000003789                map_rocket_itm
                0x000000000000378c                map_explode_itm
                0x000000000000378f                map_speed_itm
                0x0000000000003792                map_metal
                0x0000000000003795                map_brick
                0x0000000000003798                map_pause
                0x00000000000037d6                map_splash
                0x000000000000382c                sprites_data
                0x000000000000442c                tiles_data
                0x00000000000067ec                . = ALIGN (0x2)
 *(.jumptables)
 *(.jumptables*)
 *(.lowtext)
 *(.lowtext*)
                0x00000000000067ec                __ctors_start = .
 *(.ctors)
                0x00000000000067ec                __ctors_end = .
                0x00000000000067ec                __dtors_start = .
 *(.dtors)
                0x00000000000067ec                __dtors_end = .
 SORT(*)(.ctors)
 SORT(*)(.dtors)
 *(.init0)
 .init0         0x00000000000067ec        0x0 /usr/local/lib/gcc/avr/4.9.2/../../../../avr/lib/avr5/crtm644.o
                0x00000000000067ec                __init
 *(.init0)
 *(.init1)
 *(.init1)
 *(.init2)
 .init2         0x00000000000067ec        0xc /usr/local/lib/gcc/avr/4.9.2/../../../../avr/lib/avr5/crtm644.o
 *(.init2)
 *(.init3)
 *(.init3)
 *(.init4)
 .init4         0x00000000000067f8       0x16 /usr/local/lib/gcc/avr/4.9.2/avr5/libgcc.a(_copy_data.o)
                0x00000000000067f8                __do_copy_data
 .init4         0x000000000000680e       0x10 /usr/local/lib/gcc/avr/4.9.2/avr5/libgcc.a(_clear_bss.o)
                0x000000000000680e                __do_clear_bss
 *(.init4)
 *(.init5)
 *(.init5)
 *(.init6)
 *(.init6)
 *(.init7)
 .init7         0x000000000000681e       0x12 uzeboxCore.o
                0x000000000000681e                wdt_init
 *(.init7)
 *(.init8)
 .init8         0x0000000000006830       0x9a uzeboxCore.o
                0x0000000000006830                Initialize
 *(.init8)
 *(.init9)
 .init9         0x00000000000068ca        0x8 /usr/local/lib/gcc/avr/4.9.2/../../../../avr/lib/avr5/crtm644.o
 *(.init9)
 *(.text)
 .text          0x00000000000068d2        0x4 /usr/local/lib/gcc/avr/4.9.2/../../../../avr/lib/avr5/crtm644.o
                0x00000000000068d2                __vector_20
                0x00000000000068d2                __vector_1
                0x00000000000068d2                __vector_24
                0x00000000000068d2                __vector_12
                0x00000000000068d2                __bad_interrupt
                0x00000000000068d2                __vector_6
                0x00000000000068d2                __vector_3
                0x00000000000068d2                __vector_23
                0x00000000000068d2                __vector_25
                0x00000000000068d2                __vector_11
                0x00000000000068d2                __vector_17
                0x00000000000068d2                __vector_19
                0x00000000000068d2                __vector_7
                0x00000000000068d2                __vector_27
                0x00000000000068d2                __vector_5
                0x00000000000068d2                __vector_4
                0x00000000000068d2                __vector_9
                0x00000000000068d2                __vector_2
                0x00000000000068d2                __vector_21
                0x00000000000068d2                __vector_15
                0x00000000000068d2                __vector_8
                0x00000000000068d2                __vector_26
                0x00000000000068d2                __vector_10
                0x00000000000068d2                __vector_16
                0x00000000000068d2                __vector_18
                0x00000000000068d2                __vector_22
 .text          0x00000000000068d6      0x58c uzeboxVideoEngineCore.o
                0x0000000000006a7a                CopyTileToRam
                0x0000000000006b9c                BlitSprite
                0x0000000000006c7c                __vector_13
                0x0000000000006cfc                __vector_14
 .text          0x0000000000006e62      0x23c uzeboxSoundEngineCore.o
                0x0000000000006e62                process_music
                0x0000000000007020                update_sound_buffer_fast
                0x0000000000007048                update_sound
                0x000000000000709e                . = ALIGN (0x2)
 *(.text.*)
 .text.SetSpritesTileTable
                0x000000000000709e        0xa uzeboxVideoEngineCore.o
                0x000000000000709e                SetSpritesTileTable
 .text.ClearVram
                0x00000000000070a8       0x14 uzeboxVideoEngineCore.o
                0x00000000000070a8                ClearVram
 .text.SetFont  0x00000000000070bc        0x8 uzeboxVideoEngineCore.o
                0x00000000000070bc                SetFont
 .text.SetTile  0x00000000000070c4       0x1c uzeboxVideoEngineCore.o
                0x00000000000070c4                SetTile
 .text.SetFontTilesIndex
                0x00000000000070e0        0x6 uzeboxVideoEngineCore.o
                0x00000000000070e0                SetFontTilesIndex
 .text.SetTileTable
                0x00000000000070e6        0xa uzeboxVideoEngineCore.o
                0x00000000000070e6                SetTileTable
 .text.GetVsyncFlag
                0x00000000000070f0        0x8 uzeboxVideoEngineCore.o
                0x00000000000070f0                GetVsyncFlag
 .text.ClearVsyncFlag
                0x00000000000070f8        0xc uzeboxVideoEngineCore.o
                0x00000000000070f8                ClearVsyncFlag
 .text.ReadJoypad
                0x0000000000007104       0x18 uzeboxVideoEngineCore.o
                0x0000000000007104                ReadJoypad
 .text.WriteEeprom
                0x000000000000711c       0x14 uzeboxVideoEngineCore.o
                0x000000000000711c                WriteEeprom
 .text.ReadEeprom
                0x0000000000007130       0x12 uzeboxVideoEngineCore.o
                0x0000000000007130                ReadEeprom
 .text.SoftReset
                0x0000000000007142       0x16 uzeboxCore.o
                0x0000000000007142                SoftReset
 .text.ReadButtons
                0x0000000000007158       0x6c uzeboxCore.o
                0x0000000000007158                ReadButtons
 .text.ReadControllers
                0x00000000000071c4       0x20 uzeboxCore.o
                0x00000000000071c4                ReadControllers
 .text.FormatEeprom
                0x00000000000071e4       0x44 uzeboxCore.o
                0x00000000000071e4                FormatEeprom
 .text.isEepromFormatted
                0x0000000000007228       0x2e uzeboxCore.o
                0x0000000000007228                isEepromFormatted
 .text.EepromWriteBlock
                0x0000000000007256       0xda uzeboxCore.o
                0x0000000000007256                EepromWriteBlock
 .text.EepromReadBlock
                0x0000000000007330       0x92 uzeboxCore.o
                0x0000000000007330                EepromReadBlock
 .text.PatchCommand00
                0x00000000000073c2        0x6 uzeboxSoundEngine.o
                0x00000000000073c2                PatchCommand00
 .text.PatchCommand01
                0x00000000000073c8        0x2 uzeboxSoundEngine.o
                0x00000000000073c8                PatchCommand01
 .text.PatchCommand05
                0x00000000000073ca        0xa uzeboxSoundEngine.o
                0x00000000000073ca                PatchCommand05
 .text.PatchCommand06
                0x00000000000073d4        0xa uzeboxSoundEngine.o
                0x00000000000073d4                PatchCommand06
 .text.PatchCommand07
                0x00000000000073de        0x6 uzeboxSoundEngine.o
                0x00000000000073de                PatchCommand07
 .text.PatchCommand09
                0x00000000000073e4        0x6 uzeboxSoundEngine.o
                0x00000000000073e4                PatchCommand09
 .text.PatchCommand10
                0x00000000000073ea        0x6 uzeboxSoundEngine.o
                0x00000000000073ea                PatchCommand10
 .text.PatchCommand11
                0x00000000000073f0       0x7a uzeboxSoundEngine.o
                0x00000000000073f0                PatchCommand11
 .text.PatchCommand12
                0x000000000000746a        0x6 uzeboxSoundEngine.o
                0x000000000000746a                PatchCommand12
 .text.PatchCommand02
                0x0000000000007470        0x8 uzeboxSoundEngine.o
                0x0000000000007470                PatchCommand02
 .text.PatchCommand03
                0x0000000000007478       0x10 uzeboxSoundEngine.o
                0x0000000000007478                PatchCommand03
 .text.PatchCommand04
                0x0000000000007488       0x10 uzeboxSoundEngine.o
                0x0000000000007488                PatchCommand04
 .text.PatchCommand08
                0x0000000000007498       0x32 uzeboxSoundEngine.o
                0x0000000000007498                PatchCommand08
 .text.InitMusicPlayer
                0x00000000000074ca       0x44 uzeboxSoundEngine.o
                0x00000000000074ca                InitMusicPlayer
 .text.ReadVarLen
                0x000000000000750e       0x4c uzeboxSoundEngine.o
                0x000000000000750e                ReadVarLen
 .text.TriggerCommon
                0x000000000000755a      0x142 uzeboxSoundEngine.o
                0x000000000000755a                TriggerCommon
 .text.TriggerNote
                0x000000000000769c       0x6e uzeboxSoundEngine.o
                0x000000000000769c                TriggerNote
 .text.ProcessMusic
                0x000000000000770a      0x44e uzeboxSoundEngine.o
                0x000000000000770a                ProcessMusic
 .text.SetMasterVolume
                0x0000000000007b58        0x6 uzeboxSoundEngine.o
                0x0000000000007b58                SetMasterVolume
 .text.SetMixerNote
                0x0000000000007b5e       0x28 uzeboxSoundEngineCore.o
                0x0000000000007b5e                SetMixerNote
 .text.SetMixerWave
                0x0000000000007b86       0x1a uzeboxSoundEngineCore.o
                0x0000000000007b86                SetMixerWave
 *fill*         0x0000000000007ba0       0x60 
 .text.DisableSoundEngine
                0x0000000000007c00      0xc00 uzeboxSoundEngineCore.o
                0x0000000000007c00                DisableSoundEngine
                0x0000000000007c08                steptable
                0x0000000000007e00                waves
 .text.RestoreBackground
                0x0000000000008800       0x22 uzeboxVideoEngine.o
                0x0000000000008800                RestoreBackground
 .text.ProcessSprites
                0x0000000000008822      0x1a8 uzeboxVideoEngine.o
                0x0000000000008822                ProcessSprites
 .text.MapSprite
                0x00000000000089ca       0x80 uzeboxVideoEngine.o
                0x00000000000089ca                MapSprite
 .text.MoveSprite
                0x0000000000008a4a       0x4a uzeboxVideoEngine.o
                0x0000000000008a4a                MoveSprite
 .text.InitializeVideoMode
                0x0000000000008a94       0x14 uzeboxVideoEngine.o
                0x0000000000008a94                InitializeVideoMode
 .text.DrawMap2
                0x0000000000008aa8       0x9a uzeboxVideoEngine.o
                0x0000000000008aa8                DrawMap2
 .text.PrintByte
                0x0000000000008b42       0x66 uzeboxVideoEngine.o
                0x0000000000008b42                PrintByte
 .text.Print    0x0000000000008ba8       0x36 uzeboxVideoEngine.o
                0x0000000000008ba8                Print
 .text.PrintChar
                0x0000000000008bde        0x6 uzeboxVideoEngine.o
                0x0000000000008bde                PrintChar
 .text.WaitVsync
                0x0000000000008be4       0x2e uzeboxVideoEngine.o
                0x0000000000008be4                WaitVsync
 .text.DisplayLogo
                0x0000000000008c12       0x76 uzeboxVideoEngine.o
                0x0000000000008c12                DisplayLogo
 .text.doFade   0x0000000000008c88       0x1c uzeboxVideoEngine.o
                0x0000000000008c88                doFade
 .text.FadeIn   0x0000000000008ca4       0x18 uzeboxVideoEngine.o
                0x0000000000008ca4                FadeIn
 .text.FadeOut  0x0000000000008cbc       0x18 uzeboxVideoEngine.o
                0x0000000000008cbc                FadeOut
 .text.ProcessFading
                0x0000000000008cd4       0x4a uzeboxVideoEngine.o
                0x0000000000008cd4                ProcessFading
 .text.VideoModeVsync
                0x0000000000008d1e        0x8 uzeboxVideoEngine.o
                0x0000000000008d1e                VideoModeVsync
 .text.LBGetJoyPadState
                0x0000000000008d26       0x84 TankFu.o
                0x0000000000008d26                LBGetJoyPadState
 .text.LBCopyChars
                0x0000000000008daa       0x18 TankFu.o
                0x0000000000008daa                LBCopyChars
 .text.LBPrintStr
                0x0000000000008dc2       0x62 TankFu.o
                0x0000000000008dc2                LBPrintStr
 .text.random   0x0000000000008e24       0x3e TankFu.o
                0x0000000000008e24                random
 .text.load_eeprom
                0x0000000000008e62       0x24 TankFu.o
                0x0000000000008e62                load_eeprom
 .text.fade_through
                0x0000000000008e86       0x14 TankFu.o
                0x0000000000008e86                fade_through
 .text.clear_sprites
                0x0000000000008e9a       0x18 TankFu.o
                0x0000000000008e9a                clear_sprites
 .text.reset_game_state
                0x0000000000008eb2       0x2c TankFu.o
                0x0000000000008eb2                reset_game_state
 .text.player_level_init
                0x0000000000008ede       0x14 TankFu.o
                0x0000000000008ede                player_level_init
 .text.load_level
                0x0000000000008ef2       0xd8 TankFu.o
                0x0000000000008ef2                load_level
 .text.save_score
                0x0000000000008fca       0xce TankFu.o
                0x0000000000008fca                save_score
 .text.update_level_helper
                0x0000000000009098       0x62 TankFu.o
                0x0000000000009098                update_level_helper
 .text.render_score
                0x00000000000090fa       0xba TankFu.o
                0x00000000000090fa                render_score
 .text.render_player
                0x00000000000091b4       0x16 TankFu.o
                0x00000000000091b4                render_player
 .text.update_level
                0x00000000000091ca      0x164 TankFu.o
                0x00000000000091ca                update_level
 .text.update_splash
                0x000000000000932e      0x110 TankFu.o
                0x000000000000932e                update_splash
 .text.update_tank_rank
                0x000000000000943e      0x152 TankFu.o
                0x000000000000943e                update_tank_rank
 .text._handle_select_helper
                0x0000000000009590      0x160 TankFu.o
                0x0000000000009590                _handle_select_helper
 .text._handle_select_render_helper
                0x00000000000096f0      0x14e TankFu.o
                0x00000000000096f0                _handle_select_render_helper
 .text.update_handle_select
                0x000000000000983e      0x1de TankFu.o
                0x000000000000983e                update_handle_select
 .text.startup.main
                0x0000000000009a1c       0x8c TankFu.o
                0x0000000000009a1c                main
 .text.libgcc.div
                0x0000000000009aa8       0x18 /usr/local/lib/gcc/avr/4.9.2/avr5/libgcc.a(_udivmodqi4.o)
                0x0000000000009aa8                __udivmodqi4
 .text.libgcc.div
                0x0000000000009ac0       0x28 /usr/local/lib/gcc/avr/4.9.2/avr5/libgcc.a(_udivmodhi4.o)
                0x0000000000009ac0                __udivmodhi4
 .text.libgcc.div
                0x0000000000009ae8       0x28 /usr/local/lib/gcc/avr/4.9.2/avr5/libgcc.a(_divmodhi4.o)
                0x0000000000009ae8                __divmodhi4
                0x0000000000009ae8                _div
 .text.libgcc   0x0000000000009b10        0xc /usr/local/lib/gcc/avr/4.9.2/avr5/libgcc.a(_tablejump2.o)
                0x0000000000009b10                __tablejump2__
                0x0000000000009b1c                . = ALIGN (0x2)
 *(.fini9)
 .fini9         0x0000000000009b1c        0x0 /usr/local/lib/gcc/avr/4.9.2/avr5/libgcc.a(_exit.o)
                0x0000000000009b1c                exit
                0x0000000000009b1c                _exit
 *(.fini9)
 *(.fini8)
 *(.fini8)
 *(.fini7)
 *(.fini7)
 *(.fini6)
 *(.fini6)
 *(.fini5)
 *(.fini5)
 *(.fini4)
 *(.fini4)
 *(.fini3)
 *(.fini3)
 *(.fini2)
 *(.fini2)
 *(.fini1)
 *(.fini1)
 *(.fini0)
 .fini0         0x0000000000009b1c        0x4 /usr/local/lib/gcc/avr/4.9.2/avr5/libgcc.a(_exit.o)
 *(.fini0)
                0x0000000000009b20                _etext = .

.data           0x0000000000800100       0xc8 load address 0x0000000000009b20
                0x0000000000800100                PROVIDE (__data_start, .)
 *(.data)
 .data          0x0000000000800100        0x0 /usr/local/lib/gcc/avr/4.9.2/../../../../avr/lib/avr5/crtm644.o
 .data          0x0000000000800100        0x0 uzeboxVideoEngineCore.o
 .data          0x0000000000800100        0x0 uzeboxCore.o
 .data          0x0000000000800100        0x0 uzeboxSoundEngine.o
 .data          0x0000000000800100        0x0 uzeboxSoundEngineCore.o
 .data          0x0000000000800100        0x1 uzeboxVideoEngine.o
                0x0000000000800100                spritesOn
 .data          0x0000000000800101       0xc6 TankFu.o
                0x0000000000800101                scores
                0x0000000000800121                handles
                0x0000000000800141                player2
                0x000000000080017a                player1
                0x00000000008001b3                banter_map
 .data          0x00000000008001c7        0x0 /usr/local/lib/gcc/avr/4.9.2/avr5/libgcc.a(_udivmodqi4.o)
 .data          0x00000000008001c7        0x0 /usr/local/lib/gcc/avr/4.9.2/avr5/libgcc.a(_udivmodhi4.o)
 .data          0x00000000008001c7        0x0 /usr/local/lib/gcc/avr/4.9.2/avr5/libgcc.a(_divmodhi4.o)
 .data          0x00000000008001c7        0x0 /usr/local/lib/gcc/avr/4.9.2/avr5/libgcc.a(_udivmodsi4.o)
 .data          0x00000000008001c7        0x0 /usr/local/lib/gcc/avr/4.9.2/avr5/libgcc.a(_exit.o)
 .data          0x00000000008001c7        0x0 /usr/local/lib/gcc/avr/4.9.2/avr5/libgcc.a(_tablejump2.o)
 .data          0x00000000008001c7        0x0 /usr/local/lib/gcc/avr/4.9.2/avr5/libgcc.a(_copy_data.o)
 .data          0x00000000008001c7        0x0 /usr/local/lib/gcc/avr/4.9.2/avr5/libgcc.a(_clear_bss.o)
 *(.data*)
 *(.rodata)
 *(.rodata*)
 *(.gnu.linkonce.d*)
                0x00000000008001c8                . = ALIGN (0x2)
 *fill*         0x00000000008001c7        0x1 
                0x00000000008001c8                _edata = .
                0x00000000008001c8                PROVIDE (__data_end, .)

.bss            0x00000000008001e0      0xcd0
                0x00000000008001e0                PROVIDE (__bss_start, .)
 *(.bss)
 .bss           0x00000000008001e0      0x720 uzeboxVideoEngineCore.o
                0x00000000008001e0                vram
                0x0000000000800528                sprites
                0x0000000000800528                overlay_vram
                0x000000000080055c                ram_tiles
                0x000000000080089c                ram_tiles_restore
                0x00000000008008c3                sprites_tile_banks
                0x00000000008008ce                Screen
                0x00000000008008d2                sync_phase
                0x00000000008008d3                sync_pulse
                0x00000000008008d4                sync_flags
                0x00000000008008d9                first_render_line
                0x00000000008008da                render_lines_count
                0x00000000008008db                first_render_line_tmp
                0x00000000008008dc                render_lines_count_tmp
                0x00000000008008dd                joypad1_status_lo
                0x00000000008008df                joypad1_status_hi
                0x00000000008008e1                joypad2_status_lo
                0x00000000008008e3                joypad2_status_hi
 .bss           0x0000000000800900        0x1 uzeboxSoundEngine.o
                0x0000000000800900                playSong
 .bss           0x0000000000800901      0x22d uzeboxSoundEngineCore.o
                0x0000000000800901                mix_buf
                0x0000000000800b0d                mix_pos
                0x0000000000800b0f                mix_bank
                0x0000000000800b11                sound_enabled
                0x0000000000800b12                mixer
 .bss           0x0000000000800b2e       0x16 TankFu.o
                0x0000000000800b2e                p2s
                0x0000000000800b34                p1s
                0x0000000000800b3a                game
 *(.bss*)
 *(COMMON)
 COMMON         0x0000000000800b44        0x1 uzeboxCore.o
                0x0000000000800b44                joypadsConnectionStatus
 COMMON         0x0000000000800b45       0x68 uzeboxSoundEngine.o
                0x0000000000800b45                songStart
                0x0000000000800b47                tracks
                0x0000000000800b9f                currDeltaTime
                0x0000000000800ba1                patchPointers
                0x0000000000800ba3                lastStatus
                0x0000000000800ba4                masterVolume
                0x0000000000800ba5                nextDeltaTime
                0x0000000000800ba7                songSpeed
                0x0000000000800ba8                songPos
                0x0000000000800baa                loopStart
                0x0000000000800bac                step
 COMMON         0x0000000000800bad        0x6 uzeboxVideoEngine.o
                0x0000000000800bad                fadeSpeed
                0x0000000000800bae                fadeDir
                0x0000000000800baf                free_tile_index
                0x0000000000800bb0                fadeActive
                0x0000000000800bb1                currFadeFrame
                0x0000000000800bb2                fadeStep
 COMMON         0x0000000000800bb3      0x2fd TankFu.o
                0x0000000000800bb3                p2
                0x0000000000800bb9                p1
                0x0000000000800bbf                level
                0x0000000000800eae                random_seed
                0x0000000000800eb0                PROVIDE (__bss_end, .)
                0x0000000000009b20                __data_load_start = LOADADDR (.data)
                0x0000000000009be8                __data_load_end = (__data_load_start + SIZEOF (.data))

.noinit         0x0000000000800eb0        0x0
                0x0000000000800eb0                PROVIDE (__noinit_start, .)
 *(.noinit*)
                0x0000000000800eb0                PROVIDE (__noinit_end, .)
                0x0000000000800eb0                _end = .
                0x0000000000800eb0                PROVIDE (__heap_start, .)

.eeprom         0x0000000000810000        0x0
 *(.eeprom*)
                0x0000000000810000                __eeprom_end = .

.fuse
 *(.fuse)
 *(.lfuse)
 *(.hfuse)
 *(.efuse)

.lock
 *(.lock*)

.signature
 *(.signature*)

.stab           0x0000000000000000      0x648
 *(.stab)
 .stab          0x0000000000000000       0xf0 /usr/local/lib/gcc/avr/4.9.2/avr5/libgcc.a(_udivmodqi4.o)
 .stab          0x00000000000000f0      0x15c /usr/local/lib/gcc/avr/4.9.2/avr5/libgcc.a(_udivmodhi4.o)
                                        0x168 (size before relaxing)
 .stab          0x000000000000024c      0x138 /usr/local/lib/gcc/avr/4.9.2/avr5/libgcc.a(_divmodhi4.o)
                                        0x144 (size before relaxing)
 .stab          0x0000000000000384       0x30 /usr/local/lib/gcc/avr/4.9.2/avr5/libgcc.a(_udivmodsi4.o)
                                        0x234 (size before relaxing)
 .stab          0x00000000000003b4       0x6c /usr/local/lib/gcc/avr/4.9.2/avr5/libgcc.a(_exit.o)
                                         0x78 (size before relaxing)
 .stab          0x0000000000000420       0x9c /usr/local/lib/gcc/avr/4.9.2/avr5/libgcc.a(_tablejump2.o)
                                         0xa8 (size before relaxing)
 .stab          0x00000000000004bc       0xd8 /usr/local/lib/gcc/avr/4.9.2/avr5/libgcc.a(_copy_data.o)
                                         0xe4 (size before relaxing)
 .stab          0x0000000000000594       0xb4 /usr/local/lib/gcc/avr/4.9.2/avr5/libgcc.a(_clear_bss.o)
                                         0xc0 (size before relaxing)

.stabstr        0x0000000000000000      0x29b
 *(.stabstr)
 .stabstr       0x0000000000000000      0x29b /usr/local/lib/gcc/avr/4.9.2/avr5/libgcc.a(_udivmodqi4.o)

.stab.excl
 *(.stab.excl)

.stab.exclstr
 *(.stab.exclstr)

.stab.index
 *(.stab.index)

.stab.indexstr
 *(.stab.indexstr)

.comment        0x0000000000000000       0x11
 *(.comment)
 .comment       0x0000000000000000       0x11 uzeboxCore.o
                                         0x12 (size before relaxing)
 .comment       0x0000000000000000       0x12 uzeboxSoundEngine.o
 .comment       0x0000000000000000       0x12 uzeboxVideoEngine.o
 .comment       0x0000000000000000       0x12 TankFu.o

.note.gnu.build-id
 *(.note.gnu.build-id)

.debug
 *(.debug)

.line
 *(.line)

.debug_srcinfo
 *(.debug_srcinfo)

.debug_sfnames
 *(.debug_sfnames)

.debug_aranges  0x0000000000000000      0x468
 *(.debug_aranges)
 .debug_aranges
                0x0000000000000000       0xd0 uzeboxVideoEngineCore.o
 .debug_aranges
                0x00000000000000d0       0x80 uzeboxCore.o
 .debug_aranges
                0x0000000000000150       0xe8 uzeboxSoundEngine.o
 .debug_aranges
                0x0000000000000238       0x48 uzeboxSoundEngineCore.o
 .debug_aranges
                0x0000000000000280       0xf8 uzeboxVideoEngine.o
 .debug_aranges
                0x0000000000000378       0xf0 TankFu.o

.debug_pubnames
 *(.debug_pubnames)

.debug_info     0x0000000000000000     0x6083
 *(.debug_info .gnu.linkonce.wi.*)
 .debug_info    0x0000000000000000      0x672 /usr/local/lib/gcc/avr/4.9.2/../../../../avr/lib/avr5/crtm644.o
 .debug_info    0x0000000000000672       0x7b uzeboxVideoEngineCore.o
 .debug_info    0x00000000000006ed      0x9bb uzeboxCore.o
 .debug_info    0x00000000000010a8     0x1223 uzeboxSoundEngine.o
 .debug_info    0x00000000000022cb       0x71 uzeboxSoundEngineCore.o
 .debug_info    0x000000000000233c     0x15bb uzeboxVideoEngine.o
 .debug_info    0x00000000000038f7     0x278c TankFu.o

.debug_abbrev   0x0000000000000000     0x1434
 *(.debug_abbrev)
 .debug_abbrev  0x0000000000000000      0x619 /usr/local/lib/gcc/avr/4.9.2/../../../../avr/lib/avr5/crtm644.o
 .debug_abbrev  0x0000000000000619       0x12 uzeboxVideoEngineCore.o
 .debug_abbrev  0x000000000000062b      0x2eb uzeboxCore.o
 .debug_abbrev  0x0000000000000916      0x307 uzeboxSoundEngine.o
 .debug_abbrev  0x0000000000000c1d       0x12 uzeboxSoundEngineCore.o
 .debug_abbrev  0x0000000000000c2f      0x3ab uzeboxVideoEngine.o
 .debug_abbrev  0x0000000000000fda      0x45a TankFu.o

.debug_line     0x0000000000000000     0x16a6
 *(.debug_line .debug_line.* .debug_line_end)
 .debug_line    0x0000000000000000       0x1d /usr/local/lib/gcc/avr/4.9.2/../../../../avr/lib/avr5/crtm644.o
 .debug_line    0x000000000000001d      0x47a uzeboxVideoEngineCore.o
 .debug_line    0x0000000000000497      0x293 uzeboxCore.o
 .debug_line    0x000000000000072a      0x39e uzeboxSoundEngine.o
 .debug_line    0x0000000000000ac8      0x1cf uzeboxSoundEngineCore.o
 .debug_line    0x0000000000000c97      0x4df uzeboxVideoEngine.o
 .debug_line    0x0000000000001176      0x530 TankFu.o

.debug_frame    0x0000000000000000      0xc3c
 *(.debug_frame)
 .debug_frame   0x0000000000000000      0x174 uzeboxCore.o
 .debug_frame   0x0000000000000174      0x26c uzeboxSoundEngine.o
 .debug_frame   0x00000000000003e0      0x4c0 uzeboxVideoEngine.o
 .debug_frame   0x00000000000008a0      0x39c TankFu.o

.debug_str      0x0000000000000000     0x14b6
 *(.debug_str)
 .debug_str     0x0000000000000000      0x231 /usr/local/lib/gcc/avr/4.9.2/../../../../avr/lib/avr5/crtm644.o
 .debug_str     0x0000000000000231      0x450 uzeboxCore.o
                                        0x499 (size before relaxing)
 .debug_str     0x0000000000000681      0x3d6 uzeboxSoundEngine.o
                                        0x5cd (size before relaxing)
 .debug_str     0x0000000000000a57      0x2e4 uzeboxVideoEngine.o
                                        0x4b9 (size before relaxing)
 .debug_str     0x0000000000000d3b      0x77b TankFu.o
                                        0x9da (size before relaxing)

.debug_loc      0x0000000000000000     0x4ba7
 *(.debug_loc)
 .debug_loc     0x0000000000000000      0x864 uzeboxCore.o
 .debug_loc     0x0000000000000864     0x1174 uzeboxSoundEngine.o
 .debug_loc     0x00000000000019d8     0x1d49 uzeboxVideoEngine.o
 .debug_loc     0x0000000000003721     0x1486 TankFu.o

.debug_macinfo
 *(.debug_macinfo)

.debug_weaknames
 *(.debug_weaknames)

.debug_funcnames
 *(.debug_funcnames)

.debug_typenames
 *(.debug_typenames)

.debug_varnames
 *(.debug_varnames)

.debug_pubtypes
 *(.debug_pubtypes)

.debug_ranges   0x0000000000000000      0x4c0
 *(.debug_ranges)
 .debug_ranges  0x0000000000000000       0xc8 uzeboxVideoEngineCore.o
 .debug_ranges  0x00000000000000c8       0x70 uzeboxCore.o
 .debug_ranges  0x0000000000000138      0x120 uzeboxSoundEngine.o
 .debug_ranges  0x0000000000000258       0x40 uzeboxSoundEngineCore.o
 .debug_ranges  0x0000000000000298      0x130 uzeboxVideoEngine.o
 .debug_ranges  0x00000000000003c8       0xf8 TankFu.o

.debug_macro
 *(.debug_macro)
OUTPUT(TankFu.elf elf32-avr)
LOAD linker stubs
