Archive member included because of file (symbol)

/usr/local/lib/gcc/avr/4.9.2/avr5/libgcc.a(_udivmodqi4.o)
                              uzeboxVideoEngine.o (__udivmodqi4)
/usr/local/lib/gcc/avr/4.9.2/avr5/libgcc.a(_udivmodhi4.o)
                              uzeboxVideoEngine.o (__udivmodhi4)
/usr/local/lib/gcc/avr/4.9.2/avr5/libgcc.a(_divmodhi4.o)
                              uzeboxSoundEngine.o (__divmodhi4)
/usr/local/lib/gcc/avr/4.9.2/avr5/libgcc.a(_udivmodsi4.o)
                              uzeboxVideoEngine.o (__udivmodsi4)
/usr/local/lib/gcc/avr/4.9.2/avr5/libgcc.a(_exit.o)
                              /usr/local/lib/gcc/avr/4.9.2/../../../../avr/lib/avr5/crtm644.o (exit)
/usr/local/lib/gcc/avr/4.9.2/avr5/libgcc.a(_tablejump2.o)
                              TankFu.o (__tablejump2__)
/usr/local/lib/gcc/avr/4.9.2/avr5/libgcc.a(_copy_data.o)
                              uzeboxVideoEngine.o (__do_copy_data)
/usr/local/lib/gcc/avr/4.9.2/avr5/libgcc.a(_clear_bss.o)
                              uzeboxCore.o (__do_clear_bss)
/usr/local/lib/gcc/avr/4.9.2/../../../../avr/lib/avr5/libm.a(addsf3.o)
                              TankFu.o (__subsf3)
/usr/local/lib/gcc/avr/4.9.2/../../../../avr/lib/avr5/libm.a(addsf3x.o)
                              /usr/local/lib/gcc/avr/4.9.2/../../../../avr/lib/avr5/libm.a(addsf3.o) (__addsf3x)
/usr/local/lib/gcc/avr/4.9.2/../../../../avr/lib/avr5/libm.a(cmpsf2.o)
                              TankFu.o (__eqsf2)
/usr/local/lib/gcc/avr/4.9.2/../../../../avr/lib/avr5/libm.a(divsf3.o)
                              TankFu.o (__divsf3)
/usr/local/lib/gcc/avr/4.9.2/../../../../avr/lib/avr5/libm.a(divsf3x.o)
                              /usr/local/lib/gcc/avr/4.9.2/../../../../avr/lib/avr5/libm.a(divsf3.o) (__divsf3x)
/usr/local/lib/gcc/avr/4.9.2/../../../../avr/lib/avr5/libm.a(fixunssfsi.o)
                              TankFu.o (__fixunssfsi)
/usr/local/lib/gcc/avr/4.9.2/../../../../avr/lib/avr5/libm.a(floatsisf.o)
                              TankFu.o (__floatunsisf)
/usr/local/lib/gcc/avr/4.9.2/../../../../avr/lib/avr5/libm.a(fp_cmp.o)
                              /usr/local/lib/gcc/avr/4.9.2/../../../../avr/lib/avr5/libm.a(cmpsf2.o) (__fp_cmp)
/usr/local/lib/gcc/avr/4.9.2/../../../../avr/lib/avr5/libm.a(fp_inf.o)
                              /usr/local/lib/gcc/avr/4.9.2/../../../../avr/lib/avr5/libm.a(addsf3x.o) (__fp_inf)
/usr/local/lib/gcc/avr/4.9.2/../../../../avr/lib/avr5/libm.a(fp_nan.o)
                              /usr/local/lib/gcc/avr/4.9.2/../../../../avr/lib/avr5/libm.a(addsf3x.o) (__fp_nan)
/usr/local/lib/gcc/avr/4.9.2/../../../../avr/lib/avr5/libm.a(fp_pscA.o)
                              /usr/local/lib/gcc/avr/4.9.2/../../../../avr/lib/avr5/libm.a(addsf3x.o) (__fp_pscA)
/usr/local/lib/gcc/avr/4.9.2/../../../../avr/lib/avr5/libm.a(fp_pscB.o)
                              /usr/local/lib/gcc/avr/4.9.2/../../../../avr/lib/avr5/libm.a(addsf3x.o) (__fp_pscB)
/usr/local/lib/gcc/avr/4.9.2/../../../../avr/lib/avr5/libm.a(fp_round.o)
                              /usr/local/lib/gcc/avr/4.9.2/../../../../avr/lib/avr5/libm.a(addsf3.o) (__fp_round)
/usr/local/lib/gcc/avr/4.9.2/../../../../avr/lib/avr5/libm.a(fp_split3.o)
                              /usr/local/lib/gcc/avr/4.9.2/../../../../avr/lib/avr5/libm.a(addsf3x.o) (__fp_split3)
/usr/local/lib/gcc/avr/4.9.2/../../../../avr/lib/avr5/libm.a(fp_zero.o)
                              /usr/local/lib/gcc/avr/4.9.2/../../../../avr/lib/avr5/libm.a(addsf3x.o) (__fp_zero)
/usr/local/lib/gcc/avr/4.9.2/../../../../avr/lib/avr5/libm.a(gesf2.o)
                              TankFu.o (__gtsf2)
/usr/local/lib/gcc/avr/4.9.2/../../../../avr/lib/avr5/libm.a(mulsf3.o)
                              TankFu.o (__mulsf3)
/usr/local/lib/gcc/avr/4.9.2/../../../../avr/lib/avr5/libm.a(mulsf3x.o)
                              /usr/local/lib/gcc/avr/4.9.2/../../../../avr/lib/avr5/libm.a(mulsf3.o) (__mulsf3x)

Allocating common symbols
Common symbol       size              file

songStart           0x2               uzeboxSoundEngine.o
tracks              0x58              uzeboxSoundEngine.o
fadeSpeed           0x1               uzeboxVideoEngine.o
p2                  0x6               TankFu.o
currDeltaTime       0x2               uzeboxSoundEngine.o
fadeDir             0x1               uzeboxVideoEngine.o
patchPointers       0x2               uzeboxSoundEngine.o
lastStatus          0x1               uzeboxSoundEngine.o
joypadsConnectionStatus
                    0x1               uzeboxCore.o
free_tile_index     0x1               uzeboxVideoEngine.o
fadeActive          0x1               uzeboxVideoEngine.o
p1                  0x6               TankFu.o
masterVolume        0x1               uzeboxSoundEngine.o
nextDeltaTime       0x2               uzeboxSoundEngine.o
songSpeed           0x1               uzeboxSoundEngine.o
songPos             0x2               uzeboxSoundEngine.o
loopStart           0x2               uzeboxSoundEngine.o
step                0x1               uzeboxSoundEngine.o
currFadeFrame       0x1               uzeboxVideoEngine.o
fadeStep            0x1               uzeboxVideoEngine.o
random_seed         0x2               TankFu.o

Discarded input sections

 .bss           0x0000000000000000        0x0 /usr/local/lib/gcc/avr/4.9.2/../../../../avr/lib/avr5/crtm644.o
 .text.SetSpritesTileBank
                0x0000000000000000       0x12 uzeboxVideoEngineCore.o
 .text.GetTile  0x0000000000000000       0x1e uzeboxVideoEngineCore.o
 .text.WaitUs   0x0000000000000000        0xe uzeboxVideoEngineCore.o
 .text.SetUserPreVsyncCallback
                0x0000000000000000        0xa uzeboxVideoEngineCore.o
 .text.SetUserPostVsyncCallback
                0x0000000000000000        0xa uzeboxVideoEngineCore.o
 .text.IsRunningInEmulator
                0x0000000000000000       0x12 uzeboxVideoEngineCore.o
 .text.WaitClocks
                0x0000000000000000        0x6 uzeboxVideoEngineCore.o
 .text.SetLedOn
                0x0000000000000000        0x4 uzeboxVideoEngineCore.o
 .text.SetLedOff
                0x0000000000000000        0x4 uzeboxVideoEngineCore.o
 .text.ToggleLed
                0x0000000000000000        0x4 uzeboxVideoEngineCore.o
 .text.internal_spi_byte
                0x0000000000000000        0xe uzeboxVideoEngineCore.o
 .text          0x0000000000000000        0x0 uzeboxCore.o
 .bss           0x0000000000000000        0x0 uzeboxCore.o
 .text.SetRenderingParameters
                0x0000000000000000        0xa uzeboxCore.o
 .text.DetectControllers
                0x0000000000000000       0x36 uzeboxCore.o
 .text.FormatEeprom2
                0x0000000000000000       0x98 uzeboxCore.o
 .text.ReadPowerSwitch
                0x0000000000000000        0xe uzeboxCore.o
 .text          0x0000000000000000        0x0 uzeboxSoundEngine.o
 .text.StartSong
                0x0000000000000000       0x4e uzeboxSoundEngine.o
 .text.ResumeSong
                0x0000000000000000        0x8 uzeboxSoundEngine.o
 .text.SetSongSpeed
                0x0000000000000000        0x6 uzeboxSoundEngine.o
 .text.GetSongSpeed
                0x0000000000000000        0x6 uzeboxSoundEngine.o
 .text.GetMasterVolume
                0x0000000000000000        0x6 uzeboxSoundEngine.o
 .text.SetMixerNoiseParams
                0x0000000000000000       0x10 uzeboxSoundEngineCore.o
 .text.SetMixerVolume
                0x0000000000000000       0x16 uzeboxSoundEngineCore.o
 .text.EnableSoundEngine
                0x0000000000000000        0x8 uzeboxSoundEngineCore.o
 .text          0x0000000000000000        0x0 uzeboxVideoEngine.o
 .bss           0x0000000000000000        0x0 uzeboxVideoEngine.o
 .text.SetSpriteVisibility
                0x0000000000000000        0x6 uzeboxVideoEngine.o
 .text.MapSprite
                0x0000000000000000       0x80 uzeboxVideoEngine.o
 .text.DrawMap  0x0000000000000000       0x98 uzeboxVideoEngine.o
 .text.PrintLong
                0x0000000000000000       0x8a uzeboxVideoEngine.o
 .text.PrintInt
                0x0000000000000000       0x70 uzeboxVideoEngine.o
 .text.PrintBinaryByte
                0x0000000000000000       0x36 uzeboxVideoEngine.o
 .text.PrintHexByte
                0x0000000000000000       0x40 uzeboxVideoEngine.o
 .text.PrintHexInt
                0x0000000000000000       0x24 uzeboxVideoEngine.o
 .text.PrintHexLong
                0x0000000000000000       0x5e uzeboxVideoEngine.o
 .text.PrintRam
                0x0000000000000000       0x36 uzeboxVideoEngine.o
 .text.Fill     0x0000000000000000       0x6e uzeboxVideoEngine.o
 .text.FontFill
                0x0000000000000000       0x6c uzeboxVideoEngine.o
 .text          0x0000000000000000        0x0 TankFu.o
 .text.LBCollides
                0x0000000000000000       0x54 TankFu.o
 .text.save_eeprom
                0x0000000000000000        0x4 TankFu.o
 .text.reset_player_state
                0x0000000000000000        0xe TankFu.o
 .text.get_random_seed
                0x0000000000000000        0x6 TankFu.o
 .text          0x0000000000000000        0x0 /usr/local/lib/gcc/avr/4.9.2/avr5/libgcc.a(_udivmodqi4.o)
 .bss           0x0000000000000000        0x0 /usr/local/lib/gcc/avr/4.9.2/avr5/libgcc.a(_udivmodqi4.o)
 .text.libgcc.mul
                0x0000000000000000        0x0 /usr/local/lib/gcc/avr/4.9.2/avr5/libgcc.a(_udivmodqi4.o)
 .text.libgcc   0x0000000000000000        0x0 /usr/local/lib/gcc/avr/4.9.2/avr5/libgcc.a(_udivmodqi4.o)
 .text.libgcc.prologue
                0x0000000000000000        0x0 /usr/local/lib/gcc/avr/4.9.2/avr5/libgcc.a(_udivmodqi4.o)
 .text.libgcc.builtins
                0x0000000000000000        0x0 /usr/local/lib/gcc/avr/4.9.2/avr5/libgcc.a(_udivmodqi4.o)
 .text.libgcc.fmul
                0x0000000000000000        0x0 /usr/local/lib/gcc/avr/4.9.2/avr5/libgcc.a(_udivmodqi4.o)
 .text.libgcc.fixed
                0x0000000000000000        0x0 /usr/local/lib/gcc/avr/4.9.2/avr5/libgcc.a(_udivmodqi4.o)
 .text          0x0000000000000000        0x0 /usr/local/lib/gcc/avr/4.9.2/avr5/libgcc.a(_udivmodhi4.o)
 .bss           0x0000000000000000        0x0 /usr/local/lib/gcc/avr/4.9.2/avr5/libgcc.a(_udivmodhi4.o)
 .text.libgcc.mul
                0x0000000000000000        0x0 /usr/local/lib/gcc/avr/4.9.2/avr5/libgcc.a(_udivmodhi4.o)
 .text.libgcc   0x0000000000000000        0x0 /usr/local/lib/gcc/avr/4.9.2/avr5/libgcc.a(_udivmodhi4.o)
 .text.libgcc.prologue
                0x0000000000000000        0x0 /usr/local/lib/gcc/avr/4.9.2/avr5/libgcc.a(_udivmodhi4.o)
 .text.libgcc.builtins
                0x0000000000000000        0x0 /usr/local/lib/gcc/avr/4.9.2/avr5/libgcc.a(_udivmodhi4.o)
 .text.libgcc.fmul
                0x0000000000000000        0x0 /usr/local/lib/gcc/avr/4.9.2/avr5/libgcc.a(_udivmodhi4.o)
 .text.libgcc.fixed
                0x0000000000000000        0x0 /usr/local/lib/gcc/avr/4.9.2/avr5/libgcc.a(_udivmodhi4.o)
 .text          0x0000000000000000        0x0 /usr/local/lib/gcc/avr/4.9.2/avr5/libgcc.a(_divmodhi4.o)
 .bss           0x0000000000000000        0x0 /usr/local/lib/gcc/avr/4.9.2/avr5/libgcc.a(_divmodhi4.o)
 .text.libgcc.mul
                0x0000000000000000        0x0 /usr/local/lib/gcc/avr/4.9.2/avr5/libgcc.a(_divmodhi4.o)
 .text.libgcc   0x0000000000000000        0x0 /usr/local/lib/gcc/avr/4.9.2/avr5/libgcc.a(_divmodhi4.o)
 .text.libgcc.prologue
                0x0000000000000000        0x0 /usr/local/lib/gcc/avr/4.9.2/avr5/libgcc.a(_divmodhi4.o)
 .text.libgcc.builtins
                0x0000000000000000        0x0 /usr/local/lib/gcc/avr/4.9.2/avr5/libgcc.a(_divmodhi4.o)
 .text.libgcc.fmul
                0x0000000000000000        0x0 /usr/local/lib/gcc/avr/4.9.2/avr5/libgcc.a(_divmodhi4.o)
 .text.libgcc.fixed
                0x0000000000000000        0x0 /usr/local/lib/gcc/avr/4.9.2/avr5/libgcc.a(_divmodhi4.o)
 .text          0x0000000000000000        0x0 /usr/local/lib/gcc/avr/4.9.2/avr5/libgcc.a(_udivmodsi4.o)
 .bss           0x0000000000000000        0x0 /usr/local/lib/gcc/avr/4.9.2/avr5/libgcc.a(_udivmodsi4.o)
 .text.libgcc.mul
                0x0000000000000000        0x0 /usr/local/lib/gcc/avr/4.9.2/avr5/libgcc.a(_udivmodsi4.o)
 .text.libgcc.div
                0x0000000000000000       0x44 /usr/local/lib/gcc/avr/4.9.2/avr5/libgcc.a(_udivmodsi4.o)
 .text.libgcc   0x0000000000000000        0x0 /usr/local/lib/gcc/avr/4.9.2/avr5/libgcc.a(_udivmodsi4.o)
 .text.libgcc.prologue
                0x0000000000000000        0x0 /usr/local/lib/gcc/avr/4.9.2/avr5/libgcc.a(_udivmodsi4.o)
 .text.libgcc.builtins
                0x0000000000000000        0x0 /usr/local/lib/gcc/avr/4.9.2/avr5/libgcc.a(_udivmodsi4.o)
 .text.libgcc.fmul
                0x0000000000000000        0x0 /usr/local/lib/gcc/avr/4.9.2/avr5/libgcc.a(_udivmodsi4.o)
 .text.libgcc.fixed
                0x0000000000000000        0x0 /usr/local/lib/gcc/avr/4.9.2/avr5/libgcc.a(_udivmodsi4.o)
 .text          0x0000000000000000        0x0 /usr/local/lib/gcc/avr/4.9.2/avr5/libgcc.a(_exit.o)
 .bss           0x0000000000000000        0x0 /usr/local/lib/gcc/avr/4.9.2/avr5/libgcc.a(_exit.o)
 .text.libgcc.mul
                0x0000000000000000        0x0 /usr/local/lib/gcc/avr/4.9.2/avr5/libgcc.a(_exit.o)
 .text.libgcc.div
                0x0000000000000000        0x0 /usr/local/lib/gcc/avr/4.9.2/avr5/libgcc.a(_exit.o)
 .text.libgcc   0x0000000000000000        0x0 /usr/local/lib/gcc/avr/4.9.2/avr5/libgcc.a(_exit.o)
 .text.libgcc.prologue
                0x0000000000000000        0x0 /usr/local/lib/gcc/avr/4.9.2/avr5/libgcc.a(_exit.o)
 .text.libgcc.builtins
                0x0000000000000000        0x0 /usr/local/lib/gcc/avr/4.9.2/avr5/libgcc.a(_exit.o)
 .text.libgcc.fmul
                0x0000000000000000        0x0 /usr/local/lib/gcc/avr/4.9.2/avr5/libgcc.a(_exit.o)
 .text.libgcc.fixed
                0x0000000000000000        0x0 /usr/local/lib/gcc/avr/4.9.2/avr5/libgcc.a(_exit.o)
 .text          0x0000000000000000        0x0 /usr/local/lib/gcc/avr/4.9.2/avr5/libgcc.a(_tablejump2.o)
 .bss           0x0000000000000000        0x0 /usr/local/lib/gcc/avr/4.9.2/avr5/libgcc.a(_tablejump2.o)
 .text.libgcc.mul
                0x0000000000000000        0x0 /usr/local/lib/gcc/avr/4.9.2/avr5/libgcc.a(_tablejump2.o)
 .text.libgcc.div
                0x0000000000000000        0x0 /usr/local/lib/gcc/avr/4.9.2/avr5/libgcc.a(_tablejump2.o)
 .text.libgcc.prologue
                0x0000000000000000        0x0 /usr/local/lib/gcc/avr/4.9.2/avr5/libgcc.a(_tablejump2.o)
 .text.libgcc.builtins
                0x0000000000000000        0x0 /usr/local/lib/gcc/avr/4.9.2/avr5/libgcc.a(_tablejump2.o)
 .text.libgcc.fmul
                0x0000000000000000        0x0 /usr/local/lib/gcc/avr/4.9.2/avr5/libgcc.a(_tablejump2.o)
 .text.libgcc.fixed
                0x0000000000000000        0x0 /usr/local/lib/gcc/avr/4.9.2/avr5/libgcc.a(_tablejump2.o)
 .text          0x0000000000000000        0x0 /usr/local/lib/gcc/avr/4.9.2/avr5/libgcc.a(_copy_data.o)
 .bss           0x0000000000000000        0x0 /usr/local/lib/gcc/avr/4.9.2/avr5/libgcc.a(_copy_data.o)
 .text.libgcc.mul
                0x0000000000000000        0x0 /usr/local/lib/gcc/avr/4.9.2/avr5/libgcc.a(_copy_data.o)
 .text.libgcc.div
                0x0000000000000000        0x0 /usr/local/lib/gcc/avr/4.9.2/avr5/libgcc.a(_copy_data.o)
 .text.libgcc   0x0000000000000000        0x0 /usr/local/lib/gcc/avr/4.9.2/avr5/libgcc.a(_copy_data.o)
 .text.libgcc.prologue
                0x0000000000000000        0x0 /usr/local/lib/gcc/avr/4.9.2/avr5/libgcc.a(_copy_data.o)
 .text.libgcc.builtins
                0x0000000000000000        0x0 /usr/local/lib/gcc/avr/4.9.2/avr5/libgcc.a(_copy_data.o)
 .text.libgcc.fmul
                0x0000000000000000        0x0 /usr/local/lib/gcc/avr/4.9.2/avr5/libgcc.a(_copy_data.o)
 .text.libgcc.fixed
                0x0000000000000000        0x0 /usr/local/lib/gcc/avr/4.9.2/avr5/libgcc.a(_copy_data.o)
 .text          0x0000000000000000        0x0 /usr/local/lib/gcc/avr/4.9.2/avr5/libgcc.a(_clear_bss.o)
 .bss           0x0000000000000000        0x0 /usr/local/lib/gcc/avr/4.9.2/avr5/libgcc.a(_clear_bss.o)
 .text.libgcc.mul
                0x0000000000000000        0x0 /usr/local/lib/gcc/avr/4.9.2/avr5/libgcc.a(_clear_bss.o)
 .text.libgcc.div
                0x0000000000000000        0x0 /usr/local/lib/gcc/avr/4.9.2/avr5/libgcc.a(_clear_bss.o)
 .text.libgcc   0x0000000000000000        0x0 /usr/local/lib/gcc/avr/4.9.2/avr5/libgcc.a(_clear_bss.o)
 .text.libgcc.prologue
                0x0000000000000000        0x0 /usr/local/lib/gcc/avr/4.9.2/avr5/libgcc.a(_clear_bss.o)
 .text.libgcc.builtins
                0x0000000000000000        0x0 /usr/local/lib/gcc/avr/4.9.2/avr5/libgcc.a(_clear_bss.o)
 .text.libgcc.fmul
                0x0000000000000000        0x0 /usr/local/lib/gcc/avr/4.9.2/avr5/libgcc.a(_clear_bss.o)
 .text.libgcc.fixed
                0x0000000000000000        0x0 /usr/local/lib/gcc/avr/4.9.2/avr5/libgcc.a(_clear_bss.o)
 .text          0x0000000000000000        0x0 /usr/local/lib/gcc/avr/4.9.2/../../../../avr/lib/avr5/libm.a(addsf3.o)
 .bss           0x0000000000000000        0x0 /usr/local/lib/gcc/avr/4.9.2/../../../../avr/lib/avr5/libm.a(addsf3.o)
 .text          0x0000000000000000        0x0 /usr/local/lib/gcc/avr/4.9.2/../../../../avr/lib/avr5/libm.a(addsf3x.o)
 .bss           0x0000000000000000        0x0 /usr/local/lib/gcc/avr/4.9.2/../../../../avr/lib/avr5/libm.a(addsf3x.o)
 .text          0x0000000000000000        0x0 /usr/local/lib/gcc/avr/4.9.2/../../../../avr/lib/avr5/libm.a(cmpsf2.o)
 .bss           0x0000000000000000        0x0 /usr/local/lib/gcc/avr/4.9.2/../../../../avr/lib/avr5/libm.a(cmpsf2.o)
 .text          0x0000000000000000        0x0 /usr/local/lib/gcc/avr/4.9.2/../../../../avr/lib/avr5/libm.a(divsf3.o)
 .bss           0x0000000000000000        0x0 /usr/local/lib/gcc/avr/4.9.2/../../../../avr/lib/avr5/libm.a(divsf3.o)
 .text          0x0000000000000000        0x0 /usr/local/lib/gcc/avr/4.9.2/../../../../avr/lib/avr5/libm.a(divsf3x.o)
 .bss           0x0000000000000000        0x0 /usr/local/lib/gcc/avr/4.9.2/../../../../avr/lib/avr5/libm.a(divsf3x.o)
 .text          0x0000000000000000        0x0 /usr/local/lib/gcc/avr/4.9.2/../../../../avr/lib/avr5/libm.a(fixunssfsi.o)
 .bss           0x0000000000000000        0x0 /usr/local/lib/gcc/avr/4.9.2/../../../../avr/lib/avr5/libm.a(fixunssfsi.o)
 .text          0x0000000000000000        0x0 /usr/local/lib/gcc/avr/4.9.2/../../../../avr/lib/avr5/libm.a(floatsisf.o)
 .bss           0x0000000000000000        0x0 /usr/local/lib/gcc/avr/4.9.2/../../../../avr/lib/avr5/libm.a(floatsisf.o)
 .text          0x0000000000000000        0x0 /usr/local/lib/gcc/avr/4.9.2/../../../../avr/lib/avr5/libm.a(fp_cmp.o)
 .bss           0x0000000000000000        0x0 /usr/local/lib/gcc/avr/4.9.2/../../../../avr/lib/avr5/libm.a(fp_cmp.o)
 .text          0x0000000000000000        0x0 /usr/local/lib/gcc/avr/4.9.2/../../../../avr/lib/avr5/libm.a(fp_inf.o)
 .bss           0x0000000000000000        0x0 /usr/local/lib/gcc/avr/4.9.2/../../../../avr/lib/avr5/libm.a(fp_inf.o)
 .text          0x0000000000000000        0x0 /usr/local/lib/gcc/avr/4.9.2/../../../../avr/lib/avr5/libm.a(fp_nan.o)
 .bss           0x0000000000000000        0x0 /usr/local/lib/gcc/avr/4.9.2/../../../../avr/lib/avr5/libm.a(fp_nan.o)
 .text          0x0000000000000000        0x0 /usr/local/lib/gcc/avr/4.9.2/../../../../avr/lib/avr5/libm.a(fp_pscA.o)
 .bss           0x0000000000000000        0x0 /usr/local/lib/gcc/avr/4.9.2/../../../../avr/lib/avr5/libm.a(fp_pscA.o)
 .text          0x0000000000000000        0x0 /usr/local/lib/gcc/avr/4.9.2/../../../../avr/lib/avr5/libm.a(fp_pscB.o)
 .bss           0x0000000000000000        0x0 /usr/local/lib/gcc/avr/4.9.2/../../../../avr/lib/avr5/libm.a(fp_pscB.o)
 .text          0x0000000000000000        0x0 /usr/local/lib/gcc/avr/4.9.2/../../../../avr/lib/avr5/libm.a(fp_round.o)
 .bss           0x0000000000000000        0x0 /usr/local/lib/gcc/avr/4.9.2/../../../../avr/lib/avr5/libm.a(fp_round.o)
 .text          0x0000000000000000        0x0 /usr/local/lib/gcc/avr/4.9.2/../../../../avr/lib/avr5/libm.a(fp_split3.o)
 .bss           0x0000000000000000        0x0 /usr/local/lib/gcc/avr/4.9.2/../../../../avr/lib/avr5/libm.a(fp_split3.o)
 .text          0x0000000000000000        0x0 /usr/local/lib/gcc/avr/4.9.2/../../../../avr/lib/avr5/libm.a(fp_zero.o)
 .bss           0x0000000000000000        0x0 /usr/local/lib/gcc/avr/4.9.2/../../../../avr/lib/avr5/libm.a(fp_zero.o)
 .text          0x0000000000000000        0x0 /usr/local/lib/gcc/avr/4.9.2/../../../../avr/lib/avr5/libm.a(gesf2.o)
 .bss           0x0000000000000000        0x0 /usr/local/lib/gcc/avr/4.9.2/../../../../avr/lib/avr5/libm.a(gesf2.o)
 .text          0x0000000000000000        0x0 /usr/local/lib/gcc/avr/4.9.2/../../../../avr/lib/avr5/libm.a(mulsf3.o)
 .bss           0x0000000000000000        0x0 /usr/local/lib/gcc/avr/4.9.2/../../../../avr/lib/avr5/libm.a(mulsf3.o)
 .text          0x0000000000000000        0x0 /usr/local/lib/gcc/avr/4.9.2/../../../../avr/lib/avr5/libm.a(mulsf3x.o)
 .bss           0x0000000000000000        0x0 /usr/local/lib/gcc/avr/4.9.2/../../../../avr/lib/avr5/libm.a(mulsf3x.o)

Memory Configuration

Name             Origin             Length             Attributes
text             0x0000000000000000 0x0000000000020000 xr
data             0x0000000000800060 0x000000000000ffa0 rw !x
eeprom           0x0000000000810000 0x0000000000010000 rw !x
fuse             0x0000000000820000 0x0000000000000400 rw !x
lock             0x0000000000830000 0x0000000000000400 rw !x
signature        0x0000000000840000 0x0000000000000400 rw !x
*default*        0x0000000000000000 0xffffffffffffffff

Linker script and memory map

Address of section .data set to 0x800100
LOAD /usr/local/lib/gcc/avr/4.9.2/../../../../avr/lib/avr5/crtm644.o
LOAD uzeboxVideoEngineCore.o
LOAD uzeboxCore.o
LOAD uzeboxSoundEngine.o
LOAD uzeboxSoundEngineCore.o
LOAD uzeboxVideoEngine.o
LOAD TankFu.o
START GROUP
LOAD /usr/local/lib/gcc/avr/4.9.2/avr5/libgcc.a
LOAD /usr/local/lib/gcc/avr/4.9.2/../../../../avr/lib/avr5/libm.a
LOAD /usr/local/lib/gcc/avr/4.9.2/../../../../avr/lib/avr5/libc.a
END GROUP

.hash
 *(.hash)

.dynsym
 *(.dynsym)

.dynstr
 *(.dynstr)

.gnu.version
 *(.gnu.version)

.gnu.version_d
 *(.gnu.version_d)

.gnu.version_r
 *(.gnu.version_r)

.rel.init
 *(.rel.init)

.rela.init
 *(.rela.init)

.rel.text
 *(.rel.text)
 *(.rel.text.*)
 *(.rel.gnu.linkonce.t*)

.rela.text
 *(.rela.text)
 *(.rela.text.*)
 *(.rela.gnu.linkonce.t*)

.rel.fini
 *(.rel.fini)

.rela.fini
 *(.rela.fini)

.rel.rodata
 *(.rel.rodata)
 *(.rel.rodata.*)
 *(.rel.gnu.linkonce.r*)

.rela.rodata
 *(.rela.rodata)
 *(.rela.rodata.*)
 *(.rela.gnu.linkonce.r*)

.rel.data
 *(.rel.data)
 *(.rel.data.*)
 *(.rel.gnu.linkonce.d*)

.rela.data
 *(.rela.data)
 *(.rela.data.*)
 *(.rela.gnu.linkonce.d*)

.rel.ctors
 *(.rel.ctors)

.rela.ctors
 *(.rela.ctors)

.rel.dtors
 *(.rel.dtors)

.rela.dtors
 *(.rela.dtors)

.rel.got
 *(.rel.got)

.rela.got
 *(.rela.got)

.rel.bss
 *(.rel.bss)

.rela.bss
 *(.rela.bss)

.rel.plt
 *(.rel.plt)

.rela.plt
 *(.rela.plt)

.text           0x0000000000000000     0x9bd0
 *(.vectors)
 .vectors       0x0000000000000000       0x70 /usr/local/lib/gcc/avr/4.9.2/../../../../avr/lib/avr5/crtm644.o
                0x0000000000000000                __vectors
                0x0000000000000000                __vector_default
 *(.vectors)
 *(.progmem.gcc*)
 .progmem.gcc_sw_table.update_level
                0x0000000000000070       0x12 TankFu.o
                0x0000000000000082                . = ALIGN (0x2)
                0x0000000000000082                __trampolines_start = .
 *(.trampolines)
 .trampolines   0x0000000000000082        0x0 linker stubs
 *(.trampolines*)
                0x0000000000000082                __trampolines_end = .
 *(.progmem*)
 .progmem.data  0x0000000000000082       0x4e uzeboxCore.o
                0x0000000000000082                io_table
                0x00000000000000b0                eeprom_format_table
 .progmem.data  0x00000000000000d0       0x1a uzeboxSoundEngine.o
                0x00000000000000d0                patchCommands
 .progmem.data  0x00000000000000ea      0x853 uzeboxVideoEngine.o
                0x00000000000000ea                fader
                0x00000000000000f6                map_uzeboxlogo2
                0x0000000000000107                map_uzeboxlogo
                0x000000000000011d                logo_tileset
                0x000000000000091d                logoInitPatches
                0x0000000000000926                initPatch
 .progmem.data  0x000000000000093d     0x4f4c TankFu.o
                0x000000000000093d                strPaused
                0x0000000000000944                strExit
                0x000000000000094d                strTotal
                0x0000000000000954                strScore
                0x000000000000095b                strBanterClear
                0x000000000000096a                strB10
                0x0000000000000970                strB9
                0x000000000000097b                strB8
                0x0000000000000986                strB7
                0x0000000000000995                strB6
                0x000000000000099c                strB5
                0x00000000000009a5                strB4
                0x00000000000009b2                strB3
                0x00000000000009c1                strB2
                0x00000000000009c5                strB1
                0x00000000000009d2                strBy
                0x00000000000009d5                strOwns
                0x00000000000009da                strChangeHandle
                0x00000000000009e9                strCancelHandle
                0x00000000000009f4                strConfirmHandle
                0x0000000000000a00                strSelectHandle
                0x0000000000000a0b                strPlayer2
                0x0000000000000a0e                strPlayer1
                0x0000000000000a11                strVertSep
                0x0000000000000a13                strUnderline
                0x0000000000000a1f                strHandlesTitle
                0x0000000000000a2b                strHighscores
                0x0000000000000a35                str2Player
                0x0000000000000a46                str1Player
                0x0000000000000a54                strCopyright
                0x0000000000000a6b                level_data
                0x00000000000027b7                map_rocket_right_1
                0x00000000000027ba                map_rocket_right_0
                0x00000000000027bd                map_rocket_up_1
                0x00000000000027c0                map_rocket_up_0
                0x00000000000027c3                map_ball
                0x00000000000027c6                map_explosion_2
                0x00000000000027cc                map_explosion_1
                0x00000000000027d2                map_explosion_0
                0x00000000000027d8                map_tank2_right_1
                0x00000000000027de                map_tank2_right_0
                0x00000000000027e4                map_tank2_up_1
                0x00000000000027ea                map_tank2_up_0
                0x00000000000027f0                map_tank1_right_1
                0x00000000000027f6                map_tank1_right_0
                0x00000000000027fc                map_tank1_up_1
                0x0000000000002802                map_tank1_up_0
                0x0000000000002808                map_none
                0x000000000000280b                map_tank_blank
                0x0000000000002811                map_metal_bl
                0x0000000000002814                map_metal_tr
                0x0000000000002817                map_metal_br
                0x000000000000281a                map_metal_tl
                0x000000000000281d                map_tile_exp_2
                0x0000000000002820                map_tile_exp_1
                0x0000000000002823                map_tile_exp_0
                0x0000000000002826                map_rocket_itm
                0x0000000000002829                map_explode_itm
                0x000000000000282c                map_speed_itm
                0x000000000000282f                map_metal
                0x0000000000002832                map_brick
                0x0000000000002835                map_pause
                0x0000000000002873                map_splash
                0x00000000000028c9                sprites_data
                0x00000000000034c9                tiles_data
                0x000000000000588a                . = ALIGN (0x2)
 *fill*         0x0000000000005889        0x1 
 *(.jumptables)
 *(.jumptables*)
 *(.lowtext)
 *(.lowtext*)
                0x000000000000588a                __ctors_start = .
 *(.ctors)
                0x000000000000588a                __ctors_end = .
                0x000000000000588a                __dtors_start = .
 *(.dtors)
                0x000000000000588a                __dtors_end = .
 SORT(*)(.ctors)
 SORT(*)(.dtors)
 *(.init0)
 .init0         0x000000000000588a        0x0 /usr/local/lib/gcc/avr/4.9.2/../../../../avr/lib/avr5/crtm644.o
                0x000000000000588a                __init
 *(.init0)
 *(.init1)
 *(.init1)
 *(.init2)
 .init2         0x000000000000588a        0xc /usr/local/lib/gcc/avr/4.9.2/../../../../avr/lib/avr5/crtm644.o
 *(.init2)
 *(.init3)
 *(.init3)
 *(.init4)
 .init4         0x0000000000005896       0x16 /usr/local/lib/gcc/avr/4.9.2/avr5/libgcc.a(_copy_data.o)
                0x0000000000005896                __do_copy_data
 .init4         0x00000000000058ac       0x10 /usr/local/lib/gcc/avr/4.9.2/avr5/libgcc.a(_clear_bss.o)
                0x00000000000058ac                __do_clear_bss
 *(.init4)
 *(.init5)
 *(.init5)
 *(.init6)
 *(.init6)
 *(.init7)
 .init7         0x00000000000058bc       0x12 uzeboxCore.o
                0x00000000000058bc                wdt_init
 *(.init7)
 *(.init8)
 .init8         0x00000000000058ce       0xa6 uzeboxCore.o
                0x00000000000058ce                Initialize
 *(.init8)
 *(.init9)
 .init9         0x0000000000005974        0x8 /usr/local/lib/gcc/avr/4.9.2/../../../../avr/lib/avr5/crtm644.o
 *(.init9)
 *(.text)
 .text          0x000000000000597c        0x4 /usr/local/lib/gcc/avr/4.9.2/../../../../avr/lib/avr5/crtm644.o
                0x000000000000597c                __vector_20
                0x000000000000597c                __vector_1
                0x000000000000597c                __vector_24
                0x000000000000597c                __vector_12
                0x000000000000597c                __bad_interrupt
                0x000000000000597c                __vector_6
                0x000000000000597c                __vector_3
                0x000000000000597c                __vector_23
                0x000000000000597c                __vector_25
                0x000000000000597c                __vector_11
                0x000000000000597c                __vector_17
                0x000000000000597c                __vector_19
                0x000000000000597c                __vector_7
                0x000000000000597c                __vector_27
                0x000000000000597c                __vector_5
                0x000000000000597c                __vector_4
                0x000000000000597c                __vector_9
                0x000000000000597c                __vector_2
                0x000000000000597c                __vector_21
                0x000000000000597c                __vector_15
                0x000000000000597c                __vector_8
                0x000000000000597c                __vector_26
                0x000000000000597c                __vector_10
                0x000000000000597c                __vector_16
                0x000000000000597c                __vector_18
                0x000000000000597c                __vector_22
 .text          0x0000000000005980      0x58c uzeboxVideoEngineCore.o
                0x0000000000005b24                CopyTileToRam
                0x0000000000005c46                BlitSprite
                0x0000000000005d26                __vector_13
                0x0000000000005da6                __vector_14
 .text          0x0000000000005f0c      0x202 uzeboxSoundEngineCore.o
                0x0000000000005f0c                process_music
                0x0000000000006090                update_sound_buffer_fast
                0x00000000000060b8                update_sound
                0x000000000000610e                . = ALIGN (0x2)
 *(.text.*)
 .text.SetSpritesTileTable
                0x000000000000610e        0xa uzeboxVideoEngineCore.o
                0x000000000000610e                SetSpritesTileTable
 .text.ClearVram
                0x0000000000006118       0x14 uzeboxVideoEngineCore.o
                0x0000000000006118                ClearVram
 .text.SetFont  0x000000000000612c        0x8 uzeboxVideoEngineCore.o
                0x000000000000612c                SetFont
 .text.SetTile  0x0000000000006134       0x1c uzeboxVideoEngineCore.o
                0x0000000000006134                SetTile
 .text.SetFontTilesIndex
                0x0000000000006150        0x6 uzeboxVideoEngineCore.o
                0x0000000000006150                SetFontTilesIndex
 .text.SetTileTable
                0x0000000000006156        0xa uzeboxVideoEngineCore.o
                0x0000000000006156                SetTileTable
 .text.GetVsyncFlag
                0x0000000000006160        0x8 uzeboxVideoEngineCore.o
                0x0000000000006160                GetVsyncFlag
 .text.ClearVsyncFlag
                0x0000000000006168        0xc uzeboxVideoEngineCore.o
                0x0000000000006168                ClearVsyncFlag
 .text.ReadJoypad
                0x0000000000006174       0x18 uzeboxVideoEngineCore.o
                0x0000000000006174                ReadJoypad
 .text.WriteEeprom
                0x000000000000618c       0x14 uzeboxVideoEngineCore.o
                0x000000000000618c                WriteEeprom
 .text.ReadEeprom
                0x00000000000061a0       0x12 uzeboxVideoEngineCore.o
                0x00000000000061a0                ReadEeprom
 .text.SoftReset
                0x00000000000061b2       0x16 uzeboxCore.o
                0x00000000000061b2                SoftReset
 .text.ReadButtons
                0x00000000000061c8       0x6c uzeboxCore.o
                0x00000000000061c8                ReadButtons
 .text.ReadControllers
                0x0000000000006234       0x20 uzeboxCore.o
                0x0000000000006234                ReadControllers
 .text.FormatEeprom
                0x0000000000006254       0x44 uzeboxCore.o
                0x0000000000006254                FormatEeprom
 .text.isEepromFormatted
                0x0000000000006298       0x2e uzeboxCore.o
                0x0000000000006298                isEepromFormatted
 .text.EepromWriteBlock
                0x00000000000062c6       0xda uzeboxCore.o
                0x00000000000062c6                EepromWriteBlock
 .text.EepromReadBlock
                0x00000000000063a0       0x92 uzeboxCore.o
                0x00000000000063a0                EepromReadBlock
 .text.PatchCommand00
                0x0000000000006432        0x6 uzeboxSoundEngine.o
                0x0000000000006432                PatchCommand00
 .text.PatchCommand01
                0x0000000000006438       0x10 uzeboxSoundEngine.o
                0x0000000000006438                PatchCommand01
 .text.PatchCommand05
                0x0000000000006448        0xa uzeboxSoundEngine.o
                0x0000000000006448                PatchCommand05
 .text.PatchCommand06
                0x0000000000006452        0xa uzeboxSoundEngine.o
                0x0000000000006452                PatchCommand06
 .text.PatchCommand07
                0x000000000000645c        0x6 uzeboxSoundEngine.o
                0x000000000000645c                PatchCommand07
 .text.PatchCommand09
                0x0000000000006462        0x6 uzeboxSoundEngine.o
                0x0000000000006462                PatchCommand09
 .text.PatchCommand10
                0x0000000000006468        0x6 uzeboxSoundEngine.o
                0x0000000000006468                PatchCommand10
 .text.PatchCommand11
                0x000000000000646e       0x7a uzeboxSoundEngine.o
                0x000000000000646e                PatchCommand11
 .text.PatchCommand12
                0x00000000000064e8        0x6 uzeboxSoundEngine.o
                0x00000000000064e8                PatchCommand12
 .text.PatchCommand02
                0x00000000000064ee        0x8 uzeboxSoundEngine.o
                0x00000000000064ee                PatchCommand02
 .text.PatchCommand03
                0x00000000000064f6       0x10 uzeboxSoundEngine.o
                0x00000000000064f6                PatchCommand03
 .text.PatchCommand04
                0x0000000000006506       0x10 uzeboxSoundEngine.o
                0x0000000000006506                PatchCommand04
 .text.PatchCommand08
                0x0000000000006516       0x32 uzeboxSoundEngine.o
                0x0000000000006516                PatchCommand08
 .text.InitMusicPlayer
                0x0000000000006548       0x44 uzeboxSoundEngine.o
                0x0000000000006548                InitMusicPlayer
 .text.StopSong
                0x000000000000658c       0x16 uzeboxSoundEngine.o
                0x000000000000658c                StopSong
 .text.ReadVarLen
                0x00000000000065a2       0x4c uzeboxSoundEngine.o
                0x00000000000065a2                ReadVarLen
 .text.TriggerCommon
                0x00000000000065ee       0xe2 uzeboxSoundEngine.o
                0x00000000000065ee                TriggerCommon
 .text.TriggerFx
                0x00000000000066d0       0x7e uzeboxSoundEngine.o
                0x00000000000066d0                TriggerFx
 .text.TriggerNote
                0x000000000000674e       0x6e uzeboxSoundEngine.o
                0x000000000000674e                TriggerNote
 .text.ProcessMusic
                0x00000000000067bc      0x44e uzeboxSoundEngine.o
                0x00000000000067bc                ProcessMusic
 .text.SetMasterVolume
                0x0000000000006c0a        0x6 uzeboxSoundEngine.o
                0x0000000000006c0a                SetMasterVolume
 .text.SetMixerNote
                0x0000000000006c10       0x2e uzeboxSoundEngineCore.o
                0x0000000000006c10                SetMixerNote
 .text.SetMixerWave
                0x0000000000006c3e       0x3a uzeboxSoundEngineCore.o
                0x0000000000006c3e                SetMixerWave
 *fill*         0x0000000000006c78       0x88 
 .text.DisableSoundEngine
                0x0000000000006d00      0xc00 uzeboxSoundEngineCore.o
                0x0000000000006d00                DisableSoundEngine
                0x0000000000006d08                steptable
                0x0000000000006f00                waves
 .text.RestoreBackground
                0x0000000000007900       0x22 uzeboxVideoEngine.o
                0x0000000000007900                RestoreBackground
 .text.ProcessSprites
                0x0000000000007922      0x1a8 uzeboxVideoEngine.o
                0x0000000000007922                ProcessSprites
 .text.MapSprite2
                0x0000000000007aca       0xa4 uzeboxVideoEngine.o
                0x0000000000007aca                MapSprite2
 .text.MoveSprite
                0x0000000000007b6e       0x4a uzeboxVideoEngine.o
                0x0000000000007b6e                MoveSprite
 .text.InitializeVideoMode
                0x0000000000007bb8       0x14 uzeboxVideoEngine.o
                0x0000000000007bb8                InitializeVideoMode
 .text.DrawMap2
                0x0000000000007bcc       0x9a uzeboxVideoEngine.o
                0x0000000000007bcc                DrawMap2
 .text.PrintByte
                0x0000000000007c66       0x66 uzeboxVideoEngine.o
                0x0000000000007c66                PrintByte
 .text.Print    0x0000000000007ccc       0x36 uzeboxVideoEngine.o
                0x0000000000007ccc                Print
 .text.PrintChar
                0x0000000000007d02        0x6 uzeboxVideoEngine.o
                0x0000000000007d02                PrintChar
 .text.WaitVsync
                0x0000000000007d08       0x2e uzeboxVideoEngine.o
                0x0000000000007d08                WaitVsync
 .text.DisplayLogo
                0x0000000000007d36       0x6e uzeboxVideoEngine.o
                0x0000000000007d36                DisplayLogo
 .text.doFade   0x0000000000007da4       0x1c uzeboxVideoEngine.o
                0x0000000000007da4                doFade
 .text.FadeIn   0x0000000000007dc0       0x18 uzeboxVideoEngine.o
                0x0000000000007dc0                FadeIn
 .text.FadeOut  0x0000000000007dd8       0x18 uzeboxVideoEngine.o
                0x0000000000007dd8                FadeOut
 .text.ProcessFading
                0x0000000000007df0       0x4a uzeboxVideoEngine.o
                0x0000000000007df0                ProcessFading
 .text.VideoModeVsync
                0x0000000000007e3a        0x8 uzeboxVideoEngine.o
                0x0000000000007e3a                VideoModeVsync
 .text.LBGetNextFrame
                0x0000000000007e42       0x46 TankFu.o
                0x0000000000007e42                LBGetNextFrame
 .text.LBGetJoyPadState
                0x0000000000007e88       0x84 TankFu.o
                0x0000000000007e88                LBGetJoyPadState
 .text.LBCopyChars
                0x0000000000007f0c       0x18 TankFu.o
                0x0000000000007f0c                LBCopyChars
 .text.LBPrintStr
                0x0000000000007f24       0x62 TankFu.o
                0x0000000000007f24                LBPrintStr
 .text.LBLineIntersect
                0x0000000000007f86      0x1ac TankFu.o
                0x0000000000007f86                LBLineIntersect
 .text.random   0x0000000000008132       0x3e TankFu.o
                0x0000000000008132                random
 .text.load_eeprom
                0x0000000000008170       0x24 TankFu.o
                0x0000000000008170                load_eeprom
 .text.fade_through
                0x0000000000008194       0x14 TankFu.o
                0x0000000000008194                fade_through
 .text.clear_sprites
                0x00000000000081a8       0x1a TankFu.o
                0x00000000000081a8                clear_sprites
 .text.reset_game_state
                0x00000000000081c2       0x2c TankFu.o
                0x00000000000081c2                reset_game_state
 .text.player_level_init
                0x00000000000081ee       0x42 TankFu.o
                0x00000000000081ee                player_level_init
 .text.load_level
                0x0000000000008230       0xea TankFu.o
                0x0000000000008230                load_level
 .text.save_score
                0x000000000000831a       0xce TankFu.o
                0x000000000000831a                save_score
 .text.update_level_helper
                0x00000000000083e8      0x2c2 TankFu.o
                0x00000000000083e8                update_level_helper
 .text.render_score
                0x00000000000086aa       0xba TankFu.o
                0x00000000000086aa                render_score
 .text.render_player
                0x0000000000008764       0x52 TankFu.o
                0x0000000000008764                render_player
 .text.render_shot
                0x00000000000087b6       0x68 TankFu.o
                0x00000000000087b6                render_shot
 .text.tank_map
                0x000000000000881e       0xc8 TankFu.o
                0x000000000000881e                tank_map
 .text.shot_map
                0x00000000000088e6       0xae TankFu.o
                0x00000000000088e6                shot_map
 .text.first_index
                0x0000000000008994       0x2c TankFu.o
                0x0000000000008994                first_index
 .text.inc_index
                0x00000000000089c0       0x56 TankFu.o
                0x00000000000089c0                inc_index
 .text.solid_tile
                0x0000000000008a16      0x1fc TankFu.o
                0x0000000000008a16                solid_tile
 .text.collision_detect_tiles
                0x0000000000008c12      0x1cc TankFu.o
                0x0000000000008c12                collision_detect_tiles
 .text.update_level
                0x0000000000008dde      0x1d6 TankFu.o
                0x0000000000008dde                update_level
 .text.update_splash
                0x0000000000008fb4      0x112 TankFu.o
                0x0000000000008fb4                update_splash
 .text.update_tank_rank
                0x00000000000090c6      0x152 TankFu.o
                0x00000000000090c6                update_tank_rank
 .text._handle_select_helper
                0x0000000000009218      0x156 TankFu.o
                0x0000000000009218                _handle_select_helper
 .text._handle_select_render_helper
                0x000000000000936e      0x154 TankFu.o
                0x000000000000936e                _handle_select_render_helper
 .text.update_handle_select
                0x00000000000094c2      0x1d4 TankFu.o
                0x00000000000094c2                update_handle_select
 .text.startup.main
                0x0000000000009696       0x96 TankFu.o
                0x0000000000009696                main
 .text.libgcc.div
                0x000000000000972c       0x18 /usr/local/lib/gcc/avr/4.9.2/avr5/libgcc.a(_udivmodqi4.o)
                0x000000000000972c                __udivmodqi4
 .text.libgcc.div
                0x0000000000009744       0x28 /usr/local/lib/gcc/avr/4.9.2/avr5/libgcc.a(_udivmodhi4.o)
                0x0000000000009744                __udivmodhi4
 .text.libgcc.div
                0x000000000000976c       0x28 /usr/local/lib/gcc/avr/4.9.2/avr5/libgcc.a(_divmodhi4.o)
                0x000000000000976c                __divmodhi4
                0x000000000000976c                _div
 .text.libgcc   0x0000000000009794        0xc /usr/local/lib/gcc/avr/4.9.2/avr5/libgcc.a(_tablejump2.o)
                0x0000000000009794                __tablejump2__
 .text.avr-libc.fplib
                0x00000000000097a0        0xa /usr/local/lib/gcc/avr/4.9.2/../../../../avr/lib/avr5/libm.a(addsf3.o)
                0x00000000000097a0                __subsf3
                0x00000000000097a2                __addsf3
 .text.avr-libc.fplib
                0x00000000000097aa       0xc0 /usr/local/lib/gcc/avr/4.9.2/../../../../avr/lib/avr5/libm.a(addsf3x.o)
                0x00000000000097c4                __addsf3x
 .text.avr-libc.fplib
                0x000000000000986a        0x8 /usr/local/lib/gcc/avr/4.9.2/../../../../avr/lib/avr5/libm.a(cmpsf2.o)
                0x000000000000986a                __lesf2
                0x000000000000986a                __nesf2
                0x000000000000986a                __eqsf2
                0x000000000000986a                __cmpsf2
                0x000000000000986a                __ltsf2
 .text.avr-libc.fplib
                0x0000000000009872        0x4 /usr/local/lib/gcc/avr/4.9.2/../../../../avr/lib/avr5/libm.a(divsf3.o)
                0x0000000000009872                __divsf3
 .text.avr-libc.fplib
                0x0000000000009876       0xcc /usr/local/lib/gcc/avr/4.9.2/../../../../avr/lib/avr5/libm.a(divsf3x.o)
                0x000000000000988c                __divsf3x
                0x0000000000009890                __divsf3_pse
 .text.avr-libc.fplib
                0x0000000000009942       0x58 /usr/local/lib/gcc/avr/4.9.2/../../../../avr/lib/avr5/libm.a(fixunssfsi.o)
                0x0000000000009942                __fixunssfsi
 .text.avr-libc.fplib
                0x000000000000999a       0x7a /usr/local/lib/gcc/avr/4.9.2/../../../../avr/lib/avr5/libm.a(floatsisf.o)
                0x000000000000999a                __floatunsisf
                0x000000000000999e                __floatsisf
 .text.avr-libc.fplib
                0x0000000000009a14       0x48 /usr/local/lib/gcc/avr/4.9.2/../../../../avr/lib/avr5/libm.a(fp_cmp.o)
                0x0000000000009a14                __fp_cmp
 .text.avr-libc.fplib
                0x0000000000009a5c        0xc /usr/local/lib/gcc/avr/4.9.2/../../../../avr/lib/avr5/libm.a(fp_inf.o)
                0x0000000000009a5c                __fp_inf
 .text.avr-libc.fplib
                0x0000000000009a68        0x6 /usr/local/lib/gcc/avr/4.9.2/../../../../avr/lib/avr5/libm.a(fp_nan.o)
                0x0000000000009a68                __fp_nan
 .text.avr-libc.fplib
                0x0000000000009a6e        0xe /usr/local/lib/gcc/avr/4.9.2/../../../../avr/lib/avr5/libm.a(fp_pscA.o)
                0x0000000000009a6e                __fp_pscA
 .text.avr-libc.fplib
                0x0000000000009a7c        0xe /usr/local/lib/gcc/avr/4.9.2/../../../../avr/lib/avr5/libm.a(fp_pscB.o)
                0x0000000000009a7c                __fp_pscB
 .text.avr-libc.fplib
                0x0000000000009a8a       0x22 /usr/local/lib/gcc/avr/4.9.2/../../../../avr/lib/avr5/libm.a(fp_round.o)
                0x0000000000009a8a                __fp_round
 .text.avr-libc.fplib
                0x0000000000009aac       0x44 /usr/local/lib/gcc/avr/4.9.2/../../../../avr/lib/avr5/libm.a(fp_split3.o)
                0x0000000000009aac                __fp_split3
                0x0000000000009abc                __fp_splitA
 .text.avr-libc.fplib
                0x0000000000009af0        0xe /usr/local/lib/gcc/avr/4.9.2/../../../../avr/lib/avr5/libm.a(fp_zero.o)
                0x0000000000009af0                __fp_zero
                0x0000000000009af2                __fp_szero
 .text.avr-libc.fplib
                0x0000000000009afe        0x8 /usr/local/lib/gcc/avr/4.9.2/../../../../avr/lib/avr5/libm.a(gesf2.o)
                0x0000000000009afe                __gtsf2
                0x0000000000009afe                __gesf2
 .text.avr-libc.fplib
                0x0000000000009b06        0x4 /usr/local/lib/gcc/avr/4.9.2/../../../../avr/lib/avr5/libm.a(mulsf3.o)
                0x0000000000009b06                __mulsf3
 .text.avr-libc.fplib
                0x0000000000009b0a       0xc2 /usr/local/lib/gcc/avr/4.9.2/../../../../avr/lib/avr5/libm.a(mulsf3x.o)
                0x0000000000009b1e                __mulsf3x
                0x0000000000009b22                __mulsf3_pse
                0x0000000000009bcc                . = ALIGN (0x2)
 *(.fini9)
 .fini9         0x0000000000009bcc        0x0 /usr/local/lib/gcc/avr/4.9.2/avr5/libgcc.a(_exit.o)
                0x0000000000009bcc                exit
                0x0000000000009bcc                _exit
 *(.fini9)
 *(.fini8)
 *(.fini8)
 *(.fini7)
 *(.fini7)
 *(.fini6)
 *(.fini6)
 *(.fini5)
 *(.fini5)
 *(.fini4)
 *(.fini4)
 *(.fini3)
 *(.fini3)
 *(.fini2)
 *(.fini2)
 *(.fini1)
 *(.fini1)
 *(.fini0)
 .fini0         0x0000000000009bcc        0x4 /usr/local/lib/gcc/avr/4.9.2/avr5/libgcc.a(_exit.o)
 *(.fini0)
                0x0000000000009bd0                _etext = .

.data           0x0000000000800100      0x456 load address 0x0000000000009bd0
                0x0000000000800100                PROVIDE (__data_start, .)
 *(.data)
 .data          0x0000000000800100        0x0 /usr/local/lib/gcc/avr/4.9.2/../../../../avr/lib/avr5/crtm644.o
 .data          0x0000000000800100        0x0 uzeboxVideoEngineCore.o
 .data          0x0000000000800100        0x0 uzeboxCore.o
 .data          0x0000000000800100        0x0 uzeboxSoundEngine.o
 .data          0x0000000000800100        0x0 uzeboxSoundEngineCore.o
 .data          0x0000000000800100        0x1 uzeboxVideoEngine.o
                0x0000000000800100                spritesOn
 .data          0x0000000000800101      0x455 TankFu.o
                0x0000000000800102                scores
                0x0000000000800122                handles
                0x0000000000800142                level
                0x0000000000800440                player2
                0x00000000008004c1                player1
                0x0000000000800542                banter_map
 .data          0x0000000000800556        0x0 /usr/local/lib/gcc/avr/4.9.2/avr5/libgcc.a(_udivmodqi4.o)
 .data          0x0000000000800556        0x0 /usr/local/lib/gcc/avr/4.9.2/avr5/libgcc.a(_udivmodhi4.o)
 .data          0x0000000000800556        0x0 /usr/local/lib/gcc/avr/4.9.2/avr5/libgcc.a(_divmodhi4.o)
 .data          0x0000000000800556        0x0 /usr/local/lib/gcc/avr/4.9.2/avr5/libgcc.a(_udivmodsi4.o)
 .data          0x0000000000800556        0x0 /usr/local/lib/gcc/avr/4.9.2/avr5/libgcc.a(_exit.o)
 .data          0x0000000000800556        0x0 /usr/local/lib/gcc/avr/4.9.2/avr5/libgcc.a(_tablejump2.o)
 .data          0x0000000000800556        0x0 /usr/local/lib/gcc/avr/4.9.2/avr5/libgcc.a(_copy_data.o)
 .data          0x0000000000800556        0x0 /usr/local/lib/gcc/avr/4.9.2/avr5/libgcc.a(_clear_bss.o)
 .data          0x0000000000800556        0x0 /usr/local/lib/gcc/avr/4.9.2/../../../../avr/lib/avr5/libm.a(addsf3.o)
 .data          0x0000000000800556        0x0 /usr/local/lib/gcc/avr/4.9.2/../../../../avr/lib/avr5/libm.a(addsf3x.o)
 .data          0x0000000000800556        0x0 /usr/local/lib/gcc/avr/4.9.2/../../../../avr/lib/avr5/libm.a(cmpsf2.o)
 .data          0x0000000000800556        0x0 /usr/local/lib/gcc/avr/4.9.2/../../../../avr/lib/avr5/libm.a(divsf3.o)
 .data          0x0000000000800556        0x0 /usr/local/lib/gcc/avr/4.9.2/../../../../avr/lib/avr5/libm.a(divsf3x.o)
 .data          0x0000000000800556        0x0 /usr/local/lib/gcc/avr/4.9.2/../../../../avr/lib/avr5/libm.a(fixunssfsi.o)
 .data          0x0000000000800556        0x0 /usr/local/lib/gcc/avr/4.9.2/../../../../avr/lib/avr5/libm.a(floatsisf.o)
 .data          0x0000000000800556        0x0 /usr/local/lib/gcc/avr/4.9.2/../../../../avr/lib/avr5/libm.a(fp_cmp.o)
 .data          0x0000000000800556        0x0 /usr/local/lib/gcc/avr/4.9.2/../../../../avr/lib/avr5/libm.a(fp_inf.o)
 .data          0x0000000000800556        0x0 /usr/local/lib/gcc/avr/4.9.2/../../../../avr/lib/avr5/libm.a(fp_nan.o)
 .data          0x0000000000800556        0x0 /usr/local/lib/gcc/avr/4.9.2/../../../../avr/lib/avr5/libm.a(fp_pscA.o)
 .data          0x0000000000800556        0x0 /usr/local/lib/gcc/avr/4.9.2/../../../../avr/lib/avr5/libm.a(fp_pscB.o)
 .data          0x0000000000800556        0x0 /usr/local/lib/gcc/avr/4.9.2/../../../../avr/lib/avr5/libm.a(fp_round.o)
 .data          0x0000000000800556        0x0 /usr/local/lib/gcc/avr/4.9.2/../../../../avr/lib/avr5/libm.a(fp_split3.o)
 .data          0x0000000000800556        0x0 /usr/local/lib/gcc/avr/4.9.2/../../../../avr/lib/avr5/libm.a(fp_zero.o)
 .data          0x0000000000800556        0x0 /usr/local/lib/gcc/avr/4.9.2/../../../../avr/lib/avr5/libm.a(gesf2.o)
 .data          0x0000000000800556        0x0 /usr/local/lib/gcc/avr/4.9.2/../../../../avr/lib/avr5/libm.a(mulsf3.o)
 .data          0x0000000000800556        0x0 /usr/local/lib/gcc/avr/4.9.2/../../../../avr/lib/avr5/libm.a(mulsf3x.o)
 *(.data*)
 *(.rodata)
 *(.rodata*)
 *(.gnu.linkonce.d*)
                0x0000000000800556                . = ALIGN (0x2)
                0x0000000000800556                _edata = .
                0x0000000000800556                PROVIDE (__data_end, .)

.bss            0x0000000000800560      0xa9e
                0x0000000000800560                PROVIDE (__bss_start, .)
 *(.bss)
 .bss           0x0000000000800560      0x7e0 uzeboxVideoEngineCore.o
                0x0000000000800560                vram
                0x00000000008008a8                sprites
                0x00000000008008a8                overlay_vram
                0x00000000008008d8                ram_tiles
                0x0000000000800cd8                ram_tiles_restore
                0x0000000000800d08                sprites_tile_banks
                0x0000000000800d13                Screen
                0x0000000000800d16                sync_phase
                0x0000000000800d17                sync_pulse
                0x0000000000800d18                sync_flags
                0x0000000000800d1d                first_render_line
                0x0000000000800d1e                render_lines_count
                0x0000000000800d1f                first_render_line_tmp
                0x0000000000800d20                render_lines_count_tmp
                0x0000000000800d21                joypad1_status_lo
                0x0000000000800d23                joypad1_status_hi
                0x0000000000800d25                joypad2_status_lo
                0x0000000000800d27                joypad2_status_hi
 .bss           0x0000000000800d40        0x1 uzeboxSoundEngine.o
                0x0000000000800d40                playSong
 .bss           0x0000000000800d41      0x229 uzeboxSoundEngineCore.o
                0x0000000000800d41                mix_buf
                0x0000000000800f4d                mix_pos
                0x0000000000800f4f                mix_bank
                0x0000000000800f51                sound_enabled
                0x0000000000800f52                mixer
                0x0000000000800f65                tr4_params
                0x0000000000800f66                tr4_barrel_lo
                0x0000000000800f67                tr4_barrel_hi
 .bss           0x0000000000800f6a       0x17 TankFu.o
                0x0000000000800f6a                p2s
                0x0000000000800f70                p1s
                0x0000000000800f76                game
 *(.bss*)
 *(COMMON)
 COMMON         0x0000000000800f81        0x1 uzeboxCore.o
                0x0000000000800f81                joypadsConnectionStatus
 COMMON         0x0000000000800f82       0x68 uzeboxSoundEngine.o
                0x0000000000800f82                songStart
                0x0000000000800f84                tracks
                0x0000000000800fdc                currDeltaTime
                0x0000000000800fde                patchPointers
                0x0000000000800fe0                lastStatus
                0x0000000000800fe1                masterVolume
                0x0000000000800fe2                nextDeltaTime
                0x0000000000800fe4                songSpeed
                0x0000000000800fe5                songPos
                0x0000000000800fe7                loopStart
                0x0000000000800fe9                step
 COMMON         0x0000000000800fea        0x6 uzeboxVideoEngine.o
                0x0000000000800fea                fadeSpeed
                0x0000000000800feb                fadeDir
                0x0000000000800fec                free_tile_index
                0x0000000000800fed                fadeActive
                0x0000000000800fee                currFadeFrame
                0x0000000000800fef                fadeStep
 COMMON         0x0000000000800ff0        0xe TankFu.o
                0x0000000000800ff0                p2
                0x0000000000800ff6                p1
                0x0000000000800ffc                random_seed
                0x0000000000800ffe                PROVIDE (__bss_end, .)
                0x0000000000009bd0                __data_load_start = LOADADDR (.data)
                0x000000000000a026                __data_load_end = (__data_load_start + SIZEOF (.data))

.noinit         0x0000000000800ffe        0x0
                0x0000000000800ffe                PROVIDE (__noinit_start, .)
 *(.noinit*)
                0x0000000000800ffe                PROVIDE (__noinit_end, .)
                0x0000000000800ffe                _end = .
                0x0000000000800ffe                PROVIDE (__heap_start, .)

.eeprom         0x0000000000810000        0x0
 *(.eeprom*)
                0x0000000000810000                __eeprom_end = .

.fuse
 *(.fuse)
 *(.lfuse)
 *(.hfuse)
 *(.efuse)

.lock
 *(.lock*)

.signature
 *(.signature*)

.stab           0x0000000000000000      0x648
 *(.stab)
 .stab          0x0000000000000000       0xf0 /usr/local/lib/gcc/avr/4.9.2/avr5/libgcc.a(_udivmodqi4.o)
 .stab          0x00000000000000f0      0x15c /usr/local/lib/gcc/avr/4.9.2/avr5/libgcc.a(_udivmodhi4.o)
                                        0x168 (size before relaxing)
 .stab          0x000000000000024c      0x138 /usr/local/lib/gcc/avr/4.9.2/avr5/libgcc.a(_divmodhi4.o)
                                        0x144 (size before relaxing)
 .stab          0x0000000000000384       0x30 /usr/local/lib/gcc/avr/4.9.2/avr5/libgcc.a(_udivmodsi4.o)
                                        0x234 (size before relaxing)
 .stab          0x00000000000003b4       0x6c /usr/local/lib/gcc/avr/4.9.2/avr5/libgcc.a(_exit.o)
                                         0x78 (size before relaxing)
 .stab          0x0000000000000420       0x9c /usr/local/lib/gcc/avr/4.9.2/avr5/libgcc.a(_tablejump2.o)
                                         0xa8 (size before relaxing)
 .stab          0x00000000000004bc       0xd8 /usr/local/lib/gcc/avr/4.9.2/avr5/libgcc.a(_copy_data.o)
                                         0xe4 (size before relaxing)
 .stab          0x0000000000000594       0xb4 /usr/local/lib/gcc/avr/4.9.2/avr5/libgcc.a(_clear_bss.o)
                                         0xc0 (size before relaxing)

.stabstr        0x0000000000000000      0x29b
 *(.stabstr)
 .stabstr       0x0000000000000000      0x29b /usr/local/lib/gcc/avr/4.9.2/avr5/libgcc.a(_udivmodqi4.o)

.stab.excl
 *(.stab.excl)

.stab.exclstr
 *(.stab.exclstr)

.stab.index
 *(.stab.index)

.stab.indexstr
 *(.stab.indexstr)

.comment        0x0000000000000000       0x11
 *(.comment)
 .comment       0x0000000000000000       0x11 uzeboxCore.o
                                         0x12 (size before relaxing)
 .comment       0x0000000000000000       0x12 uzeboxSoundEngine.o
 .comment       0x0000000000000000       0x12 uzeboxVideoEngine.o
 .comment       0x0000000000000000       0x12 TankFu.o

.note.gnu.build-id
 *(.note.gnu.build-id)

.debug
 *(.debug)

.line
 *(.line)

.debug_srcinfo
 *(.debug_srcinfo)

.debug_sfnames
 *(.debug_sfnames)

.debug_aranges  0x0000000000000000      0x4a8
 *(.debug_aranges)
 .debug_aranges
                0x0000000000000000       0xd0 uzeboxVideoEngineCore.o
 .debug_aranges
                0x00000000000000d0       0x80 uzeboxCore.o
 .debug_aranges
                0x0000000000000150       0xe8 uzeboxSoundEngine.o
 .debug_aranges
                0x0000000000000238       0x50 uzeboxSoundEngineCore.o
 .debug_aranges
                0x0000000000000288       0xf8 uzeboxVideoEngine.o
 .debug_aranges
                0x0000000000000380      0x128 TankFu.o

.debug_pubnames
 *(.debug_pubnames)

.debug_info     0x0000000000000000     0x69aa
 *(.debug_info .gnu.linkonce.wi.*)
 .debug_info    0x0000000000000000      0x672 /usr/local/lib/gcc/avr/4.9.2/../../../../avr/lib/avr5/crtm644.o
 .debug_info    0x0000000000000672       0x7b uzeboxVideoEngineCore.o
 .debug_info    0x00000000000006ed      0xa43 uzeboxCore.o
 .debug_info    0x0000000000001130     0x11b6 uzeboxSoundEngine.o
 .debug_info    0x00000000000022e6       0x71 uzeboxSoundEngineCore.o
 .debug_info    0x0000000000002357     0x1588 uzeboxVideoEngine.o
 .debug_info    0x00000000000038df     0x30cb TankFu.o

.debug_abbrev   0x0000000000000000     0x14e2
 *(.debug_abbrev)
 .debug_abbrev  0x0000000000000000      0x619 /usr/local/lib/gcc/avr/4.9.2/../../../../avr/lib/avr5/crtm644.o
 .debug_abbrev  0x0000000000000619       0x12 uzeboxVideoEngineCore.o
 .debug_abbrev  0x000000000000062b      0x2eb uzeboxCore.o
 .debug_abbrev  0x0000000000000916      0x307 uzeboxSoundEngine.o
 .debug_abbrev  0x0000000000000c1d       0x12 uzeboxSoundEngineCore.o
 .debug_abbrev  0x0000000000000c2f      0x3ab uzeboxVideoEngine.o
 .debug_abbrev  0x0000000000000fda      0x508 TankFu.o

.debug_line     0x0000000000000000     0x184d
 *(.debug_line .debug_line.* .debug_line_end)
 .debug_line    0x0000000000000000       0x1d /usr/local/lib/gcc/avr/4.9.2/../../../../avr/lib/avr5/crtm644.o
 .debug_line    0x000000000000001d      0x47a uzeboxVideoEngineCore.o
 .debug_line    0x0000000000000497      0x296 uzeboxCore.o
 .debug_line    0x000000000000072d      0x3a1 uzeboxSoundEngine.o
 .debug_line    0x0000000000000ace      0x1f0 uzeboxSoundEngineCore.o
 .debug_line    0x0000000000000cbe      0x4be uzeboxVideoEngine.o
 .debug_line    0x000000000000117c      0x6d1 TankFu.o

.debug_frame    0x0000000000000000      0xea8
 *(.debug_frame)
 .debug_frame   0x0000000000000000      0x174 uzeboxCore.o
 .debug_frame   0x0000000000000174      0x248 uzeboxSoundEngine.o
 .debug_frame   0x00000000000003bc      0x4c0 uzeboxVideoEngine.o
 .debug_frame   0x000000000000087c      0x62c TankFu.o

.debug_str      0x0000000000000000     0x1667
 *(.debug_str)
 .debug_str     0x0000000000000000      0x231 /usr/local/lib/gcc/avr/4.9.2/../../../../avr/lib/avr5/crtm644.o
 .debug_str     0x0000000000000231      0x4ad uzeboxCore.o
                                        0x4fd (size before relaxing)
 .debug_str     0x00000000000006de      0x3d0 uzeboxSoundEngine.o
                                        0x60a (size before relaxing)
 .debug_str     0x0000000000000aae      0x2e3 uzeboxVideoEngine.o
                                        0x4ab (size before relaxing)
 .debug_str     0x0000000000000d91      0x8d6 TankFu.o
                                        0xb7c (size before relaxing)

.debug_loc      0x0000000000000000     0x59ad
 *(.debug_loc)
 .debug_loc     0x0000000000000000      0x864 uzeboxCore.o
 .debug_loc     0x0000000000000864     0x107a uzeboxSoundEngine.o
 .debug_loc     0x00000000000018de     0x1d49 uzeboxVideoEngine.o
 .debug_loc     0x0000000000003627     0x2386 TankFu.o

.debug_macinfo
 *(.debug_macinfo)

.debug_weaknames
 *(.debug_weaknames)

.debug_funcnames
 *(.debug_funcnames)

.debug_typenames
 *(.debug_typenames)

.debug_varnames
 *(.debug_varnames)

.debug_pubtypes
 *(.debug_pubtypes)

.debug_ranges   0x0000000000000000      0x500
 *(.debug_ranges)
 .debug_ranges  0x0000000000000000       0xc8 uzeboxVideoEngineCore.o
 .debug_ranges  0x00000000000000c8       0x70 uzeboxCore.o
 .debug_ranges  0x0000000000000138      0x120 uzeboxSoundEngine.o
 .debug_ranges  0x0000000000000258       0x48 uzeboxSoundEngineCore.o
 .debug_ranges  0x00000000000002a0      0x130 uzeboxVideoEngine.o
 .debug_ranges  0x00000000000003d0      0x130 TankFu.o

.debug_macro
 *(.debug_macro)
OUTPUT(TankFu.elf elf32-avr)
LOAD linker stubs
