Archive member included to satisfy reference by file (symbol)

/usr/local/lib/gcc/avr/4.9.2/avr5/libgcc.a(_udivmodqi4.o)
                              uzeboxVideoEngine.o (__udivmodqi4)
/usr/local/lib/gcc/avr/4.9.2/avr5/libgcc.a(_udivmodhi4.o)
                              uzeboxVideoEngine.o (__udivmodhi4)
/usr/local/lib/gcc/avr/4.9.2/avr5/libgcc.a(_divmodhi4.o)
                              uzeboxSoundEngine.o (__divmodhi4)
/usr/local/lib/gcc/avr/4.9.2/avr5/libgcc.a(_udivmodsi4.o)
                              uzeboxVideoEngine.o (__udivmodsi4)
/usr/local/lib/gcc/avr/4.9.2/avr5/libgcc.a(_exit.o)
                              /usr/local/lib/gcc/avr/4.9.2/../../../../avr/lib/avr5/crtm644.o (exit)
/usr/local/lib/gcc/avr/4.9.2/avr5/libgcc.a(_copy_data.o)
                              uzeboxVideoEngine.o (__do_copy_data)
/usr/local/lib/gcc/avr/4.9.2/avr5/libgcc.a(_clear_bss.o)
                              uzeboxCore.o (__do_clear_bss)
/usr/local/lib/gcc/avr/4.9.2/../../../../avr/lib/avr5/libm.a(addsf3.o)
                              TankFu.o (__subsf3)
/usr/local/lib/gcc/avr/4.9.2/../../../../avr/lib/avr5/libm.a(addsf3x.o)
                              /usr/local/lib/gcc/avr/4.9.2/../../../../avr/lib/avr5/libm.a(addsf3.o) (__addsf3x)
/usr/local/lib/gcc/avr/4.9.2/../../../../avr/lib/avr5/libm.a(cmpsf2.o)
                              TankFu.o (__eqsf2)
/usr/local/lib/gcc/avr/4.9.2/../../../../avr/lib/avr5/libm.a(divsf3.o)
                              TankFu.o (__divsf3)
/usr/local/lib/gcc/avr/4.9.2/../../../../avr/lib/avr5/libm.a(divsf3x.o)
                              /usr/local/lib/gcc/avr/4.9.2/../../../../avr/lib/avr5/libm.a(divsf3.o) (__divsf3x)
/usr/local/lib/gcc/avr/4.9.2/../../../../avr/lib/avr5/libm.a(fixsfsi.o)
                              TankFu.o (__fixsfsi)
/usr/local/lib/gcc/avr/4.9.2/../../../../avr/lib/avr5/libm.a(fixunssfsi.o)
                              TankFu.o (__fixunssfsi)
/usr/local/lib/gcc/avr/4.9.2/../../../../avr/lib/avr5/libm.a(floatsisf.o)
                              TankFu.o (__floatunsisf)
/usr/local/lib/gcc/avr/4.9.2/../../../../avr/lib/avr5/libm.a(fp_cmp.o)
                              /usr/local/lib/gcc/avr/4.9.2/../../../../avr/lib/avr5/libm.a(cmpsf2.o) (__fp_cmp)
/usr/local/lib/gcc/avr/4.9.2/../../../../avr/lib/avr5/libm.a(fp_inf.o)
                              /usr/local/lib/gcc/avr/4.9.2/../../../../avr/lib/avr5/libm.a(addsf3x.o) (__fp_inf)
/usr/local/lib/gcc/avr/4.9.2/../../../../avr/lib/avr5/libm.a(fp_nan.o)
                              /usr/local/lib/gcc/avr/4.9.2/../../../../avr/lib/avr5/libm.a(addsf3x.o) (__fp_nan)
/usr/local/lib/gcc/avr/4.9.2/../../../../avr/lib/avr5/libm.a(fp_pscA.o)
                              /usr/local/lib/gcc/avr/4.9.2/../../../../avr/lib/avr5/libm.a(addsf3x.o) (__fp_pscA)
/usr/local/lib/gcc/avr/4.9.2/../../../../avr/lib/avr5/libm.a(fp_pscB.o)
                              /usr/local/lib/gcc/avr/4.9.2/../../../../avr/lib/avr5/libm.a(addsf3x.o) (__fp_pscB)
/usr/local/lib/gcc/avr/4.9.2/../../../../avr/lib/avr5/libm.a(fp_round.o)
                              /usr/local/lib/gcc/avr/4.9.2/../../../../avr/lib/avr5/libm.a(addsf3.o) (__fp_round)
/usr/local/lib/gcc/avr/4.9.2/../../../../avr/lib/avr5/libm.a(fp_split3.o)
                              /usr/local/lib/gcc/avr/4.9.2/../../../../avr/lib/avr5/libm.a(addsf3x.o) (__fp_split3)
/usr/local/lib/gcc/avr/4.9.2/../../../../avr/lib/avr5/libm.a(fp_zero.o)
                              /usr/local/lib/gcc/avr/4.9.2/../../../../avr/lib/avr5/libm.a(addsf3x.o) (__fp_zero)
/usr/local/lib/gcc/avr/4.9.2/../../../../avr/lib/avr5/libm.a(gesf2.o)
                              TankFu.o (__gtsf2)
/usr/local/lib/gcc/avr/4.9.2/../../../../avr/lib/avr5/libm.a(mulsf3.o)
                              TankFu.o (__mulsf3)
/usr/local/lib/gcc/avr/4.9.2/../../../../avr/lib/avr5/libm.a(mulsf3x.o)
                              /usr/local/lib/gcc/avr/4.9.2/../../../../avr/lib/avr5/libm.a(mulsf3.o) (__mulsf3x)
/usr/local/lib/gcc/avr/4.9.2/../../../../avr/lib/avr5/libc.a(memcpy_P.o)
                              TankFu.o (memcpy_P)

Allocating common symbols
Common symbol       size              file

songStart           0x2               uzeboxSoundEngine.o
tracks              0x6e              uzeboxSoundEngine.o
scores              0x20              TankFu.o
fadeSpeed           0x1               uzeboxVideoEngine.o
p2                  0x7               TankFu.o
currDeltaTime       0x2               uzeboxSoundEngine.o
fadeDir             0x1               uzeboxVideoEngine.o
patchPointers       0x2               uzeboxSoundEngine.o
handles             0x20              TankFu.o
game                0x6               TankFu.o
tile_animations     0x1d              TankFu.o
lastStatus          0x1               uzeboxSoundEngine.o
joypadsConnectionStatus
                    0x1               uzeboxCore.o
free_tile_index     0x1               uzeboxVideoEngine.o
player1             0x78              TankFu.o
fadeActive          0x1               uzeboxVideoEngine.o
p1                  0x7               TankFu.o
masterVolume        0x1               uzeboxSoundEngine.o
nextDeltaTime       0x2               uzeboxSoundEngine.o
songSpeed           0x1               uzeboxSoundEngine.o
songPos             0x2               uzeboxSoundEngine.o
level               0x2ef             TankFu.o
player2             0x78              TankFu.o
loopStart           0x2               uzeboxSoundEngine.o
scope_animation     0xe               TankFu.o
step                0x1               uzeboxSoundEngine.o
currFadeFrame       0x1               uzeboxVideoEngine.o
fadeStep            0x1               uzeboxVideoEngine.o

Discarded input sections

 .data          0x0000000000000000        0x0 /usr/local/lib/gcc/avr/4.9.2/../../../../avr/lib/avr5/crtm644.o
 .bss           0x0000000000000000        0x0 /usr/local/lib/gcc/avr/4.9.2/../../../../avr/lib/avr5/crtm644.o
 .data          0x0000000000000000        0x0 uzeboxVideoEngineCore.o
 .text.SetSpritesTileBank
                0x0000000000000000       0x12 uzeboxVideoEngineCore.o
 .text.GetTile  0x0000000000000000       0x1e uzeboxVideoEngineCore.o
 .text.SetUserPreVsyncCallback
                0x0000000000000000        0xa uzeboxVideoEngineCore.o
 .text.SetUserPostVsyncCallback
                0x0000000000000000        0xa uzeboxVideoEngineCore.o
 .text.IsRunningInEmulator
                0x0000000000000000       0x12 uzeboxVideoEngineCore.o
 .text.WaitClocks
                0x0000000000000000        0x6 uzeboxVideoEngineCore.o
 .text.SetLedOn
                0x0000000000000000        0x4 uzeboxVideoEngineCore.o
 .text.SetLedOff
                0x0000000000000000        0x4 uzeboxVideoEngineCore.o
 .text.ToggleLed
                0x0000000000000000        0x4 uzeboxVideoEngineCore.o
 .text.internal_spi_byte
                0x0000000000000000        0xe uzeboxVideoEngineCore.o
 .text          0x0000000000000000        0x0 uzeboxCore.o
 .data          0x0000000000000000        0x0 uzeboxCore.o
 .bss           0x0000000000000000        0x0 uzeboxCore.o
 .text.SetRenderingParameters
                0x0000000000000000        0xa uzeboxCore.o
 .text.DetectControllers
                0x0000000000000000       0x36 uzeboxCore.o
 .text.FormatEeprom2
                0x0000000000000000       0x98 uzeboxCore.o
 .text.ReadPowerSwitch
                0x0000000000000000        0xe uzeboxCore.o
 .text          0x0000000000000000        0x0 uzeboxSoundEngine.o
 .data          0x0000000000000000        0x0 uzeboxSoundEngine.o
 .text.StartSong
                0x0000000000000000       0x4e uzeboxSoundEngine.o
 .text.StopSong
                0x0000000000000000       0x1a uzeboxSoundEngine.o
 .text.ResumeSong
                0x0000000000000000        0x8 uzeboxSoundEngine.o
 .text.SetSongSpeed
                0x0000000000000000        0x6 uzeboxSoundEngine.o
 .text.GetSongSpeed
                0x0000000000000000        0x6 uzeboxSoundEngine.o
 .text.TriggerFx
                0x0000000000000000       0x7e uzeboxSoundEngine.o
 .text.GetMasterVolume
                0x0000000000000000        0x6 uzeboxSoundEngine.o
 .data          0x0000000000000000        0x0 uzeboxSoundEngineCore.o
 .text.SetMixerNoiseParams
                0x0000000000000000       0x10 uzeboxSoundEngineCore.o
 .text.SetMixerVolume
                0x0000000000000000       0x16 uzeboxSoundEngineCore.o
 .text.EnableSoundEngine
                0x0000000000000000        0x8 uzeboxSoundEngineCore.o
 .text          0x0000000000000000        0x0 uzeboxVideoEngine.o
 .bss           0x0000000000000000        0x0 uzeboxVideoEngine.o
 .text.MapSprite
                0x0000000000000000       0x80 uzeboxVideoEngine.o
 .text.DrawMap  0x0000000000000000       0x98 uzeboxVideoEngine.o
 .text.PrintLong
                0x0000000000000000       0x8a uzeboxVideoEngine.o
 .text.PrintInt
                0x0000000000000000       0x70 uzeboxVideoEngine.o
 .text.PrintBinaryByte
                0x0000000000000000       0x36 uzeboxVideoEngine.o
 .text.PrintHexByte
                0x0000000000000000       0x40 uzeboxVideoEngine.o
 .text.PrintHexInt
                0x0000000000000000       0x24 uzeboxVideoEngine.o
 .text.PrintHexLong
                0x0000000000000000       0x5e uzeboxVideoEngine.o
 .text.PrintRam
                0x0000000000000000       0x36 uzeboxVideoEngine.o
 .text.Fill     0x0000000000000000       0x6e uzeboxVideoEngine.o
 .text.FontFill
                0x0000000000000000       0x6c uzeboxVideoEngine.o
 .text          0x0000000000000000        0x0 TankFu.o
 .text.save_eeprom
                0x0000000000000000        0x4 TankFu.o
 .text          0x0000000000000000        0x0 /usr/local/lib/gcc/avr/4.9.2/avr5/libgcc.a(_udivmodqi4.o)
 .data          0x0000000000000000        0x0 /usr/local/lib/gcc/avr/4.9.2/avr5/libgcc.a(_udivmodqi4.o)
 .bss           0x0000000000000000        0x0 /usr/local/lib/gcc/avr/4.9.2/avr5/libgcc.a(_udivmodqi4.o)
 .text.libgcc.mul
                0x0000000000000000        0x0 /usr/local/lib/gcc/avr/4.9.2/avr5/libgcc.a(_udivmodqi4.o)
 .text.libgcc   0x0000000000000000        0x0 /usr/local/lib/gcc/avr/4.9.2/avr5/libgcc.a(_udivmodqi4.o)
 .text.libgcc.prologue
                0x0000000000000000        0x0 /usr/local/lib/gcc/avr/4.9.2/avr5/libgcc.a(_udivmodqi4.o)
 .text.libgcc.builtins
                0x0000000000000000        0x0 /usr/local/lib/gcc/avr/4.9.2/avr5/libgcc.a(_udivmodqi4.o)
 .text.libgcc.fmul
                0x0000000000000000        0x0 /usr/local/lib/gcc/avr/4.9.2/avr5/libgcc.a(_udivmodqi4.o)
 .text.libgcc.fixed
                0x0000000000000000        0x0 /usr/local/lib/gcc/avr/4.9.2/avr5/libgcc.a(_udivmodqi4.o)
 .text          0x0000000000000000        0x0 /usr/local/lib/gcc/avr/4.9.2/avr5/libgcc.a(_udivmodhi4.o)
 .data          0x0000000000000000        0x0 /usr/local/lib/gcc/avr/4.9.2/avr5/libgcc.a(_udivmodhi4.o)
 .bss           0x0000000000000000        0x0 /usr/local/lib/gcc/avr/4.9.2/avr5/libgcc.a(_udivmodhi4.o)
 .text.libgcc.mul
                0x0000000000000000        0x0 /usr/local/lib/gcc/avr/4.9.2/avr5/libgcc.a(_udivmodhi4.o)
 .text.libgcc   0x0000000000000000        0x0 /usr/local/lib/gcc/avr/4.9.2/avr5/libgcc.a(_udivmodhi4.o)
 .text.libgcc.prologue
                0x0000000000000000        0x0 /usr/local/lib/gcc/avr/4.9.2/avr5/libgcc.a(_udivmodhi4.o)
 .text.libgcc.builtins
                0x0000000000000000        0x0 /usr/local/lib/gcc/avr/4.9.2/avr5/libgcc.a(_udivmodhi4.o)
 .text.libgcc.fmul
                0x0000000000000000        0x0 /usr/local/lib/gcc/avr/4.9.2/avr5/libgcc.a(_udivmodhi4.o)
 .text.libgcc.fixed
                0x0000000000000000        0x0 /usr/local/lib/gcc/avr/4.9.2/avr5/libgcc.a(_udivmodhi4.o)
 .text          0x0000000000000000        0x0 /usr/local/lib/gcc/avr/4.9.2/avr5/libgcc.a(_divmodhi4.o)
 .data          0x0000000000000000        0x0 /usr/local/lib/gcc/avr/4.9.2/avr5/libgcc.a(_divmodhi4.o)
 .bss           0x0000000000000000        0x0 /usr/local/lib/gcc/avr/4.9.2/avr5/libgcc.a(_divmodhi4.o)
 .text.libgcc.mul
                0x0000000000000000        0x0 /usr/local/lib/gcc/avr/4.9.2/avr5/libgcc.a(_divmodhi4.o)
 .text.libgcc   0x0000000000000000        0x0 /usr/local/lib/gcc/avr/4.9.2/avr5/libgcc.a(_divmodhi4.o)
 .text.libgcc.prologue
                0x0000000000000000        0x0 /usr/local/lib/gcc/avr/4.9.2/avr5/libgcc.a(_divmodhi4.o)
 .text.libgcc.builtins
                0x0000000000000000        0x0 /usr/local/lib/gcc/avr/4.9.2/avr5/libgcc.a(_divmodhi4.o)
 .text.libgcc.fmul
                0x0000000000000000        0x0 /usr/local/lib/gcc/avr/4.9.2/avr5/libgcc.a(_divmodhi4.o)
 .text.libgcc.fixed
                0x0000000000000000        0x0 /usr/local/lib/gcc/avr/4.9.2/avr5/libgcc.a(_divmodhi4.o)
 .text          0x0000000000000000        0x0 /usr/local/lib/gcc/avr/4.9.2/avr5/libgcc.a(_udivmodsi4.o)
 .data          0x0000000000000000        0x0 /usr/local/lib/gcc/avr/4.9.2/avr5/libgcc.a(_udivmodsi4.o)
 .bss           0x0000000000000000        0x0 /usr/local/lib/gcc/avr/4.9.2/avr5/libgcc.a(_udivmodsi4.o)
 .stab          0x0000000000000000      0x228 /usr/local/lib/gcc/avr/4.9.2/avr5/libgcc.a(_udivmodsi4.o)
                                        0x234 (size before relaxing)
 .text.libgcc.mul
                0x0000000000000000        0x0 /usr/local/lib/gcc/avr/4.9.2/avr5/libgcc.a(_udivmodsi4.o)
 .text.libgcc.div
                0x0000000000000000       0x44 /usr/local/lib/gcc/avr/4.9.2/avr5/libgcc.a(_udivmodsi4.o)
 .text.libgcc   0x0000000000000000        0x0 /usr/local/lib/gcc/avr/4.9.2/avr5/libgcc.a(_udivmodsi4.o)
 .text.libgcc.prologue
                0x0000000000000000        0x0 /usr/local/lib/gcc/avr/4.9.2/avr5/libgcc.a(_udivmodsi4.o)
 .text.libgcc.builtins
                0x0000000000000000        0x0 /usr/local/lib/gcc/avr/4.9.2/avr5/libgcc.a(_udivmodsi4.o)
 .text.libgcc.fmul
                0x0000000000000000        0x0 /usr/local/lib/gcc/avr/4.9.2/avr5/libgcc.a(_udivmodsi4.o)
 .text.libgcc.fixed
                0x0000000000000000        0x0 /usr/local/lib/gcc/avr/4.9.2/avr5/libgcc.a(_udivmodsi4.o)
 .text          0x0000000000000000        0x0 /usr/local/lib/gcc/avr/4.9.2/avr5/libgcc.a(_exit.o)
 .data          0x0000000000000000        0x0 /usr/local/lib/gcc/avr/4.9.2/avr5/libgcc.a(_exit.o)
 .bss           0x0000000000000000        0x0 /usr/local/lib/gcc/avr/4.9.2/avr5/libgcc.a(_exit.o)
 .text.libgcc.mul
                0x0000000000000000        0x0 /usr/local/lib/gcc/avr/4.9.2/avr5/libgcc.a(_exit.o)
 .text.libgcc.div
                0x0000000000000000        0x0 /usr/local/lib/gcc/avr/4.9.2/avr5/libgcc.a(_exit.o)
 .text.libgcc   0x0000000000000000        0x0 /usr/local/lib/gcc/avr/4.9.2/avr5/libgcc.a(_exit.o)
 .text.libgcc.prologue
                0x0000000000000000        0x0 /usr/local/lib/gcc/avr/4.9.2/avr5/libgcc.a(_exit.o)
 .text.libgcc.builtins
                0x0000000000000000        0x0 /usr/local/lib/gcc/avr/4.9.2/avr5/libgcc.a(_exit.o)
 .text.libgcc.fmul
                0x0000000000000000        0x0 /usr/local/lib/gcc/avr/4.9.2/avr5/libgcc.a(_exit.o)
 .text.libgcc.fixed
                0x0000000000000000        0x0 /usr/local/lib/gcc/avr/4.9.2/avr5/libgcc.a(_exit.o)
 .text          0x0000000000000000        0x0 /usr/local/lib/gcc/avr/4.9.2/avr5/libgcc.a(_copy_data.o)
 .data          0x0000000000000000        0x0 /usr/local/lib/gcc/avr/4.9.2/avr5/libgcc.a(_copy_data.o)
 .bss           0x0000000000000000        0x0 /usr/local/lib/gcc/avr/4.9.2/avr5/libgcc.a(_copy_data.o)
 .text.libgcc.mul
                0x0000000000000000        0x0 /usr/local/lib/gcc/avr/4.9.2/avr5/libgcc.a(_copy_data.o)
 .text.libgcc.div
                0x0000000000000000        0x0 /usr/local/lib/gcc/avr/4.9.2/avr5/libgcc.a(_copy_data.o)
 .text.libgcc   0x0000000000000000        0x0 /usr/local/lib/gcc/avr/4.9.2/avr5/libgcc.a(_copy_data.o)
 .text.libgcc.prologue
                0x0000000000000000        0x0 /usr/local/lib/gcc/avr/4.9.2/avr5/libgcc.a(_copy_data.o)
 .text.libgcc.builtins
                0x0000000000000000        0x0 /usr/local/lib/gcc/avr/4.9.2/avr5/libgcc.a(_copy_data.o)
 .text.libgcc.fmul
                0x0000000000000000        0x0 /usr/local/lib/gcc/avr/4.9.2/avr5/libgcc.a(_copy_data.o)
 .text.libgcc.fixed
                0x0000000000000000        0x0 /usr/local/lib/gcc/avr/4.9.2/avr5/libgcc.a(_copy_data.o)
 .text          0x0000000000000000        0x0 /usr/local/lib/gcc/avr/4.9.2/avr5/libgcc.a(_clear_bss.o)
 .data          0x0000000000000000        0x0 /usr/local/lib/gcc/avr/4.9.2/avr5/libgcc.a(_clear_bss.o)
 .bss           0x0000000000000000        0x0 /usr/local/lib/gcc/avr/4.9.2/avr5/libgcc.a(_clear_bss.o)
 .text.libgcc.mul
                0x0000000000000000        0x0 /usr/local/lib/gcc/avr/4.9.2/avr5/libgcc.a(_clear_bss.o)
 .text.libgcc.div
                0x0000000000000000        0x0 /usr/local/lib/gcc/avr/4.9.2/avr5/libgcc.a(_clear_bss.o)
 .text.libgcc   0x0000000000000000        0x0 /usr/local/lib/gcc/avr/4.9.2/avr5/libgcc.a(_clear_bss.o)
 .text.libgcc.prologue
                0x0000000000000000        0x0 /usr/local/lib/gcc/avr/4.9.2/avr5/libgcc.a(_clear_bss.o)
 .text.libgcc.builtins
                0x0000000000000000        0x0 /usr/local/lib/gcc/avr/4.9.2/avr5/libgcc.a(_clear_bss.o)
 .text.libgcc.fmul
                0x0000000000000000        0x0 /usr/local/lib/gcc/avr/4.9.2/avr5/libgcc.a(_clear_bss.o)
 .text.libgcc.fixed
                0x0000000000000000        0x0 /usr/local/lib/gcc/avr/4.9.2/avr5/libgcc.a(_clear_bss.o)
 .text          0x0000000000000000        0x0 /usr/local/lib/gcc/avr/4.9.2/../../../../avr/lib/avr5/libm.a(addsf3.o)
 .data          0x0000000000000000        0x0 /usr/local/lib/gcc/avr/4.9.2/../../../../avr/lib/avr5/libm.a(addsf3.o)
 .bss           0x0000000000000000        0x0 /usr/local/lib/gcc/avr/4.9.2/../../../../avr/lib/avr5/libm.a(addsf3.o)
 .text          0x0000000000000000        0x0 /usr/local/lib/gcc/avr/4.9.2/../../../../avr/lib/avr5/libm.a(addsf3x.o)
 .data          0x0000000000000000        0x0 /usr/local/lib/gcc/avr/4.9.2/../../../../avr/lib/avr5/libm.a(addsf3x.o)
 .bss           0x0000000000000000        0x0 /usr/local/lib/gcc/avr/4.9.2/../../../../avr/lib/avr5/libm.a(addsf3x.o)
 .text          0x0000000000000000        0x0 /usr/local/lib/gcc/avr/4.9.2/../../../../avr/lib/avr5/libm.a(cmpsf2.o)
 .data          0x0000000000000000        0x0 /usr/local/lib/gcc/avr/4.9.2/../../../../avr/lib/avr5/libm.a(cmpsf2.o)
 .bss           0x0000000000000000        0x0 /usr/local/lib/gcc/avr/4.9.2/../../../../avr/lib/avr5/libm.a(cmpsf2.o)
 .text          0x0000000000000000        0x0 /usr/local/lib/gcc/avr/4.9.2/../../../../avr/lib/avr5/libm.a(divsf3.o)
 .data          0x0000000000000000        0x0 /usr/local/lib/gcc/avr/4.9.2/../../../../avr/lib/avr5/libm.a(divsf3.o)
 .bss           0x0000000000000000        0x0 /usr/local/lib/gcc/avr/4.9.2/../../../../avr/lib/avr5/libm.a(divsf3.o)
 .text          0x0000000000000000        0x0 /usr/local/lib/gcc/avr/4.9.2/../../../../avr/lib/avr5/libm.a(divsf3x.o)
 .data          0x0000000000000000        0x0 /usr/local/lib/gcc/avr/4.9.2/../../../../avr/lib/avr5/libm.a(divsf3x.o)
 .bss           0x0000000000000000        0x0 /usr/local/lib/gcc/avr/4.9.2/../../../../avr/lib/avr5/libm.a(divsf3x.o)
 .text          0x0000000000000000        0x0 /usr/local/lib/gcc/avr/4.9.2/../../../../avr/lib/avr5/libm.a(fixsfsi.o)
 .data          0x0000000000000000        0x0 /usr/local/lib/gcc/avr/4.9.2/../../../../avr/lib/avr5/libm.a(fixsfsi.o)
 .bss           0x0000000000000000        0x0 /usr/local/lib/gcc/avr/4.9.2/../../../../avr/lib/avr5/libm.a(fixsfsi.o)
 .text          0x0000000000000000        0x0 /usr/local/lib/gcc/avr/4.9.2/../../../../avr/lib/avr5/libm.a(fixunssfsi.o)
 .data          0x0000000000000000        0x0 /usr/local/lib/gcc/avr/4.9.2/../../../../avr/lib/avr5/libm.a(fixunssfsi.o)
 .bss           0x0000000000000000        0x0 /usr/local/lib/gcc/avr/4.9.2/../../../../avr/lib/avr5/libm.a(fixunssfsi.o)
 .text          0x0000000000000000        0x0 /usr/local/lib/gcc/avr/4.9.2/../../../../avr/lib/avr5/libm.a(floatsisf.o)
 .data          0x0000000000000000        0x0 /usr/local/lib/gcc/avr/4.9.2/../../../../avr/lib/avr5/libm.a(floatsisf.o)
 .bss           0x0000000000000000        0x0 /usr/local/lib/gcc/avr/4.9.2/../../../../avr/lib/avr5/libm.a(floatsisf.o)
 .text          0x0000000000000000        0x0 /usr/local/lib/gcc/avr/4.9.2/../../../../avr/lib/avr5/libm.a(fp_cmp.o)
 .data          0x0000000000000000        0x0 /usr/local/lib/gcc/avr/4.9.2/../../../../avr/lib/avr5/libm.a(fp_cmp.o)
 .bss           0x0000000000000000        0x0 /usr/local/lib/gcc/avr/4.9.2/../../../../avr/lib/avr5/libm.a(fp_cmp.o)
 .text          0x0000000000000000        0x0 /usr/local/lib/gcc/avr/4.9.2/../../../../avr/lib/avr5/libm.a(fp_inf.o)
 .data          0x0000000000000000        0x0 /usr/local/lib/gcc/avr/4.9.2/../../../../avr/lib/avr5/libm.a(fp_inf.o)
 .bss           0x0000000000000000        0x0 /usr/local/lib/gcc/avr/4.9.2/../../../../avr/lib/avr5/libm.a(fp_inf.o)
 .text          0x0000000000000000        0x0 /usr/local/lib/gcc/avr/4.9.2/../../../../avr/lib/avr5/libm.a(fp_nan.o)
 .data          0x0000000000000000        0x0 /usr/local/lib/gcc/avr/4.9.2/../../../../avr/lib/avr5/libm.a(fp_nan.o)
 .bss           0x0000000000000000        0x0 /usr/local/lib/gcc/avr/4.9.2/../../../../avr/lib/avr5/libm.a(fp_nan.o)
 .text          0x0000000000000000        0x0 /usr/local/lib/gcc/avr/4.9.2/../../../../avr/lib/avr5/libm.a(fp_pscA.o)
 .data          0x0000000000000000        0x0 /usr/local/lib/gcc/avr/4.9.2/../../../../avr/lib/avr5/libm.a(fp_pscA.o)
 .bss           0x0000000000000000        0x0 /usr/local/lib/gcc/avr/4.9.2/../../../../avr/lib/avr5/libm.a(fp_pscA.o)
 .text          0x0000000000000000        0x0 /usr/local/lib/gcc/avr/4.9.2/../../../../avr/lib/avr5/libm.a(fp_pscB.o)
 .data          0x0000000000000000        0x0 /usr/local/lib/gcc/avr/4.9.2/../../../../avr/lib/avr5/libm.a(fp_pscB.o)
 .bss           0x0000000000000000        0x0 /usr/local/lib/gcc/avr/4.9.2/../../../../avr/lib/avr5/libm.a(fp_pscB.o)
 .text          0x0000000000000000        0x0 /usr/local/lib/gcc/avr/4.9.2/../../../../avr/lib/avr5/libm.a(fp_round.o)
 .data          0x0000000000000000        0x0 /usr/local/lib/gcc/avr/4.9.2/../../../../avr/lib/avr5/libm.a(fp_round.o)
 .bss           0x0000000000000000        0x0 /usr/local/lib/gcc/avr/4.9.2/../../../../avr/lib/avr5/libm.a(fp_round.o)
 .text          0x0000000000000000        0x0 /usr/local/lib/gcc/avr/4.9.2/../../../../avr/lib/avr5/libm.a(fp_split3.o)
 .data          0x0000000000000000        0x0 /usr/local/lib/gcc/avr/4.9.2/../../../../avr/lib/avr5/libm.a(fp_split3.o)
 .bss           0x0000000000000000        0x0 /usr/local/lib/gcc/avr/4.9.2/../../../../avr/lib/avr5/libm.a(fp_split3.o)
 .text          0x0000000000000000        0x0 /usr/local/lib/gcc/avr/4.9.2/../../../../avr/lib/avr5/libm.a(fp_zero.o)
 .data          0x0000000000000000        0x0 /usr/local/lib/gcc/avr/4.9.2/../../../../avr/lib/avr5/libm.a(fp_zero.o)
 .bss           0x0000000000000000        0x0 /usr/local/lib/gcc/avr/4.9.2/../../../../avr/lib/avr5/libm.a(fp_zero.o)
 .text          0x0000000000000000        0x0 /usr/local/lib/gcc/avr/4.9.2/../../../../avr/lib/avr5/libm.a(gesf2.o)
 .data          0x0000000000000000        0x0 /usr/local/lib/gcc/avr/4.9.2/../../../../avr/lib/avr5/libm.a(gesf2.o)
 .bss           0x0000000000000000        0x0 /usr/local/lib/gcc/avr/4.9.2/../../../../avr/lib/avr5/libm.a(gesf2.o)
 .text          0x0000000000000000        0x0 /usr/local/lib/gcc/avr/4.9.2/../../../../avr/lib/avr5/libm.a(mulsf3.o)
 .data          0x0000000000000000        0x0 /usr/local/lib/gcc/avr/4.9.2/../../../../avr/lib/avr5/libm.a(mulsf3.o)
 .bss           0x0000000000000000        0x0 /usr/local/lib/gcc/avr/4.9.2/../../../../avr/lib/avr5/libm.a(mulsf3.o)
 .text          0x0000000000000000        0x0 /usr/local/lib/gcc/avr/4.9.2/../../../../avr/lib/avr5/libm.a(mulsf3x.o)
 .data          0x0000000000000000        0x0 /usr/local/lib/gcc/avr/4.9.2/../../../../avr/lib/avr5/libm.a(mulsf3x.o)
 .bss           0x0000000000000000        0x0 /usr/local/lib/gcc/avr/4.9.2/../../../../avr/lib/avr5/libm.a(mulsf3x.o)
 .text          0x0000000000000000        0x0 /usr/local/lib/gcc/avr/4.9.2/../../../../avr/lib/avr5/libc.a(memcpy_P.o)
 .data          0x0000000000000000        0x0 /usr/local/lib/gcc/avr/4.9.2/../../../../avr/lib/avr5/libc.a(memcpy_P.o)
 .bss           0x0000000000000000        0x0 /usr/local/lib/gcc/avr/4.9.2/../../../../avr/lib/avr5/libc.a(memcpy_P.o)

Memory Configuration

Name             Origin             Length             Attributes
text             0x0000000000000000 0x0000000000020000 xr
data             0x0000000000800060 0x000000000000ffa0 rw !x
eeprom           0x0000000000810000 0x0000000000010000 rw !x
fuse             0x0000000000820000 0x0000000000000400 rw !x
lock             0x0000000000830000 0x0000000000000400 rw !x
signature        0x0000000000840000 0x0000000000000400 rw !x
*default*        0x0000000000000000 0xffffffffffffffff

Linker script and memory map

Address of section .data set to 0x800100
LOAD /usr/local/lib/gcc/avr/4.9.2/../../../../avr/lib/avr5/crtm644.o
LOAD uzeboxVideoEngineCore.o
LOAD uzeboxCore.o
LOAD uzeboxSoundEngine.o
LOAD uzeboxSoundEngineCore.o
LOAD uzeboxVideoEngine.o
LOAD TankFu.o
START GROUP
LOAD /usr/local/lib/gcc/avr/4.9.2/avr5/libgcc.a
LOAD /usr/local/lib/gcc/avr/4.9.2/../../../../avr/lib/avr5/libm.a
LOAD /usr/local/lib/gcc/avr/4.9.2/../../../../avr/lib/avr5/libc.a
END GROUP

.hash
 *(.hash)

.dynsym
 *(.dynsym)

.dynstr
 *(.dynstr)

.gnu.version
 *(.gnu.version)

.gnu.version_d
 *(.gnu.version_d)

.gnu.version_r
 *(.gnu.version_r)

.rel.init
 *(.rel.init)

.rela.init
 *(.rela.init)

.rel.text
 *(.rel.text)
 *(.rel.text.*)
 *(.rel.gnu.linkonce.t*)

.rela.text
 *(.rela.text)
 *(.rela.text.*)
 *(.rela.gnu.linkonce.t*)

.rel.fini
 *(.rel.fini)

.rela.fini
 *(.rela.fini)

.rel.rodata
 *(.rel.rodata)
 *(.rel.rodata.*)
 *(.rel.gnu.linkonce.r*)

.rela.rodata
 *(.rela.rodata)
 *(.rela.rodata.*)
 *(.rela.gnu.linkonce.r*)

.rel.data
 *(.rel.data)
 *(.rel.data.*)
 *(.rel.gnu.linkonce.d*)

.rela.data
 *(.rela.data)
 *(.rela.data.*)
 *(.rela.gnu.linkonce.d*)

.rel.ctors
 *(.rel.ctors)

.rela.ctors
 *(.rela.ctors)

.rel.dtors
 *(.rel.dtors)

.rela.dtors
 *(.rela.dtors)

.rel.got
 *(.rel.got)

.rela.got
 *(.rela.got)

.rel.bss
 *(.rel.bss)

.rela.bss
 *(.rela.bss)

.rel.plt
 *(.rel.plt)

.rela.plt
 *(.rela.plt)

.text           0x0000000000000000     0xd790
 *(.vectors)
 .vectors       0x0000000000000000       0x70 /usr/local/lib/gcc/avr/4.9.2/../../../../avr/lib/avr5/crtm644.o
                0x0000000000000000                __vectors
                0x0000000000000000                __vector_default
 *(.vectors)
 *(.progmem.gcc*)
                0x0000000000000070                . = ALIGN (0x2)
                0x0000000000000070                __trampolines_start = .
 *(.trampolines)
 .trampolines   0x0000000000000070        0x0 linker stubs
 *(.trampolines*)
                0x0000000000000070                __trampolines_end = .
 *(.progmem*)
 .progmem.data  0x0000000000000070       0x4e uzeboxCore.o
                0x0000000000000070                io_table
                0x000000000000009e                eeprom_format_table
 .progmem.data  0x00000000000000be       0x1a uzeboxSoundEngine.o
                0x00000000000000be                patchCommands
 .progmem.data  0x00000000000000d8        0xc uzeboxVideoEngine.o
                0x00000000000000d8                fader
 .progmem.data  0x00000000000000e4     0x7940 TankFu.o
                0x00000000000000e4                default_scores
                0x0000000000000102                default_handles
                0x0000000000000120                strLevels
                0x00000000000001c0                strPaused
                0x00000000000001c7                strExit
                0x00000000000001d0                strTotal
                0x00000000000001d7                strScore
                0x00000000000001de                strBanterClear
                0x00000000000001ed                banter_map
                0x0000000000000283                strFinalScore
                0x000000000000028f                strBy
                0x0000000000000292                strOwns
                0x0000000000000297                strChangeHandle
                0x00000000000002a6                strReset
                0x00000000000002bf                strCancelHandle
                0x00000000000002ca                strConfirmHandle
                0x00000000000002d6                strSelectHandle
                0x00000000000002e1                strPlayer2
                0x00000000000002e4                strPlayer1
                0x00000000000002e7                strVertSep
                0x00000000000002e9                strUnderline
                0x00000000000002f5                strHandlesTitle
                0x0000000000000301                strHighscores
                0x000000000000030b                str2Player
                0x000000000000031c                str1Player
                0x000000000000032a                strCopyright
                0x000000000000033f                my_patches
                0x00000000000003b4                ad_silence
                0x00000000000003b6                ad_tracks
                0x00000000000003b8                ad_tank_explode
                0x00000000000003ba                ad_splash
                0x00000000000003bc                ad_rocket
                0x00000000000003be                ad_navigate
                0x0000000000000530                ad_metal
                0x0000000000000750                ad_level_start
                0x0000000000000752                ad_level_clear
                0x0000000000000754                ad_item
                0x0000000000000905                ad_cannonball
                0x0000000000000b4c                ad_brick_explode
                0x0000000000001231                ad_banter
                0x0000000000001982                level_data
                0x00000000000036ce                sprites_data
                0x000000000000400e                map_sub_turret
                0x0000000000004011                map_sub_shot
                0x0000000000004014                map_up_arrow
                0x0000000000004017                map_down_arrow
                0x000000000000401a                map_right_arrow
                0x000000000000401d                map_rocket_right_1
                0x0000000000004020                map_rocket_right_0
                0x0000000000004023                map_rocket_up_1
                0x0000000000004026                map_rocket_up_0
                0x0000000000004029                map_ball
                0x000000000000402c                map_explosion_2
                0x0000000000004032                map_explosion_1
                0x0000000000004038                map_explosion_0
                0x000000000000403e                map_tank2_right_0
                0x0000000000004044                map_tank2_up_0
                0x000000000000404a                map_tank1_right_0
                0x0000000000004050                map_tank1_up_0
                0x0000000000004056                map_tank_blank
                0x000000000000405c                map_none
                0x000000000000405f                tiles_data
                0x00000000000076df                map_sub_emerging
                0x0000000000007815                map_sub
                0x000000000000794b                map_scope_2
                0x000000000000794e                map_scope_1
                0x0000000000007951                map_scope_0
                0x0000000000007954                map_blue_tank
                0x000000000000795a                map_green_tank
                0x0000000000007960                map_fence
                0x0000000000007963                map_turf
                0x0000000000007966                map_water
                0x0000000000007969                map_metal_bl
                0x000000000000796c                map_metal_tr
                0x000000000000796f                map_metal_br
                0x0000000000007972                map_metal_tl
                0x0000000000007975                map_tile_exp_2
                0x0000000000007978                map_tile_exp_1
                0x000000000000797b                map_tile_exp_0
                0x000000000000797e                map_rocket_itm
                0x0000000000007981                map_explode_itm
                0x0000000000007984                map_speed_itm
                0x0000000000007987                map_metal
                0x000000000000798a                map_brick
                0x000000000000798d                map_splash
                0x00000000000079e3                map_pause
                0x0000000000007a21                map_tile_none
                0x0000000000007a24                . = ALIGN (0x2)
 *(.jumptables)
 *(.jumptables*)
 *(.lowtext)
 *(.lowtext*)
                0x0000000000007a24                __ctors_start = .
 *(.ctors)
                0x0000000000007a24                __ctors_end = .
                0x0000000000007a24                __dtors_start = .
 *(.dtors)
                0x0000000000007a24                __dtors_end = .
 SORT(*)(.ctors)
 SORT(*)(.dtors)
 *(.init0)
 .init0         0x0000000000007a24        0x0 /usr/local/lib/gcc/avr/4.9.2/../../../../avr/lib/avr5/crtm644.o
                0x0000000000007a24                __init
 *(.init0)
 *(.init1)
 *(.init1)
 *(.init2)
 .init2         0x0000000000007a24        0xc /usr/local/lib/gcc/avr/4.9.2/../../../../avr/lib/avr5/crtm644.o
 *(.init2)
 *(.init3)
 *(.init3)
 *(.init4)
 .init4         0x0000000000007a30       0x16 /usr/local/lib/gcc/avr/4.9.2/avr5/libgcc.a(_copy_data.o)
                0x0000000000007a30                __do_copy_data
 .init4         0x0000000000007a46       0x10 /usr/local/lib/gcc/avr/4.9.2/avr5/libgcc.a(_clear_bss.o)
                0x0000000000007a46                __do_clear_bss
 *(.init4)
 *(.init5)
 *(.init5)
 *(.init6)
 *(.init6)
 *(.init7)
 .init7         0x0000000000007a56       0x16 uzeboxCore.o
                0x0000000000007a56                wdt_init
 *(.init7)
 *(.init8)
 .init8         0x0000000000007a6c       0x8a uzeboxCore.o
                0x0000000000007a6c                Initialize
 *(.init8)
 *(.init9)
 .init9         0x0000000000007af6        0x8 /usr/local/lib/gcc/avr/4.9.2/../../../../avr/lib/avr5/crtm644.o
 *(.init9)
 *(.text)
 .text          0x0000000000007afe        0x4 /usr/local/lib/gcc/avr/4.9.2/../../../../avr/lib/avr5/crtm644.o
                0x0000000000007afe                __vector_20
                0x0000000000007afe                __vector_1
                0x0000000000007afe                __vector_24
                0x0000000000007afe                __vector_12
                0x0000000000007afe                __bad_interrupt
                0x0000000000007afe                __vector_6
                0x0000000000007afe                __vector_3
                0x0000000000007afe                __vector_23
                0x0000000000007afe                __vector_25
                0x0000000000007afe                __vector_11
                0x0000000000007afe                __vector_17
                0x0000000000007afe                __vector_19
                0x0000000000007afe                __vector_7
                0x0000000000007afe                __vector_27
                0x0000000000007afe                __vector_5
                0x0000000000007afe                __vector_4
                0x0000000000007afe                __vector_9
                0x0000000000007afe                __vector_2
                0x0000000000007afe                __vector_21
                0x0000000000007afe                __vector_15
                0x0000000000007afe                __vector_26
                0x0000000000007afe                __vector_10
                0x0000000000007afe                __vector_16
                0x0000000000007afe                __vector_18
                0x0000000000007afe                __vector_22
 .text          0x0000000000007b02      0x58a uzeboxVideoEngineCore.o
                0x0000000000007ca8                CopyTileToRam
                0x0000000000007dca                BlitSprite
                0x0000000000007eaa                __vector_13
                0x0000000000007f2a                __vector_14
 .text          0x000000000000808c      0x180 uzeboxSoundEngineCore.o
                0x000000000000808c                process_music
                0x0000000000008098                update_sound
                0x000000000000820c                . = ALIGN (0x2)
 *(.text.*)
 .text.SetSpritesTileTable
                0x000000000000820c        0xa uzeboxVideoEngineCore.o
                0x000000000000820c                SetSpritesTileTable
 .text.ClearVram
                0x0000000000008216       0x14 uzeboxVideoEngineCore.o
                0x0000000000008216                ClearVram
 .text.SetFont  0x000000000000822a        0x8 uzeboxVideoEngineCore.o
                0x000000000000822a                SetFont
 .text.SetTile  0x0000000000008232       0x1c uzeboxVideoEngineCore.o
                0x0000000000008232                SetTile
 .text.SetFontTilesIndex
                0x000000000000824e        0x6 uzeboxVideoEngineCore.o
                0x000000000000824e                SetFontTilesIndex
 .text.SetTileTable
                0x0000000000008254        0xa uzeboxVideoEngineCore.o
                0x0000000000008254                SetTileTable
 .text.GetVsyncFlag
                0x000000000000825e        0x8 uzeboxVideoEngineCore.o
                0x000000000000825e                GetVsyncFlag
 .text.ClearVsyncFlag
                0x0000000000008266        0xc uzeboxVideoEngineCore.o
                0x0000000000008266                ClearVsyncFlag
 .text.ReadJoypad
                0x0000000000008272       0x18 uzeboxVideoEngineCore.o
                0x0000000000008272                ReadJoypad
 .text.WaitUs   0x000000000000828a        0xe uzeboxVideoEngineCore.o
                0x000000000000828a                WaitUs
 .text.WriteEeprom
                0x0000000000008298       0x14 uzeboxVideoEngineCore.o
                0x0000000000008298                WriteEeprom
 .text.ReadEeprom
                0x00000000000082ac       0x12 uzeboxVideoEngineCore.o
                0x00000000000082ac                ReadEeprom
 .text.wdt_randomize
                0x00000000000082be       0x34 uzeboxVideoEngineCore.o
                0x00000000000082be                wdt_randomize
 .text.GetRandomSeed
                0x00000000000082f2        0xa uzeboxVideoEngineCore.o
                0x00000000000082f2                GetRandomSeed
 .text.__vector_8
                0x00000000000082fc       0x44 uzeboxVideoEngineCore.o
                0x00000000000082fc                __vector_8
 .text.SoftReset
                0x0000000000008340       0x16 uzeboxCore.o
                0x0000000000008340                SoftReset
 .text.ReadButtons
                0x0000000000008356       0x6c uzeboxCore.o
                0x0000000000008356                ReadButtons
 .text.ReadControllers
                0x00000000000083c2       0x20 uzeboxCore.o
                0x00000000000083c2                ReadControllers
 .text.FormatEeprom
                0x00000000000083e2       0x44 uzeboxCore.o
                0x00000000000083e2                FormatEeprom
 .text.isEepromFormatted
                0x0000000000008426       0x2e uzeboxCore.o
                0x0000000000008426                isEepromFormatted
 .text.EepromWriteBlock
                0x0000000000008454       0xda uzeboxCore.o
                0x0000000000008454                EepromWriteBlock
 .text.EepromReadBlock
                0x000000000000852e       0x92 uzeboxCore.o
                0x000000000000852e                EepromReadBlock
 .text.PatchCommand00
                0x00000000000085c0        0x6 uzeboxSoundEngine.o
                0x00000000000085c0                PatchCommand00
 .text.PatchCommand01
                0x00000000000085c6       0x10 uzeboxSoundEngine.o
                0x00000000000085c6                PatchCommand01
 .text.PatchCommand05
                0x00000000000085d6        0xa uzeboxSoundEngine.o
                0x00000000000085d6                PatchCommand05
 .text.PatchCommand06
                0x00000000000085e0        0xa uzeboxSoundEngine.o
                0x00000000000085e0                PatchCommand06
 .text.PatchCommand07
                0x00000000000085ea        0x6 uzeboxSoundEngine.o
                0x00000000000085ea                PatchCommand07
 .text.PatchCommand09
                0x00000000000085f0        0x6 uzeboxSoundEngine.o
                0x00000000000085f0                PatchCommand09
 .text.PatchCommand10
                0x00000000000085f6        0x6 uzeboxSoundEngine.o
                0x00000000000085f6                PatchCommand10
 .text.PatchCommand11
                0x00000000000085fc       0x7a uzeboxSoundEngine.o
                0x00000000000085fc                PatchCommand11
 .text.PatchCommand12
                0x0000000000008676        0x6 uzeboxSoundEngine.o
                0x0000000000008676                PatchCommand12
 .text.PatchCommand02
                0x000000000000867c        0x8 uzeboxSoundEngine.o
                0x000000000000867c                PatchCommand02
 .text.PatchCommand03
                0x0000000000008684       0x10 uzeboxSoundEngine.o
                0x0000000000008684                PatchCommand03
 .text.PatchCommand04
                0x0000000000008694       0x10 uzeboxSoundEngine.o
                0x0000000000008694                PatchCommand04
 .text.PatchCommand08
                0x00000000000086a4       0x32 uzeboxSoundEngine.o
                0x00000000000086a4                PatchCommand08
 .text.InitMusicPlayer
                0x00000000000086d6       0x44 uzeboxSoundEngine.o
                0x00000000000086d6                InitMusicPlayer
 .text.ReadVarLen
                0x000000000000871a       0x4c uzeboxSoundEngine.o
                0x000000000000871a                ReadVarLen
 .text.TriggerCommon
                0x0000000000008766      0x15a uzeboxSoundEngine.o
                0x0000000000008766                TriggerCommon
 .text.TriggerNote
                0x00000000000088c0       0x6e uzeboxSoundEngine.o
                0x00000000000088c0                TriggerNote
 .text.ProcessMusic
                0x000000000000892e      0x44e uzeboxSoundEngine.o
                0x000000000000892e                ProcessMusic
 .text.SetMasterVolume
                0x0000000000008d7c        0x6 uzeboxSoundEngine.o
                0x0000000000008d7c                SetMasterVolume
 .text.SetMixerNote
                0x0000000000008d82       0x2e uzeboxSoundEngineCore.o
                0x0000000000008d82                SetMixerNote
 .text.SetMixerWave
                0x0000000000008db0       0x3a uzeboxSoundEngineCore.o
                0x0000000000008db0                SetMixerWave
 *fill*         0x0000000000008dea       0x16 
 .text.DisableSoundEngine
                0x0000000000008e00      0xc00 uzeboxSoundEngineCore.o
                0x0000000000008e00                DisableSoundEngine
                0x0000000000008e08                steptable
                0x0000000000009000                waves
 .text.RestoreBackground
                0x0000000000009a00       0x22 uzeboxVideoEngine.o
                0x0000000000009a00                RestoreBackground
 .text.SetSpriteVisibility
                0x0000000000009a22        0x6 uzeboxVideoEngine.o
                0x0000000000009a22                SetSpriteVisibility
 .text.ProcessSprites
                0x0000000000009a28      0x1a8 uzeboxVideoEngine.o
                0x0000000000009a28                ProcessSprites
 .text.MapSprite2
                0x0000000000009bd0       0xa4 uzeboxVideoEngine.o
                0x0000000000009bd0                MapSprite2
 .text.MoveSprite
                0x0000000000009c74       0x4a uzeboxVideoEngine.o
                0x0000000000009c74                MoveSprite
 .text.DisplayLogo
                0x0000000000009cbe        0x2 uzeboxVideoEngine.o
                0x0000000000009cbe                DisplayLogo
 .text.InitializeVideoMode
                0x0000000000009cc0       0x14 uzeboxVideoEngine.o
                0x0000000000009cc0                InitializeVideoMode
 .text.DrawMap2
                0x0000000000009cd4       0x9a uzeboxVideoEngine.o
                0x0000000000009cd4                DrawMap2
 .text.PrintByte
                0x0000000000009d6e       0x66 uzeboxVideoEngine.o
                0x0000000000009d6e                PrintByte
 .text.Print    0x0000000000009dd4       0x36 uzeboxVideoEngine.o
                0x0000000000009dd4                Print
 .text.PrintChar
                0x0000000000009e0a        0x6 uzeboxVideoEngine.o
                0x0000000000009e0a                PrintChar
 .text.WaitVsync
                0x0000000000009e10       0x2e uzeboxVideoEngine.o
                0x0000000000009e10                WaitVsync
 .text.doFade   0x0000000000009e3e       0x1c uzeboxVideoEngine.o
                0x0000000000009e3e                doFade
 .text.FadeIn   0x0000000000009e5a       0x18 uzeboxVideoEngine.o
                0x0000000000009e5a                FadeIn
 .text.FadeOut  0x0000000000009e72       0x18 uzeboxVideoEngine.o
                0x0000000000009e72                FadeOut
 .text.ProcessFading
                0x0000000000009e8a       0x4a uzeboxVideoEngine.o
                0x0000000000009e8a                ProcessFading
 .text.VideoModeVsync
                0x0000000000009ed4        0x8 uzeboxVideoEngine.o
                0x0000000000009ed4                VideoModeVsync
 .text.LBGetNextFrame
                0x0000000000009edc       0x4a TankFu.o
                0x0000000000009edc                LBGetNextFrame
 .text.LBGetNextFrameReverse
                0x0000000000009f26       0x58 TankFu.o
                0x0000000000009f26                LBGetNextFrameReverse
 .text.LBGetJoyPadState
                0x0000000000009f7e       0x96 TankFu.o
                0x0000000000009f7e                LBGetJoyPadState
 .text.LBCopyChars
                0x000000000000a014       0x18 TankFu.o
                0x000000000000a014                LBCopyChars
 .text.LBPrintStr
                0x000000000000a02c       0x62 TankFu.o
                0x000000000000a02c                LBPrintStr
 .text.LBCollides
                0x000000000000a08e       0x54 TankFu.o
                0x000000000000a08e                LBCollides
 .text.LBLineIntersect
                0x000000000000a0e2      0x1ac TankFu.o
                0x000000000000a0e2                LBLineIntersect
 .text.LBRandom
                0x000000000000a28e       0x6a TankFu.o
                0x000000000000a28e                LBRandom
 .text.LBWaitSeconds
                0x000000000000a2f8       0x1e TankFu.o
                0x000000000000a2f8                LBWaitSeconds
 .text.init_scores
                0x000000000000a316       0x18 TankFu.o
                0x000000000000a316                init_scores
 .text.init_handles
                0x000000000000a32e       0x18 TankFu.o
                0x000000000000a32e                init_handles
 .text.init_tile_animations
                0x000000000000a346       0x4e TankFu.o
                0x000000000000a346                init_tile_animations
 .text.init_scope_animation
                0x000000000000a394       0x30 TankFu.o
                0x000000000000a394                init_scope_animation
 .text.init_shot_state
                0x000000000000a3c4       0x3a TankFu.o
                0x000000000000a3c4                init_shot_state
 .text.set_shot_animations
                0x000000000000a3fe       0x6a TankFu.o
                0x000000000000a3fe                set_shot_animations
 .text.init_player
                0x000000000000a468       0xe8 TankFu.o
                0x000000000000a468                init_player
 .text.player_init_shot_state
                0x000000000000a550        0xc TankFu.o
                0x000000000000a550                player_init_shot_state
 .text.init_game_state
                0x000000000000a55c       0x2e TankFu.o
                0x000000000000a55c                init_game_state
 .text.player_spawn
                0x000000000000a58a       0x3c TankFu.o
                0x000000000000a58a                player_spawn
 .text.load_eeprom
                0x000000000000a5c6       0x24 TankFu.o
                0x000000000000a5c6                load_eeprom
 .text.fade_through
                0x000000000000a5ea       0x14 TankFu.o
                0x000000000000a5ea                fade_through
 .text.clear_sprites
                0x000000000000a5fe       0x1a TankFu.o
                0x000000000000a5fe                clear_sprites
 .text.save_score
                0x000000000000a618       0xd4 TankFu.o
                0x000000000000a618                save_score
 .text.position_shot
                0x000000000000a6ec       0xda TankFu.o
                0x000000000000a6ec                position_shot
 .text.print_level_score
                0x000000000000a7c6       0x84 TankFu.o
                0x000000000000a7c6                print_level_score
 .text.print_final_score
                0x000000000000a84a       0x94 TankFu.o
                0x000000000000a84a                print_final_score
 .text.render_hud
                0x000000000000a8de       0x3a TankFu.o
                0x000000000000a8de                render_hud
 .text.render_score
                0x000000000000a918       0x38 TankFu.o
                0x000000000000a918                render_score
 .text.render_banter
                0x000000000000a950       0x50 TankFu.o
                0x000000000000a950                render_banter
 .text.render_player
                0x000000000000a9a0       0x52 TankFu.o
                0x000000000000a9a0                render_player
 .text.render_shot
                0x000000000000a9f2       0x58 TankFu.o
                0x000000000000a9f2                render_shot
 .text.render_tile_explosions
                0x000000000000aa4a       0x6a TankFu.o
                0x000000000000aa4a                render_tile_explosions
 .text.render_scope
                0x000000000000aab4       0x34 TankFu.o
                0x000000000000aab4                render_scope
 .text.tank_map
                0x000000000000aae8       0xd2 TankFu.o
                0x000000000000aae8                tank_map
 .text.shot_map
                0x000000000000abba       0x58 TankFu.o
                0x000000000000abba                shot_map
 .text.recoil_sprite
                0x000000000000ac12       0xb4 TankFu.o
                0x000000000000ac12                recoil_sprite
 .text.recoil_sprite_fine
                0x000000000000acc6       0xc8 TankFu.o
                0x000000000000acc6                recoil_sprite_fine
 .text.solid_square_tile
                0x000000000000ad8e       0x24 TankFu.o
                0x000000000000ad8e                solid_square_tile
 .text.solid_tile
                0x000000000000adb2       0x44 TankFu.o
                0x000000000000adb2                solid_tile
 .text.solid_directional_tile
                0x000000000000adf6       0x2c TankFu.o
                0x000000000000adf6                solid_directional_tile
 .text.collides_directional_tile
                0x000000000000ae22      0x148 TankFu.o
                0x000000000000ae22                collides_directional_tile
 .text.player_shot
                0x000000000000af6a       0xbe TankFu.o
                0x000000000000af6a                player_shot
 .text.collision_detect_boundries
                0x000000000000b028       0x9c TankFu.o
                0x000000000000b028                collision_detect_boundries
 .text.drop_item
                0x000000000000b0c4       0x86 TankFu.o
                0x000000000000b0c4                drop_item
 .text.kill_player
                0x000000000000b14a       0xb0 TankFu.o
                0x000000000000b14a                kill_player
 .text.get_interesting_tile_indexes_shot
                0x000000000000b1fa       0x48 TankFu.o
                0x000000000000b1fa                get_interesting_tile_indexes_shot
 .text.explode_tile
                0x000000000000b242       0x7c TankFu.o
                0x000000000000b242                explode_tile
 .text.richochet
                0x000000000000b2be       0x42 TankFu.o
                0x000000000000b2be                richochet
 .text.collision_detect_shot
                0x000000000000b300      0x3a8 TankFu.o
                0x000000000000b300                collision_detect_shot
 .text.get_interesting_tile_indexes
                0x000000000000b6a8       0x64 TankFu.o
                0x000000000000b6a8                get_interesting_tile_indexes
 .text.collision_detect_player
                0x000000000000b70c      0x34c TankFu.o
                0x000000000000b70c                collision_detect_player
 .text.load_level_tiles
                0x000000000000ba58       0xe6 TankFu.o
                0x000000000000ba58                load_level_tiles
 .text.load_level
                0x000000000000bb3e      0x190 TankFu.o
                0x000000000000bb3e                load_level
 .text.level_transition
                0x000000000000bcce       0x60 TankFu.o
                0x000000000000bcce                level_transition
 .text.load_splash
                0x000000000000bd2e       0x6c TankFu.o
                0x000000000000bd2e                load_splash
 .text.load_tank_rank
                0x000000000000bd9a      0x130 TankFu.o
                0x000000000000bd9a                load_tank_rank
 .text.exit_game
                0x000000000000beca       0x16 TankFu.o
                0x000000000000beca                exit_game
 .text.update_level_helper
                0x000000000000bee0      0x436 TankFu.o
                0x000000000000bee0                update_level_helper
 .text.update_level
                0x000000000000c316      0x1c2 TankFu.o
                0x000000000000c316                update_level
 .text.update_tank_rank
                0x000000000000c4d8       0xb2 TankFu.o
                0x000000000000c4d8                update_tank_rank
 .text._handle_select_helper
                0x000000000000c58a      0x18a TankFu.o
                0x000000000000c58a                _handle_select_helper
 .text._handle_select_render_helper
                0x000000000000c714      0x17c TankFu.o
                0x000000000000c714                _handle_select_render_helper
 .text.load_handle_select
                0x000000000000c890      0x10a TankFu.o
                0x000000000000c890                load_handle_select
 .text.update_splash
                0x000000000000c99a      0x1ac TankFu.o
                0x000000000000c99a                update_splash
 .text.update_handle_select
                0x000000000000cb46       0x9c TankFu.o
                0x000000000000cb46                update_handle_select
 .text.button_map
                0x000000000000cbe2       0x2c TankFu.o
                0x000000000000cbe2                button_map
 .text.crash_and_turn
                0x000000000000cc0e      0x208 TankFu.o
                0x000000000000cc0e                crash_and_turn
 .text.get_cpu_goal_direction
                0x000000000000ce16       0x48 TankFu.o
                0x000000000000ce16                get_cpu_goal_direction
 .text.get_cpu_joypad_state
                0x000000000000ce5e      0x34a TankFu.o
                0x000000000000ce5e                get_cpu_joypad_state
 .text.startup.main
                0x000000000000d1a8      0x134 TankFu.o
                0x000000000000d1a8                main
 .text.libgcc.div
                0x000000000000d2dc       0x18 /usr/local/lib/gcc/avr/4.9.2/avr5/libgcc.a(_udivmodqi4.o)
                0x000000000000d2dc                __udivmodqi4
 .text.libgcc.div
                0x000000000000d2f4       0x28 /usr/local/lib/gcc/avr/4.9.2/avr5/libgcc.a(_udivmodhi4.o)
                0x000000000000d2f4                __udivmodhi4
 .text.libgcc.div
                0x000000000000d31c       0x28 /usr/local/lib/gcc/avr/4.9.2/avr5/libgcc.a(_divmodhi4.o)
                0x000000000000d31c                __divmodhi4
                0x000000000000d31c                _div
 .text.avr-libc.fplib
                0x000000000000d344        0xa /usr/local/lib/gcc/avr/4.9.2/../../../../avr/lib/avr5/libm.a(addsf3.o)
                0x000000000000d344                __subsf3
                0x000000000000d346                __addsf3
 .text.avr-libc.fplib
                0x000000000000d34e       0xc0 /usr/local/lib/gcc/avr/4.9.2/../../../../avr/lib/avr5/libm.a(addsf3x.o)
                0x000000000000d368                __addsf3x
 .text.avr-libc.fplib
                0x000000000000d40e        0x8 /usr/local/lib/gcc/avr/4.9.2/../../../../avr/lib/avr5/libm.a(cmpsf2.o)
                0x000000000000d40e                __lesf2
                0x000000000000d40e                __nesf2
                0x000000000000d40e                __eqsf2
                0x000000000000d40e                __cmpsf2
                0x000000000000d40e                __ltsf2
 .text.avr-libc.fplib
                0x000000000000d416        0x4 /usr/local/lib/gcc/avr/4.9.2/../../../../avr/lib/avr5/libm.a(divsf3.o)
                0x000000000000d416                __divsf3
 .text.avr-libc.fplib
                0x000000000000d41a       0xcc /usr/local/lib/gcc/avr/4.9.2/../../../../avr/lib/avr5/libm.a(divsf3x.o)
                0x000000000000d430                __divsf3x
                0x000000000000d434                __divsf3_pse
 .text.avr-libc.fplib
                0x000000000000d4e6        0xa /usr/local/lib/gcc/avr/4.9.2/../../../../avr/lib/avr5/libm.a(fixsfsi.o)
                0x000000000000d4e6                __fixsfsi
 .text.avr-libc.fplib
                0x000000000000d4f0       0x58 /usr/local/lib/gcc/avr/4.9.2/../../../../avr/lib/avr5/libm.a(fixunssfsi.o)
                0x000000000000d4f0                __fixunssfsi
 .text.avr-libc.fplib
                0x000000000000d548       0x7a /usr/local/lib/gcc/avr/4.9.2/../../../../avr/lib/avr5/libm.a(floatsisf.o)
                0x000000000000d548                __floatunsisf
                0x000000000000d54c                __floatsisf
 .text.avr-libc.fplib
                0x000000000000d5c2       0x48 /usr/local/lib/gcc/avr/4.9.2/../../../../avr/lib/avr5/libm.a(fp_cmp.o)
                0x000000000000d5c2                __fp_cmp
 .text.avr-libc.fplib
                0x000000000000d60a        0xc /usr/local/lib/gcc/avr/4.9.2/../../../../avr/lib/avr5/libm.a(fp_inf.o)
                0x000000000000d60a                __fp_inf
 .text.avr-libc.fplib
                0x000000000000d616        0x6 /usr/local/lib/gcc/avr/4.9.2/../../../../avr/lib/avr5/libm.a(fp_nan.o)
                0x000000000000d616                __fp_nan
 .text.avr-libc.fplib
                0x000000000000d61c        0xe /usr/local/lib/gcc/avr/4.9.2/../../../../avr/lib/avr5/libm.a(fp_pscA.o)
                0x000000000000d61c                __fp_pscA
 .text.avr-libc.fplib
                0x000000000000d62a        0xe /usr/local/lib/gcc/avr/4.9.2/../../../../avr/lib/avr5/libm.a(fp_pscB.o)
                0x000000000000d62a                __fp_pscB
 .text.avr-libc.fplib
                0x000000000000d638       0x22 /usr/local/lib/gcc/avr/4.9.2/../../../../avr/lib/avr5/libm.a(fp_round.o)
                0x000000000000d638                __fp_round
 .text.avr-libc.fplib
                0x000000000000d65a       0x44 /usr/local/lib/gcc/avr/4.9.2/../../../../avr/lib/avr5/libm.a(fp_split3.o)
                0x000000000000d65a                __fp_split3
                0x000000000000d66a                __fp_splitA
 .text.avr-libc.fplib
                0x000000000000d69e        0xe /usr/local/lib/gcc/avr/4.9.2/../../../../avr/lib/avr5/libm.a(fp_zero.o)
                0x000000000000d69e                __fp_zero
                0x000000000000d6a0                __fp_szero
 .text.avr-libc.fplib
                0x000000000000d6ac        0x8 /usr/local/lib/gcc/avr/4.9.2/../../../../avr/lib/avr5/libm.a(gesf2.o)
                0x000000000000d6ac                __gtsf2
                0x000000000000d6ac                __gesf2
 .text.avr-libc.fplib
                0x000000000000d6b4        0x4 /usr/local/lib/gcc/avr/4.9.2/../../../../avr/lib/avr5/libm.a(mulsf3.o)
                0x000000000000d6b4                __mulsf3
 .text.avr-libc.fplib
                0x000000000000d6b8       0xc2 /usr/local/lib/gcc/avr/4.9.2/../../../../avr/lib/avr5/libm.a(mulsf3x.o)
                0x000000000000d6cc                __mulsf3x
                0x000000000000d6d0                __mulsf3_pse
 .text.avr-libc
                0x000000000000d77a       0x12 /usr/local/lib/gcc/avr/4.9.2/../../../../avr/lib/avr5/libc.a(memcpy_P.o)
                0x000000000000d77a                memcpy_P
                0x000000000000d78c                . = ALIGN (0x2)
 *(.fini9)
 .fini9         0x000000000000d78c        0x0 /usr/local/lib/gcc/avr/4.9.2/avr5/libgcc.a(_exit.o)
                0x000000000000d78c                exit
                0x000000000000d78c                _exit
 *(.fini9)
 *(.fini8)
 *(.fini8)
 *(.fini7)
 *(.fini7)
 *(.fini6)
 *(.fini6)
 *(.fini5)
 *(.fini5)
 *(.fini4)
 *(.fini4)
 *(.fini3)
 *(.fini3)
 *(.fini2)
 *(.fini2)
 *(.fini1)
 *(.fini1)
 *(.fini0)
 .fini0         0x000000000000d78c        0x4 /usr/local/lib/gcc/avr/4.9.2/avr5/libgcc.a(_exit.o)
 *(.fini0)
                0x000000000000d790                _etext = .

.data           0x0000000000800100        0x6 load address 0x000000000000d790
                0x0000000000800100                PROVIDE (__data_start, .)
 *(.data)
 .data          0x0000000000800100        0x1 uzeboxVideoEngine.o
                0x0000000000800100                spritesOn
 .data          0x0000000000800101        0x5 TankFu.o
                0x0000000000800104                global_frame_counter
 *(.data*)
 *(.rodata)
 *(.rodata*)
 *(.gnu.linkonce.d*)
                0x0000000000800106                . = ALIGN (0x2)
                0x0000000000800106                _edata = .
                0x0000000000800106                PROVIDE (__data_end, .)

.bss            0x0000000000800106      0xf1c
                0x0000000000800106                PROVIDE (__bss_start, .)
 *(.bss)
 *fill*         0x0000000000800106       0x1a 
 .bss           0x0000000000800120      0x9e0 uzeboxVideoEngineCore.o
                0x0000000000800120                vram
                0x0000000000800468                sprites
                0x0000000000800468                overlay_vram
                0x0000000000800490                ram_tiles
                0x0000000000800a90                ram_tiles_restore
                0x0000000000800ad8                sprites_tile_banks
                0x0000000000800ae3                Screen
                0x0000000000800ae6                sync_phase
                0x0000000000800ae7                sync_pulse
                0x0000000000800ae8                sync_flags
                0x0000000000800aed                first_render_line
                0x0000000000800aee                render_lines_count
                0x0000000000800aef                first_render_line_tmp
                0x0000000000800af0                render_lines_count_tmp
                0x0000000000800af1                joypad1_status_lo
                0x0000000000800af3                joypad1_status_hi
                0x0000000000800af5                joypad2_status_lo
                0x0000000000800af7                joypad2_status_hi
 .bss           0x0000000000800b00        0x1 uzeboxSoundEngine.o
                0x0000000000800b00                playSong
 .bss           0x0000000000800b01       0x23 uzeboxSoundEngineCore.o
                0x0000000000800b01                sound_enabled
                0x0000000000800b02                mixer
                0x0000000000800b15                tr4_params
                0x0000000000800b16                tr4_barrel_lo
                0x0000000000800b17                tr4_barrel_hi
 .bss           0x0000000000800b24       0x1b TankFu.o
                0x0000000000800b24                p2s
                0x0000000000800b2a                p1s
 *(.bss*)
 *(COMMON)
 COMMON         0x0000000000800b3f        0x1 uzeboxCore.o
                0x0000000000800b3f                joypadsConnectionStatus
 COMMON         0x0000000000800b40       0x7e uzeboxSoundEngine.o
                0x0000000000800b40                songStart
                0x0000000000800b42                tracks
                0x0000000000800bb0                currDeltaTime
                0x0000000000800bb2                patchPointers
                0x0000000000800bb4                lastStatus
                0x0000000000800bb5                masterVolume
                0x0000000000800bb6                nextDeltaTime
                0x0000000000800bb8                songSpeed
                0x0000000000800bb9                songPos
                0x0000000000800bbb                loopStart
                0x0000000000800bbd                step
 COMMON         0x0000000000800bbe        0x6 uzeboxVideoEngine.o
                0x0000000000800bbe                fadeSpeed
                0x0000000000800bbf                fadeDir
                0x0000000000800bc0                free_tile_index
                0x0000000000800bc1                fadeActive
                0x0000000000800bc2                currFadeFrame
                0x0000000000800bc3                fadeStep
 COMMON         0x0000000000800bc4      0x45e TankFu.o
                0x0000000000800bc4                scores
                0x0000000000800be4                p2
                0x0000000000800beb                handles
                0x0000000000800c0b                game
                0x0000000000800c11                tile_animations
                0x0000000000800c2e                player1
                0x0000000000800ca6                p1
                0x0000000000800cad                level
                0x0000000000800f9c                player2
                0x0000000000801014                scope_animation
                0x0000000000801022                PROVIDE (__bss_end, .)
                0x000000000000d790                __data_load_start = LOADADDR (.data)
                0x000000000000d796                __data_load_end = (__data_load_start + SIZEOF (.data))

.noinit         0x0000000000801022        0x0
                0x0000000000801022                PROVIDE (__noinit_start, .)
 *(.noinit*)
                0x0000000000801022                PROVIDE (__noinit_end, .)
                0x0000000000801022                _end = .
                0x0000000000801022                PROVIDE (__heap_start, .)

.eeprom         0x0000000000810000        0x0
 *(.eeprom*)
                0x0000000000810000                __eeprom_end = .

.fuse
 *(.fuse)
 *(.lfuse)
 *(.hfuse)
 *(.efuse)

.lock
 *(.lock*)

.signature
 *(.signature*)

.stab           0x0000000000000000      0x57c
 *(.stab)
 .stab          0x0000000000000000       0xf0 /usr/local/lib/gcc/avr/4.9.2/avr5/libgcc.a(_udivmodqi4.o)
 .stab          0x00000000000000f0      0x15c /usr/local/lib/gcc/avr/4.9.2/avr5/libgcc.a(_udivmodhi4.o)
                                        0x168 (size before relaxing)
 .stab          0x000000000000024c      0x138 /usr/local/lib/gcc/avr/4.9.2/avr5/libgcc.a(_divmodhi4.o)
                                        0x144 (size before relaxing)
 .stab          0x0000000000000384       0x6c /usr/local/lib/gcc/avr/4.9.2/avr5/libgcc.a(_exit.o)
                                         0x78 (size before relaxing)
 .stab          0x00000000000003f0       0xd8 /usr/local/lib/gcc/avr/4.9.2/avr5/libgcc.a(_copy_data.o)
                                         0xe4 (size before relaxing)
 .stab          0x00000000000004c8       0xb4 /usr/local/lib/gcc/avr/4.9.2/avr5/libgcc.a(_clear_bss.o)
                                         0xc0 (size before relaxing)

.stabstr        0x0000000000000000      0x256
 *(.stabstr)
 .stabstr       0x0000000000000000      0x256 /usr/local/lib/gcc/avr/4.9.2/avr5/libgcc.a(_udivmodqi4.o)

.stab.excl
 *(.stab.excl)

.stab.exclstr
 *(.stab.exclstr)

.stab.index
 *(.stab.index)

.stab.indexstr
 *(.stab.indexstr)

.comment        0x0000000000000000       0x11
 *(.comment)
 .comment       0x0000000000000000       0x11 uzeboxCore.o
                                         0x12 (size before relaxing)
 .comment       0x0000000000000011       0x12 uzeboxSoundEngine.o
 .comment       0x0000000000000011       0x12 uzeboxVideoEngine.o
 .comment       0x0000000000000011       0x12 TankFu.o

.note.gnu.build-id
 *(.note.gnu.build-id)

.debug
 *(.debug)

.line
 *(.line)

.debug_srcinfo
 *(.debug_srcinfo)

.debug_sfnames
 *(.debug_sfnames)

.debug_aranges  0x0000000000000000      0x5e8
 *(.debug_aranges)
 .debug_aranges
                0x0000000000000000       0xe8 uzeboxVideoEngineCore.o
 .debug_aranges
                0x00000000000000e8       0x80 uzeboxCore.o
 .debug_aranges
                0x0000000000000168       0xe8 uzeboxSoundEngine.o
 .debug_aranges
                0x0000000000000250       0x50 uzeboxSoundEngineCore.o
 .debug_aranges
                0x00000000000002a0       0xf8 uzeboxVideoEngine.o
 .debug_aranges
                0x0000000000000398      0x250 TankFu.o

.debug_pubnames
 *(.debug_pubnames)

.debug_info     0x0000000000000000     0x8d53
 *(.debug_info .gnu.linkonce.wi.*)
 .debug_info    0x0000000000000000      0x672 /usr/local/lib/gcc/avr/4.9.2/../../../../avr/lib/avr5/crtm644.o
 .debug_info    0x0000000000000672       0x7d uzeboxVideoEngineCore.o
 .debug_info    0x00000000000006ef      0xa03 uzeboxCore.o
 .debug_info    0x00000000000010f2     0x127a uzeboxSoundEngine.o
 .debug_info    0x000000000000236c       0x74 uzeboxSoundEngineCore.o
 .debug_info    0x00000000000023e0     0x12c5 uzeboxVideoEngine.o
 .debug_info    0x00000000000036a5     0x56ae TankFu.o

.debug_abbrev   0x0000000000000000     0x152d
 *(.debug_abbrev)
 .debug_abbrev  0x0000000000000000      0x619 /usr/local/lib/gcc/avr/4.9.2/../../../../avr/lib/avr5/crtm644.o
 .debug_abbrev  0x0000000000000619       0x12 uzeboxVideoEngineCore.o
 .debug_abbrev  0x000000000000062b      0x2f7 uzeboxCore.o
 .debug_abbrev  0x0000000000000922      0x307 uzeboxSoundEngine.o
 .debug_abbrev  0x0000000000000c29       0x12 uzeboxSoundEngineCore.o
 .debug_abbrev  0x0000000000000c3b      0x3a7 uzeboxVideoEngine.o
 .debug_abbrev  0x0000000000000fe2      0x54b TankFu.o

.debug_line     0x0000000000000000     0x1f47
 *(.debug_line .debug_line.* .debug_line_end)
 .debug_line    0x0000000000000000       0x1d /usr/local/lib/gcc/avr/4.9.2/../../../../avr/lib/avr5/crtm644.o
 .debug_line    0x000000000000001d      0x4db uzeboxVideoEngineCore.o
 .debug_line    0x00000000000004f8      0x288 uzeboxCore.o
 .debug_line    0x0000000000000780      0x3a6 uzeboxSoundEngine.o
 .debug_line    0x0000000000000b26      0x1a8 uzeboxSoundEngineCore.o
 .debug_line    0x0000000000000cce      0x472 uzeboxVideoEngine.o
 .debug_line    0x0000000000001140      0xe07 TankFu.o

.debug_frame    0x0000000000000000     0x1354
 *(.debug_frame)
 .debug_frame   0x0000000000000000      0x174 uzeboxCore.o
 .debug_frame   0x0000000000000174      0x258 uzeboxSoundEngine.o
 .debug_frame   0x00000000000003cc      0x4c0 uzeboxVideoEngine.o
 .debug_frame   0x000000000000088c      0xac8 TankFu.o

.debug_str      0x0000000000000000     0x1bbe
 *(.debug_str)
 .debug_str     0x0000000000000000      0x231 /usr/local/lib/gcc/avr/4.9.2/../../../../avr/lib/avr5/crtm644.o
 .debug_str     0x0000000000000231      0x4a4 uzeboxCore.o
                                        0x4f4 (size before relaxing)
 .debug_str     0x00000000000006d5      0x3c9 uzeboxSoundEngine.o
                                        0x60c (size before relaxing)
 .debug_str     0x0000000000000a9e      0x286 uzeboxVideoEngine.o
                                        0x401 (size before relaxing)
 .debug_str     0x0000000000000d24      0xe9a TankFu.o
                                       0x124d (size before relaxing)

.debug_loc      0x0000000000000000     0x7ed5
 *(.debug_loc)
 .debug_loc     0x0000000000000000      0x85c uzeboxCore.o
 .debug_loc     0x000000000000085c     0x119f uzeboxSoundEngine.o
 .debug_loc     0x00000000000019fb     0x1d49 uzeboxVideoEngine.o
 .debug_loc     0x0000000000003744     0x4791 TankFu.o

.debug_macinfo
 *(.debug_macinfo)

.debug_weaknames
 *(.debug_weaknames)

.debug_funcnames
 *(.debug_funcnames)

.debug_typenames
 *(.debug_typenames)

.debug_varnames
 *(.debug_varnames)

.debug_pubtypes
 *(.debug_pubtypes)

.debug_ranges   0x0000000000000000      0x688
 *(.debug_ranges)
 .debug_ranges  0x0000000000000000       0xe0 uzeboxVideoEngineCore.o
 .debug_ranges  0x00000000000000e0       0x70 uzeboxCore.o
 .debug_ranges  0x0000000000000150      0x120 uzeboxSoundEngine.o
 .debug_ranges  0x0000000000000270       0x48 uzeboxSoundEngineCore.o
 .debug_ranges  0x00000000000002b8      0x130 uzeboxVideoEngine.o
 .debug_ranges  0x00000000000003e8      0x2a0 TankFu.o

.debug_macro
 *(.debug_macro)
OUTPUT(TankFu.elf elf32-avr)
LOAD linker stubs
