Archive member included to satisfy reference by file (symbol)

/usr/local/lib/gcc/avr/4.9.2/avr5/libgcc.a(_udivmodqi4.o)
                              uzeboxVideoEngine.o (__udivmodqi4)
/usr/local/lib/gcc/avr/4.9.2/avr5/libgcc.a(_udivmodhi4.o)
                              uzeboxVideoEngine.o (__udivmodhi4)
/usr/local/lib/gcc/avr/4.9.2/avr5/libgcc.a(_divmodhi4.o)
                              uzeboxSoundEngine.o (__divmodhi4)
/usr/local/lib/gcc/avr/4.9.2/avr5/libgcc.a(_udivmodsi4.o)
                              uzeboxVideoEngine.o (__udivmodsi4)
/usr/local/lib/gcc/avr/4.9.2/avr5/libgcc.a(_exit.o)
                              /usr/local/lib/gcc/avr/4.9.2/../../../../avr/lib/avr5/crtm644.o (exit)
/usr/local/lib/gcc/avr/4.9.2/avr5/libgcc.a(_tablejump2.o)
                              TankFu.o (__tablejump2__)
/usr/local/lib/gcc/avr/4.9.2/avr5/libgcc.a(_copy_data.o)
                              uzeboxVideoEngine.o (__do_copy_data)
/usr/local/lib/gcc/avr/4.9.2/avr5/libgcc.a(_clear_bss.o)
                              uzeboxCore.o (__do_clear_bss)
/usr/local/lib/gcc/avr/4.9.2/../../../../avr/lib/avr5/libm.a(addsf3.o)
                              TankFu.o (__subsf3)
/usr/local/lib/gcc/avr/4.9.2/../../../../avr/lib/avr5/libm.a(addsf3x.o)
                              /usr/local/lib/gcc/avr/4.9.2/../../../../avr/lib/avr5/libm.a(addsf3.o) (__addsf3x)
/usr/local/lib/gcc/avr/4.9.2/../../../../avr/lib/avr5/libm.a(cmpsf2.o)
                              TankFu.o (__eqsf2)
/usr/local/lib/gcc/avr/4.9.2/../../../../avr/lib/avr5/libm.a(divsf3.o)
                              TankFu.o (__divsf3)
/usr/local/lib/gcc/avr/4.9.2/../../../../avr/lib/avr5/libm.a(divsf3x.o)
                              /usr/local/lib/gcc/avr/4.9.2/../../../../avr/lib/avr5/libm.a(divsf3.o) (__divsf3x)
/usr/local/lib/gcc/avr/4.9.2/../../../../avr/lib/avr5/libm.a(fixunssfsi.o)
                              TankFu.o (__fixunssfsi)
/usr/local/lib/gcc/avr/4.9.2/../../../../avr/lib/avr5/libm.a(floatsisf.o)
                              TankFu.o (__floatunsisf)
/usr/local/lib/gcc/avr/4.9.2/../../../../avr/lib/avr5/libm.a(fp_cmp.o)
                              /usr/local/lib/gcc/avr/4.9.2/../../../../avr/lib/avr5/libm.a(cmpsf2.o) (__fp_cmp)
/usr/local/lib/gcc/avr/4.9.2/../../../../avr/lib/avr5/libm.a(fp_inf.o)
                              /usr/local/lib/gcc/avr/4.9.2/../../../../avr/lib/avr5/libm.a(addsf3x.o) (__fp_inf)
/usr/local/lib/gcc/avr/4.9.2/../../../../avr/lib/avr5/libm.a(fp_nan.o)
                              /usr/local/lib/gcc/avr/4.9.2/../../../../avr/lib/avr5/libm.a(addsf3x.o) (__fp_nan)
/usr/local/lib/gcc/avr/4.9.2/../../../../avr/lib/avr5/libm.a(fp_pscA.o)
                              /usr/local/lib/gcc/avr/4.9.2/../../../../avr/lib/avr5/libm.a(addsf3x.o) (__fp_pscA)
/usr/local/lib/gcc/avr/4.9.2/../../../../avr/lib/avr5/libm.a(fp_pscB.o)
                              /usr/local/lib/gcc/avr/4.9.2/../../../../avr/lib/avr5/libm.a(addsf3x.o) (__fp_pscB)
/usr/local/lib/gcc/avr/4.9.2/../../../../avr/lib/avr5/libm.a(fp_round.o)
                              /usr/local/lib/gcc/avr/4.9.2/../../../../avr/lib/avr5/libm.a(addsf3.o) (__fp_round)
/usr/local/lib/gcc/avr/4.9.2/../../../../avr/lib/avr5/libm.a(fp_split3.o)
                              /usr/local/lib/gcc/avr/4.9.2/../../../../avr/lib/avr5/libm.a(addsf3x.o) (__fp_split3)
/usr/local/lib/gcc/avr/4.9.2/../../../../avr/lib/avr5/libm.a(fp_zero.o)
                              /usr/local/lib/gcc/avr/4.9.2/../../../../avr/lib/avr5/libm.a(addsf3x.o) (__fp_zero)
/usr/local/lib/gcc/avr/4.9.2/../../../../avr/lib/avr5/libm.a(gesf2.o)
                              TankFu.o (__gtsf2)
/usr/local/lib/gcc/avr/4.9.2/../../../../avr/lib/avr5/libm.a(mulsf3.o)
                              TankFu.o (__mulsf3)
/usr/local/lib/gcc/avr/4.9.2/../../../../avr/lib/avr5/libm.a(mulsf3x.o)
                              /usr/local/lib/gcc/avr/4.9.2/../../../../avr/lib/avr5/libm.a(mulsf3.o) (__mulsf3x)

Allocating common symbols
Common symbol       size              file

songStart           0x2               uzeboxSoundEngine.o
tracks              0x6e              uzeboxSoundEngine.o
fadeSpeed           0x1               uzeboxVideoEngine.o
p2                  0x6               TankFu.o
currDeltaTime       0x2               uzeboxSoundEngine.o
fadeDir             0x1               uzeboxVideoEngine.o
patchPointers       0x2               uzeboxSoundEngine.o
game                0x4               TankFu.o
tile_animations     0x19              TankFu.o
lastStatus          0x1               uzeboxSoundEngine.o
joypadsConnectionStatus
                    0x1               uzeboxCore.o
free_tile_index     0x1               uzeboxVideoEngine.o
player1             0x7c              TankFu.o
fadeActive          0x1               uzeboxVideoEngine.o
p1                  0x6               TankFu.o
masterVolume        0x1               uzeboxSoundEngine.o
nextDeltaTime       0x2               uzeboxSoundEngine.o
songSpeed           0x1               uzeboxSoundEngine.o
songPos             0x2               uzeboxSoundEngine.o
level               0x2ef             TankFu.o
player2             0x7c              TankFu.o
loopStart           0x2               uzeboxSoundEngine.o
step                0x1               uzeboxSoundEngine.o
currFadeFrame       0x1               uzeboxVideoEngine.o
fadeStep            0x1               uzeboxVideoEngine.o

Discarded input sections

 .data          0x0000000000000000        0x0 /usr/local/lib/gcc/avr/4.9.2/../../../../avr/lib/avr5/crtm644.o
 .bss           0x0000000000000000        0x0 /usr/local/lib/gcc/avr/4.9.2/../../../../avr/lib/avr5/crtm644.o
 .data          0x0000000000000000        0x0 uzeboxVideoEngineCore.o
 .text.SetSpritesTileBank
                0x0000000000000000       0x12 uzeboxVideoEngineCore.o
 .text.GetTile  0x0000000000000000       0x1e uzeboxVideoEngineCore.o
 .text.SetUserPreVsyncCallback
                0x0000000000000000        0xa uzeboxVideoEngineCore.o
 .text.SetUserPostVsyncCallback
                0x0000000000000000        0xa uzeboxVideoEngineCore.o
 .text.IsRunningInEmulator
                0x0000000000000000       0x12 uzeboxVideoEngineCore.o
 .text.WaitClocks
                0x0000000000000000        0x6 uzeboxVideoEngineCore.o
 .text.SetLedOn
                0x0000000000000000        0x4 uzeboxVideoEngineCore.o
 .text.SetLedOff
                0x0000000000000000        0x4 uzeboxVideoEngineCore.o
 .text.ToggleLed
                0x0000000000000000        0x4 uzeboxVideoEngineCore.o
 .text.internal_spi_byte
                0x0000000000000000        0xe uzeboxVideoEngineCore.o
 .text          0x0000000000000000        0x0 uzeboxCore.o
 .data          0x0000000000000000        0x0 uzeboxCore.o
 .bss           0x0000000000000000        0x0 uzeboxCore.o
 .text.SetRenderingParameters
                0x0000000000000000        0xa uzeboxCore.o
 .text.DetectControllers
                0x0000000000000000       0x36 uzeboxCore.o
 .text.FormatEeprom2
                0x0000000000000000       0x98 uzeboxCore.o
 .text.ReadPowerSwitch
                0x0000000000000000        0xe uzeboxCore.o
 .text          0x0000000000000000        0x0 uzeboxSoundEngine.o
 .data          0x0000000000000000        0x0 uzeboxSoundEngine.o
 .text.StartSong
                0x0000000000000000       0x4e uzeboxSoundEngine.o
 .text.StopSong
                0x0000000000000000       0x1a uzeboxSoundEngine.o
 .text.ResumeSong
                0x0000000000000000        0x8 uzeboxSoundEngine.o
 .text.SetSongSpeed
                0x0000000000000000        0x6 uzeboxSoundEngine.o
 .text.GetSongSpeed
                0x0000000000000000        0x6 uzeboxSoundEngine.o
 .text.TriggerFx
                0x0000000000000000       0x7e uzeboxSoundEngine.o
 .text.GetMasterVolume
                0x0000000000000000        0x6 uzeboxSoundEngine.o
 .data          0x0000000000000000        0x0 uzeboxSoundEngineCore.o
 .text.SetMixerNoiseParams
                0x0000000000000000       0x10 uzeboxSoundEngineCore.o
 .text.SetMixerVolume
                0x0000000000000000       0x16 uzeboxSoundEngineCore.o
 .text.EnableSoundEngine
                0x0000000000000000        0x8 uzeboxSoundEngineCore.o
 .text          0x0000000000000000        0x0 uzeboxVideoEngine.o
 .bss           0x0000000000000000        0x0 uzeboxVideoEngine.o
 .text.MapSprite
                0x0000000000000000       0x80 uzeboxVideoEngine.o
 .text.DrawMap  0x0000000000000000       0x98 uzeboxVideoEngine.o
 .text.PrintLong
                0x0000000000000000       0x8a uzeboxVideoEngine.o
 .text.PrintInt
                0x0000000000000000       0x70 uzeboxVideoEngine.o
 .text.PrintBinaryByte
                0x0000000000000000       0x36 uzeboxVideoEngine.o
 .text.PrintHexByte
                0x0000000000000000       0x40 uzeboxVideoEngine.o
 .text.PrintHexInt
                0x0000000000000000       0x24 uzeboxVideoEngine.o
 .text.PrintHexLong
                0x0000000000000000       0x5e uzeboxVideoEngine.o
 .text.PrintRam
                0x0000000000000000       0x36 uzeboxVideoEngine.o
 .text.Fill     0x0000000000000000       0x6e uzeboxVideoEngine.o
 .text.FontFill
                0x0000000000000000       0x6c uzeboxVideoEngine.o
 .text          0x0000000000000000        0x0 TankFu.o
 .text.save_eeprom
                0x0000000000000000        0x4 TankFu.o
 .text          0x0000000000000000        0x0 /usr/local/lib/gcc/avr/4.9.2/avr5/libgcc.a(_udivmodqi4.o)
 .data          0x0000000000000000        0x0 /usr/local/lib/gcc/avr/4.9.2/avr5/libgcc.a(_udivmodqi4.o)
 .bss           0x0000000000000000        0x0 /usr/local/lib/gcc/avr/4.9.2/avr5/libgcc.a(_udivmodqi4.o)
 .text.libgcc.mul
                0x0000000000000000        0x0 /usr/local/lib/gcc/avr/4.9.2/avr5/libgcc.a(_udivmodqi4.o)
 .text.libgcc   0x0000000000000000        0x0 /usr/local/lib/gcc/avr/4.9.2/avr5/libgcc.a(_udivmodqi4.o)
 .text.libgcc.prologue
                0x0000000000000000        0x0 /usr/local/lib/gcc/avr/4.9.2/avr5/libgcc.a(_udivmodqi4.o)
 .text.libgcc.builtins
                0x0000000000000000        0x0 /usr/local/lib/gcc/avr/4.9.2/avr5/libgcc.a(_udivmodqi4.o)
 .text.libgcc.fmul
                0x0000000000000000        0x0 /usr/local/lib/gcc/avr/4.9.2/avr5/libgcc.a(_udivmodqi4.o)
 .text.libgcc.fixed
                0x0000000000000000        0x0 /usr/local/lib/gcc/avr/4.9.2/avr5/libgcc.a(_udivmodqi4.o)
 .text          0x0000000000000000        0x0 /usr/local/lib/gcc/avr/4.9.2/avr5/libgcc.a(_udivmodhi4.o)
 .data          0x0000000000000000        0x0 /usr/local/lib/gcc/avr/4.9.2/avr5/libgcc.a(_udivmodhi4.o)
 .bss           0x0000000000000000        0x0 /usr/local/lib/gcc/avr/4.9.2/avr5/libgcc.a(_udivmodhi4.o)
 .text.libgcc.mul
                0x0000000000000000        0x0 /usr/local/lib/gcc/avr/4.9.2/avr5/libgcc.a(_udivmodhi4.o)
 .text.libgcc   0x0000000000000000        0x0 /usr/local/lib/gcc/avr/4.9.2/avr5/libgcc.a(_udivmodhi4.o)
 .text.libgcc.prologue
                0x0000000000000000        0x0 /usr/local/lib/gcc/avr/4.9.2/avr5/libgcc.a(_udivmodhi4.o)
 .text.libgcc.builtins
                0x0000000000000000        0x0 /usr/local/lib/gcc/avr/4.9.2/avr5/libgcc.a(_udivmodhi4.o)
 .text.libgcc.fmul
                0x0000000000000000        0x0 /usr/local/lib/gcc/avr/4.9.2/avr5/libgcc.a(_udivmodhi4.o)
 .text.libgcc.fixed
                0x0000000000000000        0x0 /usr/local/lib/gcc/avr/4.9.2/avr5/libgcc.a(_udivmodhi4.o)
 .text          0x0000000000000000        0x0 /usr/local/lib/gcc/avr/4.9.2/avr5/libgcc.a(_divmodhi4.o)
 .data          0x0000000000000000        0x0 /usr/local/lib/gcc/avr/4.9.2/avr5/libgcc.a(_divmodhi4.o)
 .bss           0x0000000000000000        0x0 /usr/local/lib/gcc/avr/4.9.2/avr5/libgcc.a(_divmodhi4.o)
 .text.libgcc.mul
                0x0000000000000000        0x0 /usr/local/lib/gcc/avr/4.9.2/avr5/libgcc.a(_divmodhi4.o)
 .text.libgcc   0x0000000000000000        0x0 /usr/local/lib/gcc/avr/4.9.2/avr5/libgcc.a(_divmodhi4.o)
 .text.libgcc.prologue
                0x0000000000000000        0x0 /usr/local/lib/gcc/avr/4.9.2/avr5/libgcc.a(_divmodhi4.o)
 .text.libgcc.builtins
                0x0000000000000000        0x0 /usr/local/lib/gcc/avr/4.9.2/avr5/libgcc.a(_divmodhi4.o)
 .text.libgcc.fmul
                0x0000000000000000        0x0 /usr/local/lib/gcc/avr/4.9.2/avr5/libgcc.a(_divmodhi4.o)
 .text.libgcc.fixed
                0x0000000000000000        0x0 /usr/local/lib/gcc/avr/4.9.2/avr5/libgcc.a(_divmodhi4.o)
 .text          0x0000000000000000        0x0 /usr/local/lib/gcc/avr/4.9.2/avr5/libgcc.a(_udivmodsi4.o)
 .data          0x0000000000000000        0x0 /usr/local/lib/gcc/avr/4.9.2/avr5/libgcc.a(_udivmodsi4.o)
 .bss           0x0000000000000000        0x0 /usr/local/lib/gcc/avr/4.9.2/avr5/libgcc.a(_udivmodsi4.o)
 .stab          0x0000000000000000      0x228 /usr/local/lib/gcc/avr/4.9.2/avr5/libgcc.a(_udivmodsi4.o)
                                        0x234 (size before relaxing)
 .text.libgcc.mul
                0x0000000000000000        0x0 /usr/local/lib/gcc/avr/4.9.2/avr5/libgcc.a(_udivmodsi4.o)
 .text.libgcc.div
                0x0000000000000000       0x44 /usr/local/lib/gcc/avr/4.9.2/avr5/libgcc.a(_udivmodsi4.o)
 .text.libgcc   0x0000000000000000        0x0 /usr/local/lib/gcc/avr/4.9.2/avr5/libgcc.a(_udivmodsi4.o)
 .text.libgcc.prologue
                0x0000000000000000        0x0 /usr/local/lib/gcc/avr/4.9.2/avr5/libgcc.a(_udivmodsi4.o)
 .text.libgcc.builtins
                0x0000000000000000        0x0 /usr/local/lib/gcc/avr/4.9.2/avr5/libgcc.a(_udivmodsi4.o)
 .text.libgcc.fmul
                0x0000000000000000        0x0 /usr/local/lib/gcc/avr/4.9.2/avr5/libgcc.a(_udivmodsi4.o)
 .text.libgcc.fixed
                0x0000000000000000        0x0 /usr/local/lib/gcc/avr/4.9.2/avr5/libgcc.a(_udivmodsi4.o)
 .text          0x0000000000000000        0x0 /usr/local/lib/gcc/avr/4.9.2/avr5/libgcc.a(_exit.o)
 .data          0x0000000000000000        0x0 /usr/local/lib/gcc/avr/4.9.2/avr5/libgcc.a(_exit.o)
 .bss           0x0000000000000000        0x0 /usr/local/lib/gcc/avr/4.9.2/avr5/libgcc.a(_exit.o)
 .text.libgcc.mul
                0x0000000000000000        0x0 /usr/local/lib/gcc/avr/4.9.2/avr5/libgcc.a(_exit.o)
 .text.libgcc.div
                0x0000000000000000        0x0 /usr/local/lib/gcc/avr/4.9.2/avr5/libgcc.a(_exit.o)
 .text.libgcc   0x0000000000000000        0x0 /usr/local/lib/gcc/avr/4.9.2/avr5/libgcc.a(_exit.o)
 .text.libgcc.prologue
                0x0000000000000000        0x0 /usr/local/lib/gcc/avr/4.9.2/avr5/libgcc.a(_exit.o)
 .text.libgcc.builtins
                0x0000000000000000        0x0 /usr/local/lib/gcc/avr/4.9.2/avr5/libgcc.a(_exit.o)
 .text.libgcc.fmul
                0x0000000000000000        0x0 /usr/local/lib/gcc/avr/4.9.2/avr5/libgcc.a(_exit.o)
 .text.libgcc.fixed
                0x0000000000000000        0x0 /usr/local/lib/gcc/avr/4.9.2/avr5/libgcc.a(_exit.o)
 .text          0x0000000000000000        0x0 /usr/local/lib/gcc/avr/4.9.2/avr5/libgcc.a(_tablejump2.o)
 .data          0x0000000000000000        0x0 /usr/local/lib/gcc/avr/4.9.2/avr5/libgcc.a(_tablejump2.o)
 .bss           0x0000000000000000        0x0 /usr/local/lib/gcc/avr/4.9.2/avr5/libgcc.a(_tablejump2.o)
 .text.libgcc.mul
                0x0000000000000000        0x0 /usr/local/lib/gcc/avr/4.9.2/avr5/libgcc.a(_tablejump2.o)
 .text.libgcc.div
                0x0000000000000000        0x0 /usr/local/lib/gcc/avr/4.9.2/avr5/libgcc.a(_tablejump2.o)
 .text.libgcc.prologue
                0x0000000000000000        0x0 /usr/local/lib/gcc/avr/4.9.2/avr5/libgcc.a(_tablejump2.o)
 .text.libgcc.builtins
                0x0000000000000000        0x0 /usr/local/lib/gcc/avr/4.9.2/avr5/libgcc.a(_tablejump2.o)
 .text.libgcc.fmul
                0x0000000000000000        0x0 /usr/local/lib/gcc/avr/4.9.2/avr5/libgcc.a(_tablejump2.o)
 .text.libgcc.fixed
                0x0000000000000000        0x0 /usr/local/lib/gcc/avr/4.9.2/avr5/libgcc.a(_tablejump2.o)
 .text          0x0000000000000000        0x0 /usr/local/lib/gcc/avr/4.9.2/avr5/libgcc.a(_copy_data.o)
 .data          0x0000000000000000        0x0 /usr/local/lib/gcc/avr/4.9.2/avr5/libgcc.a(_copy_data.o)
 .bss           0x0000000000000000        0x0 /usr/local/lib/gcc/avr/4.9.2/avr5/libgcc.a(_copy_data.o)
 .text.libgcc.mul
                0x0000000000000000        0x0 /usr/local/lib/gcc/avr/4.9.2/avr5/libgcc.a(_copy_data.o)
 .text.libgcc.div
                0x0000000000000000        0x0 /usr/local/lib/gcc/avr/4.9.2/avr5/libgcc.a(_copy_data.o)
 .text.libgcc   0x0000000000000000        0x0 /usr/local/lib/gcc/avr/4.9.2/avr5/libgcc.a(_copy_data.o)
 .text.libgcc.prologue
                0x0000000000000000        0x0 /usr/local/lib/gcc/avr/4.9.2/avr5/libgcc.a(_copy_data.o)
 .text.libgcc.builtins
                0x0000000000000000        0x0 /usr/local/lib/gcc/avr/4.9.2/avr5/libgcc.a(_copy_data.o)
 .text.libgcc.fmul
                0x0000000000000000        0x0 /usr/local/lib/gcc/avr/4.9.2/avr5/libgcc.a(_copy_data.o)
 .text.libgcc.fixed
                0x0000000000000000        0x0 /usr/local/lib/gcc/avr/4.9.2/avr5/libgcc.a(_copy_data.o)
 .text          0x0000000000000000        0x0 /usr/local/lib/gcc/avr/4.9.2/avr5/libgcc.a(_clear_bss.o)
 .data          0x0000000000000000        0x0 /usr/local/lib/gcc/avr/4.9.2/avr5/libgcc.a(_clear_bss.o)
 .bss           0x0000000000000000        0x0 /usr/local/lib/gcc/avr/4.9.2/avr5/libgcc.a(_clear_bss.o)
 .text.libgcc.mul
                0x0000000000000000        0x0 /usr/local/lib/gcc/avr/4.9.2/avr5/libgcc.a(_clear_bss.o)
 .text.libgcc.div
                0x0000000000000000        0x0 /usr/local/lib/gcc/avr/4.9.2/avr5/libgcc.a(_clear_bss.o)
 .text.libgcc   0x0000000000000000        0x0 /usr/local/lib/gcc/avr/4.9.2/avr5/libgcc.a(_clear_bss.o)
 .text.libgcc.prologue
                0x0000000000000000        0x0 /usr/local/lib/gcc/avr/4.9.2/avr5/libgcc.a(_clear_bss.o)
 .text.libgcc.builtins
                0x0000000000000000        0x0 /usr/local/lib/gcc/avr/4.9.2/avr5/libgcc.a(_clear_bss.o)
 .text.libgcc.fmul
                0x0000000000000000        0x0 /usr/local/lib/gcc/avr/4.9.2/avr5/libgcc.a(_clear_bss.o)
 .text.libgcc.fixed
                0x0000000000000000        0x0 /usr/local/lib/gcc/avr/4.9.2/avr5/libgcc.a(_clear_bss.o)
 .text          0x0000000000000000        0x0 /usr/local/lib/gcc/avr/4.9.2/../../../../avr/lib/avr5/libm.a(addsf3.o)
 .data          0x0000000000000000        0x0 /usr/local/lib/gcc/avr/4.9.2/../../../../avr/lib/avr5/libm.a(addsf3.o)
 .bss           0x0000000000000000        0x0 /usr/local/lib/gcc/avr/4.9.2/../../../../avr/lib/avr5/libm.a(addsf3.o)
 .text          0x0000000000000000        0x0 /usr/local/lib/gcc/avr/4.9.2/../../../../avr/lib/avr5/libm.a(addsf3x.o)
 .data          0x0000000000000000        0x0 /usr/local/lib/gcc/avr/4.9.2/../../../../avr/lib/avr5/libm.a(addsf3x.o)
 .bss           0x0000000000000000        0x0 /usr/local/lib/gcc/avr/4.9.2/../../../../avr/lib/avr5/libm.a(addsf3x.o)
 .text          0x0000000000000000        0x0 /usr/local/lib/gcc/avr/4.9.2/../../../../avr/lib/avr5/libm.a(cmpsf2.o)
 .data          0x0000000000000000        0x0 /usr/local/lib/gcc/avr/4.9.2/../../../../avr/lib/avr5/libm.a(cmpsf2.o)
 .bss           0x0000000000000000        0x0 /usr/local/lib/gcc/avr/4.9.2/../../../../avr/lib/avr5/libm.a(cmpsf2.o)
 .text          0x0000000000000000        0x0 /usr/local/lib/gcc/avr/4.9.2/../../../../avr/lib/avr5/libm.a(divsf3.o)
 .data          0x0000000000000000        0x0 /usr/local/lib/gcc/avr/4.9.2/../../../../avr/lib/avr5/libm.a(divsf3.o)
 .bss           0x0000000000000000        0x0 /usr/local/lib/gcc/avr/4.9.2/../../../../avr/lib/avr5/libm.a(divsf3.o)
 .text          0x0000000000000000        0x0 /usr/local/lib/gcc/avr/4.9.2/../../../../avr/lib/avr5/libm.a(divsf3x.o)
 .data          0x0000000000000000        0x0 /usr/local/lib/gcc/avr/4.9.2/../../../../avr/lib/avr5/libm.a(divsf3x.o)
 .bss           0x0000000000000000        0x0 /usr/local/lib/gcc/avr/4.9.2/../../../../avr/lib/avr5/libm.a(divsf3x.o)
 .text          0x0000000000000000        0x0 /usr/local/lib/gcc/avr/4.9.2/../../../../avr/lib/avr5/libm.a(fixunssfsi.o)
 .data          0x0000000000000000        0x0 /usr/local/lib/gcc/avr/4.9.2/../../../../avr/lib/avr5/libm.a(fixunssfsi.o)
 .bss           0x0000000000000000        0x0 /usr/local/lib/gcc/avr/4.9.2/../../../../avr/lib/avr5/libm.a(fixunssfsi.o)
 .text          0x0000000000000000        0x0 /usr/local/lib/gcc/avr/4.9.2/../../../../avr/lib/avr5/libm.a(floatsisf.o)
 .data          0x0000000000000000        0x0 /usr/local/lib/gcc/avr/4.9.2/../../../../avr/lib/avr5/libm.a(floatsisf.o)
 .bss           0x0000000000000000        0x0 /usr/local/lib/gcc/avr/4.9.2/../../../../avr/lib/avr5/libm.a(floatsisf.o)
 .text          0x0000000000000000        0x0 /usr/local/lib/gcc/avr/4.9.2/../../../../avr/lib/avr5/libm.a(fp_cmp.o)
 .data          0x0000000000000000        0x0 /usr/local/lib/gcc/avr/4.9.2/../../../../avr/lib/avr5/libm.a(fp_cmp.o)
 .bss           0x0000000000000000        0x0 /usr/local/lib/gcc/avr/4.9.2/../../../../avr/lib/avr5/libm.a(fp_cmp.o)
 .text          0x0000000000000000        0x0 /usr/local/lib/gcc/avr/4.9.2/../../../../avr/lib/avr5/libm.a(fp_inf.o)
 .data          0x0000000000000000        0x0 /usr/local/lib/gcc/avr/4.9.2/../../../../avr/lib/avr5/libm.a(fp_inf.o)
 .bss           0x0000000000000000        0x0 /usr/local/lib/gcc/avr/4.9.2/../../../../avr/lib/avr5/libm.a(fp_inf.o)
 .text          0x0000000000000000        0x0 /usr/local/lib/gcc/avr/4.9.2/../../../../avr/lib/avr5/libm.a(fp_nan.o)
 .data          0x0000000000000000        0x0 /usr/local/lib/gcc/avr/4.9.2/../../../../avr/lib/avr5/libm.a(fp_nan.o)
 .bss           0x0000000000000000        0x0 /usr/local/lib/gcc/avr/4.9.2/../../../../avr/lib/avr5/libm.a(fp_nan.o)
 .text          0x0000000000000000        0x0 /usr/local/lib/gcc/avr/4.9.2/../../../../avr/lib/avr5/libm.a(fp_pscA.o)
 .data          0x0000000000000000        0x0 /usr/local/lib/gcc/avr/4.9.2/../../../../avr/lib/avr5/libm.a(fp_pscA.o)
 .bss           0x0000000000000000        0x0 /usr/local/lib/gcc/avr/4.9.2/../../../../avr/lib/avr5/libm.a(fp_pscA.o)
 .text          0x0000000000000000        0x0 /usr/local/lib/gcc/avr/4.9.2/../../../../avr/lib/avr5/libm.a(fp_pscB.o)
 .data          0x0000000000000000        0x0 /usr/local/lib/gcc/avr/4.9.2/../../../../avr/lib/avr5/libm.a(fp_pscB.o)
 .bss           0x0000000000000000        0x0 /usr/local/lib/gcc/avr/4.9.2/../../../../avr/lib/avr5/libm.a(fp_pscB.o)
 .text          0x0000000000000000        0x0 /usr/local/lib/gcc/avr/4.9.2/../../../../avr/lib/avr5/libm.a(fp_round.o)
 .data          0x0000000000000000        0x0 /usr/local/lib/gcc/avr/4.9.2/../../../../avr/lib/avr5/libm.a(fp_round.o)
 .bss           0x0000000000000000        0x0 /usr/local/lib/gcc/avr/4.9.2/../../../../avr/lib/avr5/libm.a(fp_round.o)
 .text          0x0000000000000000        0x0 /usr/local/lib/gcc/avr/4.9.2/../../../../avr/lib/avr5/libm.a(fp_split3.o)
 .data          0x0000000000000000        0x0 /usr/local/lib/gcc/avr/4.9.2/../../../../avr/lib/avr5/libm.a(fp_split3.o)
 .bss           0x0000000000000000        0x0 /usr/local/lib/gcc/avr/4.9.2/../../../../avr/lib/avr5/libm.a(fp_split3.o)
 .text          0x0000000000000000        0x0 /usr/local/lib/gcc/avr/4.9.2/../../../../avr/lib/avr5/libm.a(fp_zero.o)
 .data          0x0000000000000000        0x0 /usr/local/lib/gcc/avr/4.9.2/../../../../avr/lib/avr5/libm.a(fp_zero.o)
 .bss           0x0000000000000000        0x0 /usr/local/lib/gcc/avr/4.9.2/../../../../avr/lib/avr5/libm.a(fp_zero.o)
 .text          0x0000000000000000        0x0 /usr/local/lib/gcc/avr/4.9.2/../../../../avr/lib/avr5/libm.a(gesf2.o)
 .data          0x0000000000000000        0x0 /usr/local/lib/gcc/avr/4.9.2/../../../../avr/lib/avr5/libm.a(gesf2.o)
 .bss           0x0000000000000000        0x0 /usr/local/lib/gcc/avr/4.9.2/../../../../avr/lib/avr5/libm.a(gesf2.o)
 .text          0x0000000000000000        0x0 /usr/local/lib/gcc/avr/4.9.2/../../../../avr/lib/avr5/libm.a(mulsf3.o)
 .data          0x0000000000000000        0x0 /usr/local/lib/gcc/avr/4.9.2/../../../../avr/lib/avr5/libm.a(mulsf3.o)
 .bss           0x0000000000000000        0x0 /usr/local/lib/gcc/avr/4.9.2/../../../../avr/lib/avr5/libm.a(mulsf3.o)
 .text          0x0000000000000000        0x0 /usr/local/lib/gcc/avr/4.9.2/../../../../avr/lib/avr5/libm.a(mulsf3x.o)
 .data          0x0000000000000000        0x0 /usr/local/lib/gcc/avr/4.9.2/../../../../avr/lib/avr5/libm.a(mulsf3x.o)
 .bss           0x0000000000000000        0x0 /usr/local/lib/gcc/avr/4.9.2/../../../../avr/lib/avr5/libm.a(mulsf3x.o)

Memory Configuration

Name             Origin             Length             Attributes
text             0x0000000000000000 0x0000000000020000 xr
data             0x0000000000800060 0x000000000000ffa0 rw !x
eeprom           0x0000000000810000 0x0000000000010000 rw !x
fuse             0x0000000000820000 0x0000000000000400 rw !x
lock             0x0000000000830000 0x0000000000000400 rw !x
signature        0x0000000000840000 0x0000000000000400 rw !x
*default*        0x0000000000000000 0xffffffffffffffff

Linker script and memory map

Address of section .data set to 0x800100
LOAD /usr/local/lib/gcc/avr/4.9.2/../../../../avr/lib/avr5/crtm644.o
LOAD uzeboxVideoEngineCore.o
LOAD uzeboxCore.o
LOAD uzeboxSoundEngine.o
LOAD uzeboxSoundEngineCore.o
LOAD uzeboxVideoEngine.o
LOAD TankFu.o
START GROUP
LOAD /usr/local/lib/gcc/avr/4.9.2/avr5/libgcc.a
LOAD /usr/local/lib/gcc/avr/4.9.2/../../../../avr/lib/avr5/libm.a
LOAD /usr/local/lib/gcc/avr/4.9.2/../../../../avr/lib/avr5/libc.a
END GROUP

.hash
 *(.hash)

.dynsym
 *(.dynsym)

.dynstr
 *(.dynstr)

.gnu.version
 *(.gnu.version)

.gnu.version_d
 *(.gnu.version_d)

.gnu.version_r
 *(.gnu.version_r)

.rel.init
 *(.rel.init)

.rela.init
 *(.rela.init)

.rel.text
 *(.rel.text)
 *(.rel.text.*)
 *(.rel.gnu.linkonce.t*)

.rela.text
 *(.rela.text)
 *(.rela.text.*)
 *(.rela.gnu.linkonce.t*)

.rel.fini
 *(.rel.fini)

.rela.fini
 *(.rela.fini)

.rel.rodata
 *(.rel.rodata)
 *(.rel.rodata.*)
 *(.rel.gnu.linkonce.r*)

.rela.rodata
 *(.rela.rodata)
 *(.rela.rodata.*)
 *(.rela.gnu.linkonce.r*)

.rel.data
 *(.rel.data)
 *(.rel.data.*)
 *(.rel.gnu.linkonce.d*)

.rela.data
 *(.rela.data)
 *(.rela.data.*)
 *(.rela.gnu.linkonce.d*)

.rel.ctors
 *(.rel.ctors)

.rela.ctors
 *(.rela.ctors)

.rel.dtors
 *(.rel.dtors)

.rela.dtors
 *(.rela.dtors)

.rel.got
 *(.rel.got)

.rela.got
 *(.rela.got)

.rel.bss
 *(.rel.bss)

.rela.bss
 *(.rela.bss)

.rel.plt
 *(.rel.plt)

.rela.plt
 *(.rela.plt)

.text           0x0000000000000000     0xb5ec
 *(.vectors)
 .vectors       0x0000000000000000       0x70 /usr/local/lib/gcc/avr/4.9.2/../../../../avr/lib/avr5/crtm644.o
                0x0000000000000000                __vectors
                0x0000000000000000                __vector_default
 *(.vectors)
 *(.progmem.gcc*)
 .progmem.gcc_sw_table.load_level_tiles
                0x0000000000000070       0x12 TankFu.o
                0x0000000000000082                . = ALIGN (0x2)
                0x0000000000000082                __trampolines_start = .
 *(.trampolines)
 .trampolines   0x0000000000000082        0x0 linker stubs
 *(.trampolines*)
                0x0000000000000082                __trampolines_end = .
 *(.progmem*)
 .progmem.data  0x0000000000000082       0x4e uzeboxCore.o
                0x0000000000000082                io_table
                0x00000000000000b0                eeprom_format_table
 .progmem.data  0x00000000000000d0       0x1a uzeboxSoundEngine.o
                0x00000000000000d0                patchCommands
 .progmem.data  0x00000000000000ea        0xc uzeboxVideoEngine.o
                0x00000000000000ea                fader
 .progmem.data  0x00000000000000f6     0x6660 TankFu.o
                0x00000000000000f6                strLevels
                0x0000000000000196                strPaused
                0x000000000000019d                strExit
                0x00000000000001a6                strTotal
                0x00000000000001ad                strScore
                0x00000000000001b4                strBanterClear
                0x00000000000001c3                banter_map
                0x0000000000000259                strBy
                0x000000000000025c                strOwns
                0x0000000000000261                strChangeHandle
                0x0000000000000270                strCancelHandle
                0x000000000000027b                strConfirmHandle
                0x0000000000000287                strSelectHandle
                0x0000000000000292                strPlayer2
                0x0000000000000295                strPlayer1
                0x0000000000000298                strVertSep
                0x000000000000029a                strUnderline
                0x00000000000002a6                strHandlesTitle
                0x00000000000002b2                strHighscores
                0x00000000000002bc                str2Player
                0x00000000000002cd                str1Player
                0x00000000000002db                strCopyright
                0x00000000000002f2                my_patches
                0x0000000000000367                level_data
                0x00000000000020b3                map_rocket_right_1
                0x00000000000020b6                map_rocket_right_0
                0x00000000000020b9                map_rocket_up_1
                0x00000000000020bc                map_rocket_up_0
                0x00000000000020bf                map_ball
                0x00000000000020c2                map_explosion_2
                0x00000000000020c8                map_explosion_1
                0x00000000000020ce                map_explosion_0
                0x00000000000020d4                map_tank2_right_1
                0x00000000000020da                map_tank2_right_0
                0x00000000000020e0                map_tank2_up_1
                0x00000000000020e6                map_tank2_up_0
                0x00000000000020ec                map_tank1_right_1
                0x00000000000020f2                map_tank1_right_0
                0x00000000000020f8                map_tank1_up_1
                0x00000000000020fe                map_tank1_up_0
                0x0000000000002104                map_none
                0x0000000000002107                map_tank_blank
                0x000000000000210d                map_metal_bl
                0x0000000000002110                map_metal_tr
                0x0000000000002113                map_metal_br
                0x0000000000002116                map_metal_tl
                0x0000000000002119                map_tile_exp_2
                0x000000000000211c                map_tile_exp_1
                0x000000000000211f                map_tile_exp_0
                0x0000000000002122                map_rocket_itm
                0x0000000000002125                map_explode_itm
                0x0000000000002128                map_speed_itm
                0x000000000000212b                map_metal
                0x000000000000212e                map_brick
                0x0000000000002131                map_tile_none
                0x0000000000002134                map_pause
                0x0000000000002172                map_splash
                0x00000000000021c8                ad_silence
                0x00000000000021ca                ad_tracks
                0x00000000000021cc                ad_tank_explode
                0x00000000000021ce                ad_splash
                0x00000000000021d0                ad_rocket
                0x00000000000021d2                ad_navigate
                0x0000000000002344                ad_metal
                0x0000000000002564                ad_level_start
                0x0000000000002566                ad_level_clear
                0x0000000000002568                ad_item
                0x0000000000002719                ad_cannonball
                0x0000000000002960                ad_brick_explode
                0x0000000000003045                ad_banter
                0x0000000000003796                sprites_data
                0x0000000000004396                tiles_data
                0x0000000000006756                . = ALIGN (0x2)
 *(.jumptables)
 *(.jumptables*)
 *(.lowtext)
 *(.lowtext*)
                0x0000000000006756                __ctors_start = .
 *(.ctors)
                0x0000000000006756                __ctors_end = .
                0x0000000000006756                __dtors_start = .
 *(.dtors)
                0x0000000000006756                __dtors_end = .
 SORT(*)(.ctors)
 SORT(*)(.dtors)
 *(.init0)
 .init0         0x0000000000006756        0x0 /usr/local/lib/gcc/avr/4.9.2/../../../../avr/lib/avr5/crtm644.o
                0x0000000000006756                __init
 *(.init0)
 *(.init1)
 *(.init1)
 *(.init2)
 .init2         0x0000000000006756        0xc /usr/local/lib/gcc/avr/4.9.2/../../../../avr/lib/avr5/crtm644.o
 *(.init2)
 *(.init3)
 *(.init3)
 *(.init4)
 .init4         0x0000000000006762       0x16 /usr/local/lib/gcc/avr/4.9.2/avr5/libgcc.a(_copy_data.o)
                0x0000000000006762                __do_copy_data
 .init4         0x0000000000006778       0x10 /usr/local/lib/gcc/avr/4.9.2/avr5/libgcc.a(_clear_bss.o)
                0x0000000000006778                __do_clear_bss
 *(.init4)
 *(.init5)
 *(.init5)
 *(.init6)
 *(.init6)
 *(.init7)
 .init7         0x0000000000006788       0x12 uzeboxCore.o
                0x0000000000006788                wdt_init
 *(.init7)
 *(.init8)
 .init8         0x000000000000679a       0x8a uzeboxCore.o
                0x000000000000679a                Initialize
 *(.init8)
 *(.init9)
 .init9         0x0000000000006824        0x8 /usr/local/lib/gcc/avr/4.9.2/../../../../avr/lib/avr5/crtm644.o
 *(.init9)
 *(.text)
 .text          0x000000000000682c        0x4 /usr/local/lib/gcc/avr/4.9.2/../../../../avr/lib/avr5/crtm644.o
                0x000000000000682c                __vector_20
                0x000000000000682c                __vector_1
                0x000000000000682c                __vector_24
                0x000000000000682c                __vector_12
                0x000000000000682c                __bad_interrupt
                0x000000000000682c                __vector_6
                0x000000000000682c                __vector_3
                0x000000000000682c                __vector_23
                0x000000000000682c                __vector_25
                0x000000000000682c                __vector_11
                0x000000000000682c                __vector_17
                0x000000000000682c                __vector_19
                0x000000000000682c                __vector_7
                0x000000000000682c                __vector_27
                0x000000000000682c                __vector_5
                0x000000000000682c                __vector_4
                0x000000000000682c                __vector_9
                0x000000000000682c                __vector_2
                0x000000000000682c                __vector_21
                0x000000000000682c                __vector_15
                0x000000000000682c                __vector_8
                0x000000000000682c                __vector_26
                0x000000000000682c                __vector_10
                0x000000000000682c                __vector_16
                0x000000000000682c                __vector_18
                0x000000000000682c                __vector_22
 .text          0x0000000000006830      0x58a uzeboxVideoEngineCore.o
                0x00000000000069d6                CopyTileToRam
                0x0000000000006af8                BlitSprite
                0x0000000000006bd8                __vector_13
                0x0000000000006c58                __vector_14
 .text          0x0000000000006dba      0x180 uzeboxSoundEngineCore.o
                0x0000000000006dba                process_music
                0x0000000000006dc6                update_sound
                0x0000000000006f3a                . = ALIGN (0x2)
 *(.text.*)
 .text.SetSpritesTileTable
                0x0000000000006f3a        0xa uzeboxVideoEngineCore.o
                0x0000000000006f3a                SetSpritesTileTable
 .text.ClearVram
                0x0000000000006f44       0x14 uzeboxVideoEngineCore.o
                0x0000000000006f44                ClearVram
 .text.SetFont  0x0000000000006f58        0x8 uzeboxVideoEngineCore.o
                0x0000000000006f58                SetFont
 .text.SetTile  0x0000000000006f60       0x1c uzeboxVideoEngineCore.o
                0x0000000000006f60                SetTile
 .text.SetFontTilesIndex
                0x0000000000006f7c        0x6 uzeboxVideoEngineCore.o
                0x0000000000006f7c                SetFontTilesIndex
 .text.SetTileTable
                0x0000000000006f82        0xa uzeboxVideoEngineCore.o
                0x0000000000006f82                SetTileTable
 .text.GetVsyncFlag
                0x0000000000006f8c        0x8 uzeboxVideoEngineCore.o
                0x0000000000006f8c                GetVsyncFlag
 .text.ClearVsyncFlag
                0x0000000000006f94        0xc uzeboxVideoEngineCore.o
                0x0000000000006f94                ClearVsyncFlag
 .text.ReadJoypad
                0x0000000000006fa0       0x18 uzeboxVideoEngineCore.o
                0x0000000000006fa0                ReadJoypad
 .text.WaitUs   0x0000000000006fb8        0xe uzeboxVideoEngineCore.o
                0x0000000000006fb8                WaitUs
 .text.WriteEeprom
                0x0000000000006fc6       0x14 uzeboxVideoEngineCore.o
                0x0000000000006fc6                WriteEeprom
 .text.ReadEeprom
                0x0000000000006fda       0x12 uzeboxVideoEngineCore.o
                0x0000000000006fda                ReadEeprom
 .text.SoftReset
                0x0000000000006fec       0x16 uzeboxCore.o
                0x0000000000006fec                SoftReset
 .text.ReadButtons
                0x0000000000007002       0x6c uzeboxCore.o
                0x0000000000007002                ReadButtons
 .text.ReadControllers
                0x000000000000706e       0x20 uzeboxCore.o
                0x000000000000706e                ReadControllers
 .text.FormatEeprom
                0x000000000000708e       0x44 uzeboxCore.o
                0x000000000000708e                FormatEeprom
 .text.isEepromFormatted
                0x00000000000070d2       0x2e uzeboxCore.o
                0x00000000000070d2                isEepromFormatted
 .text.EepromWriteBlock
                0x0000000000007100       0xda uzeboxCore.o
                0x0000000000007100                EepromWriteBlock
 .text.EepromReadBlock
                0x00000000000071da       0x92 uzeboxCore.o
                0x00000000000071da                EepromReadBlock
 .text.PatchCommand00
                0x000000000000726c        0x6 uzeboxSoundEngine.o
                0x000000000000726c                PatchCommand00
 .text.PatchCommand01
                0x0000000000007272       0x10 uzeboxSoundEngine.o
                0x0000000000007272                PatchCommand01
 .text.PatchCommand05
                0x0000000000007282        0xa uzeboxSoundEngine.o
                0x0000000000007282                PatchCommand05
 .text.PatchCommand06
                0x000000000000728c        0xa uzeboxSoundEngine.o
                0x000000000000728c                PatchCommand06
 .text.PatchCommand07
                0x0000000000007296        0x6 uzeboxSoundEngine.o
                0x0000000000007296                PatchCommand07
 .text.PatchCommand09
                0x000000000000729c        0x6 uzeboxSoundEngine.o
                0x000000000000729c                PatchCommand09
 .text.PatchCommand10
                0x00000000000072a2        0x6 uzeboxSoundEngine.o
                0x00000000000072a2                PatchCommand10
 .text.PatchCommand11
                0x00000000000072a8       0x7a uzeboxSoundEngine.o
                0x00000000000072a8                PatchCommand11
 .text.PatchCommand12
                0x0000000000007322        0x6 uzeboxSoundEngine.o
                0x0000000000007322                PatchCommand12
 .text.PatchCommand02
                0x0000000000007328        0x8 uzeboxSoundEngine.o
                0x0000000000007328                PatchCommand02
 .text.PatchCommand03
                0x0000000000007330       0x10 uzeboxSoundEngine.o
                0x0000000000007330                PatchCommand03
 .text.PatchCommand04
                0x0000000000007340       0x10 uzeboxSoundEngine.o
                0x0000000000007340                PatchCommand04
 .text.PatchCommand08
                0x0000000000007350       0x32 uzeboxSoundEngine.o
                0x0000000000007350                PatchCommand08
 .text.InitMusicPlayer
                0x0000000000007382       0x44 uzeboxSoundEngine.o
                0x0000000000007382                InitMusicPlayer
 .text.ReadVarLen
                0x00000000000073c6       0x4c uzeboxSoundEngine.o
                0x00000000000073c6                ReadVarLen
 .text.TriggerCommon
                0x0000000000007412      0x15a uzeboxSoundEngine.o
                0x0000000000007412                TriggerCommon
 .text.TriggerNote
                0x000000000000756c       0x6e uzeboxSoundEngine.o
                0x000000000000756c                TriggerNote
 .text.ProcessMusic
                0x00000000000075da      0x44e uzeboxSoundEngine.o
                0x00000000000075da                ProcessMusic
 .text.SetMasterVolume
                0x0000000000007a28        0x6 uzeboxSoundEngine.o
                0x0000000000007a28                SetMasterVolume
 .text.SetMixerNote
                0x0000000000007a2e       0x2e uzeboxSoundEngineCore.o
                0x0000000000007a2e                SetMixerNote
 .text.SetMixerWave
                0x0000000000007a5c       0x3a uzeboxSoundEngineCore.o
                0x0000000000007a5c                SetMixerWave
 *fill*         0x0000000000007a96       0x6a 
 .text.DisableSoundEngine
                0x0000000000007b00      0xc00 uzeboxSoundEngineCore.o
                0x0000000000007b00                DisableSoundEngine
                0x0000000000007b08                steptable
                0x0000000000007d00                waves
 .text.RestoreBackground
                0x0000000000008700       0x22 uzeboxVideoEngine.o
                0x0000000000008700                RestoreBackground
 .text.SetSpriteVisibility
                0x0000000000008722        0x6 uzeboxVideoEngine.o
                0x0000000000008722                SetSpriteVisibility
 .text.ProcessSprites
                0x0000000000008728      0x1a8 uzeboxVideoEngine.o
                0x0000000000008728                ProcessSprites
 .text.MapSprite2
                0x00000000000088d0       0xa4 uzeboxVideoEngine.o
                0x00000000000088d0                MapSprite2
 .text.MoveSprite
                0x0000000000008974       0x4a uzeboxVideoEngine.o
                0x0000000000008974                MoveSprite
 .text.DisplayLogo
                0x00000000000089be        0x2 uzeboxVideoEngine.o
                0x00000000000089be                DisplayLogo
 .text.InitializeVideoMode
                0x00000000000089c0       0x14 uzeboxVideoEngine.o
                0x00000000000089c0                InitializeVideoMode
 .text.DrawMap2
                0x00000000000089d4       0x9a uzeboxVideoEngine.o
                0x00000000000089d4                DrawMap2
 .text.PrintByte
                0x0000000000008a6e       0x66 uzeboxVideoEngine.o
                0x0000000000008a6e                PrintByte
 .text.Print    0x0000000000008ad4       0x36 uzeboxVideoEngine.o
                0x0000000000008ad4                Print
 .text.PrintChar
                0x0000000000008b0a        0x6 uzeboxVideoEngine.o
                0x0000000000008b0a                PrintChar
 .text.WaitVsync
                0x0000000000008b10       0x2e uzeboxVideoEngine.o
                0x0000000000008b10                WaitVsync
 .text.doFade   0x0000000000008b3e       0x1c uzeboxVideoEngine.o
                0x0000000000008b3e                doFade
 .text.FadeIn   0x0000000000008b5a       0x18 uzeboxVideoEngine.o
                0x0000000000008b5a                FadeIn
 .text.FadeOut  0x0000000000008b72       0x18 uzeboxVideoEngine.o
                0x0000000000008b72                FadeOut
 .text.ProcessFading
                0x0000000000008b8a       0x4a uzeboxVideoEngine.o
                0x0000000000008b8a                ProcessFading
 .text.VideoModeVsync
                0x0000000000008bd4        0x8 uzeboxVideoEngine.o
                0x0000000000008bd4                VideoModeVsync
 .text.LBGetNextFrame
                0x0000000000008bdc       0x46 TankFu.o
                0x0000000000008bdc                LBGetNextFrame
 .text.LBGetJoyPadState
                0x0000000000008c22       0x84 TankFu.o
                0x0000000000008c22                LBGetJoyPadState
 .text.LBCopyChars
                0x0000000000008ca6       0x18 TankFu.o
                0x0000000000008ca6                LBCopyChars
 .text.LBPrintStr
                0x0000000000008cbe       0x62 TankFu.o
                0x0000000000008cbe                LBPrintStr
 .text.LBCollides
                0x0000000000008d20       0x54 TankFu.o
                0x0000000000008d20                LBCollides
 .text.LBLineIntersect
                0x0000000000008d74      0x1ac TankFu.o
                0x0000000000008d74                LBLineIntersect
 .text.LBRandom
                0x0000000000008f20       0x3a TankFu.o
                0x0000000000008f20                LBRandom
 .text.LBWaitSeconds
                0x0000000000008f5a       0x1e TankFu.o
                0x0000000000008f5a                LBWaitSeconds
 .text.init_tile_animations
                0x0000000000008f78       0x46 TankFu.o
                0x0000000000008f78                init_tile_animations
 .text.init_shot_state
                0x0000000000008fbe       0x36 TankFu.o
                0x0000000000008fbe                init_shot_state
 .text.set_shot_animations
                0x0000000000008ff4       0x62 TankFu.o
                0x0000000000008ff4                set_shot_animations
 .text.init_player
                0x0000000000009056       0xbc TankFu.o
                0x0000000000009056                init_player
 .text.player_init_shot_state
                0x0000000000009112       0x1e TankFu.o
                0x0000000000009112                player_init_shot_state
 .text.init_game_state
                0x0000000000009130       0x2a TankFu.o
                0x0000000000009130                init_game_state
 .text.player_spawn
                0x000000000000915a       0x3a TankFu.o
                0x000000000000915a                player_spawn
 .text.load_eeprom
                0x0000000000009194       0x24 TankFu.o
                0x0000000000009194                load_eeprom
 .text.fade_through
                0x00000000000091b8       0x14 TankFu.o
                0x00000000000091b8                fade_through
 .text.clear_sprites
                0x00000000000091cc       0x1a TankFu.o
                0x00000000000091cc                clear_sprites
 .text.save_score
                0x00000000000091e6       0xd2 TankFu.o
                0x00000000000091e6                save_score
 .text.position_shot
                0x00000000000092b8       0xdc TankFu.o
                0x00000000000092b8                position_shot
 .text.print_level_score
                0x0000000000009394       0x84 TankFu.o
                0x0000000000009394                print_level_score
 .text.render_hud
                0x0000000000009418       0x3a TankFu.o
                0x0000000000009418                render_hud
 .text.render_score
                0x0000000000009452       0x38 TankFu.o
                0x0000000000009452                render_score
 .text.render_banter
                0x000000000000948a       0x50 TankFu.o
                0x000000000000948a                render_banter
 .text.render_player
                0x00000000000094da       0x52 TankFu.o
                0x00000000000094da                render_player
 .text.render_shot
                0x000000000000952c       0x76 TankFu.o
                0x000000000000952c                render_shot
 .text.render_tile_explosions
                0x00000000000095a2       0x8a TankFu.o
                0x00000000000095a2                render_tile_explosions
 .text.tank_map
                0x000000000000962c      0x104 TankFu.o
                0x000000000000962c                tank_map
 .text.shot_map
                0x0000000000009730       0xae TankFu.o
                0x0000000000009730                shot_map
 .text.recoil_sprite
                0x00000000000097de       0xd4 TankFu.o
                0x00000000000097de                recoil_sprite
 .text.solid_square_tile
                0x00000000000098b2       0x1c TankFu.o
                0x00000000000098b2                solid_square_tile
 .text.solid_directional_tile
                0x00000000000098ce      0x14e TankFu.o
                0x00000000000098ce                solid_directional_tile
 .text.player_shot
                0x0000000000009a1c       0x84 TankFu.o
                0x0000000000009a1c                player_shot
 .text.collision_detect_boundries
                0x0000000000009aa0       0x9c TankFu.o
                0x0000000000009aa0                collision_detect_boundries
 .text.kill_player
                0x0000000000009b3c       0xe0 TankFu.o
                0x0000000000009b3c                kill_player
 .text.get_interesting_tile_indexes_shot
                0x0000000000009c1c       0x48 TankFu.o
                0x0000000000009c1c                get_interesting_tile_indexes_shot
 .text.explode_tile
                0x0000000000009c64       0x7c TankFu.o
                0x0000000000009c64                explode_tile
 .text.collision_detect_shot
                0x0000000000009ce0      0x290 TankFu.o
                0x0000000000009ce0                collision_detect_shot
 .text.get_interesting_tile_indexes
                0x0000000000009f70       0x64 TankFu.o
                0x0000000000009f70                get_interesting_tile_indexes
 .text.collision_detect_player
                0x0000000000009fd4      0x1ee TankFu.o
                0x0000000000009fd4                collision_detect_player
 .text.load_level_tiles
                0x000000000000a1c2       0xae TankFu.o
                0x000000000000a1c2                load_level_tiles
 .text.load_level
                0x000000000000a270      0x17c TankFu.o
                0x000000000000a270                load_level
 .text.level_transition
                0x000000000000a3ec       0x60 TankFu.o
                0x000000000000a3ec                level_transition
 .text.load_splash
                0x000000000000a44c       0x6c TankFu.o
                0x000000000000a44c                load_splash
 .text.load_tank_rank
                0x000000000000a4b8      0x13a TankFu.o
                0x000000000000a4b8                load_tank_rank
 .text.exit_game
                0x000000000000a5f2       0x12 TankFu.o
                0x000000000000a5f2                exit_game
 .text.update_level_helper
                0x000000000000a604      0x3b4 TankFu.o
                0x000000000000a604                update_level_helper
 .text.update_level
                0x000000000000a9b8      0x124 TankFu.o
                0x000000000000a9b8                update_level
 .text.update_tank_rank
                0x000000000000aadc       0x20 TankFu.o
                0x000000000000aadc                update_tank_rank
 .text._handle_select_helper
                0x000000000000aafc      0x18a TankFu.o
                0x000000000000aafc                _handle_select_helper
 .text._handle_select_render_helper
                0x000000000000ac86      0x17c TankFu.o
                0x000000000000ac86                _handle_select_render_helper
 .text.load_handle_select
                0x000000000000ae02      0x124 TankFu.o
                0x000000000000ae02                load_handle_select
 .text.update_splash
                0x000000000000af26       0xe8 TankFu.o
                0x000000000000af26                update_splash
 .text.update_handle_select
                0x000000000000b00e       0x9c TankFu.o
                0x000000000000b00e                update_handle_select
 .text.startup.main
                0x000000000000b0aa       0x9e TankFu.o
                0x000000000000b0aa                main
 .text.libgcc.div
                0x000000000000b148       0x18 /usr/local/lib/gcc/avr/4.9.2/avr5/libgcc.a(_udivmodqi4.o)
                0x000000000000b148                __udivmodqi4
 .text.libgcc.div
                0x000000000000b160       0x28 /usr/local/lib/gcc/avr/4.9.2/avr5/libgcc.a(_udivmodhi4.o)
                0x000000000000b160                __udivmodhi4
 .text.libgcc.div
                0x000000000000b188       0x28 /usr/local/lib/gcc/avr/4.9.2/avr5/libgcc.a(_divmodhi4.o)
                0x000000000000b188                __divmodhi4
                0x000000000000b188                _div
 .text.libgcc   0x000000000000b1b0        0xc /usr/local/lib/gcc/avr/4.9.2/avr5/libgcc.a(_tablejump2.o)
                0x000000000000b1b0                __tablejump2__
 .text.avr-libc.fplib
                0x000000000000b1bc        0xa /usr/local/lib/gcc/avr/4.9.2/../../../../avr/lib/avr5/libm.a(addsf3.o)
                0x000000000000b1bc                __subsf3
                0x000000000000b1be                __addsf3
 .text.avr-libc.fplib
                0x000000000000b1c6       0xc0 /usr/local/lib/gcc/avr/4.9.2/../../../../avr/lib/avr5/libm.a(addsf3x.o)
                0x000000000000b1e0                __addsf3x
 .text.avr-libc.fplib
                0x000000000000b286        0x8 /usr/local/lib/gcc/avr/4.9.2/../../../../avr/lib/avr5/libm.a(cmpsf2.o)
                0x000000000000b286                __lesf2
                0x000000000000b286                __nesf2
                0x000000000000b286                __eqsf2
                0x000000000000b286                __cmpsf2
                0x000000000000b286                __ltsf2
 .text.avr-libc.fplib
                0x000000000000b28e        0x4 /usr/local/lib/gcc/avr/4.9.2/../../../../avr/lib/avr5/libm.a(divsf3.o)
                0x000000000000b28e                __divsf3
 .text.avr-libc.fplib
                0x000000000000b292       0xcc /usr/local/lib/gcc/avr/4.9.2/../../../../avr/lib/avr5/libm.a(divsf3x.o)
                0x000000000000b2a8                __divsf3x
                0x000000000000b2ac                __divsf3_pse
 .text.avr-libc.fplib
                0x000000000000b35e       0x58 /usr/local/lib/gcc/avr/4.9.2/../../../../avr/lib/avr5/libm.a(fixunssfsi.o)
                0x000000000000b35e                __fixunssfsi
 .text.avr-libc.fplib
                0x000000000000b3b6       0x7a /usr/local/lib/gcc/avr/4.9.2/../../../../avr/lib/avr5/libm.a(floatsisf.o)
                0x000000000000b3b6                __floatunsisf
                0x000000000000b3ba                __floatsisf
 .text.avr-libc.fplib
                0x000000000000b430       0x48 /usr/local/lib/gcc/avr/4.9.2/../../../../avr/lib/avr5/libm.a(fp_cmp.o)
                0x000000000000b430                __fp_cmp
 .text.avr-libc.fplib
                0x000000000000b478        0xc /usr/local/lib/gcc/avr/4.9.2/../../../../avr/lib/avr5/libm.a(fp_inf.o)
                0x000000000000b478                __fp_inf
 .text.avr-libc.fplib
                0x000000000000b484        0x6 /usr/local/lib/gcc/avr/4.9.2/../../../../avr/lib/avr5/libm.a(fp_nan.o)
                0x000000000000b484                __fp_nan
 .text.avr-libc.fplib
                0x000000000000b48a        0xe /usr/local/lib/gcc/avr/4.9.2/../../../../avr/lib/avr5/libm.a(fp_pscA.o)
                0x000000000000b48a                __fp_pscA
 .text.avr-libc.fplib
                0x000000000000b498        0xe /usr/local/lib/gcc/avr/4.9.2/../../../../avr/lib/avr5/libm.a(fp_pscB.o)
                0x000000000000b498                __fp_pscB
 .text.avr-libc.fplib
                0x000000000000b4a6       0x22 /usr/local/lib/gcc/avr/4.9.2/../../../../avr/lib/avr5/libm.a(fp_round.o)
                0x000000000000b4a6                __fp_round
 .text.avr-libc.fplib
                0x000000000000b4c8       0x44 /usr/local/lib/gcc/avr/4.9.2/../../../../avr/lib/avr5/libm.a(fp_split3.o)
                0x000000000000b4c8                __fp_split3
                0x000000000000b4d8                __fp_splitA
 .text.avr-libc.fplib
                0x000000000000b50c        0xe /usr/local/lib/gcc/avr/4.9.2/../../../../avr/lib/avr5/libm.a(fp_zero.o)
                0x000000000000b50c                __fp_zero
                0x000000000000b50e                __fp_szero
 .text.avr-libc.fplib
                0x000000000000b51a        0x8 /usr/local/lib/gcc/avr/4.9.2/../../../../avr/lib/avr5/libm.a(gesf2.o)
                0x000000000000b51a                __gtsf2
                0x000000000000b51a                __gesf2
 .text.avr-libc.fplib
                0x000000000000b522        0x4 /usr/local/lib/gcc/avr/4.9.2/../../../../avr/lib/avr5/libm.a(mulsf3.o)
                0x000000000000b522                __mulsf3
 .text.avr-libc.fplib
                0x000000000000b526       0xc2 /usr/local/lib/gcc/avr/4.9.2/../../../../avr/lib/avr5/libm.a(mulsf3x.o)
                0x000000000000b53a                __mulsf3x
                0x000000000000b53e                __mulsf3_pse
                0x000000000000b5e8                . = ALIGN (0x2)
 *(.fini9)
 .fini9         0x000000000000b5e8        0x0 /usr/local/lib/gcc/avr/4.9.2/avr5/libgcc.a(_exit.o)
                0x000000000000b5e8                exit
                0x000000000000b5e8                _exit
 *(.fini9)
 *(.fini8)
 *(.fini8)
 *(.fini7)
 *(.fini7)
 *(.fini6)
 *(.fini6)
 *(.fini5)
 *(.fini5)
 *(.fini4)
 *(.fini4)
 *(.fini3)
 *(.fini3)
 *(.fini2)
 *(.fini2)
 *(.fini1)
 *(.fini1)
 *(.fini0)
 .fini0         0x000000000000b5e8        0x4 /usr/local/lib/gcc/avr/4.9.2/avr5/libgcc.a(_exit.o)
 *(.fini0)
                0x000000000000b5ec                _etext = .

.data           0x0000000000800100       0x44 load address 0x000000000000b5ec
                0x0000000000800100                PROVIDE (__data_start, .)
 *(.data)
 .data          0x0000000000800100        0x1 uzeboxVideoEngine.o
                0x0000000000800100                spritesOn
 .data          0x0000000000800101       0x43 TankFu.o
                0x0000000000800104                scores
                0x0000000000800124                handles
 *(.data*)
 *(.rodata)
 *(.rodata*)
 *(.gnu.linkonce.d*)
                0x0000000000800144                . = ALIGN (0x2)
                0x0000000000800144                _edata = .
                0x0000000000800144                PROVIDE (__data_end, .)

.bss            0x0000000000800144      0xe87
                0x0000000000800144                PROVIDE (__bss_start, .)
 *(.bss)
 *fill*         0x0000000000800144       0x1c 
 .bss           0x0000000000800160      0x9a0 uzeboxVideoEngineCore.o
                0x0000000000800160                vram
                0x00000000008004a8                sprites
                0x00000000008004a8                overlay_vram
                0x00000000008004d8                ram_tiles
                0x0000000000800a98                ram_tiles_restore
                0x0000000000800add                sprites_tile_banks
                0x0000000000800ae8                Screen
                0x0000000000800aec                sync_phase
                0x0000000000800aed                sync_pulse
                0x0000000000800aee                sync_flags
                0x0000000000800af3                first_render_line
                0x0000000000800af4                render_lines_count
                0x0000000000800af5                first_render_line_tmp
                0x0000000000800af6                render_lines_count_tmp
                0x0000000000800af7                joypad1_status_lo
                0x0000000000800af9                joypad1_status_hi
                0x0000000000800afb                joypad2_status_lo
                0x0000000000800afd                joypad2_status_hi
 .bss           0x0000000000800b00        0x1 uzeboxSoundEngine.o
                0x0000000000800b00                playSong
 .bss           0x0000000000800b01       0x23 uzeboxSoundEngineCore.o
                0x0000000000800b01                sound_enabled
                0x0000000000800b02                mixer
                0x0000000000800b15                tr4_params
                0x0000000000800b16                tr4_barrel_lo
                0x0000000000800b17                tr4_barrel_hi
 .bss           0x0000000000800b24       0x12 TankFu.o
                0x0000000000800b24                p2s
                0x0000000000800b2a                p1s
 *(.bss*)
 *(COMMON)
 COMMON         0x0000000000800b36        0x1 uzeboxCore.o
                0x0000000000800b36                joypadsConnectionStatus
 COMMON         0x0000000000800b37       0x7e uzeboxSoundEngine.o
                0x0000000000800b37                songStart
                0x0000000000800b39                tracks
                0x0000000000800ba7                currDeltaTime
                0x0000000000800ba9                patchPointers
                0x0000000000800bab                lastStatus
                0x0000000000800bac                masterVolume
                0x0000000000800bad                nextDeltaTime
                0x0000000000800baf                songSpeed
                0x0000000000800bb0                songPos
                0x0000000000800bb2                loopStart
                0x0000000000800bb4                step
 COMMON         0x0000000000800bb5        0x6 uzeboxVideoEngine.o
                0x0000000000800bb5                fadeSpeed
                0x0000000000800bb6                fadeDir
                0x0000000000800bb7                free_tile_index
                0x0000000000800bb8                fadeActive
                0x0000000000800bb9                currFadeFrame
                0x0000000000800bba                fadeStep
 COMMON         0x0000000000800bbb      0x410 TankFu.o
                0x0000000000800bbb                p2
                0x0000000000800bc1                game
                0x0000000000800bc5                tile_animations
                0x0000000000800bde                player1
                0x0000000000800c5a                p1
                0x0000000000800c60                level
                0x0000000000800f4f                player2
                0x0000000000800fcb                PROVIDE (__bss_end, .)
                0x000000000000b5ec                __data_load_start = LOADADDR (.data)
                0x000000000000b630                __data_load_end = (__data_load_start + SIZEOF (.data))

.noinit         0x0000000000800fcb        0x0
                0x0000000000800fcb                PROVIDE (__noinit_start, .)
 *(.noinit*)
                0x0000000000800fcb                PROVIDE (__noinit_end, .)
                0x0000000000800fcb                _end = .
                0x0000000000800fcb                PROVIDE (__heap_start, .)

.eeprom         0x0000000000810000        0x0
 *(.eeprom*)
                0x0000000000810000                __eeprom_end = .

.fuse
 *(.fuse)
 *(.lfuse)
 *(.hfuse)
 *(.efuse)

.lock
 *(.lock*)

.signature
 *(.signature*)

.stab           0x0000000000000000      0x618
 *(.stab)
 .stab          0x0000000000000000       0xf0 /usr/local/lib/gcc/avr/4.9.2/avr5/libgcc.a(_udivmodqi4.o)
 .stab          0x00000000000000f0      0x15c /usr/local/lib/gcc/avr/4.9.2/avr5/libgcc.a(_udivmodhi4.o)
                                        0x168 (size before relaxing)
 .stab          0x000000000000024c      0x138 /usr/local/lib/gcc/avr/4.9.2/avr5/libgcc.a(_divmodhi4.o)
                                        0x144 (size before relaxing)
 .stab          0x0000000000000384       0x6c /usr/local/lib/gcc/avr/4.9.2/avr5/libgcc.a(_exit.o)
                                         0x78 (size before relaxing)
 .stab          0x00000000000003f0       0x9c /usr/local/lib/gcc/avr/4.9.2/avr5/libgcc.a(_tablejump2.o)
                                         0xa8 (size before relaxing)
 .stab          0x000000000000048c       0xd8 /usr/local/lib/gcc/avr/4.9.2/avr5/libgcc.a(_copy_data.o)
                                         0xe4 (size before relaxing)
 .stab          0x0000000000000564       0xb4 /usr/local/lib/gcc/avr/4.9.2/avr5/libgcc.a(_clear_bss.o)
                                         0xc0 (size before relaxing)

.stabstr        0x0000000000000000      0x2a5
 *(.stabstr)
 .stabstr       0x0000000000000000      0x2a5 /usr/local/lib/gcc/avr/4.9.2/avr5/libgcc.a(_udivmodqi4.o)

.stab.excl
 *(.stab.excl)

.stab.exclstr
 *(.stab.exclstr)

.stab.index
 *(.stab.index)

.stab.indexstr
 *(.stab.indexstr)

.comment        0x0000000000000000       0x11
 *(.comment)
 .comment       0x0000000000000000       0x11 uzeboxCore.o
                                         0x12 (size before relaxing)
 .comment       0x0000000000000011       0x12 uzeboxSoundEngine.o
 .comment       0x0000000000000011       0x12 uzeboxVideoEngine.o
 .comment       0x0000000000000011       0x12 TankFu.o

.note.gnu.build-id
 *(.note.gnu.build-id)

.debug
 *(.debug)

.line
 *(.line)

.debug_srcinfo
 *(.debug_srcinfo)

.debug_sfnames
 *(.debug_sfnames)

.debug_aranges  0x0000000000000000      0x558
 *(.debug_aranges)
 .debug_aranges
                0x0000000000000000       0xd0 uzeboxVideoEngineCore.o
 .debug_aranges
                0x00000000000000d0       0x80 uzeboxCore.o
 .debug_aranges
                0x0000000000000150       0xe8 uzeboxSoundEngine.o
 .debug_aranges
                0x0000000000000238       0x50 uzeboxSoundEngineCore.o
 .debug_aranges
                0x0000000000000288       0xf8 uzeboxVideoEngine.o
 .debug_aranges
                0x0000000000000380      0x1d8 TankFu.o

.debug_pubnames
 *(.debug_pubnames)

.debug_info     0x0000000000000000     0x7d51
 *(.debug_info .gnu.linkonce.wi.*)
 .debug_info    0x0000000000000000      0x672 /usr/local/lib/gcc/avr/4.9.2/../../../../avr/lib/avr5/crtm644.o
 .debug_info    0x0000000000000672       0x7d uzeboxVideoEngineCore.o
 .debug_info    0x00000000000006ef      0x9eb uzeboxCore.o
 .debug_info    0x00000000000010da     0x127a uzeboxSoundEngine.o
 .debug_info    0x0000000000002354       0x74 uzeboxSoundEngineCore.o
 .debug_info    0x00000000000023c8     0x12c5 uzeboxVideoEngine.o
 .debug_info    0x000000000000368d     0x46c4 TankFu.o

.debug_abbrev   0x0000000000000000     0x14ff
 *(.debug_abbrev)
 .debug_abbrev  0x0000000000000000      0x619 /usr/local/lib/gcc/avr/4.9.2/../../../../avr/lib/avr5/crtm644.o
 .debug_abbrev  0x0000000000000619       0x12 uzeboxVideoEngineCore.o
 .debug_abbrev  0x000000000000062b      0x2e6 uzeboxCore.o
 .debug_abbrev  0x0000000000000911      0x307 uzeboxSoundEngine.o
 .debug_abbrev  0x0000000000000c18       0x12 uzeboxSoundEngineCore.o
 .debug_abbrev  0x0000000000000c2a      0x3a7 uzeboxVideoEngine.o
 .debug_abbrev  0x0000000000000fd1      0x52e TankFu.o

.debug_line     0x0000000000000000     0x1b42
 *(.debug_line .debug_line.* .debug_line_end)
 .debug_line    0x0000000000000000       0x1d /usr/local/lib/gcc/avr/4.9.2/../../../../avr/lib/avr5/crtm644.o
 .debug_line    0x000000000000001d      0x47a uzeboxVideoEngineCore.o
 .debug_line    0x0000000000000497      0x287 uzeboxCore.o
 .debug_line    0x000000000000071e      0x3a6 uzeboxSoundEngine.o
 .debug_line    0x0000000000000ac4      0x1a8 uzeboxSoundEngineCore.o
 .debug_line    0x0000000000000c6c      0x472 uzeboxVideoEngine.o
 .debug_line    0x00000000000010de      0xa64 TankFu.o

.debug_frame    0x0000000000000000     0x11a8
 *(.debug_frame)
 .debug_frame   0x0000000000000000      0x174 uzeboxCore.o
 .debug_frame   0x0000000000000174      0x258 uzeboxSoundEngine.o
 .debug_frame   0x00000000000003cc      0x4c0 uzeboxVideoEngine.o
 .debug_frame   0x000000000000088c      0x91c TankFu.o

.debug_str      0x0000000000000000     0x18b3
 *(.debug_str)
 .debug_str     0x0000000000000000      0x231 /usr/local/lib/gcc/avr/4.9.2/../../../../avr/lib/avr5/crtm644.o
 .debug_str     0x0000000000000231      0x496 uzeboxCore.o
                                        0x4e6 (size before relaxing)
 .debug_str     0x00000000000006c7      0x3c9 uzeboxSoundEngine.o
                                        0x60c (size before relaxing)
 .debug_str     0x0000000000000a90      0x286 uzeboxVideoEngine.o
                                        0x401 (size before relaxing)
 .debug_str     0x0000000000000d16      0xb9d TankFu.o
                                        0xf02 (size before relaxing)

.debug_loc      0x0000000000000000     0x6e22
 *(.debug_loc)
 .debug_loc     0x0000000000000000      0x85c uzeboxCore.o
 .debug_loc     0x000000000000085c     0x119f uzeboxSoundEngine.o
 .debug_loc     0x00000000000019fb     0x1d49 uzeboxVideoEngine.o
 .debug_loc     0x0000000000003744     0x36de TankFu.o

.debug_macinfo
 *(.debug_macinfo)

.debug_weaknames
 *(.debug_weaknames)

.debug_funcnames
 *(.debug_funcnames)

.debug_typenames
 *(.debug_typenames)

.debug_varnames
 *(.debug_varnames)

.debug_pubtypes
 *(.debug_pubtypes)

.debug_ranges   0x0000000000000000      0x5f8
 *(.debug_ranges)
 .debug_ranges  0x0000000000000000       0xc8 uzeboxVideoEngineCore.o
 .debug_ranges  0x00000000000000c8       0x70 uzeboxCore.o
 .debug_ranges  0x0000000000000138      0x120 uzeboxSoundEngine.o
 .debug_ranges  0x0000000000000258       0x48 uzeboxSoundEngineCore.o
 .debug_ranges  0x00000000000002a0      0x130 uzeboxVideoEngine.o
 .debug_ranges  0x00000000000003d0      0x228 TankFu.o

.debug_macro
 *(.debug_macro)
OUTPUT(TankFu.elf elf32-avr)
LOAD linker stubs
