Archive member included because of file (symbol)

/usr/local/lib/gcc/avr/4.9.2/avr5/libgcc.a(_udivmodqi4.o)
                              uzeboxVideoEngine.o (__udivmodqi4)
/usr/local/lib/gcc/avr/4.9.2/avr5/libgcc.a(_udivmodhi4.o)
                              uzeboxVideoEngine.o (__udivmodhi4)
/usr/local/lib/gcc/avr/4.9.2/avr5/libgcc.a(_divmodhi4.o)
                              uzeboxSoundEngine.o (__divmodhi4)
/usr/local/lib/gcc/avr/4.9.2/avr5/libgcc.a(_udivmodsi4.o)
                              uzeboxVideoEngine.o (__udivmodsi4)
/usr/local/lib/gcc/avr/4.9.2/avr5/libgcc.a(_exit.o)
                              /usr/local/lib/gcc/avr/4.9.2/../../../../avr/lib/avr5/crtm644.o (exit)
/usr/local/lib/gcc/avr/4.9.2/avr5/libgcc.a(_tablejump2.o)
                              TankFu.o (__tablejump2__)
/usr/local/lib/gcc/avr/4.9.2/avr5/libgcc.a(_copy_data.o)
                              uzeboxVideoEngine.o (__do_copy_data)
/usr/local/lib/gcc/avr/4.9.2/avr5/libgcc.a(_clear_bss.o)
                              uzeboxCore.o (__do_clear_bss)
/usr/local/lib/gcc/avr/4.9.2/../../../../avr/lib/avr5/libm.a(addsf3.o)
                              TankFu.o (__subsf3)
/usr/local/lib/gcc/avr/4.9.2/../../../../avr/lib/avr5/libm.a(addsf3x.o)
                              /usr/local/lib/gcc/avr/4.9.2/../../../../avr/lib/avr5/libm.a(addsf3.o) (__addsf3x)
/usr/local/lib/gcc/avr/4.9.2/../../../../avr/lib/avr5/libm.a(cmpsf2.o)
                              TankFu.o (__eqsf2)
/usr/local/lib/gcc/avr/4.9.2/../../../../avr/lib/avr5/libm.a(divsf3.o)
                              TankFu.o (__divsf3)
/usr/local/lib/gcc/avr/4.9.2/../../../../avr/lib/avr5/libm.a(divsf3x.o)
                              /usr/local/lib/gcc/avr/4.9.2/../../../../avr/lib/avr5/libm.a(divsf3.o) (__divsf3x)
/usr/local/lib/gcc/avr/4.9.2/../../../../avr/lib/avr5/libm.a(fixunssfsi.o)
                              TankFu.o (__fixunssfsi)
/usr/local/lib/gcc/avr/4.9.2/../../../../avr/lib/avr5/libm.a(floatsisf.o)
                              TankFu.o (__floatunsisf)
/usr/local/lib/gcc/avr/4.9.2/../../../../avr/lib/avr5/libm.a(fp_cmp.o)
                              /usr/local/lib/gcc/avr/4.9.2/../../../../avr/lib/avr5/libm.a(cmpsf2.o) (__fp_cmp)
/usr/local/lib/gcc/avr/4.9.2/../../../../avr/lib/avr5/libm.a(fp_inf.o)
                              /usr/local/lib/gcc/avr/4.9.2/../../../../avr/lib/avr5/libm.a(addsf3x.o) (__fp_inf)
/usr/local/lib/gcc/avr/4.9.2/../../../../avr/lib/avr5/libm.a(fp_nan.o)
                              /usr/local/lib/gcc/avr/4.9.2/../../../../avr/lib/avr5/libm.a(addsf3x.o) (__fp_nan)
/usr/local/lib/gcc/avr/4.9.2/../../../../avr/lib/avr5/libm.a(fp_pscA.o)
                              /usr/local/lib/gcc/avr/4.9.2/../../../../avr/lib/avr5/libm.a(addsf3x.o) (__fp_pscA)
/usr/local/lib/gcc/avr/4.9.2/../../../../avr/lib/avr5/libm.a(fp_pscB.o)
                              /usr/local/lib/gcc/avr/4.9.2/../../../../avr/lib/avr5/libm.a(addsf3x.o) (__fp_pscB)
/usr/local/lib/gcc/avr/4.9.2/../../../../avr/lib/avr5/libm.a(fp_round.o)
                              /usr/local/lib/gcc/avr/4.9.2/../../../../avr/lib/avr5/libm.a(addsf3.o) (__fp_round)
/usr/local/lib/gcc/avr/4.9.2/../../../../avr/lib/avr5/libm.a(fp_split3.o)
                              /usr/local/lib/gcc/avr/4.9.2/../../../../avr/lib/avr5/libm.a(addsf3x.o) (__fp_split3)
/usr/local/lib/gcc/avr/4.9.2/../../../../avr/lib/avr5/libm.a(fp_zero.o)
                              /usr/local/lib/gcc/avr/4.9.2/../../../../avr/lib/avr5/libm.a(addsf3x.o) (__fp_zero)
/usr/local/lib/gcc/avr/4.9.2/../../../../avr/lib/avr5/libm.a(gesf2.o)
                              TankFu.o (__gtsf2)
/usr/local/lib/gcc/avr/4.9.2/../../../../avr/lib/avr5/libm.a(mulsf3.o)
                              TankFu.o (__mulsf3)
/usr/local/lib/gcc/avr/4.9.2/../../../../avr/lib/avr5/libm.a(mulsf3x.o)
                              /usr/local/lib/gcc/avr/4.9.2/../../../../avr/lib/avr5/libm.a(mulsf3.o) (__mulsf3x)

Allocating common symbols
Common symbol       size              file

songStart           0x2               uzeboxSoundEngine.o
tracks              0x58              uzeboxSoundEngine.o
fadeSpeed           0x1               uzeboxVideoEngine.o
p2                  0x6               TankFu.o
currDeltaTime       0x2               uzeboxSoundEngine.o
fadeDir             0x1               uzeboxVideoEngine.o
patchPointers       0x2               uzeboxSoundEngine.o
lastStatus          0x1               uzeboxSoundEngine.o
joypadsConnectionStatus
                    0x1               uzeboxCore.o
free_tile_index     0x1               uzeboxVideoEngine.o
fadeActive          0x1               uzeboxVideoEngine.o
p1                  0x6               TankFu.o
masterVolume        0x1               uzeboxSoundEngine.o
nextDeltaTime       0x2               uzeboxSoundEngine.o
songSpeed           0x1               uzeboxSoundEngine.o
songPos             0x2               uzeboxSoundEngine.o
loopStart           0x2               uzeboxSoundEngine.o
step                0x1               uzeboxSoundEngine.o
currFadeFrame       0x1               uzeboxVideoEngine.o
fadeStep            0x1               uzeboxVideoEngine.o
random_seed         0x2               TankFu.o

Discarded input sections

 .bss           0x0000000000000000        0x0 /usr/local/lib/gcc/avr/4.9.2/../../../../avr/lib/avr5/crtm644.o
 .text.SetSpritesTileBank
                0x0000000000000000       0x12 uzeboxVideoEngineCore.o
 .text.GetTile  0x0000000000000000       0x1e uzeboxVideoEngineCore.o
 .text.WaitUs   0x0000000000000000        0xe uzeboxVideoEngineCore.o
 .text.SetUserPreVsyncCallback
                0x0000000000000000        0xa uzeboxVideoEngineCore.o
 .text.SetUserPostVsyncCallback
                0x0000000000000000        0xa uzeboxVideoEngineCore.o
 .text.IsRunningInEmulator
                0x0000000000000000       0x12 uzeboxVideoEngineCore.o
 .text.WaitClocks
                0x0000000000000000        0x6 uzeboxVideoEngineCore.o
 .text.SetLedOn
                0x0000000000000000        0x4 uzeboxVideoEngineCore.o
 .text.SetLedOff
                0x0000000000000000        0x4 uzeboxVideoEngineCore.o
 .text.ToggleLed
                0x0000000000000000        0x4 uzeboxVideoEngineCore.o
 .text.internal_spi_byte
                0x0000000000000000        0xe uzeboxVideoEngineCore.o
 .text          0x0000000000000000        0x0 uzeboxCore.o
 .bss           0x0000000000000000        0x0 uzeboxCore.o
 .text.SetRenderingParameters
                0x0000000000000000        0xa uzeboxCore.o
 .text.DetectControllers
                0x0000000000000000       0x36 uzeboxCore.o
 .text.FormatEeprom2
                0x0000000000000000       0x98 uzeboxCore.o
 .text.ReadPowerSwitch
                0x0000000000000000        0xe uzeboxCore.o
 .text          0x0000000000000000        0x0 uzeboxSoundEngine.o
 .text.StartSong
                0x0000000000000000       0x4e uzeboxSoundEngine.o
 .text.ResumeSong
                0x0000000000000000        0x8 uzeboxSoundEngine.o
 .text.SetSongSpeed
                0x0000000000000000        0x6 uzeboxSoundEngine.o
 .text.GetSongSpeed
                0x0000000000000000        0x6 uzeboxSoundEngine.o
 .text.TriggerFx
                0x0000000000000000       0x78 uzeboxSoundEngine.o
 .text.GetMasterVolume
                0x0000000000000000        0x6 uzeboxSoundEngine.o
 .text.SetMixerVolume
                0x0000000000000000       0x16 uzeboxSoundEngineCore.o
 .text.EnableSoundEngine
                0x0000000000000000        0x8 uzeboxSoundEngineCore.o
 .text          0x0000000000000000        0x0 uzeboxVideoEngine.o
 .bss           0x0000000000000000        0x0 uzeboxVideoEngine.o
 .text.SetSpriteVisibility
                0x0000000000000000        0x6 uzeboxVideoEngine.o
 .text.MapSprite
                0x0000000000000000       0x80 uzeboxVideoEngine.o
 .text.DrawMap  0x0000000000000000       0x98 uzeboxVideoEngine.o
 .text.PrintLong
                0x0000000000000000       0x8a uzeboxVideoEngine.o
 .text.PrintInt
                0x0000000000000000       0x70 uzeboxVideoEngine.o
 .text.PrintBinaryByte
                0x0000000000000000       0x36 uzeboxVideoEngine.o
 .text.PrintHexByte
                0x0000000000000000       0x40 uzeboxVideoEngine.o
 .text.PrintHexInt
                0x0000000000000000       0x24 uzeboxVideoEngine.o
 .text.PrintHexLong
                0x0000000000000000       0x5e uzeboxVideoEngine.o
 .text.PrintRam
                0x0000000000000000       0x36 uzeboxVideoEngine.o
 .text.Fill     0x0000000000000000       0x6e uzeboxVideoEngine.o
 .text.FontFill
                0x0000000000000000       0x6c uzeboxVideoEngine.o
 .text          0x0000000000000000        0x0 TankFu.o
 .text.LBCollides
                0x0000000000000000       0x54 TankFu.o
 .text.save_eeprom
                0x0000000000000000        0x4 TankFu.o
 .text.reset_player_state
                0x0000000000000000        0xe TankFu.o
 .text.get_random_seed
                0x0000000000000000        0x6 TankFu.o
 .text          0x0000000000000000        0x0 /usr/local/lib/gcc/avr/4.9.2/avr5/libgcc.a(_udivmodqi4.o)
 .bss           0x0000000000000000        0x0 /usr/local/lib/gcc/avr/4.9.2/avr5/libgcc.a(_udivmodqi4.o)
 .text.libgcc.mul
                0x0000000000000000        0x0 /usr/local/lib/gcc/avr/4.9.2/avr5/libgcc.a(_udivmodqi4.o)
 .text.libgcc   0x0000000000000000        0x0 /usr/local/lib/gcc/avr/4.9.2/avr5/libgcc.a(_udivmodqi4.o)
 .text.libgcc.prologue
                0x0000000000000000        0x0 /usr/local/lib/gcc/avr/4.9.2/avr5/libgcc.a(_udivmodqi4.o)
 .text.libgcc.builtins
                0x0000000000000000        0x0 /usr/local/lib/gcc/avr/4.9.2/avr5/libgcc.a(_udivmodqi4.o)
 .text.libgcc.fmul
                0x0000000000000000        0x0 /usr/local/lib/gcc/avr/4.9.2/avr5/libgcc.a(_udivmodqi4.o)
 .text.libgcc.fixed
                0x0000000000000000        0x0 /usr/local/lib/gcc/avr/4.9.2/avr5/libgcc.a(_udivmodqi4.o)
 .text          0x0000000000000000        0x0 /usr/local/lib/gcc/avr/4.9.2/avr5/libgcc.a(_udivmodhi4.o)
 .bss           0x0000000000000000        0x0 /usr/local/lib/gcc/avr/4.9.2/avr5/libgcc.a(_udivmodhi4.o)
 .text.libgcc.mul
                0x0000000000000000        0x0 /usr/local/lib/gcc/avr/4.9.2/avr5/libgcc.a(_udivmodhi4.o)
 .text.libgcc   0x0000000000000000        0x0 /usr/local/lib/gcc/avr/4.9.2/avr5/libgcc.a(_udivmodhi4.o)
 .text.libgcc.prologue
                0x0000000000000000        0x0 /usr/local/lib/gcc/avr/4.9.2/avr5/libgcc.a(_udivmodhi4.o)
 .text.libgcc.builtins
                0x0000000000000000        0x0 /usr/local/lib/gcc/avr/4.9.2/avr5/libgcc.a(_udivmodhi4.o)
 .text.libgcc.fmul
                0x0000000000000000        0x0 /usr/local/lib/gcc/avr/4.9.2/avr5/libgcc.a(_udivmodhi4.o)
 .text.libgcc.fixed
                0x0000000000000000        0x0 /usr/local/lib/gcc/avr/4.9.2/avr5/libgcc.a(_udivmodhi4.o)
 .text          0x0000000000000000        0x0 /usr/local/lib/gcc/avr/4.9.2/avr5/libgcc.a(_divmodhi4.o)
 .bss           0x0000000000000000        0x0 /usr/local/lib/gcc/avr/4.9.2/avr5/libgcc.a(_divmodhi4.o)
 .text.libgcc.mul
                0x0000000000000000        0x0 /usr/local/lib/gcc/avr/4.9.2/avr5/libgcc.a(_divmodhi4.o)
 .text.libgcc   0x0000000000000000        0x0 /usr/local/lib/gcc/avr/4.9.2/avr5/libgcc.a(_divmodhi4.o)
 .text.libgcc.prologue
                0x0000000000000000        0x0 /usr/local/lib/gcc/avr/4.9.2/avr5/libgcc.a(_divmodhi4.o)
 .text.libgcc.builtins
                0x0000000000000000        0x0 /usr/local/lib/gcc/avr/4.9.2/avr5/libgcc.a(_divmodhi4.o)
 .text.libgcc.fmul
                0x0000000000000000        0x0 /usr/local/lib/gcc/avr/4.9.2/avr5/libgcc.a(_divmodhi4.o)
 .text.libgcc.fixed
                0x0000000000000000        0x0 /usr/local/lib/gcc/avr/4.9.2/avr5/libgcc.a(_divmodhi4.o)
 .text          0x0000000000000000        0x0 /usr/local/lib/gcc/avr/4.9.2/avr5/libgcc.a(_udivmodsi4.o)
 .bss           0x0000000000000000        0x0 /usr/local/lib/gcc/avr/4.9.2/avr5/libgcc.a(_udivmodsi4.o)
 .text.libgcc.mul
                0x0000000000000000        0x0 /usr/local/lib/gcc/avr/4.9.2/avr5/libgcc.a(_udivmodsi4.o)
 .text.libgcc.div
                0x0000000000000000       0x44 /usr/local/lib/gcc/avr/4.9.2/avr5/libgcc.a(_udivmodsi4.o)
 .text.libgcc   0x0000000000000000        0x0 /usr/local/lib/gcc/avr/4.9.2/avr5/libgcc.a(_udivmodsi4.o)
 .text.libgcc.prologue
                0x0000000000000000        0x0 /usr/local/lib/gcc/avr/4.9.2/avr5/libgcc.a(_udivmodsi4.o)
 .text.libgcc.builtins
                0x0000000000000000        0x0 /usr/local/lib/gcc/avr/4.9.2/avr5/libgcc.a(_udivmodsi4.o)
 .text.libgcc.fmul
                0x0000000000000000        0x0 /usr/local/lib/gcc/avr/4.9.2/avr5/libgcc.a(_udivmodsi4.o)
 .text.libgcc.fixed
                0x0000000000000000        0x0 /usr/local/lib/gcc/avr/4.9.2/avr5/libgcc.a(_udivmodsi4.o)
 .text          0x0000000000000000        0x0 /usr/local/lib/gcc/avr/4.9.2/avr5/libgcc.a(_exit.o)
 .bss           0x0000000000000000        0x0 /usr/local/lib/gcc/avr/4.9.2/avr5/libgcc.a(_exit.o)
 .text.libgcc.mul
                0x0000000000000000        0x0 /usr/local/lib/gcc/avr/4.9.2/avr5/libgcc.a(_exit.o)
 .text.libgcc.div
                0x0000000000000000        0x0 /usr/local/lib/gcc/avr/4.9.2/avr5/libgcc.a(_exit.o)
 .text.libgcc   0x0000000000000000        0x0 /usr/local/lib/gcc/avr/4.9.2/avr5/libgcc.a(_exit.o)
 .text.libgcc.prologue
                0x0000000000000000        0x0 /usr/local/lib/gcc/avr/4.9.2/avr5/libgcc.a(_exit.o)
 .text.libgcc.builtins
                0x0000000000000000        0x0 /usr/local/lib/gcc/avr/4.9.2/avr5/libgcc.a(_exit.o)
 .text.libgcc.fmul
                0x0000000000000000        0x0 /usr/local/lib/gcc/avr/4.9.2/avr5/libgcc.a(_exit.o)
 .text.libgcc.fixed
                0x0000000000000000        0x0 /usr/local/lib/gcc/avr/4.9.2/avr5/libgcc.a(_exit.o)
 .text          0x0000000000000000        0x0 /usr/local/lib/gcc/avr/4.9.2/avr5/libgcc.a(_tablejump2.o)
 .bss           0x0000000000000000        0x0 /usr/local/lib/gcc/avr/4.9.2/avr5/libgcc.a(_tablejump2.o)
 .text.libgcc.mul
                0x0000000000000000        0x0 /usr/local/lib/gcc/avr/4.9.2/avr5/libgcc.a(_tablejump2.o)
 .text.libgcc.div
                0x0000000000000000        0x0 /usr/local/lib/gcc/avr/4.9.2/avr5/libgcc.a(_tablejump2.o)
 .text.libgcc.prologue
                0x0000000000000000        0x0 /usr/local/lib/gcc/avr/4.9.2/avr5/libgcc.a(_tablejump2.o)
 .text.libgcc.builtins
                0x0000000000000000        0x0 /usr/local/lib/gcc/avr/4.9.2/avr5/libgcc.a(_tablejump2.o)
 .text.libgcc.fmul
                0x0000000000000000        0x0 /usr/local/lib/gcc/avr/4.9.2/avr5/libgcc.a(_tablejump2.o)
 .text.libgcc.fixed
                0x0000000000000000        0x0 /usr/local/lib/gcc/avr/4.9.2/avr5/libgcc.a(_tablejump2.o)
 .text          0x0000000000000000        0x0 /usr/local/lib/gcc/avr/4.9.2/avr5/libgcc.a(_copy_data.o)
 .bss           0x0000000000000000        0x0 /usr/local/lib/gcc/avr/4.9.2/avr5/libgcc.a(_copy_data.o)
 .text.libgcc.mul
                0x0000000000000000        0x0 /usr/local/lib/gcc/avr/4.9.2/avr5/libgcc.a(_copy_data.o)
 .text.libgcc.div
                0x0000000000000000        0x0 /usr/local/lib/gcc/avr/4.9.2/avr5/libgcc.a(_copy_data.o)
 .text.libgcc   0x0000000000000000        0x0 /usr/local/lib/gcc/avr/4.9.2/avr5/libgcc.a(_copy_data.o)
 .text.libgcc.prologue
                0x0000000000000000        0x0 /usr/local/lib/gcc/avr/4.9.2/avr5/libgcc.a(_copy_data.o)
 .text.libgcc.builtins
                0x0000000000000000        0x0 /usr/local/lib/gcc/avr/4.9.2/avr5/libgcc.a(_copy_data.o)
 .text.libgcc.fmul
                0x0000000000000000        0x0 /usr/local/lib/gcc/avr/4.9.2/avr5/libgcc.a(_copy_data.o)
 .text.libgcc.fixed
                0x0000000000000000        0x0 /usr/local/lib/gcc/avr/4.9.2/avr5/libgcc.a(_copy_data.o)
 .text          0x0000000000000000        0x0 /usr/local/lib/gcc/avr/4.9.2/avr5/libgcc.a(_clear_bss.o)
 .bss           0x0000000000000000        0x0 /usr/local/lib/gcc/avr/4.9.2/avr5/libgcc.a(_clear_bss.o)
 .text.libgcc.mul
                0x0000000000000000        0x0 /usr/local/lib/gcc/avr/4.9.2/avr5/libgcc.a(_clear_bss.o)
 .text.libgcc.div
                0x0000000000000000        0x0 /usr/local/lib/gcc/avr/4.9.2/avr5/libgcc.a(_clear_bss.o)
 .text.libgcc   0x0000000000000000        0x0 /usr/local/lib/gcc/avr/4.9.2/avr5/libgcc.a(_clear_bss.o)
 .text.libgcc.prologue
                0x0000000000000000        0x0 /usr/local/lib/gcc/avr/4.9.2/avr5/libgcc.a(_clear_bss.o)
 .text.libgcc.builtins
                0x0000000000000000        0x0 /usr/local/lib/gcc/avr/4.9.2/avr5/libgcc.a(_clear_bss.o)
 .text.libgcc.fmul
                0x0000000000000000        0x0 /usr/local/lib/gcc/avr/4.9.2/avr5/libgcc.a(_clear_bss.o)
 .text.libgcc.fixed
                0x0000000000000000        0x0 /usr/local/lib/gcc/avr/4.9.2/avr5/libgcc.a(_clear_bss.o)
 .text          0x0000000000000000        0x0 /usr/local/lib/gcc/avr/4.9.2/../../../../avr/lib/avr5/libm.a(addsf3.o)
 .bss           0x0000000000000000        0x0 /usr/local/lib/gcc/avr/4.9.2/../../../../avr/lib/avr5/libm.a(addsf3.o)
 .text          0x0000000000000000        0x0 /usr/local/lib/gcc/avr/4.9.2/../../../../avr/lib/avr5/libm.a(addsf3x.o)
 .bss           0x0000000000000000        0x0 /usr/local/lib/gcc/avr/4.9.2/../../../../avr/lib/avr5/libm.a(addsf3x.o)
 .text          0x0000000000000000        0x0 /usr/local/lib/gcc/avr/4.9.2/../../../../avr/lib/avr5/libm.a(cmpsf2.o)
 .bss           0x0000000000000000        0x0 /usr/local/lib/gcc/avr/4.9.2/../../../../avr/lib/avr5/libm.a(cmpsf2.o)
 .text          0x0000000000000000        0x0 /usr/local/lib/gcc/avr/4.9.2/../../../../avr/lib/avr5/libm.a(divsf3.o)
 .bss           0x0000000000000000        0x0 /usr/local/lib/gcc/avr/4.9.2/../../../../avr/lib/avr5/libm.a(divsf3.o)
 .text          0x0000000000000000        0x0 /usr/local/lib/gcc/avr/4.9.2/../../../../avr/lib/avr5/libm.a(divsf3x.o)
 .bss           0x0000000000000000        0x0 /usr/local/lib/gcc/avr/4.9.2/../../../../avr/lib/avr5/libm.a(divsf3x.o)
 .text          0x0000000000000000        0x0 /usr/local/lib/gcc/avr/4.9.2/../../../../avr/lib/avr5/libm.a(fixunssfsi.o)
 .bss           0x0000000000000000        0x0 /usr/local/lib/gcc/avr/4.9.2/../../../../avr/lib/avr5/libm.a(fixunssfsi.o)
 .text          0x0000000000000000        0x0 /usr/local/lib/gcc/avr/4.9.2/../../../../avr/lib/avr5/libm.a(floatsisf.o)
 .bss           0x0000000000000000        0x0 /usr/local/lib/gcc/avr/4.9.2/../../../../avr/lib/avr5/libm.a(floatsisf.o)
 .text          0x0000000000000000        0x0 /usr/local/lib/gcc/avr/4.9.2/../../../../avr/lib/avr5/libm.a(fp_cmp.o)
 .bss           0x0000000000000000        0x0 /usr/local/lib/gcc/avr/4.9.2/../../../../avr/lib/avr5/libm.a(fp_cmp.o)
 .text          0x0000000000000000        0x0 /usr/local/lib/gcc/avr/4.9.2/../../../../avr/lib/avr5/libm.a(fp_inf.o)
 .bss           0x0000000000000000        0x0 /usr/local/lib/gcc/avr/4.9.2/../../../../avr/lib/avr5/libm.a(fp_inf.o)
 .text          0x0000000000000000        0x0 /usr/local/lib/gcc/avr/4.9.2/../../../../avr/lib/avr5/libm.a(fp_nan.o)
 .bss           0x0000000000000000        0x0 /usr/local/lib/gcc/avr/4.9.2/../../../../avr/lib/avr5/libm.a(fp_nan.o)
 .text          0x0000000000000000        0x0 /usr/local/lib/gcc/avr/4.9.2/../../../../avr/lib/avr5/libm.a(fp_pscA.o)
 .bss           0x0000000000000000        0x0 /usr/local/lib/gcc/avr/4.9.2/../../../../avr/lib/avr5/libm.a(fp_pscA.o)
 .text          0x0000000000000000        0x0 /usr/local/lib/gcc/avr/4.9.2/../../../../avr/lib/avr5/libm.a(fp_pscB.o)
 .bss           0x0000000000000000        0x0 /usr/local/lib/gcc/avr/4.9.2/../../../../avr/lib/avr5/libm.a(fp_pscB.o)
 .text          0x0000000000000000        0x0 /usr/local/lib/gcc/avr/4.9.2/../../../../avr/lib/avr5/libm.a(fp_round.o)
 .bss           0x0000000000000000        0x0 /usr/local/lib/gcc/avr/4.9.2/../../../../avr/lib/avr5/libm.a(fp_round.o)
 .text          0x0000000000000000        0x0 /usr/local/lib/gcc/avr/4.9.2/../../../../avr/lib/avr5/libm.a(fp_split3.o)
 .bss           0x0000000000000000        0x0 /usr/local/lib/gcc/avr/4.9.2/../../../../avr/lib/avr5/libm.a(fp_split3.o)
 .text          0x0000000000000000        0x0 /usr/local/lib/gcc/avr/4.9.2/../../../../avr/lib/avr5/libm.a(fp_zero.o)
 .bss           0x0000000000000000        0x0 /usr/local/lib/gcc/avr/4.9.2/../../../../avr/lib/avr5/libm.a(fp_zero.o)
 .text          0x0000000000000000        0x0 /usr/local/lib/gcc/avr/4.9.2/../../../../avr/lib/avr5/libm.a(gesf2.o)
 .bss           0x0000000000000000        0x0 /usr/local/lib/gcc/avr/4.9.2/../../../../avr/lib/avr5/libm.a(gesf2.o)
 .text          0x0000000000000000        0x0 /usr/local/lib/gcc/avr/4.9.2/../../../../avr/lib/avr5/libm.a(mulsf3.o)
 .bss           0x0000000000000000        0x0 /usr/local/lib/gcc/avr/4.9.2/../../../../avr/lib/avr5/libm.a(mulsf3.o)
 .text          0x0000000000000000        0x0 /usr/local/lib/gcc/avr/4.9.2/../../../../avr/lib/avr5/libm.a(mulsf3x.o)
 .bss           0x0000000000000000        0x0 /usr/local/lib/gcc/avr/4.9.2/../../../../avr/lib/avr5/libm.a(mulsf3x.o)

Memory Configuration

Name             Origin             Length             Attributes
text             0x0000000000000000 0x0000000000020000 xr
data             0x0000000000800060 0x000000000000ffa0 rw !x
eeprom           0x0000000000810000 0x0000000000010000 rw !x
fuse             0x0000000000820000 0x0000000000000400 rw !x
lock             0x0000000000830000 0x0000000000000400 rw !x
signature        0x0000000000840000 0x0000000000000400 rw !x
*default*        0x0000000000000000 0xffffffffffffffff

Linker script and memory map

Address of section .data set to 0x800100
LOAD /usr/local/lib/gcc/avr/4.9.2/../../../../avr/lib/avr5/crtm644.o
LOAD uzeboxVideoEngineCore.o
LOAD uzeboxCore.o
LOAD uzeboxSoundEngine.o
LOAD uzeboxSoundEngineCore.o
LOAD uzeboxVideoEngine.o
LOAD TankFu.o
START GROUP
LOAD /usr/local/lib/gcc/avr/4.9.2/avr5/libgcc.a
LOAD /usr/local/lib/gcc/avr/4.9.2/../../../../avr/lib/avr5/libm.a
LOAD /usr/local/lib/gcc/avr/4.9.2/../../../../avr/lib/avr5/libc.a
END GROUP

.hash
 *(.hash)

.dynsym
 *(.dynsym)

.dynstr
 *(.dynstr)

.gnu.version
 *(.gnu.version)

.gnu.version_d
 *(.gnu.version_d)

.gnu.version_r
 *(.gnu.version_r)

.rel.init
 *(.rel.init)

.rela.init
 *(.rela.init)

.rel.text
 *(.rel.text)
 *(.rel.text.*)
 *(.rel.gnu.linkonce.t*)

.rela.text
 *(.rela.text)
 *(.rela.text.*)
 *(.rela.gnu.linkonce.t*)

.rel.fini
 *(.rel.fini)

.rela.fini
 *(.rela.fini)

.rel.rodata
 *(.rel.rodata)
 *(.rel.rodata.*)
 *(.rel.gnu.linkonce.r*)

.rela.rodata
 *(.rela.rodata)
 *(.rela.rodata.*)
 *(.rela.gnu.linkonce.r*)

.rel.data
 *(.rel.data)
 *(.rel.data.*)
 *(.rel.gnu.linkonce.d*)

.rela.data
 *(.rela.data)
 *(.rela.data.*)
 *(.rela.gnu.linkonce.d*)

.rel.ctors
 *(.rel.ctors)

.rela.ctors
 *(.rela.ctors)

.rel.dtors
 *(.rel.dtors)

.rela.dtors
 *(.rela.dtors)

.rel.got
 *(.rel.got)

.rela.got
 *(.rela.got)

.rel.bss
 *(.rel.bss)

.rela.bss
 *(.rela.bss)

.rel.plt
 *(.rel.plt)

.rela.plt
 *(.rela.plt)

.text           0x0000000000000000     0xa918
 *(.vectors)
 .vectors       0x0000000000000000       0x70 /usr/local/lib/gcc/avr/4.9.2/../../../../avr/lib/avr5/crtm644.o
                0x0000000000000000                __vectors
                0x0000000000000000                __vector_default
 *(.vectors)
 *(.progmem.gcc*)
 .progmem.gcc_sw_table.update_level
                0x0000000000000070       0x12 TankFu.o
                0x0000000000000082                . = ALIGN (0x2)
                0x0000000000000082                __trampolines_start = .
 *(.trampolines)
 .trampolines   0x0000000000000082        0x0 linker stubs
 *(.trampolines*)
                0x0000000000000082                __trampolines_end = .
 *(.progmem*)
 .progmem.data  0x0000000000000082       0x4e uzeboxCore.o
                0x0000000000000082                io_table
                0x00000000000000b0                eeprom_format_table
 .progmem.data  0x00000000000000d0       0x1a uzeboxSoundEngine.o
                0x00000000000000d0                patchCommands
 .progmem.data  0x00000000000000ea     0x17bc uzeboxVideoEngine.o
                0x00000000000000ea                fader
                0x00000000000000f6                map_uzeboxlogo2
                0x0000000000000107                map_uzeboxlogo
                0x000000000000011d                logo_tileset
                0x000000000000091d                logoInitPatches
                0x0000000000000926                voice
 .progmem.data  0x00000000000018a6     0x4f4c TankFu.o
                0x00000000000018a6                strPaused
                0x00000000000018ad                strExit
                0x00000000000018b6                strTotal
                0x00000000000018bd                strScore
                0x00000000000018c4                strBanterClear
                0x00000000000018d3                strB10
                0x00000000000018d9                strB9
                0x00000000000018e4                strB8
                0x00000000000018ef                strB7
                0x00000000000018fe                strB6
                0x0000000000001905                strB5
                0x000000000000190e                strB4
                0x000000000000191b                strB3
                0x000000000000192a                strB2
                0x000000000000192e                strB1
                0x000000000000193b                strBy
                0x000000000000193e                strOwns
                0x0000000000001943                strChangeHandle
                0x0000000000001952                strCancelHandle
                0x000000000000195d                strConfirmHandle
                0x0000000000001969                strSelectHandle
                0x0000000000001974                strPlayer2
                0x0000000000001977                strPlayer1
                0x000000000000197a                strVertSep
                0x000000000000197c                strUnderline
                0x0000000000001988                strHandlesTitle
                0x0000000000001994                strHighscores
                0x000000000000199e                str2Player
                0x00000000000019af                str1Player
                0x00000000000019bd                strCopyright
                0x00000000000019d4                level_data
                0x0000000000003720                map_rocket_right_1
                0x0000000000003723                map_rocket_right_0
                0x0000000000003726                map_rocket_up_1
                0x0000000000003729                map_rocket_up_0
                0x000000000000372c                map_ball
                0x000000000000372f                map_explosion_2
                0x0000000000003735                map_explosion_1
                0x000000000000373b                map_explosion_0
                0x0000000000003741                map_tank2_right_1
                0x0000000000003747                map_tank2_right_0
                0x000000000000374d                map_tank2_up_1
                0x0000000000003753                map_tank2_up_0
                0x0000000000003759                map_tank1_right_1
                0x000000000000375f                map_tank1_right_0
                0x0000000000003765                map_tank1_up_1
                0x000000000000376b                map_tank1_up_0
                0x0000000000003771                map_none
                0x0000000000003774                map_tank_blank
                0x000000000000377a                map_metal_bl
                0x000000000000377d                map_metal_tr
                0x0000000000003780                map_metal_br
                0x0000000000003783                map_metal_tl
                0x0000000000003786                map_tile_exp_2
                0x0000000000003789                map_tile_exp_1
                0x000000000000378c                map_tile_exp_0
                0x000000000000378f                map_rocket_itm
                0x0000000000003792                map_explode_itm
                0x0000000000003795                map_speed_itm
                0x0000000000003798                map_metal
                0x000000000000379b                map_brick
                0x000000000000379e                map_pause
                0x00000000000037dc                map_splash
                0x0000000000003832                sprites_data
                0x0000000000004432                tiles_data
                0x00000000000067f2                . = ALIGN (0x2)
 *(.jumptables)
 *(.jumptables*)
 *(.lowtext)
 *(.lowtext*)
                0x00000000000067f2                __ctors_start = .
 *(.ctors)
                0x00000000000067f2                __ctors_end = .
                0x00000000000067f2                __dtors_start = .
 *(.dtors)
                0x00000000000067f2                __dtors_end = .
 SORT(*)(.ctors)
 SORT(*)(.dtors)
 *(.init0)
 .init0         0x00000000000067f2        0x0 /usr/local/lib/gcc/avr/4.9.2/../../../../avr/lib/avr5/crtm644.o
                0x00000000000067f2                __init
 *(.init0)
 *(.init1)
 *(.init1)
 *(.init2)
 .init2         0x00000000000067f2        0xc /usr/local/lib/gcc/avr/4.9.2/../../../../avr/lib/avr5/crtm644.o
 *(.init2)
 *(.init3)
 *(.init3)
 *(.init4)
 .init4         0x00000000000067fe       0x16 /usr/local/lib/gcc/avr/4.9.2/avr5/libgcc.a(_copy_data.o)
                0x00000000000067fe                __do_copy_data
 .init4         0x0000000000006814       0x10 /usr/local/lib/gcc/avr/4.9.2/avr5/libgcc.a(_clear_bss.o)
                0x0000000000006814                __do_clear_bss
 *(.init4)
 *(.init5)
 *(.init5)
 *(.init6)
 *(.init6)
 *(.init7)
 .init7         0x0000000000006824       0x12 uzeboxCore.o
                0x0000000000006824                wdt_init
 *(.init7)
 *(.init8)
 .init8         0x0000000000006836       0x9a uzeboxCore.o
                0x0000000000006836                Initialize
 *(.init8)
 *(.init9)
 .init9         0x00000000000068d0        0x8 /usr/local/lib/gcc/avr/4.9.2/../../../../avr/lib/avr5/crtm644.o
 *(.init9)
 *(.text)
 .text          0x00000000000068d8        0x4 /usr/local/lib/gcc/avr/4.9.2/../../../../avr/lib/avr5/crtm644.o
                0x00000000000068d8                __vector_20
                0x00000000000068d8                __vector_1
                0x00000000000068d8                __vector_24
                0x00000000000068d8                __vector_12
                0x00000000000068d8                __bad_interrupt
                0x00000000000068d8                __vector_6
                0x00000000000068d8                __vector_3
                0x00000000000068d8                __vector_23
                0x00000000000068d8                __vector_25
                0x00000000000068d8                __vector_11
                0x00000000000068d8                __vector_17
                0x00000000000068d8                __vector_19
                0x00000000000068d8                __vector_7
                0x00000000000068d8                __vector_27
                0x00000000000068d8                __vector_5
                0x00000000000068d8                __vector_4
                0x00000000000068d8                __vector_9
                0x00000000000068d8                __vector_2
                0x00000000000068d8                __vector_21
                0x00000000000068d8                __vector_15
                0x00000000000068d8                __vector_8
                0x00000000000068d8                __vector_26
                0x00000000000068d8                __vector_10
                0x00000000000068d8                __vector_16
                0x00000000000068d8                __vector_18
                0x00000000000068d8                __vector_22
 .text          0x00000000000068dc      0x58c uzeboxVideoEngineCore.o
                0x0000000000006a80                CopyTileToRam
                0x0000000000006ba2                BlitSprite
                0x0000000000006c82                __vector_13
                0x0000000000006d02                __vector_14
 .text          0x0000000000006e68      0x23c uzeboxSoundEngineCore.o
                0x0000000000006e68                process_music
                0x0000000000007026                update_sound_buffer_fast
                0x000000000000704e                update_sound
                0x00000000000070a4                . = ALIGN (0x2)
 *(.text.*)
 .text.SetSpritesTileTable
                0x00000000000070a4        0xa uzeboxVideoEngineCore.o
                0x00000000000070a4                SetSpritesTileTable
 .text.ClearVram
                0x00000000000070ae       0x14 uzeboxVideoEngineCore.o
                0x00000000000070ae                ClearVram
 .text.SetFont  0x00000000000070c2        0x8 uzeboxVideoEngineCore.o
                0x00000000000070c2                SetFont
 .text.SetTile  0x00000000000070ca       0x1c uzeboxVideoEngineCore.o
                0x00000000000070ca                SetTile
 .text.SetFontTilesIndex
                0x00000000000070e6        0x6 uzeboxVideoEngineCore.o
                0x00000000000070e6                SetFontTilesIndex
 .text.SetTileTable
                0x00000000000070ec        0xa uzeboxVideoEngineCore.o
                0x00000000000070ec                SetTileTable
 .text.GetVsyncFlag
                0x00000000000070f6        0x8 uzeboxVideoEngineCore.o
                0x00000000000070f6                GetVsyncFlag
 .text.ClearVsyncFlag
                0x00000000000070fe        0xc uzeboxVideoEngineCore.o
                0x00000000000070fe                ClearVsyncFlag
 .text.ReadJoypad
                0x000000000000710a       0x18 uzeboxVideoEngineCore.o
                0x000000000000710a                ReadJoypad
 .text.WriteEeprom
                0x0000000000007122       0x14 uzeboxVideoEngineCore.o
                0x0000000000007122                WriteEeprom
 .text.ReadEeprom
                0x0000000000007136       0x12 uzeboxVideoEngineCore.o
                0x0000000000007136                ReadEeprom
 .text.SoftReset
                0x0000000000007148       0x16 uzeboxCore.o
                0x0000000000007148                SoftReset
 .text.ReadButtons
                0x000000000000715e       0x6c uzeboxCore.o
                0x000000000000715e                ReadButtons
 .text.ReadControllers
                0x00000000000071ca       0x20 uzeboxCore.o
                0x00000000000071ca                ReadControllers
 .text.FormatEeprom
                0x00000000000071ea       0x44 uzeboxCore.o
                0x00000000000071ea                FormatEeprom
 .text.isEepromFormatted
                0x000000000000722e       0x2e uzeboxCore.o
                0x000000000000722e                isEepromFormatted
 .text.EepromWriteBlock
                0x000000000000725c       0xda uzeboxCore.o
                0x000000000000725c                EepromWriteBlock
 .text.EepromReadBlock
                0x0000000000007336       0x92 uzeboxCore.o
                0x0000000000007336                EepromReadBlock
 .text.PatchCommand00
                0x00000000000073c8        0x6 uzeboxSoundEngine.o
                0x00000000000073c8                PatchCommand00
 .text.PatchCommand01
                0x00000000000073ce        0x2 uzeboxSoundEngine.o
                0x00000000000073ce                PatchCommand01
 .text.PatchCommand05
                0x00000000000073d0        0xa uzeboxSoundEngine.o
                0x00000000000073d0                PatchCommand05
 .text.PatchCommand06
                0x00000000000073da        0xa uzeboxSoundEngine.o
                0x00000000000073da                PatchCommand06
 .text.PatchCommand07
                0x00000000000073e4        0x6 uzeboxSoundEngine.o
                0x00000000000073e4                PatchCommand07
 .text.PatchCommand09
                0x00000000000073ea        0x6 uzeboxSoundEngine.o
                0x00000000000073ea                PatchCommand09
 .text.PatchCommand10
                0x00000000000073f0        0x6 uzeboxSoundEngine.o
                0x00000000000073f0                PatchCommand10
 .text.PatchCommand11
                0x00000000000073f6       0x7a uzeboxSoundEngine.o
                0x00000000000073f6                PatchCommand11
 .text.PatchCommand12
                0x0000000000007470        0x6 uzeboxSoundEngine.o
                0x0000000000007470                PatchCommand12
 .text.PatchCommand02
                0x0000000000007476        0x8 uzeboxSoundEngine.o
                0x0000000000007476                PatchCommand02
 .text.PatchCommand03
                0x000000000000747e       0x10 uzeboxSoundEngine.o
                0x000000000000747e                PatchCommand03
 .text.PatchCommand04
                0x000000000000748e       0x10 uzeboxSoundEngine.o
                0x000000000000748e                PatchCommand04
 .text.PatchCommand08
                0x000000000000749e       0x32 uzeboxSoundEngine.o
                0x000000000000749e                PatchCommand08
 .text.InitMusicPlayer
                0x00000000000074d0       0x44 uzeboxSoundEngine.o
                0x00000000000074d0                InitMusicPlayer
 .text.StopSong
                0x0000000000007514       0x16 uzeboxSoundEngine.o
                0x0000000000007514                StopSong
 .text.ReadVarLen
                0x000000000000752a       0x4c uzeboxSoundEngine.o
                0x000000000000752a                ReadVarLen
 .text.TriggerCommon
                0x0000000000007576      0x142 uzeboxSoundEngine.o
                0x0000000000007576                TriggerCommon
 .text.TriggerNote
                0x00000000000076b8       0x6e uzeboxSoundEngine.o
                0x00000000000076b8                TriggerNote
 .text.ProcessMusic
                0x0000000000007726      0x44e uzeboxSoundEngine.o
                0x0000000000007726                ProcessMusic
 .text.SetMasterVolume
                0x0000000000007b74        0x6 uzeboxSoundEngine.o
                0x0000000000007b74                SetMasterVolume
 .text.SetMixerNote
                0x0000000000007b7a       0x28 uzeboxSoundEngineCore.o
                0x0000000000007b7a                SetMixerNote
 .text.SetMixerWave
                0x0000000000007ba2       0x1a uzeboxSoundEngineCore.o
                0x0000000000007ba2                SetMixerWave
 *fill*         0x0000000000007bbc       0x44 
 .text.DisableSoundEngine
                0x0000000000007c00      0xc00 uzeboxSoundEngineCore.o
                0x0000000000007c00                DisableSoundEngine
                0x0000000000007c08                steptable
                0x0000000000007e00                waves
 .text.RestoreBackground
                0x0000000000008800       0x22 uzeboxVideoEngine.o
                0x0000000000008800                RestoreBackground
 .text.ProcessSprites
                0x0000000000008822      0x1a8 uzeboxVideoEngine.o
                0x0000000000008822                ProcessSprites
 .text.MapSprite2
                0x00000000000089ca       0xa4 uzeboxVideoEngine.o
                0x00000000000089ca                MapSprite2
 .text.MoveSprite
                0x0000000000008a6e       0x4a uzeboxVideoEngine.o
                0x0000000000008a6e                MoveSprite
 .text.InitializeVideoMode
                0x0000000000008ab8       0x14 uzeboxVideoEngine.o
                0x0000000000008ab8                InitializeVideoMode
 .text.DrawMap2
                0x0000000000008acc       0x9a uzeboxVideoEngine.o
                0x0000000000008acc                DrawMap2
 .text.PrintByte
                0x0000000000008b66       0x66 uzeboxVideoEngine.o
                0x0000000000008b66                PrintByte
 .text.Print    0x0000000000008bcc       0x36 uzeboxVideoEngine.o
                0x0000000000008bcc                Print
 .text.PrintChar
                0x0000000000008c02        0x6 uzeboxVideoEngine.o
                0x0000000000008c02                PrintChar
 .text.WaitVsync
                0x0000000000008c08       0x2e uzeboxVideoEngine.o
                0x0000000000008c08                WaitVsync
 .text.DisplayLogo
                0x0000000000008c36       0x76 uzeboxVideoEngine.o
                0x0000000000008c36                DisplayLogo
 .text.doFade   0x0000000000008cac       0x1c uzeboxVideoEngine.o
                0x0000000000008cac                doFade
 .text.FadeIn   0x0000000000008cc8       0x18 uzeboxVideoEngine.o
                0x0000000000008cc8                FadeIn
 .text.FadeOut  0x0000000000008ce0       0x18 uzeboxVideoEngine.o
                0x0000000000008ce0                FadeOut
 .text.ProcessFading
                0x0000000000008cf8       0x4a uzeboxVideoEngine.o
                0x0000000000008cf8                ProcessFading
 .text.VideoModeVsync
                0x0000000000008d42        0x8 uzeboxVideoEngine.o
                0x0000000000008d42                VideoModeVsync
 .text.LBGetNextFrame
                0x0000000000008d4a       0x46 TankFu.o
                0x0000000000008d4a                LBGetNextFrame
 .text.LBGetJoyPadState
                0x0000000000008d90       0x84 TankFu.o
                0x0000000000008d90                LBGetJoyPadState
 .text.LBCopyChars
                0x0000000000008e14       0x18 TankFu.o
                0x0000000000008e14                LBCopyChars
 .text.LBPrintStr
                0x0000000000008e2c       0x62 TankFu.o
                0x0000000000008e2c                LBPrintStr
 .text.LBLineIntersect
                0x0000000000008e8e      0x1ac TankFu.o
                0x0000000000008e8e                LBLineIntersect
 .text.random   0x000000000000903a       0x3e TankFu.o
                0x000000000000903a                random
 .text.load_eeprom
                0x0000000000009078       0x24 TankFu.o
                0x0000000000009078                load_eeprom
 .text.fade_through
                0x000000000000909c       0x14 TankFu.o
                0x000000000000909c                fade_through
 .text.clear_sprites
                0x00000000000090b0       0x1a TankFu.o
                0x00000000000090b0                clear_sprites
 .text.reset_game_state
                0x00000000000090ca       0x2c TankFu.o
                0x00000000000090ca                reset_game_state
 .text.player_level_init
                0x00000000000090f6       0x42 TankFu.o
                0x00000000000090f6                player_level_init
 .text.load_level
                0x0000000000009138       0xea TankFu.o
                0x0000000000009138                load_level
 .text.save_score
                0x0000000000009222       0xce TankFu.o
                0x0000000000009222                save_score
 .text.update_level_helper
                0x00000000000092f0      0x132 TankFu.o
                0x00000000000092f0                update_level_helper
 .text.render_score
                0x0000000000009422       0xba TankFu.o
                0x0000000000009422                render_score
 .text.render_player
                0x00000000000094dc       0x52 TankFu.o
                0x00000000000094dc                render_player
 .text.render_shot
                0x000000000000952e       0x46 TankFu.o
                0x000000000000952e                render_shot
 .text.tank_map
                0x0000000000009574       0xc8 TankFu.o
                0x0000000000009574                tank_map
 .text.shot_map
                0x000000000000963c       0xb2 TankFu.o
                0x000000000000963c                shot_map
 .text.first_index
                0x00000000000096ee       0x2c TankFu.o
                0x00000000000096ee                first_index
 .text.inc_index
                0x000000000000971a       0x56 TankFu.o
                0x000000000000971a                inc_index
 .text.solid_tile
                0x0000000000009770      0x1fc TankFu.o
                0x0000000000009770                solid_tile
 .text.collision_detect_tiles
                0x000000000000996c      0x1cc TankFu.o
                0x000000000000996c                collision_detect_tiles
 .text.update_level
                0x0000000000009b38      0x1c4 TankFu.o
                0x0000000000009b38                update_level
 .text.update_splash
                0x0000000000009cfc      0x112 TankFu.o
                0x0000000000009cfc                update_splash
 .text.update_tank_rank
                0x0000000000009e0e      0x152 TankFu.o
                0x0000000000009e0e                update_tank_rank
 .text._handle_select_helper
                0x0000000000009f60      0x156 TankFu.o
                0x0000000000009f60                _handle_select_helper
 .text._handle_select_render_helper
                0x000000000000a0b6      0x154 TankFu.o
                0x000000000000a0b6                _handle_select_render_helper
 .text.update_handle_select
                0x000000000000a20a      0x1d4 TankFu.o
                0x000000000000a20a                update_handle_select
 .text.startup.main
                0x000000000000a3de       0x96 TankFu.o
                0x000000000000a3de                main
 .text.libgcc.div
                0x000000000000a474       0x18 /usr/local/lib/gcc/avr/4.9.2/avr5/libgcc.a(_udivmodqi4.o)
                0x000000000000a474                __udivmodqi4
 .text.libgcc.div
                0x000000000000a48c       0x28 /usr/local/lib/gcc/avr/4.9.2/avr5/libgcc.a(_udivmodhi4.o)
                0x000000000000a48c                __udivmodhi4
 .text.libgcc.div
                0x000000000000a4b4       0x28 /usr/local/lib/gcc/avr/4.9.2/avr5/libgcc.a(_divmodhi4.o)
                0x000000000000a4b4                __divmodhi4
                0x000000000000a4b4                _div
 .text.libgcc   0x000000000000a4dc        0xc /usr/local/lib/gcc/avr/4.9.2/avr5/libgcc.a(_tablejump2.o)
                0x000000000000a4dc                __tablejump2__
 .text.avr-libc.fplib
                0x000000000000a4e8        0xa /usr/local/lib/gcc/avr/4.9.2/../../../../avr/lib/avr5/libm.a(addsf3.o)
                0x000000000000a4e8                __subsf3
                0x000000000000a4ea                __addsf3
 .text.avr-libc.fplib
                0x000000000000a4f2       0xc0 /usr/local/lib/gcc/avr/4.9.2/../../../../avr/lib/avr5/libm.a(addsf3x.o)
                0x000000000000a50c                __addsf3x
 .text.avr-libc.fplib
                0x000000000000a5b2        0x8 /usr/local/lib/gcc/avr/4.9.2/../../../../avr/lib/avr5/libm.a(cmpsf2.o)
                0x000000000000a5b2                __lesf2
                0x000000000000a5b2                __nesf2
                0x000000000000a5b2                __eqsf2
                0x000000000000a5b2                __cmpsf2
                0x000000000000a5b2                __ltsf2
 .text.avr-libc.fplib
                0x000000000000a5ba        0x4 /usr/local/lib/gcc/avr/4.9.2/../../../../avr/lib/avr5/libm.a(divsf3.o)
                0x000000000000a5ba                __divsf3
 .text.avr-libc.fplib
                0x000000000000a5be       0xcc /usr/local/lib/gcc/avr/4.9.2/../../../../avr/lib/avr5/libm.a(divsf3x.o)
                0x000000000000a5d4                __divsf3x
                0x000000000000a5d8                __divsf3_pse
 .text.avr-libc.fplib
                0x000000000000a68a       0x58 /usr/local/lib/gcc/avr/4.9.2/../../../../avr/lib/avr5/libm.a(fixunssfsi.o)
                0x000000000000a68a                __fixunssfsi
 .text.avr-libc.fplib
                0x000000000000a6e2       0x7a /usr/local/lib/gcc/avr/4.9.2/../../../../avr/lib/avr5/libm.a(floatsisf.o)
                0x000000000000a6e2                __floatunsisf
                0x000000000000a6e6                __floatsisf
 .text.avr-libc.fplib
                0x000000000000a75c       0x48 /usr/local/lib/gcc/avr/4.9.2/../../../../avr/lib/avr5/libm.a(fp_cmp.o)
                0x000000000000a75c                __fp_cmp
 .text.avr-libc.fplib
                0x000000000000a7a4        0xc /usr/local/lib/gcc/avr/4.9.2/../../../../avr/lib/avr5/libm.a(fp_inf.o)
                0x000000000000a7a4                __fp_inf
 .text.avr-libc.fplib
                0x000000000000a7b0        0x6 /usr/local/lib/gcc/avr/4.9.2/../../../../avr/lib/avr5/libm.a(fp_nan.o)
                0x000000000000a7b0                __fp_nan
 .text.avr-libc.fplib
                0x000000000000a7b6        0xe /usr/local/lib/gcc/avr/4.9.2/../../../../avr/lib/avr5/libm.a(fp_pscA.o)
                0x000000000000a7b6                __fp_pscA
 .text.avr-libc.fplib
                0x000000000000a7c4        0xe /usr/local/lib/gcc/avr/4.9.2/../../../../avr/lib/avr5/libm.a(fp_pscB.o)
                0x000000000000a7c4                __fp_pscB
 .text.avr-libc.fplib
                0x000000000000a7d2       0x22 /usr/local/lib/gcc/avr/4.9.2/../../../../avr/lib/avr5/libm.a(fp_round.o)
                0x000000000000a7d2                __fp_round
 .text.avr-libc.fplib
                0x000000000000a7f4       0x44 /usr/local/lib/gcc/avr/4.9.2/../../../../avr/lib/avr5/libm.a(fp_split3.o)
                0x000000000000a7f4                __fp_split3
                0x000000000000a804                __fp_splitA
 .text.avr-libc.fplib
                0x000000000000a838        0xe /usr/local/lib/gcc/avr/4.9.2/../../../../avr/lib/avr5/libm.a(fp_zero.o)
                0x000000000000a838                __fp_zero
                0x000000000000a83a                __fp_szero
 .text.avr-libc.fplib
                0x000000000000a846        0x8 /usr/local/lib/gcc/avr/4.9.2/../../../../avr/lib/avr5/libm.a(gesf2.o)
                0x000000000000a846                __gtsf2
                0x000000000000a846                __gesf2
 .text.avr-libc.fplib
                0x000000000000a84e        0x4 /usr/local/lib/gcc/avr/4.9.2/../../../../avr/lib/avr5/libm.a(mulsf3.o)
                0x000000000000a84e                __mulsf3
 .text.avr-libc.fplib
                0x000000000000a852       0xc2 /usr/local/lib/gcc/avr/4.9.2/../../../../avr/lib/avr5/libm.a(mulsf3x.o)
                0x000000000000a866                __mulsf3x
                0x000000000000a86a                __mulsf3_pse
                0x000000000000a914                . = ALIGN (0x2)
 *(.fini9)
 .fini9         0x000000000000a914        0x0 /usr/local/lib/gcc/avr/4.9.2/avr5/libgcc.a(_exit.o)
                0x000000000000a914                exit
                0x000000000000a914                _exit
 *(.fini9)
 *(.fini8)
 *(.fini8)
 *(.fini7)
 *(.fini7)
 *(.fini6)
 *(.fini6)
 *(.fini5)
 *(.fini5)
 *(.fini4)
 *(.fini4)
 *(.fini3)
 *(.fini3)
 *(.fini2)
 *(.fini2)
 *(.fini1)
 *(.fini1)
 *(.fini0)
 .fini0         0x000000000000a914        0x4 /usr/local/lib/gcc/avr/4.9.2/avr5/libgcc.a(_exit.o)
 *(.fini0)
                0x000000000000a918                _etext = .

.data           0x0000000000800100      0x43e load address 0x000000000000a918
                0x0000000000800100                PROVIDE (__data_start, .)
 *(.data)
 .data          0x0000000000800100        0x0 /usr/local/lib/gcc/avr/4.9.2/../../../../avr/lib/avr5/crtm644.o
 .data          0x0000000000800100        0x0 uzeboxVideoEngineCore.o
 .data          0x0000000000800100        0x0 uzeboxCore.o
 .data          0x0000000000800100        0x0 uzeboxSoundEngine.o
 .data          0x0000000000800100        0x0 uzeboxSoundEngineCore.o
 .data          0x0000000000800100        0x1 uzeboxVideoEngine.o
                0x0000000000800100                spritesOn
 .data          0x0000000000800101      0x43d TankFu.o
                0x0000000000800102                scores
                0x0000000000800122                handles
                0x0000000000800142                level
                0x0000000000800440                player2
                0x00000000008004b5                player1
                0x000000000080052a                banter_map
 .data          0x000000000080053e        0x0 /usr/local/lib/gcc/avr/4.9.2/avr5/libgcc.a(_udivmodqi4.o)
 .data          0x000000000080053e        0x0 /usr/local/lib/gcc/avr/4.9.2/avr5/libgcc.a(_udivmodhi4.o)
 .data          0x000000000080053e        0x0 /usr/local/lib/gcc/avr/4.9.2/avr5/libgcc.a(_divmodhi4.o)
 .data          0x000000000080053e        0x0 /usr/local/lib/gcc/avr/4.9.2/avr5/libgcc.a(_udivmodsi4.o)
 .data          0x000000000080053e        0x0 /usr/local/lib/gcc/avr/4.9.2/avr5/libgcc.a(_exit.o)
 .data          0x000000000080053e        0x0 /usr/local/lib/gcc/avr/4.9.2/avr5/libgcc.a(_tablejump2.o)
 .data          0x000000000080053e        0x0 /usr/local/lib/gcc/avr/4.9.2/avr5/libgcc.a(_copy_data.o)
 .data          0x000000000080053e        0x0 /usr/local/lib/gcc/avr/4.9.2/avr5/libgcc.a(_clear_bss.o)
 .data          0x000000000080053e        0x0 /usr/local/lib/gcc/avr/4.9.2/../../../../avr/lib/avr5/libm.a(addsf3.o)
 .data          0x000000000080053e        0x0 /usr/local/lib/gcc/avr/4.9.2/../../../../avr/lib/avr5/libm.a(addsf3x.o)
 .data          0x000000000080053e        0x0 /usr/local/lib/gcc/avr/4.9.2/../../../../avr/lib/avr5/libm.a(cmpsf2.o)
 .data          0x000000000080053e        0x0 /usr/local/lib/gcc/avr/4.9.2/../../../../avr/lib/avr5/libm.a(divsf3.o)
 .data          0x000000000080053e        0x0 /usr/local/lib/gcc/avr/4.9.2/../../../../avr/lib/avr5/libm.a(divsf3x.o)
 .data          0x000000000080053e        0x0 /usr/local/lib/gcc/avr/4.9.2/../../../../avr/lib/avr5/libm.a(fixunssfsi.o)
 .data          0x000000000080053e        0x0 /usr/local/lib/gcc/avr/4.9.2/../../../../avr/lib/avr5/libm.a(floatsisf.o)
 .data          0x000000000080053e        0x0 /usr/local/lib/gcc/avr/4.9.2/../../../../avr/lib/avr5/libm.a(fp_cmp.o)
 .data          0x000000000080053e        0x0 /usr/local/lib/gcc/avr/4.9.2/../../../../avr/lib/avr5/libm.a(fp_inf.o)
 .data          0x000000000080053e        0x0 /usr/local/lib/gcc/avr/4.9.2/../../../../avr/lib/avr5/libm.a(fp_nan.o)
 .data          0x000000000080053e        0x0 /usr/local/lib/gcc/avr/4.9.2/../../../../avr/lib/avr5/libm.a(fp_pscA.o)
 .data          0x000000000080053e        0x0 /usr/local/lib/gcc/avr/4.9.2/../../../../avr/lib/avr5/libm.a(fp_pscB.o)
 .data          0x000000000080053e        0x0 /usr/local/lib/gcc/avr/4.9.2/../../../../avr/lib/avr5/libm.a(fp_round.o)
 .data          0x000000000080053e        0x0 /usr/local/lib/gcc/avr/4.9.2/../../../../avr/lib/avr5/libm.a(fp_split3.o)
 .data          0x000000000080053e        0x0 /usr/local/lib/gcc/avr/4.9.2/../../../../avr/lib/avr5/libm.a(fp_zero.o)
 .data          0x000000000080053e        0x0 /usr/local/lib/gcc/avr/4.9.2/../../../../avr/lib/avr5/libm.a(gesf2.o)
 .data          0x000000000080053e        0x0 /usr/local/lib/gcc/avr/4.9.2/../../../../avr/lib/avr5/libm.a(mulsf3.o)
 .data          0x000000000080053e        0x0 /usr/local/lib/gcc/avr/4.9.2/../../../../avr/lib/avr5/libm.a(mulsf3x.o)
 *(.data*)
 *(.rodata)
 *(.rodata*)
 *(.gnu.linkonce.d*)
                0x000000000080053e                . = ALIGN (0x2)
                0x000000000080053e                _edata = .
                0x000000000080053e                PROVIDE (__data_end, .)

.bss            0x0000000000800540      0x9e2
                0x0000000000800540                PROVIDE (__bss_start, .)
 *(.bss)
 .bss           0x0000000000800540      0x720 uzeboxVideoEngineCore.o
                0x0000000000800540                vram
                0x0000000000800888                sprites
                0x0000000000800888                overlay_vram
                0x00000000008008bc                ram_tiles
                0x0000000000800bfc                ram_tiles_restore
                0x0000000000800c23                sprites_tile_banks
                0x0000000000800c2e                Screen
                0x0000000000800c32                sync_phase
                0x0000000000800c33                sync_pulse
                0x0000000000800c34                sync_flags
                0x0000000000800c39                first_render_line
                0x0000000000800c3a                render_lines_count
                0x0000000000800c3b                first_render_line_tmp
                0x0000000000800c3c                render_lines_count_tmp
                0x0000000000800c3d                joypad1_status_lo
                0x0000000000800c3f                joypad1_status_hi
                0x0000000000800c41                joypad2_status_lo
                0x0000000000800c43                joypad2_status_hi
 .bss           0x0000000000800c60        0x1 uzeboxSoundEngine.o
                0x0000000000800c60                playSong
 .bss           0x0000000000800c61      0x22d uzeboxSoundEngineCore.o
                0x0000000000800c61                mix_buf
                0x0000000000800e6d                mix_pos
                0x0000000000800e6f                mix_bank
                0x0000000000800e71                sound_enabled
                0x0000000000800e72                mixer
 .bss           0x0000000000800e8e       0x17 TankFu.o
                0x0000000000800e8e                p2s
                0x0000000000800e94                p1s
                0x0000000000800e9a                game
 *(.bss*)
 *(COMMON)
 COMMON         0x0000000000800ea5        0x1 uzeboxCore.o
                0x0000000000800ea5                joypadsConnectionStatus
 COMMON         0x0000000000800ea6       0x68 uzeboxSoundEngine.o
                0x0000000000800ea6                songStart
                0x0000000000800ea8                tracks
                0x0000000000800f00                currDeltaTime
                0x0000000000800f02                patchPointers
                0x0000000000800f04                lastStatus
                0x0000000000800f05                masterVolume
                0x0000000000800f06                nextDeltaTime
                0x0000000000800f08                songSpeed
                0x0000000000800f09                songPos
                0x0000000000800f0b                loopStart
                0x0000000000800f0d                step
 COMMON         0x0000000000800f0e        0x6 uzeboxVideoEngine.o
                0x0000000000800f0e                fadeSpeed
                0x0000000000800f0f                fadeDir
                0x0000000000800f10                free_tile_index
                0x0000000000800f11                fadeActive
                0x0000000000800f12                currFadeFrame
                0x0000000000800f13                fadeStep
 COMMON         0x0000000000800f14        0xe TankFu.o
                0x0000000000800f14                p2
                0x0000000000800f1a                p1
                0x0000000000800f20                random_seed
                0x0000000000800f22                PROVIDE (__bss_end, .)
                0x000000000000a918                __data_load_start = LOADADDR (.data)
                0x000000000000ad56                __data_load_end = (__data_load_start + SIZEOF (.data))

.noinit         0x0000000000800f22        0x0
                0x0000000000800f22                PROVIDE (__noinit_start, .)
 *(.noinit*)
                0x0000000000800f22                PROVIDE (__noinit_end, .)
                0x0000000000800f22                _end = .
                0x0000000000800f22                PROVIDE (__heap_start, .)

.eeprom         0x0000000000810000        0x0
 *(.eeprom*)
                0x0000000000810000                __eeprom_end = .

.fuse
 *(.fuse)
 *(.lfuse)
 *(.hfuse)
 *(.efuse)

.lock
 *(.lock*)

.signature
 *(.signature*)

.stab           0x0000000000000000      0x648
 *(.stab)
 .stab          0x0000000000000000       0xf0 /usr/local/lib/gcc/avr/4.9.2/avr5/libgcc.a(_udivmodqi4.o)
 .stab          0x00000000000000f0      0x15c /usr/local/lib/gcc/avr/4.9.2/avr5/libgcc.a(_udivmodhi4.o)
                                        0x168 (size before relaxing)
 .stab          0x000000000000024c      0x138 /usr/local/lib/gcc/avr/4.9.2/avr5/libgcc.a(_divmodhi4.o)
                                        0x144 (size before relaxing)
 .stab          0x0000000000000384       0x30 /usr/local/lib/gcc/avr/4.9.2/avr5/libgcc.a(_udivmodsi4.o)
                                        0x234 (size before relaxing)
 .stab          0x00000000000003b4       0x6c /usr/local/lib/gcc/avr/4.9.2/avr5/libgcc.a(_exit.o)
                                         0x78 (size before relaxing)
 .stab          0x0000000000000420       0x9c /usr/local/lib/gcc/avr/4.9.2/avr5/libgcc.a(_tablejump2.o)
                                         0xa8 (size before relaxing)
 .stab          0x00000000000004bc       0xd8 /usr/local/lib/gcc/avr/4.9.2/avr5/libgcc.a(_copy_data.o)
                                         0xe4 (size before relaxing)
 .stab          0x0000000000000594       0xb4 /usr/local/lib/gcc/avr/4.9.2/avr5/libgcc.a(_clear_bss.o)
                                         0xc0 (size before relaxing)

.stabstr        0x0000000000000000      0x29b
 *(.stabstr)
 .stabstr       0x0000000000000000      0x29b /usr/local/lib/gcc/avr/4.9.2/avr5/libgcc.a(_udivmodqi4.o)

.stab.excl
 *(.stab.excl)

.stab.exclstr
 *(.stab.exclstr)

.stab.index
 *(.stab.index)

.stab.indexstr
 *(.stab.indexstr)

.comment        0x0000000000000000       0x11
 *(.comment)
 .comment       0x0000000000000000       0x11 uzeboxCore.o
                                         0x12 (size before relaxing)
 .comment       0x0000000000000000       0x12 uzeboxSoundEngine.o
 .comment       0x0000000000000000       0x12 uzeboxVideoEngine.o
 .comment       0x0000000000000000       0x12 TankFu.o

.note.gnu.build-id
 *(.note.gnu.build-id)

.debug
 *(.debug)

.line
 *(.line)

.debug_srcinfo
 *(.debug_srcinfo)

.debug_sfnames
 *(.debug_sfnames)

.debug_aranges  0x0000000000000000      0x4a0
 *(.debug_aranges)
 .debug_aranges
                0x0000000000000000       0xd0 uzeboxVideoEngineCore.o
 .debug_aranges
                0x00000000000000d0       0x80 uzeboxCore.o
 .debug_aranges
                0x0000000000000150       0xe8 uzeboxSoundEngine.o
 .debug_aranges
                0x0000000000000238       0x48 uzeboxSoundEngineCore.o
 .debug_aranges
                0x0000000000000280       0xf8 uzeboxVideoEngine.o
 .debug_aranges
                0x0000000000000378      0x128 TankFu.o

.debug_pubnames
 *(.debug_pubnames)

.debug_info     0x0000000000000000     0x6930
 *(.debug_info .gnu.linkonce.wi.*)
 .debug_info    0x0000000000000000      0x672 /usr/local/lib/gcc/avr/4.9.2/../../../../avr/lib/avr5/crtm644.o
 .debug_info    0x0000000000000672       0x7b uzeboxVideoEngineCore.o
 .debug_info    0x00000000000006ed      0x9bb uzeboxCore.o
 .debug_info    0x00000000000010a8     0x1223 uzeboxSoundEngine.o
 .debug_info    0x00000000000022cb       0x71 uzeboxSoundEngineCore.o
 .debug_info    0x000000000000233c     0x15bb uzeboxVideoEngine.o
 .debug_info    0x00000000000038f7     0x3039 TankFu.o

.debug_abbrev   0x0000000000000000     0x14c5
 *(.debug_abbrev)
 .debug_abbrev  0x0000000000000000      0x619 /usr/local/lib/gcc/avr/4.9.2/../../../../avr/lib/avr5/crtm644.o
 .debug_abbrev  0x0000000000000619       0x12 uzeboxVideoEngineCore.o
 .debug_abbrev  0x000000000000062b      0x2eb uzeboxCore.o
 .debug_abbrev  0x0000000000000916      0x307 uzeboxSoundEngine.o
 .debug_abbrev  0x0000000000000c1d       0x12 uzeboxSoundEngineCore.o
 .debug_abbrev  0x0000000000000c2f      0x3ab uzeboxVideoEngine.o
 .debug_abbrev  0x0000000000000fda      0x4eb TankFu.o

.debug_line     0x0000000000000000     0x182e
 *(.debug_line .debug_line.* .debug_line_end)
 .debug_line    0x0000000000000000       0x1d /usr/local/lib/gcc/avr/4.9.2/../../../../avr/lib/avr5/crtm644.o
 .debug_line    0x000000000000001d      0x47a uzeboxVideoEngineCore.o
 .debug_line    0x0000000000000497      0x293 uzeboxCore.o
 .debug_line    0x000000000000072a      0x39e uzeboxSoundEngine.o
 .debug_line    0x0000000000000ac8      0x1cf uzeboxSoundEngineCore.o
 .debug_line    0x0000000000000c97      0x4df uzeboxVideoEngine.o
 .debug_line    0x0000000000001176      0x6b8 TankFu.o

.debug_frame    0x0000000000000000      0xeac
 *(.debug_frame)
 .debug_frame   0x0000000000000000      0x174 uzeboxCore.o
 .debug_frame   0x0000000000000174      0x26c uzeboxSoundEngine.o
 .debug_frame   0x00000000000003e0      0x4c0 uzeboxVideoEngine.o
 .debug_frame   0x00000000000008a0      0x60c TankFu.o

.debug_str      0x0000000000000000     0x15d8
 *(.debug_str)
 .debug_str     0x0000000000000000      0x231 /usr/local/lib/gcc/avr/4.9.2/../../../../avr/lib/avr5/crtm644.o
 .debug_str     0x0000000000000231      0x450 uzeboxCore.o
                                        0x499 (size before relaxing)
 .debug_str     0x0000000000000681      0x3d0 uzeboxSoundEngine.o
                                        0x5cd (size before relaxing)
 .debug_str     0x0000000000000a51      0x2df uzeboxVideoEngine.o
                                        0x4b9 (size before relaxing)
 .debug_str     0x0000000000000d30      0x8a8 TankFu.o
                                        0xb4e (size before relaxing)

.debug_loc      0x0000000000000000     0x59cd
 *(.debug_loc)
 .debug_loc     0x0000000000000000      0x864 uzeboxCore.o
 .debug_loc     0x0000000000000864     0x1174 uzeboxSoundEngine.o
 .debug_loc     0x00000000000019d8     0x1d49 uzeboxVideoEngine.o
 .debug_loc     0x0000000000003721     0x22ac TankFu.o

.debug_macinfo
 *(.debug_macinfo)

.debug_weaknames
 *(.debug_weaknames)

.debug_funcnames
 *(.debug_funcnames)

.debug_typenames
 *(.debug_typenames)

.debug_varnames
 *(.debug_varnames)

.debug_pubtypes
 *(.debug_pubtypes)

.debug_ranges   0x0000000000000000      0x510
 *(.debug_ranges)
 .debug_ranges  0x0000000000000000       0xc8 uzeboxVideoEngineCore.o
 .debug_ranges  0x00000000000000c8       0x70 uzeboxCore.o
 .debug_ranges  0x0000000000000138      0x120 uzeboxSoundEngine.o
 .debug_ranges  0x0000000000000258       0x40 uzeboxSoundEngineCore.o
 .debug_ranges  0x0000000000000298      0x130 uzeboxVideoEngine.o
 .debug_ranges  0x00000000000003c8      0x148 TankFu.o

.debug_macro
 *(.debug_macro)
OUTPUT(TankFu.elf elf32-avr)
LOAD linker stubs
