Archive member included to satisfy reference by file (symbol)

/usr/local/lib/gcc/avr/4.9.2/avr5/libgcc.a(_udivmodqi4.o)
                              uzeboxVideoEngine.o (__udivmodqi4)
/usr/local/lib/gcc/avr/4.9.2/avr5/libgcc.a(_udivmodhi4.o)
                              uzeboxVideoEngine.o (__udivmodhi4)
/usr/local/lib/gcc/avr/4.9.2/avr5/libgcc.a(_divmodhi4.o)
                              uzeboxSoundEngine.o (__divmodhi4)
/usr/local/lib/gcc/avr/4.9.2/avr5/libgcc.a(_udivmodsi4.o)
                              uzeboxVideoEngine.o (__udivmodsi4)
/usr/local/lib/gcc/avr/4.9.2/avr5/libgcc.a(_exit.o)
                              /usr/local/lib/gcc/avr/4.9.2/../../../../avr/lib/avr5/crtm644.o (exit)
/usr/local/lib/gcc/avr/4.9.2/avr5/libgcc.a(_copy_data.o)
                              uzeboxVideoEngine.o (__do_copy_data)
/usr/local/lib/gcc/avr/4.9.2/avr5/libgcc.a(_clear_bss.o)
                              uzeboxCore.o (__do_clear_bss)
/usr/local/lib/gcc/avr/4.9.2/../../../../avr/lib/avr5/libm.a(addsf3.o)
                              TankFu.o (__subsf3)
/usr/local/lib/gcc/avr/4.9.2/../../../../avr/lib/avr5/libm.a(addsf3x.o)
                              /usr/local/lib/gcc/avr/4.9.2/../../../../avr/lib/avr5/libm.a(addsf3.o) (__addsf3x)
/usr/local/lib/gcc/avr/4.9.2/../../../../avr/lib/avr5/libm.a(cmpsf2.o)
                              TankFu.o (__eqsf2)
/usr/local/lib/gcc/avr/4.9.2/../../../../avr/lib/avr5/libm.a(divsf3.o)
                              TankFu.o (__divsf3)
/usr/local/lib/gcc/avr/4.9.2/../../../../avr/lib/avr5/libm.a(divsf3x.o)
                              /usr/local/lib/gcc/avr/4.9.2/../../../../avr/lib/avr5/libm.a(divsf3.o) (__divsf3x)
/usr/local/lib/gcc/avr/4.9.2/../../../../avr/lib/avr5/libm.a(fixsfsi.o)
                              TankFu.o (__fixsfsi)
/usr/local/lib/gcc/avr/4.9.2/../../../../avr/lib/avr5/libm.a(fixunssfsi.o)
                              TankFu.o (__fixunssfsi)
/usr/local/lib/gcc/avr/4.9.2/../../../../avr/lib/avr5/libm.a(floatsisf.o)
                              TankFu.o (__floatunsisf)
/usr/local/lib/gcc/avr/4.9.2/../../../../avr/lib/avr5/libm.a(fp_cmp.o)
                              /usr/local/lib/gcc/avr/4.9.2/../../../../avr/lib/avr5/libm.a(cmpsf2.o) (__fp_cmp)
/usr/local/lib/gcc/avr/4.9.2/../../../../avr/lib/avr5/libm.a(fp_inf.o)
                              /usr/local/lib/gcc/avr/4.9.2/../../../../avr/lib/avr5/libm.a(addsf3x.o) (__fp_inf)
/usr/local/lib/gcc/avr/4.9.2/../../../../avr/lib/avr5/libm.a(fp_nan.o)
                              /usr/local/lib/gcc/avr/4.9.2/../../../../avr/lib/avr5/libm.a(addsf3x.o) (__fp_nan)
/usr/local/lib/gcc/avr/4.9.2/../../../../avr/lib/avr5/libm.a(fp_pscA.o)
                              /usr/local/lib/gcc/avr/4.9.2/../../../../avr/lib/avr5/libm.a(addsf3x.o) (__fp_pscA)
/usr/local/lib/gcc/avr/4.9.2/../../../../avr/lib/avr5/libm.a(fp_pscB.o)
                              /usr/local/lib/gcc/avr/4.9.2/../../../../avr/lib/avr5/libm.a(addsf3x.o) (__fp_pscB)
/usr/local/lib/gcc/avr/4.9.2/../../../../avr/lib/avr5/libm.a(fp_round.o)
                              /usr/local/lib/gcc/avr/4.9.2/../../../../avr/lib/avr5/libm.a(addsf3.o) (__fp_round)
/usr/local/lib/gcc/avr/4.9.2/../../../../avr/lib/avr5/libm.a(fp_split3.o)
                              /usr/local/lib/gcc/avr/4.9.2/../../../../avr/lib/avr5/libm.a(addsf3x.o) (__fp_split3)
/usr/local/lib/gcc/avr/4.9.2/../../../../avr/lib/avr5/libm.a(fp_zero.o)
                              /usr/local/lib/gcc/avr/4.9.2/../../../../avr/lib/avr5/libm.a(addsf3x.o) (__fp_zero)
/usr/local/lib/gcc/avr/4.9.2/../../../../avr/lib/avr5/libm.a(gesf2.o)
                              TankFu.o (__gtsf2)
/usr/local/lib/gcc/avr/4.9.2/../../../../avr/lib/avr5/libm.a(mulsf3.o)
                              TankFu.o (__mulsf3)
/usr/local/lib/gcc/avr/4.9.2/../../../../avr/lib/avr5/libm.a(mulsf3x.o)
                              /usr/local/lib/gcc/avr/4.9.2/../../../../avr/lib/avr5/libm.a(mulsf3.o) (__mulsf3x)
/usr/local/lib/gcc/avr/4.9.2/../../../../avr/lib/avr5/libc.a(memcpy_P.o)
                              TankFu.o (memcpy_P)

Allocating common symbols
Common symbol       size              file

songStart           0x2               uzeboxSoundEngine.o
tracks              0x6e              uzeboxSoundEngine.o
scores              0x20              TankFu.o
fadeSpeed           0x1               uzeboxVideoEngine.o
p2                  0x7               TankFu.o
currDeltaTime       0x2               uzeboxSoundEngine.o
fadeDir             0x1               uzeboxVideoEngine.o
patchPointers       0x2               uzeboxSoundEngine.o
handles             0x20              TankFu.o
game                0xd               TankFu.o
tile_animations     0x1d              TankFu.o
lastStatus          0x1               uzeboxSoundEngine.o
joypadsConnectionStatus
                    0x1               uzeboxCore.o
free_tile_index     0x1               uzeboxVideoEngine.o
player1             0x78              TankFu.o
fadeActive          0x1               uzeboxVideoEngine.o
p1                  0x7               TankFu.o
masterVolume        0x1               uzeboxSoundEngine.o
nextDeltaTime       0x2               uzeboxSoundEngine.o
songSpeed           0x1               uzeboxSoundEngine.o
songPos             0x2               uzeboxSoundEngine.o
level               0x2ef             TankFu.o
player2             0x78              TankFu.o
loopStart           0x2               uzeboxSoundEngine.o
sub_animation       0xe               TankFu.o
scope_animation     0xe               TankFu.o
step                0x1               uzeboxSoundEngine.o
currFadeFrame       0x1               uzeboxVideoEngine.o
fadeStep            0x1               uzeboxVideoEngine.o
turret2             0x35              TankFu.o
turret1             0x35              TankFu.o

Discarded input sections

 .data          0x0000000000000000        0x0 /usr/local/lib/gcc/avr/4.9.2/../../../../avr/lib/avr5/crtm644.o
 .bss           0x0000000000000000        0x0 /usr/local/lib/gcc/avr/4.9.2/../../../../avr/lib/avr5/crtm644.o
 .data          0x0000000000000000        0x0 uzeboxVideoEngineCore.o
 .text.SetSpritesTileBank
                0x0000000000000000       0x12 uzeboxVideoEngineCore.o
 .text.GetTile  0x0000000000000000       0x1e uzeboxVideoEngineCore.o
 .text.SetUserPreVsyncCallback
                0x0000000000000000        0xa uzeboxVideoEngineCore.o
 .text.SetUserPostVsyncCallback
                0x0000000000000000        0xa uzeboxVideoEngineCore.o
 .text.IsRunningInEmulator
                0x0000000000000000       0x12 uzeboxVideoEngineCore.o
 .text.WaitClocks
                0x0000000000000000        0x6 uzeboxVideoEngineCore.o
 .text.SetLedOn
                0x0000000000000000        0x4 uzeboxVideoEngineCore.o
 .text.SetLedOff
                0x0000000000000000        0x4 uzeboxVideoEngineCore.o
 .text.ToggleLed
                0x0000000000000000        0x4 uzeboxVideoEngineCore.o
 .text.internal_spi_byte
                0x0000000000000000        0xe uzeboxVideoEngineCore.o
 .text          0x0000000000000000        0x0 uzeboxCore.o
 .data          0x0000000000000000        0x0 uzeboxCore.o
 .bss           0x0000000000000000        0x0 uzeboxCore.o
 .text.SetRenderingParameters
                0x0000000000000000        0xa uzeboxCore.o
 .text.DetectControllers
                0x0000000000000000       0x36 uzeboxCore.o
 .text.FormatEeprom2
                0x0000000000000000       0x98 uzeboxCore.o
 .text.ReadPowerSwitch
                0x0000000000000000        0xe uzeboxCore.o
 .text          0x0000000000000000        0x0 uzeboxSoundEngine.o
 .data          0x0000000000000000        0x0 uzeboxSoundEngine.o
 .text.StartSong
                0x0000000000000000       0x4e uzeboxSoundEngine.o
 .text.StopSong
                0x0000000000000000       0x1a uzeboxSoundEngine.o
 .text.ResumeSong
                0x0000000000000000        0x8 uzeboxSoundEngine.o
 .text.SetSongSpeed
                0x0000000000000000        0x6 uzeboxSoundEngine.o
 .text.GetSongSpeed
                0x0000000000000000        0x6 uzeboxSoundEngine.o
 .text.GetMasterVolume
                0x0000000000000000        0x6 uzeboxSoundEngine.o
 .data          0x0000000000000000        0x0 uzeboxSoundEngineCore.o
 .text.SetMixerNoiseParams
                0x0000000000000000       0x10 uzeboxSoundEngineCore.o
 .text.SetMixerVolume
                0x0000000000000000       0x16 uzeboxSoundEngineCore.o
 .text.EnableSoundEngine
                0x0000000000000000        0x8 uzeboxSoundEngineCore.o
 .text          0x0000000000000000        0x0 uzeboxVideoEngine.o
 .bss           0x0000000000000000        0x0 uzeboxVideoEngine.o
 .text.MapSprite
                0x0000000000000000       0x80 uzeboxVideoEngine.o
 .text.DrawMap  0x0000000000000000       0x98 uzeboxVideoEngine.o
 .text.PrintLong
                0x0000000000000000       0x8a uzeboxVideoEngine.o
 .text.PrintInt
                0x0000000000000000       0x70 uzeboxVideoEngine.o
 .text.PrintBinaryByte
                0x0000000000000000       0x36 uzeboxVideoEngine.o
 .text.PrintHexByte
                0x0000000000000000       0x40 uzeboxVideoEngine.o
 .text.PrintHexInt
                0x0000000000000000       0x24 uzeboxVideoEngine.o
 .text.PrintHexLong
                0x0000000000000000       0x5e uzeboxVideoEngine.o
 .text.PrintRam
                0x0000000000000000       0x36 uzeboxVideoEngine.o
 .text.Fill     0x0000000000000000       0x6e uzeboxVideoEngine.o
 .text.FontFill
                0x0000000000000000       0x6c uzeboxVideoEngine.o
 .text          0x0000000000000000        0x0 TankFu.o
 .text.save_eeprom
                0x0000000000000000        0x4 TankFu.o
 .text          0x0000000000000000        0x0 /usr/local/lib/gcc/avr/4.9.2/avr5/libgcc.a(_udivmodqi4.o)
 .data          0x0000000000000000        0x0 /usr/local/lib/gcc/avr/4.9.2/avr5/libgcc.a(_udivmodqi4.o)
 .bss           0x0000000000000000        0x0 /usr/local/lib/gcc/avr/4.9.2/avr5/libgcc.a(_udivmodqi4.o)
 .text.libgcc.mul
                0x0000000000000000        0x0 /usr/local/lib/gcc/avr/4.9.2/avr5/libgcc.a(_udivmodqi4.o)
 .text.libgcc   0x0000000000000000        0x0 /usr/local/lib/gcc/avr/4.9.2/avr5/libgcc.a(_udivmodqi4.o)
 .text.libgcc.prologue
                0x0000000000000000        0x0 /usr/local/lib/gcc/avr/4.9.2/avr5/libgcc.a(_udivmodqi4.o)
 .text.libgcc.builtins
                0x0000000000000000        0x0 /usr/local/lib/gcc/avr/4.9.2/avr5/libgcc.a(_udivmodqi4.o)
 .text.libgcc.fmul
                0x0000000000000000        0x0 /usr/local/lib/gcc/avr/4.9.2/avr5/libgcc.a(_udivmodqi4.o)
 .text.libgcc.fixed
                0x0000000000000000        0x0 /usr/local/lib/gcc/avr/4.9.2/avr5/libgcc.a(_udivmodqi4.o)
 .text          0x0000000000000000        0x0 /usr/local/lib/gcc/avr/4.9.2/avr5/libgcc.a(_udivmodhi4.o)
 .data          0x0000000000000000        0x0 /usr/local/lib/gcc/avr/4.9.2/avr5/libgcc.a(_udivmodhi4.o)
 .bss           0x0000000000000000        0x0 /usr/local/lib/gcc/avr/4.9.2/avr5/libgcc.a(_udivmodhi4.o)
 .text.libgcc.mul
                0x0000000000000000        0x0 /usr/local/lib/gcc/avr/4.9.2/avr5/libgcc.a(_udivmodhi4.o)
 .text.libgcc   0x0000000000000000        0x0 /usr/local/lib/gcc/avr/4.9.2/avr5/libgcc.a(_udivmodhi4.o)
 .text.libgcc.prologue
                0x0000000000000000        0x0 /usr/local/lib/gcc/avr/4.9.2/avr5/libgcc.a(_udivmodhi4.o)
 .text.libgcc.builtins
                0x0000000000000000        0x0 /usr/local/lib/gcc/avr/4.9.2/avr5/libgcc.a(_udivmodhi4.o)
 .text.libgcc.fmul
                0x0000000000000000        0x0 /usr/local/lib/gcc/avr/4.9.2/avr5/libgcc.a(_udivmodhi4.o)
 .text.libgcc.fixed
                0x0000000000000000        0x0 /usr/local/lib/gcc/avr/4.9.2/avr5/libgcc.a(_udivmodhi4.o)
 .text          0x0000000000000000        0x0 /usr/local/lib/gcc/avr/4.9.2/avr5/libgcc.a(_divmodhi4.o)
 .data          0x0000000000000000        0x0 /usr/local/lib/gcc/avr/4.9.2/avr5/libgcc.a(_divmodhi4.o)
 .bss           0x0000000000000000        0x0 /usr/local/lib/gcc/avr/4.9.2/avr5/libgcc.a(_divmodhi4.o)
 .text.libgcc.mul
                0x0000000000000000        0x0 /usr/local/lib/gcc/avr/4.9.2/avr5/libgcc.a(_divmodhi4.o)
 .text.libgcc   0x0000000000000000        0x0 /usr/local/lib/gcc/avr/4.9.2/avr5/libgcc.a(_divmodhi4.o)
 .text.libgcc.prologue
                0x0000000000000000        0x0 /usr/local/lib/gcc/avr/4.9.2/avr5/libgcc.a(_divmodhi4.o)
 .text.libgcc.builtins
                0x0000000000000000        0x0 /usr/local/lib/gcc/avr/4.9.2/avr5/libgcc.a(_divmodhi4.o)
 .text.libgcc.fmul
                0x0000000000000000        0x0 /usr/local/lib/gcc/avr/4.9.2/avr5/libgcc.a(_divmodhi4.o)
 .text.libgcc.fixed
                0x0000000000000000        0x0 /usr/local/lib/gcc/avr/4.9.2/avr5/libgcc.a(_divmodhi4.o)
 .text          0x0000000000000000        0x0 /usr/local/lib/gcc/avr/4.9.2/avr5/libgcc.a(_udivmodsi4.o)
 .data          0x0000000000000000        0x0 /usr/local/lib/gcc/avr/4.9.2/avr5/libgcc.a(_udivmodsi4.o)
 .bss           0x0000000000000000        0x0 /usr/local/lib/gcc/avr/4.9.2/avr5/libgcc.a(_udivmodsi4.o)
 .stab          0x0000000000000000      0x228 /usr/local/lib/gcc/avr/4.9.2/avr5/libgcc.a(_udivmodsi4.o)
                                        0x234 (size before relaxing)
 .text.libgcc.mul
                0x0000000000000000        0x0 /usr/local/lib/gcc/avr/4.9.2/avr5/libgcc.a(_udivmodsi4.o)
 .text.libgcc.div
                0x0000000000000000       0x44 /usr/local/lib/gcc/avr/4.9.2/avr5/libgcc.a(_udivmodsi4.o)
 .text.libgcc   0x0000000000000000        0x0 /usr/local/lib/gcc/avr/4.9.2/avr5/libgcc.a(_udivmodsi4.o)
 .text.libgcc.prologue
                0x0000000000000000        0x0 /usr/local/lib/gcc/avr/4.9.2/avr5/libgcc.a(_udivmodsi4.o)
 .text.libgcc.builtins
                0x0000000000000000        0x0 /usr/local/lib/gcc/avr/4.9.2/avr5/libgcc.a(_udivmodsi4.o)
 .text.libgcc.fmul
                0x0000000000000000        0x0 /usr/local/lib/gcc/avr/4.9.2/avr5/libgcc.a(_udivmodsi4.o)
 .text.libgcc.fixed
                0x0000000000000000        0x0 /usr/local/lib/gcc/avr/4.9.2/avr5/libgcc.a(_udivmodsi4.o)
 .text          0x0000000000000000        0x0 /usr/local/lib/gcc/avr/4.9.2/avr5/libgcc.a(_exit.o)
 .data          0x0000000000000000        0x0 /usr/local/lib/gcc/avr/4.9.2/avr5/libgcc.a(_exit.o)
 .bss           0x0000000000000000        0x0 /usr/local/lib/gcc/avr/4.9.2/avr5/libgcc.a(_exit.o)
 .text.libgcc.mul
                0x0000000000000000        0x0 /usr/local/lib/gcc/avr/4.9.2/avr5/libgcc.a(_exit.o)
 .text.libgcc.div
                0x0000000000000000        0x0 /usr/local/lib/gcc/avr/4.9.2/avr5/libgcc.a(_exit.o)
 .text.libgcc   0x0000000000000000        0x0 /usr/local/lib/gcc/avr/4.9.2/avr5/libgcc.a(_exit.o)
 .text.libgcc.prologue
                0x0000000000000000        0x0 /usr/local/lib/gcc/avr/4.9.2/avr5/libgcc.a(_exit.o)
 .text.libgcc.builtins
                0x0000000000000000        0x0 /usr/local/lib/gcc/avr/4.9.2/avr5/libgcc.a(_exit.o)
 .text.libgcc.fmul
                0x0000000000000000        0x0 /usr/local/lib/gcc/avr/4.9.2/avr5/libgcc.a(_exit.o)
 .text.libgcc.fixed
                0x0000000000000000        0x0 /usr/local/lib/gcc/avr/4.9.2/avr5/libgcc.a(_exit.o)
 .text          0x0000000000000000        0x0 /usr/local/lib/gcc/avr/4.9.2/avr5/libgcc.a(_copy_data.o)
 .data          0x0000000000000000        0x0 /usr/local/lib/gcc/avr/4.9.2/avr5/libgcc.a(_copy_data.o)
 .bss           0x0000000000000000        0x0 /usr/local/lib/gcc/avr/4.9.2/avr5/libgcc.a(_copy_data.o)
 .text.libgcc.mul
                0x0000000000000000        0x0 /usr/local/lib/gcc/avr/4.9.2/avr5/libgcc.a(_copy_data.o)
 .text.libgcc.div
                0x0000000000000000        0x0 /usr/local/lib/gcc/avr/4.9.2/avr5/libgcc.a(_copy_data.o)
 .text.libgcc   0x0000000000000000        0x0 /usr/local/lib/gcc/avr/4.9.2/avr5/libgcc.a(_copy_data.o)
 .text.libgcc.prologue
                0x0000000000000000        0x0 /usr/local/lib/gcc/avr/4.9.2/avr5/libgcc.a(_copy_data.o)
 .text.libgcc.builtins
                0x0000000000000000        0x0 /usr/local/lib/gcc/avr/4.9.2/avr5/libgcc.a(_copy_data.o)
 .text.libgcc.fmul
                0x0000000000000000        0x0 /usr/local/lib/gcc/avr/4.9.2/avr5/libgcc.a(_copy_data.o)
 .text.libgcc.fixed
                0x0000000000000000        0x0 /usr/local/lib/gcc/avr/4.9.2/avr5/libgcc.a(_copy_data.o)
 .text          0x0000000000000000        0x0 /usr/local/lib/gcc/avr/4.9.2/avr5/libgcc.a(_clear_bss.o)
 .data          0x0000000000000000        0x0 /usr/local/lib/gcc/avr/4.9.2/avr5/libgcc.a(_clear_bss.o)
 .bss           0x0000000000000000        0x0 /usr/local/lib/gcc/avr/4.9.2/avr5/libgcc.a(_clear_bss.o)
 .text.libgcc.mul
                0x0000000000000000        0x0 /usr/local/lib/gcc/avr/4.9.2/avr5/libgcc.a(_clear_bss.o)
 .text.libgcc.div
                0x0000000000000000        0x0 /usr/local/lib/gcc/avr/4.9.2/avr5/libgcc.a(_clear_bss.o)
 .text.libgcc   0x0000000000000000        0x0 /usr/local/lib/gcc/avr/4.9.2/avr5/libgcc.a(_clear_bss.o)
 .text.libgcc.prologue
                0x0000000000000000        0x0 /usr/local/lib/gcc/avr/4.9.2/avr5/libgcc.a(_clear_bss.o)
 .text.libgcc.builtins
                0x0000000000000000        0x0 /usr/local/lib/gcc/avr/4.9.2/avr5/libgcc.a(_clear_bss.o)
 .text.libgcc.fmul
                0x0000000000000000        0x0 /usr/local/lib/gcc/avr/4.9.2/avr5/libgcc.a(_clear_bss.o)
 .text.libgcc.fixed
                0x0000000000000000        0x0 /usr/local/lib/gcc/avr/4.9.2/avr5/libgcc.a(_clear_bss.o)
 .text          0x0000000000000000        0x0 /usr/local/lib/gcc/avr/4.9.2/../../../../avr/lib/avr5/libm.a(addsf3.o)
 .data          0x0000000000000000        0x0 /usr/local/lib/gcc/avr/4.9.2/../../../../avr/lib/avr5/libm.a(addsf3.o)
 .bss           0x0000000000000000        0x0 /usr/local/lib/gcc/avr/4.9.2/../../../../avr/lib/avr5/libm.a(addsf3.o)
 .text          0x0000000000000000        0x0 /usr/local/lib/gcc/avr/4.9.2/../../../../avr/lib/avr5/libm.a(addsf3x.o)
 .data          0x0000000000000000        0x0 /usr/local/lib/gcc/avr/4.9.2/../../../../avr/lib/avr5/libm.a(addsf3x.o)
 .bss           0x0000000000000000        0x0 /usr/local/lib/gcc/avr/4.9.2/../../../../avr/lib/avr5/libm.a(addsf3x.o)
 .text          0x0000000000000000        0x0 /usr/local/lib/gcc/avr/4.9.2/../../../../avr/lib/avr5/libm.a(cmpsf2.o)
 .data          0x0000000000000000        0x0 /usr/local/lib/gcc/avr/4.9.2/../../../../avr/lib/avr5/libm.a(cmpsf2.o)
 .bss           0x0000000000000000        0x0 /usr/local/lib/gcc/avr/4.9.2/../../../../avr/lib/avr5/libm.a(cmpsf2.o)
 .text          0x0000000000000000        0x0 /usr/local/lib/gcc/avr/4.9.2/../../../../avr/lib/avr5/libm.a(divsf3.o)
 .data          0x0000000000000000        0x0 /usr/local/lib/gcc/avr/4.9.2/../../../../avr/lib/avr5/libm.a(divsf3.o)
 .bss           0x0000000000000000        0x0 /usr/local/lib/gcc/avr/4.9.2/../../../../avr/lib/avr5/libm.a(divsf3.o)
 .text          0x0000000000000000        0x0 /usr/local/lib/gcc/avr/4.9.2/../../../../avr/lib/avr5/libm.a(divsf3x.o)
 .data          0x0000000000000000        0x0 /usr/local/lib/gcc/avr/4.9.2/../../../../avr/lib/avr5/libm.a(divsf3x.o)
 .bss           0x0000000000000000        0x0 /usr/local/lib/gcc/avr/4.9.2/../../../../avr/lib/avr5/libm.a(divsf3x.o)
 .text          0x0000000000000000        0x0 /usr/local/lib/gcc/avr/4.9.2/../../../../avr/lib/avr5/libm.a(fixsfsi.o)
 .data          0x0000000000000000        0x0 /usr/local/lib/gcc/avr/4.9.2/../../../../avr/lib/avr5/libm.a(fixsfsi.o)
 .bss           0x0000000000000000        0x0 /usr/local/lib/gcc/avr/4.9.2/../../../../avr/lib/avr5/libm.a(fixsfsi.o)
 .text          0x0000000000000000        0x0 /usr/local/lib/gcc/avr/4.9.2/../../../../avr/lib/avr5/libm.a(fixunssfsi.o)
 .data          0x0000000000000000        0x0 /usr/local/lib/gcc/avr/4.9.2/../../../../avr/lib/avr5/libm.a(fixunssfsi.o)
 .bss           0x0000000000000000        0x0 /usr/local/lib/gcc/avr/4.9.2/../../../../avr/lib/avr5/libm.a(fixunssfsi.o)
 .text          0x0000000000000000        0x0 /usr/local/lib/gcc/avr/4.9.2/../../../../avr/lib/avr5/libm.a(floatsisf.o)
 .data          0x0000000000000000        0x0 /usr/local/lib/gcc/avr/4.9.2/../../../../avr/lib/avr5/libm.a(floatsisf.o)
 .bss           0x0000000000000000        0x0 /usr/local/lib/gcc/avr/4.9.2/../../../../avr/lib/avr5/libm.a(floatsisf.o)
 .text          0x0000000000000000        0x0 /usr/local/lib/gcc/avr/4.9.2/../../../../avr/lib/avr5/libm.a(fp_cmp.o)
 .data          0x0000000000000000        0x0 /usr/local/lib/gcc/avr/4.9.2/../../../../avr/lib/avr5/libm.a(fp_cmp.o)
 .bss           0x0000000000000000        0x0 /usr/local/lib/gcc/avr/4.9.2/../../../../avr/lib/avr5/libm.a(fp_cmp.o)
 .text          0x0000000000000000        0x0 /usr/local/lib/gcc/avr/4.9.2/../../../../avr/lib/avr5/libm.a(fp_inf.o)
 .data          0x0000000000000000        0x0 /usr/local/lib/gcc/avr/4.9.2/../../../../avr/lib/avr5/libm.a(fp_inf.o)
 .bss           0x0000000000000000        0x0 /usr/local/lib/gcc/avr/4.9.2/../../../../avr/lib/avr5/libm.a(fp_inf.o)
 .text          0x0000000000000000        0x0 /usr/local/lib/gcc/avr/4.9.2/../../../../avr/lib/avr5/libm.a(fp_nan.o)
 .data          0x0000000000000000        0x0 /usr/local/lib/gcc/avr/4.9.2/../../../../avr/lib/avr5/libm.a(fp_nan.o)
 .bss           0x0000000000000000        0x0 /usr/local/lib/gcc/avr/4.9.2/../../../../avr/lib/avr5/libm.a(fp_nan.o)
 .text          0x0000000000000000        0x0 /usr/local/lib/gcc/avr/4.9.2/../../../../avr/lib/avr5/libm.a(fp_pscA.o)
 .data          0x0000000000000000        0x0 /usr/local/lib/gcc/avr/4.9.2/../../../../avr/lib/avr5/libm.a(fp_pscA.o)
 .bss           0x0000000000000000        0x0 /usr/local/lib/gcc/avr/4.9.2/../../../../avr/lib/avr5/libm.a(fp_pscA.o)
 .text          0x0000000000000000        0x0 /usr/local/lib/gcc/avr/4.9.2/../../../../avr/lib/avr5/libm.a(fp_pscB.o)
 .data          0x0000000000000000        0x0 /usr/local/lib/gcc/avr/4.9.2/../../../../avr/lib/avr5/libm.a(fp_pscB.o)
 .bss           0x0000000000000000        0x0 /usr/local/lib/gcc/avr/4.9.2/../../../../avr/lib/avr5/libm.a(fp_pscB.o)
 .text          0x0000000000000000        0x0 /usr/local/lib/gcc/avr/4.9.2/../../../../avr/lib/avr5/libm.a(fp_round.o)
 .data          0x0000000000000000        0x0 /usr/local/lib/gcc/avr/4.9.2/../../../../avr/lib/avr5/libm.a(fp_round.o)
 .bss           0x0000000000000000        0x0 /usr/local/lib/gcc/avr/4.9.2/../../../../avr/lib/avr5/libm.a(fp_round.o)
 .text          0x0000000000000000        0x0 /usr/local/lib/gcc/avr/4.9.2/../../../../avr/lib/avr5/libm.a(fp_split3.o)
 .data          0x0000000000000000        0x0 /usr/local/lib/gcc/avr/4.9.2/../../../../avr/lib/avr5/libm.a(fp_split3.o)
 .bss           0x0000000000000000        0x0 /usr/local/lib/gcc/avr/4.9.2/../../../../avr/lib/avr5/libm.a(fp_split3.o)
 .text          0x0000000000000000        0x0 /usr/local/lib/gcc/avr/4.9.2/../../../../avr/lib/avr5/libm.a(fp_zero.o)
 .data          0x0000000000000000        0x0 /usr/local/lib/gcc/avr/4.9.2/../../../../avr/lib/avr5/libm.a(fp_zero.o)
 .bss           0x0000000000000000        0x0 /usr/local/lib/gcc/avr/4.9.2/../../../../avr/lib/avr5/libm.a(fp_zero.o)
 .text          0x0000000000000000        0x0 /usr/local/lib/gcc/avr/4.9.2/../../../../avr/lib/avr5/libm.a(gesf2.o)
 .data          0x0000000000000000        0x0 /usr/local/lib/gcc/avr/4.9.2/../../../../avr/lib/avr5/libm.a(gesf2.o)
 .bss           0x0000000000000000        0x0 /usr/local/lib/gcc/avr/4.9.2/../../../../avr/lib/avr5/libm.a(gesf2.o)
 .text          0x0000000000000000        0x0 /usr/local/lib/gcc/avr/4.9.2/../../../../avr/lib/avr5/libm.a(mulsf3.o)
 .data          0x0000000000000000        0x0 /usr/local/lib/gcc/avr/4.9.2/../../../../avr/lib/avr5/libm.a(mulsf3.o)
 .bss           0x0000000000000000        0x0 /usr/local/lib/gcc/avr/4.9.2/../../../../avr/lib/avr5/libm.a(mulsf3.o)
 .text          0x0000000000000000        0x0 /usr/local/lib/gcc/avr/4.9.2/../../../../avr/lib/avr5/libm.a(mulsf3x.o)
 .data          0x0000000000000000        0x0 /usr/local/lib/gcc/avr/4.9.2/../../../../avr/lib/avr5/libm.a(mulsf3x.o)
 .bss           0x0000000000000000        0x0 /usr/local/lib/gcc/avr/4.9.2/../../../../avr/lib/avr5/libm.a(mulsf3x.o)
 .text          0x0000000000000000        0x0 /usr/local/lib/gcc/avr/4.9.2/../../../../avr/lib/avr5/libc.a(memcpy_P.o)
 .data          0x0000000000000000        0x0 /usr/local/lib/gcc/avr/4.9.2/../../../../avr/lib/avr5/libc.a(memcpy_P.o)
 .bss           0x0000000000000000        0x0 /usr/local/lib/gcc/avr/4.9.2/../../../../avr/lib/avr5/libc.a(memcpy_P.o)

Memory Configuration

Name             Origin             Length             Attributes
text             0x0000000000000000 0x0000000000020000 xr
data             0x0000000000800060 0x000000000000ffa0 rw !x
eeprom           0x0000000000810000 0x0000000000010000 rw !x
fuse             0x0000000000820000 0x0000000000000400 rw !x
lock             0x0000000000830000 0x0000000000000400 rw !x
signature        0x0000000000840000 0x0000000000000400 rw !x
*default*        0x0000000000000000 0xffffffffffffffff

Linker script and memory map

Address of section .data set to 0x800100
LOAD /usr/local/lib/gcc/avr/4.9.2/../../../../avr/lib/avr5/crtm644.o
LOAD uzeboxVideoEngineCore.o
LOAD uzeboxCore.o
LOAD uzeboxSoundEngine.o
LOAD uzeboxSoundEngineCore.o
LOAD uzeboxVideoEngine.o
LOAD TankFu.o
START GROUP
LOAD /usr/local/lib/gcc/avr/4.9.2/avr5/libgcc.a
LOAD /usr/local/lib/gcc/avr/4.9.2/../../../../avr/lib/avr5/libm.a
LOAD /usr/local/lib/gcc/avr/4.9.2/../../../../avr/lib/avr5/libc.a
END GROUP

.hash
 *(.hash)

.dynsym
 *(.dynsym)

.dynstr
 *(.dynstr)

.gnu.version
 *(.gnu.version)

.gnu.version_d
 *(.gnu.version_d)

.gnu.version_r
 *(.gnu.version_r)

.rel.init
 *(.rel.init)

.rela.init
 *(.rela.init)

.rel.text
 *(.rel.text)
 *(.rel.text.*)
 *(.rel.gnu.linkonce.t*)

.rela.text
 *(.rela.text)
 *(.rela.text.*)
 *(.rela.gnu.linkonce.t*)

.rel.fini
 *(.rel.fini)

.rela.fini
 *(.rela.fini)

.rel.rodata
 *(.rel.rodata)
 *(.rel.rodata.*)
 *(.rel.gnu.linkonce.r*)

.rela.rodata
 *(.rela.rodata)
 *(.rela.rodata.*)
 *(.rela.gnu.linkonce.r*)

.rel.data
 *(.rel.data)
 *(.rel.data.*)
 *(.rel.gnu.linkonce.d*)

.rela.data
 *(.rela.data)
 *(.rela.data.*)
 *(.rela.gnu.linkonce.d*)

.rel.ctors
 *(.rel.ctors)

.rela.ctors
 *(.rela.ctors)

.rel.dtors
 *(.rel.dtors)

.rela.dtors
 *(.rela.dtors)

.rel.got
 *(.rel.got)

.rela.got
 *(.rela.got)

.rel.bss
 *(.rel.bss)

.rela.bss
 *(.rela.bss)

.rel.plt
 *(.rel.plt)

.rela.plt
 *(.rela.plt)

.text           0x0000000000000000     0xee50
 *(.vectors)
 .vectors       0x0000000000000000       0x70 /usr/local/lib/gcc/avr/4.9.2/../../../../avr/lib/avr5/crtm644.o
                0x0000000000000000                __vectors
                0x0000000000000000                __vector_default
 *(.vectors)
 *(.progmem.gcc*)
                0x0000000000000070                . = ALIGN (0x2)
                0x0000000000000070                __trampolines_start = .
 *(.trampolines)
 .trampolines   0x0000000000000070        0x0 linker stubs
 *(.trampolines*)
                0x0000000000000070                __trampolines_end = .
 *(.progmem*)
 .progmem.data  0x0000000000000070       0x4e uzeboxCore.o
                0x0000000000000070                io_table
                0x000000000000009e                eeprom_format_table
 .progmem.data  0x00000000000000be       0x1a uzeboxSoundEngine.o
                0x00000000000000be                patchCommands
 .progmem.data  0x00000000000000d8      0x853 uzeboxVideoEngine.o
                0x00000000000000d8                fader
                0x00000000000000e4                map_uzeboxlogo2
                0x00000000000000f5                map_uzeboxlogo
                0x000000000000010b                logo_tileset
                0x000000000000090b                logoInitPatches
                0x0000000000000914                initPatch
 .progmem.data  0x000000000000092b     0x7d6e TankFu.o
                0x000000000000092b                default_scores
                0x0000000000000949                default_handles
                0x0000000000000967                strLevels
                0x0000000000000a17                strPaused
                0x0000000000000a1e                strExit
                0x0000000000000a27                strTotal
                0x0000000000000a2e                strScore
                0x0000000000000a35                strBanterClear
                0x0000000000000a44                banter_map
                0x0000000000000ada                strFinalScore
                0x0000000000000ae6                strBy
                0x0000000000000ae9                strOwns
                0x0000000000000aee                strChangeHandle
                0x0000000000000afd                strReset
                0x0000000000000b16                strCancelHandle
                0x0000000000000b21                strConfirmHandle
                0x0000000000000b2d                strSelectHandle
                0x0000000000000b38                strPlayer2
                0x0000000000000b3b                strPlayer1
                0x0000000000000b3e                strVertSep
                0x0000000000000b40                strUnderline
                0x0000000000000b4c                strHandlesTitle
                0x0000000000000b58                strHighscores
                0x0000000000000b62                str2Player
                0x0000000000000b73                str1Player
                0x0000000000000b81                strCopyright
                0x0000000000000b96                my_patches
                0x0000000000000be7                ad_alarm
                0x0000000000000d09                ad_navigate
                0x0000000000000e7b                ad_metal
                0x000000000000109b                ad_item
                0x000000000000124c                ad_cannonball
                0x0000000000001493                ad_brick_explode
                0x0000000000001b78                ad_banter
                0x00000000000022c9                level_data
                0x0000000000004303                sprites_data
                0x0000000000004c43                map_sub_turret
                0x0000000000004c46                map_sub_shot
                0x0000000000004c49                map_up_arrow
                0x0000000000004c4c                map_down_arrow
                0x0000000000004c4f                map_right_arrow
                0x0000000000004c52                map_rocket_right_1
                0x0000000000004c55                map_rocket_right_0
                0x0000000000004c58                map_rocket_up_1
                0x0000000000004c5b                map_rocket_up_0
                0x0000000000004c5e                map_ball
                0x0000000000004c61                map_explosion_2
                0x0000000000004c67                map_explosion_1
                0x0000000000004c6d                map_explosion_0
                0x0000000000004c73                map_tank2_right_0
                0x0000000000004c79                map_tank2_up_0
                0x0000000000004c7f                map_tank1_right_0
                0x0000000000004c85                map_tank1_up_0
                0x0000000000004c8b                map_tank_blank
                0x0000000000004c91                map_none
                0x0000000000004c94                tiles_data
                0x0000000000008354                map_sub_emerging
                0x000000000000848a                map_sub
                0x00000000000085c0                map_scope_2
                0x00000000000085c3                map_scope_1
                0x00000000000085c6                map_scope_0
                0x00000000000085c9                map_blue_tank
                0x00000000000085cf                map_green_tank
                0x00000000000085d5                map_fence
                0x00000000000085d8                map_turf
                0x00000000000085db                map_water
                0x00000000000085de                map_metal_bl
                0x00000000000085e1                map_metal_tr
                0x00000000000085e4                map_metal_br
                0x00000000000085e7                map_metal_tl
                0x00000000000085ea                map_tile_exp_2
                0x00000000000085ed                map_tile_exp_1
                0x00000000000085f0                map_tile_exp_0
                0x00000000000085f3                map_rocket_itm
                0x00000000000085f6                map_explode_itm
                0x00000000000085f9                map_speed_itm
                0x00000000000085fc                map_metal
                0x00000000000085ff                map_brick
                0x0000000000008602                map_splash
                0x0000000000008658                map_pause
                0x0000000000008696                map_tile_none
                0x000000000000869a                . = ALIGN (0x2)
 *fill*         0x0000000000008699        0x1 
 *(.jumptables)
 *(.jumptables*)
 *(.lowtext)
 *(.lowtext*)
                0x000000000000869a                __ctors_start = .
 *(.ctors)
                0x000000000000869a                __ctors_end = .
                0x000000000000869a                __dtors_start = .
 *(.dtors)
                0x000000000000869a                __dtors_end = .
 SORT(*)(.ctors)
 SORT(*)(.dtors)
 *(.init0)
 .init0         0x000000000000869a        0x0 /usr/local/lib/gcc/avr/4.9.2/../../../../avr/lib/avr5/crtm644.o
                0x000000000000869a                __init
 *(.init0)
 *(.init1)
 *(.init1)
 *(.init2)
 .init2         0x000000000000869a        0xc /usr/local/lib/gcc/avr/4.9.2/../../../../avr/lib/avr5/crtm644.o
 *(.init2)
 *(.init3)
 *(.init3)
 *(.init4)
 .init4         0x00000000000086a6       0x16 /usr/local/lib/gcc/avr/4.9.2/avr5/libgcc.a(_copy_data.o)
                0x00000000000086a6                __do_copy_data
 .init4         0x00000000000086bc       0x10 /usr/local/lib/gcc/avr/4.9.2/avr5/libgcc.a(_clear_bss.o)
                0x00000000000086bc                __do_clear_bss
 *(.init4)
 *(.init5)
 *(.init5)
 *(.init6)
 *(.init6)
 *(.init7)
 .init7         0x00000000000086cc       0x16 uzeboxCore.o
                0x00000000000086cc                wdt_init
 *(.init7)
 *(.init8)
 .init8         0x00000000000086e2       0x8a uzeboxCore.o
                0x00000000000086e2                Initialize
 *(.init8)
 *(.init9)
 .init9         0x000000000000876c        0x8 /usr/local/lib/gcc/avr/4.9.2/../../../../avr/lib/avr5/crtm644.o
 *(.init9)
 *(.text)
 .text          0x0000000000008774        0x4 /usr/local/lib/gcc/avr/4.9.2/../../../../avr/lib/avr5/crtm644.o
                0x0000000000008774                __vector_20
                0x0000000000008774                __vector_1
                0x0000000000008774                __vector_24
                0x0000000000008774                __vector_12
                0x0000000000008774                __bad_interrupt
                0x0000000000008774                __vector_6
                0x0000000000008774                __vector_3
                0x0000000000008774                __vector_23
                0x0000000000008774                __vector_25
                0x0000000000008774                __vector_11
                0x0000000000008774                __vector_17
                0x0000000000008774                __vector_19
                0x0000000000008774                __vector_7
                0x0000000000008774                __vector_27
                0x0000000000008774                __vector_5
                0x0000000000008774                __vector_4
                0x0000000000008774                __vector_9
                0x0000000000008774                __vector_2
                0x0000000000008774                __vector_21
                0x0000000000008774                __vector_15
                0x0000000000008774                __vector_26
                0x0000000000008774                __vector_10
                0x0000000000008774                __vector_16
                0x0000000000008774                __vector_18
                0x0000000000008774                __vector_22
 .text          0x0000000000008778      0x58a uzeboxVideoEngineCore.o
                0x000000000000891e                CopyTileToRam
                0x0000000000008a40                BlitSprite
                0x0000000000008b20                __vector_13
                0x0000000000008ba0                __vector_14
 .text          0x0000000000008d02      0x180 uzeboxSoundEngineCore.o
                0x0000000000008d02                process_music
                0x0000000000008d0e                update_sound
                0x0000000000008e82                . = ALIGN (0x2)
 *(.text.*)
 .text.SetSpritesTileTable
                0x0000000000008e82        0xa uzeboxVideoEngineCore.o
                0x0000000000008e82                SetSpritesTileTable
 .text.ClearVram
                0x0000000000008e8c       0x14 uzeboxVideoEngineCore.o
                0x0000000000008e8c                ClearVram
 .text.SetFont  0x0000000000008ea0        0x8 uzeboxVideoEngineCore.o
                0x0000000000008ea0                SetFont
 .text.SetTile  0x0000000000008ea8       0x1c uzeboxVideoEngineCore.o
                0x0000000000008ea8                SetTile
 .text.SetFontTilesIndex
                0x0000000000008ec4        0x6 uzeboxVideoEngineCore.o
                0x0000000000008ec4                SetFontTilesIndex
 .text.SetTileTable
                0x0000000000008eca        0xa uzeboxVideoEngineCore.o
                0x0000000000008eca                SetTileTable
 .text.GetVsyncFlag
                0x0000000000008ed4        0x8 uzeboxVideoEngineCore.o
                0x0000000000008ed4                GetVsyncFlag
 .text.ClearVsyncFlag
                0x0000000000008edc        0xc uzeboxVideoEngineCore.o
                0x0000000000008edc                ClearVsyncFlag
 .text.ReadJoypad
                0x0000000000008ee8       0x18 uzeboxVideoEngineCore.o
                0x0000000000008ee8                ReadJoypad
 .text.WaitUs   0x0000000000008f00        0xe uzeboxVideoEngineCore.o
                0x0000000000008f00                WaitUs
 .text.WriteEeprom
                0x0000000000008f0e       0x14 uzeboxVideoEngineCore.o
                0x0000000000008f0e                WriteEeprom
 .text.ReadEeprom
                0x0000000000008f22       0x12 uzeboxVideoEngineCore.o
                0x0000000000008f22                ReadEeprom
 .text.wdt_randomize
                0x0000000000008f34       0x34 uzeboxVideoEngineCore.o
                0x0000000000008f34                wdt_randomize
 .text.GetRandomSeed
                0x0000000000008f68        0xa uzeboxVideoEngineCore.o
                0x0000000000008f68                GetRandomSeed
 .text.__vector_8
                0x0000000000008f72       0x44 uzeboxVideoEngineCore.o
                0x0000000000008f72                __vector_8
 .text.SoftReset
                0x0000000000008fb6       0x16 uzeboxCore.o
                0x0000000000008fb6                SoftReset
 .text.ReadButtons
                0x0000000000008fcc       0x6c uzeboxCore.o
                0x0000000000008fcc                ReadButtons
 .text.ReadControllers
                0x0000000000009038       0x20 uzeboxCore.o
                0x0000000000009038                ReadControllers
 .text.FormatEeprom
                0x0000000000009058       0x44 uzeboxCore.o
                0x0000000000009058                FormatEeprom
 .text.isEepromFormatted
                0x000000000000909c       0x2e uzeboxCore.o
                0x000000000000909c                isEepromFormatted
 .text.EepromWriteBlock
                0x00000000000090ca       0xda uzeboxCore.o
                0x00000000000090ca                EepromWriteBlock
 .text.EepromReadBlock
                0x00000000000091a4       0x92 uzeboxCore.o
                0x00000000000091a4                EepromReadBlock
 .text.PatchCommand00
                0x0000000000009236        0x6 uzeboxSoundEngine.o
                0x0000000000009236                PatchCommand00
 .text.PatchCommand01
                0x000000000000923c       0x10 uzeboxSoundEngine.o
                0x000000000000923c                PatchCommand01
 .text.PatchCommand05
                0x000000000000924c        0xa uzeboxSoundEngine.o
                0x000000000000924c                PatchCommand05
 .text.PatchCommand06
                0x0000000000009256        0xa uzeboxSoundEngine.o
                0x0000000000009256                PatchCommand06
 .text.PatchCommand07
                0x0000000000009260        0x6 uzeboxSoundEngine.o
                0x0000000000009260                PatchCommand07
 .text.PatchCommand09
                0x0000000000009266        0x6 uzeboxSoundEngine.o
                0x0000000000009266                PatchCommand09
 .text.PatchCommand10
                0x000000000000926c        0x6 uzeboxSoundEngine.o
                0x000000000000926c                PatchCommand10
 .text.PatchCommand11
                0x0000000000009272       0x7a uzeboxSoundEngine.o
                0x0000000000009272                PatchCommand11
 .text.PatchCommand12
                0x00000000000092ec        0x6 uzeboxSoundEngine.o
                0x00000000000092ec                PatchCommand12
 .text.PatchCommand02
                0x00000000000092f2        0x8 uzeboxSoundEngine.o
                0x00000000000092f2                PatchCommand02
 .text.PatchCommand03
                0x00000000000092fa       0x10 uzeboxSoundEngine.o
                0x00000000000092fa                PatchCommand03
 .text.PatchCommand04
                0x000000000000930a       0x10 uzeboxSoundEngine.o
                0x000000000000930a                PatchCommand04
 .text.PatchCommand08
                0x000000000000931a       0x32 uzeboxSoundEngine.o
                0x000000000000931a                PatchCommand08
 .text.InitMusicPlayer
                0x000000000000934c       0x44 uzeboxSoundEngine.o
                0x000000000000934c                InitMusicPlayer
 .text.ReadVarLen
                0x0000000000009390       0x4c uzeboxSoundEngine.o
                0x0000000000009390                ReadVarLen
 .text.TriggerCommon
                0x00000000000093dc      0x15a uzeboxSoundEngine.o
                0x00000000000093dc                TriggerCommon
 .text.TriggerFx
                0x0000000000009536       0x7e uzeboxSoundEngine.o
                0x0000000000009536                TriggerFx
 .text.TriggerNote
                0x00000000000095b4       0x6e uzeboxSoundEngine.o
                0x00000000000095b4                TriggerNote
 .text.ProcessMusic
                0x0000000000009622      0x44e uzeboxSoundEngine.o
                0x0000000000009622                ProcessMusic
 .text.SetMasterVolume
                0x0000000000009a70        0x6 uzeboxSoundEngine.o
                0x0000000000009a70                SetMasterVolume
 .text.SetMixerNote
                0x0000000000009a76       0x2e uzeboxSoundEngineCore.o
                0x0000000000009a76                SetMixerNote
 .text.SetMixerWave
                0x0000000000009aa4       0x3a uzeboxSoundEngineCore.o
                0x0000000000009aa4                SetMixerWave
 *fill*         0x0000000000009ade       0x22 
 .text.DisableSoundEngine
                0x0000000000009b00      0xc00 uzeboxSoundEngineCore.o
                0x0000000000009b00                DisableSoundEngine
                0x0000000000009b08                steptable
                0x0000000000009d00                waves
 .text.RestoreBackground
                0x000000000000a700       0x22 uzeboxVideoEngine.o
                0x000000000000a700                RestoreBackground
 .text.SetSpriteVisibility
                0x000000000000a722        0x6 uzeboxVideoEngine.o
                0x000000000000a722                SetSpriteVisibility
 .text.ProcessSprites
                0x000000000000a728      0x1a8 uzeboxVideoEngine.o
                0x000000000000a728                ProcessSprites
 .text.MapSprite2
                0x000000000000a8d0       0xa4 uzeboxVideoEngine.o
                0x000000000000a8d0                MapSprite2
 .text.MoveSprite
                0x000000000000a974       0x4a uzeboxVideoEngine.o
                0x000000000000a974                MoveSprite
 .text.InitializeVideoMode
                0x000000000000a9be       0x14 uzeboxVideoEngine.o
                0x000000000000a9be                InitializeVideoMode
 .text.DrawMap2
                0x000000000000a9d2       0x9a uzeboxVideoEngine.o
                0x000000000000a9d2                DrawMap2
 .text.PrintByte
                0x000000000000aa6c       0x66 uzeboxVideoEngine.o
                0x000000000000aa6c                PrintByte
 .text.Print    0x000000000000aad2       0x36 uzeboxVideoEngine.o
                0x000000000000aad2                Print
 .text.PrintChar
                0x000000000000ab08        0x6 uzeboxVideoEngine.o
                0x000000000000ab08                PrintChar
 .text.WaitVsync
                0x000000000000ab0e       0x2e uzeboxVideoEngine.o
                0x000000000000ab0e                WaitVsync
 .text.DisplayLogo
                0x000000000000ab3c       0x6e uzeboxVideoEngine.o
                0x000000000000ab3c                DisplayLogo
 .text.doFade   0x000000000000abaa       0x1c uzeboxVideoEngine.o
                0x000000000000abaa                doFade
 .text.FadeIn   0x000000000000abc6       0x18 uzeboxVideoEngine.o
                0x000000000000abc6                FadeIn
 .text.FadeOut  0x000000000000abde       0x18 uzeboxVideoEngine.o
                0x000000000000abde                FadeOut
 .text.ProcessFading
                0x000000000000abf6       0x4a uzeboxVideoEngine.o
                0x000000000000abf6                ProcessFading
 .text.VideoModeVsync
                0x000000000000ac40        0x8 uzeboxVideoEngine.o
                0x000000000000ac40                VideoModeVsync
 .text.LBGetNextFrame
                0x000000000000ac48       0x4a TankFu.o
                0x000000000000ac48                LBGetNextFrame
 .text.LBGetNextFrameReverse
                0x000000000000ac92       0x58 TankFu.o
                0x000000000000ac92                LBGetNextFrameReverse
 .text.LBGetJoyPadState
                0x000000000000acea       0x96 TankFu.o
                0x000000000000acea                LBGetJoyPadState
 .text.LBCopyChars
                0x000000000000ad80       0x18 TankFu.o
                0x000000000000ad80                LBCopyChars
 .text.LBPrintStr
                0x000000000000ad98       0x62 TankFu.o
                0x000000000000ad98                LBPrintStr
 .text.LBCollides
                0x000000000000adfa       0x54 TankFu.o
                0x000000000000adfa                LBCollides
 .text.LBLineIntersect
                0x000000000000ae4e      0x1ac TankFu.o
                0x000000000000ae4e                LBLineIntersect
 .text.LBRandom
                0x000000000000affa       0x6a TankFu.o
                0x000000000000affa                LBRandom
 .text.LBWaitSeconds
                0x000000000000b064       0x1e TankFu.o
                0x000000000000b064                LBWaitSeconds
 .text.init_scores
                0x000000000000b082       0x18 TankFu.o
                0x000000000000b082                init_scores
 .text.init_handles
                0x000000000000b09a       0x18 TankFu.o
                0x000000000000b09a                init_handles
 .text.init_tile_animations
                0x000000000000b0b2       0x4e TankFu.o
                0x000000000000b0b2                init_tile_animations
 .text.init_scope_animation
                0x000000000000b100       0x30 TankFu.o
                0x000000000000b100                init_scope_animation
 .text.init_sub_animation
                0x000000000000b130       0x28 TankFu.o
                0x000000000000b130                init_sub_animation
 .text.init_shot_state
                0x000000000000b158       0x42 TankFu.o
                0x000000000000b158                init_shot_state
 .text.set_shot_animations
                0x000000000000b19a       0x64 TankFu.o
                0x000000000000b19a                set_shot_animations
 .text.init_turret
                0x000000000000b1fe       0x6c TankFu.o
                0x000000000000b1fe                init_turret
 .text.init_player
                0x000000000000b26a       0xe8 TankFu.o
                0x000000000000b26a                init_player
 .text.player_init_shot_state
                0x000000000000b352        0xc TankFu.o
                0x000000000000b352                player_init_shot_state
 .text.init_game_state
                0x000000000000b35e       0x3e TankFu.o
                0x000000000000b35e                init_game_state
 .text.player_spawn
                0x000000000000b39c       0x3c TankFu.o
                0x000000000000b39c                player_spawn
 .text.load_eeprom
                0x000000000000b3d8       0x24 TankFu.o
                0x000000000000b3d8                load_eeprom
 .text.fade_through
                0x000000000000b3fc       0x14 TankFu.o
                0x000000000000b3fc                fade_through
 .text.clear_sprites
                0x000000000000b410       0x1a TankFu.o
                0x000000000000b410                clear_sprites
 .text.save_score
                0x000000000000b42a       0xe0 TankFu.o
                0x000000000000b42a                save_score
 .text.position_shot
                0x000000000000b50a       0xda TankFu.o
                0x000000000000b50a                position_shot
 .text.print_level_score
                0x000000000000b5e4       0x84 TankFu.o
                0x000000000000b5e4                print_level_score
 .text.print_final_score
                0x000000000000b668       0xb4 TankFu.o
                0x000000000000b668                print_final_score
 .text.render_hud
                0x000000000000b71c       0x3a TankFu.o
                0x000000000000b71c                render_hud
 .text.render_score
                0x000000000000b756       0x38 TankFu.o
                0x000000000000b756                render_score
 .text.render_banter
                0x000000000000b78e       0x50 TankFu.o
                0x000000000000b78e                render_banter
 .text.render_player
                0x000000000000b7de       0x52 TankFu.o
                0x000000000000b7de                render_player
 .text.render_shot
                0x000000000000b830       0x58 TankFu.o
                0x000000000000b830                render_shot
 .text.render_tile_explosions
                0x000000000000b888       0x6a TankFu.o
                0x000000000000b888                render_tile_explosions
 .text.render_scope
                0x000000000000b8f2       0x34 TankFu.o
                0x000000000000b8f2                render_scope
 .text.tank_map
                0x000000000000b926       0xd2 TankFu.o
                0x000000000000b926                tank_map
 .text.shot_map
                0x000000000000b9f8       0x58 TankFu.o
                0x000000000000b9f8                shot_map
 .text.recoil_sprite
                0x000000000000ba50       0xb4 TankFu.o
                0x000000000000ba50                recoil_sprite
 .text.recoil_sprite_fine
                0x000000000000bb04       0xc8 TankFu.o
                0x000000000000bb04                recoil_sprite_fine
 .text.solid_square_tile
                0x000000000000bbcc       0x24 TankFu.o
                0x000000000000bbcc                solid_square_tile
 .text.solid_tile
                0x000000000000bbf0       0x44 TankFu.o
                0x000000000000bbf0                solid_tile
 .text.solid_directional_tile
                0x000000000000bc34       0x2c TankFu.o
                0x000000000000bc34                solid_directional_tile
 .text.collides_directional_tile
                0x000000000000bc60      0x148 TankFu.o
                0x000000000000bc60                collides_directional_tile
 .text.player_shot
                0x000000000000bda8       0xbe TankFu.o
                0x000000000000bda8                player_shot
 .text.turret_shot
                0x000000000000be66       0x9c TankFu.o
                0x000000000000be66                turret_shot
 .text.collision_detect_boundries
                0x000000000000bf02       0x9c TankFu.o
                0x000000000000bf02                collision_detect_boundries
 .text.drop_item
                0x000000000000bf9e       0x86 TankFu.o
                0x000000000000bf9e                drop_item
 .text.kill_player
                0x000000000000c024       0xb0 TankFu.o
                0x000000000000c024                kill_player
 .text.get_interesting_tile_indexes_shot
                0x000000000000c0d4       0x48 TankFu.o
                0x000000000000c0d4                get_interesting_tile_indexes_shot
 .text.explode_tile
                0x000000000000c11c       0x7c TankFu.o
                0x000000000000c11c                explode_tile
 .text.richochet
                0x000000000000c198       0x42 TankFu.o
                0x000000000000c198                richochet
 .text.collision_detect_shot
                0x000000000000c1da      0x436 TankFu.o
                0x000000000000c1da                collision_detect_shot
 .text.get_interesting_tile_indexes
                0x000000000000c610       0x64 TankFu.o
                0x000000000000c610                get_interesting_tile_indexes
 .text.explode_player
                0x000000000000c674       0x42 TankFu.o
                0x000000000000c674                explode_player
 .text.collision_detect_player
                0x000000000000c6b6      0x370 TankFu.o
                0x000000000000c6b6                collision_detect_player
 .text.load_level_tiles
                0x000000000000ca26       0xe6 TankFu.o
                0x000000000000ca26                load_level_tiles
 .text.load_level
                0x000000000000cb0c      0x190 TankFu.o
                0x000000000000cb0c                load_level
 .text.level_transition
                0x000000000000cc9c       0x60 TankFu.o
                0x000000000000cc9c                level_transition
 .text.render_boss_fight_scope_load
                0x000000000000ccfc       0x1e TankFu.o
                0x000000000000ccfc                render_boss_fight_scope_load
 .text.render_boss_fight_sub_load
                0x000000000000cd1a       0x5a TankFu.o
                0x000000000000cd1a                render_boss_fight_sub_load
 .text.render_boss_fight_sub_sinking
                0x000000000000cd74       0x2a TankFu.o
                0x000000000000cd74                render_boss_fight_sub_sinking
 .text.render_boss_turret
                0x000000000000cd9e       0x52 TankFu.o
                0x000000000000cd9e                render_boss_turret
 .text.render_boss_turret_shot
                0x000000000000cdf0       0x52 TankFu.o
                0x000000000000cdf0                render_boss_turret_shot
 .text.update_turret
                0x000000000000ce42      0x122 TankFu.o
                0x000000000000ce42                update_turret
 .text.update_turret_shot
                0x000000000000cf64      0x12e TankFu.o
                0x000000000000cf64                update_turret_shot
 .text.load_splash
                0x000000000000d092       0x60 TankFu.o
                0x000000000000d092                load_splash
 .text.load_tank_rank
                0x000000000000d0f2      0x132 TankFu.o
                0x000000000000d0f2                load_tank_rank
 .text.exit_game
                0x000000000000d224       0x16 TankFu.o
                0x000000000000d224                exit_game
 .text.update_player
                0x000000000000d23a      0x372 TankFu.o
                0x000000000000d23a                update_player
 .text.resolve_scoring
                0x000000000000d5ac      0x190 TankFu.o
                0x000000000000d5ac                resolve_scoring
 .text.update_level
                0x000000000000d73c      0x46c TankFu.o
                0x000000000000d73c                update_level
 .text.update_tank_rank
                0x000000000000dba8       0xb2 TankFu.o
                0x000000000000dba8                update_tank_rank
 .text._handle_select_helper
                0x000000000000dc5a      0x18a TankFu.o
                0x000000000000dc5a                _handle_select_helper
 .text._handle_select_render_helper
                0x000000000000dde4      0x17c TankFu.o
                0x000000000000dde4                _handle_select_render_helper
 .text.load_handle_select
                0x000000000000df60      0x10a TankFu.o
                0x000000000000df60                load_handle_select
 .text.update_splash
                0x000000000000e06a      0x1ac TankFu.o
                0x000000000000e06a                update_splash
 .text.update_handle_select
                0x000000000000e216       0x9c TankFu.o
                0x000000000000e216                update_handle_select
 .text.button_map
                0x000000000000e2b2       0x2c TankFu.o
                0x000000000000e2b2                button_map
 .text.crash_and_turn
                0x000000000000e2de      0x208 TankFu.o
                0x000000000000e2de                crash_and_turn
 .text.get_cpu_goal_direction
                0x000000000000e4e6       0x48 TankFu.o
                0x000000000000e4e6                get_cpu_goal_direction
 .text.get_cpu_joypad_state
                0x000000000000e52e      0x34a TankFu.o
                0x000000000000e52e                get_cpu_joypad_state
 .text.startup.main
                0x000000000000e878      0x124 TankFu.o
                0x000000000000e878                main
 .text.libgcc.div
                0x000000000000e99c       0x18 /usr/local/lib/gcc/avr/4.9.2/avr5/libgcc.a(_udivmodqi4.o)
                0x000000000000e99c                __udivmodqi4
 .text.libgcc.div
                0x000000000000e9b4       0x28 /usr/local/lib/gcc/avr/4.9.2/avr5/libgcc.a(_udivmodhi4.o)
                0x000000000000e9b4                __udivmodhi4
 .text.libgcc.div
                0x000000000000e9dc       0x28 /usr/local/lib/gcc/avr/4.9.2/avr5/libgcc.a(_divmodhi4.o)
                0x000000000000e9dc                __divmodhi4
                0x000000000000e9dc                _div
 .text.avr-libc.fplib
                0x000000000000ea04        0xa /usr/local/lib/gcc/avr/4.9.2/../../../../avr/lib/avr5/libm.a(addsf3.o)
                0x000000000000ea04                __subsf3
                0x000000000000ea06                __addsf3
 .text.avr-libc.fplib
                0x000000000000ea0e       0xc0 /usr/local/lib/gcc/avr/4.9.2/../../../../avr/lib/avr5/libm.a(addsf3x.o)
                0x000000000000ea28                __addsf3x
 .text.avr-libc.fplib
                0x000000000000eace        0x8 /usr/local/lib/gcc/avr/4.9.2/../../../../avr/lib/avr5/libm.a(cmpsf2.o)
                0x000000000000eace                __lesf2
                0x000000000000eace                __nesf2
                0x000000000000eace                __eqsf2
                0x000000000000eace                __cmpsf2
                0x000000000000eace                __ltsf2
 .text.avr-libc.fplib
                0x000000000000ead6        0x4 /usr/local/lib/gcc/avr/4.9.2/../../../../avr/lib/avr5/libm.a(divsf3.o)
                0x000000000000ead6                __divsf3
 .text.avr-libc.fplib
                0x000000000000eada       0xcc /usr/local/lib/gcc/avr/4.9.2/../../../../avr/lib/avr5/libm.a(divsf3x.o)
                0x000000000000eaf0                __divsf3x
                0x000000000000eaf4                __divsf3_pse
 .text.avr-libc.fplib
                0x000000000000eba6        0xa /usr/local/lib/gcc/avr/4.9.2/../../../../avr/lib/avr5/libm.a(fixsfsi.o)
                0x000000000000eba6                __fixsfsi
 .text.avr-libc.fplib
                0x000000000000ebb0       0x58 /usr/local/lib/gcc/avr/4.9.2/../../../../avr/lib/avr5/libm.a(fixunssfsi.o)
                0x000000000000ebb0                __fixunssfsi
 .text.avr-libc.fplib
                0x000000000000ec08       0x7a /usr/local/lib/gcc/avr/4.9.2/../../../../avr/lib/avr5/libm.a(floatsisf.o)
                0x000000000000ec08                __floatunsisf
                0x000000000000ec0c                __floatsisf
 .text.avr-libc.fplib
                0x000000000000ec82       0x48 /usr/local/lib/gcc/avr/4.9.2/../../../../avr/lib/avr5/libm.a(fp_cmp.o)
                0x000000000000ec82                __fp_cmp
 .text.avr-libc.fplib
                0x000000000000ecca        0xc /usr/local/lib/gcc/avr/4.9.2/../../../../avr/lib/avr5/libm.a(fp_inf.o)
                0x000000000000ecca                __fp_inf
 .text.avr-libc.fplib
                0x000000000000ecd6        0x6 /usr/local/lib/gcc/avr/4.9.2/../../../../avr/lib/avr5/libm.a(fp_nan.o)
                0x000000000000ecd6                __fp_nan
 .text.avr-libc.fplib
                0x000000000000ecdc        0xe /usr/local/lib/gcc/avr/4.9.2/../../../../avr/lib/avr5/libm.a(fp_pscA.o)
                0x000000000000ecdc                __fp_pscA
 .text.avr-libc.fplib
                0x000000000000ecea        0xe /usr/local/lib/gcc/avr/4.9.2/../../../../avr/lib/avr5/libm.a(fp_pscB.o)
                0x000000000000ecea                __fp_pscB
 .text.avr-libc.fplib
                0x000000000000ecf8       0x22 /usr/local/lib/gcc/avr/4.9.2/../../../../avr/lib/avr5/libm.a(fp_round.o)
                0x000000000000ecf8                __fp_round
 .text.avr-libc.fplib
                0x000000000000ed1a       0x44 /usr/local/lib/gcc/avr/4.9.2/../../../../avr/lib/avr5/libm.a(fp_split3.o)
                0x000000000000ed1a                __fp_split3
                0x000000000000ed2a                __fp_splitA
 .text.avr-libc.fplib
                0x000000000000ed5e        0xe /usr/local/lib/gcc/avr/4.9.2/../../../../avr/lib/avr5/libm.a(fp_zero.o)
                0x000000000000ed5e                __fp_zero
                0x000000000000ed60                __fp_szero
 .text.avr-libc.fplib
                0x000000000000ed6c        0x8 /usr/local/lib/gcc/avr/4.9.2/../../../../avr/lib/avr5/libm.a(gesf2.o)
                0x000000000000ed6c                __gtsf2
                0x000000000000ed6c                __gesf2
 .text.avr-libc.fplib
                0x000000000000ed74        0x4 /usr/local/lib/gcc/avr/4.9.2/../../../../avr/lib/avr5/libm.a(mulsf3.o)
                0x000000000000ed74                __mulsf3
 .text.avr-libc.fplib
                0x000000000000ed78       0xc2 /usr/local/lib/gcc/avr/4.9.2/../../../../avr/lib/avr5/libm.a(mulsf3x.o)
                0x000000000000ed8c                __mulsf3x
                0x000000000000ed90                __mulsf3_pse
 .text.avr-libc
                0x000000000000ee3a       0x12 /usr/local/lib/gcc/avr/4.9.2/../../../../avr/lib/avr5/libc.a(memcpy_P.o)
                0x000000000000ee3a                memcpy_P
                0x000000000000ee4c                . = ALIGN (0x2)
 *(.fini9)
 .fini9         0x000000000000ee4c        0x0 /usr/local/lib/gcc/avr/4.9.2/avr5/libgcc.a(_exit.o)
                0x000000000000ee4c                exit
                0x000000000000ee4c                _exit
 *(.fini9)
 *(.fini8)
 *(.fini8)
 *(.fini7)
 *(.fini7)
 *(.fini6)
 *(.fini6)
 *(.fini5)
 *(.fini5)
 *(.fini4)
 *(.fini4)
 *(.fini3)
 *(.fini3)
 *(.fini2)
 *(.fini2)
 *(.fini1)
 *(.fini1)
 *(.fini0)
 .fini0         0x000000000000ee4c        0x4 /usr/local/lib/gcc/avr/4.9.2/avr5/libgcc.a(_exit.o)
 *(.fini0)
                0x000000000000ee50                _etext = .

.data           0x0000000000800100        0x6 load address 0x000000000000ee50
                0x0000000000800100                PROVIDE (__data_start, .)
 *(.data)
 .data          0x0000000000800100        0x1 uzeboxVideoEngine.o
                0x0000000000800100                spritesOn
 .data          0x0000000000800101        0x5 TankFu.o
                0x0000000000800104                global_frame_counter
 *(.data*)
 *(.rodata)
 *(.rodata*)
 *(.gnu.linkonce.d*)
                0x0000000000800106                . = ALIGN (0x2)
                0x0000000000800106                _edata = .
                0x0000000000800106                PROVIDE (__data_end, .)

.bss            0x0000000000800106      0xf9b
                0x0000000000800106                PROVIDE (__bss_start, .)
 *(.bss)
 *fill*         0x0000000000800106       0x1a 
 .bss           0x0000000000800120      0x9e0 uzeboxVideoEngineCore.o
                0x0000000000800120                vram
                0x0000000000800468                sprites
                0x0000000000800468                overlay_vram
                0x0000000000800490                ram_tiles
                0x0000000000800a90                ram_tiles_restore
                0x0000000000800ad8                sprites_tile_banks
                0x0000000000800ae3                Screen
                0x0000000000800ae6                sync_phase
                0x0000000000800ae7                sync_pulse
                0x0000000000800ae8                sync_flags
                0x0000000000800aed                first_render_line
                0x0000000000800aee                render_lines_count
                0x0000000000800aef                first_render_line_tmp
                0x0000000000800af0                render_lines_count_tmp
                0x0000000000800af1                joypad1_status_lo
                0x0000000000800af3                joypad1_status_hi
                0x0000000000800af5                joypad2_status_lo
                0x0000000000800af7                joypad2_status_hi
 .bss           0x0000000000800b00        0x1 uzeboxSoundEngine.o
                0x0000000000800b00                playSong
 .bss           0x0000000000800b01       0x23 uzeboxSoundEngineCore.o
                0x0000000000800b01                sound_enabled
                0x0000000000800b02                mixer
                0x0000000000800b15                tr4_params
                0x0000000000800b16                tr4_barrel_lo
                0x0000000000800b17                tr4_barrel_hi
 .bss           0x0000000000800b24       0x1b TankFu.o
                0x0000000000800b24                p2s
                0x0000000000800b2a                p1s
 *(.bss*)
 *(COMMON)
 COMMON         0x0000000000800b3f        0x1 uzeboxCore.o
                0x0000000000800b3f                joypadsConnectionStatus
 COMMON         0x0000000000800b40       0x7e uzeboxSoundEngine.o
                0x0000000000800b40                songStart
                0x0000000000800b42                tracks
                0x0000000000800bb0                currDeltaTime
                0x0000000000800bb2                patchPointers
                0x0000000000800bb4                lastStatus
                0x0000000000800bb5                masterVolume
                0x0000000000800bb6                nextDeltaTime
                0x0000000000800bb8                songSpeed
                0x0000000000800bb9                songPos
                0x0000000000800bbb                loopStart
                0x0000000000800bbd                step
 COMMON         0x0000000000800bbe        0x6 uzeboxVideoEngine.o
                0x0000000000800bbe                fadeSpeed
                0x0000000000800bbf                fadeDir
                0x0000000000800bc0                free_tile_index
                0x0000000000800bc1                fadeActive
                0x0000000000800bc2                currFadeFrame
                0x0000000000800bc3                fadeStep
 COMMON         0x0000000000800bc4      0x4dd TankFu.o
                0x0000000000800bc4                scores
                0x0000000000800be4                p2
                0x0000000000800beb                handles
                0x0000000000800c0b                game
                0x0000000000800c18                tile_animations
                0x0000000000800c35                player1
                0x0000000000800cad                p1
                0x0000000000800cb4                level
                0x0000000000800fa3                player2
                0x000000000080101b                sub_animation
                0x0000000000801029                scope_animation
                0x0000000000801037                turret2
                0x000000000080106c                turret1
                0x00000000008010a1                PROVIDE (__bss_end, .)
                0x000000000000ee50                __data_load_start = LOADADDR (.data)
                0x000000000000ee56                __data_load_end = (__data_load_start + SIZEOF (.data))

.noinit         0x00000000008010a1        0x0
                0x00000000008010a1                PROVIDE (__noinit_start, .)
 *(.noinit*)
                0x00000000008010a1                PROVIDE (__noinit_end, .)
                0x00000000008010a1                _end = .
                0x00000000008010a1                PROVIDE (__heap_start, .)

.eeprom         0x0000000000810000        0x0
 *(.eeprom*)
                0x0000000000810000                __eeprom_end = .

.fuse
 *(.fuse)
 *(.lfuse)
 *(.hfuse)
 *(.efuse)

.lock
 *(.lock*)

.signature
 *(.signature*)

.stab           0x0000000000000000      0x57c
 *(.stab)
 .stab          0x0000000000000000       0xf0 /usr/local/lib/gcc/avr/4.9.2/avr5/libgcc.a(_udivmodqi4.o)
 .stab          0x00000000000000f0      0x15c /usr/local/lib/gcc/avr/4.9.2/avr5/libgcc.a(_udivmodhi4.o)
                                        0x168 (size before relaxing)
 .stab          0x000000000000024c      0x138 /usr/local/lib/gcc/avr/4.9.2/avr5/libgcc.a(_divmodhi4.o)
                                        0x144 (size before relaxing)
 .stab          0x0000000000000384       0x6c /usr/local/lib/gcc/avr/4.9.2/avr5/libgcc.a(_exit.o)
                                         0x78 (size before relaxing)
 .stab          0x00000000000003f0       0xd8 /usr/local/lib/gcc/avr/4.9.2/avr5/libgcc.a(_copy_data.o)
                                         0xe4 (size before relaxing)
 .stab          0x00000000000004c8       0xb4 /usr/local/lib/gcc/avr/4.9.2/avr5/libgcc.a(_clear_bss.o)
                                         0xc0 (size before relaxing)

.stabstr        0x0000000000000000      0x256
 *(.stabstr)
 .stabstr       0x0000000000000000      0x256 /usr/local/lib/gcc/avr/4.9.2/avr5/libgcc.a(_udivmodqi4.o)

.stab.excl
 *(.stab.excl)

.stab.exclstr
 *(.stab.exclstr)

.stab.index
 *(.stab.index)

.stab.indexstr
 *(.stab.indexstr)

.comment        0x0000000000000000       0x11
 *(.comment)
 .comment       0x0000000000000000       0x11 uzeboxCore.o
                                         0x12 (size before relaxing)
 .comment       0x0000000000000011       0x12 uzeboxSoundEngine.o
 .comment       0x0000000000000011       0x12 uzeboxVideoEngine.o
 .comment       0x0000000000000011       0x12 TankFu.o

.note.gnu.build-id
 *(.note.gnu.build-id)

.debug
 *(.debug)

.line
 *(.line)

.debug_srcinfo
 *(.debug_srcinfo)

.debug_sfnames
 *(.debug_sfnames)

.debug_aranges  0x0000000000000000      0x648
 *(.debug_aranges)
 .debug_aranges
                0x0000000000000000       0xe8 uzeboxVideoEngineCore.o
 .debug_aranges
                0x00000000000000e8       0x80 uzeboxCore.o
 .debug_aranges
                0x0000000000000168       0xe8 uzeboxSoundEngine.o
 .debug_aranges
                0x0000000000000250       0x50 uzeboxSoundEngineCore.o
 .debug_aranges
                0x00000000000002a0       0xf8 uzeboxVideoEngine.o
 .debug_aranges
                0x0000000000000398      0x2b0 TankFu.o

.debug_pubnames
 *(.debug_pubnames)

.debug_info     0x0000000000000000     0x9c7a
 *(.debug_info .gnu.linkonce.wi.*)
 .debug_info    0x0000000000000000      0x672 /usr/local/lib/gcc/avr/4.9.2/../../../../avr/lib/avr5/crtm644.o
 .debug_info    0x0000000000000672       0x7d uzeboxVideoEngineCore.o
 .debug_info    0x00000000000006ef      0xa03 uzeboxCore.o
 .debug_info    0x00000000000010f2     0x127a uzeboxSoundEngine.o
 .debug_info    0x000000000000236c       0x74 uzeboxSoundEngineCore.o
 .debug_info    0x00000000000023e0     0x1588 uzeboxVideoEngine.o
 .debug_info    0x0000000000003968     0x6312 TankFu.o

.debug_abbrev   0x0000000000000000     0x1548
 *(.debug_abbrev)
 .debug_abbrev  0x0000000000000000      0x619 /usr/local/lib/gcc/avr/4.9.2/../../../../avr/lib/avr5/crtm644.o
 .debug_abbrev  0x0000000000000619       0x12 uzeboxVideoEngineCore.o
 .debug_abbrev  0x000000000000062b      0x2f7 uzeboxCore.o
 .debug_abbrev  0x0000000000000922      0x307 uzeboxSoundEngine.o
 .debug_abbrev  0x0000000000000c29       0x12 uzeboxSoundEngineCore.o
 .debug_abbrev  0x0000000000000c3b      0x3ab uzeboxVideoEngine.o
 .debug_abbrev  0x0000000000000fe6      0x562 TankFu.o

.debug_line     0x0000000000000000     0x21a3
 *(.debug_line .debug_line.* .debug_line_end)
 .debug_line    0x0000000000000000       0x1d /usr/local/lib/gcc/avr/4.9.2/../../../../avr/lib/avr5/crtm644.o
 .debug_line    0x000000000000001d      0x4db uzeboxVideoEngineCore.o
 .debug_line    0x00000000000004f8      0x288 uzeboxCore.o
 .debug_line    0x0000000000000780      0x3a6 uzeboxSoundEngine.o
 .debug_line    0x0000000000000b26      0x1a8 uzeboxSoundEngineCore.o
 .debug_line    0x0000000000000cce      0x4be uzeboxVideoEngine.o
 .debug_line    0x000000000000118c     0x1017 TankFu.o

.debug_frame    0x0000000000000000     0x14cc
 *(.debug_frame)
 .debug_frame   0x0000000000000000      0x174 uzeboxCore.o
 .debug_frame   0x0000000000000174      0x258 uzeboxSoundEngine.o
 .debug_frame   0x00000000000003cc      0x4c0 uzeboxVideoEngine.o
 .debug_frame   0x000000000000088c      0xc40 TankFu.o

.debug_str      0x0000000000000000     0x1d67
 *(.debug_str)
 .debug_str     0x0000000000000000      0x231 /usr/local/lib/gcc/avr/4.9.2/../../../../avr/lib/avr5/crtm644.o
 .debug_str     0x0000000000000231      0x4a4 uzeboxCore.o
                                        0x4f4 (size before relaxing)
 .debug_str     0x00000000000006d5      0x3d0 uzeboxSoundEngine.o
                                        0x60c (size before relaxing)
 .debug_str     0x0000000000000aa5      0x2e3 uzeboxVideoEngine.o
                                        0x4ad (size before relaxing)
 .debug_str     0x0000000000000d88      0xfdf TankFu.o
                                       0x13d3 (size before relaxing)

.debug_loc      0x0000000000000000     0x8cd8
 *(.debug_loc)
 .debug_loc     0x0000000000000000      0x85c uzeboxCore.o
 .debug_loc     0x000000000000085c     0x119f uzeboxSoundEngine.o
 .debug_loc     0x00000000000019fb     0x1d49 uzeboxVideoEngine.o
 .debug_loc     0x0000000000003744     0x5594 TankFu.o

.debug_macinfo
 *(.debug_macinfo)

.debug_weaknames
 *(.debug_weaknames)

.debug_funcnames
 *(.debug_funcnames)

.debug_typenames
 *(.debug_typenames)

.debug_varnames
 *(.debug_varnames)

.debug_pubtypes
 *(.debug_pubtypes)

.debug_ranges   0x0000000000000000      0x748
 *(.debug_ranges)
 .debug_ranges  0x0000000000000000       0xe0 uzeboxVideoEngineCore.o
 .debug_ranges  0x00000000000000e0       0x70 uzeboxCore.o
 .debug_ranges  0x0000000000000150      0x120 uzeboxSoundEngine.o
 .debug_ranges  0x0000000000000270       0x48 uzeboxSoundEngineCore.o
 .debug_ranges  0x00000000000002b8      0x130 uzeboxVideoEngine.o
 .debug_ranges  0x00000000000003e8      0x360 TankFu.o

.debug_macro
 *(.debug_macro)
OUTPUT(TankFu.elf elf32-avr)
LOAD linker stubs
