Archive member included to satisfy reference by file (symbol)

/usr/local/lib/gcc/avr/4.9.2/avr5/libgcc.a(_udivmodqi4.o)
                              uzeboxVideoEngine.o (__udivmodqi4)
/usr/local/lib/gcc/avr/4.9.2/avr5/libgcc.a(_udivmodhi4.o)
                              uzeboxVideoEngine.o (__udivmodhi4)
/usr/local/lib/gcc/avr/4.9.2/avr5/libgcc.a(_divmodhi4.o)
                              uzeboxSoundEngine.o (__divmodhi4)
/usr/local/lib/gcc/avr/4.9.2/avr5/libgcc.a(_udivmodsi4.o)
                              uzeboxVideoEngine.o (__udivmodsi4)
/usr/local/lib/gcc/avr/4.9.2/avr5/libgcc.a(_exit.o)
                              /usr/local/lib/gcc/avr/4.9.2/../../../../avr/lib/avr5/crtm644.o (exit)
/usr/local/lib/gcc/avr/4.9.2/avr5/libgcc.a(_copy_data.o)
                              uzeboxVideoEngine.o (__do_copy_data)
/usr/local/lib/gcc/avr/4.9.2/avr5/libgcc.a(_clear_bss.o)
                              uzeboxCore.o (__do_clear_bss)
/usr/local/lib/gcc/avr/4.9.2/../../../../avr/lib/avr5/libc.a(memcpy_P.o)
                              TankFu.o (memcpy_P)
/usr/local/lib/gcc/avr/4.9.2/../../../../avr/lib/avr5/libc.a(strnlen_P.o)
                              TankFu.o (strnlen_P)
/usr/local/lib/gcc/avr/4.9.2/../../../../avr/lib/avr5/libc.a(strupr.o)
                              TankFu.o (strupr)
/usr/local/lib/gcc/avr/4.9.2/../../../../avr/lib/avr5/libc.a(sprintf.o)
                              TankFu.o (sprintf)
/usr/local/lib/gcc/avr/4.9.2/../../../../avr/lib/avr5/libc.a(vfprintf_std.o)
                              /usr/local/lib/gcc/avr/4.9.2/../../../../avr/lib/avr5/libc.a(sprintf.o) (vfprintf)
/usr/local/lib/gcc/avr/4.9.2/../../../../avr/lib/avr5/libc.a(strnlen.o)
                              /usr/local/lib/gcc/avr/4.9.2/../../../../avr/lib/avr5/libc.a(vfprintf_std.o) (strnlen)
/usr/local/lib/gcc/avr/4.9.2/../../../../avr/lib/avr5/libc.a(fputc.o)
                              /usr/local/lib/gcc/avr/4.9.2/../../../../avr/lib/avr5/libc.a(vfprintf_std.o) (fputc)
/usr/local/lib/gcc/avr/4.9.2/../../../../avr/lib/avr5/libc.a(ultoa_invert.o)
                              /usr/local/lib/gcc/avr/4.9.2/../../../../avr/lib/avr5/libc.a(vfprintf_std.o) (__ultoa_invert)
/usr/local/lib/gcc/avr/4.9.2/avr5/libgcc.a(_prologue.o)
                              /usr/local/lib/gcc/avr/4.9.2/../../../../avr/lib/avr5/libc.a(sprintf.o) (__prologue_saves__)
/usr/local/lib/gcc/avr/4.9.2/avr5/libgcc.a(_epilogue.o)
                              /usr/local/lib/gcc/avr/4.9.2/../../../../avr/lib/avr5/libc.a(sprintf.o) (__epilogue_restores__)

Allocating common symbols
Common symbol       size              file

songStart           0x2               uzeboxSoundEngine.o
uart_tx_buf         0x20              uzeboxCore.o
tracks              0x5c              uzeboxSoundEngine.o
scores              0x20              TankFu.o
fadeSpeed           0x1               uzeboxVideoEngine.o
currDeltaTime       0x2               uzeboxSoundEngine.o
fadeDir             0x1               uzeboxVideoEngine.o
patchPointers       0x2               uzeboxSoundEngine.o
handles             0x20              TankFu.o
game                0x14              TankFu.o
tile_animations     0x1d              TankFu.o
lastStatus          0x1               uzeboxSoundEngine.o
joypadsConnectionStatus
                    0x1               uzeboxCore.o
wifi_status         0x1               TankFu.o
player1             0x87              TankFu.o
fadeActive          0x1               uzeboxVideoEngine.o
uart_rx_head        0x1               uzeboxCore.o
masterVolume        0x1               uzeboxSoundEngine.o
nextDeltaTime       0x2               uzeboxSoundEngine.o
songSpeed           0x1               uzeboxSoundEngine.o
uart_tx_head        0x1               uzeboxCore.o
songPos             0x2               uzeboxSoundEngine.o
level               0x2ef             TankFu.o
uart_rx_tail        0x1               uzeboxCore.o
player2             0x87              TankFu.o
loopStart           0x2               uzeboxSoundEngine.o
sub_animation       0xe               TankFu.o
scope_animation     0xe               TankFu.o
uart_rx_buf         0x40              uzeboxCore.o
step                0x1               uzeboxSoundEngine.o
currFadeFrame       0x1               uzeboxVideoEngine.o
fadeStep            0x1               uzeboxVideoEngine.o
uart_tx_tail        0x1               uzeboxCore.o
turret2             0x2f              TankFu.o
turret1             0x2f              TankFu.o

Discarded input sections

 .data          0x0000000000000000        0x0 /usr/local/lib/gcc/avr/4.9.2/../../../../avr/lib/avr5/crtm644.o
 .bss           0x0000000000000000        0x0 /usr/local/lib/gcc/avr/4.9.2/../../../../avr/lib/avr5/crtm644.o
 .data          0x0000000000000000        0x0 uzeboxVideoEngineCore.o
 .text.SetSpritesTileBank
                0x0000000000000000       0x12 uzeboxVideoEngineCore.o
 .text.GetTile  0x0000000000000000       0x1e uzeboxVideoEngineCore.o
 .text.WaitUs   0x0000000000000000        0xe uzeboxVideoEngineCore.o
 .text.SetUserPreVsyncCallback
                0x0000000000000000        0xa uzeboxVideoEngineCore.o
 .text.SetUserPostVsyncCallback
                0x0000000000000000        0xa uzeboxVideoEngineCore.o
 .text.IsRunningInEmulator
                0x0000000000000000       0x12 uzeboxVideoEngineCore.o
 .text.WaitClocks
                0x0000000000000000        0x6 uzeboxVideoEngineCore.o
 .text.SetLedOn
                0x0000000000000000        0x4 uzeboxVideoEngineCore.o
 .text.SetLedOff
                0x0000000000000000        0x4 uzeboxVideoEngineCore.o
 .text.ToggleLed
                0x0000000000000000        0x4 uzeboxVideoEngineCore.o
 .text.internal_spi_byte
                0x0000000000000000        0xe uzeboxVideoEngineCore.o
 .text          0x0000000000000000        0x0 uzeboxCore.o
 .data          0x0000000000000000        0x0 uzeboxCore.o
 .text.SetRenderingParameters
                0x0000000000000000        0xa uzeboxCore.o
 .text.DetectControllers
                0x0000000000000000       0x36 uzeboxCore.o
 .text.FormatEeprom2
                0x0000000000000000       0x98 uzeboxCore.o
 .text.IsPowerSwitchPressed
                0x0000000000000000        0xe uzeboxCore.o
 .text.UartGoBack
                0x0000000000000000       0x16 uzeboxCore.o
 .text.IsUartRxBufferEmpty
                0x0000000000000000       0x10 uzeboxCore.o
 .text.IsUartTxBufferEmpty
                0x0000000000000000       0x10 uzeboxCore.o
 .text.IsUartTxBufferFull
                0x0000000000000000       0x14 uzeboxCore.o
 .text          0x0000000000000000        0x0 uzeboxSoundEngine.o
 .data          0x0000000000000000        0x0 uzeboxSoundEngine.o
 .text.StartSong
                0x0000000000000000       0x52 uzeboxSoundEngine.o
 .text.StopSong
                0x0000000000000000       0x18 uzeboxSoundEngine.o
 .text.ResumeSong
                0x0000000000000000        0x8 uzeboxSoundEngine.o
 .text.SetSongSpeed
                0x0000000000000000        0x6 uzeboxSoundEngine.o
 .text.GetSongSpeed
                0x0000000000000000        0x6 uzeboxSoundEngine.o
 .text.GetMasterVolume
                0x0000000000000000        0x6 uzeboxSoundEngine.o
 .text.IsSongPlaying
                0x0000000000000000        0x6 uzeboxSoundEngine.o
 .data          0x0000000000000000        0x0 uzeboxSoundEngineCore.o
 .text.SetMixerNoiseParams
                0x0000000000000000       0x10 uzeboxSoundEngineCore.o
 .text.SetMixerVolume
                0x0000000000000000       0x16 uzeboxSoundEngineCore.o
 .text.EnableSoundEngine
                0x0000000000000000        0x8 uzeboxSoundEngineCore.o
 .text          0x0000000000000000        0x0 uzeboxVideoEngine.o
 .bss           0x0000000000000000        0x0 uzeboxVideoEngine.o
 .text.SetUserRamTilesCount
                0x0000000000000000        0x6 uzeboxVideoEngine.o
 .text.GetUserRamTile
                0x0000000000000000        0xe uzeboxVideoEngine.o
 .text.SetSpriteVisibility
                0x0000000000000000        0x6 uzeboxVideoEngine.o
 .text.MapSprite
                0x0000000000000000       0x80 uzeboxVideoEngine.o
 .text.PrintLong
                0x0000000000000000       0x8a uzeboxVideoEngine.o
 .text.PrintInt
                0x0000000000000000       0x70 uzeboxVideoEngine.o
 .text.PrintBinaryByte
                0x0000000000000000       0x36 uzeboxVideoEngine.o
 .text.PrintHexByte
                0x0000000000000000       0x40 uzeboxVideoEngine.o
 .text.PrintHexInt
                0x0000000000000000       0x24 uzeboxVideoEngine.o
 .text.PrintHexLong
                0x0000000000000000       0x5e uzeboxVideoEngine.o
 .text.PrintRam
                0x0000000000000000       0x36 uzeboxVideoEngine.o
 .text.Fill     0x0000000000000000       0x6e uzeboxVideoEngine.o
 .text.FontFill
                0x0000000000000000       0x6c uzeboxVideoEngine.o
 .text.FadeOut  0x0000000000000000       0x18 uzeboxVideoEngine.o
 .text          0x0000000000000000        0x0 TankFu.o
 .text.wifiGetP
                0x0000000000000000       0x14 TankFu.o
 .text.cleanupWifi
                0x0000000000000000       0x3c TankFu.o
 .text.LBPrintByte
                0x0000000000000000       0x6c TankFu.o
 .text.activateNet
                0x0000000000000000        0x4 TankFu.o
 .text.save_eeprom
                0x0000000000000000        0x4 TankFu.o
 .text.turret_map
                0x0000000000000000       0x14 TankFu.o
 .text.turret_shot_map
                0x0000000000000000       0x14 TankFu.o
 .text.record_player_posture
                0x0000000000000000       0x12 TankFu.o
 .text          0x0000000000000000        0x0 /usr/local/lib/gcc/avr/4.9.2/avr5/libgcc.a(_udivmodqi4.o)
 .data          0x0000000000000000        0x0 /usr/local/lib/gcc/avr/4.9.2/avr5/libgcc.a(_udivmodqi4.o)
 .bss           0x0000000000000000        0x0 /usr/local/lib/gcc/avr/4.9.2/avr5/libgcc.a(_udivmodqi4.o)
 .text.libgcc.mul
                0x0000000000000000        0x0 /usr/local/lib/gcc/avr/4.9.2/avr5/libgcc.a(_udivmodqi4.o)
 .text.libgcc   0x0000000000000000        0x0 /usr/local/lib/gcc/avr/4.9.2/avr5/libgcc.a(_udivmodqi4.o)
 .text.libgcc.prologue
                0x0000000000000000        0x0 /usr/local/lib/gcc/avr/4.9.2/avr5/libgcc.a(_udivmodqi4.o)
 .text.libgcc.builtins
                0x0000000000000000        0x0 /usr/local/lib/gcc/avr/4.9.2/avr5/libgcc.a(_udivmodqi4.o)
 .text.libgcc.fmul
                0x0000000000000000        0x0 /usr/local/lib/gcc/avr/4.9.2/avr5/libgcc.a(_udivmodqi4.o)
 .text.libgcc.fixed
                0x0000000000000000        0x0 /usr/local/lib/gcc/avr/4.9.2/avr5/libgcc.a(_udivmodqi4.o)
 .text          0x0000000000000000        0x0 /usr/local/lib/gcc/avr/4.9.2/avr5/libgcc.a(_udivmodhi4.o)
 .data          0x0000000000000000        0x0 /usr/local/lib/gcc/avr/4.9.2/avr5/libgcc.a(_udivmodhi4.o)
 .bss           0x0000000000000000        0x0 /usr/local/lib/gcc/avr/4.9.2/avr5/libgcc.a(_udivmodhi4.o)
 .text.libgcc.mul
                0x0000000000000000        0x0 /usr/local/lib/gcc/avr/4.9.2/avr5/libgcc.a(_udivmodhi4.o)
 .text.libgcc   0x0000000000000000        0x0 /usr/local/lib/gcc/avr/4.9.2/avr5/libgcc.a(_udivmodhi4.o)
 .text.libgcc.prologue
                0x0000000000000000        0x0 /usr/local/lib/gcc/avr/4.9.2/avr5/libgcc.a(_udivmodhi4.o)
 .text.libgcc.builtins
                0x0000000000000000        0x0 /usr/local/lib/gcc/avr/4.9.2/avr5/libgcc.a(_udivmodhi4.o)
 .text.libgcc.fmul
                0x0000000000000000        0x0 /usr/local/lib/gcc/avr/4.9.2/avr5/libgcc.a(_udivmodhi4.o)
 .text.libgcc.fixed
                0x0000000000000000        0x0 /usr/local/lib/gcc/avr/4.9.2/avr5/libgcc.a(_udivmodhi4.o)
 .text          0x0000000000000000        0x0 /usr/local/lib/gcc/avr/4.9.2/avr5/libgcc.a(_divmodhi4.o)
 .data          0x0000000000000000        0x0 /usr/local/lib/gcc/avr/4.9.2/avr5/libgcc.a(_divmodhi4.o)
 .bss           0x0000000000000000        0x0 /usr/local/lib/gcc/avr/4.9.2/avr5/libgcc.a(_divmodhi4.o)
 .text.libgcc.mul
                0x0000000000000000        0x0 /usr/local/lib/gcc/avr/4.9.2/avr5/libgcc.a(_divmodhi4.o)
 .text.libgcc   0x0000000000000000        0x0 /usr/local/lib/gcc/avr/4.9.2/avr5/libgcc.a(_divmodhi4.o)
 .text.libgcc.prologue
                0x0000000000000000        0x0 /usr/local/lib/gcc/avr/4.9.2/avr5/libgcc.a(_divmodhi4.o)
 .text.libgcc.builtins
                0x0000000000000000        0x0 /usr/local/lib/gcc/avr/4.9.2/avr5/libgcc.a(_divmodhi4.o)
 .text.libgcc.fmul
                0x0000000000000000        0x0 /usr/local/lib/gcc/avr/4.9.2/avr5/libgcc.a(_divmodhi4.o)
 .text.libgcc.fixed
                0x0000000000000000        0x0 /usr/local/lib/gcc/avr/4.9.2/avr5/libgcc.a(_divmodhi4.o)
 .text          0x0000000000000000        0x0 /usr/local/lib/gcc/avr/4.9.2/avr5/libgcc.a(_udivmodsi4.o)
 .data          0x0000000000000000        0x0 /usr/local/lib/gcc/avr/4.9.2/avr5/libgcc.a(_udivmodsi4.o)
 .bss           0x0000000000000000        0x0 /usr/local/lib/gcc/avr/4.9.2/avr5/libgcc.a(_udivmodsi4.o)
 .stab          0x0000000000000000      0x228 /usr/local/lib/gcc/avr/4.9.2/avr5/libgcc.a(_udivmodsi4.o)
                                        0x234 (size before relaxing)
 .text.libgcc.mul
                0x0000000000000000        0x0 /usr/local/lib/gcc/avr/4.9.2/avr5/libgcc.a(_udivmodsi4.o)
 .text.libgcc.div
                0x0000000000000000       0x44 /usr/local/lib/gcc/avr/4.9.2/avr5/libgcc.a(_udivmodsi4.o)
 .text.libgcc   0x0000000000000000        0x0 /usr/local/lib/gcc/avr/4.9.2/avr5/libgcc.a(_udivmodsi4.o)
 .text.libgcc.prologue
                0x0000000000000000        0x0 /usr/local/lib/gcc/avr/4.9.2/avr5/libgcc.a(_udivmodsi4.o)
 .text.libgcc.builtins
                0x0000000000000000        0x0 /usr/local/lib/gcc/avr/4.9.2/avr5/libgcc.a(_udivmodsi4.o)
 .text.libgcc.fmul
                0x0000000000000000        0x0 /usr/local/lib/gcc/avr/4.9.2/avr5/libgcc.a(_udivmodsi4.o)
 .text.libgcc.fixed
                0x0000000000000000        0x0 /usr/local/lib/gcc/avr/4.9.2/avr5/libgcc.a(_udivmodsi4.o)
 .text          0x0000000000000000        0x0 /usr/local/lib/gcc/avr/4.9.2/avr5/libgcc.a(_exit.o)
 .data          0x0000000000000000        0x0 /usr/local/lib/gcc/avr/4.9.2/avr5/libgcc.a(_exit.o)
 .bss           0x0000000000000000        0x0 /usr/local/lib/gcc/avr/4.9.2/avr5/libgcc.a(_exit.o)
 .text.libgcc.mul
                0x0000000000000000        0x0 /usr/local/lib/gcc/avr/4.9.2/avr5/libgcc.a(_exit.o)
 .text.libgcc.div
                0x0000000000000000        0x0 /usr/local/lib/gcc/avr/4.9.2/avr5/libgcc.a(_exit.o)
 .text.libgcc   0x0000000000000000        0x0 /usr/local/lib/gcc/avr/4.9.2/avr5/libgcc.a(_exit.o)
 .text.libgcc.prologue
                0x0000000000000000        0x0 /usr/local/lib/gcc/avr/4.9.2/avr5/libgcc.a(_exit.o)
 .text.libgcc.builtins
                0x0000000000000000        0x0 /usr/local/lib/gcc/avr/4.9.2/avr5/libgcc.a(_exit.o)
 .text.libgcc.fmul
                0x0000000000000000        0x0 /usr/local/lib/gcc/avr/4.9.2/avr5/libgcc.a(_exit.o)
 .text.libgcc.fixed
                0x0000000000000000        0x0 /usr/local/lib/gcc/avr/4.9.2/avr5/libgcc.a(_exit.o)
 .text          0x0000000000000000        0x0 /usr/local/lib/gcc/avr/4.9.2/avr5/libgcc.a(_copy_data.o)
 .data          0x0000000000000000        0x0 /usr/local/lib/gcc/avr/4.9.2/avr5/libgcc.a(_copy_data.o)
 .bss           0x0000000000000000        0x0 /usr/local/lib/gcc/avr/4.9.2/avr5/libgcc.a(_copy_data.o)
 .text.libgcc.mul
                0x0000000000000000        0x0 /usr/local/lib/gcc/avr/4.9.2/avr5/libgcc.a(_copy_data.o)
 .text.libgcc.div
                0x0000000000000000        0x0 /usr/local/lib/gcc/avr/4.9.2/avr5/libgcc.a(_copy_data.o)
 .text.libgcc   0x0000000000000000        0x0 /usr/local/lib/gcc/avr/4.9.2/avr5/libgcc.a(_copy_data.o)
 .text.libgcc.prologue
                0x0000000000000000        0x0 /usr/local/lib/gcc/avr/4.9.2/avr5/libgcc.a(_copy_data.o)
 .text.libgcc.builtins
                0x0000000000000000        0x0 /usr/local/lib/gcc/avr/4.9.2/avr5/libgcc.a(_copy_data.o)
 .text.libgcc.fmul
                0x0000000000000000        0x0 /usr/local/lib/gcc/avr/4.9.2/avr5/libgcc.a(_copy_data.o)
 .text.libgcc.fixed
                0x0000000000000000        0x0 /usr/local/lib/gcc/avr/4.9.2/avr5/libgcc.a(_copy_data.o)
 .text          0x0000000000000000        0x0 /usr/local/lib/gcc/avr/4.9.2/avr5/libgcc.a(_clear_bss.o)
 .data          0x0000000000000000        0x0 /usr/local/lib/gcc/avr/4.9.2/avr5/libgcc.a(_clear_bss.o)
 .bss           0x0000000000000000        0x0 /usr/local/lib/gcc/avr/4.9.2/avr5/libgcc.a(_clear_bss.o)
 .text.libgcc.mul
                0x0000000000000000        0x0 /usr/local/lib/gcc/avr/4.9.2/avr5/libgcc.a(_clear_bss.o)
 .text.libgcc.div
                0x0000000000000000        0x0 /usr/local/lib/gcc/avr/4.9.2/avr5/libgcc.a(_clear_bss.o)
 .text.libgcc   0x0000000000000000        0x0 /usr/local/lib/gcc/avr/4.9.2/avr5/libgcc.a(_clear_bss.o)
 .text.libgcc.prologue
                0x0000000000000000        0x0 /usr/local/lib/gcc/avr/4.9.2/avr5/libgcc.a(_clear_bss.o)
 .text.libgcc.builtins
                0x0000000000000000        0x0 /usr/local/lib/gcc/avr/4.9.2/avr5/libgcc.a(_clear_bss.o)
 .text.libgcc.fmul
                0x0000000000000000        0x0 /usr/local/lib/gcc/avr/4.9.2/avr5/libgcc.a(_clear_bss.o)
 .text.libgcc.fixed
                0x0000000000000000        0x0 /usr/local/lib/gcc/avr/4.9.2/avr5/libgcc.a(_clear_bss.o)
 .text          0x0000000000000000        0x0 /usr/local/lib/gcc/avr/4.9.2/../../../../avr/lib/avr5/libc.a(memcpy_P.o)
 .data          0x0000000000000000        0x0 /usr/local/lib/gcc/avr/4.9.2/../../../../avr/lib/avr5/libc.a(memcpy_P.o)
 .bss           0x0000000000000000        0x0 /usr/local/lib/gcc/avr/4.9.2/../../../../avr/lib/avr5/libc.a(memcpy_P.o)
 .text          0x0000000000000000        0x0 /usr/local/lib/gcc/avr/4.9.2/../../../../avr/lib/avr5/libc.a(strnlen_P.o)
 .data          0x0000000000000000        0x0 /usr/local/lib/gcc/avr/4.9.2/../../../../avr/lib/avr5/libc.a(strnlen_P.o)
 .bss           0x0000000000000000        0x0 /usr/local/lib/gcc/avr/4.9.2/../../../../avr/lib/avr5/libc.a(strnlen_P.o)
 .text          0x0000000000000000        0x0 /usr/local/lib/gcc/avr/4.9.2/../../../../avr/lib/avr5/libc.a(strupr.o)
 .data          0x0000000000000000        0x0 /usr/local/lib/gcc/avr/4.9.2/../../../../avr/lib/avr5/libc.a(strupr.o)
 .bss           0x0000000000000000        0x0 /usr/local/lib/gcc/avr/4.9.2/../../../../avr/lib/avr5/libc.a(strupr.o)
 .text          0x0000000000000000        0x0 /usr/local/lib/gcc/avr/4.9.2/../../../../avr/lib/avr5/libc.a(sprintf.o)
 .data          0x0000000000000000        0x0 /usr/local/lib/gcc/avr/4.9.2/../../../../avr/lib/avr5/libc.a(sprintf.o)
 .bss           0x0000000000000000        0x0 /usr/local/lib/gcc/avr/4.9.2/../../../../avr/lib/avr5/libc.a(sprintf.o)
 .text          0x0000000000000000        0x0 /usr/local/lib/gcc/avr/4.9.2/../../../../avr/lib/avr5/libc.a(vfprintf_std.o)
 .data          0x0000000000000000        0x0 /usr/local/lib/gcc/avr/4.9.2/../../../../avr/lib/avr5/libc.a(vfprintf_std.o)
 .bss           0x0000000000000000        0x0 /usr/local/lib/gcc/avr/4.9.2/../../../../avr/lib/avr5/libc.a(vfprintf_std.o)
 .text          0x0000000000000000        0x0 /usr/local/lib/gcc/avr/4.9.2/../../../../avr/lib/avr5/libc.a(strnlen.o)
 .data          0x0000000000000000        0x0 /usr/local/lib/gcc/avr/4.9.2/../../../../avr/lib/avr5/libc.a(strnlen.o)
 .bss           0x0000000000000000        0x0 /usr/local/lib/gcc/avr/4.9.2/../../../../avr/lib/avr5/libc.a(strnlen.o)
 .text          0x0000000000000000        0x0 /usr/local/lib/gcc/avr/4.9.2/../../../../avr/lib/avr5/libc.a(fputc.o)
 .data          0x0000000000000000        0x0 /usr/local/lib/gcc/avr/4.9.2/../../../../avr/lib/avr5/libc.a(fputc.o)
 .bss           0x0000000000000000        0x0 /usr/local/lib/gcc/avr/4.9.2/../../../../avr/lib/avr5/libc.a(fputc.o)
 .text          0x0000000000000000        0x0 /usr/local/lib/gcc/avr/4.9.2/../../../../avr/lib/avr5/libc.a(ultoa_invert.o)
 .data          0x0000000000000000        0x0 /usr/local/lib/gcc/avr/4.9.2/../../../../avr/lib/avr5/libc.a(ultoa_invert.o)
 .bss           0x0000000000000000        0x0 /usr/local/lib/gcc/avr/4.9.2/../../../../avr/lib/avr5/libc.a(ultoa_invert.o)
 .text          0x0000000000000000        0x0 /usr/local/lib/gcc/avr/4.9.2/avr5/libgcc.a(_prologue.o)
 .data          0x0000000000000000        0x0 /usr/local/lib/gcc/avr/4.9.2/avr5/libgcc.a(_prologue.o)
 .bss           0x0000000000000000        0x0 /usr/local/lib/gcc/avr/4.9.2/avr5/libgcc.a(_prologue.o)
 .text.libgcc.mul
                0x0000000000000000        0x0 /usr/local/lib/gcc/avr/4.9.2/avr5/libgcc.a(_prologue.o)
 .text.libgcc.div
                0x0000000000000000        0x0 /usr/local/lib/gcc/avr/4.9.2/avr5/libgcc.a(_prologue.o)
 .text.libgcc   0x0000000000000000        0x0 /usr/local/lib/gcc/avr/4.9.2/avr5/libgcc.a(_prologue.o)
 .text.libgcc.builtins
                0x0000000000000000        0x0 /usr/local/lib/gcc/avr/4.9.2/avr5/libgcc.a(_prologue.o)
 .text.libgcc.fmul
                0x0000000000000000        0x0 /usr/local/lib/gcc/avr/4.9.2/avr5/libgcc.a(_prologue.o)
 .text.libgcc.fixed
                0x0000000000000000        0x0 /usr/local/lib/gcc/avr/4.9.2/avr5/libgcc.a(_prologue.o)
 .text          0x0000000000000000        0x0 /usr/local/lib/gcc/avr/4.9.2/avr5/libgcc.a(_epilogue.o)
 .data          0x0000000000000000        0x0 /usr/local/lib/gcc/avr/4.9.2/avr5/libgcc.a(_epilogue.o)
 .bss           0x0000000000000000        0x0 /usr/local/lib/gcc/avr/4.9.2/avr5/libgcc.a(_epilogue.o)
 .text.libgcc.mul
                0x0000000000000000        0x0 /usr/local/lib/gcc/avr/4.9.2/avr5/libgcc.a(_epilogue.o)
 .text.libgcc.div
                0x0000000000000000        0x0 /usr/local/lib/gcc/avr/4.9.2/avr5/libgcc.a(_epilogue.o)
 .text.libgcc   0x0000000000000000        0x0 /usr/local/lib/gcc/avr/4.9.2/avr5/libgcc.a(_epilogue.o)
 .text.libgcc.builtins
                0x0000000000000000        0x0 /usr/local/lib/gcc/avr/4.9.2/avr5/libgcc.a(_epilogue.o)
 .text.libgcc.fmul
                0x0000000000000000        0x0 /usr/local/lib/gcc/avr/4.9.2/avr5/libgcc.a(_epilogue.o)
 .text.libgcc.fixed
                0x0000000000000000        0x0 /usr/local/lib/gcc/avr/4.9.2/avr5/libgcc.a(_epilogue.o)

Memory Configuration

Name             Origin             Length             Attributes
text             0x0000000000000000 0x0000000000020000 xr
data             0x0000000000800060 0x000000000000ffa0 rw !x
eeprom           0x0000000000810000 0x0000000000010000 rw !x
fuse             0x0000000000820000 0x0000000000000400 rw !x
lock             0x0000000000830000 0x0000000000000400 rw !x
signature        0x0000000000840000 0x0000000000000400 rw !x
*default*        0x0000000000000000 0xffffffffffffffff

Linker script and memory map

Address of section .data set to 0x800100
LOAD /usr/local/lib/gcc/avr/4.9.2/../../../../avr/lib/avr5/crtm644.o
LOAD uzeboxVideoEngineCore.o
LOAD uzeboxCore.o
LOAD uzeboxSoundEngine.o
LOAD uzeboxSoundEngineCore.o
LOAD uzeboxVideoEngine.o
LOAD TankFu.o
START GROUP
LOAD /usr/local/lib/gcc/avr/4.9.2/avr5/libgcc.a
LOAD /usr/local/lib/gcc/avr/4.9.2/../../../../avr/lib/avr5/libm.a
LOAD /usr/local/lib/gcc/avr/4.9.2/../../../../avr/lib/avr5/libc.a
END GROUP

.hash
 *(.hash)

.dynsym
 *(.dynsym)

.dynstr
 *(.dynstr)

.gnu.version
 *(.gnu.version)

.gnu.version_d
 *(.gnu.version_d)

.gnu.version_r
 *(.gnu.version_r)

.rel.init
 *(.rel.init)

.rela.init
 *(.rela.init)

.rel.text
 *(.rel.text)
 *(.rel.text.*)
 *(.rel.gnu.linkonce.t*)

.rela.text
 *(.rela.text)
 *(.rela.text.*)
 *(.rela.gnu.linkonce.t*)

.rel.fini
 *(.rel.fini)

.rela.fini
 *(.rela.fini)

.rel.rodata
 *(.rel.rodata)
 *(.rel.rodata.*)
 *(.rel.gnu.linkonce.r*)

.rela.rodata
 *(.rela.rodata)
 *(.rela.rodata.*)
 *(.rela.gnu.linkonce.r*)

.rel.data
 *(.rel.data)
 *(.rel.data.*)
 *(.rel.gnu.linkonce.d*)

.rela.data
 *(.rela.data)
 *(.rela.data.*)
 *(.rela.gnu.linkonce.d*)

.rel.ctors
 *(.rel.ctors)

.rela.ctors
 *(.rela.ctors)

.rel.dtors
 *(.rel.dtors)

.rela.dtors
 *(.rela.dtors)

.rel.got
 *(.rel.got)

.rela.got
 *(.rela.got)

.rel.bss
 *(.rel.bss)

.rela.bss
 *(.rela.bss)

.rel.plt
 *(.rel.plt)

.rela.plt
 *(.rela.plt)

.text           0x0000000000000000     0xe82a
 *(.vectors)
 .vectors       0x0000000000000000       0x70 /usr/local/lib/gcc/avr/4.9.2/../../../../avr/lib/avr5/crtm644.o
                0x0000000000000000                __vectors
                0x0000000000000000                __vector_default
 *(.vectors)
 *(.progmem.gcc*)
                0x0000000000000070                . = ALIGN (0x2)
                0x0000000000000070                __trampolines_start = .
 *(.trampolines)
 .trampolines   0x0000000000000070        0x0 linker stubs
 *(.trampolines*)
                0x0000000000000070                __trampolines_end = .
 *(.progmem*)
 .progmem.data  0x0000000000000070       0x4e uzeboxCore.o
                0x0000000000000070                io_table
                0x000000000000009e                eeprom_format_table
 .progmem.data  0x00000000000000be       0x1e uzeboxSoundEngine.o
                0x00000000000000be                patchCommands
 .progmem.data  0x00000000000000dc        0xc uzeboxVideoEngine.o
                0x00000000000000dc                fader
 .progmem.data  0x00000000000000e8     0x6ac5 TankFu.o
                0x0000000000000289                strCredits
                0x00000000000002cf                default_scores
                0x00000000000002ed                default_handles
                0x000000000000030b                strLevels
                0x00000000000003bb                strPaused
                0x00000000000003c2                strExit
                0x00000000000003cb                strTotal
                0x00000000000003d2                strScore
                0x00000000000003d9                strFinalScore
                0x00000000000003e5                strBy
                0x00000000000003e8                strOwns
                0x00000000000003ed                strChangeHandle
                0x00000000000003fc                strPlayer2
                0x00000000000003ff                strPlayer1
                0x0000000000000402                strVertSep
                0x0000000000000404                strUnderline
                0x0000000000000410                strHandlesTitle
                0x000000000000041c                strHighscores
                0x0000000000000426                strCopyright
                0x000000000000043b                strSelectHandle
                0x000000000000044a                strCancelHandle
                0x0000000000000455                strReset
                0x000000000000046e                strConfirmHandle
                0x0000000000000480                strNetworkError
                0x000000000000048e                strEnterGameId
                0x00000000000004a1                strConnecting
                0x00000000000004af                strWaitingForNetOppenent
                0x00000000000004ca                strShareGameId
                0x00000000000004dd                strLookingForWifi
                0x00000000000004f8                strJoinNetGame
                0x0000000000000506                strHostNetGame
                0x0000000000000514                str2Player
                0x0000000000000525                str1Player
                0x0000000000000533                bauds
                0x0000000000000543                my_patches
                0x000000000000058b                ad_alarm
                0x0000000000000623                ad_item
                0x0000000000000634                ad_navigate
                0x0000000000000645                ad_cannonball
                0x000000000000069b                ad_brick_explode
                0x000000000000070c                ad_tank_explode
                0x00000000000007dd                level_data
                0x0000000000002817                sprites_data
                0x0000000000003157                map_sub_turret
                0x000000000000315a                map_sub_shot
                0x000000000000315d                map_up_arrow
                0x0000000000003160                map_down_arrow
                0x0000000000003163                map_right_arrow
                0x0000000000003166                map_rocket_right_1
                0x0000000000003169                map_rocket_right_0
                0x000000000000316c                map_rocket_up_1
                0x000000000000316f                map_rocket_up_0
                0x0000000000003172                map_ball
                0x0000000000003175                map_explosion_2
                0x000000000000317b                map_explosion_1
                0x0000000000003181                map_explosion_0
                0x0000000000003187                map_tank2_right_0
                0x000000000000318d                map_tank2_up_0
                0x0000000000003193                map_tank1_right_0
                0x0000000000003199                map_tank1_up_0
                0x000000000000319f                map_tank_blank
                0x00000000000031a5                map_none
                0x00000000000031a8                tiles_data
                0x0000000000006868                map_sub_emerging
                0x000000000000699e                map_sub
                0x0000000000006ad4                map_scope_2
                0x0000000000006ad7                map_scope_1
                0x0000000000006ada                map_scope_0
                0x0000000000006add                map_blue_tank
                0x0000000000006ae3                map_green_tank
                0x0000000000006ae9                map_fence
                0x0000000000006aec                map_turf
                0x0000000000006aef                map_water
                0x0000000000006af2                map_metal_bl
                0x0000000000006af5                map_metal_tr
                0x0000000000006af8                map_metal_br
                0x0000000000006afb                map_metal_tl
                0x0000000000006afe                map_tile_exp_2
                0x0000000000006b01                map_tile_exp_1
                0x0000000000006b04                map_tile_exp_0
                0x0000000000006b07                map_rocket_itm
                0x0000000000006b0a                map_explode_itm
                0x0000000000006b0d                map_speed_itm
                0x0000000000006b10                map_metal
                0x0000000000006b13                map_brick
                0x0000000000006b16                map_splash
                0x0000000000006b6c                map_pause
                0x0000000000006baa                map_tile_none
                0x0000000000006bae                . = ALIGN (0x2)
 *fill*         0x0000000000006bad        0x1 
 *(.jumptables)
 *(.jumptables*)
 *(.lowtext)
 *(.lowtext*)
                0x0000000000006bae                __ctors_start = .
 *(.ctors)
                0x0000000000006bae                __ctors_end = .
                0x0000000000006bae                __dtors_start = .
 *(.dtors)
                0x0000000000006bae                __dtors_end = .
 SORT(*)(.ctors)
 SORT(*)(.dtors)
 *(.init0)
 .init0         0x0000000000006bae        0x0 /usr/local/lib/gcc/avr/4.9.2/../../../../avr/lib/avr5/crtm644.o
                0x0000000000006bae                __init
 *(.init0)
 *(.init1)
 *(.init1)
 *(.init2)
 .init2         0x0000000000006bae        0xc /usr/local/lib/gcc/avr/4.9.2/../../../../avr/lib/avr5/crtm644.o
 *(.init2)
 *(.init3)
 *(.init3)
 *(.init4)
 .init4         0x0000000000006bba       0x16 /usr/local/lib/gcc/avr/4.9.2/avr5/libgcc.a(_copy_data.o)
                0x0000000000006bba                __do_copy_data
 .init4         0x0000000000006bd0       0x10 /usr/local/lib/gcc/avr/4.9.2/avr5/libgcc.a(_clear_bss.o)
                0x0000000000006bd0                __do_clear_bss
 *(.init4)
 *(.init5)
 *(.init5)
 *(.init6)
 *(.init6)
 *(.init7)
 .init7         0x0000000000006be0       0x16 uzeboxCore.o
                0x0000000000006be0                wdt_init
 *(.init7)
 *(.init8)
 .init8         0x0000000000006bf6       0x86 uzeboxCore.o
                0x0000000000006bf6                Initialize
 *(.init8)
 *(.init9)
 .init9         0x0000000000006c7c        0x8 /usr/local/lib/gcc/avr/4.9.2/../../../../avr/lib/avr5/crtm644.o
 *(.init9)
 *(.text)
 .text          0x0000000000006c84        0x4 /usr/local/lib/gcc/avr/4.9.2/../../../../avr/lib/avr5/crtm644.o
                0x0000000000006c84                __vector_20
                0x0000000000006c84                __vector_1
                0x0000000000006c84                __vector_24
                0x0000000000006c84                __vector_12
                0x0000000000006c84                __bad_interrupt
                0x0000000000006c84                __vector_6
                0x0000000000006c84                __vector_3
                0x0000000000006c84                __vector_23
                0x0000000000006c84                __vector_25
                0x0000000000006c84                __vector_11
                0x0000000000006c84                __vector_17
                0x0000000000006c84                __vector_19
                0x0000000000006c84                __vector_7
                0x0000000000006c84                __vector_27
                0x0000000000006c84                __vector_5
                0x0000000000006c84                __vector_4
                0x0000000000006c84                __vector_9
                0x0000000000006c84                __vector_2
                0x0000000000006c84                __vector_21
                0x0000000000006c84                __vector_15
                0x0000000000006c84                __vector_26
                0x0000000000006c84                __vector_10
                0x0000000000006c84                __vector_16
                0x0000000000006c84                __vector_18
                0x0000000000006c84                __vector_22
 .text          0x0000000000006c88      0x6b0 uzeboxVideoEngineCore.o
                0x0000000000006e34                CopyFlashTile
                0x0000000000006f52                CopyRamTile
                0x000000000000706c                RestoreBackground
                0x0000000000007092                BlitSpritePart
                0x0000000000007160                __vector_13
                0x00000000000071de                __vector_14
 .text          0x0000000000007338      0x18a uzeboxSoundEngineCore.o
                0x0000000000007338                process_music
                0x0000000000007344                update_sound
                0x00000000000074c2                . = ALIGN (0x2)
 *(.text.*)
 .text.SetSpritesTileTable
                0x00000000000074c2        0xa uzeboxVideoEngineCore.o
                0x00000000000074c2                SetSpritesTileTable
 .text.ClearVram
                0x00000000000074cc       0x14 uzeboxVideoEngineCore.o
                0x00000000000074cc                ClearVram
 .text.SetFont  0x00000000000074e0        0x8 uzeboxVideoEngineCore.o
                0x00000000000074e0                SetFont
 .text.SetTile  0x00000000000074e8       0x1c uzeboxVideoEngineCore.o
                0x00000000000074e8                SetTile
 .text.SetFontTilesIndex
                0x0000000000007504        0x6 uzeboxVideoEngineCore.o
                0x0000000000007504                SetFontTilesIndex
 .text.SetTileTable
                0x000000000000750a        0xa uzeboxVideoEngineCore.o
                0x000000000000750a                SetTileTable
 .text.GetVsyncFlag
                0x0000000000007514        0x8 uzeboxVideoEngineCore.o
                0x0000000000007514                GetVsyncFlag
 .text.ClearVsyncFlag
                0x000000000000751c        0xc uzeboxVideoEngineCore.o
                0x000000000000751c                ClearVsyncFlag
 .text.GetVsyncCounter
                0x0000000000007528        0xa uzeboxVideoEngineCore.o
                0x0000000000007528                GetVsyncCounter
 .text.ClearVsyncCounter
                0x0000000000007532        0xa uzeboxVideoEngineCore.o
                0x0000000000007532                ClearVsyncCounter
 .text.ReadJoypad
                0x000000000000753c       0x18 uzeboxVideoEngineCore.o
                0x000000000000753c                ReadJoypad
 .text.WriteEeprom
                0x0000000000007554       0x14 uzeboxVideoEngineCore.o
                0x0000000000007554                WriteEeprom
 .text.ReadEeprom
                0x0000000000007568       0x12 uzeboxVideoEngineCore.o
                0x0000000000007568                ReadEeprom
 .text.wdt_randomize
                0x000000000000757a       0x50 uzeboxVideoEngineCore.o
                0x000000000000757a                wdt_randomize
 .text.GetTrueRandomSeed
                0x00000000000075ca        0xa uzeboxVideoEngineCore.o
                0x00000000000075ca                GetTrueRandomSeed
 .text.__vector_8
                0x00000000000075d4       0x44 uzeboxVideoEngineCore.o
                0x00000000000075d4                __vector_8
 .text.SoftReset
                0x0000000000007618       0x16 uzeboxCore.o
                0x0000000000007618                SoftReset
 .text.ReadButtons
                0x000000000000762e       0x6c uzeboxCore.o
                0x000000000000762e                ReadButtons
 .text.ReadControllers
                0x000000000000769a       0x20 uzeboxCore.o
                0x000000000000769a                ReadControllers
 .text.FormatEeprom
                0x00000000000076ba       0x44 uzeboxCore.o
                0x00000000000076ba                FormatEeprom
 .text.isEepromFormatted
                0x00000000000076fe       0x2e uzeboxCore.o
                0x00000000000076fe                isEepromFormatted
 .text.EepromBlockExists
                0x000000000000772c       0xa4 uzeboxCore.o
                0x000000000000772c                EepromBlockExists
 .text.EepromWriteBlock
                0x00000000000077d0       0x94 uzeboxCore.o
                0x00000000000077d0                EepromWriteBlock
 .text.EepromReadBlock
                0x0000000000007864       0x66 uzeboxCore.o
                0x0000000000007864                EepromReadBlock
 .text.UartUnreadCount
                0x00000000000078ca        0xc uzeboxCore.o
                0x00000000000078ca                UartUnreadCount
 .text.UartReadChar
                0x00000000000078d6       0x2e uzeboxCore.o
                0x00000000000078d6                UartReadChar
 .text.InitUartRxBuffer
                0x0000000000007904        0xa uzeboxCore.o
                0x0000000000007904                InitUartRxBuffer
 .text.UartSendChar
                0x000000000000790e       0x28 uzeboxCore.o
                0x000000000000790e                UartSendChar
 .text.InitUartTxBuffer
                0x0000000000007936        0xa uzeboxCore.o
                0x0000000000007936                InitUartTxBuffer
 .text.GetPrngNumber
                0x0000000000007940       0x5c uzeboxCore.o
                0x0000000000007940                GetPrngNumber
 .text.PatchCommand00
                0x000000000000799c        0x6 uzeboxSoundEngine.o
                0x000000000000799c                PatchCommand00
 .text.PatchCommand01
                0x00000000000079a2       0x10 uzeboxSoundEngine.o
                0x00000000000079a2                PatchCommand01
 .text.PatchCommand05
                0x00000000000079b2        0xa uzeboxSoundEngine.o
                0x00000000000079b2                PatchCommand05
 .text.PatchCommand06
                0x00000000000079bc        0xa uzeboxSoundEngine.o
                0x00000000000079bc                PatchCommand06
 .text.PatchCommand07
                0x00000000000079c6        0x6 uzeboxSoundEngine.o
                0x00000000000079c6                PatchCommand07
 .text.PatchCommand09
                0x00000000000079cc        0x6 uzeboxSoundEngine.o
                0x00000000000079cc                PatchCommand09
 .text.PatchCommand10
                0x00000000000079d2        0x6 uzeboxSoundEngine.o
                0x00000000000079d2                PatchCommand10
 .text.PatchCommand11
                0x00000000000079d8       0x76 uzeboxSoundEngine.o
                0x00000000000079d8                PatchCommand11
 .text.PatchCommand12
                0x0000000000007a4e        0x6 uzeboxSoundEngine.o
                0x0000000000007a4e                PatchCommand12
 .text.PatchCommand13
                0x0000000000007a54        0x6 uzeboxSoundEngine.o
                0x0000000000007a54                PatchCommand13
 .text.PatchCommand02
                0x0000000000007a5a        0x8 uzeboxSoundEngine.o
                0x0000000000007a5a                PatchCommand02
 .text.PatchCommand03
                0x0000000000007a62        0xe uzeboxSoundEngine.o
                0x0000000000007a62                PatchCommand03
 .text.PatchCommand04
                0x0000000000007a70       0x10 uzeboxSoundEngine.o
                0x0000000000007a70                PatchCommand04
 .text.PatchCommand08
                0x0000000000007a80       0x20 uzeboxSoundEngine.o
                0x0000000000007a80                PatchCommand08
 .text.PatchCommand14
                0x0000000000007aa0       0x54 uzeboxSoundEngine.o
                0x0000000000007aa0                PatchCommand14
 .text.InitMusicPlayer
                0x0000000000007af4       0x44 uzeboxSoundEngine.o
                0x0000000000007af4                InitMusicPlayer
 .text.ReadVarLen
                0x0000000000007b38       0x4c uzeboxSoundEngine.o
                0x0000000000007b38                ReadVarLen
 .text.TriggerCommon
                0x0000000000007b84       0xbe uzeboxSoundEngine.o
                0x0000000000007b84                TriggerCommon
 .text.TriggerFx
                0x0000000000007c42       0x90 uzeboxSoundEngine.o
                0x0000000000007c42                TriggerFx
 .text.TriggerNote
                0x0000000000007cd2       0x80 uzeboxSoundEngine.o
                0x0000000000007cd2                TriggerNote
 .text.ProcessMusic
                0x0000000000007d52      0x43e uzeboxSoundEngine.o
                0x0000000000007d52                ProcessMusic
 .text.SetMasterVolume
                0x0000000000008190        0x6 uzeboxSoundEngine.o
                0x0000000000008190                SetMasterVolume
 .text.SetMixerNote
                0x0000000000008196       0x2e uzeboxSoundEngineCore.o
                0x0000000000008196                SetMixerNote
 .text.SetMixerWave
                0x00000000000081c4       0x3a uzeboxSoundEngineCore.o
                0x00000000000081c4                SetMixerWave
 *fill*         0x00000000000081fe        0x2 
 .text.DisableSoundEngine
                0x0000000000008200      0xc00 uzeboxSoundEngineCore.o
                0x0000000000008200                DisableSoundEngine
                0x0000000000008208                steptable
                0x0000000000008400                waves
 .text.ProcessSprites
                0x0000000000008e00      0x200 uzeboxVideoEngine.o
                0x0000000000008e00                ProcessSprites
 .text.MapSprite2
                0x0000000000009000       0xa4 uzeboxVideoEngine.o
                0x0000000000009000                MapSprite2
 .text.MoveSprite
                0x00000000000090a4       0x4a uzeboxVideoEngine.o
                0x00000000000090a4                MoveSprite
 .text.DisplayLogo
                0x00000000000090ee        0x2 uzeboxVideoEngine.o
                0x00000000000090ee                DisplayLogo
 .text.InitializeVideoMode
                0x00000000000090f0       0x1c uzeboxVideoEngine.o
                0x00000000000090f0                InitializeVideoMode
 .text.DrawMap  0x000000000000910c       0x9a uzeboxVideoEngine.o
                0x000000000000910c                DrawMap2
                0x000000000000910c                DrawMap
 .text.PrintByte
                0x00000000000091a6       0x66 uzeboxVideoEngine.o
                0x00000000000091a6                PrintByte
 .text.Print    0x000000000000920c       0x36 uzeboxVideoEngine.o
                0x000000000000920c                Print
 .text.PrintChar
                0x0000000000009242        0x6 uzeboxVideoEngine.o
                0x0000000000009242                PrintChar
 .text.WaitVsync
                0x0000000000009248       0x2e uzeboxVideoEngine.o
                0x0000000000009248                WaitVsync
 .text.doFade   0x0000000000009276       0x1c uzeboxVideoEngine.o
                0x0000000000009276                doFade
 .text.FadeIn   0x0000000000009292       0x18 uzeboxVideoEngine.o
                0x0000000000009292                FadeIn
 .text.ProcessFading
                0x00000000000092aa       0x4a uzeboxVideoEngine.o
                0x00000000000092aa                ProcessFading
 .text.VideoModeVsync
                0x00000000000092f4        0x8 uzeboxVideoEngine.o
                0x00000000000092f4                VideoModeVsync
 .text.LBPlaySound.part.5
                0x00000000000092fc        0x8 TankFu.o
 .text.wifiSendP
                0x0000000000009304       0x40 TankFu.o
                0x0000000000009304                wifiSendP
 .text.wifiSend
                0x0000000000009344       0x38 TankFu.o
                0x0000000000009344                wifiSend
 .text.wifiSendBinary
                0x000000000000937c       0x44 TankFu.o
                0x000000000000937c                wifiSendBinary
 .text.wifiGetIfAvailable
                0x00000000000093c0       0x56 TankFu.o
                0x00000000000093c0                wifiGetIfAvailable
 .text.wifiGetAndDiscard
                0x0000000000009416       0x20 TankFu.o
                0x0000000000009416                wifiGetAndDiscard
 .text.wifiGetPB
                0x0000000000009436       0x6a TankFu.o
                0x0000000000009436                wifiGetPB
 .text.wifiGetPBT
                0x00000000000094a0       0x74 TankFu.o
                0x00000000000094a0                wifiGetPBT
 .text.wifiRequestP
                0x0000000000009514       0x24 TankFu.o
                0x0000000000009514                wifiRequestP
 .text.wifiRequest
                0x0000000000009538       0x24 TankFu.o
                0x0000000000009538                wifiRequest
 .text.wifiRequestPT
                0x000000000000955c       0x3e TankFu.o
                0x000000000000955c                wifiRequestPT
 .text.wifiHWResetLow
                0x000000000000959a        0x6 TankFu.o
                0x000000000000959a                wifiHWResetLow
 .text.wifiHWResetHigh
                0x00000000000095a0        0xe TankFu.o
                0x00000000000095a0                wifiHWResetHigh
 .text.initWifi
                0x00000000000095ae       0x94 TankFu.o
                0x00000000000095ae                initWifi
 .text.LBGetNextFrame
                0x0000000000009642       0x4a TankFu.o
                0x0000000000009642                LBGetNextFrame
 .text.LBGetNextFrameReverse
                0x000000000000968c       0x58 TankFu.o
                0x000000000000968c                LBGetNextFrameReverse
 .text.LBGetJoyPadState
                0x00000000000096e4       0x96 TankFu.o
                0x00000000000096e4                LBGetJoyPadState
 .text.LBPrintStr
                0x000000000000977a       0x62 TankFu.o
                0x000000000000977a                LBPrintStr
 .text.LBCollides
                0x00000000000097dc       0x50 TankFu.o
                0x00000000000097dc                LBCollides
 .text.LBRandom
                0x000000000000982c       0x36 TankFu.o
                0x000000000000982c                LBRandom
 .text.LBWaitSeconds
                0x0000000000009862       0x3e TankFu.o
                0x0000000000009862                LBWaitSeconds
 .text.LBHideAllSprites
                0x00000000000098a0       0x14 TankFu.o
                0x00000000000098a0                LBHideAllSprites
 .text.LBPlaySound
                0x00000000000098b4       0x1a TankFu.o
                0x00000000000098b4                LBPlaySound
 .text.sendNetMessage
                0x00000000000098ce        0x6 TankFu.o
                0x00000000000098ce                sendNetMessage
 .text.getNetMessage
                0x00000000000098d4        0x6 TankFu.o
                0x00000000000098d4                getNetMessage
 .text.hostNetGame
                0x00000000000098da      0x10a TankFu.o
                0x00000000000098da                hostNetGame
 .text.joinNetGame
                0x00000000000099e4       0xbc TankFu.o
                0x00000000000099e4                joinNetGame
 .text.init_scores
                0x0000000000009aa0       0x18 TankFu.o
                0x0000000000009aa0                init_scores
 .text.init_handles
                0x0000000000009ab8       0x18 TankFu.o
                0x0000000000009ab8                init_handles
 .text.init_tile_animations
                0x0000000000009ad0       0x4e TankFu.o
                0x0000000000009ad0                init_tile_animations
 .text.init_scope_animation
                0x0000000000009b1e       0x30 TankFu.o
                0x0000000000009b1e                init_scope_animation
 .text.init_sub_animation
                0x0000000000009b4e       0x28 TankFu.o
                0x0000000000009b4e                init_sub_animation
 .text.init_shot_state
                0x0000000000009b76       0x34 TankFu.o
                0x0000000000009b76                init_shot_state
 .text.set_shot_animations
                0x0000000000009baa       0x64 TankFu.o
                0x0000000000009baa                set_shot_animations
 .text.init_turret
                0x0000000000009c0e       0x54 TankFu.o
                0x0000000000009c0e                init_turret
 .text.init_player
                0x0000000000009c62       0xf0 TankFu.o
                0x0000000000009c62                init_player
 .text.player_init_shot_state
                0x0000000000009d52        0xe TankFu.o
                0x0000000000009d52                player_init_shot_state
 .text.init_game_state
                0x0000000000009d60       0x4e TankFu.o
                0x0000000000009d60                init_game_state
 .text.player_spawn
                0x0000000000009dae       0x48 TankFu.o
                0x0000000000009dae                player_spawn
 .text.waitForVSync
                0x0000000000009df6        0x8 TankFu.o
                0x0000000000009df6                waitForVSync
 .text.load_eeprom
                0x0000000000009dfe       0x24 TankFu.o
                0x0000000000009dfe                load_eeprom
 .text.fade_through
                0x0000000000009e22        0xc TankFu.o
                0x0000000000009e22                fade_through
 .text.clear_sprites
                0x0000000000009e2e       0x1a TankFu.o
                0x0000000000009e2e                clear_sprites
 .text.save_score
                0x0000000000009e48      0x104 TankFu.o
                0x0000000000009e48                save_score
 .text.position_shot
                0x0000000000009f4c       0x8a TankFu.o
                0x0000000000009f4c                position_shot
 .text.print_level_score
                0x0000000000009fd6       0x8c TankFu.o
                0x0000000000009fd6                print_level_score
 .text.print_final_score
                0x000000000000a062       0xbc TankFu.o
                0x000000000000a062                print_final_score
 .text.shoot_pressed
                0x000000000000a11e       0x14 TankFu.o
                0x000000000000a11e                shoot_pressed
 .text.get_delta
                0x000000000000a132       0x24 TankFu.o
                0x000000000000a132                get_delta
 .text.render_hud
                0x000000000000a156       0x3a TankFu.o
                0x000000000000a156                render_hud
 .text.render_score
                0x000000000000a190       0x40 TankFu.o
                0x000000000000a190                render_score
 .text.render_player
                0x000000000000a1d0       0x40 TankFu.o
                0x000000000000a1d0                render_player
 .text.render_shot
                0x000000000000a210       0x3c TankFu.o
                0x000000000000a210                render_shot
 .text.render_tile_explosions
                0x000000000000a24c       0x6a TankFu.o
                0x000000000000a24c                render_tile_explosions
 .text.render_scope
                0x000000000000a2b6       0x34 TankFu.o
                0x000000000000a2b6                render_scope
 .text.tank_map
                0x000000000000a2ea       0xea TankFu.o
                0x000000000000a2ea                tank_map
 .text.shot_map
                0x000000000000a3d4       0x54 TankFu.o
                0x000000000000a3d4                shot_map
 .text.recoil_sprite
                0x000000000000a428       0x9c TankFu.o
                0x000000000000a428                recoil_sprite
 .text.recoil_sprite_fine
                0x000000000000a4c4       0x58 TankFu.o
                0x000000000000a4c4                recoil_sprite_fine
 .text.solid_square_tile
                0x000000000000a51c       0x24 TankFu.o
                0x000000000000a51c                solid_square_tile
 .text.solid_directional_tile
                0x000000000000a540       0x2c TankFu.o
                0x000000000000a540                solid_directional_tile
 .text.solid_tile
                0x000000000000a56c       0x28 TankFu.o
                0x000000000000a56c                solid_tile
 .text.collides_directional_tile
                0x000000000000a594      0x392 TankFu.o
                0x000000000000a594                collides_directional_tile
 .text.player_shot
                0x000000000000a926       0x96 TankFu.o
                0x000000000000a926                player_shot
 .text.turret_shot
                0x000000000000a9bc       0x7a TankFu.o
                0x000000000000a9bc                turret_shot
 .text.collision_detect_boundries
                0x000000000000aa36       0x34 TankFu.o
                0x000000000000aa36                collision_detect_boundries
 .text.drop_item
                0x000000000000aa6a       0x68 TankFu.o
                0x000000000000aa6a                drop_item
 .text.kill_player
                0x000000000000aad2       0xbc TankFu.o
                0x000000000000aad2                kill_player
 .text.get_interesting_tile_indexes_shot
                0x000000000000ab8e       0x44 TankFu.o
                0x000000000000ab8e                get_interesting_tile_indexes_shot
 .text.explode_tile
                0x000000000000abd2       0x7c TankFu.o
                0x000000000000abd2                explode_tile
 .text.richochet
                0x000000000000ac4e       0x42 TankFu.o
                0x000000000000ac4e                richochet
 .text.get_interesting_tile_indexes
                0x000000000000ac90       0x60 TankFu.o
                0x000000000000ac90                get_interesting_tile_indexes
 .text.explode_player
                0x000000000000acf0       0x46 TankFu.o
                0x000000000000acf0                explode_player
 .text.slide    0x000000000000ad36       0xd0 TankFu.o
                0x000000000000ad36                slide
 .text.load_level_tiles
                0x000000000000ae06       0xe6 TankFu.o
                0x000000000000ae06                load_level_tiles
 .text.prep_player
                0x000000000000aeec       0x34 TankFu.o
                0x000000000000aeec                prep_player
 .text.load_level
                0x000000000000af20      0x166 TankFu.o
                0x000000000000af20                load_level
 .text.level_transition
                0x000000000000b086       0x54 TankFu.o
                0x000000000000b086                level_transition
 .text.render_boss_fight_scope_load
                0x000000000000b0da       0x26 TankFu.o
                0x000000000000b0da                render_boss_fight_scope_load
 .text.render_boss_fight_sub_load
                0x000000000000b100       0x42 TankFu.o
                0x000000000000b100                render_boss_fight_sub_load
 .text.render_boss_fight_sub_sinking
                0x000000000000b142       0x2a TankFu.o
                0x000000000000b142                render_boss_fight_sub_sinking
 .text.render_boss_turret
                0x000000000000b16c       0x32 TankFu.o
                0x000000000000b16c                render_boss_turret
 .text.render_boss_turret_shot
                0x000000000000b19e       0x32 TankFu.o
                0x000000000000b19e                render_boss_turret_shot
 .text.update_turret
                0x000000000000b1d0       0x9c TankFu.o
                0x000000000000b1d0                update_turret
 .text.load_splash
                0x000000000000b26c       0x88 TankFu.o
                0x000000000000b26c                load_splash
 .text.select_pressed
                0x000000000000b2f4       0x14 TankFu.o
                0x000000000000b2f4                select_pressed
 .text.load_tank_rank
                0x000000000000b308      0x136 TankFu.o
                0x000000000000b308                load_tank_rank
 .text.exit_game
                0x000000000000b43e       0x10 TankFu.o
                0x000000000000b43e                exit_game
 .text.update_tank_rank
                0x000000000000b44e       0xc4 TankFu.o
                0x000000000000b44e                update_tank_rank
 .text._handle_select_render_helper
                0x000000000000b512      0x17a TankFu.o
                0x000000000000b512                _handle_select_render_helper
 .text.load_handle_select
                0x000000000000b68c      0x122 TankFu.o
                0x000000000000b68c                load_handle_select
 .text.load_host_net_game
                0x000000000000b7ae       0xa2 TankFu.o
                0x000000000000b7ae                load_host_net_game
 .text.update_host_net_game
                0x000000000000b850       0x58 TankFu.o
                0x000000000000b850                update_host_net_game
 .text.load_join_net_game
                0x000000000000b8a8       0x9c TankFu.o
                0x000000000000b8a8                load_join_net_game
 .text.update_splash
                0x000000000000b944      0x230 TankFu.o
                0x000000000000b944                update_splash
 .text.update_join_net_game
                0x000000000000bb74      0x1c8 TankFu.o
                0x000000000000bb74                update_join_net_game
 .text.button_map
                0x000000000000bd3c       0x2c TankFu.o
                0x000000000000bd3c                button_map
 .text.crash_and_turn
                0x000000000000bd68      0x200 TankFu.o
                0x000000000000bd68                crash_and_turn
 .text.get_cpu_goal_direction
                0x000000000000bf68       0x66 TankFu.o
                0x000000000000bf68                get_cpu_goal_direction
 .text.get_cpu_joypad_state
                0x000000000000bfce      0x468 TankFu.o
                0x000000000000bfce                get_cpu_joypad_state
 .text.stream_text_middle
                0x000000000000c436       0x84 TankFu.o
                0x000000000000c436                stream_text_middle
 .text.load_credits
                0x000000000000c4ba       0x1e TankFu.o
                0x000000000000c4ba                load_credits
 .text.get_net_message
                0x000000000000c4d8      0x37e TankFu.o
                0x000000000000c4d8                get_net_message
 .text.send_net_message
                0x000000000000c856       0x94 TankFu.o
                0x000000000000c856                send_net_message
 .text.send_smart_net_message
                0x000000000000c8ea       0x26 TankFu.o
                0x000000000000c8ea                send_smart_net_message
 .text.is_net_player
                0x000000000000c910       0x24 TankFu.o
                0x000000000000c910                is_net_player
 .text.resolve_scoring
                0x000000000000c934      0x1ba TankFu.o
                0x000000000000c934                resolve_scoring
 .text.collision_detect_shot
                0x000000000000caee      0x482 TankFu.o
                0x000000000000caee                collision_detect_shot
 .text.update_player
                0x000000000000cf70      0x2b6 TankFu.o
                0x000000000000cf70                update_player
 .text.collision_detect_player
                0x000000000000d226      0x3d4 TankFu.o
                0x000000000000d226                collision_detect_player
 .text.update_turret_shot
                0x000000000000d5fa       0xd6 TankFu.o
                0x000000000000d5fa                update_turret_shot
 .text.update_level
                0x000000000000d6d0      0x468 TankFu.o
                0x000000000000d6d0                update_level
 .text._handle_select_helper
                0x000000000000db38      0x3ea TankFu.o
                0x000000000000db38                _handle_select_helper
 .text.update_handle_select
                0x000000000000df22       0xbc TankFu.o
                0x000000000000df22                update_handle_select
 .text.player_posture_changed
                0x000000000000dfde       0x22 TankFu.o
                0x000000000000dfde                player_posture_changed
 .text.startup.main
                0x000000000000e000      0x1e8 TankFu.o
                0x000000000000e000                main
 .text.libgcc.div
                0x000000000000e1e8       0x18 /usr/local/lib/gcc/avr/4.9.2/avr5/libgcc.a(_udivmodqi4.o)
                0x000000000000e1e8                __udivmodqi4
 .text.libgcc.div
                0x000000000000e200       0x28 /usr/local/lib/gcc/avr/4.9.2/avr5/libgcc.a(_udivmodhi4.o)
                0x000000000000e200                __udivmodhi4
 .text.libgcc.div
                0x000000000000e228       0x28 /usr/local/lib/gcc/avr/4.9.2/avr5/libgcc.a(_divmodhi4.o)
                0x000000000000e228                __divmodhi4
                0x000000000000e228                _div
 .text.avr-libc
                0x000000000000e250       0x12 /usr/local/lib/gcc/avr/4.9.2/../../../../avr/lib/avr5/libc.a(memcpy_P.o)
                0x000000000000e250                memcpy_P
 .text.avr-libc
                0x000000000000e262       0x16 /usr/local/lib/gcc/avr/4.9.2/../../../../avr/lib/avr5/libc.a(strnlen_P.o)
                0x000000000000e262                strnlen_P
 .text.avr-libc
                0x000000000000e278       0x14 /usr/local/lib/gcc/avr/4.9.2/../../../../avr/lib/avr5/libc.a(strupr.o)
                0x000000000000e278                strupr
 .text.avr-libc
                0x000000000000e28c       0x46 /usr/local/lib/gcc/avr/4.9.2/../../../../avr/lib/avr5/libc.a(sprintf.o)
                0x000000000000e28c                sprintf
 .text.avr-libc
                0x000000000000e2d2      0x3a4 /usr/local/lib/gcc/avr/4.9.2/../../../../avr/lib/avr5/libc.a(vfprintf_std.o)
                0x000000000000e2d2                vfprintf
 .text.avr-libc
                0x000000000000e676       0x16 /usr/local/lib/gcc/avr/4.9.2/../../../../avr/lib/avr5/libc.a(strnlen.o)
                0x000000000000e676                strnlen
 .text.avr-libc
                0x000000000000e68c       0x70 /usr/local/lib/gcc/avr/4.9.2/../../../../avr/lib/avr5/libc.a(fputc.o)
                0x000000000000e68c                fputc
 .text.avr-libc
                0x000000000000e6fc       0xbc /usr/local/lib/gcc/avr/4.9.2/../../../../avr/lib/avr5/libc.a(ultoa_invert.o)
                0x000000000000e6fc                __ultoa_invert
 .text.libgcc.prologue
                0x000000000000e7b8       0x38 /usr/local/lib/gcc/avr/4.9.2/avr5/libgcc.a(_prologue.o)
                0x000000000000e7b8                __prologue_saves__
 .text.libgcc.prologue
                0x000000000000e7f0       0x36 /usr/local/lib/gcc/avr/4.9.2/avr5/libgcc.a(_epilogue.o)
                0x000000000000e7f0                __epilogue_restores__
                0x000000000000e826                . = ALIGN (0x2)
 *(.fini9)
 .fini9         0x000000000000e826        0x0 /usr/local/lib/gcc/avr/4.9.2/avr5/libgcc.a(_exit.o)
                0x000000000000e826                exit
                0x000000000000e826                _exit
 *(.fini9)
 *(.fini8)
 *(.fini8)
 *(.fini7)
 *(.fini7)
 *(.fini6)
 *(.fini6)
 *(.fini5)
 *(.fini5)
 *(.fini4)
 *(.fini4)
 *(.fini3)
 *(.fini3)
 *(.fini2)
 *(.fini2)
 *(.fini1)
 *(.fini1)
 *(.fini0)
 .fini0         0x000000000000e826        0x4 /usr/local/lib/gcc/avr/4.9.2/avr5/libgcc.a(_exit.o)
 *(.fini0)
                0x000000000000e82a                _etext = .

.data           0x0000000000800100       0x54 load address 0x000000000000e82a
                0x0000000000800100                PROVIDE (__data_start, .)
 *(.data)
 .data          0x0000000000800100        0x1 uzeboxVideoEngine.o
 .data          0x0000000000800101        0xc TankFu.o
                0x0000000000800101                gameIdIndex
                0x0000000000800102                gameId
                0x000000000080010b                global_frame_counter
 *(.data*)
 *(.rodata)
 *(.rodata*)
 .rodata.str1.1
                0x000000000080010d       0x46 TankFu.o
 *(.gnu.linkonce.d*)
                0x0000000000800154                . = ALIGN (0x2)
 *fill*         0x0000000000800153        0x1 
                0x0000000000800154                _edata = .
                0x0000000000800154                PROVIDE (__data_end, .)

.bss            0x0000000000800154      0xf0b
                0x0000000000800154                PROVIDE (__bss_start, .)
 *(.bss)
 *fill*         0x0000000000800154        0xc 
 .bss           0x0000000000800160      0x920 uzeboxVideoEngineCore.o
                0x0000000000800160                vram
                0x00000000008004a8                sprites
                0x00000000008004a8                overlay_vram
                0x00000000008004d0                ram_tiles
                0x0000000000800a10                ram_tiles_restore
                0x0000000000800a4f                free_tile_index
                0x0000000000800a50                user_ram_tiles_c
                0x0000000000800a51                user_ram_tiles_c_tmp
                0x0000000000800a52                sprites_tile_banks
                0x0000000000800a5d                Screen
                0x0000000000800a60                sync_phase
                0x0000000000800a61                sync_pulse
                0x0000000000800a62                sync_flags
                0x0000000000800a67                first_render_line
                0x0000000000800a68                render_lines_count
                0x0000000000800a69                joypad1_status_lo
                0x0000000000800a6b                joypad1_status_hi
                0x0000000000800a6d                joypad2_status_lo
                0x0000000000800a6f                joypad2_status_hi
 .bss           0x0000000000800a80        0x2 uzeboxCore.o
 .bss           0x0000000000800a82        0x1 uzeboxSoundEngine.o
                0x0000000000800a82                playSong
 .bss           0x0000000000800a83       0x19 uzeboxSoundEngineCore.o
                0x0000000000800a83                sound_enabled
                0x0000000000800a84                mixer
                0x0000000000800a97                tr4_params
                0x0000000000800a98                tr4_barrel_lo
                0x0000000000800a99                tr4_barrel_hi
 .bss           0x0000000000800a9c        0x4 TankFu.o
                0x0000000000800a9c                p_prev
 *(.bss*)
 *(COMMON)
 COMMON         0x0000000000800aa0       0x65 uzeboxCore.o
                0x0000000000800aa0                uart_tx_buf
                0x0000000000800ac0                joypadsConnectionStatus
                0x0000000000800ac1                uart_rx_head
                0x0000000000800ac2                uart_tx_head
                0x0000000000800ac3                uart_rx_tail
                0x0000000000800ac4                uart_rx_buf
                0x0000000000800b04                uart_tx_tail
 COMMON         0x0000000000800b05       0x6c uzeboxSoundEngine.o
                0x0000000000800b05                songStart
                0x0000000000800b07                tracks
                0x0000000000800b63                currDeltaTime
                0x0000000000800b65                patchPointers
                0x0000000000800b67                lastStatus
                0x0000000000800b68                masterVolume
                0x0000000000800b69                nextDeltaTime
                0x0000000000800b6b                songSpeed
                0x0000000000800b6c                songPos
                0x0000000000800b6e                loopStart
                0x0000000000800b70                step
 COMMON         0x0000000000800b71        0x5 uzeboxVideoEngine.o
                0x0000000000800b71                fadeSpeed
                0x0000000000800b72                fadeDir
                0x0000000000800b73                fadeActive
                0x0000000000800b74                currFadeFrame
                0x0000000000800b75                fadeStep
 COMMON         0x0000000000800b76      0x4e9 TankFu.o
                0x0000000000800b76                scores
                0x0000000000800b96                handles
                0x0000000000800bb6                game
                0x0000000000800bca                tile_animations
                0x0000000000800be7                wifi_status
                0x0000000000800be8                player1
                0x0000000000800c6f                level
                0x0000000000800f5e                player2
                0x0000000000800fe5                sub_animation
                0x0000000000800ff3                scope_animation
                0x0000000000801001                turret2
                0x0000000000801030                turret1
                0x000000000080105f                PROVIDE (__bss_end, .)
                0x000000000000e82a                __data_load_start = LOADADDR (.data)
                0x000000000000e87e                __data_load_end = (__data_load_start + SIZEOF (.data))

.noinit         0x000000000080105f        0x0
                0x000000000080105f                PROVIDE (__noinit_start, .)
 *(.noinit*)
                0x000000000080105f                PROVIDE (__noinit_end, .)
                0x000000000080105f                _end = .
                0x000000000080105f                PROVIDE (__heap_start, .)

.eeprom         0x0000000000810000        0x0
 *(.eeprom*)
                0x0000000000810000                __eeprom_end = .

.fuse
 *(.fuse)
 *(.lfuse)
 *(.hfuse)
 *(.efuse)

.lock
 *(.lock*)

.signature
 *(.signature*)

.stab           0x0000000000000000      0x8c4
 *(.stab)
 .stab          0x0000000000000000       0xf0 /usr/local/lib/gcc/avr/4.9.2/avr5/libgcc.a(_udivmodqi4.o)
 .stab          0x00000000000000f0      0x15c /usr/local/lib/gcc/avr/4.9.2/avr5/libgcc.a(_udivmodhi4.o)
                                        0x168 (size before relaxing)
 .stab          0x000000000000024c      0x138 /usr/local/lib/gcc/avr/4.9.2/avr5/libgcc.a(_divmodhi4.o)
                                        0x144 (size before relaxing)
 .stab          0x0000000000000384       0x6c /usr/local/lib/gcc/avr/4.9.2/avr5/libgcc.a(_exit.o)
                                         0x78 (size before relaxing)
 .stab          0x00000000000003f0       0xd8 /usr/local/lib/gcc/avr/4.9.2/avr5/libgcc.a(_copy_data.o)
                                         0xe4 (size before relaxing)
 .stab          0x00000000000004c8       0xb4 /usr/local/lib/gcc/avr/4.9.2/avr5/libgcc.a(_clear_bss.o)
                                         0xc0 (size before relaxing)
 .stab          0x000000000000057c      0x1a4 /usr/local/lib/gcc/avr/4.9.2/avr5/libgcc.a(_prologue.o)
                                        0x1b0 (size before relaxing)
 .stab          0x0000000000000720      0x1a4 /usr/local/lib/gcc/avr/4.9.2/avr5/libgcc.a(_epilogue.o)
                                        0x1b0 (size before relaxing)

.stabstr        0x0000000000000000      0x2ff
 *(.stabstr)
 .stabstr       0x0000000000000000      0x2ff /usr/local/lib/gcc/avr/4.9.2/avr5/libgcc.a(_udivmodqi4.o)

.stab.excl
 *(.stab.excl)

.stab.exclstr
 *(.stab.exclstr)

.stab.index
 *(.stab.index)

.stab.indexstr
 *(.stab.indexstr)

.comment        0x0000000000000000       0x11
 *(.comment)
 .comment       0x0000000000000000       0x11 uzeboxCore.o
                                         0x12 (size before relaxing)
 .comment       0x0000000000000011       0x12 uzeboxSoundEngine.o
 .comment       0x0000000000000011       0x12 uzeboxVideoEngine.o
 .comment       0x0000000000000011       0x12 TankFu.o
 .comment       0x0000000000000011       0x12 /usr/local/lib/gcc/avr/4.9.2/../../../../avr/lib/avr5/libc.a(sprintf.o)
 .comment       0x0000000000000011       0x12 /usr/local/lib/gcc/avr/4.9.2/../../../../avr/lib/avr5/libc.a(vfprintf_std.o)
 .comment       0x0000000000000011       0x12 /usr/local/lib/gcc/avr/4.9.2/../../../../avr/lib/avr5/libc.a(fputc.o)

.note.gnu.build-id
 *(.note.gnu.build-id)

.debug
 *(.debug)

.line
 *(.line)

.debug_srcinfo
 *(.debug_srcinfo)

.debug_sfnames
 *(.debug_sfnames)

.debug_aranges  0x0000000000000000      0x810
 *(.debug_aranges)
 .debug_aranges
                0x0000000000000000       0xf8 uzeboxVideoEngineCore.o
 .debug_aranges
                0x00000000000000f8       0xd8 uzeboxCore.o
 .debug_aranges
                0x00000000000001d0      0x100 uzeboxSoundEngine.o
 .debug_aranges
                0x00000000000002d0       0x50 uzeboxSoundEngineCore.o
 .debug_aranges
                0x0000000000000320       0xf8 uzeboxVideoEngine.o
 .debug_aranges
                0x0000000000000418      0x3f8 TankFu.o

.debug_pubnames
 *(.debug_pubnames)

.debug_info     0x0000000000000000     0xc43e
 *(.debug_info .gnu.linkonce.wi.*)
 .debug_info    0x0000000000000000      0x672 /usr/local/lib/gcc/avr/4.9.2/../../../../avr/lib/avr5/crtm644.o
 .debug_info    0x0000000000000672       0x7d uzeboxVideoEngineCore.o
 .debug_info    0x00000000000006ef      0xcd2 uzeboxCore.o
 .debug_info    0x00000000000013c1     0x1216 uzeboxSoundEngine.o
 .debug_info    0x00000000000025d7       0x74 uzeboxSoundEngineCore.o
 .debug_info    0x000000000000264b     0x124f uzeboxVideoEngine.o
 .debug_info    0x000000000000389a     0x8ba4 TankFu.o

.debug_abbrev   0x0000000000000000     0x1702
 *(.debug_abbrev)
 .debug_abbrev  0x0000000000000000      0x619 /usr/local/lib/gcc/avr/4.9.2/../../../../avr/lib/avr5/crtm644.o
 .debug_abbrev  0x0000000000000619       0x12 uzeboxVideoEngineCore.o
 .debug_abbrev  0x000000000000062b      0x36c uzeboxCore.o
 .debug_abbrev  0x0000000000000997      0x35c uzeboxSoundEngine.o
 .debug_abbrev  0x0000000000000cf3       0x12 uzeboxSoundEngineCore.o
 .debug_abbrev  0x0000000000000d05      0x3c6 uzeboxVideoEngine.o
 .debug_abbrev  0x00000000000010cb      0x637 TankFu.o

.debug_line     0x0000000000000000     0x29d3
 *(.debug_line .debug_line.* .debug_line_end)
 .debug_line    0x0000000000000000       0x1d /usr/local/lib/gcc/avr/4.9.2/../../../../avr/lib/avr5/crtm644.o
 .debug_line    0x000000000000001d      0x52b uzeboxVideoEngineCore.o
 .debug_line    0x0000000000000548      0x369 uzeboxCore.o
 .debug_line    0x00000000000008b1      0x3e2 uzeboxSoundEngine.o
 .debug_line    0x0000000000000c93      0x1ae uzeboxSoundEngineCore.o
 .debug_line    0x0000000000000e41      0x449 uzeboxVideoEngine.o
 .debug_line    0x000000000000128a     0x1749 TankFu.o

.debug_frame    0x0000000000000000     0x19ac
 *(.debug_frame)
 .debug_frame   0x0000000000000000      0x25c uzeboxCore.o
 .debug_frame   0x000000000000025c      0x284 uzeboxSoundEngine.o
 .debug_frame   0x00000000000004e0      0x47c uzeboxVideoEngine.o
 .debug_frame   0x000000000000095c     0x1050 TankFu.o

.debug_str      0x0000000000000000     0x23b1
 *(.debug_str)
 .debug_str     0x0000000000000000      0x231 /usr/local/lib/gcc/avr/4.9.2/../../../../avr/lib/avr5/crtm644.o
 .debug_str     0x0000000000000231      0x5a7 uzeboxCore.o
                                        0x60d (size before relaxing)
 .debug_str     0x00000000000007d8      0x40a uzeboxSoundEngine.o
                                        0x646 (size before relaxing)
 .debug_str     0x0000000000000be2      0x2f6 uzeboxVideoEngine.o
                                        0x481 (size before relaxing)
 .debug_str     0x0000000000000ed8     0x14d9 TankFu.o
                                       0x1965 (size before relaxing)

.debug_loc      0x0000000000000000     0xac4d
 *(.debug_loc)
 .debug_loc     0x0000000000000000      0xa8c uzeboxCore.o
 .debug_loc     0x0000000000000a8c     0x1063 uzeboxSoundEngine.o
 .debug_loc     0x0000000000001aef     0x1b45 uzeboxVideoEngine.o
 .debug_loc     0x0000000000003634     0x7619 TankFu.o

.debug_macinfo
 *(.debug_macinfo)

.debug_weaknames
 *(.debug_weaknames)

.debug_funcnames
 *(.debug_funcnames)

.debug_typenames
 *(.debug_typenames)

.debug_varnames
 *(.debug_varnames)

.debug_pubtypes
 *(.debug_pubtypes)

.debug_ranges   0x0000000000000000      0x970
 *(.debug_ranges)
 .debug_ranges  0x0000000000000000       0xf0 uzeboxVideoEngineCore.o
 .debug_ranges  0x00000000000000f0       0xe0 uzeboxCore.o
 .debug_ranges  0x00000000000001d0      0x138 uzeboxSoundEngine.o
 .debug_ranges  0x0000000000000308       0x48 uzeboxSoundEngineCore.o
 .debug_ranges  0x0000000000000350      0x118 uzeboxVideoEngine.o
 .debug_ranges  0x0000000000000468      0x508 TankFu.o

.debug_macro
 *(.debug_macro)
OUTPUT(TankFu.elf elf32-avr)
LOAD linker stubs
