Archive member included to satisfy reference by file (symbol)

/usr/local/lib/gcc/avr/4.9.2/avr5/libgcc.a(_udivmodqi4.o)
                              uzeboxVideoEngine.o (__udivmodqi4)
/usr/local/lib/gcc/avr/4.9.2/avr5/libgcc.a(_udivmodhi4.o)
                              uzeboxVideoEngine.o (__udivmodhi4)
/usr/local/lib/gcc/avr/4.9.2/avr5/libgcc.a(_divmodhi4.o)
                              uzeboxSoundEngine.o (__divmodhi4)
/usr/local/lib/gcc/avr/4.9.2/avr5/libgcc.a(_udivmodsi4.o)
                              uzeboxVideoEngine.o (__udivmodsi4)
/usr/local/lib/gcc/avr/4.9.2/avr5/libgcc.a(_exit.o)
                              /usr/local/lib/gcc/avr/4.9.2/../../../../avr/lib/avr5/crtm644.o (exit)
/usr/local/lib/gcc/avr/4.9.2/avr5/libgcc.a(_copy_data.o)
                              uzeboxVideoEngine.o (__do_copy_data)
/usr/local/lib/gcc/avr/4.9.2/avr5/libgcc.a(_clear_bss.o)
                              uzeboxCore.o (__do_clear_bss)
/usr/local/lib/gcc/avr/4.9.2/../../../../avr/lib/avr5/libm.a(addsf3.o)
                              TankFu.o (__subsf3)
/usr/local/lib/gcc/avr/4.9.2/../../../../avr/lib/avr5/libm.a(addsf3x.o)
                              /usr/local/lib/gcc/avr/4.9.2/../../../../avr/lib/avr5/libm.a(addsf3.o) (__addsf3x)
/usr/local/lib/gcc/avr/4.9.2/../../../../avr/lib/avr5/libm.a(cmpsf2.o)
                              TankFu.o (__eqsf2)
/usr/local/lib/gcc/avr/4.9.2/../../../../avr/lib/avr5/libm.a(divsf3.o)
                              TankFu.o (__divsf3)
/usr/local/lib/gcc/avr/4.9.2/../../../../avr/lib/avr5/libm.a(divsf3x.o)
                              /usr/local/lib/gcc/avr/4.9.2/../../../../avr/lib/avr5/libm.a(divsf3.o) (__divsf3x)
/usr/local/lib/gcc/avr/4.9.2/../../../../avr/lib/avr5/libm.a(fixsfsi.o)
                              TankFu.o (__fixsfsi)
/usr/local/lib/gcc/avr/4.9.2/../../../../avr/lib/avr5/libm.a(fixunssfsi.o)
                              TankFu.o (__fixunssfsi)
/usr/local/lib/gcc/avr/4.9.2/../../../../avr/lib/avr5/libm.a(floatsisf.o)
                              TankFu.o (__floatunsisf)
/usr/local/lib/gcc/avr/4.9.2/../../../../avr/lib/avr5/libm.a(fp_cmp.o)
                              /usr/local/lib/gcc/avr/4.9.2/../../../../avr/lib/avr5/libm.a(cmpsf2.o) (__fp_cmp)
/usr/local/lib/gcc/avr/4.9.2/../../../../avr/lib/avr5/libm.a(fp_inf.o)
                              /usr/local/lib/gcc/avr/4.9.2/../../../../avr/lib/avr5/libm.a(addsf3x.o) (__fp_inf)
/usr/local/lib/gcc/avr/4.9.2/../../../../avr/lib/avr5/libm.a(fp_nan.o)
                              /usr/local/lib/gcc/avr/4.9.2/../../../../avr/lib/avr5/libm.a(addsf3x.o) (__fp_nan)
/usr/local/lib/gcc/avr/4.9.2/../../../../avr/lib/avr5/libm.a(fp_pscA.o)
                              /usr/local/lib/gcc/avr/4.9.2/../../../../avr/lib/avr5/libm.a(addsf3x.o) (__fp_pscA)
/usr/local/lib/gcc/avr/4.9.2/../../../../avr/lib/avr5/libm.a(fp_pscB.o)
                              /usr/local/lib/gcc/avr/4.9.2/../../../../avr/lib/avr5/libm.a(addsf3x.o) (__fp_pscB)
/usr/local/lib/gcc/avr/4.9.2/../../../../avr/lib/avr5/libm.a(fp_round.o)
                              /usr/local/lib/gcc/avr/4.9.2/../../../../avr/lib/avr5/libm.a(addsf3.o) (__fp_round)
/usr/local/lib/gcc/avr/4.9.2/../../../../avr/lib/avr5/libm.a(fp_split3.o)
                              /usr/local/lib/gcc/avr/4.9.2/../../../../avr/lib/avr5/libm.a(addsf3x.o) (__fp_split3)
/usr/local/lib/gcc/avr/4.9.2/../../../../avr/lib/avr5/libm.a(fp_zero.o)
                              /usr/local/lib/gcc/avr/4.9.2/../../../../avr/lib/avr5/libm.a(addsf3x.o) (__fp_zero)
/usr/local/lib/gcc/avr/4.9.2/../../../../avr/lib/avr5/libm.a(gesf2.o)
                              TankFu.o (__gtsf2)
/usr/local/lib/gcc/avr/4.9.2/../../../../avr/lib/avr5/libm.a(mulsf3.o)
                              TankFu.o (__mulsf3)
/usr/local/lib/gcc/avr/4.9.2/../../../../avr/lib/avr5/libm.a(mulsf3x.o)
                              /usr/local/lib/gcc/avr/4.9.2/../../../../avr/lib/avr5/libm.a(mulsf3.o) (__mulsf3x)
/usr/local/lib/gcc/avr/4.9.2/../../../../avr/lib/avr5/libc.a(memcpy_P.o)
                              TankFu.o (memcpy_P)
/usr/local/lib/gcc/avr/4.9.2/../../../../avr/lib/avr5/libc.a(strnlen_P.o)
                              TankFu.o (strnlen_P)

Allocating common symbols
Common symbol       size              file

songStart           0x2               uzeboxSoundEngine.o
tracks              0x73              uzeboxSoundEngine.o
scores              0x20              TankFu.o
fadeSpeed           0x1               uzeboxVideoEngine.o
p2                  0x7               TankFu.o
currDeltaTime       0x2               uzeboxSoundEngine.o
fadeDir             0x1               uzeboxVideoEngine.o
patchPointers       0x2               uzeboxSoundEngine.o
handles             0x20              TankFu.o
game                0x14              TankFu.o
tile_animations     0x1d              TankFu.o
lastStatus          0x1               uzeboxSoundEngine.o
joypadsConnectionStatus
                    0x1               uzeboxCore.o
player1             0x79              TankFu.o
fadeActive          0x1               uzeboxVideoEngine.o
p1                  0x7               TankFu.o
masterVolume        0x1               uzeboxSoundEngine.o
nextDeltaTime       0x2               uzeboxSoundEngine.o
songSpeed           0x1               uzeboxSoundEngine.o
songPos             0x2               uzeboxSoundEngine.o
level               0x2ef             TankFu.o
player2             0x79              TankFu.o
loopStart           0x2               uzeboxSoundEngine.o
sub_animation       0xe               TankFu.o
scope_animation     0xe               TankFu.o
step                0x1               uzeboxSoundEngine.o
currFadeFrame       0x1               uzeboxVideoEngine.o
fadeStep            0x1               uzeboxVideoEngine.o
turret2             0x34              TankFu.o
turret1             0x34              TankFu.o

Discarded input sections

 .data          0x0000000000000000        0x0 /usr/local/lib/gcc/avr/4.9.2/../../../../avr/lib/avr5/crtm644.o
 .bss           0x0000000000000000        0x0 /usr/local/lib/gcc/avr/4.9.2/../../../../avr/lib/avr5/crtm644.o
 .data          0x0000000000000000        0x0 uzeboxVideoEngineCore.o
 .text.SetSpritesTileBank
                0x0000000000000000       0x12 uzeboxVideoEngineCore.o
 .text.GetTile  0x0000000000000000       0x1e uzeboxVideoEngineCore.o
 .text.GetVsyncCounter
                0x0000000000000000        0xa uzeboxVideoEngineCore.o
 .text.ClearVsyncCounter
                0x0000000000000000        0xa uzeboxVideoEngineCore.o
 .text.SetUserPreVsyncCallback
                0x0000000000000000        0xa uzeboxVideoEngineCore.o
 .text.SetUserPostVsyncCallback
                0x0000000000000000        0xa uzeboxVideoEngineCore.o
 .text.IsRunningInEmulator
                0x0000000000000000       0x12 uzeboxVideoEngineCore.o
 .text.WaitClocks
                0x0000000000000000        0x6 uzeboxVideoEngineCore.o
 .text.SetLedOn
                0x0000000000000000        0x4 uzeboxVideoEngineCore.o
 .text.SetLedOff
                0x0000000000000000        0x4 uzeboxVideoEngineCore.o
 .text.ToggleLed
                0x0000000000000000        0x4 uzeboxVideoEngineCore.o
 .text.internal_spi_byte
                0x0000000000000000        0xe uzeboxVideoEngineCore.o
 .text          0x0000000000000000        0x0 uzeboxCore.o
 .data          0x0000000000000000        0x0 uzeboxCore.o
 .text.SetRenderingParameters
                0x0000000000000000        0xa uzeboxCore.o
 .text.DetectControllers
                0x0000000000000000       0x36 uzeboxCore.o
 .text.FormatEeprom2
                0x0000000000000000       0x98 uzeboxCore.o
 .text.IsPowerSwitchPressed
                0x0000000000000000        0xe uzeboxCore.o
 .text          0x0000000000000000        0x0 uzeboxSoundEngine.o
 .data          0x0000000000000000        0x0 uzeboxSoundEngine.o
 .text.StartSong
                0x0000000000000000       0x52 uzeboxSoundEngine.o
 .text.StopSong
                0x0000000000000000       0x1c uzeboxSoundEngine.o
 .text.ResumeSong
                0x0000000000000000        0x8 uzeboxSoundEngine.o
 .text.SetSongSpeed
                0x0000000000000000        0x6 uzeboxSoundEngine.o
 .text.GetSongSpeed
                0x0000000000000000        0x6 uzeboxSoundEngine.o
 .text.GetMasterVolume
                0x0000000000000000        0x6 uzeboxSoundEngine.o
 .text.IsSongPlaying
                0x0000000000000000        0x6 uzeboxSoundEngine.o
 .data          0x0000000000000000        0x0 uzeboxSoundEngineCore.o
 .text.SetMixerNoiseParams
                0x0000000000000000       0x10 uzeboxSoundEngineCore.o
 .text.SetMixerVolume
                0x0000000000000000       0x16 uzeboxSoundEngineCore.o
 .text.EnableSoundEngine
                0x0000000000000000        0x8 uzeboxSoundEngineCore.o
 .text          0x0000000000000000        0x0 uzeboxVideoEngine.o
 .bss           0x0000000000000000        0x0 uzeboxVideoEngine.o
 .text.SetUserRamTilesCount
                0x0000000000000000        0x6 uzeboxVideoEngine.o
 .text.GetUserRamTile
                0x0000000000000000        0xe uzeboxVideoEngine.o
 .text.SetSpriteVisibility
                0x0000000000000000        0x6 uzeboxVideoEngine.o
 .text.MapSprite
                0x0000000000000000       0x80 uzeboxVideoEngine.o
 .text.PrintLong
                0x0000000000000000       0x8a uzeboxVideoEngine.o
 .text.PrintInt
                0x0000000000000000       0x70 uzeboxVideoEngine.o
 .text.PrintBinaryByte
                0x0000000000000000       0x36 uzeboxVideoEngine.o
 .text.PrintHexByte
                0x0000000000000000       0x40 uzeboxVideoEngine.o
 .text.PrintHexInt
                0x0000000000000000       0x24 uzeboxVideoEngine.o
 .text.PrintHexLong
                0x0000000000000000       0x5e uzeboxVideoEngine.o
 .text.PrintRam
                0x0000000000000000       0x36 uzeboxVideoEngine.o
 .text.Fill     0x0000000000000000       0x6e uzeboxVideoEngine.o
 .text.FontFill
                0x0000000000000000       0x6c uzeboxVideoEngine.o
 .text          0x0000000000000000        0x0 TankFu.o
 .text.LBPrintByte
                0x0000000000000000       0x6c TankFu.o
 .text.LBWaitUs
                0x0000000000000000        0x4 TankFu.o
 .text.save_eeprom
                0x0000000000000000        0x4 TankFu.o
 .text.turret_map
                0x0000000000000000       0x14 TankFu.o
 .text.turret_shot_map
                0x0000000000000000       0x14 TankFu.o
 .text          0x0000000000000000        0x0 /usr/local/lib/gcc/avr/4.9.2/avr5/libgcc.a(_udivmodqi4.o)
 .data          0x0000000000000000        0x0 /usr/local/lib/gcc/avr/4.9.2/avr5/libgcc.a(_udivmodqi4.o)
 .bss           0x0000000000000000        0x0 /usr/local/lib/gcc/avr/4.9.2/avr5/libgcc.a(_udivmodqi4.o)
 .text.libgcc.mul
                0x0000000000000000        0x0 /usr/local/lib/gcc/avr/4.9.2/avr5/libgcc.a(_udivmodqi4.o)
 .text.libgcc   0x0000000000000000        0x0 /usr/local/lib/gcc/avr/4.9.2/avr5/libgcc.a(_udivmodqi4.o)
 .text.libgcc.prologue
                0x0000000000000000        0x0 /usr/local/lib/gcc/avr/4.9.2/avr5/libgcc.a(_udivmodqi4.o)
 .text.libgcc.builtins
                0x0000000000000000        0x0 /usr/local/lib/gcc/avr/4.9.2/avr5/libgcc.a(_udivmodqi4.o)
 .text.libgcc.fmul
                0x0000000000000000        0x0 /usr/local/lib/gcc/avr/4.9.2/avr5/libgcc.a(_udivmodqi4.o)
 .text.libgcc.fixed
                0x0000000000000000        0x0 /usr/local/lib/gcc/avr/4.9.2/avr5/libgcc.a(_udivmodqi4.o)
 .text          0x0000000000000000        0x0 /usr/local/lib/gcc/avr/4.9.2/avr5/libgcc.a(_udivmodhi4.o)
 .data          0x0000000000000000        0x0 /usr/local/lib/gcc/avr/4.9.2/avr5/libgcc.a(_udivmodhi4.o)
 .bss           0x0000000000000000        0x0 /usr/local/lib/gcc/avr/4.9.2/avr5/libgcc.a(_udivmodhi4.o)
 .text.libgcc.mul
                0x0000000000000000        0x0 /usr/local/lib/gcc/avr/4.9.2/avr5/libgcc.a(_udivmodhi4.o)
 .text.libgcc   0x0000000000000000        0x0 /usr/local/lib/gcc/avr/4.9.2/avr5/libgcc.a(_udivmodhi4.o)
 .text.libgcc.prologue
                0x0000000000000000        0x0 /usr/local/lib/gcc/avr/4.9.2/avr5/libgcc.a(_udivmodhi4.o)
 .text.libgcc.builtins
                0x0000000000000000        0x0 /usr/local/lib/gcc/avr/4.9.2/avr5/libgcc.a(_udivmodhi4.o)
 .text.libgcc.fmul
                0x0000000000000000        0x0 /usr/local/lib/gcc/avr/4.9.2/avr5/libgcc.a(_udivmodhi4.o)
 .text.libgcc.fixed
                0x0000000000000000        0x0 /usr/local/lib/gcc/avr/4.9.2/avr5/libgcc.a(_udivmodhi4.o)
 .text          0x0000000000000000        0x0 /usr/local/lib/gcc/avr/4.9.2/avr5/libgcc.a(_divmodhi4.o)
 .data          0x0000000000000000        0x0 /usr/local/lib/gcc/avr/4.9.2/avr5/libgcc.a(_divmodhi4.o)
 .bss           0x0000000000000000        0x0 /usr/local/lib/gcc/avr/4.9.2/avr5/libgcc.a(_divmodhi4.o)
 .text.libgcc.mul
                0x0000000000000000        0x0 /usr/local/lib/gcc/avr/4.9.2/avr5/libgcc.a(_divmodhi4.o)
 .text.libgcc   0x0000000000000000        0x0 /usr/local/lib/gcc/avr/4.9.2/avr5/libgcc.a(_divmodhi4.o)
 .text.libgcc.prologue
                0x0000000000000000        0x0 /usr/local/lib/gcc/avr/4.9.2/avr5/libgcc.a(_divmodhi4.o)
 .text.libgcc.builtins
                0x0000000000000000        0x0 /usr/local/lib/gcc/avr/4.9.2/avr5/libgcc.a(_divmodhi4.o)
 .text.libgcc.fmul
                0x0000000000000000        0x0 /usr/local/lib/gcc/avr/4.9.2/avr5/libgcc.a(_divmodhi4.o)
 .text.libgcc.fixed
                0x0000000000000000        0x0 /usr/local/lib/gcc/avr/4.9.2/avr5/libgcc.a(_divmodhi4.o)
 .text          0x0000000000000000        0x0 /usr/local/lib/gcc/avr/4.9.2/avr5/libgcc.a(_udivmodsi4.o)
 .data          0x0000000000000000        0x0 /usr/local/lib/gcc/avr/4.9.2/avr5/libgcc.a(_udivmodsi4.o)
 .bss           0x0000000000000000        0x0 /usr/local/lib/gcc/avr/4.9.2/avr5/libgcc.a(_udivmodsi4.o)
 .stab          0x0000000000000000      0x228 /usr/local/lib/gcc/avr/4.9.2/avr5/libgcc.a(_udivmodsi4.o)
                                        0x234 (size before relaxing)
 .text.libgcc.mul
                0x0000000000000000        0x0 /usr/local/lib/gcc/avr/4.9.2/avr5/libgcc.a(_udivmodsi4.o)
 .text.libgcc.div
                0x0000000000000000       0x44 /usr/local/lib/gcc/avr/4.9.2/avr5/libgcc.a(_udivmodsi4.o)
 .text.libgcc   0x0000000000000000        0x0 /usr/local/lib/gcc/avr/4.9.2/avr5/libgcc.a(_udivmodsi4.o)
 .text.libgcc.prologue
                0x0000000000000000        0x0 /usr/local/lib/gcc/avr/4.9.2/avr5/libgcc.a(_udivmodsi4.o)
 .text.libgcc.builtins
                0x0000000000000000        0x0 /usr/local/lib/gcc/avr/4.9.2/avr5/libgcc.a(_udivmodsi4.o)
 .text.libgcc.fmul
                0x0000000000000000        0x0 /usr/local/lib/gcc/avr/4.9.2/avr5/libgcc.a(_udivmodsi4.o)
 .text.libgcc.fixed
                0x0000000000000000        0x0 /usr/local/lib/gcc/avr/4.9.2/avr5/libgcc.a(_udivmodsi4.o)
 .text          0x0000000000000000        0x0 /usr/local/lib/gcc/avr/4.9.2/avr5/libgcc.a(_exit.o)
 .data          0x0000000000000000        0x0 /usr/local/lib/gcc/avr/4.9.2/avr5/libgcc.a(_exit.o)
 .bss           0x0000000000000000        0x0 /usr/local/lib/gcc/avr/4.9.2/avr5/libgcc.a(_exit.o)
 .text.libgcc.mul
                0x0000000000000000        0x0 /usr/local/lib/gcc/avr/4.9.2/avr5/libgcc.a(_exit.o)
 .text.libgcc.div
                0x0000000000000000        0x0 /usr/local/lib/gcc/avr/4.9.2/avr5/libgcc.a(_exit.o)
 .text.libgcc   0x0000000000000000        0x0 /usr/local/lib/gcc/avr/4.9.2/avr5/libgcc.a(_exit.o)
 .text.libgcc.prologue
                0x0000000000000000        0x0 /usr/local/lib/gcc/avr/4.9.2/avr5/libgcc.a(_exit.o)
 .text.libgcc.builtins
                0x0000000000000000        0x0 /usr/local/lib/gcc/avr/4.9.2/avr5/libgcc.a(_exit.o)
 .text.libgcc.fmul
                0x0000000000000000        0x0 /usr/local/lib/gcc/avr/4.9.2/avr5/libgcc.a(_exit.o)
 .text.libgcc.fixed
                0x0000000000000000        0x0 /usr/local/lib/gcc/avr/4.9.2/avr5/libgcc.a(_exit.o)
 .text          0x0000000000000000        0x0 /usr/local/lib/gcc/avr/4.9.2/avr5/libgcc.a(_copy_data.o)
 .data          0x0000000000000000        0x0 /usr/local/lib/gcc/avr/4.9.2/avr5/libgcc.a(_copy_data.o)
 .bss           0x0000000000000000        0x0 /usr/local/lib/gcc/avr/4.9.2/avr5/libgcc.a(_copy_data.o)
 .text.libgcc.mul
                0x0000000000000000        0x0 /usr/local/lib/gcc/avr/4.9.2/avr5/libgcc.a(_copy_data.o)
 .text.libgcc.div
                0x0000000000000000        0x0 /usr/local/lib/gcc/avr/4.9.2/avr5/libgcc.a(_copy_data.o)
 .text.libgcc   0x0000000000000000        0x0 /usr/local/lib/gcc/avr/4.9.2/avr5/libgcc.a(_copy_data.o)
 .text.libgcc.prologue
                0x0000000000000000        0x0 /usr/local/lib/gcc/avr/4.9.2/avr5/libgcc.a(_copy_data.o)
 .text.libgcc.builtins
                0x0000000000000000        0x0 /usr/local/lib/gcc/avr/4.9.2/avr5/libgcc.a(_copy_data.o)
 .text.libgcc.fmul
                0x0000000000000000        0x0 /usr/local/lib/gcc/avr/4.9.2/avr5/libgcc.a(_copy_data.o)
 .text.libgcc.fixed
                0x0000000000000000        0x0 /usr/local/lib/gcc/avr/4.9.2/avr5/libgcc.a(_copy_data.o)
 .text          0x0000000000000000        0x0 /usr/local/lib/gcc/avr/4.9.2/avr5/libgcc.a(_clear_bss.o)
 .data          0x0000000000000000        0x0 /usr/local/lib/gcc/avr/4.9.2/avr5/libgcc.a(_clear_bss.o)
 .bss           0x0000000000000000        0x0 /usr/local/lib/gcc/avr/4.9.2/avr5/libgcc.a(_clear_bss.o)
 .text.libgcc.mul
                0x0000000000000000        0x0 /usr/local/lib/gcc/avr/4.9.2/avr5/libgcc.a(_clear_bss.o)
 .text.libgcc.div
                0x0000000000000000        0x0 /usr/local/lib/gcc/avr/4.9.2/avr5/libgcc.a(_clear_bss.o)
 .text.libgcc   0x0000000000000000        0x0 /usr/local/lib/gcc/avr/4.9.2/avr5/libgcc.a(_clear_bss.o)
 .text.libgcc.prologue
                0x0000000000000000        0x0 /usr/local/lib/gcc/avr/4.9.2/avr5/libgcc.a(_clear_bss.o)
 .text.libgcc.builtins
                0x0000000000000000        0x0 /usr/local/lib/gcc/avr/4.9.2/avr5/libgcc.a(_clear_bss.o)
 .text.libgcc.fmul
                0x0000000000000000        0x0 /usr/local/lib/gcc/avr/4.9.2/avr5/libgcc.a(_clear_bss.o)
 .text.libgcc.fixed
                0x0000000000000000        0x0 /usr/local/lib/gcc/avr/4.9.2/avr5/libgcc.a(_clear_bss.o)
 .text          0x0000000000000000        0x0 /usr/local/lib/gcc/avr/4.9.2/../../../../avr/lib/avr5/libm.a(addsf3.o)
 .data          0x0000000000000000        0x0 /usr/local/lib/gcc/avr/4.9.2/../../../../avr/lib/avr5/libm.a(addsf3.o)
 .bss           0x0000000000000000        0x0 /usr/local/lib/gcc/avr/4.9.2/../../../../avr/lib/avr5/libm.a(addsf3.o)
 .text          0x0000000000000000        0x0 /usr/local/lib/gcc/avr/4.9.2/../../../../avr/lib/avr5/libm.a(addsf3x.o)
 .data          0x0000000000000000        0x0 /usr/local/lib/gcc/avr/4.9.2/../../../../avr/lib/avr5/libm.a(addsf3x.o)
 .bss           0x0000000000000000        0x0 /usr/local/lib/gcc/avr/4.9.2/../../../../avr/lib/avr5/libm.a(addsf3x.o)
 .text          0x0000000000000000        0x0 /usr/local/lib/gcc/avr/4.9.2/../../../../avr/lib/avr5/libm.a(cmpsf2.o)
 .data          0x0000000000000000        0x0 /usr/local/lib/gcc/avr/4.9.2/../../../../avr/lib/avr5/libm.a(cmpsf2.o)
 .bss           0x0000000000000000        0x0 /usr/local/lib/gcc/avr/4.9.2/../../../../avr/lib/avr5/libm.a(cmpsf2.o)
 .text          0x0000000000000000        0x0 /usr/local/lib/gcc/avr/4.9.2/../../../../avr/lib/avr5/libm.a(divsf3.o)
 .data          0x0000000000000000        0x0 /usr/local/lib/gcc/avr/4.9.2/../../../../avr/lib/avr5/libm.a(divsf3.o)
 .bss           0x0000000000000000        0x0 /usr/local/lib/gcc/avr/4.9.2/../../../../avr/lib/avr5/libm.a(divsf3.o)
 .text          0x0000000000000000        0x0 /usr/local/lib/gcc/avr/4.9.2/../../../../avr/lib/avr5/libm.a(divsf3x.o)
 .data          0x0000000000000000        0x0 /usr/local/lib/gcc/avr/4.9.2/../../../../avr/lib/avr5/libm.a(divsf3x.o)
 .bss           0x0000000000000000        0x0 /usr/local/lib/gcc/avr/4.9.2/../../../../avr/lib/avr5/libm.a(divsf3x.o)
 .text          0x0000000000000000        0x0 /usr/local/lib/gcc/avr/4.9.2/../../../../avr/lib/avr5/libm.a(fixsfsi.o)
 .data          0x0000000000000000        0x0 /usr/local/lib/gcc/avr/4.9.2/../../../../avr/lib/avr5/libm.a(fixsfsi.o)
 .bss           0x0000000000000000        0x0 /usr/local/lib/gcc/avr/4.9.2/../../../../avr/lib/avr5/libm.a(fixsfsi.o)
 .text          0x0000000000000000        0x0 /usr/local/lib/gcc/avr/4.9.2/../../../../avr/lib/avr5/libm.a(fixunssfsi.o)
 .data          0x0000000000000000        0x0 /usr/local/lib/gcc/avr/4.9.2/../../../../avr/lib/avr5/libm.a(fixunssfsi.o)
 .bss           0x0000000000000000        0x0 /usr/local/lib/gcc/avr/4.9.2/../../../../avr/lib/avr5/libm.a(fixunssfsi.o)
 .text          0x0000000000000000        0x0 /usr/local/lib/gcc/avr/4.9.2/../../../../avr/lib/avr5/libm.a(floatsisf.o)
 .data          0x0000000000000000        0x0 /usr/local/lib/gcc/avr/4.9.2/../../../../avr/lib/avr5/libm.a(floatsisf.o)
 .bss           0x0000000000000000        0x0 /usr/local/lib/gcc/avr/4.9.2/../../../../avr/lib/avr5/libm.a(floatsisf.o)
 .text          0x0000000000000000        0x0 /usr/local/lib/gcc/avr/4.9.2/../../../../avr/lib/avr5/libm.a(fp_cmp.o)
 .data          0x0000000000000000        0x0 /usr/local/lib/gcc/avr/4.9.2/../../../../avr/lib/avr5/libm.a(fp_cmp.o)
 .bss           0x0000000000000000        0x0 /usr/local/lib/gcc/avr/4.9.2/../../../../avr/lib/avr5/libm.a(fp_cmp.o)
 .text          0x0000000000000000        0x0 /usr/local/lib/gcc/avr/4.9.2/../../../../avr/lib/avr5/libm.a(fp_inf.o)
 .data          0x0000000000000000        0x0 /usr/local/lib/gcc/avr/4.9.2/../../../../avr/lib/avr5/libm.a(fp_inf.o)
 .bss           0x0000000000000000        0x0 /usr/local/lib/gcc/avr/4.9.2/../../../../avr/lib/avr5/libm.a(fp_inf.o)
 .text          0x0000000000000000        0x0 /usr/local/lib/gcc/avr/4.9.2/../../../../avr/lib/avr5/libm.a(fp_nan.o)
 .data          0x0000000000000000        0x0 /usr/local/lib/gcc/avr/4.9.2/../../../../avr/lib/avr5/libm.a(fp_nan.o)
 .bss           0x0000000000000000        0x0 /usr/local/lib/gcc/avr/4.9.2/../../../../avr/lib/avr5/libm.a(fp_nan.o)
 .text          0x0000000000000000        0x0 /usr/local/lib/gcc/avr/4.9.2/../../../../avr/lib/avr5/libm.a(fp_pscA.o)
 .data          0x0000000000000000        0x0 /usr/local/lib/gcc/avr/4.9.2/../../../../avr/lib/avr5/libm.a(fp_pscA.o)
 .bss           0x0000000000000000        0x0 /usr/local/lib/gcc/avr/4.9.2/../../../../avr/lib/avr5/libm.a(fp_pscA.o)
 .text          0x0000000000000000        0x0 /usr/local/lib/gcc/avr/4.9.2/../../../../avr/lib/avr5/libm.a(fp_pscB.o)
 .data          0x0000000000000000        0x0 /usr/local/lib/gcc/avr/4.9.2/../../../../avr/lib/avr5/libm.a(fp_pscB.o)
 .bss           0x0000000000000000        0x0 /usr/local/lib/gcc/avr/4.9.2/../../../../avr/lib/avr5/libm.a(fp_pscB.o)
 .text          0x0000000000000000        0x0 /usr/local/lib/gcc/avr/4.9.2/../../../../avr/lib/avr5/libm.a(fp_round.o)
 .data          0x0000000000000000        0x0 /usr/local/lib/gcc/avr/4.9.2/../../../../avr/lib/avr5/libm.a(fp_round.o)
 .bss           0x0000000000000000        0x0 /usr/local/lib/gcc/avr/4.9.2/../../../../avr/lib/avr5/libm.a(fp_round.o)
 .text          0x0000000000000000        0x0 /usr/local/lib/gcc/avr/4.9.2/../../../../avr/lib/avr5/libm.a(fp_split3.o)
 .data          0x0000000000000000        0x0 /usr/local/lib/gcc/avr/4.9.2/../../../../avr/lib/avr5/libm.a(fp_split3.o)
 .bss           0x0000000000000000        0x0 /usr/local/lib/gcc/avr/4.9.2/../../../../avr/lib/avr5/libm.a(fp_split3.o)
 .text          0x0000000000000000        0x0 /usr/local/lib/gcc/avr/4.9.2/../../../../avr/lib/avr5/libm.a(fp_zero.o)
 .data          0x0000000000000000        0x0 /usr/local/lib/gcc/avr/4.9.2/../../../../avr/lib/avr5/libm.a(fp_zero.o)
 .bss           0x0000000000000000        0x0 /usr/local/lib/gcc/avr/4.9.2/../../../../avr/lib/avr5/libm.a(fp_zero.o)
 .text          0x0000000000000000        0x0 /usr/local/lib/gcc/avr/4.9.2/../../../../avr/lib/avr5/libm.a(gesf2.o)
 .data          0x0000000000000000        0x0 /usr/local/lib/gcc/avr/4.9.2/../../../../avr/lib/avr5/libm.a(gesf2.o)
 .bss           0x0000000000000000        0x0 /usr/local/lib/gcc/avr/4.9.2/../../../../avr/lib/avr5/libm.a(gesf2.o)
 .text          0x0000000000000000        0x0 /usr/local/lib/gcc/avr/4.9.2/../../../../avr/lib/avr5/libm.a(mulsf3.o)
 .data          0x0000000000000000        0x0 /usr/local/lib/gcc/avr/4.9.2/../../../../avr/lib/avr5/libm.a(mulsf3.o)
 .bss           0x0000000000000000        0x0 /usr/local/lib/gcc/avr/4.9.2/../../../../avr/lib/avr5/libm.a(mulsf3.o)
 .text          0x0000000000000000        0x0 /usr/local/lib/gcc/avr/4.9.2/../../../../avr/lib/avr5/libm.a(mulsf3x.o)
 .data          0x0000000000000000        0x0 /usr/local/lib/gcc/avr/4.9.2/../../../../avr/lib/avr5/libm.a(mulsf3x.o)
 .bss           0x0000000000000000        0x0 /usr/local/lib/gcc/avr/4.9.2/../../../../avr/lib/avr5/libm.a(mulsf3x.o)
 .text          0x0000000000000000        0x0 /usr/local/lib/gcc/avr/4.9.2/../../../../avr/lib/avr5/libc.a(memcpy_P.o)
 .data          0x0000000000000000        0x0 /usr/local/lib/gcc/avr/4.9.2/../../../../avr/lib/avr5/libc.a(memcpy_P.o)
 .bss           0x0000000000000000        0x0 /usr/local/lib/gcc/avr/4.9.2/../../../../avr/lib/avr5/libc.a(memcpy_P.o)
 .text          0x0000000000000000        0x0 /usr/local/lib/gcc/avr/4.9.2/../../../../avr/lib/avr5/libc.a(strnlen_P.o)
 .data          0x0000000000000000        0x0 /usr/local/lib/gcc/avr/4.9.2/../../../../avr/lib/avr5/libc.a(strnlen_P.o)
 .bss           0x0000000000000000        0x0 /usr/local/lib/gcc/avr/4.9.2/../../../../avr/lib/avr5/libc.a(strnlen_P.o)

Memory Configuration

Name             Origin             Length             Attributes
text             0x0000000000000000 0x0000000000020000 xr
data             0x0000000000800060 0x000000000000ffa0 rw !x
eeprom           0x0000000000810000 0x0000000000010000 rw !x
fuse             0x0000000000820000 0x0000000000000400 rw !x
lock             0x0000000000830000 0x0000000000000400 rw !x
signature        0x0000000000840000 0x0000000000000400 rw !x
*default*        0x0000000000000000 0xffffffffffffffff

Linker script and memory map

Address of section .data set to 0x800100
LOAD /usr/local/lib/gcc/avr/4.9.2/../../../../avr/lib/avr5/crtm644.o
LOAD uzeboxVideoEngineCore.o
LOAD uzeboxCore.o
LOAD uzeboxSoundEngine.o
LOAD uzeboxSoundEngineCore.o
LOAD uzeboxVideoEngine.o
LOAD TankFu.o
START GROUP
LOAD /usr/local/lib/gcc/avr/4.9.2/avr5/libgcc.a
LOAD /usr/local/lib/gcc/avr/4.9.2/../../../../avr/lib/avr5/libm.a
LOAD /usr/local/lib/gcc/avr/4.9.2/../../../../avr/lib/avr5/libc.a
END GROUP

.hash
 *(.hash)

.dynsym
 *(.dynsym)

.dynstr
 *(.dynstr)

.gnu.version
 *(.gnu.version)

.gnu.version_d
 *(.gnu.version_d)

.gnu.version_r
 *(.gnu.version_r)

.rel.init
 *(.rel.init)

.rela.init
 *(.rela.init)

.rel.text
 *(.rel.text)
 *(.rel.text.*)
 *(.rel.gnu.linkonce.t*)

.rela.text
 *(.rela.text)
 *(.rela.text.*)
 *(.rela.gnu.linkonce.t*)

.rel.fini
 *(.rel.fini)

.rela.fini
 *(.rela.fini)

.rel.rodata
 *(.rel.rodata)
 *(.rel.rodata.*)
 *(.rel.gnu.linkonce.r*)

.rela.rodata
 *(.rela.rodata)
 *(.rela.rodata.*)
 *(.rela.gnu.linkonce.r*)

.rel.data
 *(.rel.data)
 *(.rel.data.*)
 *(.rel.gnu.linkonce.d*)

.rela.data
 *(.rela.data)
 *(.rela.data.*)
 *(.rela.gnu.linkonce.d*)

.rel.ctors
 *(.rel.ctors)

.rela.ctors
 *(.rela.ctors)

.rel.dtors
 *(.rel.dtors)

.rela.dtors
 *(.rela.dtors)

.rel.got
 *(.rel.got)

.rela.got
 *(.rela.got)

.rel.bss
 *(.rel.bss)

.rela.bss
 *(.rela.bss)

.rel.plt
 *(.rel.plt)

.rela.plt
 *(.rela.plt)

.text           0x0000000000000000     0xe340
 *(.vectors)
 .vectors       0x0000000000000000       0x70 /usr/local/lib/gcc/avr/4.9.2/../../../../avr/lib/avr5/crtm644.o
                0x0000000000000000                __vectors
                0x0000000000000000                __vector_default
 *(.vectors)
 *(.progmem.gcc*)
                0x0000000000000070                . = ALIGN (0x2)
                0x0000000000000070                __trampolines_start = .
 *(.trampolines)
 .trampolines   0x0000000000000070        0x0 linker stubs
 *(.trampolines*)
                0x0000000000000070                __trampolines_end = .
 *(.progmem*)
 .progmem.data  0x0000000000000070       0x4e uzeboxCore.o
                0x0000000000000070                io_table
                0x000000000000009e                eeprom_format_table
 .progmem.data  0x00000000000000be       0x1e uzeboxSoundEngine.o
                0x00000000000000be                patchCommands
 .progmem.data  0x00000000000000dc        0xc uzeboxVideoEngine.o
                0x00000000000000dc                fader
 .progmem.data  0x00000000000000e8     0x75bf TankFu.o
                0x00000000000000e8                strCredits
                0x000000000000012e                default_scores
                0x000000000000014c                default_handles
                0x000000000000016a                strLevels
                0x000000000000021a                strPaused
                0x0000000000000221                strExit
                0x000000000000022a                strTotal
                0x0000000000000231                strScore
                0x0000000000000238                strFinalScore
                0x0000000000000244                strBy
                0x0000000000000247                strOwns
                0x000000000000024c                strChangeHandle
                0x000000000000025b                strPlayer2
                0x000000000000025e                strPlayer1
                0x0000000000000261                strVertSep
                0x0000000000000263                strUnderline
                0x000000000000026f                strHandlesTitle
                0x000000000000027b                strHighscores
                0x0000000000000285                strCopyright
                0x000000000000029a                strSelectHandle
                0x00000000000002a9                strCancelHandle
                0x00000000000002b4                strReset
                0x00000000000002cd                strConfirmHandle
                0x00000000000002df                str2Player
                0x00000000000002f0                str1Player
                0x00000000000002fe                my_patches
                0x0000000000000346                ad_alarm
                0x0000000000000468                ad_navigate
                0x00000000000005da                ad_metal
                0x00000000000007fa                ad_item
                0x00000000000009ab                ad_cannonball
                0x0000000000000bf2                ad_brick_explode
                0x00000000000012d7                level_data
                0x0000000000003311                sprites_data
                0x0000000000003c51                map_sub_turret
                0x0000000000003c54                map_sub_shot
                0x0000000000003c57                map_up_arrow
                0x0000000000003c5a                map_down_arrow
                0x0000000000003c5d                map_right_arrow
                0x0000000000003c60                map_rocket_right_1
                0x0000000000003c63                map_rocket_right_0
                0x0000000000003c66                map_rocket_up_1
                0x0000000000003c69                map_rocket_up_0
                0x0000000000003c6c                map_ball
                0x0000000000003c6f                map_explosion_2
                0x0000000000003c75                map_explosion_1
                0x0000000000003c7b                map_explosion_0
                0x0000000000003c81                map_tank2_right_0
                0x0000000000003c87                map_tank2_up_0
                0x0000000000003c8d                map_tank1_right_0
                0x0000000000003c93                map_tank1_up_0
                0x0000000000003c99                map_tank_blank
                0x0000000000003c9f                map_none
                0x0000000000003ca2                tiles_data
                0x0000000000007362                map_sub_emerging
                0x0000000000007498                map_sub
                0x00000000000075ce                map_scope_2
                0x00000000000075d1                map_scope_1
                0x00000000000075d4                map_scope_0
                0x00000000000075d7                map_blue_tank
                0x00000000000075dd                map_green_tank
                0x00000000000075e3                map_fence
                0x00000000000075e6                map_turf
                0x00000000000075e9                map_water
                0x00000000000075ec                map_metal_bl
                0x00000000000075ef                map_metal_tr
                0x00000000000075f2                map_metal_br
                0x00000000000075f5                map_metal_tl
                0x00000000000075f8                map_tile_exp_2
                0x00000000000075fb                map_tile_exp_1
                0x00000000000075fe                map_tile_exp_0
                0x0000000000007601                map_rocket_itm
                0x0000000000007604                map_explode_itm
                0x0000000000007607                map_speed_itm
                0x000000000000760a                map_metal
                0x000000000000760d                map_brick
                0x0000000000007610                map_splash
                0x0000000000007666                map_pause
                0x00000000000076a4                map_tile_none
                0x00000000000076a8                . = ALIGN (0x2)
 *fill*         0x00000000000076a7        0x1 
 *(.jumptables)
 *(.jumptables*)
 *(.lowtext)
 *(.lowtext*)
                0x00000000000076a8                __ctors_start = .
 *(.ctors)
                0x00000000000076a8                __ctors_end = .
                0x00000000000076a8                __dtors_start = .
 *(.dtors)
                0x00000000000076a8                __dtors_end = .
 SORT(*)(.ctors)
 SORT(*)(.dtors)
 *(.init0)
 .init0         0x00000000000076a8        0x0 /usr/local/lib/gcc/avr/4.9.2/../../../../avr/lib/avr5/crtm644.o
                0x00000000000076a8                __init
 *(.init0)
 *(.init1)
 *(.init1)
 *(.init2)
 .init2         0x00000000000076a8        0xc /usr/local/lib/gcc/avr/4.9.2/../../../../avr/lib/avr5/crtm644.o
 *(.init2)
 *(.init3)
 *(.init3)
 *(.init4)
 .init4         0x00000000000076b4       0x16 /usr/local/lib/gcc/avr/4.9.2/avr5/libgcc.a(_copy_data.o)
                0x00000000000076b4                __do_copy_data
 .init4         0x00000000000076ca       0x10 /usr/local/lib/gcc/avr/4.9.2/avr5/libgcc.a(_clear_bss.o)
                0x00000000000076ca                __do_clear_bss
 *(.init4)
 *(.init5)
 *(.init5)
 *(.init6)
 *(.init6)
 *(.init7)
 .init7         0x00000000000076da       0x16 uzeboxCore.o
                0x00000000000076da                wdt_init
 *(.init7)
 *(.init8)
 .init8         0x00000000000076f0       0x82 uzeboxCore.o
                0x00000000000076f0                Initialize
 *(.init8)
 *(.init9)
 .init9         0x0000000000007772        0x8 /usr/local/lib/gcc/avr/4.9.2/../../../../avr/lib/avr5/crtm644.o
 *(.init9)
 *(.text)
 .text          0x000000000000777a        0x4 /usr/local/lib/gcc/avr/4.9.2/../../../../avr/lib/avr5/crtm644.o
                0x000000000000777a                __vector_20
                0x000000000000777a                __vector_1
                0x000000000000777a                __vector_24
                0x000000000000777a                __vector_12
                0x000000000000777a                __bad_interrupt
                0x000000000000777a                __vector_6
                0x000000000000777a                __vector_3
                0x000000000000777a                __vector_23
                0x000000000000777a                __vector_25
                0x000000000000777a                __vector_11
                0x000000000000777a                __vector_17
                0x000000000000777a                __vector_19
                0x000000000000777a                __vector_7
                0x000000000000777a                __vector_27
                0x000000000000777a                __vector_5
                0x000000000000777a                __vector_4
                0x000000000000777a                __vector_9
                0x000000000000777a                __vector_2
                0x000000000000777a                __vector_21
                0x000000000000777a                __vector_15
                0x000000000000777a                __vector_26
                0x000000000000777a                __vector_10
                0x000000000000777a                __vector_16
                0x000000000000777a                __vector_18
                0x000000000000777a                __vector_22
 .text          0x000000000000777e      0x672 uzeboxVideoEngineCore.o
                0x00000000000078ee                CopyFlashTile
                0x0000000000007a0c                CopyRamTile
                0x0000000000007b26                RestoreBackground
                0x0000000000007b4c                BlitSpritePart
                0x0000000000007c1a                __vector_13
                0x0000000000007c98                __vector_14
 .text          0x0000000000007df0      0x180 uzeboxSoundEngineCore.o
                0x0000000000007df0                process_music
                0x0000000000007dfc                update_sound
                0x0000000000007f70                . = ALIGN (0x2)
 *(.text.*)
 .text.SetSpritesTileTable
                0x0000000000007f70        0xa uzeboxVideoEngineCore.o
                0x0000000000007f70                SetSpritesTileTable
 .text.ClearVram
                0x0000000000007f7a       0x14 uzeboxVideoEngineCore.o
                0x0000000000007f7a                ClearVram
 .text.SetFont  0x0000000000007f8e        0x8 uzeboxVideoEngineCore.o
                0x0000000000007f8e                SetFont
 .text.SetTile  0x0000000000007f96       0x1c uzeboxVideoEngineCore.o
                0x0000000000007f96                SetTile
 .text.SetFontTilesIndex
                0x0000000000007fb2        0x6 uzeboxVideoEngineCore.o
                0x0000000000007fb2                SetFontTilesIndex
 .text.SetTileTable
                0x0000000000007fb8        0xa uzeboxVideoEngineCore.o
                0x0000000000007fb8                SetTileTable
 .text.GetVsyncFlag
                0x0000000000007fc2        0x8 uzeboxVideoEngineCore.o
                0x0000000000007fc2                GetVsyncFlag
 .text.ClearVsyncFlag
                0x0000000000007fca        0xc uzeboxVideoEngineCore.o
                0x0000000000007fca                ClearVsyncFlag
 .text.ReadJoypad
                0x0000000000007fd6       0x18 uzeboxVideoEngineCore.o
                0x0000000000007fd6                ReadJoypad
 .text.WaitUs   0x0000000000007fee        0xe uzeboxVideoEngineCore.o
                0x0000000000007fee                WaitUs
 .text.WriteEeprom
                0x0000000000007ffc       0x14 uzeboxVideoEngineCore.o
                0x0000000000007ffc                WriteEeprom
 .text.ReadEeprom
                0x0000000000008010       0x12 uzeboxVideoEngineCore.o
                0x0000000000008010                ReadEeprom
 .text.wdt_randomize
                0x0000000000008022       0x50 uzeboxVideoEngineCore.o
                0x0000000000008022                wdt_randomize
 .text.GetTrueRandomSeed
                0x0000000000008072        0xa uzeboxVideoEngineCore.o
                0x0000000000008072                GetTrueRandomSeed
 .text.__vector_8
                0x000000000000807c       0x44 uzeboxVideoEngineCore.o
                0x000000000000807c                __vector_8
 .text.SoftReset
                0x00000000000080c0       0x16 uzeboxCore.o
                0x00000000000080c0                SoftReset
 .text.ReadButtons
                0x00000000000080d6       0x6c uzeboxCore.o
                0x00000000000080d6                ReadButtons
 .text.ReadControllers
                0x0000000000008142       0x20 uzeboxCore.o
                0x0000000000008142                ReadControllers
 .text.FormatEeprom
                0x0000000000008162       0x44 uzeboxCore.o
                0x0000000000008162                FormatEeprom
 .text.isEepromFormatted
                0x00000000000081a6       0x2e uzeboxCore.o
                0x00000000000081a6                isEepromFormatted
 .text.EepromBlockExists
                0x00000000000081d4       0xa4 uzeboxCore.o
                0x00000000000081d4                EepromBlockExists
 .text.EepromWriteBlock
                0x0000000000008278       0x94 uzeboxCore.o
                0x0000000000008278                EepromWriteBlock
 .text.EepromReadBlock
                0x000000000000830c       0x66 uzeboxCore.o
                0x000000000000830c                EepromReadBlock
 .text.GetPrngNumber
                0x0000000000008372       0x5c uzeboxCore.o
                0x0000000000008372                GetPrngNumber
 .text.PatchCommand00
                0x00000000000083ce        0x6 uzeboxSoundEngine.o
                0x00000000000083ce                PatchCommand00
 .text.PatchCommand01
                0x00000000000083d4       0x10 uzeboxSoundEngine.o
                0x00000000000083d4                PatchCommand01
 .text.PatchCommand05
                0x00000000000083e4        0xa uzeboxSoundEngine.o
                0x00000000000083e4                PatchCommand05
 .text.PatchCommand06
                0x00000000000083ee        0xa uzeboxSoundEngine.o
                0x00000000000083ee                PatchCommand06
 .text.PatchCommand07
                0x00000000000083f8        0x6 uzeboxSoundEngine.o
                0x00000000000083f8                PatchCommand07
 .text.PatchCommand09
                0x00000000000083fe        0x6 uzeboxSoundEngine.o
                0x00000000000083fe                PatchCommand09
 .text.PatchCommand10
                0x0000000000008404        0x6 uzeboxSoundEngine.o
                0x0000000000008404                PatchCommand10
 .text.PatchCommand11
                0x000000000000840a       0x76 uzeboxSoundEngine.o
                0x000000000000840a                PatchCommand11
 .text.PatchCommand12
                0x0000000000008480        0x6 uzeboxSoundEngine.o
                0x0000000000008480                PatchCommand12
 .text.PatchCommand13
                0x0000000000008486        0x6 uzeboxSoundEngine.o
                0x0000000000008486                PatchCommand13
 .text.PatchCommand02
                0x000000000000848c        0x8 uzeboxSoundEngine.o
                0x000000000000848c                PatchCommand02
 .text.PatchCommand03
                0x0000000000008494        0xe uzeboxSoundEngine.o
                0x0000000000008494                PatchCommand03
 .text.PatchCommand04
                0x00000000000084a2       0x10 uzeboxSoundEngine.o
                0x00000000000084a2                PatchCommand04
 .text.PatchCommand08
                0x00000000000084b2       0x20 uzeboxSoundEngine.o
                0x00000000000084b2                PatchCommand08
 .text.PatchCommand14
                0x00000000000084d2       0x54 uzeboxSoundEngine.o
                0x00000000000084d2                PatchCommand14
 .text.InitMusicPlayer
                0x0000000000008526       0x44 uzeboxSoundEngine.o
                0x0000000000008526                InitMusicPlayer
 .text.ReadVarLen
                0x000000000000856a       0x4c uzeboxSoundEngine.o
                0x000000000000856a                ReadVarLen
 .text.TriggerCommon
                0x00000000000085b6      0x11c uzeboxSoundEngine.o
                0x00000000000085b6                TriggerCommon
 .text.TriggerFx
                0x00000000000086d2       0x90 uzeboxSoundEngine.o
                0x00000000000086d2                TriggerFx
 .text.TriggerNote
                0x0000000000008762       0x80 uzeboxSoundEngine.o
                0x0000000000008762                TriggerNote
 .text.ProcessMusic
                0x00000000000087e2      0x43e uzeboxSoundEngine.o
                0x00000000000087e2                ProcessMusic
 .text.SetMasterVolume
                0x0000000000008c20        0x6 uzeboxSoundEngine.o
                0x0000000000008c20                SetMasterVolume
 .text.SetMixerNote
                0x0000000000008c26       0x2e uzeboxSoundEngineCore.o
                0x0000000000008c26                SetMixerNote
 .text.SetMixerWave
                0x0000000000008c54       0x3a uzeboxSoundEngineCore.o
                0x0000000000008c54                SetMixerWave
 *fill*         0x0000000000008c8e       0x72 
 .text.DisableSoundEngine
                0x0000000000008d00      0xc00 uzeboxSoundEngineCore.o
                0x0000000000008d00                DisableSoundEngine
                0x0000000000008d08                steptable
                0x0000000000008f00                waves
 .text.ProcessSprites
                0x0000000000009900      0x1cc uzeboxVideoEngine.o
                0x0000000000009900                ProcessSprites
 .text.MapSprite2
                0x0000000000009acc       0xa4 uzeboxVideoEngine.o
                0x0000000000009acc                MapSprite2
 .text.MoveSprite
                0x0000000000009b70       0x4a uzeboxVideoEngine.o
                0x0000000000009b70                MoveSprite
 .text.DisplayLogo
                0x0000000000009bba        0x2 uzeboxVideoEngine.o
                0x0000000000009bba                DisplayLogo
 .text.InitializeVideoMode
                0x0000000000009bbc       0x1c uzeboxVideoEngine.o
                0x0000000000009bbc                InitializeVideoMode
 .text.DrawMap  0x0000000000009bd8       0x9a uzeboxVideoEngine.o
                0x0000000000009bd8                DrawMap2
                0x0000000000009bd8                DrawMap
 .text.PrintByte
                0x0000000000009c72       0x66 uzeboxVideoEngine.o
                0x0000000000009c72                PrintByte
 .text.Print    0x0000000000009cd8       0x36 uzeboxVideoEngine.o
                0x0000000000009cd8                Print
 .text.PrintChar
                0x0000000000009d0e        0x6 uzeboxVideoEngine.o
                0x0000000000009d0e                PrintChar
 .text.WaitVsync
                0x0000000000009d14       0x2e uzeboxVideoEngine.o
                0x0000000000009d14                WaitVsync
 .text.doFade   0x0000000000009d42       0x1c uzeboxVideoEngine.o
                0x0000000000009d42                doFade
 .text.FadeIn   0x0000000000009d5e       0x18 uzeboxVideoEngine.o
                0x0000000000009d5e                FadeIn
 .text.FadeOut  0x0000000000009d76       0x18 uzeboxVideoEngine.o
                0x0000000000009d76                FadeOut
 .text.ProcessFading
                0x0000000000009d8e       0x4a uzeboxVideoEngine.o
                0x0000000000009d8e                ProcessFading
 .text.VideoModeVsync
                0x0000000000009dd8        0x4 uzeboxVideoEngine.o
                0x0000000000009dd8                VideoModeVsync
 .text.LBGetNextFrame
                0x0000000000009ddc       0x4a TankFu.o
                0x0000000000009ddc                LBGetNextFrame
 .text.LBGetNextFrameReverse
                0x0000000000009e26       0x58 TankFu.o
                0x0000000000009e26                LBGetNextFrameReverse
 .text.LBGetJoyPadState
                0x0000000000009e7e       0x96 TankFu.o
                0x0000000000009e7e                LBGetJoyPadState
 .text.LBCopyChars
                0x0000000000009f14       0x18 TankFu.o
                0x0000000000009f14                LBCopyChars
 .text.LBPrintStr
                0x0000000000009f2c       0x62 TankFu.o
                0x0000000000009f2c                LBPrintStr
 .text.LBCollides
                0x0000000000009f8e       0x54 TankFu.o
                0x0000000000009f8e                LBCollides
 .text.LBLineIntersect
                0x0000000000009fe2      0x1ac TankFu.o
                0x0000000000009fe2                LBLineIntersect
 .text.LBRandom
                0x000000000000a18e       0x36 TankFu.o
                0x000000000000a18e                LBRandom
 .text.LBWaitSeconds
                0x000000000000a1c4       0x1e TankFu.o
                0x000000000000a1c4                LBWaitSeconds
 .text.LBHideAllSprites
                0x000000000000a1e2       0x14 TankFu.o
                0x000000000000a1e2                LBHideAllSprites
 .text.init_scores
                0x000000000000a1f6       0x18 TankFu.o
                0x000000000000a1f6                init_scores
 .text.init_handles
                0x000000000000a20e       0x18 TankFu.o
                0x000000000000a20e                init_handles
 .text.init_tile_animations
                0x000000000000a226       0x4e TankFu.o
                0x000000000000a226                init_tile_animations
 .text.init_scope_animation
                0x000000000000a274       0x30 TankFu.o
                0x000000000000a274                init_scope_animation
 .text.init_sub_animation
                0x000000000000a2a4       0x28 TankFu.o
                0x000000000000a2a4                init_sub_animation
 .text.init_shot_state
                0x000000000000a2cc       0x3a TankFu.o
                0x000000000000a2cc                init_shot_state
 .text.set_shot_animations
                0x000000000000a306       0x64 TankFu.o
                0x000000000000a306                set_shot_animations
 .text.init_turret
                0x000000000000a36a       0x64 TankFu.o
                0x000000000000a36a                init_turret
 .text.init_player
                0x000000000000a3ce       0xe4 TankFu.o
                0x000000000000a3ce                init_player
 .text.player_init_shot_state
                0x000000000000a4b2        0xe TankFu.o
                0x000000000000a4b2                player_init_shot_state
 .text.init_game_state
                0x000000000000a4c0       0x4e TankFu.o
                0x000000000000a4c0                init_game_state
 .text.player_spawn
                0x000000000000a50e       0x50 TankFu.o
                0x000000000000a50e                player_spawn
 .text.waitForVSync
                0x000000000000a55e       0x10 TankFu.o
                0x000000000000a55e                waitForVSync
 .text.load_eeprom
                0x000000000000a56e       0x24 TankFu.o
                0x000000000000a56e                load_eeprom
 .text.fade_through
                0x000000000000a592       0x14 TankFu.o
                0x000000000000a592                fade_through
 .text.clear_sprites
                0x000000000000a5a6       0x1a TankFu.o
                0x000000000000a5a6                clear_sprites
 .text.save_score
                0x000000000000a5c0       0xe0 TankFu.o
                0x000000000000a5c0                save_score
 .text.position_shot
                0x000000000000a6a0       0xda TankFu.o
                0x000000000000a6a0                position_shot
 .text.print_level_score
                0x000000000000a77a       0x84 TankFu.o
                0x000000000000a77a                print_level_score
 .text.print_final_score
                0x000000000000a7fe       0xb4 TankFu.o
                0x000000000000a7fe                print_final_score
 .text.shoot_pressed
                0x000000000000a8b2       0x14 TankFu.o
                0x000000000000a8b2                shoot_pressed
 .text.get_delta
                0x000000000000a8c6       0x42 TankFu.o
                0x000000000000a8c6                get_delta
 .text.render_hud
                0x000000000000a908       0x3a TankFu.o
                0x000000000000a908                render_hud
 .text.render_score
                0x000000000000a942       0x38 TankFu.o
                0x000000000000a942                render_score
 .text.render_player
                0x000000000000a97a       0x52 TankFu.o
                0x000000000000a97a                render_player
 .text.render_shot
                0x000000000000a9cc       0x58 TankFu.o
                0x000000000000a9cc                render_shot
 .text.render_tile_explosions
                0x000000000000aa24       0x6a TankFu.o
                0x000000000000aa24                render_tile_explosions
 .text.render_scope
                0x000000000000aa8e       0x34 TankFu.o
                0x000000000000aa8e                render_scope
 .text.tank_map
                0x000000000000aac2       0xd2 TankFu.o
                0x000000000000aac2                tank_map
 .text.shot_map
                0x000000000000ab94       0x58 TankFu.o
                0x000000000000ab94                shot_map
 .text.recoil_sprite
                0x000000000000abec       0xb4 TankFu.o
                0x000000000000abec                recoil_sprite
 .text.recoil_sprite_fine
                0x000000000000aca0       0x6c TankFu.o
                0x000000000000aca0                recoil_sprite_fine
 .text.solid_square_tile
                0x000000000000ad0c       0x24 TankFu.o
                0x000000000000ad0c                solid_square_tile
 .text.solid_directional_tile
                0x000000000000ad30       0x2c TankFu.o
                0x000000000000ad30                solid_directional_tile
 .text.solid_tile
                0x000000000000ad5c       0x28 TankFu.o
                0x000000000000ad5c                solid_tile
 .text.collides_directional_tile
                0x000000000000ad84      0x148 TankFu.o
                0x000000000000ad84                collides_directional_tile
 .text.player_shot
                0x000000000000aecc       0xbe TankFu.o
                0x000000000000aecc                player_shot
 .text.turret_shot
                0x000000000000af8a       0x9c TankFu.o
                0x000000000000af8a                turret_shot
 .text.collision_detect_boundries
                0x000000000000b026       0x9c TankFu.o
                0x000000000000b026                collision_detect_boundries
 .text.drop_item
                0x000000000000b0c2       0x68 TankFu.o
                0x000000000000b0c2                drop_item
 .text.kill_player
                0x000000000000b12a       0xb0 TankFu.o
                0x000000000000b12a                kill_player
 .text.get_interesting_tile_indexes_shot
                0x000000000000b1da       0x44 TankFu.o
                0x000000000000b1da                get_interesting_tile_indexes_shot
 .text.explode_tile
                0x000000000000b21e       0x7c TankFu.o
                0x000000000000b21e                explode_tile
 .text.richochet
                0x000000000000b29a       0x42 TankFu.o
                0x000000000000b29a                richochet
 .text.collision_detect_shot
                0x000000000000b2dc      0x438 TankFu.o
                0x000000000000b2dc                collision_detect_shot
 .text.get_interesting_tile_indexes
                0x000000000000b714       0x60 TankFu.o
                0x000000000000b714                get_interesting_tile_indexes
 .text.explode_player
                0x000000000000b774       0x42 TankFu.o
                0x000000000000b774                explode_player
 .text.slide    0x000000000000b7b6      0x176 TankFu.o
                0x000000000000b7b6                slide
 .text.collision_detect_player
                0x000000000000b92c      0x33c TankFu.o
                0x000000000000b92c                collision_detect_player
 .text.load_level_tiles
                0x000000000000bc68       0xe6 TankFu.o
                0x000000000000bc68                load_level_tiles
 .text.prep_player
                0x000000000000bd4e       0x24 TankFu.o
                0x000000000000bd4e                prep_player
 .text.load_level
                0x000000000000bd72      0x148 TankFu.o
                0x000000000000bd72                load_level
 .text.level_transition
                0x000000000000beba       0x60 TankFu.o
                0x000000000000beba                level_transition
 .text.render_boss_fight_scope_load
                0x000000000000bf1a       0x1e TankFu.o
                0x000000000000bf1a                render_boss_fight_scope_load
 .text.render_boss_fight_sub_load
                0x000000000000bf38       0x5a TankFu.o
                0x000000000000bf38                render_boss_fight_sub_load
 .text.render_boss_fight_sub_sinking
                0x000000000000bf92       0x2a TankFu.o
                0x000000000000bf92                render_boss_fight_sub_sinking
 .text.render_boss_turret
                0x000000000000bfbc       0x52 TankFu.o
                0x000000000000bfbc                render_boss_turret
 .text.render_boss_turret_shot
                0x000000000000c00e       0x52 TankFu.o
                0x000000000000c00e                render_boss_turret_shot
 .text.update_turret
                0x000000000000c060      0x12a TankFu.o
                0x000000000000c060                update_turret
 .text.update_turret_shot
                0x000000000000c18a      0x10e TankFu.o
                0x000000000000c18a                update_turret_shot
 .text.load_splash
                0x000000000000c298       0x70 TankFu.o
                0x000000000000c298                load_splash
 .text.select_pressed
                0x000000000000c308       0x14 TankFu.o
                0x000000000000c308                select_pressed
 .text.load_tank_rank
                0x000000000000c31c      0x136 TankFu.o
                0x000000000000c31c                load_tank_rank
 .text.exit_game
                0x000000000000c452       0x10 TankFu.o
                0x000000000000c452                exit_game
 .text.update_player
                0x000000000000c462      0x316 TankFu.o
                0x000000000000c462                update_player
 .text.resolve_scoring
                0x000000000000c778      0x18a TankFu.o
                0x000000000000c778                resolve_scoring
 .text.update_level
                0x000000000000c902      0x460 TankFu.o
                0x000000000000c902                update_level
 .text.update_tank_rank
                0x000000000000cd62       0xb2 TankFu.o
                0x000000000000cd62                update_tank_rank
 .text._handle_select_helper
                0x000000000000ce14      0x1c0 TankFu.o
                0x000000000000ce14                _handle_select_helper
 .text._handle_select_render_helper
                0x000000000000cfd4      0x17c TankFu.o
                0x000000000000cfd4                _handle_select_render_helper
 .text.load_handle_select
                0x000000000000d150      0x10a TankFu.o
                0x000000000000d150                load_handle_select
 .text.update_splash
                0x000000000000d25a      0x1b0 TankFu.o
                0x000000000000d25a                update_splash
 .text.update_handle_select
                0x000000000000d40a       0x9c TankFu.o
                0x000000000000d40a                update_handle_select
 .text.button_map
                0x000000000000d4a6       0x2c TankFu.o
                0x000000000000d4a6                button_map
 .text.crash_and_turn
                0x000000000000d4d2      0x1fc TankFu.o
                0x000000000000d4d2                crash_and_turn
 .text.get_cpu_goal_direction
                0x000000000000d6ce       0x66 TankFu.o
                0x000000000000d6ce                get_cpu_goal_direction
 .text.get_cpu_joypad_state
                0x000000000000d734      0x568 TankFu.o
                0x000000000000d734                get_cpu_joypad_state
 .text.stream_text_middle
                0x000000000000dc9c       0x96 TankFu.o
                0x000000000000dc9c                stream_text_middle
 .text.load_credits
                0x000000000000dd32       0x1c TankFu.o
                0x000000000000dd32                load_credits
 .text.startup.main
                0x000000000000dd4e      0x128 TankFu.o
                0x000000000000dd4e                main
 .text.libgcc.div
                0x000000000000de76       0x18 /usr/local/lib/gcc/avr/4.9.2/avr5/libgcc.a(_udivmodqi4.o)
                0x000000000000de76                __udivmodqi4
 .text.libgcc.div
                0x000000000000de8e       0x28 /usr/local/lib/gcc/avr/4.9.2/avr5/libgcc.a(_udivmodhi4.o)
                0x000000000000de8e                __udivmodhi4
 .text.libgcc.div
                0x000000000000deb6       0x28 /usr/local/lib/gcc/avr/4.9.2/avr5/libgcc.a(_divmodhi4.o)
                0x000000000000deb6                __divmodhi4
                0x000000000000deb6                _div
 .text.avr-libc.fplib
                0x000000000000dede        0xa /usr/local/lib/gcc/avr/4.9.2/../../../../avr/lib/avr5/libm.a(addsf3.o)
                0x000000000000dede                __subsf3
                0x000000000000dee0                __addsf3
 .text.avr-libc.fplib
                0x000000000000dee8       0xc0 /usr/local/lib/gcc/avr/4.9.2/../../../../avr/lib/avr5/libm.a(addsf3x.o)
                0x000000000000df02                __addsf3x
 .text.avr-libc.fplib
                0x000000000000dfa8        0x8 /usr/local/lib/gcc/avr/4.9.2/../../../../avr/lib/avr5/libm.a(cmpsf2.o)
                0x000000000000dfa8                __lesf2
                0x000000000000dfa8                __nesf2
                0x000000000000dfa8                __eqsf2
                0x000000000000dfa8                __cmpsf2
                0x000000000000dfa8                __ltsf2
 .text.avr-libc.fplib
                0x000000000000dfb0        0x4 /usr/local/lib/gcc/avr/4.9.2/../../../../avr/lib/avr5/libm.a(divsf3.o)
                0x000000000000dfb0                __divsf3
 .text.avr-libc.fplib
                0x000000000000dfb4       0xcc /usr/local/lib/gcc/avr/4.9.2/../../../../avr/lib/avr5/libm.a(divsf3x.o)
                0x000000000000dfca                __divsf3x
                0x000000000000dfce                __divsf3_pse
 .text.avr-libc.fplib
                0x000000000000e080        0xa /usr/local/lib/gcc/avr/4.9.2/../../../../avr/lib/avr5/libm.a(fixsfsi.o)
                0x000000000000e080                __fixsfsi
 .text.avr-libc.fplib
                0x000000000000e08a       0x58 /usr/local/lib/gcc/avr/4.9.2/../../../../avr/lib/avr5/libm.a(fixunssfsi.o)
                0x000000000000e08a                __fixunssfsi
 .text.avr-libc.fplib
                0x000000000000e0e2       0x7a /usr/local/lib/gcc/avr/4.9.2/../../../../avr/lib/avr5/libm.a(floatsisf.o)
                0x000000000000e0e2                __floatunsisf
                0x000000000000e0e6                __floatsisf
 .text.avr-libc.fplib
                0x000000000000e15c       0x48 /usr/local/lib/gcc/avr/4.9.2/../../../../avr/lib/avr5/libm.a(fp_cmp.o)
                0x000000000000e15c                __fp_cmp
 .text.avr-libc.fplib
                0x000000000000e1a4        0xc /usr/local/lib/gcc/avr/4.9.2/../../../../avr/lib/avr5/libm.a(fp_inf.o)
                0x000000000000e1a4                __fp_inf
 .text.avr-libc.fplib
                0x000000000000e1b0        0x6 /usr/local/lib/gcc/avr/4.9.2/../../../../avr/lib/avr5/libm.a(fp_nan.o)
                0x000000000000e1b0                __fp_nan
 .text.avr-libc.fplib
                0x000000000000e1b6        0xe /usr/local/lib/gcc/avr/4.9.2/../../../../avr/lib/avr5/libm.a(fp_pscA.o)
                0x000000000000e1b6                __fp_pscA
 .text.avr-libc.fplib
                0x000000000000e1c4        0xe /usr/local/lib/gcc/avr/4.9.2/../../../../avr/lib/avr5/libm.a(fp_pscB.o)
                0x000000000000e1c4                __fp_pscB
 .text.avr-libc.fplib
                0x000000000000e1d2       0x22 /usr/local/lib/gcc/avr/4.9.2/../../../../avr/lib/avr5/libm.a(fp_round.o)
                0x000000000000e1d2                __fp_round
 .text.avr-libc.fplib
                0x000000000000e1f4       0x44 /usr/local/lib/gcc/avr/4.9.2/../../../../avr/lib/avr5/libm.a(fp_split3.o)
                0x000000000000e1f4                __fp_split3
                0x000000000000e204                __fp_splitA
 .text.avr-libc.fplib
                0x000000000000e238        0xe /usr/local/lib/gcc/avr/4.9.2/../../../../avr/lib/avr5/libm.a(fp_zero.o)
                0x000000000000e238                __fp_zero
                0x000000000000e23a                __fp_szero
 .text.avr-libc.fplib
                0x000000000000e246        0x8 /usr/local/lib/gcc/avr/4.9.2/../../../../avr/lib/avr5/libm.a(gesf2.o)
                0x000000000000e246                __gtsf2
                0x000000000000e246                __gesf2
 .text.avr-libc.fplib
                0x000000000000e24e        0x4 /usr/local/lib/gcc/avr/4.9.2/../../../../avr/lib/avr5/libm.a(mulsf3.o)
                0x000000000000e24e                __mulsf3
 .text.avr-libc.fplib
                0x000000000000e252       0xc2 /usr/local/lib/gcc/avr/4.9.2/../../../../avr/lib/avr5/libm.a(mulsf3x.o)
                0x000000000000e266                __mulsf3x
                0x000000000000e26a                __mulsf3_pse
 .text.avr-libc
                0x000000000000e314       0x12 /usr/local/lib/gcc/avr/4.9.2/../../../../avr/lib/avr5/libc.a(memcpy_P.o)
                0x000000000000e314                memcpy_P
 .text.avr-libc
                0x000000000000e326       0x16 /usr/local/lib/gcc/avr/4.9.2/../../../../avr/lib/avr5/libc.a(strnlen_P.o)
                0x000000000000e326                strnlen_P
                0x000000000000e33c                . = ALIGN (0x2)
 *(.fini9)
 .fini9         0x000000000000e33c        0x0 /usr/local/lib/gcc/avr/4.9.2/avr5/libgcc.a(_exit.o)
                0x000000000000e33c                exit
                0x000000000000e33c                _exit
 *(.fini9)
 *(.fini8)
 *(.fini8)
 *(.fini7)
 *(.fini7)
 *(.fini6)
 *(.fini6)
 *(.fini5)
 *(.fini5)
 *(.fini4)
 *(.fini4)
 *(.fini3)
 *(.fini3)
 *(.fini2)
 *(.fini2)
 *(.fini1)
 *(.fini1)
 *(.fini0)
 .fini0         0x000000000000e33c        0x4 /usr/local/lib/gcc/avr/4.9.2/avr5/libgcc.a(_exit.o)
 *(.fini0)
                0x000000000000e340                _etext = .

.data           0x0000000000800100        0x4 load address 0x000000000000e340
                0x0000000000800100                PROVIDE (__data_start, .)
 *(.data)
 .data          0x0000000000800100        0x1 uzeboxVideoEngine.o
 .data          0x0000000000800101        0x2 TankFu.o
                0x0000000000800101                global_frame_counter
 *(.data*)
 *(.rodata)
 *(.rodata*)
 *(.gnu.linkonce.d*)
                0x0000000000800104                . = ALIGN (0x2)
 *fill*         0x0000000000800103        0x1 
                0x0000000000800104                _edata = .
                0x0000000000800104                PROVIDE (__data_end, .)

.bss            0x0000000000800104      0xf9f
                0x0000000000800104                PROVIDE (__bss_start, .)
 *(.bss)
 *fill*         0x0000000000800104       0x1c 
 .bss           0x0000000000800120      0x9e0 uzeboxVideoEngineCore.o
                0x0000000000800120                vram
                0x0000000000800468                sprites
                0x0000000000800468                overlay_vram
                0x0000000000800490                ram_tiles
                0x0000000000800a90                ram_tiles_restore
                0x0000000000800ad8                free_tile_index
                0x0000000000800ad9                user_ram_tiles_c
                0x0000000000800ada                user_ram_tiles_c_tmp
                0x0000000000800adb                sprites_tile_banks
                0x0000000000800ae6                Screen
                0x0000000000800aea                sync_phase
                0x0000000000800aeb                sync_pulse
                0x0000000000800aec                sync_flags
                0x0000000000800af1                first_render_line
                0x0000000000800af2                render_lines_count
                0x0000000000800af3                joypad1_status_lo
                0x0000000000800af5                joypad1_status_hi
                0x0000000000800af7                joypad2_status_lo
                0x0000000000800af9                joypad2_status_hi
 .bss           0x0000000000800b00        0x2 uzeboxCore.o
 .bss           0x0000000000800b02        0x1 uzeboxSoundEngine.o
                0x0000000000800b02                playSong
 .bss           0x0000000000800b03       0x23 uzeboxSoundEngineCore.o
                0x0000000000800b03                sound_enabled
                0x0000000000800b04                mixer
                0x0000000000800b17                tr4_params
                0x0000000000800b18                tr4_barrel_lo
                0x0000000000800b19                tr4_barrel_hi
 .bss           0x0000000000800b26       0x10 TankFu.o
                0x0000000000800b26                p2s
                0x0000000000800b2c                p1s
 *(.bss*)
 *(COMMON)
 COMMON         0x0000000000800b36        0x1 uzeboxCore.o
                0x0000000000800b36                joypadsConnectionStatus
 COMMON         0x0000000000800b37       0x83 uzeboxSoundEngine.o
                0x0000000000800b37                songStart
                0x0000000000800b39                tracks
                0x0000000000800bac                currDeltaTime
                0x0000000000800bae                patchPointers
                0x0000000000800bb0                lastStatus
                0x0000000000800bb1                masterVolume
                0x0000000000800bb2                nextDeltaTime
                0x0000000000800bb4                songSpeed
                0x0000000000800bb5                songPos
                0x0000000000800bb7                loopStart
                0x0000000000800bb9                step
 COMMON         0x0000000000800bba        0x5 uzeboxVideoEngine.o
                0x0000000000800bba                fadeSpeed
                0x0000000000800bbb                fadeDir
                0x0000000000800bbc                fadeActive
                0x0000000000800bbd                currFadeFrame
                0x0000000000800bbe                fadeStep
 COMMON         0x0000000000800bbf      0x4e4 TankFu.o
                0x0000000000800bbf                scores
                0x0000000000800bdf                p2
                0x0000000000800be6                handles
                0x0000000000800c06                game
                0x0000000000800c1a                tile_animations
                0x0000000000800c37                player1
                0x0000000000800cb0                p1
                0x0000000000800cb7                level
                0x0000000000800fa6                player2
                0x000000000080101f                sub_animation
                0x000000000080102d                scope_animation
                0x000000000080103b                turret2
                0x000000000080106f                turret1
                0x00000000008010a3                PROVIDE (__bss_end, .)
                0x000000000000e340                __data_load_start = LOADADDR (.data)
                0x000000000000e344                __data_load_end = (__data_load_start + SIZEOF (.data))

.noinit         0x00000000008010a3        0x0
                0x00000000008010a3                PROVIDE (__noinit_start, .)
 *(.noinit*)
                0x00000000008010a3                PROVIDE (__noinit_end, .)
                0x00000000008010a3                _end = .
                0x00000000008010a3                PROVIDE (__heap_start, .)

.eeprom         0x0000000000810000        0x0
 *(.eeprom*)
                0x0000000000810000                __eeprom_end = .

.fuse
 *(.fuse)
 *(.lfuse)
 *(.hfuse)
 *(.efuse)

.lock
 *(.lock*)

.signature
 *(.signature*)

.stab           0x0000000000000000      0x57c
 *(.stab)
 .stab          0x0000000000000000       0xf0 /usr/local/lib/gcc/avr/4.9.2/avr5/libgcc.a(_udivmodqi4.o)
 .stab          0x00000000000000f0      0x15c /usr/local/lib/gcc/avr/4.9.2/avr5/libgcc.a(_udivmodhi4.o)
                                        0x168 (size before relaxing)
 .stab          0x000000000000024c      0x138 /usr/local/lib/gcc/avr/4.9.2/avr5/libgcc.a(_divmodhi4.o)
                                        0x144 (size before relaxing)
 .stab          0x0000000000000384       0x6c /usr/local/lib/gcc/avr/4.9.2/avr5/libgcc.a(_exit.o)
                                         0x78 (size before relaxing)
 .stab          0x00000000000003f0       0xd8 /usr/local/lib/gcc/avr/4.9.2/avr5/libgcc.a(_copy_data.o)
                                         0xe4 (size before relaxing)
 .stab          0x00000000000004c8       0xb4 /usr/local/lib/gcc/avr/4.9.2/avr5/libgcc.a(_clear_bss.o)
                                         0xc0 (size before relaxing)

.stabstr        0x0000000000000000      0x256
 *(.stabstr)
 .stabstr       0x0000000000000000      0x256 /usr/local/lib/gcc/avr/4.9.2/avr5/libgcc.a(_udivmodqi4.o)

.stab.excl
 *(.stab.excl)

.stab.exclstr
 *(.stab.exclstr)

.stab.index
 *(.stab.index)

.stab.indexstr
 *(.stab.indexstr)

.comment        0x0000000000000000       0x11
 *(.comment)
 .comment       0x0000000000000000       0x11 uzeboxCore.o
                                         0x12 (size before relaxing)
 .comment       0x0000000000000011       0x12 uzeboxSoundEngine.o
 .comment       0x0000000000000011       0x12 uzeboxVideoEngine.o
 .comment       0x0000000000000011       0x12 TankFu.o

.note.gnu.build-id
 *(.note.gnu.build-id)

.debug
 *(.debug)

.line
 *(.line)

.debug_srcinfo
 *(.debug_srcinfo)

.debug_sfnames
 *(.debug_sfnames)

.debug_aranges  0x0000000000000000      0x6e0
 *(.debug_aranges)
 .debug_aranges
                0x0000000000000000       0xf8 uzeboxVideoEngineCore.o
 .debug_aranges
                0x00000000000000f8       0x90 uzeboxCore.o
 .debug_aranges
                0x0000000000000188      0x100 uzeboxSoundEngine.o
 .debug_aranges
                0x0000000000000288       0x50 uzeboxSoundEngineCore.o
 .debug_aranges
                0x00000000000002d8       0xf8 uzeboxVideoEngine.o
 .debug_aranges
                0x00000000000003d0      0x310 TankFu.o

.debug_pubnames
 *(.debug_pubnames)

.debug_info     0x0000000000000000     0xa035
 *(.debug_info .gnu.linkonce.wi.*)
 .debug_info    0x0000000000000000      0x672 /usr/local/lib/gcc/avr/4.9.2/../../../../avr/lib/avr5/crtm644.o
 .debug_info    0x0000000000000672       0x7d uzeboxVideoEngineCore.o
 .debug_info    0x00000000000006ef      0xab8 uzeboxCore.o
 .debug_info    0x00000000000011a7     0x12e8 uzeboxSoundEngine.o
 .debug_info    0x000000000000248f       0x74 uzeboxSoundEngineCore.o
 .debug_info    0x0000000000002503     0x1214 uzeboxVideoEngine.o
 .debug_info    0x0000000000003717     0x691e TankFu.o

.debug_abbrev   0x0000000000000000     0x1640
 *(.debug_abbrev)
 .debug_abbrev  0x0000000000000000      0x619 /usr/local/lib/gcc/avr/4.9.2/../../../../avr/lib/avr5/crtm644.o
 .debug_abbrev  0x0000000000000619       0x12 uzeboxVideoEngineCore.o
 .debug_abbrev  0x000000000000062b      0x32b uzeboxCore.o
 .debug_abbrev  0x0000000000000956      0x35c uzeboxSoundEngine.o
 .debug_abbrev  0x0000000000000cb2       0x12 uzeboxSoundEngineCore.o
 .debug_abbrev  0x0000000000000cc4      0x39a uzeboxVideoEngine.o
 .debug_abbrev  0x000000000000105e      0x5e2 TankFu.o

.debug_line     0x0000000000000000     0x23ab
 *(.debug_line .debug_line.* .debug_line_end)
 .debug_line    0x0000000000000000       0x1d /usr/local/lib/gcc/avr/4.9.2/../../../../avr/lib/avr5/crtm644.o
 .debug_line    0x000000000000001d      0x50b uzeboxVideoEngineCore.o
 .debug_line    0x0000000000000528      0x2b9 uzeboxCore.o
 .debug_line    0x00000000000007e1      0x3e6 uzeboxSoundEngine.o
 .debug_line    0x0000000000000bc7      0x1a9 uzeboxSoundEngineCore.o
 .debug_line    0x0000000000000d70      0x45c uzeboxVideoEngine.o
 .debug_line    0x00000000000011cc     0x11df TankFu.o

.debug_frame    0x0000000000000000     0x166c
 *(.debug_frame)
 .debug_frame   0x0000000000000000      0x1cc uzeboxCore.o
 .debug_frame   0x00000000000001cc      0x284 uzeboxSoundEngine.o
 .debug_frame   0x0000000000000450      0x47c uzeboxVideoEngine.o
 .debug_frame   0x00000000000008cc      0xda0 TankFu.o

.debug_str      0x0000000000000000     0x1e51
 *(.debug_str)
 .debug_str     0x0000000000000000      0x231 /usr/local/lib/gcc/avr/4.9.2/../../../../avr/lib/avr5/crtm644.o
 .debug_str     0x0000000000000231      0x4bf uzeboxCore.o
                                        0x516 (size before relaxing)
 .debug_str     0x00000000000006f0      0x40a uzeboxSoundEngine.o
                                        0x646 (size before relaxing)
 .debug_str     0x0000000000000afa      0x2e4 uzeboxVideoEngine.o
                                        0x46f (size before relaxing)
 .debug_str     0x0000000000000dde     0x1073 TankFu.o
                                       0x149c (size before relaxing)

.debug_loc      0x0000000000000000     0x91f9
 *(.debug_loc)
 .debug_loc     0x0000000000000000      0x9f9 uzeboxCore.o
 .debug_loc     0x00000000000009f9     0x1148 uzeboxSoundEngine.o
 .debug_loc     0x0000000000001b41     0x1b2c uzeboxVideoEngine.o
 .debug_loc     0x000000000000366d     0x5b8c TankFu.o

.debug_macinfo
 *(.debug_macinfo)

.debug_weaknames
 *(.debug_weaknames)

.debug_funcnames
 *(.debug_funcnames)

.debug_typenames
 *(.debug_typenames)

.debug_varnames
 *(.debug_varnames)

.debug_pubtypes
 *(.debug_pubtypes)

.debug_ranges   0x0000000000000000      0x7c8
 *(.debug_ranges)
 .debug_ranges  0x0000000000000000       0xf0 uzeboxVideoEngineCore.o
 .debug_ranges  0x00000000000000f0       0x98 uzeboxCore.o
 .debug_ranges  0x0000000000000188      0x138 uzeboxSoundEngine.o
 .debug_ranges  0x00000000000002c0       0x48 uzeboxSoundEngineCore.o
 .debug_ranges  0x0000000000000308      0x100 uzeboxVideoEngine.o
 .debug_ranges  0x0000000000000408      0x3c0 TankFu.o

.debug_macro
 *(.debug_macro)
OUTPUT(TankFu.elf elf32-avr)
LOAD linker stubs
