Archive member included because of file (symbol)

/usr/local/lib/gcc/avr/4.9.2/avr5/libgcc.a(_udivmodqi4.o)
                              uzeboxVideoEngine.o (__udivmodqi4)
/usr/local/lib/gcc/avr/4.9.2/avr5/libgcc.a(_udivmodhi4.o)
                              uzeboxVideoEngine.o (__udivmodhi4)
/usr/local/lib/gcc/avr/4.9.2/avr5/libgcc.a(_divmodhi4.o)
                              uzeboxSoundEngine.o (__divmodhi4)
/usr/local/lib/gcc/avr/4.9.2/avr5/libgcc.a(_udivmodsi4.o)
                              uzeboxVideoEngine.o (__udivmodsi4)
/usr/local/lib/gcc/avr/4.9.2/avr5/libgcc.a(_exit.o)
                              /usr/local/lib/gcc/avr/4.9.2/../../../../avr/lib/avr5/crtm644.o (exit)
/usr/local/lib/gcc/avr/4.9.2/avr5/libgcc.a(_copy_data.o)
                              uzeboxVideoEngine.o (__do_copy_data)
/usr/local/lib/gcc/avr/4.9.2/avr5/libgcc.a(_clear_bss.o)
                              uzeboxCore.o (__do_clear_bss)

Allocating common symbols
Common symbol       size              file

songStart           0x2               uzeboxSoundEngine.o
tracks              0x58              uzeboxSoundEngine.o
fadeSpeed           0x1               uzeboxVideoEngine.o
p2                  0x6               TankFu.o
currDeltaTime       0x2               uzeboxSoundEngine.o
fadeDir             0x1               uzeboxVideoEngine.o
patchPointers       0x2               uzeboxSoundEngine.o
game                0x4               TankFu.o
lastStatus          0x1               uzeboxSoundEngine.o
joypadsConnectionStatus
                    0x1               uzeboxCore.o
free_tile_index     0x1               uzeboxVideoEngine.o
player1             0x33              TankFu.o
fadeActive          0x1               uzeboxVideoEngine.o
p1                  0x6               TankFu.o
masterVolume        0x1               uzeboxSoundEngine.o
nextDeltaTime       0x2               uzeboxSoundEngine.o
songSpeed           0x1               uzeboxSoundEngine.o
songPos             0x2               uzeboxSoundEngine.o
level               0x2ef             TankFu.o
player2             0x33              TankFu.o
loopStart           0x2               uzeboxSoundEngine.o
step                0x1               uzeboxSoundEngine.o
currFadeFrame       0x1               uzeboxVideoEngine.o
fadeStep            0x1               uzeboxVideoEngine.o

Discarded input sections

 .bss           0x0000000000000000        0x0 /usr/local/lib/gcc/avr/4.9.2/../../../../avr/lib/avr5/crtm644.o
 .text.SetSpritesTileBank
                0x0000000000000000       0x12 uzeboxVideoEngineCore.o
 .text.GetTile  0x0000000000000000       0x1e uzeboxVideoEngineCore.o
 .text.WaitUs   0x0000000000000000        0xe uzeboxVideoEngineCore.o
 .text.SetUserPreVsyncCallback
                0x0000000000000000        0xa uzeboxVideoEngineCore.o
 .text.SetUserPostVsyncCallback
                0x0000000000000000        0xa uzeboxVideoEngineCore.o
 .text.IsRunningInEmulator
                0x0000000000000000       0x12 uzeboxVideoEngineCore.o
 .text.WaitClocks
                0x0000000000000000        0x6 uzeboxVideoEngineCore.o
 .text.SetLedOn
                0x0000000000000000        0x4 uzeboxVideoEngineCore.o
 .text.SetLedOff
                0x0000000000000000        0x4 uzeboxVideoEngineCore.o
 .text.ToggleLed
                0x0000000000000000        0x4 uzeboxVideoEngineCore.o
 .text.internal_spi_byte
                0x0000000000000000        0xe uzeboxVideoEngineCore.o
 .text          0x0000000000000000        0x0 uzeboxCore.o
 .bss           0x0000000000000000        0x0 uzeboxCore.o
 .text.SetRenderingParameters
                0x0000000000000000        0xa uzeboxCore.o
 .text.DetectControllers
                0x0000000000000000       0x36 uzeboxCore.o
 .text.FormatEeprom2
                0x0000000000000000       0x98 uzeboxCore.o
 .text.ReadPowerSwitch
                0x0000000000000000        0xe uzeboxCore.o
 .text          0x0000000000000000        0x0 uzeboxSoundEngine.o
 .text.StartSong
                0x0000000000000000       0x4e uzeboxSoundEngine.o
 .text.StopSong
                0x0000000000000000       0x16 uzeboxSoundEngine.o
 .text.ResumeSong
                0x0000000000000000        0x8 uzeboxSoundEngine.o
 .text.SetSongSpeed
                0x0000000000000000        0x6 uzeboxSoundEngine.o
 .text.GetSongSpeed
                0x0000000000000000        0x6 uzeboxSoundEngine.o
 .text.TriggerFx
                0x0000000000000000       0x78 uzeboxSoundEngine.o
 .text.GetMasterVolume
                0x0000000000000000        0x6 uzeboxSoundEngine.o
 .text.SetMixerVolume
                0x0000000000000000       0x16 uzeboxSoundEngineCore.o
 .text.EnableSoundEngine
                0x0000000000000000        0x8 uzeboxSoundEngineCore.o
 .text          0x0000000000000000        0x0 uzeboxVideoEngine.o
 .bss           0x0000000000000000        0x0 uzeboxVideoEngine.o
 .text.SetSpriteVisibility
                0x0000000000000000        0x6 uzeboxVideoEngine.o
 .text.MapSprite2
                0x0000000000000000       0xa4 uzeboxVideoEngine.o
 .text.DrawMap  0x0000000000000000       0x98 uzeboxVideoEngine.o
 .text.PrintLong
                0x0000000000000000       0x8a uzeboxVideoEngine.o
 .text.PrintByte
                0x0000000000000000       0x66 uzeboxVideoEngine.o
 .text.PrintInt
                0x0000000000000000       0x70 uzeboxVideoEngine.o
 .text.PrintBinaryByte
                0x0000000000000000       0x36 uzeboxVideoEngine.o
 .text.PrintHexByte
                0x0000000000000000       0x40 uzeboxVideoEngine.o
 .text.PrintHexInt
                0x0000000000000000       0x24 uzeboxVideoEngine.o
 .text.PrintHexLong
                0x0000000000000000       0x5e uzeboxVideoEngine.o
 .text.PrintRam
                0x0000000000000000       0x36 uzeboxVideoEngine.o
 .text.Fill     0x0000000000000000       0x6e uzeboxVideoEngine.o
 .text.FontFill
                0x0000000000000000       0x6c uzeboxVideoEngine.o
 .text          0x0000000000000000        0x0 TankFu.o
 .text.save_eeprom
                0x0000000000000000        0x4 TankFu.o
 .text.resetGameState
                0x0000000000000000        0xe TankFu.o
 .text.resetPlayerState
                0x0000000000000000        0x2 TankFu.o
 .text.resetLevelSate
                0x0000000000000000        0x2 TankFu.o
 .text.resetShotState
                0x0000000000000000        0x2 TankFu.o
 .text.resetAnimState
                0x0000000000000000        0x2 TankFu.o
 .text.update_tank_rank
                0x0000000000000000        0x2 TankFu.o
 .text.update_level
                0x0000000000000000        0x2 TankFu.o
 .text          0x0000000000000000        0x0 /usr/local/lib/gcc/avr/4.9.2/avr5/libgcc.a(_udivmodqi4.o)
 .bss           0x0000000000000000        0x0 /usr/local/lib/gcc/avr/4.9.2/avr5/libgcc.a(_udivmodqi4.o)
 .text.libgcc.mul
                0x0000000000000000        0x0 /usr/local/lib/gcc/avr/4.9.2/avr5/libgcc.a(_udivmodqi4.o)
 .text.libgcc.div
                0x0000000000000000       0x18 /usr/local/lib/gcc/avr/4.9.2/avr5/libgcc.a(_udivmodqi4.o)
 .text.libgcc   0x0000000000000000        0x0 /usr/local/lib/gcc/avr/4.9.2/avr5/libgcc.a(_udivmodqi4.o)
 .text.libgcc.prologue
                0x0000000000000000        0x0 /usr/local/lib/gcc/avr/4.9.2/avr5/libgcc.a(_udivmodqi4.o)
 .text.libgcc.builtins
                0x0000000000000000        0x0 /usr/local/lib/gcc/avr/4.9.2/avr5/libgcc.a(_udivmodqi4.o)
 .text.libgcc.fmul
                0x0000000000000000        0x0 /usr/local/lib/gcc/avr/4.9.2/avr5/libgcc.a(_udivmodqi4.o)
 .text.libgcc.fixed
                0x0000000000000000        0x0 /usr/local/lib/gcc/avr/4.9.2/avr5/libgcc.a(_udivmodqi4.o)
 .text          0x0000000000000000        0x0 /usr/local/lib/gcc/avr/4.9.2/avr5/libgcc.a(_udivmodhi4.o)
 .bss           0x0000000000000000        0x0 /usr/local/lib/gcc/avr/4.9.2/avr5/libgcc.a(_udivmodhi4.o)
 .text.libgcc.mul
                0x0000000000000000        0x0 /usr/local/lib/gcc/avr/4.9.2/avr5/libgcc.a(_udivmodhi4.o)
 .text.libgcc   0x0000000000000000        0x0 /usr/local/lib/gcc/avr/4.9.2/avr5/libgcc.a(_udivmodhi4.o)
 .text.libgcc.prologue
                0x0000000000000000        0x0 /usr/local/lib/gcc/avr/4.9.2/avr5/libgcc.a(_udivmodhi4.o)
 .text.libgcc.builtins
                0x0000000000000000        0x0 /usr/local/lib/gcc/avr/4.9.2/avr5/libgcc.a(_udivmodhi4.o)
 .text.libgcc.fmul
                0x0000000000000000        0x0 /usr/local/lib/gcc/avr/4.9.2/avr5/libgcc.a(_udivmodhi4.o)
 .text.libgcc.fixed
                0x0000000000000000        0x0 /usr/local/lib/gcc/avr/4.9.2/avr5/libgcc.a(_udivmodhi4.o)
 .text          0x0000000000000000        0x0 /usr/local/lib/gcc/avr/4.9.2/avr5/libgcc.a(_divmodhi4.o)
 .bss           0x0000000000000000        0x0 /usr/local/lib/gcc/avr/4.9.2/avr5/libgcc.a(_divmodhi4.o)
 .text.libgcc.mul
                0x0000000000000000        0x0 /usr/local/lib/gcc/avr/4.9.2/avr5/libgcc.a(_divmodhi4.o)
 .text.libgcc   0x0000000000000000        0x0 /usr/local/lib/gcc/avr/4.9.2/avr5/libgcc.a(_divmodhi4.o)
 .text.libgcc.prologue
                0x0000000000000000        0x0 /usr/local/lib/gcc/avr/4.9.2/avr5/libgcc.a(_divmodhi4.o)
 .text.libgcc.builtins
                0x0000000000000000        0x0 /usr/local/lib/gcc/avr/4.9.2/avr5/libgcc.a(_divmodhi4.o)
 .text.libgcc.fmul
                0x0000000000000000        0x0 /usr/local/lib/gcc/avr/4.9.2/avr5/libgcc.a(_divmodhi4.o)
 .text.libgcc.fixed
                0x0000000000000000        0x0 /usr/local/lib/gcc/avr/4.9.2/avr5/libgcc.a(_divmodhi4.o)
 .text          0x0000000000000000        0x0 /usr/local/lib/gcc/avr/4.9.2/avr5/libgcc.a(_udivmodsi4.o)
 .bss           0x0000000000000000        0x0 /usr/local/lib/gcc/avr/4.9.2/avr5/libgcc.a(_udivmodsi4.o)
 .text.libgcc.mul
                0x0000000000000000        0x0 /usr/local/lib/gcc/avr/4.9.2/avr5/libgcc.a(_udivmodsi4.o)
 .text.libgcc.div
                0x0000000000000000       0x44 /usr/local/lib/gcc/avr/4.9.2/avr5/libgcc.a(_udivmodsi4.o)
 .text.libgcc   0x0000000000000000        0x0 /usr/local/lib/gcc/avr/4.9.2/avr5/libgcc.a(_udivmodsi4.o)
 .text.libgcc.prologue
                0x0000000000000000        0x0 /usr/local/lib/gcc/avr/4.9.2/avr5/libgcc.a(_udivmodsi4.o)
 .text.libgcc.builtins
                0x0000000000000000        0x0 /usr/local/lib/gcc/avr/4.9.2/avr5/libgcc.a(_udivmodsi4.o)
 .text.libgcc.fmul
                0x0000000000000000        0x0 /usr/local/lib/gcc/avr/4.9.2/avr5/libgcc.a(_udivmodsi4.o)
 .text.libgcc.fixed
                0x0000000000000000        0x0 /usr/local/lib/gcc/avr/4.9.2/avr5/libgcc.a(_udivmodsi4.o)
 .text          0x0000000000000000        0x0 /usr/local/lib/gcc/avr/4.9.2/avr5/libgcc.a(_exit.o)
 .bss           0x0000000000000000        0x0 /usr/local/lib/gcc/avr/4.9.2/avr5/libgcc.a(_exit.o)
 .text.libgcc.mul
                0x0000000000000000        0x0 /usr/local/lib/gcc/avr/4.9.2/avr5/libgcc.a(_exit.o)
 .text.libgcc.div
                0x0000000000000000        0x0 /usr/local/lib/gcc/avr/4.9.2/avr5/libgcc.a(_exit.o)
 .text.libgcc   0x0000000000000000        0x0 /usr/local/lib/gcc/avr/4.9.2/avr5/libgcc.a(_exit.o)
 .text.libgcc.prologue
                0x0000000000000000        0x0 /usr/local/lib/gcc/avr/4.9.2/avr5/libgcc.a(_exit.o)
 .text.libgcc.builtins
                0x0000000000000000        0x0 /usr/local/lib/gcc/avr/4.9.2/avr5/libgcc.a(_exit.o)
 .text.libgcc.fmul
                0x0000000000000000        0x0 /usr/local/lib/gcc/avr/4.9.2/avr5/libgcc.a(_exit.o)
 .text.libgcc.fixed
                0x0000000000000000        0x0 /usr/local/lib/gcc/avr/4.9.2/avr5/libgcc.a(_exit.o)
 .text          0x0000000000000000        0x0 /usr/local/lib/gcc/avr/4.9.2/avr5/libgcc.a(_copy_data.o)
 .bss           0x0000000000000000        0x0 /usr/local/lib/gcc/avr/4.9.2/avr5/libgcc.a(_copy_data.o)
 .text.libgcc.mul
                0x0000000000000000        0x0 /usr/local/lib/gcc/avr/4.9.2/avr5/libgcc.a(_copy_data.o)
 .text.libgcc.div
                0x0000000000000000        0x0 /usr/local/lib/gcc/avr/4.9.2/avr5/libgcc.a(_copy_data.o)
 .text.libgcc   0x0000000000000000        0x0 /usr/local/lib/gcc/avr/4.9.2/avr5/libgcc.a(_copy_data.o)
 .text.libgcc.prologue
                0x0000000000000000        0x0 /usr/local/lib/gcc/avr/4.9.2/avr5/libgcc.a(_copy_data.o)
 .text.libgcc.builtins
                0x0000000000000000        0x0 /usr/local/lib/gcc/avr/4.9.2/avr5/libgcc.a(_copy_data.o)
 .text.libgcc.fmul
                0x0000000000000000        0x0 /usr/local/lib/gcc/avr/4.9.2/avr5/libgcc.a(_copy_data.o)
 .text.libgcc.fixed
                0x0000000000000000        0x0 /usr/local/lib/gcc/avr/4.9.2/avr5/libgcc.a(_copy_data.o)
 .text          0x0000000000000000        0x0 /usr/local/lib/gcc/avr/4.9.2/avr5/libgcc.a(_clear_bss.o)
 .bss           0x0000000000000000        0x0 /usr/local/lib/gcc/avr/4.9.2/avr5/libgcc.a(_clear_bss.o)
 .text.libgcc.mul
                0x0000000000000000        0x0 /usr/local/lib/gcc/avr/4.9.2/avr5/libgcc.a(_clear_bss.o)
 .text.libgcc.div
                0x0000000000000000        0x0 /usr/local/lib/gcc/avr/4.9.2/avr5/libgcc.a(_clear_bss.o)
 .text.libgcc   0x0000000000000000        0x0 /usr/local/lib/gcc/avr/4.9.2/avr5/libgcc.a(_clear_bss.o)
 .text.libgcc.prologue
                0x0000000000000000        0x0 /usr/local/lib/gcc/avr/4.9.2/avr5/libgcc.a(_clear_bss.o)
 .text.libgcc.builtins
                0x0000000000000000        0x0 /usr/local/lib/gcc/avr/4.9.2/avr5/libgcc.a(_clear_bss.o)
 .text.libgcc.fmul
                0x0000000000000000        0x0 /usr/local/lib/gcc/avr/4.9.2/avr5/libgcc.a(_clear_bss.o)
 .text.libgcc.fixed
                0x0000000000000000        0x0 /usr/local/lib/gcc/avr/4.9.2/avr5/libgcc.a(_clear_bss.o)

Memory Configuration

Name             Origin             Length             Attributes
text             0x0000000000000000 0x0000000000020000 xr
data             0x0000000000800060 0x000000000000ffa0 rw !x
eeprom           0x0000000000810000 0x0000000000010000 rw !x
fuse             0x0000000000820000 0x0000000000000400 rw !x
lock             0x0000000000830000 0x0000000000000400 rw !x
signature        0x0000000000840000 0x0000000000000400 rw !x
*default*        0x0000000000000000 0xffffffffffffffff

Linker script and memory map

Address of section .data set to 0x800100
LOAD /usr/local/lib/gcc/avr/4.9.2/../../../../avr/lib/avr5/crtm644.o
LOAD uzeboxVideoEngineCore.o
LOAD uzeboxCore.o
LOAD uzeboxSoundEngine.o
LOAD uzeboxSoundEngineCore.o
LOAD uzeboxVideoEngine.o
LOAD TankFu.o
START GROUP
LOAD /usr/local/lib/gcc/avr/4.9.2/avr5/libgcc.a
LOAD /usr/local/lib/gcc/avr/4.9.2/../../../../avr/lib/avr5/libm.a
LOAD /usr/local/lib/gcc/avr/4.9.2/../../../../avr/lib/avr5/libc.a
END GROUP

.hash
 *(.hash)

.dynsym
 *(.dynsym)

.dynstr
 *(.dynstr)

.gnu.version
 *(.gnu.version)

.gnu.version_d
 *(.gnu.version_d)

.gnu.version_r
 *(.gnu.version_r)

.rel.init
 *(.rel.init)

.rela.init
 *(.rela.init)

.rel.text
 *(.rel.text)
 *(.rel.text.*)
 *(.rel.gnu.linkonce.t*)

.rela.text
 *(.rela.text)
 *(.rela.text.*)
 *(.rela.gnu.linkonce.t*)

.rel.fini
 *(.rel.fini)

.rela.fini
 *(.rela.fini)

.rel.rodata
 *(.rel.rodata)
 *(.rel.rodata.*)
 *(.rel.gnu.linkonce.r*)

.rela.rodata
 *(.rela.rodata)
 *(.rela.rodata.*)
 *(.rela.gnu.linkonce.r*)

.rel.data
 *(.rel.data)
 *(.rel.data.*)
 *(.rel.gnu.linkonce.d*)

.rela.data
 *(.rela.data)
 *(.rela.data.*)
 *(.rela.gnu.linkonce.d*)

.rel.ctors
 *(.rel.ctors)

.rela.ctors
 *(.rela.ctors)

.rel.dtors
 *(.rel.dtors)

.rela.dtors
 *(.rela.dtors)

.rel.got
 *(.rel.got)

.rela.got
 *(.rela.got)

.rel.bss
 *(.rel.bss)

.rela.bss
 *(.rela.bss)

.rel.plt
 *(.rel.plt)

.rela.plt
 *(.rela.plt)

.text           0x0000000000000000     0x7606
 *(.vectors)
 .vectors       0x0000000000000000       0x70 /usr/local/lib/gcc/avr/4.9.2/../../../../avr/lib/avr5/crtm644.o
                0x0000000000000000                __vectors
                0x0000000000000000                __vector_default
 *(.vectors)
 *(.progmem.gcc*)
                0x0000000000000070                . = ALIGN (0x2)
                0x0000000000000070                __trampolines_start = .
 *(.trampolines)
 .trampolines   0x0000000000000070        0x0 linker stubs
 *(.trampolines*)
                0x0000000000000070                __trampolines_end = .
 *(.progmem*)
 .progmem.data  0x0000000000000070       0x4e uzeboxCore.o
                0x0000000000000070                io_table
                0x000000000000009e                eeprom_format_table
 .progmem.data  0x00000000000000be       0x1a uzeboxSoundEngine.o
                0x00000000000000be                patchCommands
 .progmem.data  0x00000000000000d8     0x17bc uzeboxVideoEngine.o
                0x00000000000000d8                fader
                0x00000000000000e4                map_uzeboxlogo2
                0x00000000000000f5                map_uzeboxlogo
                0x000000000000010b                logo_tileset
                0x000000000000090b                logoInitPatches
                0x0000000000000914                voice
 .progmem.data  0x0000000000001894     0x319d TankFu.o
                0x0000000000001894                strB10
                0x00000000000018a4                strB9
                0x00000000000018af                strB8
                0x00000000000018ba                strB7
                0x00000000000018c9                strB6
                0x00000000000018d0                strB5
                0x00000000000018d9                strB4
                0x00000000000018e6                strB3
                0x00000000000018f5                strB2
                0x00000000000018f9                strB1
                0x0000000000001906                strChangeHandle
                0x0000000000001916                strCancelHandle
                0x0000000000001922                strConfirmHandle
                0x000000000000192e                strSelectHandle
                0x000000000000193a                strPlayer2
                0x000000000000193d                strPlayer1
                0x0000000000001940                strUnderline
                0x000000000000194c                strHandlesTitle
                0x0000000000001963                strHighscores
                0x000000000000196d                str2Player
                0x000000000000197e                str1Player
                0x000000000000198c                strCopyright
                0x00000000000019a3                map_rocket_right_1
                0x00000000000019a6                map_rocket_right_0
                0x00000000000019a9                map_rocket_up_1
                0x00000000000019ac                map_rocket_up_0
                0x00000000000019af                map_ball
                0x00000000000019b2                map_explosion_2
                0x00000000000019b8                map_explosion_1
                0x00000000000019be                map_explosion_0
                0x00000000000019c4                map_tank2_right_1
                0x00000000000019ca                map_tank2_right_0
                0x00000000000019d0                map_tank2_up_1
                0x00000000000019d6                map_tank2_up_0
                0x00000000000019dc                map_tank1_right_1
                0x00000000000019e2                map_tank1_right_0
                0x00000000000019e8                map_tank1_up_1
                0x00000000000019ee                map_tank1_up_0
                0x00000000000019f4                map_none
                0x00000000000019f7                map_metal_bl
                0x00000000000019fa                map_metal_tr
                0x00000000000019fd                map_metal_br
                0x0000000000001a00                map_metal_tl
                0x0000000000001a03                map_tile_exp_2
                0x0000000000001a06                map_tile_exp_1
                0x0000000000001a09                map_tile_exp_0
                0x0000000000001a0c                map_rocket_itm
                0x0000000000001a0f                map_explode_itm
                0x0000000000001a12                map_speed_itm
                0x0000000000001a15                map_metal
                0x0000000000001a18                map_brick
                0x0000000000001a1b                map_splash
                0x0000000000001a71                sprites_data
                0x0000000000002671                tiles_data
                0x0000000000004a32                . = ALIGN (0x2)
 *fill*         0x0000000000004a31        0x1 
 *(.jumptables)
 *(.jumptables*)
 *(.lowtext)
 *(.lowtext*)
                0x0000000000004a32                __ctors_start = .
 *(.ctors)
                0x0000000000004a32                __ctors_end = .
                0x0000000000004a32                __dtors_start = .
 *(.dtors)
                0x0000000000004a32                __dtors_end = .
 SORT(*)(.ctors)
 SORT(*)(.dtors)
 *(.init0)
 .init0         0x0000000000004a32        0x0 /usr/local/lib/gcc/avr/4.9.2/../../../../avr/lib/avr5/crtm644.o
                0x0000000000004a32                __init
 *(.init0)
 *(.init1)
 *(.init1)
 *(.init2)
 .init2         0x0000000000004a32        0xc /usr/local/lib/gcc/avr/4.9.2/../../../../avr/lib/avr5/crtm644.o
 *(.init2)
 *(.init3)
 *(.init3)
 *(.init4)
 .init4         0x0000000000004a3e       0x16 /usr/local/lib/gcc/avr/4.9.2/avr5/libgcc.a(_copy_data.o)
                0x0000000000004a3e                __do_copy_data
 .init4         0x0000000000004a54       0x10 /usr/local/lib/gcc/avr/4.9.2/avr5/libgcc.a(_clear_bss.o)
                0x0000000000004a54                __do_clear_bss
 *(.init4)
 *(.init5)
 *(.init5)
 *(.init6)
 *(.init6)
 *(.init7)
 .init7         0x0000000000004a64       0x12 uzeboxCore.o
                0x0000000000004a64                wdt_init
 *(.init7)
 *(.init8)
 .init8         0x0000000000004a76       0x9a uzeboxCore.o
                0x0000000000004a76                Initialize
 *(.init8)
 *(.init9)
 .init9         0x0000000000004b10        0x8 /usr/local/lib/gcc/avr/4.9.2/../../../../avr/lib/avr5/crtm644.o
 *(.init9)
 *(.text)
 .text          0x0000000000004b18        0x4 /usr/local/lib/gcc/avr/4.9.2/../../../../avr/lib/avr5/crtm644.o
                0x0000000000004b18                __vector_20
                0x0000000000004b18                __vector_1
                0x0000000000004b18                __vector_24
                0x0000000000004b18                __vector_12
                0x0000000000004b18                __bad_interrupt
                0x0000000000004b18                __vector_6
                0x0000000000004b18                __vector_3
                0x0000000000004b18                __vector_23
                0x0000000000004b18                __vector_25
                0x0000000000004b18                __vector_11
                0x0000000000004b18                __vector_17
                0x0000000000004b18                __vector_19
                0x0000000000004b18                __vector_7
                0x0000000000004b18                __vector_27
                0x0000000000004b18                __vector_5
                0x0000000000004b18                __vector_4
                0x0000000000004b18                __vector_9
                0x0000000000004b18                __vector_2
                0x0000000000004b18                __vector_21
                0x0000000000004b18                __vector_15
                0x0000000000004b18                __vector_8
                0x0000000000004b18                __vector_26
                0x0000000000004b18                __vector_10
                0x0000000000004b18                __vector_16
                0x0000000000004b18                __vector_18
                0x0000000000004b18                __vector_22
 .text          0x0000000000004b1c      0x58c uzeboxVideoEngineCore.o
                0x0000000000004cc0                CopyTileToRam
                0x0000000000004de2                BlitSprite
                0x0000000000004ec2                __vector_13
                0x0000000000004f42                __vector_14
 .text          0x00000000000050a8      0x23c uzeboxSoundEngineCore.o
                0x00000000000050a8                process_music
                0x0000000000005266                update_sound_buffer_fast
                0x000000000000528e                update_sound
                0x00000000000052e4                . = ALIGN (0x2)
 *(.text.*)
 .text.SetSpritesTileTable
                0x00000000000052e4        0xa uzeboxVideoEngineCore.o
                0x00000000000052e4                SetSpritesTileTable
 .text.ClearVram
                0x00000000000052ee       0x14 uzeboxVideoEngineCore.o
                0x00000000000052ee                ClearVram
 .text.SetFont  0x0000000000005302        0x8 uzeboxVideoEngineCore.o
                0x0000000000005302                SetFont
 .text.SetTile  0x000000000000530a       0x1c uzeboxVideoEngineCore.o
                0x000000000000530a                SetTile
 .text.SetFontTilesIndex
                0x0000000000005326        0x6 uzeboxVideoEngineCore.o
                0x0000000000005326                SetFontTilesIndex
 .text.SetTileTable
                0x000000000000532c        0xa uzeboxVideoEngineCore.o
                0x000000000000532c                SetTileTable
 .text.GetVsyncFlag
                0x0000000000005336        0x8 uzeboxVideoEngineCore.o
                0x0000000000005336                GetVsyncFlag
 .text.ClearVsyncFlag
                0x000000000000533e        0xc uzeboxVideoEngineCore.o
                0x000000000000533e                ClearVsyncFlag
 .text.ReadJoypad
                0x000000000000534a       0x18 uzeboxVideoEngineCore.o
                0x000000000000534a                ReadJoypad
 .text.WriteEeprom
                0x0000000000005362       0x14 uzeboxVideoEngineCore.o
                0x0000000000005362                WriteEeprom
 .text.ReadEeprom
                0x0000000000005376       0x12 uzeboxVideoEngineCore.o
                0x0000000000005376                ReadEeprom
 .text.SoftReset
                0x0000000000005388       0x16 uzeboxCore.o
                0x0000000000005388                SoftReset
 .text.ReadButtons
                0x000000000000539e       0x6c uzeboxCore.o
                0x000000000000539e                ReadButtons
 .text.ReadControllers
                0x000000000000540a       0x20 uzeboxCore.o
                0x000000000000540a                ReadControllers
 .text.FormatEeprom
                0x000000000000542a       0x44 uzeboxCore.o
                0x000000000000542a                FormatEeprom
 .text.isEepromFormatted
                0x000000000000546e       0x2e uzeboxCore.o
                0x000000000000546e                isEepromFormatted
 .text.EepromWriteBlock
                0x000000000000549c       0xda uzeboxCore.o
                0x000000000000549c                EepromWriteBlock
 .text.EepromReadBlock
                0x0000000000005576       0x92 uzeboxCore.o
                0x0000000000005576                EepromReadBlock
 .text.PatchCommand00
                0x0000000000005608        0x6 uzeboxSoundEngine.o
                0x0000000000005608                PatchCommand00
 .text.PatchCommand01
                0x000000000000560e        0x2 uzeboxSoundEngine.o
                0x000000000000560e                PatchCommand01
 .text.PatchCommand05
                0x0000000000005610        0xa uzeboxSoundEngine.o
                0x0000000000005610                PatchCommand05
 .text.PatchCommand06
                0x000000000000561a        0xa uzeboxSoundEngine.o
                0x000000000000561a                PatchCommand06
 .text.PatchCommand07
                0x0000000000005624        0x6 uzeboxSoundEngine.o
                0x0000000000005624                PatchCommand07
 .text.PatchCommand09
                0x000000000000562a        0x6 uzeboxSoundEngine.o
                0x000000000000562a                PatchCommand09
 .text.PatchCommand10
                0x0000000000005630        0x6 uzeboxSoundEngine.o
                0x0000000000005630                PatchCommand10
 .text.PatchCommand11
                0x0000000000005636       0x7a uzeboxSoundEngine.o
                0x0000000000005636                PatchCommand11
 .text.PatchCommand12
                0x00000000000056b0        0x6 uzeboxSoundEngine.o
                0x00000000000056b0                PatchCommand12
 .text.PatchCommand02
                0x00000000000056b6        0x8 uzeboxSoundEngine.o
                0x00000000000056b6                PatchCommand02
 .text.PatchCommand03
                0x00000000000056be       0x10 uzeboxSoundEngine.o
                0x00000000000056be                PatchCommand03
 .text.PatchCommand04
                0x00000000000056ce       0x10 uzeboxSoundEngine.o
                0x00000000000056ce                PatchCommand04
 .text.PatchCommand08
                0x00000000000056de       0x32 uzeboxSoundEngine.o
                0x00000000000056de                PatchCommand08
 .text.InitMusicPlayer
                0x0000000000005710       0x44 uzeboxSoundEngine.o
                0x0000000000005710                InitMusicPlayer
 .text.ReadVarLen
                0x0000000000005754       0x4c uzeboxSoundEngine.o
                0x0000000000005754                ReadVarLen
 .text.TriggerCommon
                0x00000000000057a0      0x142 uzeboxSoundEngine.o
                0x00000000000057a0                TriggerCommon
 .text.TriggerNote
                0x00000000000058e2       0x6e uzeboxSoundEngine.o
                0x00000000000058e2                TriggerNote
 .text.ProcessMusic
                0x0000000000005950      0x44e uzeboxSoundEngine.o
                0x0000000000005950                ProcessMusic
 .text.SetMasterVolume
                0x0000000000005d9e        0x6 uzeboxSoundEngine.o
                0x0000000000005d9e                SetMasterVolume
 .text.SetMixerNote
                0x0000000000005da4       0x28 uzeboxSoundEngineCore.o
                0x0000000000005da4                SetMixerNote
 .text.SetMixerWave
                0x0000000000005dcc       0x1a uzeboxSoundEngineCore.o
                0x0000000000005dcc                SetMixerWave
 *fill*         0x0000000000005de6       0x1a 
 .text.DisableSoundEngine
                0x0000000000005e00      0xc00 uzeboxSoundEngineCore.o
                0x0000000000005e00                DisableSoundEngine
                0x0000000000005e08                steptable
                0x0000000000006000                waves
 .text.RestoreBackground
                0x0000000000006a00       0x22 uzeboxVideoEngine.o
                0x0000000000006a00                RestoreBackground
 .text.ProcessSprites
                0x0000000000006a22      0x1a8 uzeboxVideoEngine.o
                0x0000000000006a22                ProcessSprites
 .text.MapSprite
                0x0000000000006bca       0x80 uzeboxVideoEngine.o
                0x0000000000006bca                MapSprite
 .text.MoveSprite
                0x0000000000006c4a       0x4a uzeboxVideoEngine.o
                0x0000000000006c4a                MoveSprite
 .text.InitializeVideoMode
                0x0000000000006c94       0x14 uzeboxVideoEngine.o
                0x0000000000006c94                InitializeVideoMode
 .text.DrawMap2
                0x0000000000006ca8       0x9a uzeboxVideoEngine.o
                0x0000000000006ca8                DrawMap2
 .text.Print    0x0000000000006d42       0x36 uzeboxVideoEngine.o
                0x0000000000006d42                Print
 .text.PrintChar
                0x0000000000006d78        0x6 uzeboxVideoEngine.o
                0x0000000000006d78                PrintChar
 .text.WaitVsync
                0x0000000000006d7e       0x2e uzeboxVideoEngine.o
                0x0000000000006d7e                WaitVsync
 .text.DisplayLogo
                0x0000000000006dac       0x76 uzeboxVideoEngine.o
                0x0000000000006dac                DisplayLogo
 .text.doFade   0x0000000000006e22       0x1c uzeboxVideoEngine.o
                0x0000000000006e22                doFade
 .text.FadeIn   0x0000000000006e3e       0x18 uzeboxVideoEngine.o
                0x0000000000006e3e                FadeIn
 .text.FadeOut  0x0000000000006e56       0x18 uzeboxVideoEngine.o
                0x0000000000006e56                FadeOut
 .text.ProcessFading
                0x0000000000006e6e       0x4a uzeboxVideoEngine.o
                0x0000000000006e6e                ProcessFading
 .text.VideoModeVsync
                0x0000000000006eb8        0x8 uzeboxVideoEngine.o
                0x0000000000006eb8                VideoModeVsync
 .text.getJoyPadState
                0x0000000000006ec0       0x84 TankFu.o
                0x0000000000006ec0                getJoyPadState
 .text.copyChars
                0x0000000000006f44       0x18 TankFu.o
                0x0000000000006f44                copyChars
 .text.load_eeprom
                0x0000000000006f5c       0x24 TankFu.o
                0x0000000000006f5c                load_eeprom
 .text.fade_through
                0x0000000000006f80       0x14 TankFu.o
                0x0000000000006f80                fade_through
 .text.clear_sprites
                0x0000000000006f94       0x18 TankFu.o
                0x0000000000006f94                clear_sprites
 .text.update_splash
                0x0000000000006fac       0xe8 TankFu.o
                0x0000000000006fac                update_splash
 .text._handle_select_helper
                0x0000000000007094      0x160 TankFu.o
                0x0000000000007094                _handle_select_helper
 .text._handle_select_render_helper
                0x00000000000071f4      0x1a6 TankFu.o
                0x00000000000071f4                _handle_select_render_helper
 .text.update_handle_select
                0x000000000000739a      0x1ac TankFu.o
                0x000000000000739a                update_handle_select
 .text.startup.main
                0x0000000000007546       0x6c TankFu.o
                0x0000000000007546                main
 .text.libgcc.div
                0x00000000000075b2       0x28 /usr/local/lib/gcc/avr/4.9.2/avr5/libgcc.a(_udivmodhi4.o)
                0x00000000000075b2                __udivmodhi4
 .text.libgcc.div
                0x00000000000075da       0x28 /usr/local/lib/gcc/avr/4.9.2/avr5/libgcc.a(_divmodhi4.o)
                0x00000000000075da                __divmodhi4
                0x00000000000075da                _div
                0x0000000000007602                . = ALIGN (0x2)
 *(.fini9)
 .fini9         0x0000000000007602        0x0 /usr/local/lib/gcc/avr/4.9.2/avr5/libgcc.a(_exit.o)
                0x0000000000007602                exit
                0x0000000000007602                _exit
 *(.fini9)
 *(.fini8)
 *(.fini8)
 *(.fini7)
 *(.fini7)
 *(.fini6)
 *(.fini6)
 *(.fini5)
 *(.fini5)
 *(.fini4)
 *(.fini4)
 *(.fini3)
 *(.fini3)
 *(.fini2)
 *(.fini2)
 *(.fini1)
 *(.fini1)
 *(.fini0)
 .fini0         0x0000000000007602        0x4 /usr/local/lib/gcc/avr/4.9.2/avr5/libgcc.a(_exit.o)
 *(.fini0)
                0x0000000000007606                _etext = .

.data           0x0000000000800100       0x56 load address 0x0000000000007606
                0x0000000000800100                PROVIDE (__data_start, .)
 *(.data)
 .data          0x0000000000800100        0x0 /usr/local/lib/gcc/avr/4.9.2/../../../../avr/lib/avr5/crtm644.o
 .data          0x0000000000800100        0x0 uzeboxVideoEngineCore.o
 .data          0x0000000000800100        0x0 uzeboxCore.o
 .data          0x0000000000800100        0x0 uzeboxSoundEngine.o
 .data          0x0000000000800100        0x0 uzeboxSoundEngineCore.o
 .data          0x0000000000800100        0x1 uzeboxVideoEngine.o
                0x0000000000800100                spritesOn
 .data          0x0000000000800101       0x54 TankFu.o
                0x0000000000800101                scores
                0x0000000000800121                handles
                0x0000000000800141                banter_map
 .data          0x0000000000800155        0x0 /usr/local/lib/gcc/avr/4.9.2/avr5/libgcc.a(_udivmodqi4.o)
 .data          0x0000000000800155        0x0 /usr/local/lib/gcc/avr/4.9.2/avr5/libgcc.a(_udivmodhi4.o)
 .data          0x0000000000800155        0x0 /usr/local/lib/gcc/avr/4.9.2/avr5/libgcc.a(_divmodhi4.o)
 .data          0x0000000000800155        0x0 /usr/local/lib/gcc/avr/4.9.2/avr5/libgcc.a(_udivmodsi4.o)
 .data          0x0000000000800155        0x0 /usr/local/lib/gcc/avr/4.9.2/avr5/libgcc.a(_exit.o)
 .data          0x0000000000800155        0x0 /usr/local/lib/gcc/avr/4.9.2/avr5/libgcc.a(_copy_data.o)
 .data          0x0000000000800155        0x0 /usr/local/lib/gcc/avr/4.9.2/avr5/libgcc.a(_clear_bss.o)
 *(.data*)
 *(.rodata)
 *(.rodata*)
 *(.gnu.linkonce.d*)
                0x0000000000800156                . = ALIGN (0x2)
 *fill*         0x0000000000800155        0x1 
                0x0000000000800156                _edata = .
                0x0000000000800156                PROVIDE (__data_end, .)

.bss            0x0000000000800160      0xd32
                0x0000000000800160                PROVIDE (__bss_start, .)
 *(.bss)
 .bss           0x0000000000800160      0x720 uzeboxVideoEngineCore.o
                0x0000000000800160                vram
                0x00000000008004a8                sprites
                0x00000000008004a8                overlay_vram
                0x00000000008004dc                ram_tiles
                0x000000000080081c                ram_tiles_restore
                0x0000000000800843                sprites_tile_banks
                0x000000000080084e                Screen
                0x0000000000800852                sync_phase
                0x0000000000800853                sync_pulse
                0x0000000000800854                sync_flags
                0x0000000000800859                first_render_line
                0x000000000080085a                render_lines_count
                0x000000000080085b                first_render_line_tmp
                0x000000000080085c                render_lines_count_tmp
                0x000000000080085d                joypad1_status_lo
                0x000000000080085f                joypad1_status_hi
                0x0000000000800861                joypad2_status_lo
                0x0000000000800863                joypad2_status_hi
 .bss           0x0000000000800880        0x1 uzeboxSoundEngine.o
                0x0000000000800880                playSong
 .bss           0x0000000000800881      0x22d uzeboxSoundEngineCore.o
                0x0000000000800881                mix_buf
                0x0000000000800a8d                mix_pos
                0x0000000000800a8f                mix_bank
                0x0000000000800a91                sound_enabled
                0x0000000000800a92                mixer
 .bss           0x0000000000800aae       0x10 TankFu.o
                0x0000000000800aae                p2s
                0x0000000000800ab4                p1s
 *(.bss*)
 *(COMMON)
 COMMON         0x0000000000800abe        0x1 uzeboxCore.o
                0x0000000000800abe                joypadsConnectionStatus
 COMMON         0x0000000000800abf       0x68 uzeboxSoundEngine.o
                0x0000000000800abf                songStart
                0x0000000000800ac1                tracks
                0x0000000000800b19                currDeltaTime
                0x0000000000800b1b                patchPointers
                0x0000000000800b1d                lastStatus
                0x0000000000800b1e                masterVolume
                0x0000000000800b1f                nextDeltaTime
                0x0000000000800b21                songSpeed
                0x0000000000800b22                songPos
                0x0000000000800b24                loopStart
                0x0000000000800b26                step
 COMMON         0x0000000000800b27        0x6 uzeboxVideoEngine.o
                0x0000000000800b27                fadeSpeed
                0x0000000000800b28                fadeDir
                0x0000000000800b29                free_tile_index
                0x0000000000800b2a                fadeActive
                0x0000000000800b2b                currFadeFrame
                0x0000000000800b2c                fadeStep
 COMMON         0x0000000000800b2d      0x365 TankFu.o
                0x0000000000800b2d                p2
                0x0000000000800b33                game
                0x0000000000800b37                player1
                0x0000000000800b6a                p1
                0x0000000000800b70                level
                0x0000000000800e5f                player2
                0x0000000000800e92                PROVIDE (__bss_end, .)
                0x0000000000007606                __data_load_start = LOADADDR (.data)
                0x000000000000765c                __data_load_end = (__data_load_start + SIZEOF (.data))

.noinit         0x0000000000800e92        0x0
                0x0000000000800e92                PROVIDE (__noinit_start, .)
 *(.noinit*)
                0x0000000000800e92                PROVIDE (__noinit_end, .)
                0x0000000000800e92                _end = .
                0x0000000000800e92                PROVIDE (__heap_start, .)

.eeprom         0x0000000000810000        0x0
 *(.eeprom*)
                0x0000000000810000                __eeprom_end = .

.fuse
 *(.fuse)
 *(.lfuse)
 *(.hfuse)
 *(.efuse)

.lock
 *(.lock*)

.signature
 *(.signature*)

.stab           0x0000000000000000      0x4f8
 *(.stab)
 .stab          0x0000000000000000       0x3c /usr/local/lib/gcc/avr/4.9.2/avr5/libgcc.a(_udivmodqi4.o)
                                         0xf0 (size before relaxing)
 .stab          0x000000000000003c      0x15c /usr/local/lib/gcc/avr/4.9.2/avr5/libgcc.a(_udivmodhi4.o)
                                        0x168 (size before relaxing)
 .stab          0x0000000000000198      0x138 /usr/local/lib/gcc/avr/4.9.2/avr5/libgcc.a(_divmodhi4.o)
                                        0x144 (size before relaxing)
 .stab          0x00000000000002d0       0x30 /usr/local/lib/gcc/avr/4.9.2/avr5/libgcc.a(_udivmodsi4.o)
                                        0x234 (size before relaxing)
 .stab          0x0000000000000300       0x6c /usr/local/lib/gcc/avr/4.9.2/avr5/libgcc.a(_exit.o)
                                         0x78 (size before relaxing)
 .stab          0x000000000000036c       0xd8 /usr/local/lib/gcc/avr/4.9.2/avr5/libgcc.a(_copy_data.o)
                                         0xe4 (size before relaxing)
 .stab          0x0000000000000444       0xb4 /usr/local/lib/gcc/avr/4.9.2/avr5/libgcc.a(_clear_bss.o)
                                         0xc0 (size before relaxing)

.stabstr        0x0000000000000000      0x24c
 *(.stabstr)
 .stabstr       0x0000000000000000      0x24c /usr/local/lib/gcc/avr/4.9.2/avr5/libgcc.a(_udivmodqi4.o)

.stab.excl
 *(.stab.excl)

.stab.exclstr
 *(.stab.exclstr)

.stab.index
 *(.stab.index)

.stab.indexstr
 *(.stab.indexstr)

.comment        0x0000000000000000       0x11
 *(.comment)
 .comment       0x0000000000000000       0x11 uzeboxCore.o
                                         0x12 (size before relaxing)
 .comment       0x0000000000000000       0x12 uzeboxSoundEngine.o
 .comment       0x0000000000000000       0x12 uzeboxVideoEngine.o
 .comment       0x0000000000000000       0x12 TankFu.o

.note.gnu.build-id
 *(.note.gnu.build-id)

.debug
 *(.debug)

.line
 *(.line)

.debug_srcinfo
 *(.debug_srcinfo)

.debug_sfnames
 *(.debug_sfnames)

.debug_aranges  0x0000000000000000      0x420
 *(.debug_aranges)
 .debug_aranges
                0x0000000000000000       0xd0 uzeboxVideoEngineCore.o
 .debug_aranges
                0x00000000000000d0       0x80 uzeboxCore.o
 .debug_aranges
                0x0000000000000150       0xe8 uzeboxSoundEngine.o
 .debug_aranges
                0x0000000000000238       0x48 uzeboxSoundEngineCore.o
 .debug_aranges
                0x0000000000000280       0xf8 uzeboxVideoEngine.o
 .debug_aranges
                0x0000000000000378       0xa8 TankFu.o

.debug_pubnames
 *(.debug_pubnames)

.debug_info     0x0000000000000000     0x52b6
 *(.debug_info .gnu.linkonce.wi.*)
 .debug_info    0x0000000000000000      0x672 /usr/local/lib/gcc/avr/4.9.2/../../../../avr/lib/avr5/crtm644.o
 .debug_info    0x0000000000000672       0x7b uzeboxVideoEngineCore.o
 .debug_info    0x00000000000006ed      0x9bb uzeboxCore.o
 .debug_info    0x00000000000010a8     0x1223 uzeboxSoundEngine.o
 .debug_info    0x00000000000022cb       0x71 uzeboxSoundEngineCore.o
 .debug_info    0x000000000000233c     0x15bb uzeboxVideoEngine.o
 .debug_info    0x00000000000038f7     0x19bf TankFu.o

.debug_abbrev   0x0000000000000000     0x136b
 *(.debug_abbrev)
 .debug_abbrev  0x0000000000000000      0x619 /usr/local/lib/gcc/avr/4.9.2/../../../../avr/lib/avr5/crtm644.o
 .debug_abbrev  0x0000000000000619       0x12 uzeboxVideoEngineCore.o
 .debug_abbrev  0x000000000000062b      0x2eb uzeboxCore.o
 .debug_abbrev  0x0000000000000916      0x307 uzeboxSoundEngine.o
 .debug_abbrev  0x0000000000000c1d       0x12 uzeboxSoundEngineCore.o
 .debug_abbrev  0x0000000000000c2f      0x3ab uzeboxVideoEngine.o
 .debug_abbrev  0x0000000000000fda      0x391 TankFu.o

.debug_line     0x0000000000000000     0x14cb
 *(.debug_line .debug_line.* .debug_line_end)
 .debug_line    0x0000000000000000       0x1d /usr/local/lib/gcc/avr/4.9.2/../../../../avr/lib/avr5/crtm644.o
 .debug_line    0x000000000000001d      0x47a uzeboxVideoEngineCore.o
 .debug_line    0x0000000000000497      0x293 uzeboxCore.o
 .debug_line    0x000000000000072a      0x39e uzeboxSoundEngine.o
 .debug_line    0x0000000000000ac8      0x1cf uzeboxSoundEngineCore.o
 .debug_line    0x0000000000000c97      0x4df uzeboxVideoEngine.o
 .debug_line    0x0000000000001176      0x355 TankFu.o

.debug_frame    0x0000000000000000      0xaa4
 *(.debug_frame)
 .debug_frame   0x0000000000000000      0x174 uzeboxCore.o
 .debug_frame   0x0000000000000174      0x26c uzeboxSoundEngine.o
 .debug_frame   0x00000000000003e0      0x4c0 uzeboxVideoEngine.o
 .debug_frame   0x00000000000008a0      0x204 TankFu.o

.debug_str      0x0000000000000000     0x1319
 *(.debug_str)
 .debug_str     0x0000000000000000      0x231 /usr/local/lib/gcc/avr/4.9.2/../../../../avr/lib/avr5/crtm644.o
 .debug_str     0x0000000000000231      0x450 uzeboxCore.o
                                        0x499 (size before relaxing)
 .debug_str     0x0000000000000681      0x3dc uzeboxSoundEngine.o
                                        0x5cd (size before relaxing)
 .debug_str     0x0000000000000a5d      0x2e4 uzeboxVideoEngine.o
                                        0x4b9 (size before relaxing)
 .debug_str     0x0000000000000d41      0x5d8 TankFu.o
                                        0x7d1 (size before relaxing)

.debug_loc      0x0000000000000000     0x3f96
 *(.debug_loc)
 .debug_loc     0x0000000000000000      0x864 uzeboxCore.o
 .debug_loc     0x0000000000000864     0x1174 uzeboxSoundEngine.o
 .debug_loc     0x00000000000019d8     0x1d49 uzeboxVideoEngine.o
 .debug_loc     0x0000000000003721      0x875 TankFu.o

.debug_macinfo
 *(.debug_macinfo)

.debug_weaknames
 *(.debug_weaknames)

.debug_funcnames
 *(.debug_funcnames)

.debug_typenames
 *(.debug_typenames)

.debug_varnames
 *(.debug_varnames)

.debug_pubtypes
 *(.debug_pubtypes)

.debug_ranges   0x0000000000000000      0x478
 *(.debug_ranges)
 .debug_ranges  0x0000000000000000       0xc8 uzeboxVideoEngineCore.o
 .debug_ranges  0x00000000000000c8       0x70 uzeboxCore.o
 .debug_ranges  0x0000000000000138      0x120 uzeboxSoundEngine.o
 .debug_ranges  0x0000000000000258       0x40 uzeboxSoundEngineCore.o
 .debug_ranges  0x0000000000000298      0x130 uzeboxVideoEngine.o
 .debug_ranges  0x00000000000003c8       0xb0 TankFu.o

.debug_macro
 *(.debug_macro)
OUTPUT(TankFu.elf elf32-avr)
LOAD linker stubs
