Archive member included to satisfy reference by file (symbol)

/usr/local/lib/gcc/avr/4.9.2/avr5/libgcc.a(_udivmodqi4.o)
                              uzeboxVideoEngine.o (__udivmodqi4)
/usr/local/lib/gcc/avr/4.9.2/avr5/libgcc.a(_udivmodhi4.o)
                              uzeboxVideoEngine.o (__udivmodhi4)
/usr/local/lib/gcc/avr/4.9.2/avr5/libgcc.a(_divmodhi4.o)
                              uzeboxSoundEngine.o (__divmodhi4)
/usr/local/lib/gcc/avr/4.9.2/avr5/libgcc.a(_udivmodsi4.o)
                              uzeboxVideoEngine.o (__udivmodsi4)
/usr/local/lib/gcc/avr/4.9.2/avr5/libgcc.a(_exit.o)
                              /usr/local/lib/gcc/avr/4.9.2/../../../../avr/lib/avr5/crtm644.o (exit)
/usr/local/lib/gcc/avr/4.9.2/avr5/libgcc.a(_tablejump2.o)
                              TankFu.o (__tablejump2__)
/usr/local/lib/gcc/avr/4.9.2/avr5/libgcc.a(_copy_data.o)
                              uzeboxVideoEngine.o (__do_copy_data)
/usr/local/lib/gcc/avr/4.9.2/avr5/libgcc.a(_clear_bss.o)
                              uzeboxCore.o (__do_clear_bss)
/usr/local/lib/gcc/avr/4.9.2/../../../../avr/lib/avr5/libm.a(addsf3.o)
                              TankFu.o (__subsf3)
/usr/local/lib/gcc/avr/4.9.2/../../../../avr/lib/avr5/libm.a(addsf3x.o)
                              /usr/local/lib/gcc/avr/4.9.2/../../../../avr/lib/avr5/libm.a(addsf3.o) (__addsf3x)
/usr/local/lib/gcc/avr/4.9.2/../../../../avr/lib/avr5/libm.a(cmpsf2.o)
                              TankFu.o (__eqsf2)
/usr/local/lib/gcc/avr/4.9.2/../../../../avr/lib/avr5/libm.a(divsf3.o)
                              TankFu.o (__divsf3)
/usr/local/lib/gcc/avr/4.9.2/../../../../avr/lib/avr5/libm.a(divsf3x.o)
                              /usr/local/lib/gcc/avr/4.9.2/../../../../avr/lib/avr5/libm.a(divsf3.o) (__divsf3x)
/usr/local/lib/gcc/avr/4.9.2/../../../../avr/lib/avr5/libm.a(fixunssfsi.o)
                              TankFu.o (__fixunssfsi)
/usr/local/lib/gcc/avr/4.9.2/../../../../avr/lib/avr5/libm.a(floatsisf.o)
                              TankFu.o (__floatunsisf)
/usr/local/lib/gcc/avr/4.9.2/../../../../avr/lib/avr5/libm.a(fp_cmp.o)
                              /usr/local/lib/gcc/avr/4.9.2/../../../../avr/lib/avr5/libm.a(cmpsf2.o) (__fp_cmp)
/usr/local/lib/gcc/avr/4.9.2/../../../../avr/lib/avr5/libm.a(fp_inf.o)
                              /usr/local/lib/gcc/avr/4.9.2/../../../../avr/lib/avr5/libm.a(addsf3x.o) (__fp_inf)
/usr/local/lib/gcc/avr/4.9.2/../../../../avr/lib/avr5/libm.a(fp_nan.o)
                              /usr/local/lib/gcc/avr/4.9.2/../../../../avr/lib/avr5/libm.a(addsf3x.o) (__fp_nan)
/usr/local/lib/gcc/avr/4.9.2/../../../../avr/lib/avr5/libm.a(fp_pscA.o)
                              /usr/local/lib/gcc/avr/4.9.2/../../../../avr/lib/avr5/libm.a(addsf3x.o) (__fp_pscA)
/usr/local/lib/gcc/avr/4.9.2/../../../../avr/lib/avr5/libm.a(fp_pscB.o)
                              /usr/local/lib/gcc/avr/4.9.2/../../../../avr/lib/avr5/libm.a(addsf3x.o) (__fp_pscB)
/usr/local/lib/gcc/avr/4.9.2/../../../../avr/lib/avr5/libm.a(fp_round.o)
                              /usr/local/lib/gcc/avr/4.9.2/../../../../avr/lib/avr5/libm.a(addsf3.o) (__fp_round)
/usr/local/lib/gcc/avr/4.9.2/../../../../avr/lib/avr5/libm.a(fp_split3.o)
                              /usr/local/lib/gcc/avr/4.9.2/../../../../avr/lib/avr5/libm.a(addsf3x.o) (__fp_split3)
/usr/local/lib/gcc/avr/4.9.2/../../../../avr/lib/avr5/libm.a(fp_zero.o)
                              /usr/local/lib/gcc/avr/4.9.2/../../../../avr/lib/avr5/libm.a(addsf3x.o) (__fp_zero)
/usr/local/lib/gcc/avr/4.9.2/../../../../avr/lib/avr5/libm.a(gesf2.o)
                              TankFu.o (__gtsf2)
/usr/local/lib/gcc/avr/4.9.2/../../../../avr/lib/avr5/libm.a(mulsf3.o)
                              TankFu.o (__mulsf3)
/usr/local/lib/gcc/avr/4.9.2/../../../../avr/lib/avr5/libm.a(mulsf3x.o)
                              /usr/local/lib/gcc/avr/4.9.2/../../../../avr/lib/avr5/libm.a(mulsf3.o) (__mulsf3x)

Allocating common symbols
Common symbol       size              file

songStart           0x2               uzeboxSoundEngine.o
tracks              0x58              uzeboxSoundEngine.o
fadeSpeed           0x1               uzeboxVideoEngine.o
p2                  0x6               TankFu.o
currDeltaTime       0x2               uzeboxSoundEngine.o
fadeDir             0x1               uzeboxVideoEngine.o
patchPointers       0x2               uzeboxSoundEngine.o
game                0x4               TankFu.o
tile_animations     0x19              TankFu.o
lastStatus          0x1               uzeboxSoundEngine.o
joypadsConnectionStatus
                    0x1               uzeboxCore.o
free_tile_index     0x1               uzeboxVideoEngine.o
player1             0x7c              TankFu.o
fadeActive          0x1               uzeboxVideoEngine.o
p1                  0x6               TankFu.o
masterVolume        0x1               uzeboxSoundEngine.o
nextDeltaTime       0x2               uzeboxSoundEngine.o
songSpeed           0x1               uzeboxSoundEngine.o
songPos             0x2               uzeboxSoundEngine.o
level               0x2ef             TankFu.o
player2             0x7c              TankFu.o
loopStart           0x2               uzeboxSoundEngine.o
step                0x1               uzeboxSoundEngine.o
currFadeFrame       0x1               uzeboxVideoEngine.o
fadeStep            0x1               uzeboxVideoEngine.o

Discarded input sections

 .data          0x0000000000000000        0x0 /usr/local/lib/gcc/avr/4.9.2/../../../../avr/lib/avr5/crtm644.o
 .bss           0x0000000000000000        0x0 /usr/local/lib/gcc/avr/4.9.2/../../../../avr/lib/avr5/crtm644.o
 .data          0x0000000000000000        0x0 uzeboxVideoEngineCore.o
 .text.SetSpritesTileBank
                0x0000000000000000       0x12 uzeboxVideoEngineCore.o
 .text.GetTile  0x0000000000000000       0x1e uzeboxVideoEngineCore.o
 .text.SetUserPreVsyncCallback
                0x0000000000000000        0xa uzeboxVideoEngineCore.o
 .text.SetUserPostVsyncCallback
                0x0000000000000000        0xa uzeboxVideoEngineCore.o
 .text.IsRunningInEmulator
                0x0000000000000000       0x12 uzeboxVideoEngineCore.o
 .text.WaitClocks
                0x0000000000000000        0x6 uzeboxVideoEngineCore.o
 .text.SetLedOn
                0x0000000000000000        0x4 uzeboxVideoEngineCore.o
 .text.SetLedOff
                0x0000000000000000        0x4 uzeboxVideoEngineCore.o
 .text.ToggleLed
                0x0000000000000000        0x4 uzeboxVideoEngineCore.o
 .text.internal_spi_byte
                0x0000000000000000        0xe uzeboxVideoEngineCore.o
 .text          0x0000000000000000        0x0 uzeboxCore.o
 .data          0x0000000000000000        0x0 uzeboxCore.o
 .bss           0x0000000000000000        0x0 uzeboxCore.o
 .text.SetRenderingParameters
                0x0000000000000000        0xa uzeboxCore.o
 .text.DetectControllers
                0x0000000000000000       0x36 uzeboxCore.o
 .text.FormatEeprom2
                0x0000000000000000       0x98 uzeboxCore.o
 .text.ReadPowerSwitch
                0x0000000000000000        0xe uzeboxCore.o
 .text          0x0000000000000000        0x0 uzeboxSoundEngine.o
 .data          0x0000000000000000        0x0 uzeboxSoundEngine.o
 .text.StartSong
                0x0000000000000000       0x4e uzeboxSoundEngine.o
 .text.ResumeSong
                0x0000000000000000        0x8 uzeboxSoundEngine.o
 .text.SetSongSpeed
                0x0000000000000000        0x6 uzeboxSoundEngine.o
 .text.GetSongSpeed
                0x0000000000000000        0x6 uzeboxSoundEngine.o
 .text.GetMasterVolume
                0x0000000000000000        0x6 uzeboxSoundEngine.o
 .data          0x0000000000000000        0x0 uzeboxSoundEngineCore.o
 .text.SetMixerNoiseParams
                0x0000000000000000       0x10 uzeboxSoundEngineCore.o
 .text.SetMixerVolume
                0x0000000000000000       0x16 uzeboxSoundEngineCore.o
 .text.EnableSoundEngine
                0x0000000000000000        0x8 uzeboxSoundEngineCore.o
 .text          0x0000000000000000        0x0 uzeboxVideoEngine.o
 .bss           0x0000000000000000        0x0 uzeboxVideoEngine.o
 .text.MapSprite
                0x0000000000000000       0x80 uzeboxVideoEngine.o
 .text.DrawMap  0x0000000000000000       0x98 uzeboxVideoEngine.o
 .text.PrintLong
                0x0000000000000000       0x8a uzeboxVideoEngine.o
 .text.PrintInt
                0x0000000000000000       0x70 uzeboxVideoEngine.o
 .text.PrintBinaryByte
                0x0000000000000000       0x36 uzeboxVideoEngine.o
 .text.PrintHexByte
                0x0000000000000000       0x40 uzeboxVideoEngine.o
 .text.PrintHexInt
                0x0000000000000000       0x24 uzeboxVideoEngine.o
 .text.PrintHexLong
                0x0000000000000000       0x5e uzeboxVideoEngine.o
 .text.PrintRam
                0x0000000000000000       0x36 uzeboxVideoEngine.o
 .text.Fill     0x0000000000000000       0x6e uzeboxVideoEngine.o
 .text.FontFill
                0x0000000000000000       0x6c uzeboxVideoEngine.o
 .text          0x0000000000000000        0x0 TankFu.o
 .text.save_eeprom
                0x0000000000000000        0x4 TankFu.o
 .text          0x0000000000000000        0x0 /usr/local/lib/gcc/avr/4.9.2/avr5/libgcc.a(_udivmodqi4.o)
 .data          0x0000000000000000        0x0 /usr/local/lib/gcc/avr/4.9.2/avr5/libgcc.a(_udivmodqi4.o)
 .bss           0x0000000000000000        0x0 /usr/local/lib/gcc/avr/4.9.2/avr5/libgcc.a(_udivmodqi4.o)
 .text.libgcc.mul
                0x0000000000000000        0x0 /usr/local/lib/gcc/avr/4.9.2/avr5/libgcc.a(_udivmodqi4.o)
 .text.libgcc   0x0000000000000000        0x0 /usr/local/lib/gcc/avr/4.9.2/avr5/libgcc.a(_udivmodqi4.o)
 .text.libgcc.prologue
                0x0000000000000000        0x0 /usr/local/lib/gcc/avr/4.9.2/avr5/libgcc.a(_udivmodqi4.o)
 .text.libgcc.builtins
                0x0000000000000000        0x0 /usr/local/lib/gcc/avr/4.9.2/avr5/libgcc.a(_udivmodqi4.o)
 .text.libgcc.fmul
                0x0000000000000000        0x0 /usr/local/lib/gcc/avr/4.9.2/avr5/libgcc.a(_udivmodqi4.o)
 .text.libgcc.fixed
                0x0000000000000000        0x0 /usr/local/lib/gcc/avr/4.9.2/avr5/libgcc.a(_udivmodqi4.o)
 .text          0x0000000000000000        0x0 /usr/local/lib/gcc/avr/4.9.2/avr5/libgcc.a(_udivmodhi4.o)
 .data          0x0000000000000000        0x0 /usr/local/lib/gcc/avr/4.9.2/avr5/libgcc.a(_udivmodhi4.o)
 .bss           0x0000000000000000        0x0 /usr/local/lib/gcc/avr/4.9.2/avr5/libgcc.a(_udivmodhi4.o)
 .text.libgcc.mul
                0x0000000000000000        0x0 /usr/local/lib/gcc/avr/4.9.2/avr5/libgcc.a(_udivmodhi4.o)
 .text.libgcc   0x0000000000000000        0x0 /usr/local/lib/gcc/avr/4.9.2/avr5/libgcc.a(_udivmodhi4.o)
 .text.libgcc.prologue
                0x0000000000000000        0x0 /usr/local/lib/gcc/avr/4.9.2/avr5/libgcc.a(_udivmodhi4.o)
 .text.libgcc.builtins
                0x0000000000000000        0x0 /usr/local/lib/gcc/avr/4.9.2/avr5/libgcc.a(_udivmodhi4.o)
 .text.libgcc.fmul
                0x0000000000000000        0x0 /usr/local/lib/gcc/avr/4.9.2/avr5/libgcc.a(_udivmodhi4.o)
 .text.libgcc.fixed
                0x0000000000000000        0x0 /usr/local/lib/gcc/avr/4.9.2/avr5/libgcc.a(_udivmodhi4.o)
 .text          0x0000000000000000        0x0 /usr/local/lib/gcc/avr/4.9.2/avr5/libgcc.a(_divmodhi4.o)
 .data          0x0000000000000000        0x0 /usr/local/lib/gcc/avr/4.9.2/avr5/libgcc.a(_divmodhi4.o)
 .bss           0x0000000000000000        0x0 /usr/local/lib/gcc/avr/4.9.2/avr5/libgcc.a(_divmodhi4.o)
 .text.libgcc.mul
                0x0000000000000000        0x0 /usr/local/lib/gcc/avr/4.9.2/avr5/libgcc.a(_divmodhi4.o)
 .text.libgcc   0x0000000000000000        0x0 /usr/local/lib/gcc/avr/4.9.2/avr5/libgcc.a(_divmodhi4.o)
 .text.libgcc.prologue
                0x0000000000000000        0x0 /usr/local/lib/gcc/avr/4.9.2/avr5/libgcc.a(_divmodhi4.o)
 .text.libgcc.builtins
                0x0000000000000000        0x0 /usr/local/lib/gcc/avr/4.9.2/avr5/libgcc.a(_divmodhi4.o)
 .text.libgcc.fmul
                0x0000000000000000        0x0 /usr/local/lib/gcc/avr/4.9.2/avr5/libgcc.a(_divmodhi4.o)
 .text.libgcc.fixed
                0x0000000000000000        0x0 /usr/local/lib/gcc/avr/4.9.2/avr5/libgcc.a(_divmodhi4.o)
 .text          0x0000000000000000        0x0 /usr/local/lib/gcc/avr/4.9.2/avr5/libgcc.a(_udivmodsi4.o)
 .data          0x0000000000000000        0x0 /usr/local/lib/gcc/avr/4.9.2/avr5/libgcc.a(_udivmodsi4.o)
 .bss           0x0000000000000000        0x0 /usr/local/lib/gcc/avr/4.9.2/avr5/libgcc.a(_udivmodsi4.o)
 .stab          0x0000000000000000      0x228 /usr/local/lib/gcc/avr/4.9.2/avr5/libgcc.a(_udivmodsi4.o)
                                        0x234 (size before relaxing)
 .text.libgcc.mul
                0x0000000000000000        0x0 /usr/local/lib/gcc/avr/4.9.2/avr5/libgcc.a(_udivmodsi4.o)
 .text.libgcc.div
                0x0000000000000000       0x44 /usr/local/lib/gcc/avr/4.9.2/avr5/libgcc.a(_udivmodsi4.o)
 .text.libgcc   0x0000000000000000        0x0 /usr/local/lib/gcc/avr/4.9.2/avr5/libgcc.a(_udivmodsi4.o)
 .text.libgcc.prologue
                0x0000000000000000        0x0 /usr/local/lib/gcc/avr/4.9.2/avr5/libgcc.a(_udivmodsi4.o)
 .text.libgcc.builtins
                0x0000000000000000        0x0 /usr/local/lib/gcc/avr/4.9.2/avr5/libgcc.a(_udivmodsi4.o)
 .text.libgcc.fmul
                0x0000000000000000        0x0 /usr/local/lib/gcc/avr/4.9.2/avr5/libgcc.a(_udivmodsi4.o)
 .text.libgcc.fixed
                0x0000000000000000        0x0 /usr/local/lib/gcc/avr/4.9.2/avr5/libgcc.a(_udivmodsi4.o)
 .text          0x0000000000000000        0x0 /usr/local/lib/gcc/avr/4.9.2/avr5/libgcc.a(_exit.o)
 .data          0x0000000000000000        0x0 /usr/local/lib/gcc/avr/4.9.2/avr5/libgcc.a(_exit.o)
 .bss           0x0000000000000000        0x0 /usr/local/lib/gcc/avr/4.9.2/avr5/libgcc.a(_exit.o)
 .text.libgcc.mul
                0x0000000000000000        0x0 /usr/local/lib/gcc/avr/4.9.2/avr5/libgcc.a(_exit.o)
 .text.libgcc.div
                0x0000000000000000        0x0 /usr/local/lib/gcc/avr/4.9.2/avr5/libgcc.a(_exit.o)
 .text.libgcc   0x0000000000000000        0x0 /usr/local/lib/gcc/avr/4.9.2/avr5/libgcc.a(_exit.o)
 .text.libgcc.prologue
                0x0000000000000000        0x0 /usr/local/lib/gcc/avr/4.9.2/avr5/libgcc.a(_exit.o)
 .text.libgcc.builtins
                0x0000000000000000        0x0 /usr/local/lib/gcc/avr/4.9.2/avr5/libgcc.a(_exit.o)
 .text.libgcc.fmul
                0x0000000000000000        0x0 /usr/local/lib/gcc/avr/4.9.2/avr5/libgcc.a(_exit.o)
 .text.libgcc.fixed
                0x0000000000000000        0x0 /usr/local/lib/gcc/avr/4.9.2/avr5/libgcc.a(_exit.o)
 .text          0x0000000000000000        0x0 /usr/local/lib/gcc/avr/4.9.2/avr5/libgcc.a(_tablejump2.o)
 .data          0x0000000000000000        0x0 /usr/local/lib/gcc/avr/4.9.2/avr5/libgcc.a(_tablejump2.o)
 .bss           0x0000000000000000        0x0 /usr/local/lib/gcc/avr/4.9.2/avr5/libgcc.a(_tablejump2.o)
 .text.libgcc.mul
                0x0000000000000000        0x0 /usr/local/lib/gcc/avr/4.9.2/avr5/libgcc.a(_tablejump2.o)
 .text.libgcc.div
                0x0000000000000000        0x0 /usr/local/lib/gcc/avr/4.9.2/avr5/libgcc.a(_tablejump2.o)
 .text.libgcc.prologue
                0x0000000000000000        0x0 /usr/local/lib/gcc/avr/4.9.2/avr5/libgcc.a(_tablejump2.o)
 .text.libgcc.builtins
                0x0000000000000000        0x0 /usr/local/lib/gcc/avr/4.9.2/avr5/libgcc.a(_tablejump2.o)
 .text.libgcc.fmul
                0x0000000000000000        0x0 /usr/local/lib/gcc/avr/4.9.2/avr5/libgcc.a(_tablejump2.o)
 .text.libgcc.fixed
                0x0000000000000000        0x0 /usr/local/lib/gcc/avr/4.9.2/avr5/libgcc.a(_tablejump2.o)
 .text          0x0000000000000000        0x0 /usr/local/lib/gcc/avr/4.9.2/avr5/libgcc.a(_copy_data.o)
 .data          0x0000000000000000        0x0 /usr/local/lib/gcc/avr/4.9.2/avr5/libgcc.a(_copy_data.o)
 .bss           0x0000000000000000        0x0 /usr/local/lib/gcc/avr/4.9.2/avr5/libgcc.a(_copy_data.o)
 .text.libgcc.mul
                0x0000000000000000        0x0 /usr/local/lib/gcc/avr/4.9.2/avr5/libgcc.a(_copy_data.o)
 .text.libgcc.div
                0x0000000000000000        0x0 /usr/local/lib/gcc/avr/4.9.2/avr5/libgcc.a(_copy_data.o)
 .text.libgcc   0x0000000000000000        0x0 /usr/local/lib/gcc/avr/4.9.2/avr5/libgcc.a(_copy_data.o)
 .text.libgcc.prologue
                0x0000000000000000        0x0 /usr/local/lib/gcc/avr/4.9.2/avr5/libgcc.a(_copy_data.o)
 .text.libgcc.builtins
                0x0000000000000000        0x0 /usr/local/lib/gcc/avr/4.9.2/avr5/libgcc.a(_copy_data.o)
 .text.libgcc.fmul
                0x0000000000000000        0x0 /usr/local/lib/gcc/avr/4.9.2/avr5/libgcc.a(_copy_data.o)
 .text.libgcc.fixed
                0x0000000000000000        0x0 /usr/local/lib/gcc/avr/4.9.2/avr5/libgcc.a(_copy_data.o)
 .text          0x0000000000000000        0x0 /usr/local/lib/gcc/avr/4.9.2/avr5/libgcc.a(_clear_bss.o)
 .data          0x0000000000000000        0x0 /usr/local/lib/gcc/avr/4.9.2/avr5/libgcc.a(_clear_bss.o)
 .bss           0x0000000000000000        0x0 /usr/local/lib/gcc/avr/4.9.2/avr5/libgcc.a(_clear_bss.o)
 .text.libgcc.mul
                0x0000000000000000        0x0 /usr/local/lib/gcc/avr/4.9.2/avr5/libgcc.a(_clear_bss.o)
 .text.libgcc.div
                0x0000000000000000        0x0 /usr/local/lib/gcc/avr/4.9.2/avr5/libgcc.a(_clear_bss.o)
 .text.libgcc   0x0000000000000000        0x0 /usr/local/lib/gcc/avr/4.9.2/avr5/libgcc.a(_clear_bss.o)
 .text.libgcc.prologue
                0x0000000000000000        0x0 /usr/local/lib/gcc/avr/4.9.2/avr5/libgcc.a(_clear_bss.o)
 .text.libgcc.builtins
                0x0000000000000000        0x0 /usr/local/lib/gcc/avr/4.9.2/avr5/libgcc.a(_clear_bss.o)
 .text.libgcc.fmul
                0x0000000000000000        0x0 /usr/local/lib/gcc/avr/4.9.2/avr5/libgcc.a(_clear_bss.o)
 .text.libgcc.fixed
                0x0000000000000000        0x0 /usr/local/lib/gcc/avr/4.9.2/avr5/libgcc.a(_clear_bss.o)
 .text          0x0000000000000000        0x0 /usr/local/lib/gcc/avr/4.9.2/../../../../avr/lib/avr5/libm.a(addsf3.o)
 .data          0x0000000000000000        0x0 /usr/local/lib/gcc/avr/4.9.2/../../../../avr/lib/avr5/libm.a(addsf3.o)
 .bss           0x0000000000000000        0x0 /usr/local/lib/gcc/avr/4.9.2/../../../../avr/lib/avr5/libm.a(addsf3.o)
 .text          0x0000000000000000        0x0 /usr/local/lib/gcc/avr/4.9.2/../../../../avr/lib/avr5/libm.a(addsf3x.o)
 .data          0x0000000000000000        0x0 /usr/local/lib/gcc/avr/4.9.2/../../../../avr/lib/avr5/libm.a(addsf3x.o)
 .bss           0x0000000000000000        0x0 /usr/local/lib/gcc/avr/4.9.2/../../../../avr/lib/avr5/libm.a(addsf3x.o)
 .text          0x0000000000000000        0x0 /usr/local/lib/gcc/avr/4.9.2/../../../../avr/lib/avr5/libm.a(cmpsf2.o)
 .data          0x0000000000000000        0x0 /usr/local/lib/gcc/avr/4.9.2/../../../../avr/lib/avr5/libm.a(cmpsf2.o)
 .bss           0x0000000000000000        0x0 /usr/local/lib/gcc/avr/4.9.2/../../../../avr/lib/avr5/libm.a(cmpsf2.o)
 .text          0x0000000000000000        0x0 /usr/local/lib/gcc/avr/4.9.2/../../../../avr/lib/avr5/libm.a(divsf3.o)
 .data          0x0000000000000000        0x0 /usr/local/lib/gcc/avr/4.9.2/../../../../avr/lib/avr5/libm.a(divsf3.o)
 .bss           0x0000000000000000        0x0 /usr/local/lib/gcc/avr/4.9.2/../../../../avr/lib/avr5/libm.a(divsf3.o)
 .text          0x0000000000000000        0x0 /usr/local/lib/gcc/avr/4.9.2/../../../../avr/lib/avr5/libm.a(divsf3x.o)
 .data          0x0000000000000000        0x0 /usr/local/lib/gcc/avr/4.9.2/../../../../avr/lib/avr5/libm.a(divsf3x.o)
 .bss           0x0000000000000000        0x0 /usr/local/lib/gcc/avr/4.9.2/../../../../avr/lib/avr5/libm.a(divsf3x.o)
 .text          0x0000000000000000        0x0 /usr/local/lib/gcc/avr/4.9.2/../../../../avr/lib/avr5/libm.a(fixunssfsi.o)
 .data          0x0000000000000000        0x0 /usr/local/lib/gcc/avr/4.9.2/../../../../avr/lib/avr5/libm.a(fixunssfsi.o)
 .bss           0x0000000000000000        0x0 /usr/local/lib/gcc/avr/4.9.2/../../../../avr/lib/avr5/libm.a(fixunssfsi.o)
 .text          0x0000000000000000        0x0 /usr/local/lib/gcc/avr/4.9.2/../../../../avr/lib/avr5/libm.a(floatsisf.o)
 .data          0x0000000000000000        0x0 /usr/local/lib/gcc/avr/4.9.2/../../../../avr/lib/avr5/libm.a(floatsisf.o)
 .bss           0x0000000000000000        0x0 /usr/local/lib/gcc/avr/4.9.2/../../../../avr/lib/avr5/libm.a(floatsisf.o)
 .text          0x0000000000000000        0x0 /usr/local/lib/gcc/avr/4.9.2/../../../../avr/lib/avr5/libm.a(fp_cmp.o)
 .data          0x0000000000000000        0x0 /usr/local/lib/gcc/avr/4.9.2/../../../../avr/lib/avr5/libm.a(fp_cmp.o)
 .bss           0x0000000000000000        0x0 /usr/local/lib/gcc/avr/4.9.2/../../../../avr/lib/avr5/libm.a(fp_cmp.o)
 .text          0x0000000000000000        0x0 /usr/local/lib/gcc/avr/4.9.2/../../../../avr/lib/avr5/libm.a(fp_inf.o)
 .data          0x0000000000000000        0x0 /usr/local/lib/gcc/avr/4.9.2/../../../../avr/lib/avr5/libm.a(fp_inf.o)
 .bss           0x0000000000000000        0x0 /usr/local/lib/gcc/avr/4.9.2/../../../../avr/lib/avr5/libm.a(fp_inf.o)
 .text          0x0000000000000000        0x0 /usr/local/lib/gcc/avr/4.9.2/../../../../avr/lib/avr5/libm.a(fp_nan.o)
 .data          0x0000000000000000        0x0 /usr/local/lib/gcc/avr/4.9.2/../../../../avr/lib/avr5/libm.a(fp_nan.o)
 .bss           0x0000000000000000        0x0 /usr/local/lib/gcc/avr/4.9.2/../../../../avr/lib/avr5/libm.a(fp_nan.o)
 .text          0x0000000000000000        0x0 /usr/local/lib/gcc/avr/4.9.2/../../../../avr/lib/avr5/libm.a(fp_pscA.o)
 .data          0x0000000000000000        0x0 /usr/local/lib/gcc/avr/4.9.2/../../../../avr/lib/avr5/libm.a(fp_pscA.o)
 .bss           0x0000000000000000        0x0 /usr/local/lib/gcc/avr/4.9.2/../../../../avr/lib/avr5/libm.a(fp_pscA.o)
 .text          0x0000000000000000        0x0 /usr/local/lib/gcc/avr/4.9.2/../../../../avr/lib/avr5/libm.a(fp_pscB.o)
 .data          0x0000000000000000        0x0 /usr/local/lib/gcc/avr/4.9.2/../../../../avr/lib/avr5/libm.a(fp_pscB.o)
 .bss           0x0000000000000000        0x0 /usr/local/lib/gcc/avr/4.9.2/../../../../avr/lib/avr5/libm.a(fp_pscB.o)
 .text          0x0000000000000000        0x0 /usr/local/lib/gcc/avr/4.9.2/../../../../avr/lib/avr5/libm.a(fp_round.o)
 .data          0x0000000000000000        0x0 /usr/local/lib/gcc/avr/4.9.2/../../../../avr/lib/avr5/libm.a(fp_round.o)
 .bss           0x0000000000000000        0x0 /usr/local/lib/gcc/avr/4.9.2/../../../../avr/lib/avr5/libm.a(fp_round.o)
 .text          0x0000000000000000        0x0 /usr/local/lib/gcc/avr/4.9.2/../../../../avr/lib/avr5/libm.a(fp_split3.o)
 .data          0x0000000000000000        0x0 /usr/local/lib/gcc/avr/4.9.2/../../../../avr/lib/avr5/libm.a(fp_split3.o)
 .bss           0x0000000000000000        0x0 /usr/local/lib/gcc/avr/4.9.2/../../../../avr/lib/avr5/libm.a(fp_split3.o)
 .text          0x0000000000000000        0x0 /usr/local/lib/gcc/avr/4.9.2/../../../../avr/lib/avr5/libm.a(fp_zero.o)
 .data          0x0000000000000000        0x0 /usr/local/lib/gcc/avr/4.9.2/../../../../avr/lib/avr5/libm.a(fp_zero.o)
 .bss           0x0000000000000000        0x0 /usr/local/lib/gcc/avr/4.9.2/../../../../avr/lib/avr5/libm.a(fp_zero.o)
 .text          0x0000000000000000        0x0 /usr/local/lib/gcc/avr/4.9.2/../../../../avr/lib/avr5/libm.a(gesf2.o)
 .data          0x0000000000000000        0x0 /usr/local/lib/gcc/avr/4.9.2/../../../../avr/lib/avr5/libm.a(gesf2.o)
 .bss           0x0000000000000000        0x0 /usr/local/lib/gcc/avr/4.9.2/../../../../avr/lib/avr5/libm.a(gesf2.o)
 .text          0x0000000000000000        0x0 /usr/local/lib/gcc/avr/4.9.2/../../../../avr/lib/avr5/libm.a(mulsf3.o)
 .data          0x0000000000000000        0x0 /usr/local/lib/gcc/avr/4.9.2/../../../../avr/lib/avr5/libm.a(mulsf3.o)
 .bss           0x0000000000000000        0x0 /usr/local/lib/gcc/avr/4.9.2/../../../../avr/lib/avr5/libm.a(mulsf3.o)
 .text          0x0000000000000000        0x0 /usr/local/lib/gcc/avr/4.9.2/../../../../avr/lib/avr5/libm.a(mulsf3x.o)
 .data          0x0000000000000000        0x0 /usr/local/lib/gcc/avr/4.9.2/../../../../avr/lib/avr5/libm.a(mulsf3x.o)
 .bss           0x0000000000000000        0x0 /usr/local/lib/gcc/avr/4.9.2/../../../../avr/lib/avr5/libm.a(mulsf3x.o)

Memory Configuration

Name             Origin             Length             Attributes
text             0x0000000000000000 0x0000000000020000 xr
data             0x0000000000800060 0x000000000000ffa0 rw !x
eeprom           0x0000000000810000 0x0000000000010000 rw !x
fuse             0x0000000000820000 0x0000000000000400 rw !x
lock             0x0000000000830000 0x0000000000000400 rw !x
signature        0x0000000000840000 0x0000000000000400 rw !x
*default*        0x0000000000000000 0xffffffffffffffff

Linker script and memory map

Address of section .data set to 0x800100
LOAD /usr/local/lib/gcc/avr/4.9.2/../../../../avr/lib/avr5/crtm644.o
LOAD uzeboxVideoEngineCore.o
LOAD uzeboxCore.o
LOAD uzeboxSoundEngine.o
LOAD uzeboxSoundEngineCore.o
LOAD uzeboxVideoEngine.o
LOAD TankFu.o
START GROUP
LOAD /usr/local/lib/gcc/avr/4.9.2/avr5/libgcc.a
LOAD /usr/local/lib/gcc/avr/4.9.2/../../../../avr/lib/avr5/libm.a
LOAD /usr/local/lib/gcc/avr/4.9.2/../../../../avr/lib/avr5/libc.a
END GROUP

.hash
 *(.hash)

.dynsym
 *(.dynsym)

.dynstr
 *(.dynstr)

.gnu.version
 *(.gnu.version)

.gnu.version_d
 *(.gnu.version_d)

.gnu.version_r
 *(.gnu.version_r)

.rel.init
 *(.rel.init)

.rela.init
 *(.rela.init)

.rel.text
 *(.rel.text)
 *(.rel.text.*)
 *(.rel.gnu.linkonce.t*)

.rela.text
 *(.rela.text)
 *(.rela.text.*)
 *(.rela.gnu.linkonce.t*)

.rel.fini
 *(.rel.fini)

.rela.fini
 *(.rela.fini)

.rel.rodata
 *(.rel.rodata)
 *(.rel.rodata.*)
 *(.rel.gnu.linkonce.r*)

.rela.rodata
 *(.rela.rodata)
 *(.rela.rodata.*)
 *(.rela.gnu.linkonce.r*)

.rel.data
 *(.rel.data)
 *(.rel.data.*)
 *(.rel.gnu.linkonce.d*)

.rela.data
 *(.rela.data)
 *(.rela.data.*)
 *(.rela.gnu.linkonce.d*)

.rel.ctors
 *(.rel.ctors)

.rela.ctors
 *(.rela.ctors)

.rel.dtors
 *(.rel.dtors)

.rela.dtors
 *(.rela.dtors)

.rel.got
 *(.rel.got)

.rela.got
 *(.rela.got)

.rel.bss
 *(.rel.bss)

.rela.bss
 *(.rela.bss)

.rel.plt
 *(.rel.plt)

.rela.plt
 *(.rela.plt)

.text           0x0000000000000000     0xa83c
 *(.vectors)
 .vectors       0x0000000000000000       0x70 /usr/local/lib/gcc/avr/4.9.2/../../../../avr/lib/avr5/crtm644.o
                0x0000000000000000                __vectors
                0x0000000000000000                __vector_default
 *(.vectors)
 *(.progmem.gcc*)
 .progmem.gcc_sw_table.load_level_tiles
                0x0000000000000070       0x12 TankFu.o
                0x0000000000000082                . = ALIGN (0x2)
                0x0000000000000082                __trampolines_start = .
 *(.trampolines)
 .trampolines   0x0000000000000082        0x0 linker stubs
 *(.trampolines*)
                0x0000000000000082                __trampolines_end = .
 *(.progmem*)
 .progmem.data  0x0000000000000082       0x4e uzeboxCore.o
                0x0000000000000082                io_table
                0x00000000000000b0                eeprom_format_table
 .progmem.data  0x00000000000000d0       0x1a uzeboxSoundEngine.o
                0x00000000000000d0                patchCommands
 .progmem.data  0x00000000000000ea      0x853 uzeboxVideoEngine.o
                0x00000000000000ea                fader
                0x00000000000000f6                map_uzeboxlogo2
                0x0000000000000107                map_uzeboxlogo
                0x000000000000011d                logo_tileset
                0x000000000000091d                logoInitPatches
                0x0000000000000926                initPatch
 .progmem.data  0x000000000000093d     0x4ff5 TankFu.o
                0x000000000000093d                strLevels
                0x00000000000009b5                strPaused
                0x00000000000009bc                strExit
                0x00000000000009c5                strTotal
                0x00000000000009cc                strScore
                0x00000000000009d3                strBanterClear
                0x00000000000009e2                banter_map
                0x0000000000000a78                strBy
                0x0000000000000a7b                strOwns
                0x0000000000000a80                strChangeHandle
                0x0000000000000a8f                strCancelHandle
                0x0000000000000a9a                strConfirmHandle
                0x0000000000000aa6                strSelectHandle
                0x0000000000000ab1                strPlayer2
                0x0000000000000ab4                strPlayer1
                0x0000000000000ab7                strVertSep
                0x0000000000000ab9                strUnderline
                0x0000000000000ac5                strHandlesTitle
                0x0000000000000ad1                strHighscores
                0x0000000000000adb                str2Player
                0x0000000000000aec                str1Player
                0x0000000000000afa                strCopyright
                0x0000000000000b11                level_data
                0x000000000000285d                map_rocket_right_1
                0x0000000000002860                map_rocket_right_0
                0x0000000000002863                map_rocket_up_1
                0x0000000000002866                map_rocket_up_0
                0x0000000000002869                map_ball
                0x000000000000286c                map_explosion_2
                0x0000000000002872                map_explosion_1
                0x0000000000002878                map_explosion_0
                0x000000000000287e                map_tank2_right_1
                0x0000000000002884                map_tank2_right_0
                0x000000000000288a                map_tank2_up_1
                0x0000000000002890                map_tank2_up_0
                0x0000000000002896                map_tank1_right_1
                0x000000000000289c                map_tank1_right_0
                0x00000000000028a2                map_tank1_up_1
                0x00000000000028a8                map_tank1_up_0
                0x00000000000028ae                map_none
                0x00000000000028b1                map_tank_blank
                0x00000000000028b7                map_metal_bl
                0x00000000000028ba                map_metal_tr
                0x00000000000028bd                map_metal_br
                0x00000000000028c0                map_metal_tl
                0x00000000000028c3                map_tile_exp_2
                0x00000000000028c6                map_tile_exp_1
                0x00000000000028c9                map_tile_exp_0
                0x00000000000028cc                map_rocket_itm
                0x00000000000028cf                map_explode_itm
                0x00000000000028d2                map_speed_itm
                0x00000000000028d5                map_metal
                0x00000000000028d8                map_brick
                0x00000000000028db                map_tile_none
                0x00000000000028de                map_pause
                0x000000000000291c                map_splash
                0x0000000000002972                sprites_data
                0x0000000000003572                tiles_data
                0x0000000000005932                . = ALIGN (0x2)
 *(.jumptables)
 *(.jumptables*)
 *(.lowtext)
 *(.lowtext*)
                0x0000000000005932                __ctors_start = .
 *(.ctors)
                0x0000000000005932                __ctors_end = .
                0x0000000000005932                __dtors_start = .
 *(.dtors)
                0x0000000000005932                __dtors_end = .
 SORT(*)(.ctors)
 SORT(*)(.dtors)
 *(.init0)
 .init0         0x0000000000005932        0x0 /usr/local/lib/gcc/avr/4.9.2/../../../../avr/lib/avr5/crtm644.o
                0x0000000000005932                __init
 *(.init0)
 *(.init1)
 *(.init1)
 *(.init2)
 .init2         0x0000000000005932        0xc /usr/local/lib/gcc/avr/4.9.2/../../../../avr/lib/avr5/crtm644.o
 *(.init2)
 *(.init3)
 *(.init3)
 *(.init4)
 .init4         0x000000000000593e       0x16 /usr/local/lib/gcc/avr/4.9.2/avr5/libgcc.a(_copy_data.o)
                0x000000000000593e                __do_copy_data
 .init4         0x0000000000005954       0x10 /usr/local/lib/gcc/avr/4.9.2/avr5/libgcc.a(_clear_bss.o)
                0x0000000000005954                __do_clear_bss
 *(.init4)
 *(.init5)
 *(.init5)
 *(.init6)
 *(.init6)
 *(.init7)
 .init7         0x0000000000005964       0x12 uzeboxCore.o
                0x0000000000005964                wdt_init
 *(.init7)
 *(.init8)
 .init8         0x0000000000005976       0xa6 uzeboxCore.o
                0x0000000000005976                Initialize
 *(.init8)
 *(.init9)
 .init9         0x0000000000005a1c        0x8 /usr/local/lib/gcc/avr/4.9.2/../../../../avr/lib/avr5/crtm644.o
 *(.init9)
 *(.text)
 .text          0x0000000000005a24        0x4 /usr/local/lib/gcc/avr/4.9.2/../../../../avr/lib/avr5/crtm644.o
                0x0000000000005a24                __vector_20
                0x0000000000005a24                __vector_1
                0x0000000000005a24                __vector_24
                0x0000000000005a24                __vector_12
                0x0000000000005a24                __bad_interrupt
                0x0000000000005a24                __vector_6
                0x0000000000005a24                __vector_3
                0x0000000000005a24                __vector_23
                0x0000000000005a24                __vector_25
                0x0000000000005a24                __vector_11
                0x0000000000005a24                __vector_17
                0x0000000000005a24                __vector_19
                0x0000000000005a24                __vector_7
                0x0000000000005a24                __vector_27
                0x0000000000005a24                __vector_5
                0x0000000000005a24                __vector_4
                0x0000000000005a24                __vector_9
                0x0000000000005a24                __vector_2
                0x0000000000005a24                __vector_21
                0x0000000000005a24                __vector_15
                0x0000000000005a24                __vector_8
                0x0000000000005a24                __vector_26
                0x0000000000005a24                __vector_10
                0x0000000000005a24                __vector_16
                0x0000000000005a24                __vector_18
                0x0000000000005a24                __vector_22
 .text          0x0000000000005a28      0x58c uzeboxVideoEngineCore.o
                0x0000000000005bcc                CopyTileToRam
                0x0000000000005cee                BlitSprite
                0x0000000000005dce                __vector_13
                0x0000000000005e4e                __vector_14
 .text          0x0000000000005fb4      0x202 uzeboxSoundEngineCore.o
                0x0000000000005fb4                process_music
                0x0000000000006138                update_sound_buffer_fast
                0x0000000000006160                update_sound
                0x00000000000061b6                . = ALIGN (0x2)
 *(.text.*)
 .text.SetSpritesTileTable
                0x00000000000061b6        0xa uzeboxVideoEngineCore.o
                0x00000000000061b6                SetSpritesTileTable
 .text.ClearVram
                0x00000000000061c0       0x14 uzeboxVideoEngineCore.o
                0x00000000000061c0                ClearVram
 .text.SetFont  0x00000000000061d4        0x8 uzeboxVideoEngineCore.o
                0x00000000000061d4                SetFont
 .text.SetTile  0x00000000000061dc       0x1c uzeboxVideoEngineCore.o
                0x00000000000061dc                SetTile
 .text.SetFontTilesIndex
                0x00000000000061f8        0x6 uzeboxVideoEngineCore.o
                0x00000000000061f8                SetFontTilesIndex
 .text.SetTileTable
                0x00000000000061fe        0xa uzeboxVideoEngineCore.o
                0x00000000000061fe                SetTileTable
 .text.GetVsyncFlag
                0x0000000000006208        0x8 uzeboxVideoEngineCore.o
                0x0000000000006208                GetVsyncFlag
 .text.ClearVsyncFlag
                0x0000000000006210        0xc uzeboxVideoEngineCore.o
                0x0000000000006210                ClearVsyncFlag
 .text.ReadJoypad
                0x000000000000621c       0x18 uzeboxVideoEngineCore.o
                0x000000000000621c                ReadJoypad
 .text.WaitUs   0x0000000000006234        0xe uzeboxVideoEngineCore.o
                0x0000000000006234                WaitUs
 .text.WriteEeprom
                0x0000000000006242       0x14 uzeboxVideoEngineCore.o
                0x0000000000006242                WriteEeprom
 .text.ReadEeprom
                0x0000000000006256       0x12 uzeboxVideoEngineCore.o
                0x0000000000006256                ReadEeprom
 .text.SoftReset
                0x0000000000006268       0x16 uzeboxCore.o
                0x0000000000006268                SoftReset
 .text.ReadButtons
                0x000000000000627e       0x6c uzeboxCore.o
                0x000000000000627e                ReadButtons
 .text.ReadControllers
                0x00000000000062ea       0x20 uzeboxCore.o
                0x00000000000062ea                ReadControllers
 .text.FormatEeprom
                0x000000000000630a       0x44 uzeboxCore.o
                0x000000000000630a                FormatEeprom
 .text.isEepromFormatted
                0x000000000000634e       0x2e uzeboxCore.o
                0x000000000000634e                isEepromFormatted
 .text.EepromWriteBlock
                0x000000000000637c       0xda uzeboxCore.o
                0x000000000000637c                EepromWriteBlock
 .text.EepromReadBlock
                0x0000000000006456       0x92 uzeboxCore.o
                0x0000000000006456                EepromReadBlock
 .text.PatchCommand00
                0x00000000000064e8        0x6 uzeboxSoundEngine.o
                0x00000000000064e8                PatchCommand00
 .text.PatchCommand01
                0x00000000000064ee       0x10 uzeboxSoundEngine.o
                0x00000000000064ee                PatchCommand01
 .text.PatchCommand05
                0x00000000000064fe        0xa uzeboxSoundEngine.o
                0x00000000000064fe                PatchCommand05
 .text.PatchCommand06
                0x0000000000006508        0xa uzeboxSoundEngine.o
                0x0000000000006508                PatchCommand06
 .text.PatchCommand07
                0x0000000000006512        0x6 uzeboxSoundEngine.o
                0x0000000000006512                PatchCommand07
 .text.PatchCommand09
                0x0000000000006518        0x6 uzeboxSoundEngine.o
                0x0000000000006518                PatchCommand09
 .text.PatchCommand10
                0x000000000000651e        0x6 uzeboxSoundEngine.o
                0x000000000000651e                PatchCommand10
 .text.PatchCommand11
                0x0000000000006524       0x7a uzeboxSoundEngine.o
                0x0000000000006524                PatchCommand11
 .text.PatchCommand12
                0x000000000000659e        0x6 uzeboxSoundEngine.o
                0x000000000000659e                PatchCommand12
 .text.PatchCommand02
                0x00000000000065a4        0x8 uzeboxSoundEngine.o
                0x00000000000065a4                PatchCommand02
 .text.PatchCommand03
                0x00000000000065ac       0x10 uzeboxSoundEngine.o
                0x00000000000065ac                PatchCommand03
 .text.PatchCommand04
                0x00000000000065bc       0x10 uzeboxSoundEngine.o
                0x00000000000065bc                PatchCommand04
 .text.PatchCommand08
                0x00000000000065cc       0x32 uzeboxSoundEngine.o
                0x00000000000065cc                PatchCommand08
 .text.InitMusicPlayer
                0x00000000000065fe       0x44 uzeboxSoundEngine.o
                0x00000000000065fe                InitMusicPlayer
 .text.StopSong
                0x0000000000006642       0x16 uzeboxSoundEngine.o
                0x0000000000006642                StopSong
 .text.ReadVarLen
                0x0000000000006658       0x4c uzeboxSoundEngine.o
                0x0000000000006658                ReadVarLen
 .text.TriggerCommon
                0x00000000000066a4       0xe2 uzeboxSoundEngine.o
                0x00000000000066a4                TriggerCommon
 .text.TriggerFx
                0x0000000000006786       0x7e uzeboxSoundEngine.o
                0x0000000000006786                TriggerFx
 .text.TriggerNote
                0x0000000000006804       0x6e uzeboxSoundEngine.o
                0x0000000000006804                TriggerNote
 .text.ProcessMusic
                0x0000000000006872      0x44e uzeboxSoundEngine.o
                0x0000000000006872                ProcessMusic
 .text.SetMasterVolume
                0x0000000000006cc0        0x6 uzeboxSoundEngine.o
                0x0000000000006cc0                SetMasterVolume
 .text.SetMixerNote
                0x0000000000006cc6       0x2e uzeboxSoundEngineCore.o
                0x0000000000006cc6                SetMixerNote
 .text.SetMixerWave
                0x0000000000006cf4       0x3a uzeboxSoundEngineCore.o
                0x0000000000006cf4                SetMixerWave
 *fill*         0x0000000000006d2e       0xd2 
 .text.DisableSoundEngine
                0x0000000000006e00      0xc00 uzeboxSoundEngineCore.o
                0x0000000000006e00                DisableSoundEngine
                0x0000000000006e08                steptable
                0x0000000000007000                waves
 .text.RestoreBackground
                0x0000000000007a00       0x22 uzeboxVideoEngine.o
                0x0000000000007a00                RestoreBackground
 .text.SetSpriteVisibility
                0x0000000000007a22        0x6 uzeboxVideoEngine.o
                0x0000000000007a22                SetSpriteVisibility
 .text.ProcessSprites
                0x0000000000007a28      0x1a8 uzeboxVideoEngine.o
                0x0000000000007a28                ProcessSprites
 .text.MapSprite2
                0x0000000000007bd0       0xa4 uzeboxVideoEngine.o
                0x0000000000007bd0                MapSprite2
 .text.MoveSprite
                0x0000000000007c74       0x4a uzeboxVideoEngine.o
                0x0000000000007c74                MoveSprite
 .text.InitializeVideoMode
                0x0000000000007cbe       0x14 uzeboxVideoEngine.o
                0x0000000000007cbe                InitializeVideoMode
 .text.DrawMap2
                0x0000000000007cd2       0x9a uzeboxVideoEngine.o
                0x0000000000007cd2                DrawMap2
 .text.PrintByte
                0x0000000000007d6c       0x66 uzeboxVideoEngine.o
                0x0000000000007d6c                PrintByte
 .text.Print    0x0000000000007dd2       0x36 uzeboxVideoEngine.o
                0x0000000000007dd2                Print
 .text.PrintChar
                0x0000000000007e08        0x6 uzeboxVideoEngine.o
                0x0000000000007e08                PrintChar
 .text.WaitVsync
                0x0000000000007e0e       0x2e uzeboxVideoEngine.o
                0x0000000000007e0e                WaitVsync
 .text.DisplayLogo
                0x0000000000007e3c       0x6e uzeboxVideoEngine.o
                0x0000000000007e3c                DisplayLogo
 .text.doFade   0x0000000000007eaa       0x1c uzeboxVideoEngine.o
                0x0000000000007eaa                doFade
 .text.FadeIn   0x0000000000007ec6       0x18 uzeboxVideoEngine.o
                0x0000000000007ec6                FadeIn
 .text.FadeOut  0x0000000000007ede       0x18 uzeboxVideoEngine.o
                0x0000000000007ede                FadeOut
 .text.ProcessFading
                0x0000000000007ef6       0x4a uzeboxVideoEngine.o
                0x0000000000007ef6                ProcessFading
 .text.VideoModeVsync
                0x0000000000007f40        0x8 uzeboxVideoEngine.o
                0x0000000000007f40                VideoModeVsync
 .text.LBGetNextFrame
                0x0000000000007f48       0x46 TankFu.o
                0x0000000000007f48                LBGetNextFrame
 .text.LBGetJoyPadState
                0x0000000000007f8e       0x84 TankFu.o
                0x0000000000007f8e                LBGetJoyPadState
 .text.LBCopyChars
                0x0000000000008012       0x18 TankFu.o
                0x0000000000008012                LBCopyChars
 .text.LBPrintStr
                0x000000000000802a       0x62 TankFu.o
                0x000000000000802a                LBPrintStr
 .text.LBCollides
                0x000000000000808c       0x54 TankFu.o
                0x000000000000808c                LBCollides
 .text.LBLineIntersect
                0x00000000000080e0      0x1ac TankFu.o
                0x00000000000080e0                LBLineIntersect
 .text.LBRandom
                0x000000000000828c       0x3a TankFu.o
                0x000000000000828c                LBRandom
 .text.LBWaitSeconds
                0x00000000000082c6       0x1e TankFu.o
                0x00000000000082c6                LBWaitSeconds
 .text.init_tile_animations
                0x00000000000082e4       0x46 TankFu.o
                0x00000000000082e4                init_tile_animations
 .text.init_shot_state
                0x000000000000832a       0x36 TankFu.o
                0x000000000000832a                init_shot_state
 .text.set_shot_animations
                0x0000000000008360       0x62 TankFu.o
                0x0000000000008360                set_shot_animations
 .text.init_player
                0x00000000000083c2       0xbc TankFu.o
                0x00000000000083c2                init_player
 .text.player_init_shot_state
                0x000000000000847e       0x1e TankFu.o
                0x000000000000847e                player_init_shot_state
 .text.init_game_state
                0x000000000000849c       0x2a TankFu.o
                0x000000000000849c                init_game_state
 .text.player_spawn
                0x00000000000084c6       0x3a TankFu.o
                0x00000000000084c6                player_spawn
 .text.load_eeprom
                0x0000000000008500       0x24 TankFu.o
                0x0000000000008500                load_eeprom
 .text.fade_through
                0x0000000000008524       0x14 TankFu.o
                0x0000000000008524                fade_through
 .text.clear_sprites
                0x0000000000008538       0x1a TankFu.o
                0x0000000000008538                clear_sprites
 .text.save_score
                0x0000000000008552       0xd2 TankFu.o
                0x0000000000008552                save_score
 .text.position_shot
                0x0000000000008624       0xdc TankFu.o
                0x0000000000008624                position_shot
 .text.print_level_score
                0x0000000000008700       0x84 TankFu.o
                0x0000000000008700                print_level_score
 .text.render_hud
                0x0000000000008784       0x3a TankFu.o
                0x0000000000008784                render_hud
 .text.render_score
                0x00000000000087be       0x38 TankFu.o
                0x00000000000087be                render_score
 .text.render_banter
                0x00000000000087f6       0x50 TankFu.o
                0x00000000000087f6                render_banter
 .text.render_player
                0x0000000000008846       0x52 TankFu.o
                0x0000000000008846                render_player
 .text.render_shot
                0x0000000000008898       0x76 TankFu.o
                0x0000000000008898                render_shot
 .text.render_tile_explosions
                0x000000000000890e       0x8a TankFu.o
                0x000000000000890e                render_tile_explosions
 .text.tank_map
                0x0000000000008998      0x104 TankFu.o
                0x0000000000008998                tank_map
 .text.shot_map
                0x0000000000008a9c       0xae TankFu.o
                0x0000000000008a9c                shot_map
 .text.recoil_sprite
                0x0000000000008b4a       0xd4 TankFu.o
                0x0000000000008b4a                recoil_sprite
 .text.solid_square_tile
                0x0000000000008c1e       0x1c TankFu.o
                0x0000000000008c1e                solid_square_tile
 .text.solid_directional_tile
                0x0000000000008c3a      0x14e TankFu.o
                0x0000000000008c3a                solid_directional_tile
 .text.player_shot
                0x0000000000008d88       0x84 TankFu.o
                0x0000000000008d88                player_shot
 .text.collision_detect_boundries
                0x0000000000008e0c       0x9c TankFu.o
                0x0000000000008e0c                collision_detect_boundries
 .text.kill_player
                0x0000000000008ea8       0xe0 TankFu.o
                0x0000000000008ea8                kill_player
 .text.get_interesting_tile_indexes_shot
                0x0000000000008f88       0x48 TankFu.o
                0x0000000000008f88                get_interesting_tile_indexes_shot
 .text.explode_tile
                0x0000000000008fd0       0x7c TankFu.o
                0x0000000000008fd0                explode_tile
 .text.collision_detect_shot
                0x000000000000904c      0x250 TankFu.o
                0x000000000000904c                collision_detect_shot
 .text.get_interesting_tile_indexes
                0x000000000000929c       0x64 TankFu.o
                0x000000000000929c                get_interesting_tile_indexes
 .text.collision_detect_player
                0x0000000000009300      0x1e2 TankFu.o
                0x0000000000009300                collision_detect_player
 .text.load_level_tiles
                0x00000000000094e2       0xae TankFu.o
                0x00000000000094e2                load_level_tiles
 .text.load_level
                0x0000000000009590      0x170 TankFu.o
                0x0000000000009590                load_level
 .text.level_transition
                0x0000000000009700       0x58 TankFu.o
                0x0000000000009700                level_transition
 .text.load_splash
                0x0000000000009758       0x60 TankFu.o
                0x0000000000009758                load_splash
 .text.load_tank_rank
                0x00000000000097b8      0x13a TankFu.o
                0x00000000000097b8                load_tank_rank
 .text.exit_game
                0x00000000000098f2       0x12 TankFu.o
                0x00000000000098f2                exit_game
 .text.update_level_helper
                0x0000000000009904      0x36a TankFu.o
                0x0000000000009904                update_level_helper
 .text.update_level
                0x0000000000009c6e      0x124 TankFu.o
                0x0000000000009c6e                update_level
 .text.update_tank_rank
                0x0000000000009d92       0x14 TankFu.o
                0x0000000000009d92                update_tank_rank
 .text._handle_select_helper
                0x0000000000009da6      0x160 TankFu.o
                0x0000000000009da6                _handle_select_helper
 .text._handle_select_render_helper
                0x0000000000009f06      0x17c TankFu.o
                0x0000000000009f06                _handle_select_render_helper
 .text.load_handle_select
                0x000000000000a082      0x124 TankFu.o
                0x000000000000a082                load_handle_select
 .text.update_splash
                0x000000000000a1a6       0xc0 TankFu.o
                0x000000000000a1a6                update_splash
 .text.update_handle_select
                0x000000000000a266       0x9c TankFu.o
                0x000000000000a266                update_handle_select
 .text.startup.main
                0x000000000000a302       0x96 TankFu.o
                0x000000000000a302                main
 .text.libgcc.div
                0x000000000000a398       0x18 /usr/local/lib/gcc/avr/4.9.2/avr5/libgcc.a(_udivmodqi4.o)
                0x000000000000a398                __udivmodqi4
 .text.libgcc.div
                0x000000000000a3b0       0x28 /usr/local/lib/gcc/avr/4.9.2/avr5/libgcc.a(_udivmodhi4.o)
                0x000000000000a3b0                __udivmodhi4
 .text.libgcc.div
                0x000000000000a3d8       0x28 /usr/local/lib/gcc/avr/4.9.2/avr5/libgcc.a(_divmodhi4.o)
                0x000000000000a3d8                __divmodhi4
                0x000000000000a3d8                _div
 .text.libgcc   0x000000000000a400        0xc /usr/local/lib/gcc/avr/4.9.2/avr5/libgcc.a(_tablejump2.o)
                0x000000000000a400                __tablejump2__
 .text.avr-libc.fplib
                0x000000000000a40c        0xa /usr/local/lib/gcc/avr/4.9.2/../../../../avr/lib/avr5/libm.a(addsf3.o)
                0x000000000000a40c                __subsf3
                0x000000000000a40e                __addsf3
 .text.avr-libc.fplib
                0x000000000000a416       0xc0 /usr/local/lib/gcc/avr/4.9.2/../../../../avr/lib/avr5/libm.a(addsf3x.o)
                0x000000000000a430                __addsf3x
 .text.avr-libc.fplib
                0x000000000000a4d6        0x8 /usr/local/lib/gcc/avr/4.9.2/../../../../avr/lib/avr5/libm.a(cmpsf2.o)
                0x000000000000a4d6                __lesf2
                0x000000000000a4d6                __nesf2
                0x000000000000a4d6                __eqsf2
                0x000000000000a4d6                __cmpsf2
                0x000000000000a4d6                __ltsf2
 .text.avr-libc.fplib
                0x000000000000a4de        0x4 /usr/local/lib/gcc/avr/4.9.2/../../../../avr/lib/avr5/libm.a(divsf3.o)
                0x000000000000a4de                __divsf3
 .text.avr-libc.fplib
                0x000000000000a4e2       0xcc /usr/local/lib/gcc/avr/4.9.2/../../../../avr/lib/avr5/libm.a(divsf3x.o)
                0x000000000000a4f8                __divsf3x
                0x000000000000a4fc                __divsf3_pse
 .text.avr-libc.fplib
                0x000000000000a5ae       0x58 /usr/local/lib/gcc/avr/4.9.2/../../../../avr/lib/avr5/libm.a(fixunssfsi.o)
                0x000000000000a5ae                __fixunssfsi
 .text.avr-libc.fplib
                0x000000000000a606       0x7a /usr/local/lib/gcc/avr/4.9.2/../../../../avr/lib/avr5/libm.a(floatsisf.o)
                0x000000000000a606                __floatunsisf
                0x000000000000a60a                __floatsisf
 .text.avr-libc.fplib
                0x000000000000a680       0x48 /usr/local/lib/gcc/avr/4.9.2/../../../../avr/lib/avr5/libm.a(fp_cmp.o)
                0x000000000000a680                __fp_cmp
 .text.avr-libc.fplib
                0x000000000000a6c8        0xc /usr/local/lib/gcc/avr/4.9.2/../../../../avr/lib/avr5/libm.a(fp_inf.o)
                0x000000000000a6c8                __fp_inf
 .text.avr-libc.fplib
                0x000000000000a6d4        0x6 /usr/local/lib/gcc/avr/4.9.2/../../../../avr/lib/avr5/libm.a(fp_nan.o)
                0x000000000000a6d4                __fp_nan
 .text.avr-libc.fplib
                0x000000000000a6da        0xe /usr/local/lib/gcc/avr/4.9.2/../../../../avr/lib/avr5/libm.a(fp_pscA.o)
                0x000000000000a6da                __fp_pscA
 .text.avr-libc.fplib
                0x000000000000a6e8        0xe /usr/local/lib/gcc/avr/4.9.2/../../../../avr/lib/avr5/libm.a(fp_pscB.o)
                0x000000000000a6e8                __fp_pscB
 .text.avr-libc.fplib
                0x000000000000a6f6       0x22 /usr/local/lib/gcc/avr/4.9.2/../../../../avr/lib/avr5/libm.a(fp_round.o)
                0x000000000000a6f6                __fp_round
 .text.avr-libc.fplib
                0x000000000000a718       0x44 /usr/local/lib/gcc/avr/4.9.2/../../../../avr/lib/avr5/libm.a(fp_split3.o)
                0x000000000000a718                __fp_split3
                0x000000000000a728                __fp_splitA
 .text.avr-libc.fplib
                0x000000000000a75c        0xe /usr/local/lib/gcc/avr/4.9.2/../../../../avr/lib/avr5/libm.a(fp_zero.o)
                0x000000000000a75c                __fp_zero
                0x000000000000a75e                __fp_szero
 .text.avr-libc.fplib
                0x000000000000a76a        0x8 /usr/local/lib/gcc/avr/4.9.2/../../../../avr/lib/avr5/libm.a(gesf2.o)
                0x000000000000a76a                __gtsf2
                0x000000000000a76a                __gesf2
 .text.avr-libc.fplib
                0x000000000000a772        0x4 /usr/local/lib/gcc/avr/4.9.2/../../../../avr/lib/avr5/libm.a(mulsf3.o)
                0x000000000000a772                __mulsf3
 .text.avr-libc.fplib
                0x000000000000a776       0xc2 /usr/local/lib/gcc/avr/4.9.2/../../../../avr/lib/avr5/libm.a(mulsf3x.o)
                0x000000000000a78a                __mulsf3x
                0x000000000000a78e                __mulsf3_pse
                0x000000000000a838                . = ALIGN (0x2)
 *(.fini9)
 .fini9         0x000000000000a838        0x0 /usr/local/lib/gcc/avr/4.9.2/avr5/libgcc.a(_exit.o)
                0x000000000000a838                exit
                0x000000000000a838                _exit
 *(.fini9)
 *(.fini8)
 *(.fini8)
 *(.fini7)
 *(.fini7)
 *(.fini6)
 *(.fini6)
 *(.fini5)
 *(.fini5)
 *(.fini4)
 *(.fini4)
 *(.fini3)
 *(.fini3)
 *(.fini2)
 *(.fini2)
 *(.fini1)
 *(.fini1)
 *(.fini0)
 .fini0         0x000000000000a838        0x4 /usr/local/lib/gcc/avr/4.9.2/avr5/libgcc.a(_exit.o)
 *(.fini0)
                0x000000000000a83c                _etext = .

.data           0x0000000000800100       0x44 load address 0x000000000000a83c
                0x0000000000800100                PROVIDE (__data_start, .)
 *(.data)
 .data          0x0000000000800100        0x1 uzeboxVideoEngine.o
                0x0000000000800100                spritesOn
 .data          0x0000000000800101       0x43 TankFu.o
                0x0000000000800104                scores
                0x0000000000800124                handles
 *(.data*)
 *(.rodata)
 *(.rodata*)
 *(.gnu.linkonce.d*)
                0x0000000000800144                . = ALIGN (0x2)
                0x0000000000800144                _edata = .
                0x0000000000800144                PROVIDE (__data_end, .)

.bss            0x0000000000800144      0xef7
                0x0000000000800144                PROVIDE (__bss_start, .)
 *(.bss)
 *fill*         0x0000000000800144       0x1c 
 .bss           0x0000000000800160      0x820 uzeboxVideoEngineCore.o
                0x0000000000800160                vram
                0x00000000008004a8                sprites
                0x00000000008004a8                overlay_vram
                0x00000000008004d8                ram_tiles
                0x0000000000800918                ram_tiles_restore
                0x000000000080094b                sprites_tile_banks
                0x0000000000800956                Screen
                0x000000000080095a                sync_phase
                0x000000000080095b                sync_pulse
                0x000000000080095c                sync_flags
                0x0000000000800961                first_render_line
                0x0000000000800962                render_lines_count
                0x0000000000800963                first_render_line_tmp
                0x0000000000800964                render_lines_count_tmp
                0x0000000000800965                joypad1_status_lo
                0x0000000000800967                joypad1_status_hi
                0x0000000000800969                joypad2_status_lo
                0x000000000080096b                joypad2_status_hi
 .bss           0x0000000000800980        0x1 uzeboxSoundEngine.o
                0x0000000000800980                playSong
 .bss           0x0000000000800981      0x229 uzeboxSoundEngineCore.o
                0x0000000000800981                mix_buf
                0x0000000000800b8d                mix_pos
                0x0000000000800b8f                mix_bank
                0x0000000000800b91                sound_enabled
                0x0000000000800b92                mixer
                0x0000000000800ba5                tr4_params
                0x0000000000800ba6                tr4_barrel_lo
                0x0000000000800ba7                tr4_barrel_hi
 .bss           0x0000000000800baa       0x12 TankFu.o
                0x0000000000800baa                p2s
                0x0000000000800bb0                p1s
 *(.bss*)
 *(COMMON)
 COMMON         0x0000000000800bbc        0x1 uzeboxCore.o
                0x0000000000800bbc                joypadsConnectionStatus
 COMMON         0x0000000000800bbd       0x68 uzeboxSoundEngine.o
                0x0000000000800bbd                songStart
                0x0000000000800bbf                tracks
                0x0000000000800c17                currDeltaTime
                0x0000000000800c19                patchPointers
                0x0000000000800c1b                lastStatus
                0x0000000000800c1c                masterVolume
                0x0000000000800c1d                nextDeltaTime
                0x0000000000800c1f                songSpeed
                0x0000000000800c20                songPos
                0x0000000000800c22                loopStart
                0x0000000000800c24                step
 COMMON         0x0000000000800c25        0x6 uzeboxVideoEngine.o
                0x0000000000800c25                fadeSpeed
                0x0000000000800c26                fadeDir
                0x0000000000800c27                free_tile_index
                0x0000000000800c28                fadeActive
                0x0000000000800c29                currFadeFrame
                0x0000000000800c2a                fadeStep
 COMMON         0x0000000000800c2b      0x410 TankFu.o
                0x0000000000800c2b                p2
                0x0000000000800c31                game
                0x0000000000800c35                tile_animations
                0x0000000000800c4e                player1
                0x0000000000800cca                p1
                0x0000000000800cd0                level
                0x0000000000800fbf                player2
                0x000000000080103b                PROVIDE (__bss_end, .)
                0x000000000000a83c                __data_load_start = LOADADDR (.data)
                0x000000000000a880                __data_load_end = (__data_load_start + SIZEOF (.data))

.noinit         0x000000000080103b        0x0
                0x000000000080103b                PROVIDE (__noinit_start, .)
 *(.noinit*)
                0x000000000080103b                PROVIDE (__noinit_end, .)
                0x000000000080103b                _end = .
                0x000000000080103b                PROVIDE (__heap_start, .)

.eeprom         0x0000000000810000        0x0
 *(.eeprom*)
                0x0000000000810000                __eeprom_end = .

.fuse
 *(.fuse)
 *(.lfuse)
 *(.hfuse)
 *(.efuse)

.lock
 *(.lock*)

.signature
 *(.signature*)

.stab           0x0000000000000000      0x618
 *(.stab)
 .stab          0x0000000000000000       0xf0 /usr/local/lib/gcc/avr/4.9.2/avr5/libgcc.a(_udivmodqi4.o)
 .stab          0x00000000000000f0      0x15c /usr/local/lib/gcc/avr/4.9.2/avr5/libgcc.a(_udivmodhi4.o)
                                        0x168 (size before relaxing)
 .stab          0x000000000000024c      0x138 /usr/local/lib/gcc/avr/4.9.2/avr5/libgcc.a(_divmodhi4.o)
                                        0x144 (size before relaxing)
 .stab          0x0000000000000384       0x6c /usr/local/lib/gcc/avr/4.9.2/avr5/libgcc.a(_exit.o)
                                         0x78 (size before relaxing)
 .stab          0x00000000000003f0       0x9c /usr/local/lib/gcc/avr/4.9.2/avr5/libgcc.a(_tablejump2.o)
                                         0xa8 (size before relaxing)
 .stab          0x000000000000048c       0xd8 /usr/local/lib/gcc/avr/4.9.2/avr5/libgcc.a(_copy_data.o)
                                         0xe4 (size before relaxing)
 .stab          0x0000000000000564       0xb4 /usr/local/lib/gcc/avr/4.9.2/avr5/libgcc.a(_clear_bss.o)
                                         0xc0 (size before relaxing)

.stabstr        0x0000000000000000      0x2a5
 *(.stabstr)
 .stabstr       0x0000000000000000      0x2a5 /usr/local/lib/gcc/avr/4.9.2/avr5/libgcc.a(_udivmodqi4.o)

.stab.excl
 *(.stab.excl)

.stab.exclstr
 *(.stab.exclstr)

.stab.index
 *(.stab.index)

.stab.indexstr
 *(.stab.indexstr)

.comment        0x0000000000000000       0x11
 *(.comment)
 .comment       0x0000000000000000       0x11 uzeboxCore.o
                                         0x12 (size before relaxing)
 .comment       0x0000000000000011       0x12 uzeboxSoundEngine.o
 .comment       0x0000000000000011       0x12 uzeboxVideoEngine.o
 .comment       0x0000000000000011       0x12 TankFu.o

.note.gnu.build-id
 *(.note.gnu.build-id)

.debug
 *(.debug)

.line
 *(.line)

.debug_srcinfo
 *(.debug_srcinfo)

.debug_sfnames
 *(.debug_sfnames)

.debug_aranges  0x0000000000000000      0x558
 *(.debug_aranges)
 .debug_aranges
                0x0000000000000000       0xd0 uzeboxVideoEngineCore.o
 .debug_aranges
                0x00000000000000d0       0x80 uzeboxCore.o
 .debug_aranges
                0x0000000000000150       0xe8 uzeboxSoundEngine.o
 .debug_aranges
                0x0000000000000238       0x50 uzeboxSoundEngineCore.o
 .debug_aranges
                0x0000000000000288       0xf8 uzeboxVideoEngine.o
 .debug_aranges
                0x0000000000000380      0x1d8 TankFu.o

.debug_pubnames
 *(.debug_pubnames)

.debug_info     0x0000000000000000     0x7aaf
 *(.debug_info .gnu.linkonce.wi.*)
 .debug_info    0x0000000000000000      0x672 /usr/local/lib/gcc/avr/4.9.2/../../../../avr/lib/avr5/crtm644.o
 .debug_info    0x0000000000000672       0x7d uzeboxVideoEngineCore.o
 .debug_info    0x00000000000006ef      0xa43 uzeboxCore.o
 .debug_info    0x0000000000001132     0x11b6 uzeboxSoundEngine.o
 .debug_info    0x00000000000022e8       0x73 uzeboxSoundEngineCore.o
 .debug_info    0x000000000000235b     0x1588 uzeboxVideoEngine.o
 .debug_info    0x00000000000038e3     0x41cc TankFu.o

.debug_abbrev   0x0000000000000000     0x1527
 *(.debug_abbrev)
 .debug_abbrev  0x0000000000000000      0x619 /usr/local/lib/gcc/avr/4.9.2/../../../../avr/lib/avr5/crtm644.o
 .debug_abbrev  0x0000000000000619       0x12 uzeboxVideoEngineCore.o
 .debug_abbrev  0x000000000000062b      0x2eb uzeboxCore.o
 .debug_abbrev  0x0000000000000916      0x307 uzeboxSoundEngine.o
 .debug_abbrev  0x0000000000000c1d       0x12 uzeboxSoundEngineCore.o
 .debug_abbrev  0x0000000000000c2f      0x3ab uzeboxVideoEngine.o
 .debug_abbrev  0x0000000000000fda      0x54d TankFu.o

.debug_line     0x0000000000000000     0x1ba9
 *(.debug_line .debug_line.* .debug_line_end)
 .debug_line    0x0000000000000000       0x1d /usr/local/lib/gcc/avr/4.9.2/../../../../avr/lib/avr5/crtm644.o
 .debug_line    0x000000000000001d      0x47a uzeboxVideoEngineCore.o
 .debug_line    0x0000000000000497      0x296 uzeboxCore.o
 .debug_line    0x000000000000072d      0x3a1 uzeboxSoundEngine.o
 .debug_line    0x0000000000000ace      0x1f0 uzeboxSoundEngineCore.o
 .debug_line    0x0000000000000cbe      0x4be uzeboxVideoEngine.o
 .debug_line    0x000000000000117c      0xa2d TankFu.o

.debug_frame    0x0000000000000000     0x1194
 *(.debug_frame)
 .debug_frame   0x0000000000000000      0x174 uzeboxCore.o
 .debug_frame   0x0000000000000174      0x248 uzeboxSoundEngine.o
 .debug_frame   0x00000000000003bc      0x4c0 uzeboxVideoEngine.o
 .debug_frame   0x000000000000087c      0x918 TankFu.o

.debug_str      0x0000000000000000     0x1887
 *(.debug_str)
 .debug_str     0x0000000000000000      0x231 /usr/local/lib/gcc/avr/4.9.2/../../../../avr/lib/avr5/crtm644.o
 .debug_str     0x0000000000000231      0x4af uzeboxCore.o
                                        0x4ff (size before relaxing)
 .debug_str     0x00000000000006e0      0x3d0 uzeboxSoundEngine.o
                                        0x60c (size before relaxing)
 .debug_str     0x0000000000000ab0      0x2e3 uzeboxVideoEngine.o
                                        0x4ad (size before relaxing)
 .debug_str     0x0000000000000d93      0xaf4 TankFu.o
                                        0xe12 (size before relaxing)

.debug_loc      0x0000000000000000     0x6cb5
 *(.debug_loc)
 .debug_loc     0x0000000000000000      0x864 uzeboxCore.o
 .debug_loc     0x0000000000000864     0x107a uzeboxSoundEngine.o
 .debug_loc     0x00000000000018de     0x1d49 uzeboxVideoEngine.o
 .debug_loc     0x0000000000003627     0x368e TankFu.o

.debug_macinfo
 *(.debug_macinfo)

.debug_weaknames
 *(.debug_weaknames)

.debug_funcnames
 *(.debug_funcnames)

.debug_typenames
 *(.debug_typenames)

.debug_varnames
 *(.debug_varnames)

.debug_pubtypes
 *(.debug_pubtypes)

.debug_ranges   0x0000000000000000      0x5f8
 *(.debug_ranges)
 .debug_ranges  0x0000000000000000       0xc8 uzeboxVideoEngineCore.o
 .debug_ranges  0x00000000000000c8       0x70 uzeboxCore.o
 .debug_ranges  0x0000000000000138      0x120 uzeboxSoundEngine.o
 .debug_ranges  0x0000000000000258       0x48 uzeboxSoundEngineCore.o
 .debug_ranges  0x00000000000002a0      0x130 uzeboxVideoEngine.o
 .debug_ranges  0x00000000000003d0      0x228 TankFu.o

.debug_macro
 *(.debug_macro)
OUTPUT(TankFu.elf elf32-avr)
LOAD linker stubs
