Archive member included to satisfy reference by file (symbol)

/usr/local/lib/gcc/avr/4.9.2/avr5/libgcc.a(_udivmodqi4.o)
                              uzeboxVideoEngine.o (__udivmodqi4)
/usr/local/lib/gcc/avr/4.9.2/avr5/libgcc.a(_udivmodhi4.o)
                              uzeboxVideoEngine.o (__udivmodhi4)
/usr/local/lib/gcc/avr/4.9.2/avr5/libgcc.a(_divmodhi4.o)
                              uzeboxSoundEngine.o (__divmodhi4)
/usr/local/lib/gcc/avr/4.9.2/avr5/libgcc.a(_udivmodsi4.o)
                              uzeboxVideoEngine.o (__udivmodsi4)
/usr/local/lib/gcc/avr/4.9.2/avr5/libgcc.a(_exit.o)
                              /usr/local/lib/gcc/avr/4.9.2/../../../../avr/lib/avr5/crtm644.o (exit)
/usr/local/lib/gcc/avr/4.9.2/avr5/libgcc.a(_tablejump2.o)
                              TankFu.o (__tablejump2__)
/usr/local/lib/gcc/avr/4.9.2/avr5/libgcc.a(_copy_data.o)
                              uzeboxVideoEngine.o (__do_copy_data)
/usr/local/lib/gcc/avr/4.9.2/avr5/libgcc.a(_clear_bss.o)
                              uzeboxCore.o (__do_clear_bss)
/usr/local/lib/gcc/avr/4.9.2/../../../../avr/lib/avr5/libm.a(addsf3.o)
                              TankFu.o (__subsf3)
/usr/local/lib/gcc/avr/4.9.2/../../../../avr/lib/avr5/libm.a(addsf3x.o)
                              /usr/local/lib/gcc/avr/4.9.2/../../../../avr/lib/avr5/libm.a(addsf3.o) (__addsf3x)
/usr/local/lib/gcc/avr/4.9.2/../../../../avr/lib/avr5/libm.a(cmpsf2.o)
                              TankFu.o (__eqsf2)
/usr/local/lib/gcc/avr/4.9.2/../../../../avr/lib/avr5/libm.a(divsf3.o)
                              TankFu.o (__divsf3)
/usr/local/lib/gcc/avr/4.9.2/../../../../avr/lib/avr5/libm.a(divsf3x.o)
                              /usr/local/lib/gcc/avr/4.9.2/../../../../avr/lib/avr5/libm.a(divsf3.o) (__divsf3x)
/usr/local/lib/gcc/avr/4.9.2/../../../../avr/lib/avr5/libm.a(fixsfsi.o)
                              TankFu.o (__fixsfsi)
/usr/local/lib/gcc/avr/4.9.2/../../../../avr/lib/avr5/libm.a(fixunssfsi.o)
                              TankFu.o (__fixunssfsi)
/usr/local/lib/gcc/avr/4.9.2/../../../../avr/lib/avr5/libm.a(floatsisf.o)
                              TankFu.o (__floatunsisf)
/usr/local/lib/gcc/avr/4.9.2/../../../../avr/lib/avr5/libm.a(fp_cmp.o)
                              /usr/local/lib/gcc/avr/4.9.2/../../../../avr/lib/avr5/libm.a(cmpsf2.o) (__fp_cmp)
/usr/local/lib/gcc/avr/4.9.2/../../../../avr/lib/avr5/libm.a(fp_inf.o)
                              /usr/local/lib/gcc/avr/4.9.2/../../../../avr/lib/avr5/libm.a(addsf3x.o) (__fp_inf)
/usr/local/lib/gcc/avr/4.9.2/../../../../avr/lib/avr5/libm.a(fp_nan.o)
                              /usr/local/lib/gcc/avr/4.9.2/../../../../avr/lib/avr5/libm.a(addsf3x.o) (__fp_nan)
/usr/local/lib/gcc/avr/4.9.2/../../../../avr/lib/avr5/libm.a(fp_pscA.o)
                              /usr/local/lib/gcc/avr/4.9.2/../../../../avr/lib/avr5/libm.a(addsf3x.o) (__fp_pscA)
/usr/local/lib/gcc/avr/4.9.2/../../../../avr/lib/avr5/libm.a(fp_pscB.o)
                              /usr/local/lib/gcc/avr/4.9.2/../../../../avr/lib/avr5/libm.a(addsf3x.o) (__fp_pscB)
/usr/local/lib/gcc/avr/4.9.2/../../../../avr/lib/avr5/libm.a(fp_round.o)
                              /usr/local/lib/gcc/avr/4.9.2/../../../../avr/lib/avr5/libm.a(addsf3.o) (__fp_round)
/usr/local/lib/gcc/avr/4.9.2/../../../../avr/lib/avr5/libm.a(fp_split3.o)
                              /usr/local/lib/gcc/avr/4.9.2/../../../../avr/lib/avr5/libm.a(addsf3x.o) (__fp_split3)
/usr/local/lib/gcc/avr/4.9.2/../../../../avr/lib/avr5/libm.a(fp_zero.o)
                              /usr/local/lib/gcc/avr/4.9.2/../../../../avr/lib/avr5/libm.a(addsf3x.o) (__fp_zero)
/usr/local/lib/gcc/avr/4.9.2/../../../../avr/lib/avr5/libm.a(gesf2.o)
                              TankFu.o (__gtsf2)
/usr/local/lib/gcc/avr/4.9.2/../../../../avr/lib/avr5/libm.a(mulsf3.o)
                              TankFu.o (__mulsf3)
/usr/local/lib/gcc/avr/4.9.2/../../../../avr/lib/avr5/libm.a(mulsf3x.o)
                              /usr/local/lib/gcc/avr/4.9.2/../../../../avr/lib/avr5/libm.a(mulsf3.o) (__mulsf3x)
/usr/local/lib/gcc/avr/4.9.2/../../../../avr/lib/avr5/libc.a(memcpy_P.o)
                              TankFu.o (memcpy_P)

Allocating common symbols
Common symbol       size              file

songStart           0x2               uzeboxSoundEngine.o
tracks              0x6e              uzeboxSoundEngine.o
scores              0x20              TankFu.o
fadeSpeed           0x1               uzeboxVideoEngine.o
p2                  0x7               TankFu.o
currDeltaTime       0x2               uzeboxSoundEngine.o
fadeDir             0x1               uzeboxVideoEngine.o
patchPointers       0x2               uzeboxSoundEngine.o
handles             0x20              TankFu.o
game                0x4               TankFu.o
tile_animations     0x19              TankFu.o
lastStatus          0x1               uzeboxSoundEngine.o
joypadsConnectionStatus
                    0x1               uzeboxCore.o
free_tile_index     0x1               uzeboxVideoEngine.o
player1             0x6e              TankFu.o
fadeActive          0x1               uzeboxVideoEngine.o
p1                  0x7               TankFu.o
masterVolume        0x1               uzeboxSoundEngine.o
nextDeltaTime       0x2               uzeboxSoundEngine.o
songSpeed           0x1               uzeboxSoundEngine.o
songPos             0x2               uzeboxSoundEngine.o
level               0x2ef             TankFu.o
player2             0x6e              TankFu.o
loopStart           0x2               uzeboxSoundEngine.o
step                0x1               uzeboxSoundEngine.o
currFadeFrame       0x1               uzeboxVideoEngine.o
fadeStep            0x1               uzeboxVideoEngine.o

Discarded input sections

 .data          0x0000000000000000        0x0 /usr/local/lib/gcc/avr/4.9.2/../../../../avr/lib/avr5/crtm644.o
 .bss           0x0000000000000000        0x0 /usr/local/lib/gcc/avr/4.9.2/../../../../avr/lib/avr5/crtm644.o
 .data          0x0000000000000000        0x0 uzeboxVideoEngineCore.o
 .text.SetSpritesTileBank
                0x0000000000000000       0x12 uzeboxVideoEngineCore.o
 .text.GetTile  0x0000000000000000       0x1e uzeboxVideoEngineCore.o
 .text.SetUserPreVsyncCallback
                0x0000000000000000        0xa uzeboxVideoEngineCore.o
 .text.SetUserPostVsyncCallback
                0x0000000000000000        0xa uzeboxVideoEngineCore.o
 .text.IsRunningInEmulator
                0x0000000000000000       0x12 uzeboxVideoEngineCore.o
 .text.WaitClocks
                0x0000000000000000        0x6 uzeboxVideoEngineCore.o
 .text.SetLedOn
                0x0000000000000000        0x4 uzeboxVideoEngineCore.o
 .text.SetLedOff
                0x0000000000000000        0x4 uzeboxVideoEngineCore.o
 .text.ToggleLed
                0x0000000000000000        0x4 uzeboxVideoEngineCore.o
 .text.internal_spi_byte
                0x0000000000000000        0xe uzeboxVideoEngineCore.o
 .text          0x0000000000000000        0x0 uzeboxCore.o
 .data          0x0000000000000000        0x0 uzeboxCore.o
 .bss           0x0000000000000000        0x0 uzeboxCore.o
 .text.SetRenderingParameters
                0x0000000000000000        0xa uzeboxCore.o
 .text.DetectControllers
                0x0000000000000000       0x36 uzeboxCore.o
 .text.FormatEeprom2
                0x0000000000000000       0x98 uzeboxCore.o
 .text.ReadPowerSwitch
                0x0000000000000000        0xe uzeboxCore.o
 .text          0x0000000000000000        0x0 uzeboxSoundEngine.o
 .data          0x0000000000000000        0x0 uzeboxSoundEngine.o
 .text.StartSong
                0x0000000000000000       0x4e uzeboxSoundEngine.o
 .text.StopSong
                0x0000000000000000       0x1a uzeboxSoundEngine.o
 .text.ResumeSong
                0x0000000000000000        0x8 uzeboxSoundEngine.o
 .text.SetSongSpeed
                0x0000000000000000        0x6 uzeboxSoundEngine.o
 .text.GetSongSpeed
                0x0000000000000000        0x6 uzeboxSoundEngine.o
 .text.TriggerFx
                0x0000000000000000       0x7e uzeboxSoundEngine.o
 .text.GetMasterVolume
                0x0000000000000000        0x6 uzeboxSoundEngine.o
 .data          0x0000000000000000        0x0 uzeboxSoundEngineCore.o
 .text.SetMixerNoiseParams
                0x0000000000000000       0x10 uzeboxSoundEngineCore.o
 .text.SetMixerVolume
                0x0000000000000000       0x16 uzeboxSoundEngineCore.o
 .text.EnableSoundEngine
                0x0000000000000000        0x8 uzeboxSoundEngineCore.o
 .text          0x0000000000000000        0x0 uzeboxVideoEngine.o
 .bss           0x0000000000000000        0x0 uzeboxVideoEngine.o
 .text.MapSprite
                0x0000000000000000       0x80 uzeboxVideoEngine.o
 .text.DrawMap  0x0000000000000000       0x98 uzeboxVideoEngine.o
 .text.PrintLong
                0x0000000000000000       0x8a uzeboxVideoEngine.o
 .text.PrintInt
                0x0000000000000000       0x70 uzeboxVideoEngine.o
 .text.PrintBinaryByte
                0x0000000000000000       0x36 uzeboxVideoEngine.o
 .text.PrintHexByte
                0x0000000000000000       0x40 uzeboxVideoEngine.o
 .text.PrintHexInt
                0x0000000000000000       0x24 uzeboxVideoEngine.o
 .text.PrintHexLong
                0x0000000000000000       0x5e uzeboxVideoEngine.o
 .text.PrintRam
                0x0000000000000000       0x36 uzeboxVideoEngine.o
 .text.Fill     0x0000000000000000       0x6e uzeboxVideoEngine.o
 .text.FontFill
                0x0000000000000000       0x6c uzeboxVideoEngine.o
 .text          0x0000000000000000        0x0 TankFu.o
 .text.save_eeprom
                0x0000000000000000        0x4 TankFu.o
 .text          0x0000000000000000        0x0 /usr/local/lib/gcc/avr/4.9.2/avr5/libgcc.a(_udivmodqi4.o)
 .data          0x0000000000000000        0x0 /usr/local/lib/gcc/avr/4.9.2/avr5/libgcc.a(_udivmodqi4.o)
 .bss           0x0000000000000000        0x0 /usr/local/lib/gcc/avr/4.9.2/avr5/libgcc.a(_udivmodqi4.o)
 .text.libgcc.mul
                0x0000000000000000        0x0 /usr/local/lib/gcc/avr/4.9.2/avr5/libgcc.a(_udivmodqi4.o)
 .text.libgcc   0x0000000000000000        0x0 /usr/local/lib/gcc/avr/4.9.2/avr5/libgcc.a(_udivmodqi4.o)
 .text.libgcc.prologue
                0x0000000000000000        0x0 /usr/local/lib/gcc/avr/4.9.2/avr5/libgcc.a(_udivmodqi4.o)
 .text.libgcc.builtins
                0x0000000000000000        0x0 /usr/local/lib/gcc/avr/4.9.2/avr5/libgcc.a(_udivmodqi4.o)
 .text.libgcc.fmul
                0x0000000000000000        0x0 /usr/local/lib/gcc/avr/4.9.2/avr5/libgcc.a(_udivmodqi4.o)
 .text.libgcc.fixed
                0x0000000000000000        0x0 /usr/local/lib/gcc/avr/4.9.2/avr5/libgcc.a(_udivmodqi4.o)
 .text          0x0000000000000000        0x0 /usr/local/lib/gcc/avr/4.9.2/avr5/libgcc.a(_udivmodhi4.o)
 .data          0x0000000000000000        0x0 /usr/local/lib/gcc/avr/4.9.2/avr5/libgcc.a(_udivmodhi4.o)
 .bss           0x0000000000000000        0x0 /usr/local/lib/gcc/avr/4.9.2/avr5/libgcc.a(_udivmodhi4.o)
 .text.libgcc.mul
                0x0000000000000000        0x0 /usr/local/lib/gcc/avr/4.9.2/avr5/libgcc.a(_udivmodhi4.o)
 .text.libgcc   0x0000000000000000        0x0 /usr/local/lib/gcc/avr/4.9.2/avr5/libgcc.a(_udivmodhi4.o)
 .text.libgcc.prologue
                0x0000000000000000        0x0 /usr/local/lib/gcc/avr/4.9.2/avr5/libgcc.a(_udivmodhi4.o)
 .text.libgcc.builtins
                0x0000000000000000        0x0 /usr/local/lib/gcc/avr/4.9.2/avr5/libgcc.a(_udivmodhi4.o)
 .text.libgcc.fmul
                0x0000000000000000        0x0 /usr/local/lib/gcc/avr/4.9.2/avr5/libgcc.a(_udivmodhi4.o)
 .text.libgcc.fixed
                0x0000000000000000        0x0 /usr/local/lib/gcc/avr/4.9.2/avr5/libgcc.a(_udivmodhi4.o)
 .text          0x0000000000000000        0x0 /usr/local/lib/gcc/avr/4.9.2/avr5/libgcc.a(_divmodhi4.o)
 .data          0x0000000000000000        0x0 /usr/local/lib/gcc/avr/4.9.2/avr5/libgcc.a(_divmodhi4.o)
 .bss           0x0000000000000000        0x0 /usr/local/lib/gcc/avr/4.9.2/avr5/libgcc.a(_divmodhi4.o)
 .text.libgcc.mul
                0x0000000000000000        0x0 /usr/local/lib/gcc/avr/4.9.2/avr5/libgcc.a(_divmodhi4.o)
 .text.libgcc   0x0000000000000000        0x0 /usr/local/lib/gcc/avr/4.9.2/avr5/libgcc.a(_divmodhi4.o)
 .text.libgcc.prologue
                0x0000000000000000        0x0 /usr/local/lib/gcc/avr/4.9.2/avr5/libgcc.a(_divmodhi4.o)
 .text.libgcc.builtins
                0x0000000000000000        0x0 /usr/local/lib/gcc/avr/4.9.2/avr5/libgcc.a(_divmodhi4.o)
 .text.libgcc.fmul
                0x0000000000000000        0x0 /usr/local/lib/gcc/avr/4.9.2/avr5/libgcc.a(_divmodhi4.o)
 .text.libgcc.fixed
                0x0000000000000000        0x0 /usr/local/lib/gcc/avr/4.9.2/avr5/libgcc.a(_divmodhi4.o)
 .text          0x0000000000000000        0x0 /usr/local/lib/gcc/avr/4.9.2/avr5/libgcc.a(_udivmodsi4.o)
 .data          0x0000000000000000        0x0 /usr/local/lib/gcc/avr/4.9.2/avr5/libgcc.a(_udivmodsi4.o)
 .bss           0x0000000000000000        0x0 /usr/local/lib/gcc/avr/4.9.2/avr5/libgcc.a(_udivmodsi4.o)
 .stab          0x0000000000000000      0x228 /usr/local/lib/gcc/avr/4.9.2/avr5/libgcc.a(_udivmodsi4.o)
                                        0x234 (size before relaxing)
 .text.libgcc.mul
                0x0000000000000000        0x0 /usr/local/lib/gcc/avr/4.9.2/avr5/libgcc.a(_udivmodsi4.o)
 .text.libgcc.div
                0x0000000000000000       0x44 /usr/local/lib/gcc/avr/4.9.2/avr5/libgcc.a(_udivmodsi4.o)
 .text.libgcc   0x0000000000000000        0x0 /usr/local/lib/gcc/avr/4.9.2/avr5/libgcc.a(_udivmodsi4.o)
 .text.libgcc.prologue
                0x0000000000000000        0x0 /usr/local/lib/gcc/avr/4.9.2/avr5/libgcc.a(_udivmodsi4.o)
 .text.libgcc.builtins
                0x0000000000000000        0x0 /usr/local/lib/gcc/avr/4.9.2/avr5/libgcc.a(_udivmodsi4.o)
 .text.libgcc.fmul
                0x0000000000000000        0x0 /usr/local/lib/gcc/avr/4.9.2/avr5/libgcc.a(_udivmodsi4.o)
 .text.libgcc.fixed
                0x0000000000000000        0x0 /usr/local/lib/gcc/avr/4.9.2/avr5/libgcc.a(_udivmodsi4.o)
 .text          0x0000000000000000        0x0 /usr/local/lib/gcc/avr/4.9.2/avr5/libgcc.a(_exit.o)
 .data          0x0000000000000000        0x0 /usr/local/lib/gcc/avr/4.9.2/avr5/libgcc.a(_exit.o)
 .bss           0x0000000000000000        0x0 /usr/local/lib/gcc/avr/4.9.2/avr5/libgcc.a(_exit.o)
 .text.libgcc.mul
                0x0000000000000000        0x0 /usr/local/lib/gcc/avr/4.9.2/avr5/libgcc.a(_exit.o)
 .text.libgcc.div
                0x0000000000000000        0x0 /usr/local/lib/gcc/avr/4.9.2/avr5/libgcc.a(_exit.o)
 .text.libgcc   0x0000000000000000        0x0 /usr/local/lib/gcc/avr/4.9.2/avr5/libgcc.a(_exit.o)
 .text.libgcc.prologue
                0x0000000000000000        0x0 /usr/local/lib/gcc/avr/4.9.2/avr5/libgcc.a(_exit.o)
 .text.libgcc.builtins
                0x0000000000000000        0x0 /usr/local/lib/gcc/avr/4.9.2/avr5/libgcc.a(_exit.o)
 .text.libgcc.fmul
                0x0000000000000000        0x0 /usr/local/lib/gcc/avr/4.9.2/avr5/libgcc.a(_exit.o)
 .text.libgcc.fixed
                0x0000000000000000        0x0 /usr/local/lib/gcc/avr/4.9.2/avr5/libgcc.a(_exit.o)
 .text          0x0000000000000000        0x0 /usr/local/lib/gcc/avr/4.9.2/avr5/libgcc.a(_tablejump2.o)
 .data          0x0000000000000000        0x0 /usr/local/lib/gcc/avr/4.9.2/avr5/libgcc.a(_tablejump2.o)
 .bss           0x0000000000000000        0x0 /usr/local/lib/gcc/avr/4.9.2/avr5/libgcc.a(_tablejump2.o)
 .text.libgcc.mul
                0x0000000000000000        0x0 /usr/local/lib/gcc/avr/4.9.2/avr5/libgcc.a(_tablejump2.o)
 .text.libgcc.div
                0x0000000000000000        0x0 /usr/local/lib/gcc/avr/4.9.2/avr5/libgcc.a(_tablejump2.o)
 .text.libgcc.prologue
                0x0000000000000000        0x0 /usr/local/lib/gcc/avr/4.9.2/avr5/libgcc.a(_tablejump2.o)
 .text.libgcc.builtins
                0x0000000000000000        0x0 /usr/local/lib/gcc/avr/4.9.2/avr5/libgcc.a(_tablejump2.o)
 .text.libgcc.fmul
                0x0000000000000000        0x0 /usr/local/lib/gcc/avr/4.9.2/avr5/libgcc.a(_tablejump2.o)
 .text.libgcc.fixed
                0x0000000000000000        0x0 /usr/local/lib/gcc/avr/4.9.2/avr5/libgcc.a(_tablejump2.o)
 .text          0x0000000000000000        0x0 /usr/local/lib/gcc/avr/4.9.2/avr5/libgcc.a(_copy_data.o)
 .data          0x0000000000000000        0x0 /usr/local/lib/gcc/avr/4.9.2/avr5/libgcc.a(_copy_data.o)
 .bss           0x0000000000000000        0x0 /usr/local/lib/gcc/avr/4.9.2/avr5/libgcc.a(_copy_data.o)
 .text.libgcc.mul
                0x0000000000000000        0x0 /usr/local/lib/gcc/avr/4.9.2/avr5/libgcc.a(_copy_data.o)
 .text.libgcc.div
                0x0000000000000000        0x0 /usr/local/lib/gcc/avr/4.9.2/avr5/libgcc.a(_copy_data.o)
 .text.libgcc   0x0000000000000000        0x0 /usr/local/lib/gcc/avr/4.9.2/avr5/libgcc.a(_copy_data.o)
 .text.libgcc.prologue
                0x0000000000000000        0x0 /usr/local/lib/gcc/avr/4.9.2/avr5/libgcc.a(_copy_data.o)
 .text.libgcc.builtins
                0x0000000000000000        0x0 /usr/local/lib/gcc/avr/4.9.2/avr5/libgcc.a(_copy_data.o)
 .text.libgcc.fmul
                0x0000000000000000        0x0 /usr/local/lib/gcc/avr/4.9.2/avr5/libgcc.a(_copy_data.o)
 .text.libgcc.fixed
                0x0000000000000000        0x0 /usr/local/lib/gcc/avr/4.9.2/avr5/libgcc.a(_copy_data.o)
 .text          0x0000000000000000        0x0 /usr/local/lib/gcc/avr/4.9.2/avr5/libgcc.a(_clear_bss.o)
 .data          0x0000000000000000        0x0 /usr/local/lib/gcc/avr/4.9.2/avr5/libgcc.a(_clear_bss.o)
 .bss           0x0000000000000000        0x0 /usr/local/lib/gcc/avr/4.9.2/avr5/libgcc.a(_clear_bss.o)
 .text.libgcc.mul
                0x0000000000000000        0x0 /usr/local/lib/gcc/avr/4.9.2/avr5/libgcc.a(_clear_bss.o)
 .text.libgcc.div
                0x0000000000000000        0x0 /usr/local/lib/gcc/avr/4.9.2/avr5/libgcc.a(_clear_bss.o)
 .text.libgcc   0x0000000000000000        0x0 /usr/local/lib/gcc/avr/4.9.2/avr5/libgcc.a(_clear_bss.o)
 .text.libgcc.prologue
                0x0000000000000000        0x0 /usr/local/lib/gcc/avr/4.9.2/avr5/libgcc.a(_clear_bss.o)
 .text.libgcc.builtins
                0x0000000000000000        0x0 /usr/local/lib/gcc/avr/4.9.2/avr5/libgcc.a(_clear_bss.o)
 .text.libgcc.fmul
                0x0000000000000000        0x0 /usr/local/lib/gcc/avr/4.9.2/avr5/libgcc.a(_clear_bss.o)
 .text.libgcc.fixed
                0x0000000000000000        0x0 /usr/local/lib/gcc/avr/4.9.2/avr5/libgcc.a(_clear_bss.o)
 .text          0x0000000000000000        0x0 /usr/local/lib/gcc/avr/4.9.2/../../../../avr/lib/avr5/libm.a(addsf3.o)
 .data          0x0000000000000000        0x0 /usr/local/lib/gcc/avr/4.9.2/../../../../avr/lib/avr5/libm.a(addsf3.o)
 .bss           0x0000000000000000        0x0 /usr/local/lib/gcc/avr/4.9.2/../../../../avr/lib/avr5/libm.a(addsf3.o)
 .text          0x0000000000000000        0x0 /usr/local/lib/gcc/avr/4.9.2/../../../../avr/lib/avr5/libm.a(addsf3x.o)
 .data          0x0000000000000000        0x0 /usr/local/lib/gcc/avr/4.9.2/../../../../avr/lib/avr5/libm.a(addsf3x.o)
 .bss           0x0000000000000000        0x0 /usr/local/lib/gcc/avr/4.9.2/../../../../avr/lib/avr5/libm.a(addsf3x.o)
 .text          0x0000000000000000        0x0 /usr/local/lib/gcc/avr/4.9.2/../../../../avr/lib/avr5/libm.a(cmpsf2.o)
 .data          0x0000000000000000        0x0 /usr/local/lib/gcc/avr/4.9.2/../../../../avr/lib/avr5/libm.a(cmpsf2.o)
 .bss           0x0000000000000000        0x0 /usr/local/lib/gcc/avr/4.9.2/../../../../avr/lib/avr5/libm.a(cmpsf2.o)
 .text          0x0000000000000000        0x0 /usr/local/lib/gcc/avr/4.9.2/../../../../avr/lib/avr5/libm.a(divsf3.o)
 .data          0x0000000000000000        0x0 /usr/local/lib/gcc/avr/4.9.2/../../../../avr/lib/avr5/libm.a(divsf3.o)
 .bss           0x0000000000000000        0x0 /usr/local/lib/gcc/avr/4.9.2/../../../../avr/lib/avr5/libm.a(divsf3.o)
 .text          0x0000000000000000        0x0 /usr/local/lib/gcc/avr/4.9.2/../../../../avr/lib/avr5/libm.a(divsf3x.o)
 .data          0x0000000000000000        0x0 /usr/local/lib/gcc/avr/4.9.2/../../../../avr/lib/avr5/libm.a(divsf3x.o)
 .bss           0x0000000000000000        0x0 /usr/local/lib/gcc/avr/4.9.2/../../../../avr/lib/avr5/libm.a(divsf3x.o)
 .text          0x0000000000000000        0x0 /usr/local/lib/gcc/avr/4.9.2/../../../../avr/lib/avr5/libm.a(fixsfsi.o)
 .data          0x0000000000000000        0x0 /usr/local/lib/gcc/avr/4.9.2/../../../../avr/lib/avr5/libm.a(fixsfsi.o)
 .bss           0x0000000000000000        0x0 /usr/local/lib/gcc/avr/4.9.2/../../../../avr/lib/avr5/libm.a(fixsfsi.o)
 .text          0x0000000000000000        0x0 /usr/local/lib/gcc/avr/4.9.2/../../../../avr/lib/avr5/libm.a(fixunssfsi.o)
 .data          0x0000000000000000        0x0 /usr/local/lib/gcc/avr/4.9.2/../../../../avr/lib/avr5/libm.a(fixunssfsi.o)
 .bss           0x0000000000000000        0x0 /usr/local/lib/gcc/avr/4.9.2/../../../../avr/lib/avr5/libm.a(fixunssfsi.o)
 .text          0x0000000000000000        0x0 /usr/local/lib/gcc/avr/4.9.2/../../../../avr/lib/avr5/libm.a(floatsisf.o)
 .data          0x0000000000000000        0x0 /usr/local/lib/gcc/avr/4.9.2/../../../../avr/lib/avr5/libm.a(floatsisf.o)
 .bss           0x0000000000000000        0x0 /usr/local/lib/gcc/avr/4.9.2/../../../../avr/lib/avr5/libm.a(floatsisf.o)
 .text          0x0000000000000000        0x0 /usr/local/lib/gcc/avr/4.9.2/../../../../avr/lib/avr5/libm.a(fp_cmp.o)
 .data          0x0000000000000000        0x0 /usr/local/lib/gcc/avr/4.9.2/../../../../avr/lib/avr5/libm.a(fp_cmp.o)
 .bss           0x0000000000000000        0x0 /usr/local/lib/gcc/avr/4.9.2/../../../../avr/lib/avr5/libm.a(fp_cmp.o)
 .text          0x0000000000000000        0x0 /usr/local/lib/gcc/avr/4.9.2/../../../../avr/lib/avr5/libm.a(fp_inf.o)
 .data          0x0000000000000000        0x0 /usr/local/lib/gcc/avr/4.9.2/../../../../avr/lib/avr5/libm.a(fp_inf.o)
 .bss           0x0000000000000000        0x0 /usr/local/lib/gcc/avr/4.9.2/../../../../avr/lib/avr5/libm.a(fp_inf.o)
 .text          0x0000000000000000        0x0 /usr/local/lib/gcc/avr/4.9.2/../../../../avr/lib/avr5/libm.a(fp_nan.o)
 .data          0x0000000000000000        0x0 /usr/local/lib/gcc/avr/4.9.2/../../../../avr/lib/avr5/libm.a(fp_nan.o)
 .bss           0x0000000000000000        0x0 /usr/local/lib/gcc/avr/4.9.2/../../../../avr/lib/avr5/libm.a(fp_nan.o)
 .text          0x0000000000000000        0x0 /usr/local/lib/gcc/avr/4.9.2/../../../../avr/lib/avr5/libm.a(fp_pscA.o)
 .data          0x0000000000000000        0x0 /usr/local/lib/gcc/avr/4.9.2/../../../../avr/lib/avr5/libm.a(fp_pscA.o)
 .bss           0x0000000000000000        0x0 /usr/local/lib/gcc/avr/4.9.2/../../../../avr/lib/avr5/libm.a(fp_pscA.o)
 .text          0x0000000000000000        0x0 /usr/local/lib/gcc/avr/4.9.2/../../../../avr/lib/avr5/libm.a(fp_pscB.o)
 .data          0x0000000000000000        0x0 /usr/local/lib/gcc/avr/4.9.2/../../../../avr/lib/avr5/libm.a(fp_pscB.o)
 .bss           0x0000000000000000        0x0 /usr/local/lib/gcc/avr/4.9.2/../../../../avr/lib/avr5/libm.a(fp_pscB.o)
 .text          0x0000000000000000        0x0 /usr/local/lib/gcc/avr/4.9.2/../../../../avr/lib/avr5/libm.a(fp_round.o)
 .data          0x0000000000000000        0x0 /usr/local/lib/gcc/avr/4.9.2/../../../../avr/lib/avr5/libm.a(fp_round.o)
 .bss           0x0000000000000000        0x0 /usr/local/lib/gcc/avr/4.9.2/../../../../avr/lib/avr5/libm.a(fp_round.o)
 .text          0x0000000000000000        0x0 /usr/local/lib/gcc/avr/4.9.2/../../../../avr/lib/avr5/libm.a(fp_split3.o)
 .data          0x0000000000000000        0x0 /usr/local/lib/gcc/avr/4.9.2/../../../../avr/lib/avr5/libm.a(fp_split3.o)
 .bss           0x0000000000000000        0x0 /usr/local/lib/gcc/avr/4.9.2/../../../../avr/lib/avr5/libm.a(fp_split3.o)
 .text          0x0000000000000000        0x0 /usr/local/lib/gcc/avr/4.9.2/../../../../avr/lib/avr5/libm.a(fp_zero.o)
 .data          0x0000000000000000        0x0 /usr/local/lib/gcc/avr/4.9.2/../../../../avr/lib/avr5/libm.a(fp_zero.o)
 .bss           0x0000000000000000        0x0 /usr/local/lib/gcc/avr/4.9.2/../../../../avr/lib/avr5/libm.a(fp_zero.o)
 .text          0x0000000000000000        0x0 /usr/local/lib/gcc/avr/4.9.2/../../../../avr/lib/avr5/libm.a(gesf2.o)
 .data          0x0000000000000000        0x0 /usr/local/lib/gcc/avr/4.9.2/../../../../avr/lib/avr5/libm.a(gesf2.o)
 .bss           0x0000000000000000        0x0 /usr/local/lib/gcc/avr/4.9.2/../../../../avr/lib/avr5/libm.a(gesf2.o)
 .text          0x0000000000000000        0x0 /usr/local/lib/gcc/avr/4.9.2/../../../../avr/lib/avr5/libm.a(mulsf3.o)
 .data          0x0000000000000000        0x0 /usr/local/lib/gcc/avr/4.9.2/../../../../avr/lib/avr5/libm.a(mulsf3.o)
 .bss           0x0000000000000000        0x0 /usr/local/lib/gcc/avr/4.9.2/../../../../avr/lib/avr5/libm.a(mulsf3.o)
 .text          0x0000000000000000        0x0 /usr/local/lib/gcc/avr/4.9.2/../../../../avr/lib/avr5/libm.a(mulsf3x.o)
 .data          0x0000000000000000        0x0 /usr/local/lib/gcc/avr/4.9.2/../../../../avr/lib/avr5/libm.a(mulsf3x.o)
 .bss           0x0000000000000000        0x0 /usr/local/lib/gcc/avr/4.9.2/../../../../avr/lib/avr5/libm.a(mulsf3x.o)
 .text          0x0000000000000000        0x0 /usr/local/lib/gcc/avr/4.9.2/../../../../avr/lib/avr5/libc.a(memcpy_P.o)
 .data          0x0000000000000000        0x0 /usr/local/lib/gcc/avr/4.9.2/../../../../avr/lib/avr5/libc.a(memcpy_P.o)
 .bss           0x0000000000000000        0x0 /usr/local/lib/gcc/avr/4.9.2/../../../../avr/lib/avr5/libc.a(memcpy_P.o)

Memory Configuration

Name             Origin             Length             Attributes
text             0x0000000000000000 0x0000000000020000 xr
data             0x0000000000800060 0x000000000000ffa0 rw !x
eeprom           0x0000000000810000 0x0000000000010000 rw !x
fuse             0x0000000000820000 0x0000000000000400 rw !x
lock             0x0000000000830000 0x0000000000000400 rw !x
signature        0x0000000000840000 0x0000000000000400 rw !x
*default*        0x0000000000000000 0xffffffffffffffff

Linker script and memory map

Address of section .data set to 0x800100
LOAD /usr/local/lib/gcc/avr/4.9.2/../../../../avr/lib/avr5/crtm644.o
LOAD uzeboxVideoEngineCore.o
LOAD uzeboxCore.o
LOAD uzeboxSoundEngine.o
LOAD uzeboxSoundEngineCore.o
LOAD uzeboxVideoEngine.o
LOAD TankFu.o
START GROUP
LOAD /usr/local/lib/gcc/avr/4.9.2/avr5/libgcc.a
LOAD /usr/local/lib/gcc/avr/4.9.2/../../../../avr/lib/avr5/libm.a
LOAD /usr/local/lib/gcc/avr/4.9.2/../../../../avr/lib/avr5/libc.a
END GROUP

.hash
 *(.hash)

.dynsym
 *(.dynsym)

.dynstr
 *(.dynstr)

.gnu.version
 *(.gnu.version)

.gnu.version_d
 *(.gnu.version_d)

.gnu.version_r
 *(.gnu.version_r)

.rel.init
 *(.rel.init)

.rela.init
 *(.rela.init)

.rel.text
 *(.rel.text)
 *(.rel.text.*)
 *(.rel.gnu.linkonce.t*)

.rela.text
 *(.rela.text)
 *(.rela.text.*)
 *(.rela.gnu.linkonce.t*)

.rel.fini
 *(.rel.fini)

.rela.fini
 *(.rela.fini)

.rel.rodata
 *(.rel.rodata)
 *(.rel.rodata.*)
 *(.rel.gnu.linkonce.r*)

.rela.rodata
 *(.rela.rodata)
 *(.rela.rodata.*)
 *(.rela.gnu.linkonce.r*)

.rel.data
 *(.rel.data)
 *(.rel.data.*)
 *(.rel.gnu.linkonce.d*)

.rela.data
 *(.rela.data)
 *(.rela.data.*)
 *(.rela.gnu.linkonce.d*)

.rel.ctors
 *(.rel.ctors)

.rela.ctors
 *(.rela.ctors)

.rel.dtors
 *(.rel.dtors)

.rela.dtors
 *(.rela.dtors)

.rel.got
 *(.rel.got)

.rela.got
 *(.rela.got)

.rel.bss
 *(.rel.bss)

.rela.bss
 *(.rela.bss)

.rel.plt
 *(.rel.plt)

.rela.plt
 *(.rela.plt)

.text           0x0000000000000000     0xc324
 *(.vectors)
 .vectors       0x0000000000000000       0x70 /usr/local/lib/gcc/avr/4.9.2/../../../../avr/lib/avr5/crtm644.o
                0x0000000000000000                __vectors
                0x0000000000000000                __vector_default
 *(.vectors)
 *(.progmem.gcc*)
 .progmem.gcc_sw_table.load_level_tiles
                0x0000000000000070       0x12 TankFu.o
                0x0000000000000082                . = ALIGN (0x2)
                0x0000000000000082                __trampolines_start = .
 *(.trampolines)
 .trampolines   0x0000000000000082        0x0 linker stubs
 *(.trampolines*)
                0x0000000000000082                __trampolines_end = .
 *(.progmem*)
 .progmem.data  0x0000000000000082       0x4e uzeboxCore.o
                0x0000000000000082                io_table
                0x00000000000000b0                eeprom_format_table
 .progmem.data  0x00000000000000d0       0x1a uzeboxSoundEngine.o
                0x00000000000000d0                patchCommands
 .progmem.data  0x00000000000000ea        0xc uzeboxVideoEngine.o
                0x00000000000000ea                fader
 .progmem.data  0x00000000000000f6     0x66c4 TankFu.o
                0x00000000000000f6                default_scores
                0x0000000000000114                default_handles
                0x0000000000000132                strMap
                0x0000000000000356                my_patches
                0x00000000000003cb                level_data
                0x0000000000002117                map_rocket_right_1
                0x000000000000211a                map_rocket_right_0
                0x000000000000211d                map_rocket_up_1
                0x0000000000002120                map_rocket_up_0
                0x0000000000002123                map_ball
                0x0000000000002126                map_explosion_2
                0x000000000000212c                map_explosion_1
                0x0000000000002132                map_explosion_0
                0x0000000000002138                map_tank2_right_1
                0x000000000000213e                map_tank2_right_0
                0x0000000000002144                map_tank2_up_1
                0x000000000000214a                map_tank2_up_0
                0x0000000000002150                map_tank1_right_1
                0x0000000000002156                map_tank1_right_0
                0x000000000000215c                map_tank1_up_1
                0x0000000000002162                map_tank1_up_0
                0x0000000000002168                map_none
                0x000000000000216b                map_tank_blank
                0x0000000000002171                map_metal_bl
                0x0000000000002174                map_metal_tr
                0x0000000000002177                map_metal_br
                0x000000000000217a                map_metal_tl
                0x000000000000217d                map_tile_exp_2
                0x0000000000002180                map_tile_exp_1
                0x0000000000002183                map_tile_exp_0
                0x0000000000002186                map_rocket_itm
                0x0000000000002189                map_explode_itm
                0x000000000000218c                map_speed_itm
                0x000000000000218f                map_metal
                0x0000000000002192                map_brick
                0x0000000000002195                map_tile_none
                0x0000000000002198                map_pause
                0x00000000000021d6                map_splash
                0x000000000000222c                ad_silence
                0x000000000000222e                ad_tracks
                0x0000000000002230                ad_tank_explode
                0x0000000000002232                ad_splash
                0x0000000000002234                ad_rocket
                0x0000000000002236                ad_navigate
                0x00000000000023a8                ad_metal
                0x00000000000025c8                ad_level_start
                0x00000000000025ca                ad_level_clear
                0x00000000000025cc                ad_item
                0x000000000000277d                ad_cannonball
                0x00000000000029c4                ad_brick_explode
                0x00000000000030a9                ad_banter
                0x00000000000037fa                sprites_data
                0x00000000000043fa                tiles_data
                0x00000000000067ba                . = ALIGN (0x2)
 *(.jumptables)
 *(.jumptables*)
 *(.lowtext)
 *(.lowtext*)
                0x00000000000067ba                __ctors_start = .
 *(.ctors)
                0x00000000000067ba                __ctors_end = .
                0x00000000000067ba                __dtors_start = .
 *(.dtors)
                0x00000000000067ba                __dtors_end = .
 SORT(*)(.ctors)
 SORT(*)(.dtors)
 *(.init0)
 .init0         0x00000000000067ba        0x0 /usr/local/lib/gcc/avr/4.9.2/../../../../avr/lib/avr5/crtm644.o
                0x00000000000067ba                __init
 *(.init0)
 *(.init1)
 *(.init1)
 *(.init2)
 .init2         0x00000000000067ba        0xc /usr/local/lib/gcc/avr/4.9.2/../../../../avr/lib/avr5/crtm644.o
 *(.init2)
 *(.init3)
 *(.init3)
 *(.init4)
 .init4         0x00000000000067c6       0x16 /usr/local/lib/gcc/avr/4.9.2/avr5/libgcc.a(_copy_data.o)
                0x00000000000067c6                __do_copy_data
 .init4         0x00000000000067dc       0x10 /usr/local/lib/gcc/avr/4.9.2/avr5/libgcc.a(_clear_bss.o)
                0x00000000000067dc                __do_clear_bss
 *(.init4)
 *(.init5)
 *(.init5)
 *(.init6)
 *(.init6)
 *(.init7)
 .init7         0x00000000000067ec       0x16 uzeboxCore.o
                0x00000000000067ec                wdt_init
 *(.init7)
 *(.init8)
 .init8         0x0000000000006802       0x8a uzeboxCore.o
                0x0000000000006802                Initialize
 *(.init8)
 *(.init9)
 .init9         0x000000000000688c        0x8 /usr/local/lib/gcc/avr/4.9.2/../../../../avr/lib/avr5/crtm644.o
 *(.init9)
 *(.text)
 .text          0x0000000000006894        0x4 /usr/local/lib/gcc/avr/4.9.2/../../../../avr/lib/avr5/crtm644.o
                0x0000000000006894                __vector_20
                0x0000000000006894                __vector_1
                0x0000000000006894                __vector_24
                0x0000000000006894                __vector_12
                0x0000000000006894                __bad_interrupt
                0x0000000000006894                __vector_6
                0x0000000000006894                __vector_3
                0x0000000000006894                __vector_23
                0x0000000000006894                __vector_25
                0x0000000000006894                __vector_11
                0x0000000000006894                __vector_17
                0x0000000000006894                __vector_19
                0x0000000000006894                __vector_7
                0x0000000000006894                __vector_27
                0x0000000000006894                __vector_5
                0x0000000000006894                __vector_4
                0x0000000000006894                __vector_9
                0x0000000000006894                __vector_2
                0x0000000000006894                __vector_21
                0x0000000000006894                __vector_15
                0x0000000000006894                __vector_26
                0x0000000000006894                __vector_10
                0x0000000000006894                __vector_16
                0x0000000000006894                __vector_18
                0x0000000000006894                __vector_22
 .text          0x0000000000006898      0x58a uzeboxVideoEngineCore.o
                0x0000000000006a3e                CopyTileToRam
                0x0000000000006b60                BlitSprite
                0x0000000000006c40                __vector_13
                0x0000000000006cc0                __vector_14
 .text          0x0000000000006e22      0x180 uzeboxSoundEngineCore.o
                0x0000000000006e22                process_music
                0x0000000000006e2e                update_sound
                0x0000000000006fa2                . = ALIGN (0x2)
 *(.text.*)
 .text.SetSpritesTileTable
                0x0000000000006fa2        0xa uzeboxVideoEngineCore.o
                0x0000000000006fa2                SetSpritesTileTable
 .text.ClearVram
                0x0000000000006fac       0x14 uzeboxVideoEngineCore.o
                0x0000000000006fac                ClearVram
 .text.SetFont  0x0000000000006fc0        0x8 uzeboxVideoEngineCore.o
                0x0000000000006fc0                SetFont
 .text.SetTile  0x0000000000006fc8       0x1c uzeboxVideoEngineCore.o
                0x0000000000006fc8                SetTile
 .text.SetFontTilesIndex
                0x0000000000006fe4        0x6 uzeboxVideoEngineCore.o
                0x0000000000006fe4                SetFontTilesIndex
 .text.SetTileTable
                0x0000000000006fea        0xa uzeboxVideoEngineCore.o
                0x0000000000006fea                SetTileTable
 .text.GetVsyncFlag
                0x0000000000006ff4        0x8 uzeboxVideoEngineCore.o
                0x0000000000006ff4                GetVsyncFlag
 .text.ClearVsyncFlag
                0x0000000000006ffc        0xc uzeboxVideoEngineCore.o
                0x0000000000006ffc                ClearVsyncFlag
 .text.ReadJoypad
                0x0000000000007008       0x18 uzeboxVideoEngineCore.o
                0x0000000000007008                ReadJoypad
 .text.WaitUs   0x0000000000007020        0xe uzeboxVideoEngineCore.o
                0x0000000000007020                WaitUs
 .text.WriteEeprom
                0x000000000000702e       0x14 uzeboxVideoEngineCore.o
                0x000000000000702e                WriteEeprom
 .text.ReadEeprom
                0x0000000000007042       0x12 uzeboxVideoEngineCore.o
                0x0000000000007042                ReadEeprom
 .text.wdt_randomize
                0x0000000000007054       0x34 uzeboxVideoEngineCore.o
                0x0000000000007054                wdt_randomize
 .text.GetRandomSeed
                0x0000000000007088        0xa uzeboxVideoEngineCore.o
                0x0000000000007088                GetRandomSeed
 .text.__vector_8
                0x0000000000007092       0x44 uzeboxVideoEngineCore.o
                0x0000000000007092                __vector_8
 .text.SoftReset
                0x00000000000070d6       0x16 uzeboxCore.o
                0x00000000000070d6                SoftReset
 .text.ReadButtons
                0x00000000000070ec       0x6c uzeboxCore.o
                0x00000000000070ec                ReadButtons
 .text.ReadControllers
                0x0000000000007158       0x20 uzeboxCore.o
                0x0000000000007158                ReadControllers
 .text.FormatEeprom
                0x0000000000007178       0x44 uzeboxCore.o
                0x0000000000007178                FormatEeprom
 .text.isEepromFormatted
                0x00000000000071bc       0x2e uzeboxCore.o
                0x00000000000071bc                isEepromFormatted
 .text.EepromWriteBlock
                0x00000000000071ea       0xda uzeboxCore.o
                0x00000000000071ea                EepromWriteBlock
 .text.EepromReadBlock
                0x00000000000072c4       0x92 uzeboxCore.o
                0x00000000000072c4                EepromReadBlock
 .text.PatchCommand00
                0x0000000000007356        0x6 uzeboxSoundEngine.o
                0x0000000000007356                PatchCommand00
 .text.PatchCommand01
                0x000000000000735c       0x10 uzeboxSoundEngine.o
                0x000000000000735c                PatchCommand01
 .text.PatchCommand05
                0x000000000000736c        0xa uzeboxSoundEngine.o
                0x000000000000736c                PatchCommand05
 .text.PatchCommand06
                0x0000000000007376        0xa uzeboxSoundEngine.o
                0x0000000000007376                PatchCommand06
 .text.PatchCommand07
                0x0000000000007380        0x6 uzeboxSoundEngine.o
                0x0000000000007380                PatchCommand07
 .text.PatchCommand09
                0x0000000000007386        0x6 uzeboxSoundEngine.o
                0x0000000000007386                PatchCommand09
 .text.PatchCommand10
                0x000000000000738c        0x6 uzeboxSoundEngine.o
                0x000000000000738c                PatchCommand10
 .text.PatchCommand11
                0x0000000000007392       0x7a uzeboxSoundEngine.o
                0x0000000000007392                PatchCommand11
 .text.PatchCommand12
                0x000000000000740c        0x6 uzeboxSoundEngine.o
                0x000000000000740c                PatchCommand12
 .text.PatchCommand02
                0x0000000000007412        0x8 uzeboxSoundEngine.o
                0x0000000000007412                PatchCommand02
 .text.PatchCommand03
                0x000000000000741a       0x10 uzeboxSoundEngine.o
                0x000000000000741a                PatchCommand03
 .text.PatchCommand04
                0x000000000000742a       0x10 uzeboxSoundEngine.o
                0x000000000000742a                PatchCommand04
 .text.PatchCommand08
                0x000000000000743a       0x32 uzeboxSoundEngine.o
                0x000000000000743a                PatchCommand08
 .text.InitMusicPlayer
                0x000000000000746c       0x44 uzeboxSoundEngine.o
                0x000000000000746c                InitMusicPlayer
 .text.ReadVarLen
                0x00000000000074b0       0x4c uzeboxSoundEngine.o
                0x00000000000074b0                ReadVarLen
 .text.TriggerCommon
                0x00000000000074fc      0x15a uzeboxSoundEngine.o
                0x00000000000074fc                TriggerCommon
 .text.TriggerNote
                0x0000000000007656       0x6e uzeboxSoundEngine.o
                0x0000000000007656                TriggerNote
 .text.ProcessMusic
                0x00000000000076c4      0x44e uzeboxSoundEngine.o
                0x00000000000076c4                ProcessMusic
 .text.SetMasterVolume
                0x0000000000007b12        0x6 uzeboxSoundEngine.o
                0x0000000000007b12                SetMasterVolume
 .text.SetMixerNote
                0x0000000000007b18       0x2e uzeboxSoundEngineCore.o
                0x0000000000007b18                SetMixerNote
 .text.SetMixerWave
                0x0000000000007b46       0x3a uzeboxSoundEngineCore.o
                0x0000000000007b46                SetMixerWave
 *fill*         0x0000000000007b80       0x80 
 .text.DisableSoundEngine
                0x0000000000007c00      0xc00 uzeboxSoundEngineCore.o
                0x0000000000007c00                DisableSoundEngine
                0x0000000000007c08                steptable
                0x0000000000007e00                waves
 .text.RestoreBackground
                0x0000000000008800       0x22 uzeboxVideoEngine.o
                0x0000000000008800                RestoreBackground
 .text.SetSpriteVisibility
                0x0000000000008822        0x6 uzeboxVideoEngine.o
                0x0000000000008822                SetSpriteVisibility
 .text.ProcessSprites
                0x0000000000008828      0x1a8 uzeboxVideoEngine.o
                0x0000000000008828                ProcessSprites
 .text.MapSprite2
                0x00000000000089d0       0xa4 uzeboxVideoEngine.o
                0x00000000000089d0                MapSprite2
 .text.MoveSprite
                0x0000000000008a74       0x4a uzeboxVideoEngine.o
                0x0000000000008a74                MoveSprite
 .text.DisplayLogo
                0x0000000000008abe        0x2 uzeboxVideoEngine.o
                0x0000000000008abe                DisplayLogo
 .text.InitializeVideoMode
                0x0000000000008ac0       0x14 uzeboxVideoEngine.o
                0x0000000000008ac0                InitializeVideoMode
 .text.DrawMap2
                0x0000000000008ad4       0x9a uzeboxVideoEngine.o
                0x0000000000008ad4                DrawMap2
 .text.PrintByte
                0x0000000000008b6e       0x66 uzeboxVideoEngine.o
                0x0000000000008b6e                PrintByte
 .text.Print    0x0000000000008bd4       0x36 uzeboxVideoEngine.o
                0x0000000000008bd4                Print
 .text.PrintChar
                0x0000000000008c0a        0x6 uzeboxVideoEngine.o
                0x0000000000008c0a                PrintChar
 .text.WaitVsync
                0x0000000000008c10       0x2e uzeboxVideoEngine.o
                0x0000000000008c10                WaitVsync
 .text.doFade   0x0000000000008c3e       0x1c uzeboxVideoEngine.o
                0x0000000000008c3e                doFade
 .text.FadeIn   0x0000000000008c5a       0x18 uzeboxVideoEngine.o
                0x0000000000008c5a                FadeIn
 .text.FadeOut  0x0000000000008c72       0x18 uzeboxVideoEngine.o
                0x0000000000008c72                FadeOut
 .text.ProcessFading
                0x0000000000008c8a       0x4a uzeboxVideoEngine.o
                0x0000000000008c8a                ProcessFading
 .text.VideoModeVsync
                0x0000000000008cd4        0x8 uzeboxVideoEngine.o
                0x0000000000008cd4                VideoModeVsync
 .text.LBGetNextFrame
                0x0000000000008cdc       0x46 TankFu.o
                0x0000000000008cdc                LBGetNextFrame
 .text.LBGetJoyPadState
                0x0000000000008d22       0x96 TankFu.o
                0x0000000000008d22                LBGetJoyPadState
 .text.LBCopyChars
                0x0000000000008db8       0x18 TankFu.o
                0x0000000000008db8                LBCopyChars
 .text.LBPrintStr
                0x0000000000008dd0       0x62 TankFu.o
                0x0000000000008dd0                LBPrintStr
 .text.LBCollides
                0x0000000000008e32       0x54 TankFu.o
                0x0000000000008e32                LBCollides
 .text.LBLineIntersect
                0x0000000000008e86      0x1ac TankFu.o
                0x0000000000008e86                LBLineIntersect
 .text.LBRandom
                0x0000000000009032       0x6a TankFu.o
                0x0000000000009032                LBRandom
 .text.LBWaitSeconds
                0x000000000000909c       0x1e TankFu.o
                0x000000000000909c                LBWaitSeconds
 .text.init_scores
                0x00000000000090ba       0x18 TankFu.o
                0x00000000000090ba                init_scores
 .text.init_handles
                0x00000000000090d2       0x18 TankFu.o
                0x00000000000090d2                init_handles
 .text.init_tile_animations
                0x00000000000090ea       0x46 TankFu.o
                0x00000000000090ea                init_tile_animations
 .text.init_shot_state
                0x0000000000009130       0x3a TankFu.o
                0x0000000000009130                init_shot_state
 .text.set_shot_animations
                0x000000000000916a       0x62 TankFu.o
                0x000000000000916a                set_shot_animations
 .text.init_player
                0x00000000000091cc       0xd0 TankFu.o
                0x00000000000091cc                init_player
 .text.player_init_shot_state
                0x000000000000929c        0xc TankFu.o
                0x000000000000929c                player_init_shot_state
 .text.init_game_state
                0x00000000000092a8       0x2a TankFu.o
                0x00000000000092a8                init_game_state
 .text.player_spawn
                0x00000000000092d2       0x3c TankFu.o
                0x00000000000092d2                player_spawn
 .text.load_eeprom
                0x000000000000930e       0x24 TankFu.o
                0x000000000000930e                load_eeprom
 .text.fade_through
                0x0000000000009332       0x14 TankFu.o
                0x0000000000009332                fade_through
 .text.clear_sprites
                0x0000000000009346       0x1a TankFu.o
                0x0000000000009346                clear_sprites
 .text.save_score
                0x0000000000009360       0xd2 TankFu.o
                0x0000000000009360                save_score
 .text.position_shot
                0x0000000000009432       0xda TankFu.o
                0x0000000000009432                position_shot
 .text.print_level_score
                0x000000000000950c       0x84 TankFu.o
                0x000000000000950c                print_level_score
 .text.print_final_score
                0x0000000000009590       0x94 TankFu.o
                0x0000000000009590                print_final_score
 .text.render_hud
                0x0000000000009624       0x3a TankFu.o
                0x0000000000009624                render_hud
 .text.render_score
                0x000000000000965e       0x38 TankFu.o
                0x000000000000965e                render_score
 .text.render_banter
                0x0000000000009696       0x50 TankFu.o
                0x0000000000009696                render_banter
 .text.render_player
                0x00000000000096e6       0x52 TankFu.o
                0x00000000000096e6                render_player
 .text.render_shot
                0x0000000000009738       0x58 TankFu.o
                0x0000000000009738                render_shot
 .text.render_tile_explosions
                0x0000000000009790       0x8a TankFu.o
                0x0000000000009790                render_tile_explosions
 .text.tank_map
                0x000000000000981a      0x104 TankFu.o
                0x000000000000981a                tank_map
 .text.shot_map
                0x000000000000991e       0x82 TankFu.o
                0x000000000000991e                shot_map
 .text.recoil_sprite
                0x00000000000099a0       0xb4 TankFu.o
                0x00000000000099a0                recoil_sprite
 .text.recoil_sprite_fine
                0x0000000000009a54       0xc8 TankFu.o
                0x0000000000009a54                recoil_sprite_fine
 .text.solid_square_tile
                0x0000000000009b1c       0x1c TankFu.o
                0x0000000000009b1c                solid_square_tile
 .text.solid_tile
                0x0000000000009b38       0x3c TankFu.o
                0x0000000000009b38                solid_tile
 .text.solid_directional_tile
                0x0000000000009b74       0x2c TankFu.o
                0x0000000000009b74                solid_directional_tile
 .text.collides_directional_tile
                0x0000000000009ba0      0x148 TankFu.o
                0x0000000000009ba0                collides_directional_tile
 .text.player_shot
                0x0000000000009ce8       0xbe TankFu.o
                0x0000000000009ce8                player_shot
 .text.collision_detect_boundries
                0x0000000000009da6       0x9c TankFu.o
                0x0000000000009da6                collision_detect_boundries
 .text.drop_item
                0x0000000000009e42       0x8e TankFu.o
                0x0000000000009e42                drop_item
 .text.kill_player
                0x0000000000009ed0       0xb0 TankFu.o
                0x0000000000009ed0                kill_player
 .text.get_interesting_tile_indexes_shot
                0x0000000000009f80       0x48 TankFu.o
                0x0000000000009f80                get_interesting_tile_indexes_shot
 .text.explode_tile
                0x0000000000009fc8       0x7c TankFu.o
                0x0000000000009fc8                explode_tile
 .text.richochet
                0x000000000000a044       0x42 TankFu.o
                0x000000000000a044                richochet
 .text.collision_detect_shot
                0x000000000000a086      0x370 TankFu.o
                0x000000000000a086                collision_detect_shot
 .text.get_interesting_tile_indexes
                0x000000000000a3f6       0x64 TankFu.o
                0x000000000000a3f6                get_interesting_tile_indexes
 .text.collision_detect_player
                0x000000000000a45a      0x2c0 TankFu.o
                0x000000000000a45a                collision_detect_player
 .text.load_level_tiles
                0x000000000000a71a       0xae TankFu.o
                0x000000000000a71a                load_level_tiles
 .text.load_level
                0x000000000000a7c8      0x17c TankFu.o
                0x000000000000a7c8                load_level
 .text.level_transition
                0x000000000000a944       0x60 TankFu.o
                0x000000000000a944                level_transition
 .text.load_splash
                0x000000000000a9a4       0x6c TankFu.o
                0x000000000000a9a4                load_splash
 .text.load_tank_rank
                0x000000000000aa10      0x14a TankFu.o
                0x000000000000aa10                load_tank_rank
 .text.exit_game
                0x000000000000ab5a       0x16 TankFu.o
                0x000000000000ab5a                exit_game
 .text.update_level_helper
                0x000000000000ab70      0x436 TankFu.o
                0x000000000000ab70                update_level_helper
 .text.update_level
                0x000000000000afa6      0x18c TankFu.o
                0x000000000000afa6                update_level
 .text.update_tank_rank
                0x000000000000b132       0x6a TankFu.o
                0x000000000000b132                update_tank_rank
 .text._handle_select_helper
                0x000000000000b19c      0x18a TankFu.o
                0x000000000000b19c                _handle_select_helper
 .text._handle_select_render_helper
                0x000000000000b326      0x11e TankFu.o
                0x000000000000b326                _handle_select_render_helper
 .text.load_handle_select
                0x000000000000b444      0x124 TankFu.o
                0x000000000000b444                load_handle_select
 .text.update_splash
                0x000000000000b568      0x16e TankFu.o
                0x000000000000b568                update_splash
 .text.update_handle_select
                0x000000000000b6d6       0x9c TankFu.o
                0x000000000000b6d6                update_handle_select
 .text.button_map
                0x000000000000b772       0x2c TankFu.o
                0x000000000000b772                button_map
 .text.crash_and_turn
                0x000000000000b79e      0x208 TankFu.o
                0x000000000000b79e                crash_and_turn
 .text.get_cpu_goal_direction
                0x000000000000b9a6       0x48 TankFu.o
                0x000000000000b9a6                get_cpu_goal_direction
 .text.get_cpu_joypad_state
                0x000000000000b9ee      0x34a TankFu.o
                0x000000000000b9ee                get_cpu_joypad_state
 .text.startup.main
                0x000000000000bd38      0x12c TankFu.o
                0x000000000000bd38                main
 .text.libgcc.div
                0x000000000000be64       0x18 /usr/local/lib/gcc/avr/4.9.2/avr5/libgcc.a(_udivmodqi4.o)
                0x000000000000be64                __udivmodqi4
 .text.libgcc.div
                0x000000000000be7c       0x28 /usr/local/lib/gcc/avr/4.9.2/avr5/libgcc.a(_udivmodhi4.o)
                0x000000000000be7c                __udivmodhi4
 .text.libgcc.div
                0x000000000000bea4       0x28 /usr/local/lib/gcc/avr/4.9.2/avr5/libgcc.a(_divmodhi4.o)
                0x000000000000bea4                __divmodhi4
                0x000000000000bea4                _div
 .text.libgcc   0x000000000000becc        0xc /usr/local/lib/gcc/avr/4.9.2/avr5/libgcc.a(_tablejump2.o)
                0x000000000000becc                __tablejump2__
 .text.avr-libc.fplib
                0x000000000000bed8        0xa /usr/local/lib/gcc/avr/4.9.2/../../../../avr/lib/avr5/libm.a(addsf3.o)
                0x000000000000bed8                __subsf3
                0x000000000000beda                __addsf3
 .text.avr-libc.fplib
                0x000000000000bee2       0xc0 /usr/local/lib/gcc/avr/4.9.2/../../../../avr/lib/avr5/libm.a(addsf3x.o)
                0x000000000000befc                __addsf3x
 .text.avr-libc.fplib
                0x000000000000bfa2        0x8 /usr/local/lib/gcc/avr/4.9.2/../../../../avr/lib/avr5/libm.a(cmpsf2.o)
                0x000000000000bfa2                __lesf2
                0x000000000000bfa2                __nesf2
                0x000000000000bfa2                __eqsf2
                0x000000000000bfa2                __cmpsf2
                0x000000000000bfa2                __ltsf2
 .text.avr-libc.fplib
                0x000000000000bfaa        0x4 /usr/local/lib/gcc/avr/4.9.2/../../../../avr/lib/avr5/libm.a(divsf3.o)
                0x000000000000bfaa                __divsf3
 .text.avr-libc.fplib
                0x000000000000bfae       0xcc /usr/local/lib/gcc/avr/4.9.2/../../../../avr/lib/avr5/libm.a(divsf3x.o)
                0x000000000000bfc4                __divsf3x
                0x000000000000bfc8                __divsf3_pse
 .text.avr-libc.fplib
                0x000000000000c07a        0xa /usr/local/lib/gcc/avr/4.9.2/../../../../avr/lib/avr5/libm.a(fixsfsi.o)
                0x000000000000c07a                __fixsfsi
 .text.avr-libc.fplib
                0x000000000000c084       0x58 /usr/local/lib/gcc/avr/4.9.2/../../../../avr/lib/avr5/libm.a(fixunssfsi.o)
                0x000000000000c084                __fixunssfsi
 .text.avr-libc.fplib
                0x000000000000c0dc       0x7a /usr/local/lib/gcc/avr/4.9.2/../../../../avr/lib/avr5/libm.a(floatsisf.o)
                0x000000000000c0dc                __floatunsisf
                0x000000000000c0e0                __floatsisf
 .text.avr-libc.fplib
                0x000000000000c156       0x48 /usr/local/lib/gcc/avr/4.9.2/../../../../avr/lib/avr5/libm.a(fp_cmp.o)
                0x000000000000c156                __fp_cmp
 .text.avr-libc.fplib
                0x000000000000c19e        0xc /usr/local/lib/gcc/avr/4.9.2/../../../../avr/lib/avr5/libm.a(fp_inf.o)
                0x000000000000c19e                __fp_inf
 .text.avr-libc.fplib
                0x000000000000c1aa        0x6 /usr/local/lib/gcc/avr/4.9.2/../../../../avr/lib/avr5/libm.a(fp_nan.o)
                0x000000000000c1aa                __fp_nan
 .text.avr-libc.fplib
                0x000000000000c1b0        0xe /usr/local/lib/gcc/avr/4.9.2/../../../../avr/lib/avr5/libm.a(fp_pscA.o)
                0x000000000000c1b0                __fp_pscA
 .text.avr-libc.fplib
                0x000000000000c1be        0xe /usr/local/lib/gcc/avr/4.9.2/../../../../avr/lib/avr5/libm.a(fp_pscB.o)
                0x000000000000c1be                __fp_pscB
 .text.avr-libc.fplib
                0x000000000000c1cc       0x22 /usr/local/lib/gcc/avr/4.9.2/../../../../avr/lib/avr5/libm.a(fp_round.o)
                0x000000000000c1cc                __fp_round
 .text.avr-libc.fplib
                0x000000000000c1ee       0x44 /usr/local/lib/gcc/avr/4.9.2/../../../../avr/lib/avr5/libm.a(fp_split3.o)
                0x000000000000c1ee                __fp_split3
                0x000000000000c1fe                __fp_splitA
 .text.avr-libc.fplib
                0x000000000000c232        0xe /usr/local/lib/gcc/avr/4.9.2/../../../../avr/lib/avr5/libm.a(fp_zero.o)
                0x000000000000c232                __fp_zero
                0x000000000000c234                __fp_szero
 .text.avr-libc.fplib
                0x000000000000c240        0x8 /usr/local/lib/gcc/avr/4.9.2/../../../../avr/lib/avr5/libm.a(gesf2.o)
                0x000000000000c240                __gtsf2
                0x000000000000c240                __gesf2
 .text.avr-libc.fplib
                0x000000000000c248        0x4 /usr/local/lib/gcc/avr/4.9.2/../../../../avr/lib/avr5/libm.a(mulsf3.o)
                0x000000000000c248                __mulsf3
 .text.avr-libc.fplib
                0x000000000000c24c       0xc2 /usr/local/lib/gcc/avr/4.9.2/../../../../avr/lib/avr5/libm.a(mulsf3x.o)
                0x000000000000c260                __mulsf3x
                0x000000000000c264                __mulsf3_pse
 .text.avr-libc
                0x000000000000c30e       0x12 /usr/local/lib/gcc/avr/4.9.2/../../../../avr/lib/avr5/libc.a(memcpy_P.o)
                0x000000000000c30e                memcpy_P
                0x000000000000c320                . = ALIGN (0x2)
 *(.fini9)
 .fini9         0x000000000000c320        0x0 /usr/local/lib/gcc/avr/4.9.2/avr5/libgcc.a(_exit.o)
                0x000000000000c320                exit
                0x000000000000c320                _exit
 *(.fini9)
 *(.fini8)
 *(.fini8)
 *(.fini7)
 *(.fini7)
 *(.fini6)
 *(.fini6)
 *(.fini5)
 *(.fini5)
 *(.fini4)
 *(.fini4)
 *(.fini3)
 *(.fini3)
 *(.fini2)
 *(.fini2)
 *(.fini1)
 *(.fini1)
 *(.fini0)
 .fini0         0x000000000000c320        0x4 /usr/local/lib/gcc/avr/4.9.2/avr5/libgcc.a(_exit.o)
 *(.fini0)
                0x000000000000c324                _etext = .

.data           0x0000000000800100        0x6 load address 0x000000000000c324
                0x0000000000800100                PROVIDE (__data_start, .)
 *(.data)
 .data          0x0000000000800100        0x1 uzeboxVideoEngine.o
                0x0000000000800100                spritesOn
 .data          0x0000000000800101        0x5 TankFu.o
                0x0000000000800104                global_frame_counter
 *(.data*)
 *(.rodata)
 *(.rodata*)
 *(.gnu.linkonce.d*)
                0x0000000000800106                . = ALIGN (0x2)
                0x0000000000800106                _edata = .
                0x0000000000800106                PROVIDE (__data_end, .)

.bss            0x0000000000800106      0xef1
                0x0000000000800106                PROVIDE (__bss_start, .)
 *(.bss)
 *fill*         0x0000000000800106       0x1a 
 .bss           0x0000000000800120      0x9e0 uzeboxVideoEngineCore.o
                0x0000000000800120                vram
                0x0000000000800468                sprites
                0x0000000000800468                overlay_vram
                0x0000000000800490                ram_tiles
                0x0000000000800a90                ram_tiles_restore
                0x0000000000800ad8                sprites_tile_banks
                0x0000000000800ae3                Screen
                0x0000000000800ae6                sync_phase
                0x0000000000800ae7                sync_pulse
                0x0000000000800ae8                sync_flags
                0x0000000000800aed                first_render_line
                0x0000000000800aee                render_lines_count
                0x0000000000800aef                first_render_line_tmp
                0x0000000000800af0                render_lines_count_tmp
                0x0000000000800af1                joypad1_status_lo
                0x0000000000800af3                joypad1_status_hi
                0x0000000000800af5                joypad2_status_lo
                0x0000000000800af7                joypad2_status_hi
 .bss           0x0000000000800b00        0x1 uzeboxSoundEngine.o
                0x0000000000800b00                playSong
 .bss           0x0000000000800b01       0x23 uzeboxSoundEngineCore.o
                0x0000000000800b01                sound_enabled
                0x0000000000800b02                mixer
                0x0000000000800b15                tr4_params
                0x0000000000800b16                tr4_barrel_lo
                0x0000000000800b17                tr4_barrel_hi
 .bss           0x0000000000800b24       0x18 TankFu.o
                0x0000000000800b24                p2s
                0x0000000000800b2a                p1s
 *(.bss*)
 *(COMMON)
 COMMON         0x0000000000800b3c        0x1 uzeboxCore.o
                0x0000000000800b3c                joypadsConnectionStatus
 COMMON         0x0000000000800b3d       0x7e uzeboxSoundEngine.o
                0x0000000000800b3d                songStart
                0x0000000000800b3f                tracks
                0x0000000000800bad                currDeltaTime
                0x0000000000800baf                patchPointers
                0x0000000000800bb1                lastStatus
                0x0000000000800bb2                masterVolume
                0x0000000000800bb3                nextDeltaTime
                0x0000000000800bb5                songSpeed
                0x0000000000800bb6                songPos
                0x0000000000800bb8                loopStart
                0x0000000000800bba                step
 COMMON         0x0000000000800bbb        0x6 uzeboxVideoEngine.o
                0x0000000000800bbb                fadeSpeed
                0x0000000000800bbc                fadeDir
                0x0000000000800bbd                free_tile_index
                0x0000000000800bbe                fadeActive
                0x0000000000800bbf                currFadeFrame
                0x0000000000800bc0                fadeStep
 COMMON         0x0000000000800bc1      0x436 TankFu.o
                0x0000000000800bc1                scores
                0x0000000000800be1                p2
                0x0000000000800be8                handles
                0x0000000000800c08                game
                0x0000000000800c0c                tile_animations
                0x0000000000800c25                player1
                0x0000000000800c93                p1
                0x0000000000800c9a                level
                0x0000000000800f89                player2
                0x0000000000800ff7                PROVIDE (__bss_end, .)
                0x000000000000c324                __data_load_start = LOADADDR (.data)
                0x000000000000c32a                __data_load_end = (__data_load_start + SIZEOF (.data))

.noinit         0x0000000000800ff7        0x0
                0x0000000000800ff7                PROVIDE (__noinit_start, .)
 *(.noinit*)
                0x0000000000800ff7                PROVIDE (__noinit_end, .)
                0x0000000000800ff7                _end = .
                0x0000000000800ff7                PROVIDE (__heap_start, .)

.eeprom         0x0000000000810000        0x0
 *(.eeprom*)
                0x0000000000810000                __eeprom_end = .

.fuse
 *(.fuse)
 *(.lfuse)
 *(.hfuse)
 *(.efuse)

.lock
 *(.lock*)

.signature
 *(.signature*)

.stab           0x0000000000000000      0x618
 *(.stab)
 .stab          0x0000000000000000       0xf0 /usr/local/lib/gcc/avr/4.9.2/avr5/libgcc.a(_udivmodqi4.o)
 .stab          0x00000000000000f0      0x15c /usr/local/lib/gcc/avr/4.9.2/avr5/libgcc.a(_udivmodhi4.o)
                                        0x168 (size before relaxing)
 .stab          0x000000000000024c      0x138 /usr/local/lib/gcc/avr/4.9.2/avr5/libgcc.a(_divmodhi4.o)
                                        0x144 (size before relaxing)
 .stab          0x0000000000000384       0x6c /usr/local/lib/gcc/avr/4.9.2/avr5/libgcc.a(_exit.o)
                                         0x78 (size before relaxing)
 .stab          0x00000000000003f0       0x9c /usr/local/lib/gcc/avr/4.9.2/avr5/libgcc.a(_tablejump2.o)
                                         0xa8 (size before relaxing)
 .stab          0x000000000000048c       0xd8 /usr/local/lib/gcc/avr/4.9.2/avr5/libgcc.a(_copy_data.o)
                                         0xe4 (size before relaxing)
 .stab          0x0000000000000564       0xb4 /usr/local/lib/gcc/avr/4.9.2/avr5/libgcc.a(_clear_bss.o)
                                         0xc0 (size before relaxing)

.stabstr        0x0000000000000000      0x2a5
 *(.stabstr)
 .stabstr       0x0000000000000000      0x2a5 /usr/local/lib/gcc/avr/4.9.2/avr5/libgcc.a(_udivmodqi4.o)

.stab.excl
 *(.stab.excl)

.stab.exclstr
 *(.stab.exclstr)

.stab.index
 *(.stab.index)

.stab.indexstr
 *(.stab.indexstr)

.comment        0x0000000000000000       0x11
 *(.comment)
 .comment       0x0000000000000000       0x11 uzeboxCore.o
                                         0x12 (size before relaxing)
 .comment       0x0000000000000011       0x12 uzeboxSoundEngine.o
 .comment       0x0000000000000011       0x12 uzeboxVideoEngine.o
 .comment       0x0000000000000011       0x12 TankFu.o

.note.gnu.build-id
 *(.note.gnu.build-id)

.debug
 *(.debug)

.line
 *(.line)

.debug_srcinfo
 *(.debug_srcinfo)

.debug_sfnames
 *(.debug_sfnames)

.debug_aranges  0x0000000000000000      0x5d0
 *(.debug_aranges)
 .debug_aranges
                0x0000000000000000       0xe8 uzeboxVideoEngineCore.o
 .debug_aranges
                0x00000000000000e8       0x80 uzeboxCore.o
 .debug_aranges
                0x0000000000000168       0xe8 uzeboxSoundEngine.o
 .debug_aranges
                0x0000000000000250       0x50 uzeboxSoundEngineCore.o
 .debug_aranges
                0x00000000000002a0       0xf8 uzeboxVideoEngine.o
 .debug_aranges
                0x0000000000000398      0x238 TankFu.o

.debug_pubnames
 *(.debug_pubnames)

.debug_info     0x0000000000000000     0x8806
 *(.debug_info .gnu.linkonce.wi.*)
 .debug_info    0x0000000000000000      0x672 /usr/local/lib/gcc/avr/4.9.2/../../../../avr/lib/avr5/crtm644.o
 .debug_info    0x0000000000000672       0x7d uzeboxVideoEngineCore.o
 .debug_info    0x00000000000006ef      0xa03 uzeboxCore.o
 .debug_info    0x00000000000010f2     0x127a uzeboxSoundEngine.o
 .debug_info    0x000000000000236c       0x74 uzeboxSoundEngineCore.o
 .debug_info    0x00000000000023e0     0x12c5 uzeboxVideoEngine.o
 .debug_info    0x00000000000036a5     0x5161 TankFu.o

.debug_abbrev   0x0000000000000000     0x152d
 *(.debug_abbrev)
 .debug_abbrev  0x0000000000000000      0x619 /usr/local/lib/gcc/avr/4.9.2/../../../../avr/lib/avr5/crtm644.o
 .debug_abbrev  0x0000000000000619       0x12 uzeboxVideoEngineCore.o
 .debug_abbrev  0x000000000000062b      0x2f7 uzeboxCore.o
 .debug_abbrev  0x0000000000000922      0x307 uzeboxSoundEngine.o
 .debug_abbrev  0x0000000000000c29       0x12 uzeboxSoundEngineCore.o
 .debug_abbrev  0x0000000000000c3b      0x3a7 uzeboxVideoEngine.o
 .debug_abbrev  0x0000000000000fe2      0x54b TankFu.o

.debug_line     0x0000000000000000     0x1ec8
 *(.debug_line .debug_line.* .debug_line_end)
 .debug_line    0x0000000000000000       0x1d /usr/local/lib/gcc/avr/4.9.2/../../../../avr/lib/avr5/crtm644.o
 .debug_line    0x000000000000001d      0x4db uzeboxVideoEngineCore.o
 .debug_line    0x00000000000004f8      0x288 uzeboxCore.o
 .debug_line    0x0000000000000780      0x3a6 uzeboxSoundEngine.o
 .debug_line    0x0000000000000b26      0x1a8 uzeboxSoundEngineCore.o
 .debug_line    0x0000000000000cce      0x472 uzeboxVideoEngine.o
 .debug_line    0x0000000000001140      0xd88 TankFu.o

.debug_frame    0x0000000000000000     0x1368
 *(.debug_frame)
 .debug_frame   0x0000000000000000      0x174 uzeboxCore.o
 .debug_frame   0x0000000000000174      0x258 uzeboxSoundEngine.o
 .debug_frame   0x00000000000003cc      0x4c0 uzeboxVideoEngine.o
 .debug_frame   0x000000000000088c      0xadc TankFu.o

.debug_str      0x0000000000000000     0x19a6
 *(.debug_str)
 .debug_str     0x0000000000000000      0x231 /usr/local/lib/gcc/avr/4.9.2/../../../../avr/lib/avr5/crtm644.o
 .debug_str     0x0000000000000231      0x4a4 uzeboxCore.o
                                        0x4f4 (size before relaxing)
 .debug_str     0x00000000000006d5      0x3c9 uzeboxSoundEngine.o
                                        0x60c (size before relaxing)
 .debug_str     0x0000000000000a9e      0x286 uzeboxVideoEngine.o
                                        0x401 (size before relaxing)
 .debug_str     0x0000000000000d24      0xc82 TankFu.o
                                       0x1025 (size before relaxing)

.debug_loc      0x0000000000000000     0x7dee
 *(.debug_loc)
 .debug_loc     0x0000000000000000      0x85c uzeboxCore.o
 .debug_loc     0x000000000000085c     0x119f uzeboxSoundEngine.o
 .debug_loc     0x00000000000019fb     0x1d49 uzeboxVideoEngine.o
 .debug_loc     0x0000000000003744     0x46aa TankFu.o

.debug_macinfo
 *(.debug_macinfo)

.debug_weaknames
 *(.debug_weaknames)

.debug_funcnames
 *(.debug_funcnames)

.debug_typenames
 *(.debug_typenames)

.debug_varnames
 *(.debug_varnames)

.debug_pubtypes
 *(.debug_pubtypes)

.debug_ranges   0x0000000000000000      0x688
 *(.debug_ranges)
 .debug_ranges  0x0000000000000000       0xe0 uzeboxVideoEngineCore.o
 .debug_ranges  0x00000000000000e0       0x70 uzeboxCore.o
 .debug_ranges  0x0000000000000150      0x120 uzeboxSoundEngine.o
 .debug_ranges  0x0000000000000270       0x48 uzeboxSoundEngineCore.o
 .debug_ranges  0x00000000000002b8      0x130 uzeboxVideoEngine.o
 .debug_ranges  0x00000000000003e8      0x2a0 TankFu.o

.debug_macro
 *(.debug_macro)
OUTPUT(TankFu.elf elf32-avr)
LOAD linker stubs
