Archive member included to satisfy reference by file (symbol)

/usr/local/lib/gcc/avr/4.9.2/avr5/libgcc.a(_udivmodqi4.o)
                              uzeboxVideoEngine.o (__udivmodqi4)
/usr/local/lib/gcc/avr/4.9.2/avr5/libgcc.a(_udivmodhi4.o)
                              uzeboxVideoEngine.o (__udivmodhi4)
/usr/local/lib/gcc/avr/4.9.2/avr5/libgcc.a(_divmodhi4.o)
                              uzeboxSoundEngine.o (__divmodhi4)
/usr/local/lib/gcc/avr/4.9.2/avr5/libgcc.a(_udivmodsi4.o)
                              uzeboxVideoEngine.o (__udivmodsi4)
/usr/local/lib/gcc/avr/4.9.2/avr5/libgcc.a(_exit.o)
                              /usr/local/lib/gcc/avr/4.9.2/../../../../avr/lib/avr5/crtm644.o (exit)
/usr/local/lib/gcc/avr/4.9.2/avr5/libgcc.a(_copy_data.o)
                              uzeboxVideoEngine.o (__do_copy_data)
/usr/local/lib/gcc/avr/4.9.2/avr5/libgcc.a(_clear_bss.o)
                              uzeboxCore.o (__do_clear_bss)
/usr/local/lib/gcc/avr/4.9.2/../../../../avr/lib/avr5/libc.a(memcpy_P.o)
                              TankFu.o (memcpy_P)
/usr/local/lib/gcc/avr/4.9.2/../../../../avr/lib/avr5/libc.a(strnlen_P.o)
                              TankFu.o (strnlen_P)
/usr/local/lib/gcc/avr/4.9.2/../../../../avr/lib/avr5/libc.a(strupr.o)
                              TankFu.o (strupr)
/usr/local/lib/gcc/avr/4.9.2/../../../../avr/lib/avr5/libc.a(sprintf.o)
                              TankFu.o (sprintf)
/usr/local/lib/gcc/avr/4.9.2/../../../../avr/lib/avr5/libc.a(vfprintf_std.o)
                              /usr/local/lib/gcc/avr/4.9.2/../../../../avr/lib/avr5/libc.a(sprintf.o) (vfprintf)
/usr/local/lib/gcc/avr/4.9.2/../../../../avr/lib/avr5/libc.a(strnlen.o)
                              /usr/local/lib/gcc/avr/4.9.2/../../../../avr/lib/avr5/libc.a(vfprintf_std.o) (strnlen)
/usr/local/lib/gcc/avr/4.9.2/../../../../avr/lib/avr5/libc.a(fputc.o)
                              /usr/local/lib/gcc/avr/4.9.2/../../../../avr/lib/avr5/libc.a(vfprintf_std.o) (fputc)
/usr/local/lib/gcc/avr/4.9.2/../../../../avr/lib/avr5/libc.a(ultoa_invert.o)
                              /usr/local/lib/gcc/avr/4.9.2/../../../../avr/lib/avr5/libc.a(vfprintf_std.o) (__ultoa_invert)
/usr/local/lib/gcc/avr/4.9.2/avr5/libgcc.a(_prologue.o)
                              /usr/local/lib/gcc/avr/4.9.2/../../../../avr/lib/avr5/libc.a(sprintf.o) (__prologue_saves__)
/usr/local/lib/gcc/avr/4.9.2/avr5/libgcc.a(_epilogue.o)
                              /usr/local/lib/gcc/avr/4.9.2/../../../../avr/lib/avr5/libc.a(sprintf.o) (__epilogue_restores__)

Allocating common symbols
Common symbol       size              file

songStart           0x2               uzeboxSoundEngine.o
uart_tx_buf         0x20              uzeboxCore.o
tracks              0x5c              uzeboxSoundEngine.o
scores              0x20              TankFu.o
fadeSpeed           0x1               uzeboxVideoEngine.o
currDeltaTime       0x2               uzeboxSoundEngine.o
fadeDir             0x1               uzeboxVideoEngine.o
patchPointers       0x2               uzeboxSoundEngine.o
handles             0x20              TankFu.o
game                0x14              TankFu.o
tile_animations     0x1d              TankFu.o
lastStatus          0x1               uzeboxSoundEngine.o
joypadsConnectionStatus
                    0x1               uzeboxCore.o
wifi_status         0x1               TankFu.o
player1             0x87              TankFu.o
fadeActive          0x1               uzeboxVideoEngine.o
uart_rx_head        0x1               uzeboxCore.o
masterVolume        0x1               uzeboxSoundEngine.o
nextDeltaTime       0x2               uzeboxSoundEngine.o
songSpeed           0x1               uzeboxSoundEngine.o
uart_tx_head        0x1               uzeboxCore.o
songPos             0x2               uzeboxSoundEngine.o
level               0x2ef             TankFu.o
uart_rx_tail        0x1               uzeboxCore.o
player2             0x87              TankFu.o
loopStart           0x2               uzeboxSoundEngine.o
sub_animation       0xe               TankFu.o
scope_animation     0xe               TankFu.o
uart_rx_buf         0x40              uzeboxCore.o
step                0x1               uzeboxSoundEngine.o
currFadeFrame       0x1               uzeboxVideoEngine.o
fadeStep            0x1               uzeboxVideoEngine.o
uart_tx_tail        0x1               uzeboxCore.o
turret2             0x2f              TankFu.o
turret1             0x2f              TankFu.o

Discarded input sections

 .data          0x0000000000000000        0x0 /usr/local/lib/gcc/avr/4.9.2/../../../../avr/lib/avr5/crtm644.o
 .bss           0x0000000000000000        0x0 /usr/local/lib/gcc/avr/4.9.2/../../../../avr/lib/avr5/crtm644.o
 .data          0x0000000000000000        0x0 uzeboxVideoEngineCore.o
 .text.SetSpritesTileBank
                0x0000000000000000       0x12 uzeboxVideoEngineCore.o
 .text.GetTile  0x0000000000000000       0x1e uzeboxVideoEngineCore.o
 .text.SetUserPreVsyncCallback
                0x0000000000000000        0xa uzeboxVideoEngineCore.o
 .text.SetUserPostVsyncCallback
                0x0000000000000000        0xa uzeboxVideoEngineCore.o
 .text.IsRunningInEmulator
                0x0000000000000000       0x12 uzeboxVideoEngineCore.o
 .text.WaitClocks
                0x0000000000000000        0x6 uzeboxVideoEngineCore.o
 .text.SetLedOn
                0x0000000000000000        0x4 uzeboxVideoEngineCore.o
 .text.SetLedOff
                0x0000000000000000        0x4 uzeboxVideoEngineCore.o
 .text.ToggleLed
                0x0000000000000000        0x4 uzeboxVideoEngineCore.o
 .text.internal_spi_byte
                0x0000000000000000        0xe uzeboxVideoEngineCore.o
 .text          0x0000000000000000        0x0 uzeboxCore.o
 .data          0x0000000000000000        0x0 uzeboxCore.o
 .text.SetRenderingParameters
                0x0000000000000000        0xa uzeboxCore.o
 .text.DetectControllers
                0x0000000000000000       0x36 uzeboxCore.o
 .text.FormatEeprom2
                0x0000000000000000       0x98 uzeboxCore.o
 .text.IsPowerSwitchPressed
                0x0000000000000000        0xe uzeboxCore.o
 .text.UartGoBack
                0x0000000000000000       0x16 uzeboxCore.o
 .text.IsUartRxBufferEmpty
                0x0000000000000000       0x10 uzeboxCore.o
 .text.IsUartTxBufferEmpty
                0x0000000000000000       0x10 uzeboxCore.o
 .text.IsUartTxBufferFull
                0x0000000000000000       0x14 uzeboxCore.o
 .text          0x0000000000000000        0x0 uzeboxSoundEngine.o
 .data          0x0000000000000000        0x0 uzeboxSoundEngine.o
 .text.StartSong
                0x0000000000000000       0x52 uzeboxSoundEngine.o
 .text.StopSong
                0x0000000000000000       0x18 uzeboxSoundEngine.o
 .text.ResumeSong
                0x0000000000000000        0x8 uzeboxSoundEngine.o
 .text.SetSongSpeed
                0x0000000000000000        0x6 uzeboxSoundEngine.o
 .text.GetSongSpeed
                0x0000000000000000        0x6 uzeboxSoundEngine.o
 .text.GetMasterVolume
                0x0000000000000000        0x6 uzeboxSoundEngine.o
 .text.IsSongPlaying
                0x0000000000000000        0x6 uzeboxSoundEngine.o
 .data          0x0000000000000000        0x0 uzeboxSoundEngineCore.o
 .text.SetMixerNoiseParams
                0x0000000000000000       0x10 uzeboxSoundEngineCore.o
 .text.SetMixerVolume
                0x0000000000000000       0x16 uzeboxSoundEngineCore.o
 .text.EnableSoundEngine
                0x0000000000000000        0x8 uzeboxSoundEngineCore.o
 .text          0x0000000000000000        0x0 uzeboxVideoEngine.o
 .bss           0x0000000000000000        0x0 uzeboxVideoEngine.o
 .text.SetUserRamTilesCount
                0x0000000000000000        0x6 uzeboxVideoEngine.o
 .text.GetUserRamTile
                0x0000000000000000        0xe uzeboxVideoEngine.o
 .text.SetSpriteVisibility
                0x0000000000000000        0x6 uzeboxVideoEngine.o
 .text.MapSprite
                0x0000000000000000       0x80 uzeboxVideoEngine.o
 .text.PrintLong
                0x0000000000000000       0x8a uzeboxVideoEngine.o
 .text.PrintInt
                0x0000000000000000       0x70 uzeboxVideoEngine.o
 .text.PrintBinaryByte
                0x0000000000000000       0x36 uzeboxVideoEngine.o
 .text.PrintHexByte
                0x0000000000000000       0x40 uzeboxVideoEngine.o
 .text.PrintHexInt
                0x0000000000000000       0x24 uzeboxVideoEngine.o
 .text.PrintHexLong
                0x0000000000000000       0x5e uzeboxVideoEngine.o
 .text.PrintRam
                0x0000000000000000       0x36 uzeboxVideoEngine.o
 .text.Fill     0x0000000000000000       0x6e uzeboxVideoEngine.o
 .text.FontFill
                0x0000000000000000       0x6c uzeboxVideoEngine.o
 .text          0x0000000000000000        0x0 TankFu.o
 .text.LBPrintByte
                0x0000000000000000       0x6c TankFu.o
 .text.LBWaitUs
                0x0000000000000000        0x4 TankFu.o
 .text.wifiGetP
                0x0000000000000000       0x14 TankFu.o
 .text.activateNet
                0x0000000000000000        0x4 TankFu.o
 .text.save_eeprom
                0x0000000000000000        0x4 TankFu.o
 .text.turret_map
                0x0000000000000000       0x14 TankFu.o
 .text.turret_shot_map
                0x0000000000000000       0x14 TankFu.o
 .text.record_player_posture
                0x0000000000000000       0x12 TankFu.o
 .text          0x0000000000000000        0x0 /usr/local/lib/gcc/avr/4.9.2/avr5/libgcc.a(_udivmodqi4.o)
 .data          0x0000000000000000        0x0 /usr/local/lib/gcc/avr/4.9.2/avr5/libgcc.a(_udivmodqi4.o)
 .bss           0x0000000000000000        0x0 /usr/local/lib/gcc/avr/4.9.2/avr5/libgcc.a(_udivmodqi4.o)
 .text.libgcc.mul
                0x0000000000000000        0x0 /usr/local/lib/gcc/avr/4.9.2/avr5/libgcc.a(_udivmodqi4.o)
 .text.libgcc   0x0000000000000000        0x0 /usr/local/lib/gcc/avr/4.9.2/avr5/libgcc.a(_udivmodqi4.o)
 .text.libgcc.prologue
                0x0000000000000000        0x0 /usr/local/lib/gcc/avr/4.9.2/avr5/libgcc.a(_udivmodqi4.o)
 .text.libgcc.builtins
                0x0000000000000000        0x0 /usr/local/lib/gcc/avr/4.9.2/avr5/libgcc.a(_udivmodqi4.o)
 .text.libgcc.fmul
                0x0000000000000000        0x0 /usr/local/lib/gcc/avr/4.9.2/avr5/libgcc.a(_udivmodqi4.o)
 .text.libgcc.fixed
                0x0000000000000000        0x0 /usr/local/lib/gcc/avr/4.9.2/avr5/libgcc.a(_udivmodqi4.o)
 .text          0x0000000000000000        0x0 /usr/local/lib/gcc/avr/4.9.2/avr5/libgcc.a(_udivmodhi4.o)
 .data          0x0000000000000000        0x0 /usr/local/lib/gcc/avr/4.9.2/avr5/libgcc.a(_udivmodhi4.o)
 .bss           0x0000000000000000        0x0 /usr/local/lib/gcc/avr/4.9.2/avr5/libgcc.a(_udivmodhi4.o)
 .text.libgcc.mul
                0x0000000000000000        0x0 /usr/local/lib/gcc/avr/4.9.2/avr5/libgcc.a(_udivmodhi4.o)
 .text.libgcc   0x0000000000000000        0x0 /usr/local/lib/gcc/avr/4.9.2/avr5/libgcc.a(_udivmodhi4.o)
 .text.libgcc.prologue
                0x0000000000000000        0x0 /usr/local/lib/gcc/avr/4.9.2/avr5/libgcc.a(_udivmodhi4.o)
 .text.libgcc.builtins
                0x0000000000000000        0x0 /usr/local/lib/gcc/avr/4.9.2/avr5/libgcc.a(_udivmodhi4.o)
 .text.libgcc.fmul
                0x0000000000000000        0x0 /usr/local/lib/gcc/avr/4.9.2/avr5/libgcc.a(_udivmodhi4.o)
 .text.libgcc.fixed
                0x0000000000000000        0x0 /usr/local/lib/gcc/avr/4.9.2/avr5/libgcc.a(_udivmodhi4.o)
 .text          0x0000000000000000        0x0 /usr/local/lib/gcc/avr/4.9.2/avr5/libgcc.a(_divmodhi4.o)
 .data          0x0000000000000000        0x0 /usr/local/lib/gcc/avr/4.9.2/avr5/libgcc.a(_divmodhi4.o)
 .bss           0x0000000000000000        0x0 /usr/local/lib/gcc/avr/4.9.2/avr5/libgcc.a(_divmodhi4.o)
 .text.libgcc.mul
                0x0000000000000000        0x0 /usr/local/lib/gcc/avr/4.9.2/avr5/libgcc.a(_divmodhi4.o)
 .text.libgcc   0x0000000000000000        0x0 /usr/local/lib/gcc/avr/4.9.2/avr5/libgcc.a(_divmodhi4.o)
 .text.libgcc.prologue
                0x0000000000000000        0x0 /usr/local/lib/gcc/avr/4.9.2/avr5/libgcc.a(_divmodhi4.o)
 .text.libgcc.builtins
                0x0000000000000000        0x0 /usr/local/lib/gcc/avr/4.9.2/avr5/libgcc.a(_divmodhi4.o)
 .text.libgcc.fmul
                0x0000000000000000        0x0 /usr/local/lib/gcc/avr/4.9.2/avr5/libgcc.a(_divmodhi4.o)
 .text.libgcc.fixed
                0x0000000000000000        0x0 /usr/local/lib/gcc/avr/4.9.2/avr5/libgcc.a(_divmodhi4.o)
 .text          0x0000000000000000        0x0 /usr/local/lib/gcc/avr/4.9.2/avr5/libgcc.a(_udivmodsi4.o)
 .data          0x0000000000000000        0x0 /usr/local/lib/gcc/avr/4.9.2/avr5/libgcc.a(_udivmodsi4.o)
 .bss           0x0000000000000000        0x0 /usr/local/lib/gcc/avr/4.9.2/avr5/libgcc.a(_udivmodsi4.o)
 .stab          0x0000000000000000      0x228 /usr/local/lib/gcc/avr/4.9.2/avr5/libgcc.a(_udivmodsi4.o)
                                        0x234 (size before relaxing)
 .text.libgcc.mul
                0x0000000000000000        0x0 /usr/local/lib/gcc/avr/4.9.2/avr5/libgcc.a(_udivmodsi4.o)
 .text.libgcc.div
                0x0000000000000000       0x44 /usr/local/lib/gcc/avr/4.9.2/avr5/libgcc.a(_udivmodsi4.o)
 .text.libgcc   0x0000000000000000        0x0 /usr/local/lib/gcc/avr/4.9.2/avr5/libgcc.a(_udivmodsi4.o)
 .text.libgcc.prologue
                0x0000000000000000        0x0 /usr/local/lib/gcc/avr/4.9.2/avr5/libgcc.a(_udivmodsi4.o)
 .text.libgcc.builtins
                0x0000000000000000        0x0 /usr/local/lib/gcc/avr/4.9.2/avr5/libgcc.a(_udivmodsi4.o)
 .text.libgcc.fmul
                0x0000000000000000        0x0 /usr/local/lib/gcc/avr/4.9.2/avr5/libgcc.a(_udivmodsi4.o)
 .text.libgcc.fixed
                0x0000000000000000        0x0 /usr/local/lib/gcc/avr/4.9.2/avr5/libgcc.a(_udivmodsi4.o)
 .text          0x0000000000000000        0x0 /usr/local/lib/gcc/avr/4.9.2/avr5/libgcc.a(_exit.o)
 .data          0x0000000000000000        0x0 /usr/local/lib/gcc/avr/4.9.2/avr5/libgcc.a(_exit.o)
 .bss           0x0000000000000000        0x0 /usr/local/lib/gcc/avr/4.9.2/avr5/libgcc.a(_exit.o)
 .text.libgcc.mul
                0x0000000000000000        0x0 /usr/local/lib/gcc/avr/4.9.2/avr5/libgcc.a(_exit.o)
 .text.libgcc.div
                0x0000000000000000        0x0 /usr/local/lib/gcc/avr/4.9.2/avr5/libgcc.a(_exit.o)
 .text.libgcc   0x0000000000000000        0x0 /usr/local/lib/gcc/avr/4.9.2/avr5/libgcc.a(_exit.o)
 .text.libgcc.prologue
                0x0000000000000000        0x0 /usr/local/lib/gcc/avr/4.9.2/avr5/libgcc.a(_exit.o)
 .text.libgcc.builtins
                0x0000000000000000        0x0 /usr/local/lib/gcc/avr/4.9.2/avr5/libgcc.a(_exit.o)
 .text.libgcc.fmul
                0x0000000000000000        0x0 /usr/local/lib/gcc/avr/4.9.2/avr5/libgcc.a(_exit.o)
 .text.libgcc.fixed
                0x0000000000000000        0x0 /usr/local/lib/gcc/avr/4.9.2/avr5/libgcc.a(_exit.o)
 .text          0x0000000000000000        0x0 /usr/local/lib/gcc/avr/4.9.2/avr5/libgcc.a(_copy_data.o)
 .data          0x0000000000000000        0x0 /usr/local/lib/gcc/avr/4.9.2/avr5/libgcc.a(_copy_data.o)
 .bss           0x0000000000000000        0x0 /usr/local/lib/gcc/avr/4.9.2/avr5/libgcc.a(_copy_data.o)
 .text.libgcc.mul
                0x0000000000000000        0x0 /usr/local/lib/gcc/avr/4.9.2/avr5/libgcc.a(_copy_data.o)
 .text.libgcc.div
                0x0000000000000000        0x0 /usr/local/lib/gcc/avr/4.9.2/avr5/libgcc.a(_copy_data.o)
 .text.libgcc   0x0000000000000000        0x0 /usr/local/lib/gcc/avr/4.9.2/avr5/libgcc.a(_copy_data.o)
 .text.libgcc.prologue
                0x0000000000000000        0x0 /usr/local/lib/gcc/avr/4.9.2/avr5/libgcc.a(_copy_data.o)
 .text.libgcc.builtins
                0x0000000000000000        0x0 /usr/local/lib/gcc/avr/4.9.2/avr5/libgcc.a(_copy_data.o)
 .text.libgcc.fmul
                0x0000000000000000        0x0 /usr/local/lib/gcc/avr/4.9.2/avr5/libgcc.a(_copy_data.o)
 .text.libgcc.fixed
                0x0000000000000000        0x0 /usr/local/lib/gcc/avr/4.9.2/avr5/libgcc.a(_copy_data.o)
 .text          0x0000000000000000        0x0 /usr/local/lib/gcc/avr/4.9.2/avr5/libgcc.a(_clear_bss.o)
 .data          0x0000000000000000        0x0 /usr/local/lib/gcc/avr/4.9.2/avr5/libgcc.a(_clear_bss.o)
 .bss           0x0000000000000000        0x0 /usr/local/lib/gcc/avr/4.9.2/avr5/libgcc.a(_clear_bss.o)
 .text.libgcc.mul
                0x0000000000000000        0x0 /usr/local/lib/gcc/avr/4.9.2/avr5/libgcc.a(_clear_bss.o)
 .text.libgcc.div
                0x0000000000000000        0x0 /usr/local/lib/gcc/avr/4.9.2/avr5/libgcc.a(_clear_bss.o)
 .text.libgcc   0x0000000000000000        0x0 /usr/local/lib/gcc/avr/4.9.2/avr5/libgcc.a(_clear_bss.o)
 .text.libgcc.prologue
                0x0000000000000000        0x0 /usr/local/lib/gcc/avr/4.9.2/avr5/libgcc.a(_clear_bss.o)
 .text.libgcc.builtins
                0x0000000000000000        0x0 /usr/local/lib/gcc/avr/4.9.2/avr5/libgcc.a(_clear_bss.o)
 .text.libgcc.fmul
                0x0000000000000000        0x0 /usr/local/lib/gcc/avr/4.9.2/avr5/libgcc.a(_clear_bss.o)
 .text.libgcc.fixed
                0x0000000000000000        0x0 /usr/local/lib/gcc/avr/4.9.2/avr5/libgcc.a(_clear_bss.o)
 .text          0x0000000000000000        0x0 /usr/local/lib/gcc/avr/4.9.2/../../../../avr/lib/avr5/libc.a(memcpy_P.o)
 .data          0x0000000000000000        0x0 /usr/local/lib/gcc/avr/4.9.2/../../../../avr/lib/avr5/libc.a(memcpy_P.o)
 .bss           0x0000000000000000        0x0 /usr/local/lib/gcc/avr/4.9.2/../../../../avr/lib/avr5/libc.a(memcpy_P.o)
 .text          0x0000000000000000        0x0 /usr/local/lib/gcc/avr/4.9.2/../../../../avr/lib/avr5/libc.a(strnlen_P.o)
 .data          0x0000000000000000        0x0 /usr/local/lib/gcc/avr/4.9.2/../../../../avr/lib/avr5/libc.a(strnlen_P.o)
 .bss           0x0000000000000000        0x0 /usr/local/lib/gcc/avr/4.9.2/../../../../avr/lib/avr5/libc.a(strnlen_P.o)
 .text          0x0000000000000000        0x0 /usr/local/lib/gcc/avr/4.9.2/../../../../avr/lib/avr5/libc.a(strupr.o)
 .data          0x0000000000000000        0x0 /usr/local/lib/gcc/avr/4.9.2/../../../../avr/lib/avr5/libc.a(strupr.o)
 .bss           0x0000000000000000        0x0 /usr/local/lib/gcc/avr/4.9.2/../../../../avr/lib/avr5/libc.a(strupr.o)
 .text          0x0000000000000000        0x0 /usr/local/lib/gcc/avr/4.9.2/../../../../avr/lib/avr5/libc.a(sprintf.o)
 .data          0x0000000000000000        0x0 /usr/local/lib/gcc/avr/4.9.2/../../../../avr/lib/avr5/libc.a(sprintf.o)
 .bss           0x0000000000000000        0x0 /usr/local/lib/gcc/avr/4.9.2/../../../../avr/lib/avr5/libc.a(sprintf.o)
 .text          0x0000000000000000        0x0 /usr/local/lib/gcc/avr/4.9.2/../../../../avr/lib/avr5/libc.a(vfprintf_std.o)
 .data          0x0000000000000000        0x0 /usr/local/lib/gcc/avr/4.9.2/../../../../avr/lib/avr5/libc.a(vfprintf_std.o)
 .bss           0x0000000000000000        0x0 /usr/local/lib/gcc/avr/4.9.2/../../../../avr/lib/avr5/libc.a(vfprintf_std.o)
 .text          0x0000000000000000        0x0 /usr/local/lib/gcc/avr/4.9.2/../../../../avr/lib/avr5/libc.a(strnlen.o)
 .data          0x0000000000000000        0x0 /usr/local/lib/gcc/avr/4.9.2/../../../../avr/lib/avr5/libc.a(strnlen.o)
 .bss           0x0000000000000000        0x0 /usr/local/lib/gcc/avr/4.9.2/../../../../avr/lib/avr5/libc.a(strnlen.o)
 .text          0x0000000000000000        0x0 /usr/local/lib/gcc/avr/4.9.2/../../../../avr/lib/avr5/libc.a(fputc.o)
 .data          0x0000000000000000        0x0 /usr/local/lib/gcc/avr/4.9.2/../../../../avr/lib/avr5/libc.a(fputc.o)
 .bss           0x0000000000000000        0x0 /usr/local/lib/gcc/avr/4.9.2/../../../../avr/lib/avr5/libc.a(fputc.o)
 .text          0x0000000000000000        0x0 /usr/local/lib/gcc/avr/4.9.2/../../../../avr/lib/avr5/libc.a(ultoa_invert.o)
 .data          0x0000000000000000        0x0 /usr/local/lib/gcc/avr/4.9.2/../../../../avr/lib/avr5/libc.a(ultoa_invert.o)
 .bss           0x0000000000000000        0x0 /usr/local/lib/gcc/avr/4.9.2/../../../../avr/lib/avr5/libc.a(ultoa_invert.o)
 .text          0x0000000000000000        0x0 /usr/local/lib/gcc/avr/4.9.2/avr5/libgcc.a(_prologue.o)
 .data          0x0000000000000000        0x0 /usr/local/lib/gcc/avr/4.9.2/avr5/libgcc.a(_prologue.o)
 .bss           0x0000000000000000        0x0 /usr/local/lib/gcc/avr/4.9.2/avr5/libgcc.a(_prologue.o)
 .text.libgcc.mul
                0x0000000000000000        0x0 /usr/local/lib/gcc/avr/4.9.2/avr5/libgcc.a(_prologue.o)
 .text.libgcc.div
                0x0000000000000000        0x0 /usr/local/lib/gcc/avr/4.9.2/avr5/libgcc.a(_prologue.o)
 .text.libgcc   0x0000000000000000        0x0 /usr/local/lib/gcc/avr/4.9.2/avr5/libgcc.a(_prologue.o)
 .text.libgcc.builtins
                0x0000000000000000        0x0 /usr/local/lib/gcc/avr/4.9.2/avr5/libgcc.a(_prologue.o)
 .text.libgcc.fmul
                0x0000000000000000        0x0 /usr/local/lib/gcc/avr/4.9.2/avr5/libgcc.a(_prologue.o)
 .text.libgcc.fixed
                0x0000000000000000        0x0 /usr/local/lib/gcc/avr/4.9.2/avr5/libgcc.a(_prologue.o)
 .text          0x0000000000000000        0x0 /usr/local/lib/gcc/avr/4.9.2/avr5/libgcc.a(_epilogue.o)
 .data          0x0000000000000000        0x0 /usr/local/lib/gcc/avr/4.9.2/avr5/libgcc.a(_epilogue.o)
 .bss           0x0000000000000000        0x0 /usr/local/lib/gcc/avr/4.9.2/avr5/libgcc.a(_epilogue.o)
 .text.libgcc.mul
                0x0000000000000000        0x0 /usr/local/lib/gcc/avr/4.9.2/avr5/libgcc.a(_epilogue.o)
 .text.libgcc.div
                0x0000000000000000        0x0 /usr/local/lib/gcc/avr/4.9.2/avr5/libgcc.a(_epilogue.o)
 .text.libgcc   0x0000000000000000        0x0 /usr/local/lib/gcc/avr/4.9.2/avr5/libgcc.a(_epilogue.o)
 .text.libgcc.builtins
                0x0000000000000000        0x0 /usr/local/lib/gcc/avr/4.9.2/avr5/libgcc.a(_epilogue.o)
 .text.libgcc.fmul
                0x0000000000000000        0x0 /usr/local/lib/gcc/avr/4.9.2/avr5/libgcc.a(_epilogue.o)
 .text.libgcc.fixed
                0x0000000000000000        0x0 /usr/local/lib/gcc/avr/4.9.2/avr5/libgcc.a(_epilogue.o)

Memory Configuration

Name             Origin             Length             Attributes
text             0x0000000000000000 0x0000000000020000 xr
data             0x0000000000800060 0x000000000000ffa0 rw !x
eeprom           0x0000000000810000 0x0000000000010000 rw !x
fuse             0x0000000000820000 0x0000000000000400 rw !x
lock             0x0000000000830000 0x0000000000000400 rw !x
signature        0x0000000000840000 0x0000000000000400 rw !x
*default*        0x0000000000000000 0xffffffffffffffff

Linker script and memory map

Address of section .data set to 0x800100
LOAD /usr/local/lib/gcc/avr/4.9.2/../../../../avr/lib/avr5/crtm644.o
LOAD uzeboxVideoEngineCore.o
LOAD uzeboxCore.o
LOAD uzeboxSoundEngine.o
LOAD uzeboxSoundEngineCore.o
LOAD uzeboxVideoEngine.o
LOAD TankFu.o
START GROUP
LOAD /usr/local/lib/gcc/avr/4.9.2/avr5/libgcc.a
LOAD /usr/local/lib/gcc/avr/4.9.2/../../../../avr/lib/avr5/libm.a
LOAD /usr/local/lib/gcc/avr/4.9.2/../../../../avr/lib/avr5/libc.a
END GROUP

.hash
 *(.hash)

.dynsym
 *(.dynsym)

.dynstr
 *(.dynstr)

.gnu.version
 *(.gnu.version)

.gnu.version_d
 *(.gnu.version_d)

.gnu.version_r
 *(.gnu.version_r)

.rel.init
 *(.rel.init)

.rela.init
 *(.rela.init)

.rel.text
 *(.rel.text)
 *(.rel.text.*)
 *(.rel.gnu.linkonce.t*)

.rela.text
 *(.rela.text)
 *(.rela.text.*)
 *(.rela.gnu.linkonce.t*)

.rel.fini
 *(.rel.fini)

.rela.fini
 *(.rela.fini)

.rel.rodata
 *(.rel.rodata)
 *(.rel.rodata.*)
 *(.rel.gnu.linkonce.r*)

.rela.rodata
 *(.rela.rodata)
 *(.rela.rodata.*)
 *(.rela.gnu.linkonce.r*)

.rel.data
 *(.rel.data)
 *(.rel.data.*)
 *(.rel.gnu.linkonce.d*)

.rela.data
 *(.rela.data)
 *(.rela.data.*)
 *(.rela.gnu.linkonce.d*)

.rel.ctors
 *(.rel.ctors)

.rela.ctors
 *(.rela.ctors)

.rel.dtors
 *(.rel.dtors)

.rela.dtors
 *(.rela.dtors)

.rel.got
 *(.rel.got)

.rela.got
 *(.rela.got)

.rel.bss
 *(.rel.bss)

.rela.bss
 *(.rela.bss)

.rel.plt
 *(.rel.plt)

.rela.plt
 *(.rela.plt)

.text           0x0000000000000000     0xe708
 *(.vectors)
 .vectors       0x0000000000000000       0x70 /usr/local/lib/gcc/avr/4.9.2/../../../../avr/lib/avr5/crtm644.o
                0x0000000000000000                __vectors
                0x0000000000000000                __vector_default
 *(.vectors)
 *(.progmem.gcc*)
                0x0000000000000070                . = ALIGN (0x2)
                0x0000000000000070                __trampolines_start = .
 *(.trampolines)
 .trampolines   0x0000000000000070        0x0 linker stubs
 *(.trampolines*)
                0x0000000000000070                __trampolines_end = .
 *(.progmem*)
 .progmem.data  0x0000000000000070       0x4e uzeboxCore.o
                0x0000000000000070                io_table
                0x000000000000009e                eeprom_format_table
 .progmem.data  0x00000000000000be       0x1e uzeboxSoundEngine.o
                0x00000000000000be                patchCommands
 .progmem.data  0x00000000000000dc        0xc uzeboxVideoEngine.o
                0x00000000000000dc                fader
 .progmem.data  0x00000000000000e8     0x6a79 TankFu.o
                0x0000000000000289                bauds
                0x0000000000000299                strCredits
                0x00000000000002fe                default_scores
                0x000000000000031c                default_handles
                0x000000000000033a                strLevels
                0x00000000000003ea                strPaused
                0x00000000000003f1                strExit
                0x00000000000003fa                strTotal
                0x0000000000000401                strScore
                0x0000000000000408                strFinalScore
                0x0000000000000414                strBy
                0x0000000000000417                strOwns
                0x000000000000041c                strChangeHandle
                0x000000000000042b                strPlayer2
                0x000000000000042e                strPlayer1
                0x0000000000000431                strVertSep
                0x0000000000000433                strUnderline
                0x000000000000043f                strHandlesTitle
                0x000000000000044b                strHighscores
                0x0000000000000455                strCopyright
                0x000000000000046a                strSelectHandle
                0x0000000000000479                strCancelHandle
                0x0000000000000484                strReset
                0x000000000000049d                strConfirmHandle
                0x00000000000004af                strNetworkError
                0x00000000000004bd                strEnterGameId
                0x00000000000004d0                strConnecting
                0x00000000000004de                strWaitingForNetOppenent
                0x00000000000004f9                strShareGameId
                0x000000000000050c                strJoinNetGame
                0x000000000000051a                strHostNetGame
                0x0000000000000528                str2Player
                0x0000000000000539                str1Player
                0x0000000000000547                my_patches
                0x000000000000058f                ad_alarm
                0x0000000000000627                ad_navigate
                0x0000000000000638                ad_cannonball
                0x000000000000064f                ad_brick_explode
                0x00000000000006c0                ad_tank_explode
                0x0000000000000791                level_data
                0x00000000000027cb                sprites_data
                0x000000000000310b                map_sub_turret
                0x000000000000310e                map_sub_shot
                0x0000000000003111                map_up_arrow
                0x0000000000003114                map_down_arrow
                0x0000000000003117                map_right_arrow
                0x000000000000311a                map_rocket_right_1
                0x000000000000311d                map_rocket_right_0
                0x0000000000003120                map_rocket_up_1
                0x0000000000003123                map_rocket_up_0
                0x0000000000003126                map_ball
                0x0000000000003129                map_explosion_2
                0x000000000000312f                map_explosion_1
                0x0000000000003135                map_explosion_0
                0x000000000000313b                map_tank2_right_0
                0x0000000000003141                map_tank2_up_0
                0x0000000000003147                map_tank1_right_0
                0x000000000000314d                map_tank1_up_0
                0x0000000000003153                map_tank_blank
                0x0000000000003159                map_none
                0x000000000000315c                tiles_data
                0x000000000000681c                map_sub_emerging
                0x0000000000006952                map_sub
                0x0000000000006a88                map_scope_2
                0x0000000000006a8b                map_scope_1
                0x0000000000006a8e                map_scope_0
                0x0000000000006a91                map_blue_tank
                0x0000000000006a97                map_green_tank
                0x0000000000006a9d                map_fence
                0x0000000000006aa0                map_turf
                0x0000000000006aa3                map_water
                0x0000000000006aa6                map_metal_bl
                0x0000000000006aa9                map_metal_tr
                0x0000000000006aac                map_metal_br
                0x0000000000006aaf                map_metal_tl
                0x0000000000006ab2                map_tile_exp_2
                0x0000000000006ab5                map_tile_exp_1
                0x0000000000006ab8                map_tile_exp_0
                0x0000000000006abb                map_rocket_itm
                0x0000000000006abe                map_explode_itm
                0x0000000000006ac1                map_speed_itm
                0x0000000000006ac4                map_metal
                0x0000000000006ac7                map_brick
                0x0000000000006aca                map_splash
                0x0000000000006b20                map_pause
                0x0000000000006b5e                map_tile_none
                0x0000000000006b62                . = ALIGN (0x2)
 *fill*         0x0000000000006b61        0x1 
 *(.jumptables)
 *(.jumptables*)
 *(.lowtext)
 *(.lowtext*)
                0x0000000000006b62                __ctors_start = .
 *(.ctors)
                0x0000000000006b62                __ctors_end = .
                0x0000000000006b62                __dtors_start = .
 *(.dtors)
                0x0000000000006b62                __dtors_end = .
 SORT(*)(.ctors)
 SORT(*)(.dtors)
 *(.init0)
 .init0         0x0000000000006b62        0x0 /usr/local/lib/gcc/avr/4.9.2/../../../../avr/lib/avr5/crtm644.o
                0x0000000000006b62                __init
 *(.init0)
 *(.init1)
 *(.init1)
 *(.init2)
 .init2         0x0000000000006b62        0xc /usr/local/lib/gcc/avr/4.9.2/../../../../avr/lib/avr5/crtm644.o
 *(.init2)
 *(.init3)
 *(.init3)
 *(.init4)
 .init4         0x0000000000006b6e       0x16 /usr/local/lib/gcc/avr/4.9.2/avr5/libgcc.a(_copy_data.o)
                0x0000000000006b6e                __do_copy_data
 .init4         0x0000000000006b84       0x10 /usr/local/lib/gcc/avr/4.9.2/avr5/libgcc.a(_clear_bss.o)
                0x0000000000006b84                __do_clear_bss
 *(.init4)
 *(.init5)
 *(.init5)
 *(.init6)
 *(.init6)
 *(.init7)
 .init7         0x0000000000006b94       0x16 uzeboxCore.o
                0x0000000000006b94                wdt_init
 *(.init7)
 *(.init8)
 .init8         0x0000000000006baa       0x86 uzeboxCore.o
                0x0000000000006baa                Initialize
 *(.init8)
 *(.init9)
 .init9         0x0000000000006c30        0x8 /usr/local/lib/gcc/avr/4.9.2/../../../../avr/lib/avr5/crtm644.o
 *(.init9)
 *(.text)
 .text          0x0000000000006c38        0x4 /usr/local/lib/gcc/avr/4.9.2/../../../../avr/lib/avr5/crtm644.o
                0x0000000000006c38                __vector_20
                0x0000000000006c38                __vector_1
                0x0000000000006c38                __vector_24
                0x0000000000006c38                __vector_12
                0x0000000000006c38                __bad_interrupt
                0x0000000000006c38                __vector_6
                0x0000000000006c38                __vector_3
                0x0000000000006c38                __vector_23
                0x0000000000006c38                __vector_25
                0x0000000000006c38                __vector_11
                0x0000000000006c38                __vector_17
                0x0000000000006c38                __vector_19
                0x0000000000006c38                __vector_7
                0x0000000000006c38                __vector_27
                0x0000000000006c38                __vector_5
                0x0000000000006c38                __vector_4
                0x0000000000006c38                __vector_9
                0x0000000000006c38                __vector_2
                0x0000000000006c38                __vector_21
                0x0000000000006c38                __vector_15
                0x0000000000006c38                __vector_26
                0x0000000000006c38                __vector_10
                0x0000000000006c38                __vector_16
                0x0000000000006c38                __vector_18
                0x0000000000006c38                __vector_22
 .text          0x0000000000006c3c      0x6b0 uzeboxVideoEngineCore.o
                0x0000000000006de8                CopyFlashTile
                0x0000000000006f06                CopyRamTile
                0x0000000000007020                RestoreBackground
                0x0000000000007046                BlitSpritePart
                0x0000000000007114                __vector_13
                0x0000000000007192                __vector_14
 .text          0x00000000000072ec      0x18a uzeboxSoundEngineCore.o
                0x00000000000072ec                process_music
                0x00000000000072f8                update_sound
                0x0000000000007476                . = ALIGN (0x2)
 *(.text.*)
 .text.SetSpritesTileTable
                0x0000000000007476        0xa uzeboxVideoEngineCore.o
                0x0000000000007476                SetSpritesTileTable
 .text.ClearVram
                0x0000000000007480       0x14 uzeboxVideoEngineCore.o
                0x0000000000007480                ClearVram
 .text.SetFont  0x0000000000007494        0x8 uzeboxVideoEngineCore.o
                0x0000000000007494                SetFont
 .text.SetTile  0x000000000000749c       0x1c uzeboxVideoEngineCore.o
                0x000000000000749c                SetTile
 .text.SetFontTilesIndex
                0x00000000000074b8        0x6 uzeboxVideoEngineCore.o
                0x00000000000074b8                SetFontTilesIndex
 .text.SetTileTable
                0x00000000000074be        0xa uzeboxVideoEngineCore.o
                0x00000000000074be                SetTileTable
 .text.GetVsyncFlag
                0x00000000000074c8        0x8 uzeboxVideoEngineCore.o
                0x00000000000074c8                GetVsyncFlag
 .text.ClearVsyncFlag
                0x00000000000074d0        0xc uzeboxVideoEngineCore.o
                0x00000000000074d0                ClearVsyncFlag
 .text.GetVsyncCounter
                0x00000000000074dc        0xa uzeboxVideoEngineCore.o
                0x00000000000074dc                GetVsyncCounter
 .text.ClearVsyncCounter
                0x00000000000074e6        0xa uzeboxVideoEngineCore.o
                0x00000000000074e6                ClearVsyncCounter
 .text.ReadJoypad
                0x00000000000074f0       0x18 uzeboxVideoEngineCore.o
                0x00000000000074f0                ReadJoypad
 .text.WaitUs   0x0000000000007508        0xe uzeboxVideoEngineCore.o
                0x0000000000007508                WaitUs
 .text.WriteEeprom
                0x0000000000007516       0x14 uzeboxVideoEngineCore.o
                0x0000000000007516                WriteEeprom
 .text.ReadEeprom
                0x000000000000752a       0x12 uzeboxVideoEngineCore.o
                0x000000000000752a                ReadEeprom
 .text.wdt_randomize
                0x000000000000753c       0x50 uzeboxVideoEngineCore.o
                0x000000000000753c                wdt_randomize
 .text.GetTrueRandomSeed
                0x000000000000758c        0xa uzeboxVideoEngineCore.o
                0x000000000000758c                GetTrueRandomSeed
 .text.__vector_8
                0x0000000000007596       0x44 uzeboxVideoEngineCore.o
                0x0000000000007596                __vector_8
 .text.SoftReset
                0x00000000000075da       0x16 uzeboxCore.o
                0x00000000000075da                SoftReset
 .text.ReadButtons
                0x00000000000075f0       0x6c uzeboxCore.o
                0x00000000000075f0                ReadButtons
 .text.ReadControllers
                0x000000000000765c       0x20 uzeboxCore.o
                0x000000000000765c                ReadControllers
 .text.FormatEeprom
                0x000000000000767c       0x44 uzeboxCore.o
                0x000000000000767c                FormatEeprom
 .text.isEepromFormatted
                0x00000000000076c0       0x2e uzeboxCore.o
                0x00000000000076c0                isEepromFormatted
 .text.EepromBlockExists
                0x00000000000076ee       0xa4 uzeboxCore.o
                0x00000000000076ee                EepromBlockExists
 .text.EepromWriteBlock
                0x0000000000007792       0x94 uzeboxCore.o
                0x0000000000007792                EepromWriteBlock
 .text.EepromReadBlock
                0x0000000000007826       0x66 uzeboxCore.o
                0x0000000000007826                EepromReadBlock
 .text.UartUnreadCount
                0x000000000000788c        0xc uzeboxCore.o
                0x000000000000788c                UartUnreadCount
 .text.UartReadChar
                0x0000000000007898       0x2e uzeboxCore.o
                0x0000000000007898                UartReadChar
 .text.InitUartRxBuffer
                0x00000000000078c6        0xa uzeboxCore.o
                0x00000000000078c6                InitUartRxBuffer
 .text.UartSendChar
                0x00000000000078d0       0x28 uzeboxCore.o
                0x00000000000078d0                UartSendChar
 .text.InitUartTxBuffer
                0x00000000000078f8        0xa uzeboxCore.o
                0x00000000000078f8                InitUartTxBuffer
 .text.GetPrngNumber
                0x0000000000007902       0x5c uzeboxCore.o
                0x0000000000007902                GetPrngNumber
 .text.PatchCommand00
                0x000000000000795e        0x6 uzeboxSoundEngine.o
                0x000000000000795e                PatchCommand00
 .text.PatchCommand01
                0x0000000000007964       0x10 uzeboxSoundEngine.o
                0x0000000000007964                PatchCommand01
 .text.PatchCommand05
                0x0000000000007974        0xa uzeboxSoundEngine.o
                0x0000000000007974                PatchCommand05
 .text.PatchCommand06
                0x000000000000797e        0xa uzeboxSoundEngine.o
                0x000000000000797e                PatchCommand06
 .text.PatchCommand07
                0x0000000000007988        0x6 uzeboxSoundEngine.o
                0x0000000000007988                PatchCommand07
 .text.PatchCommand09
                0x000000000000798e        0x6 uzeboxSoundEngine.o
                0x000000000000798e                PatchCommand09
 .text.PatchCommand10
                0x0000000000007994        0x6 uzeboxSoundEngine.o
                0x0000000000007994                PatchCommand10
 .text.PatchCommand11
                0x000000000000799a       0x76 uzeboxSoundEngine.o
                0x000000000000799a                PatchCommand11
 .text.PatchCommand12
                0x0000000000007a10        0x6 uzeboxSoundEngine.o
                0x0000000000007a10                PatchCommand12
 .text.PatchCommand13
                0x0000000000007a16        0x6 uzeboxSoundEngine.o
                0x0000000000007a16                PatchCommand13
 .text.PatchCommand02
                0x0000000000007a1c        0x8 uzeboxSoundEngine.o
                0x0000000000007a1c                PatchCommand02
 .text.PatchCommand03
                0x0000000000007a24        0xe uzeboxSoundEngine.o
                0x0000000000007a24                PatchCommand03
 .text.PatchCommand04
                0x0000000000007a32       0x10 uzeboxSoundEngine.o
                0x0000000000007a32                PatchCommand04
 .text.PatchCommand08
                0x0000000000007a42       0x20 uzeboxSoundEngine.o
                0x0000000000007a42                PatchCommand08
 .text.PatchCommand14
                0x0000000000007a62       0x54 uzeboxSoundEngine.o
                0x0000000000007a62                PatchCommand14
 .text.InitMusicPlayer
                0x0000000000007ab6       0x44 uzeboxSoundEngine.o
                0x0000000000007ab6                InitMusicPlayer
 .text.ReadVarLen
                0x0000000000007afa       0x4c uzeboxSoundEngine.o
                0x0000000000007afa                ReadVarLen
 .text.TriggerCommon
                0x0000000000007b46       0xbe uzeboxSoundEngine.o
                0x0000000000007b46                TriggerCommon
 .text.TriggerFx
                0x0000000000007c04       0x90 uzeboxSoundEngine.o
                0x0000000000007c04                TriggerFx
 .text.TriggerNote
                0x0000000000007c94       0x80 uzeboxSoundEngine.o
                0x0000000000007c94                TriggerNote
 .text.ProcessMusic
                0x0000000000007d14      0x43e uzeboxSoundEngine.o
                0x0000000000007d14                ProcessMusic
 .text.SetMasterVolume
                0x0000000000008152        0x6 uzeboxSoundEngine.o
                0x0000000000008152                SetMasterVolume
 .text.SetMixerNote
                0x0000000000008158       0x2e uzeboxSoundEngineCore.o
                0x0000000000008158                SetMixerNote
 .text.SetMixerWave
                0x0000000000008186       0x3a uzeboxSoundEngineCore.o
                0x0000000000008186                SetMixerWave
 *fill*         0x00000000000081c0       0x40 
 .text.DisableSoundEngine
                0x0000000000008200      0xc00 uzeboxSoundEngineCore.o
                0x0000000000008200                DisableSoundEngine
                0x0000000000008208                steptable
                0x0000000000008400                waves
 .text.ProcessSprites
                0x0000000000008e00      0x200 uzeboxVideoEngine.o
                0x0000000000008e00                ProcessSprites
 .text.MapSprite2
                0x0000000000009000       0xa4 uzeboxVideoEngine.o
                0x0000000000009000                MapSprite2
 .text.MoveSprite
                0x00000000000090a4       0x4a uzeboxVideoEngine.o
                0x00000000000090a4                MoveSprite
 .text.DisplayLogo
                0x00000000000090ee        0x2 uzeboxVideoEngine.o
                0x00000000000090ee                DisplayLogo
 .text.InitializeVideoMode
                0x00000000000090f0       0x1c uzeboxVideoEngine.o
                0x00000000000090f0                InitializeVideoMode
 .text.DrawMap  0x000000000000910c       0x9a uzeboxVideoEngine.o
                0x000000000000910c                DrawMap2
                0x000000000000910c                DrawMap
 .text.PrintByte
                0x00000000000091a6       0x66 uzeboxVideoEngine.o
                0x00000000000091a6                PrintByte
 .text.Print    0x000000000000920c       0x36 uzeboxVideoEngine.o
                0x000000000000920c                Print
 .text.PrintChar
                0x0000000000009242        0x6 uzeboxVideoEngine.o
                0x0000000000009242                PrintChar
 .text.WaitVsync
                0x0000000000009248       0x2e uzeboxVideoEngine.o
                0x0000000000009248                WaitVsync
 .text.doFade   0x0000000000009276       0x1c uzeboxVideoEngine.o
                0x0000000000009276                doFade
 .text.FadeIn   0x0000000000009292       0x18 uzeboxVideoEngine.o
                0x0000000000009292                FadeIn
 .text.FadeOut  0x00000000000092aa       0x18 uzeboxVideoEngine.o
                0x00000000000092aa                FadeOut
 .text.ProcessFading
                0x00000000000092c2       0x4a uzeboxVideoEngine.o
                0x00000000000092c2                ProcessFading
 .text.VideoModeVsync
                0x000000000000930c        0x8 uzeboxVideoEngine.o
                0x000000000000930c                VideoModeVsync
 .text.LBPlaySound.part.2
                0x0000000000009314        0x8 TankFu.o
 .text.LBGetNextFrame
                0x000000000000931c       0x4a TankFu.o
                0x000000000000931c                LBGetNextFrame
 .text.LBGetNextFrameReverse
                0x0000000000009366       0x58 TankFu.o
                0x0000000000009366                LBGetNextFrameReverse
 .text.LBGetJoyPadState
                0x00000000000093be       0x96 TankFu.o
                0x00000000000093be                LBGetJoyPadState
 .text.LBPrintStr
                0x0000000000009454       0x62 TankFu.o
                0x0000000000009454                LBPrintStr
 .text.LBCollides
                0x00000000000094b6       0x50 TankFu.o
                0x00000000000094b6                LBCollides
 .text.LBRandom
                0x0000000000009506       0x36 TankFu.o
                0x0000000000009506                LBRandom
 .text.LBWaitSeconds
                0x000000000000953c       0x1e TankFu.o
                0x000000000000953c                LBWaitSeconds
 .text.LBHideAllSprites
                0x000000000000955a       0x14 TankFu.o
                0x000000000000955a                LBHideAllSprites
 .text.LBPlaySound
                0x000000000000956e       0x1a TankFu.o
                0x000000000000956e                LBPlaySound
 .text.wifiSendP
                0x0000000000009588       0x40 TankFu.o
                0x0000000000009588                wifiSendP
 .text.wifiSend
                0x00000000000095c8       0x38 TankFu.o
                0x00000000000095c8                wifiSend
 .text.wifiSendBinary
                0x0000000000009600       0x44 TankFu.o
                0x0000000000009600                wifiSendBinary
 .text.wifiGetIfAvailable
                0x0000000000009644       0x56 TankFu.o
                0x0000000000009644                wifiGetIfAvailable
 .text.wifiGetPB
                0x000000000000969a       0x6a TankFu.o
                0x000000000000969a                wifiGetPB
 .text.wifiGetPBT
                0x0000000000009704       0x74 TankFu.o
                0x0000000000009704                wifiGetPBT
 .text.wifiRequestP
                0x0000000000009778       0x24 TankFu.o
                0x0000000000009778                wifiRequestP
 .text.wifiRequest
                0x000000000000979c       0x24 TankFu.o
                0x000000000000979c                wifiRequest
 .text.wifiRequestPT
                0x00000000000097c0       0x3e TankFu.o
                0x00000000000097c0                wifiRequestPT
 .text.cleanupWifi
                0x00000000000097fe       0x3c TankFu.o
                0x00000000000097fe                cleanupWifi
 .text.wifiHWReset
                0x000000000000983a       0x10 TankFu.o
                0x000000000000983a                wifiHWReset
 .text.initWifi
                0x000000000000984a       0x90 TankFu.o
                0x000000000000984a                initWifi
 .text.sendNetMessage
                0x00000000000098da        0x6 TankFu.o
                0x00000000000098da                sendNetMessage
 .text.getNetMessage
                0x00000000000098e0        0x6 TankFu.o
                0x00000000000098e0                getNetMessage
 .text.hostNetGame
                0x00000000000098e6      0x10a TankFu.o
                0x00000000000098e6                hostNetGame
 .text.joinNetGame
                0x00000000000099f0       0xbc TankFu.o
                0x00000000000099f0                joinNetGame
 .text.init_scores
                0x0000000000009aac       0x18 TankFu.o
                0x0000000000009aac                init_scores
 .text.init_handles
                0x0000000000009ac4       0x18 TankFu.o
                0x0000000000009ac4                init_handles
 .text.init_tile_animations
                0x0000000000009adc       0x4e TankFu.o
                0x0000000000009adc                init_tile_animations
 .text.init_scope_animation
                0x0000000000009b2a       0x30 TankFu.o
                0x0000000000009b2a                init_scope_animation
 .text.init_sub_animation
                0x0000000000009b5a       0x28 TankFu.o
                0x0000000000009b5a                init_sub_animation
 .text.init_shot_state
                0x0000000000009b82       0x34 TankFu.o
                0x0000000000009b82                init_shot_state
 .text.set_shot_animations
                0x0000000000009bb6       0x64 TankFu.o
                0x0000000000009bb6                set_shot_animations
 .text.init_turret
                0x0000000000009c1a       0x54 TankFu.o
                0x0000000000009c1a                init_turret
 .text.init_player
                0x0000000000009c6e       0xee TankFu.o
                0x0000000000009c6e                init_player
 .text.player_init_shot_state
                0x0000000000009d5c        0xe TankFu.o
                0x0000000000009d5c                player_init_shot_state
 .text.init_game_state
                0x0000000000009d6a       0x4e TankFu.o
                0x0000000000009d6a                init_game_state
 .text.player_spawn
                0x0000000000009db8       0x48 TankFu.o
                0x0000000000009db8                player_spawn
 .text.waitForVSync
                0x0000000000009e00        0x8 TankFu.o
                0x0000000000009e00                waitForVSync
 .text.load_eeprom
                0x0000000000009e08       0x24 TankFu.o
                0x0000000000009e08                load_eeprom
 .text.fade_through
                0x0000000000009e2c       0x14 TankFu.o
                0x0000000000009e2c                fade_through
 .text.clear_sprites
                0x0000000000009e40       0x1a TankFu.o
                0x0000000000009e40                clear_sprites
 .text.save_score
                0x0000000000009e5a      0x104 TankFu.o
                0x0000000000009e5a                save_score
 .text.position_shot
                0x0000000000009f5e       0x8a TankFu.o
                0x0000000000009f5e                position_shot
 .text.print_level_score
                0x0000000000009fe8       0x8c TankFu.o
                0x0000000000009fe8                print_level_score
 .text.print_final_score
                0x000000000000a074       0xbc TankFu.o
                0x000000000000a074                print_final_score
 .text.shoot_pressed
                0x000000000000a130       0x14 TankFu.o
                0x000000000000a130                shoot_pressed
 .text.get_delta
                0x000000000000a144       0x24 TankFu.o
                0x000000000000a144                get_delta
 .text.render_hud
                0x000000000000a168       0x3a TankFu.o
                0x000000000000a168                render_hud
 .text.render_score
                0x000000000000a1a2       0x40 TankFu.o
                0x000000000000a1a2                render_score
 .text.render_player
                0x000000000000a1e2       0x40 TankFu.o
                0x000000000000a1e2                render_player
 .text.render_shot
                0x000000000000a222       0x3c TankFu.o
                0x000000000000a222                render_shot
 .text.render_tile_explosions
                0x000000000000a25e       0x6a TankFu.o
                0x000000000000a25e                render_tile_explosions
 .text.render_scope
                0x000000000000a2c8       0x34 TankFu.o
                0x000000000000a2c8                render_scope
 .text.tank_map
                0x000000000000a2fc       0xd8 TankFu.o
                0x000000000000a2fc                tank_map
 .text.shot_map
                0x000000000000a3d4       0x54 TankFu.o
                0x000000000000a3d4                shot_map
 .text.recoil_sprite
                0x000000000000a428       0x9c TankFu.o
                0x000000000000a428                recoil_sprite
 .text.recoil_sprite_fine
                0x000000000000a4c4       0x58 TankFu.o
                0x000000000000a4c4                recoil_sprite_fine
 .text.solid_square_tile
                0x000000000000a51c       0x24 TankFu.o
                0x000000000000a51c                solid_square_tile
 .text.solid_directional_tile
                0x000000000000a540       0x2c TankFu.o
                0x000000000000a540                solid_directional_tile
 .text.solid_tile
                0x000000000000a56c       0x28 TankFu.o
                0x000000000000a56c                solid_tile
 .text.collides_directional_tile
                0x000000000000a594      0x392 TankFu.o
                0x000000000000a594                collides_directional_tile
 .text.player_shot
                0x000000000000a926       0x96 TankFu.o
                0x000000000000a926                player_shot
 .text.turret_shot
                0x000000000000a9bc       0x7a TankFu.o
                0x000000000000a9bc                turret_shot
 .text.collision_detect_boundries
                0x000000000000aa36       0x34 TankFu.o
                0x000000000000aa36                collision_detect_boundries
 .text.drop_item
                0x000000000000aa6a       0x68 TankFu.o
                0x000000000000aa6a                drop_item
 .text.kill_player
                0x000000000000aad2       0xb8 TankFu.o
                0x000000000000aad2                kill_player
 .text.get_interesting_tile_indexes_shot
                0x000000000000ab8a       0x44 TankFu.o
                0x000000000000ab8a                get_interesting_tile_indexes_shot
 .text.explode_tile
                0x000000000000abce       0x7c TankFu.o
                0x000000000000abce                explode_tile
 .text.richochet
                0x000000000000ac4a       0x42 TankFu.o
                0x000000000000ac4a                richochet
 .text.get_interesting_tile_indexes
                0x000000000000ac8c       0x60 TankFu.o
                0x000000000000ac8c                get_interesting_tile_indexes
 .text.explode_player
                0x000000000000acec       0x48 TankFu.o
                0x000000000000acec                explode_player
 .text.slide    0x000000000000ad34       0xd0 TankFu.o
                0x000000000000ad34                slide
 .text.load_level_tiles
                0x000000000000ae04       0xe6 TankFu.o
                0x000000000000ae04                load_level_tiles
 .text.prep_player
                0x000000000000aeea       0x34 TankFu.o
                0x000000000000aeea                prep_player
 .text.load_level
                0x000000000000af1e      0x166 TankFu.o
                0x000000000000af1e                load_level
 .text.level_transition
                0x000000000000b084       0x60 TankFu.o
                0x000000000000b084                level_transition
 .text.render_boss_fight_scope_load
                0x000000000000b0e4       0x26 TankFu.o
                0x000000000000b0e4                render_boss_fight_scope_load
 .text.render_boss_fight_sub_load
                0x000000000000b10a       0x42 TankFu.o
                0x000000000000b10a                render_boss_fight_sub_load
 .text.render_boss_fight_sub_sinking
                0x000000000000b14c       0x2a TankFu.o
                0x000000000000b14c                render_boss_fight_sub_sinking
 .text.render_boss_turret
                0x000000000000b176       0x32 TankFu.o
                0x000000000000b176                render_boss_turret
 .text.render_boss_turret_shot
                0x000000000000b1a8       0x32 TankFu.o
                0x000000000000b1a8                render_boss_turret_shot
 .text.update_turret
                0x000000000000b1da       0x9c TankFu.o
                0x000000000000b1da                update_turret
 .text.load_splash
                0x000000000000b276       0x98 TankFu.o
                0x000000000000b276                load_splash
 .text.select_pressed
                0x000000000000b30e       0x14 TankFu.o
                0x000000000000b30e                select_pressed
 .text.load_tank_rank
                0x000000000000b322      0x136 TankFu.o
                0x000000000000b322                load_tank_rank
 .text.exit_game
                0x000000000000b458       0x10 TankFu.o
                0x000000000000b458                exit_game
 .text.resolve_scoring
                0x000000000000b468      0x18a TankFu.o
                0x000000000000b468                resolve_scoring
 .text.update_tank_rank
                0x000000000000b5f2       0xc4 TankFu.o
                0x000000000000b5f2                update_tank_rank
 .text._handle_select_render_helper
                0x000000000000b6b6      0x17a TankFu.o
                0x000000000000b6b6                _handle_select_render_helper
 .text.load_handle_select
                0x000000000000b830      0x122 TankFu.o
                0x000000000000b830                load_handle_select
 .text.load_host_net_game
                0x000000000000b952       0x7e TankFu.o
                0x000000000000b952                load_host_net_game
 .text.update_host_net_game
                0x000000000000b9d0       0x58 TankFu.o
                0x000000000000b9d0                update_host_net_game
 .text.load_join_net_game
                0x000000000000ba28       0x68 TankFu.o
                0x000000000000ba28                load_join_net_game
 .text.update_splash
                0x000000000000ba90      0x268 TankFu.o
                0x000000000000ba90                update_splash
 .text.update_join_net_game
                0x000000000000bcf8      0x1b4 TankFu.o
                0x000000000000bcf8                update_join_net_game
 .text.button_map
                0x000000000000beac       0x2c TankFu.o
                0x000000000000beac                button_map
 .text.crash_and_turn
                0x000000000000bed8      0x200 TankFu.o
                0x000000000000bed8                crash_and_turn
 .text.get_cpu_goal_direction
                0x000000000000c0d8       0x66 TankFu.o
                0x000000000000c0d8                get_cpu_goal_direction
 .text.get_cpu_joypad_state
                0x000000000000c13e      0x468 TankFu.o
                0x000000000000c13e                get_cpu_joypad_state
 .text.stream_text_middle
                0x000000000000c5a6       0x80 TankFu.o
                0x000000000000c5a6                stream_text_middle
 .text.load_credits
                0x000000000000c626       0x24 TankFu.o
                0x000000000000c626                load_credits
 .text.send_net_message
                0x000000000000c64a       0x2a TankFu.o
                0x000000000000c64a                send_net_message
 .text.send_smart_net_message
                0x000000000000c674       0x26 TankFu.o
                0x000000000000c674                send_smart_net_message
 .text.get_net_message
                0x000000000000c69a      0x32a TankFu.o
                0x000000000000c69a                get_net_message
 .text.is_net_player
                0x000000000000c9c4       0x24 TankFu.o
                0x000000000000c9c4                is_net_player
 .text.collision_detect_shot
                0x000000000000c9e8      0x496 TankFu.o
                0x000000000000c9e8                collision_detect_shot
 .text.update_player
                0x000000000000ce7e      0x2b4 TankFu.o
                0x000000000000ce7e                update_player
 .text.collision_detect_player
                0x000000000000d132      0x3ca TankFu.o
                0x000000000000d132                collision_detect_player
 .text.update_turret_shot
                0x000000000000d4fc       0xd2 TankFu.o
                0x000000000000d4fc                update_turret_shot
 .text.update_level
                0x000000000000d5ce      0x468 TankFu.o
                0x000000000000d5ce                update_level
 .text._handle_select_helper
                0x000000000000da36      0x3ca TankFu.o
                0x000000000000da36                _handle_select_helper
 .text.update_handle_select
                0x000000000000de00       0xbc TankFu.o
                0x000000000000de00                update_handle_select
 .text.player_posture_changed
                0x000000000000debc       0x22 TankFu.o
                0x000000000000debc                player_posture_changed
 .text.startup.main
                0x000000000000dede      0x1e8 TankFu.o
                0x000000000000dede                main
 .text.libgcc.div
                0x000000000000e0c6       0x18 /usr/local/lib/gcc/avr/4.9.2/avr5/libgcc.a(_udivmodqi4.o)
                0x000000000000e0c6                __udivmodqi4
 .text.libgcc.div
                0x000000000000e0de       0x28 /usr/local/lib/gcc/avr/4.9.2/avr5/libgcc.a(_udivmodhi4.o)
                0x000000000000e0de                __udivmodhi4
 .text.libgcc.div
                0x000000000000e106       0x28 /usr/local/lib/gcc/avr/4.9.2/avr5/libgcc.a(_divmodhi4.o)
                0x000000000000e106                __divmodhi4
                0x000000000000e106                _div
 .text.avr-libc
                0x000000000000e12e       0x12 /usr/local/lib/gcc/avr/4.9.2/../../../../avr/lib/avr5/libc.a(memcpy_P.o)
                0x000000000000e12e                memcpy_P
 .text.avr-libc
                0x000000000000e140       0x16 /usr/local/lib/gcc/avr/4.9.2/../../../../avr/lib/avr5/libc.a(strnlen_P.o)
                0x000000000000e140                strnlen_P
 .text.avr-libc
                0x000000000000e156       0x14 /usr/local/lib/gcc/avr/4.9.2/../../../../avr/lib/avr5/libc.a(strupr.o)
                0x000000000000e156                strupr
 .text.avr-libc
                0x000000000000e16a       0x46 /usr/local/lib/gcc/avr/4.9.2/../../../../avr/lib/avr5/libc.a(sprintf.o)
                0x000000000000e16a                sprintf
 .text.avr-libc
                0x000000000000e1b0      0x3a4 /usr/local/lib/gcc/avr/4.9.2/../../../../avr/lib/avr5/libc.a(vfprintf_std.o)
                0x000000000000e1b0                vfprintf
 .text.avr-libc
                0x000000000000e554       0x16 /usr/local/lib/gcc/avr/4.9.2/../../../../avr/lib/avr5/libc.a(strnlen.o)
                0x000000000000e554                strnlen
 .text.avr-libc
                0x000000000000e56a       0x70 /usr/local/lib/gcc/avr/4.9.2/../../../../avr/lib/avr5/libc.a(fputc.o)
                0x000000000000e56a                fputc
 .text.avr-libc
                0x000000000000e5da       0xbc /usr/local/lib/gcc/avr/4.9.2/../../../../avr/lib/avr5/libc.a(ultoa_invert.o)
                0x000000000000e5da                __ultoa_invert
 .text.libgcc.prologue
                0x000000000000e696       0x38 /usr/local/lib/gcc/avr/4.9.2/avr5/libgcc.a(_prologue.o)
                0x000000000000e696                __prologue_saves__
 .text.libgcc.prologue
                0x000000000000e6ce       0x36 /usr/local/lib/gcc/avr/4.9.2/avr5/libgcc.a(_epilogue.o)
                0x000000000000e6ce                __epilogue_restores__
                0x000000000000e704                . = ALIGN (0x2)
 *(.fini9)
 .fini9         0x000000000000e704        0x0 /usr/local/lib/gcc/avr/4.9.2/avr5/libgcc.a(_exit.o)
                0x000000000000e704                exit
                0x000000000000e704                _exit
 *(.fini9)
 *(.fini8)
 *(.fini8)
 *(.fini7)
 *(.fini7)
 *(.fini6)
 *(.fini6)
 *(.fini5)
 *(.fini5)
 *(.fini4)
 *(.fini4)
 *(.fini3)
 *(.fini3)
 *(.fini2)
 *(.fini2)
 *(.fini1)
 *(.fini1)
 *(.fini0)
 .fini0         0x000000000000e704        0x4 /usr/local/lib/gcc/avr/4.9.2/avr5/libgcc.a(_exit.o)
 *(.fini0)
                0x000000000000e708                _etext = .

.data           0x0000000000800100       0x54 load address 0x000000000000e708
                0x0000000000800100                PROVIDE (__data_start, .)
 *(.data)
 .data          0x0000000000800100        0x1 uzeboxVideoEngine.o
 .data          0x0000000000800101        0xc TankFu.o
                0x0000000000800101                gameIdIndex
                0x0000000000800102                gameId
                0x000000000080010b                global_frame_counter
 *(.data*)
 *(.rodata)
 *(.rodata*)
 .rodata.str1.1
                0x000000000080010d       0x46 TankFu.o
 *(.gnu.linkonce.d*)
                0x0000000000800154                . = ALIGN (0x2)
 *fill*         0x0000000000800153        0x1 
                0x0000000000800154                _edata = .
                0x0000000000800154                PROVIDE (__data_end, .)

.bss            0x0000000000800154      0xecb
                0x0000000000800154                PROVIDE (__bss_start, .)
 *(.bss)
 *fill*         0x0000000000800154        0xc 
 .bss           0x0000000000800160      0x8e0 uzeboxVideoEngineCore.o
                0x0000000000800160                vram
                0x00000000008004a8                sprites
                0x00000000008004a8                overlay_vram
                0x00000000008004d0                ram_tiles
                0x00000000008009d0                ram_tiles_restore
                0x0000000000800a0c                free_tile_index
                0x0000000000800a0d                user_ram_tiles_c
                0x0000000000800a0e                user_ram_tiles_c_tmp
                0x0000000000800a0f                sprites_tile_banks
                0x0000000000800a1a                Screen
                0x0000000000800a1e                sync_phase
                0x0000000000800a1f                sync_pulse
                0x0000000000800a20                sync_flags
                0x0000000000800a25                first_render_line
                0x0000000000800a26                render_lines_count
                0x0000000000800a27                joypad1_status_lo
                0x0000000000800a29                joypad1_status_hi
                0x0000000000800a2b                joypad2_status_lo
                0x0000000000800a2d                joypad2_status_hi
 .bss           0x0000000000800a40        0x2 uzeboxCore.o
 .bss           0x0000000000800a42        0x1 uzeboxSoundEngine.o
                0x0000000000800a42                playSong
 .bss           0x0000000000800a43       0x19 uzeboxSoundEngineCore.o
                0x0000000000800a43                sound_enabled
                0x0000000000800a44                mixer
                0x0000000000800a57                tr4_params
                0x0000000000800a58                tr4_barrel_lo
                0x0000000000800a59                tr4_barrel_hi
 .bss           0x0000000000800a5c        0x4 TankFu.o
                0x0000000000800a5c                p_prev
 *(.bss*)
 *(COMMON)
 COMMON         0x0000000000800a60       0x65 uzeboxCore.o
                0x0000000000800a60                uart_tx_buf
                0x0000000000800a80                joypadsConnectionStatus
                0x0000000000800a81                uart_rx_head
                0x0000000000800a82                uart_tx_head
                0x0000000000800a83                uart_rx_tail
                0x0000000000800a84                uart_rx_buf
                0x0000000000800ac4                uart_tx_tail
 COMMON         0x0000000000800ac5       0x6c uzeboxSoundEngine.o
                0x0000000000800ac5                songStart
                0x0000000000800ac7                tracks
                0x0000000000800b23                currDeltaTime
                0x0000000000800b25                patchPointers
                0x0000000000800b27                lastStatus
                0x0000000000800b28                masterVolume
                0x0000000000800b29                nextDeltaTime
                0x0000000000800b2b                songSpeed
                0x0000000000800b2c                songPos
                0x0000000000800b2e                loopStart
                0x0000000000800b30                step
 COMMON         0x0000000000800b31        0x5 uzeboxVideoEngine.o
                0x0000000000800b31                fadeSpeed
                0x0000000000800b32                fadeDir
                0x0000000000800b33                fadeActive
                0x0000000000800b34                currFadeFrame
                0x0000000000800b35                fadeStep
 COMMON         0x0000000000800b36      0x4e9 TankFu.o
                0x0000000000800b36                scores
                0x0000000000800b56                handles
                0x0000000000800b76                game
                0x0000000000800b8a                tile_animations
                0x0000000000800ba7                wifi_status
                0x0000000000800ba8                player1
                0x0000000000800c2f                level
                0x0000000000800f1e                player2
                0x0000000000800fa5                sub_animation
                0x0000000000800fb3                scope_animation
                0x0000000000800fc1                turret2
                0x0000000000800ff0                turret1
                0x000000000080101f                PROVIDE (__bss_end, .)
                0x000000000000e708                __data_load_start = LOADADDR (.data)
                0x000000000000e75c                __data_load_end = (__data_load_start + SIZEOF (.data))

.noinit         0x000000000080101f        0x0
                0x000000000080101f                PROVIDE (__noinit_start, .)
 *(.noinit*)
                0x000000000080101f                PROVIDE (__noinit_end, .)
                0x000000000080101f                _end = .
                0x000000000080101f                PROVIDE (__heap_start, .)

.eeprom         0x0000000000810000        0x0
 *(.eeprom*)
                0x0000000000810000                __eeprom_end = .

.fuse
 *(.fuse)
 *(.lfuse)
 *(.hfuse)
 *(.efuse)

.lock
 *(.lock*)

.signature
 *(.signature*)

.stab           0x0000000000000000      0x8c4
 *(.stab)
 .stab          0x0000000000000000       0xf0 /usr/local/lib/gcc/avr/4.9.2/avr5/libgcc.a(_udivmodqi4.o)
 .stab          0x00000000000000f0      0x15c /usr/local/lib/gcc/avr/4.9.2/avr5/libgcc.a(_udivmodhi4.o)
                                        0x168 (size before relaxing)
 .stab          0x000000000000024c      0x138 /usr/local/lib/gcc/avr/4.9.2/avr5/libgcc.a(_divmodhi4.o)
                                        0x144 (size before relaxing)
 .stab          0x0000000000000384       0x6c /usr/local/lib/gcc/avr/4.9.2/avr5/libgcc.a(_exit.o)
                                         0x78 (size before relaxing)
 .stab          0x00000000000003f0       0xd8 /usr/local/lib/gcc/avr/4.9.2/avr5/libgcc.a(_copy_data.o)
                                         0xe4 (size before relaxing)
 .stab          0x00000000000004c8       0xb4 /usr/local/lib/gcc/avr/4.9.2/avr5/libgcc.a(_clear_bss.o)
                                         0xc0 (size before relaxing)
 .stab          0x000000000000057c      0x1a4 /usr/local/lib/gcc/avr/4.9.2/avr5/libgcc.a(_prologue.o)
                                        0x1b0 (size before relaxing)
 .stab          0x0000000000000720      0x1a4 /usr/local/lib/gcc/avr/4.9.2/avr5/libgcc.a(_epilogue.o)
                                        0x1b0 (size before relaxing)

.stabstr        0x0000000000000000      0x2ff
 *(.stabstr)
 .stabstr       0x0000000000000000      0x2ff /usr/local/lib/gcc/avr/4.9.2/avr5/libgcc.a(_udivmodqi4.o)

.stab.excl
 *(.stab.excl)

.stab.exclstr
 *(.stab.exclstr)

.stab.index
 *(.stab.index)

.stab.indexstr
 *(.stab.indexstr)

.comment        0x0000000000000000       0x11
 *(.comment)
 .comment       0x0000000000000000       0x11 uzeboxCore.o
                                         0x12 (size before relaxing)
 .comment       0x0000000000000011       0x12 uzeboxSoundEngine.o
 .comment       0x0000000000000011       0x12 uzeboxVideoEngine.o
 .comment       0x0000000000000011       0x12 TankFu.o
 .comment       0x0000000000000011       0x12 /usr/local/lib/gcc/avr/4.9.2/../../../../avr/lib/avr5/libc.a(sprintf.o)
 .comment       0x0000000000000011       0x12 /usr/local/lib/gcc/avr/4.9.2/../../../../avr/lib/avr5/libc.a(vfprintf_std.o)
 .comment       0x0000000000000011       0x12 /usr/local/lib/gcc/avr/4.9.2/../../../../avr/lib/avr5/libc.a(fputc.o)

.note.gnu.build-id
 *(.note.gnu.build-id)

.debug
 *(.debug)

.line
 *(.line)

.debug_srcinfo
 *(.debug_srcinfo)

.debug_sfnames
 *(.debug_sfnames)

.debug_aranges  0x0000000000000000      0x808
 *(.debug_aranges)
 .debug_aranges
                0x0000000000000000       0xf8 uzeboxVideoEngineCore.o
 .debug_aranges
                0x00000000000000f8       0xd8 uzeboxCore.o
 .debug_aranges
                0x00000000000001d0      0x100 uzeboxSoundEngine.o
 .debug_aranges
                0x00000000000002d0       0x50 uzeboxSoundEngineCore.o
 .debug_aranges
                0x0000000000000320       0xf8 uzeboxVideoEngine.o
 .debug_aranges
                0x0000000000000418      0x3f0 TankFu.o

.debug_pubnames
 *(.debug_pubnames)

.debug_info     0x0000000000000000     0xc20b
 *(.debug_info .gnu.linkonce.wi.*)
 .debug_info    0x0000000000000000      0x672 /usr/local/lib/gcc/avr/4.9.2/../../../../avr/lib/avr5/crtm644.o
 .debug_info    0x0000000000000672       0x7d uzeboxVideoEngineCore.o
 .debug_info    0x00000000000006ef      0xcd2 uzeboxCore.o
 .debug_info    0x00000000000013c1     0x1216 uzeboxSoundEngine.o
 .debug_info    0x00000000000025d7       0x74 uzeboxSoundEngineCore.o
 .debug_info    0x000000000000264b     0x124f uzeboxVideoEngine.o
 .debug_info    0x000000000000389a     0x8971 TankFu.o

.debug_abbrev   0x0000000000000000     0x16ee
 *(.debug_abbrev)
 .debug_abbrev  0x0000000000000000      0x619 /usr/local/lib/gcc/avr/4.9.2/../../../../avr/lib/avr5/crtm644.o
 .debug_abbrev  0x0000000000000619       0x12 uzeboxVideoEngineCore.o
 .debug_abbrev  0x000000000000062b      0x36c uzeboxCore.o
 .debug_abbrev  0x0000000000000997      0x35c uzeboxSoundEngine.o
 .debug_abbrev  0x0000000000000cf3       0x12 uzeboxSoundEngineCore.o
 .debug_abbrev  0x0000000000000d05      0x3c6 uzeboxVideoEngine.o
 .debug_abbrev  0x00000000000010cb      0x623 TankFu.o

.debug_line     0x0000000000000000     0x29d6
 *(.debug_line .debug_line.* .debug_line_end)
 .debug_line    0x0000000000000000       0x1d /usr/local/lib/gcc/avr/4.9.2/../../../../avr/lib/avr5/crtm644.o
 .debug_line    0x000000000000001d      0x52b uzeboxVideoEngineCore.o
 .debug_line    0x0000000000000548      0x369 uzeboxCore.o
 .debug_line    0x00000000000008b1      0x3e2 uzeboxSoundEngine.o
 .debug_line    0x0000000000000c93      0x1ae uzeboxSoundEngineCore.o
 .debug_line    0x0000000000000e41      0x449 uzeboxVideoEngine.o
 .debug_line    0x000000000000128a     0x174c TankFu.o

.debug_frame    0x0000000000000000     0x1950
 *(.debug_frame)
 .debug_frame   0x0000000000000000      0x25c uzeboxCore.o
 .debug_frame   0x000000000000025c      0x284 uzeboxSoundEngine.o
 .debug_frame   0x00000000000004e0      0x47c uzeboxVideoEngine.o
 .debug_frame   0x000000000000095c      0xff4 TankFu.o

.debug_str      0x0000000000000000     0x2372
 *(.debug_str)
 .debug_str     0x0000000000000000      0x231 /usr/local/lib/gcc/avr/4.9.2/../../../../avr/lib/avr5/crtm644.o
 .debug_str     0x0000000000000231      0x5a7 uzeboxCore.o
                                        0x60d (size before relaxing)
 .debug_str     0x00000000000007d8      0x40a uzeboxSoundEngine.o
                                        0x646 (size before relaxing)
 .debug_str     0x0000000000000be2      0x2f6 uzeboxVideoEngine.o
                                        0x481 (size before relaxing)
 .debug_str     0x0000000000000ed8     0x149a TankFu.o
                                       0x193d (size before relaxing)

.debug_loc      0x0000000000000000     0xaa00
 *(.debug_loc)
 .debug_loc     0x0000000000000000      0xa8c uzeboxCore.o
 .debug_loc     0x0000000000000a8c     0x1063 uzeboxSoundEngine.o
 .debug_loc     0x0000000000001aef     0x1b45 uzeboxVideoEngine.o
 .debug_loc     0x0000000000003634     0x73cc TankFu.o

.debug_macinfo
 *(.debug_macinfo)

.debug_weaknames
 *(.debug_weaknames)

.debug_funcnames
 *(.debug_funcnames)

.debug_typenames
 *(.debug_typenames)

.debug_varnames
 *(.debug_varnames)

.debug_pubtypes
 *(.debug_pubtypes)

.debug_ranges   0x0000000000000000      0x950
 *(.debug_ranges)
 .debug_ranges  0x0000000000000000       0xf0 uzeboxVideoEngineCore.o
 .debug_ranges  0x00000000000000f0       0xe0 uzeboxCore.o
 .debug_ranges  0x00000000000001d0      0x138 uzeboxSoundEngine.o
 .debug_ranges  0x0000000000000308       0x48 uzeboxSoundEngineCore.o
 .debug_ranges  0x0000000000000350      0x118 uzeboxVideoEngine.o
 .debug_ranges  0x0000000000000468      0x4e8 TankFu.o

.debug_macro
 *(.debug_macro)
OUTPUT(TankFu.elf elf32-avr)
LOAD linker stubs
