Archive member included to satisfy reference by file (symbol)

/usr/local/lib/gcc/avr/4.8.4/avr5/libgcc.a(_udivmodqi4.o)
                              uzeboxVideoEngine.o (__udivmodqi4)
/usr/local/lib/gcc/avr/4.8.4/avr5/libgcc.a(_udivmodhi4.o)
                              uzeboxVideoEngine.o (__udivmodhi4)
/usr/local/lib/gcc/avr/4.8.4/avr5/libgcc.a(_divmodhi4.o)
                              uzeboxSoundEngine.o (__divmodhi4)
/usr/local/lib/gcc/avr/4.8.4/avr5/libgcc.a(_udivmodsi4.o)
                              uzeboxVideoEngine.o (__udivmodsi4)
/usr/local/lib/gcc/avr/4.8.4/avr5/libgcc.a(_exit.o)
                              /usr/local/lib/gcc/avr/4.8.4/../../../../avr/lib/avr5/crtm644.o (exit)
/usr/local/lib/gcc/avr/4.8.4/avr5/libgcc.a(_tablejump.o)
                              TankFu.o (__tablejump2__)
/usr/local/lib/gcc/avr/4.8.4/avr5/libgcc.a(_copy_data.o)
                              uzeboxVideoEngine.o (__do_copy_data)
/usr/local/lib/gcc/avr/4.8.4/avr5/libgcc.a(_clear_bss.o)
                              uzeboxCore.o (__do_clear_bss)
/usr/local/lib/gcc/avr/4.8.4/../../../../avr/lib/avr5/libm.a(addsf3.o)
                              TankFu.o (__subsf3)
/usr/local/lib/gcc/avr/4.8.4/../../../../avr/lib/avr5/libm.a(addsf3x.o)
                              /usr/local/lib/gcc/avr/4.8.4/../../../../avr/lib/avr5/libm.a(addsf3.o) (__addsf3x)
/usr/local/lib/gcc/avr/4.8.4/../../../../avr/lib/avr5/libm.a(cmpsf2.o)
                              TankFu.o (__eqsf2)
/usr/local/lib/gcc/avr/4.8.4/../../../../avr/lib/avr5/libm.a(divsf3.o)
                              TankFu.o (__divsf3)
/usr/local/lib/gcc/avr/4.8.4/../../../../avr/lib/avr5/libm.a(divsf3x.o)
                              /usr/local/lib/gcc/avr/4.8.4/../../../../avr/lib/avr5/libm.a(divsf3.o) (__divsf3x)
/usr/local/lib/gcc/avr/4.8.4/../../../../avr/lib/avr5/libm.a(fixunssfsi.o)
                              TankFu.o (__fixunssfsi)
/usr/local/lib/gcc/avr/4.8.4/../../../../avr/lib/avr5/libm.a(floatsisf.o)
                              TankFu.o (__floatunsisf)
/usr/local/lib/gcc/avr/4.8.4/../../../../avr/lib/avr5/libm.a(fp_cmp.o)
                              /usr/local/lib/gcc/avr/4.8.4/../../../../avr/lib/avr5/libm.a(cmpsf2.o) (__fp_cmp)
/usr/local/lib/gcc/avr/4.8.4/../../../../avr/lib/avr5/libm.a(fp_inf.o)
                              /usr/local/lib/gcc/avr/4.8.4/../../../../avr/lib/avr5/libm.a(addsf3x.o) (__fp_inf)
/usr/local/lib/gcc/avr/4.8.4/../../../../avr/lib/avr5/libm.a(fp_nan.o)
                              /usr/local/lib/gcc/avr/4.8.4/../../../../avr/lib/avr5/libm.a(addsf3x.o) (__fp_nan)
/usr/local/lib/gcc/avr/4.8.4/../../../../avr/lib/avr5/libm.a(fp_pscA.o)
                              /usr/local/lib/gcc/avr/4.8.4/../../../../avr/lib/avr5/libm.a(addsf3x.o) (__fp_pscA)
/usr/local/lib/gcc/avr/4.8.4/../../../../avr/lib/avr5/libm.a(fp_pscB.o)
                              /usr/local/lib/gcc/avr/4.8.4/../../../../avr/lib/avr5/libm.a(addsf3x.o) (__fp_pscB)
/usr/local/lib/gcc/avr/4.8.4/../../../../avr/lib/avr5/libm.a(fp_round.o)
                              /usr/local/lib/gcc/avr/4.8.4/../../../../avr/lib/avr5/libm.a(addsf3.o) (__fp_round)
/usr/local/lib/gcc/avr/4.8.4/../../../../avr/lib/avr5/libm.a(fp_split3.o)
                              /usr/local/lib/gcc/avr/4.8.4/../../../../avr/lib/avr5/libm.a(addsf3x.o) (__fp_split3)
/usr/local/lib/gcc/avr/4.8.4/../../../../avr/lib/avr5/libm.a(fp_zero.o)
                              /usr/local/lib/gcc/avr/4.8.4/../../../../avr/lib/avr5/libm.a(addsf3x.o) (__fp_zero)
/usr/local/lib/gcc/avr/4.8.4/../../../../avr/lib/avr5/libm.a(gesf2.o)
                              TankFu.o (__gtsf2)
/usr/local/lib/gcc/avr/4.8.4/../../../../avr/lib/avr5/libm.a(mulsf3.o)
                              TankFu.o (__mulsf3)
/usr/local/lib/gcc/avr/4.8.4/../../../../avr/lib/avr5/libm.a(mulsf3x.o)
                              /usr/local/lib/gcc/avr/4.8.4/../../../../avr/lib/avr5/libm.a(mulsf3.o) (__mulsf3x)

Allocating common symbols
Common symbol       size              file

songStart           0x2               uzeboxSoundEngine.o
tracks              0x6e              uzeboxSoundEngine.o
fadeSpeed           0x1               uzeboxVideoEngine.o
p2                  0x6               TankFu.o
currDeltaTime       0x2               uzeboxSoundEngine.o
fadeDir             0x1               uzeboxVideoEngine.o
patchPointers       0x2               uzeboxSoundEngine.o
game                0x4               TankFu.o
tile_animations     0x19              TankFu.o
lastStatus          0x1               uzeboxSoundEngine.o
joypadsConnectionStatus
                    0x1               uzeboxCore.o
free_tile_index     0x1               uzeboxVideoEngine.o
player1             0x7e              TankFu.o
fadeActive          0x1               uzeboxVideoEngine.o
p1                  0x6               TankFu.o
masterVolume        0x1               uzeboxSoundEngine.o
nextDeltaTime       0x2               uzeboxSoundEngine.o
songSpeed           0x1               uzeboxSoundEngine.o
songPos             0x2               uzeboxSoundEngine.o
level               0x2ef             TankFu.o
player2             0x7e              TankFu.o
loopStart           0x2               uzeboxSoundEngine.o
step                0x1               uzeboxSoundEngine.o
currFadeFrame       0x1               uzeboxVideoEngine.o
fadeStep            0x1               uzeboxVideoEngine.o

Discarded input sections

 .data          0x0000000000000000        0x0 /usr/local/lib/gcc/avr/4.8.4/../../../../avr/lib/avr5/crtm644.o
 .bss           0x0000000000000000        0x0 /usr/local/lib/gcc/avr/4.8.4/../../../../avr/lib/avr5/crtm644.o
 .data          0x0000000000000000        0x0 uzeboxVideoEngineCore.o
 .text.SetSpritesTileBank
                0x0000000000000000       0x12 uzeboxVideoEngineCore.o
 .text.GetTile  0x0000000000000000       0x1e uzeboxVideoEngineCore.o
 .text.SetUserPreVsyncCallback
                0x0000000000000000        0xa uzeboxVideoEngineCore.o
 .text.SetUserPostVsyncCallback
                0x0000000000000000        0xa uzeboxVideoEngineCore.o
 .text.IsRunningInEmulator
                0x0000000000000000       0x12 uzeboxVideoEngineCore.o
 .text.WaitClocks
                0x0000000000000000        0x6 uzeboxVideoEngineCore.o
 .text.SetLedOn
                0x0000000000000000        0x4 uzeboxVideoEngineCore.o
 .text.SetLedOff
                0x0000000000000000        0x4 uzeboxVideoEngineCore.o
 .text.ToggleLed
                0x0000000000000000        0x4 uzeboxVideoEngineCore.o
 .text.internal_spi_byte
                0x0000000000000000        0xe uzeboxVideoEngineCore.o
 .text          0x0000000000000000        0x0 uzeboxCore.o
 .data          0x0000000000000000        0x0 uzeboxCore.o
 .bss           0x0000000000000000        0x0 uzeboxCore.o
 .text.SetRenderingParameters
                0x0000000000000000        0xa uzeboxCore.o
 .text.DetectControllers
                0x0000000000000000       0x38 uzeboxCore.o
 .text.FormatEeprom2
                0x0000000000000000       0x98 uzeboxCore.o
 .text.ReadPowerSwitch
                0x0000000000000000        0xe uzeboxCore.o
 .text          0x0000000000000000        0x0 uzeboxSoundEngine.o
 .data          0x0000000000000000        0x0 uzeboxSoundEngine.o
 .text.StartSong
                0x0000000000000000       0x4e uzeboxSoundEngine.o
 .text.StopSong
                0x0000000000000000       0x1c uzeboxSoundEngine.o
 .text.ResumeSong
                0x0000000000000000        0x8 uzeboxSoundEngine.o
 .text.SetSongSpeed
                0x0000000000000000        0x6 uzeboxSoundEngine.o
 .text.GetSongSpeed
                0x0000000000000000        0x6 uzeboxSoundEngine.o
 .text.TriggerFx
                0x0000000000000000       0x7e uzeboxSoundEngine.o
 .text.GetMasterVolume
                0x0000000000000000        0x6 uzeboxSoundEngine.o
 .data          0x0000000000000000        0x0 uzeboxSoundEngineCore.o
 .text.SetMixerNoiseParams
                0x0000000000000000       0x10 uzeboxSoundEngineCore.o
 .text.SetMixerVolume
                0x0000000000000000       0x16 uzeboxSoundEngineCore.o
 .text.EnableSoundEngine
                0x0000000000000000        0x8 uzeboxSoundEngineCore.o
 .text          0x0000000000000000        0x0 uzeboxVideoEngine.o
 .bss           0x0000000000000000        0x0 uzeboxVideoEngine.o
 .text.MapSprite
                0x0000000000000000       0x66 uzeboxVideoEngine.o
 .text.DrawMap  0x0000000000000000       0x98 uzeboxVideoEngine.o
 .text.PrintLong
                0x0000000000000000       0x92 uzeboxVideoEngine.o
 .text.PrintInt
                0x0000000000000000       0x7c uzeboxVideoEngine.o
 .text.PrintBinaryByte
                0x0000000000000000       0x36 uzeboxVideoEngine.o
 .text.PrintHexByte
                0x0000000000000000       0x44 uzeboxVideoEngine.o
 .text.PrintHexInt
                0x0000000000000000       0x24 uzeboxVideoEngine.o
 .text.PrintHexLong
                0x0000000000000000       0x5e uzeboxVideoEngine.o
 .text.PrintRam
                0x0000000000000000       0x34 uzeboxVideoEngine.o
 .text.Fill     0x0000000000000000       0x6e uzeboxVideoEngine.o
 .text.FontFill
                0x0000000000000000       0x6c uzeboxVideoEngine.o
 .text          0x0000000000000000        0x0 TankFu.o
 .text.save_eeprom
                0x0000000000000000        0x4 TankFu.o
 .text          0x0000000000000000        0x0 /usr/local/lib/gcc/avr/4.8.4/avr5/libgcc.a(_udivmodqi4.o)
 .data          0x0000000000000000        0x0 /usr/local/lib/gcc/avr/4.8.4/avr5/libgcc.a(_udivmodqi4.o)
 .bss           0x0000000000000000        0x0 /usr/local/lib/gcc/avr/4.8.4/avr5/libgcc.a(_udivmodqi4.o)
 .text.libgcc.mul
                0x0000000000000000        0x0 /usr/local/lib/gcc/avr/4.8.4/avr5/libgcc.a(_udivmodqi4.o)
 .text.libgcc   0x0000000000000000        0x0 /usr/local/lib/gcc/avr/4.8.4/avr5/libgcc.a(_udivmodqi4.o)
 .text.libgcc.prologue
                0x0000000000000000        0x0 /usr/local/lib/gcc/avr/4.8.4/avr5/libgcc.a(_udivmodqi4.o)
 .text.libgcc.builtins
                0x0000000000000000        0x0 /usr/local/lib/gcc/avr/4.8.4/avr5/libgcc.a(_udivmodqi4.o)
 .text.libgcc.fmul
                0x0000000000000000        0x0 /usr/local/lib/gcc/avr/4.8.4/avr5/libgcc.a(_udivmodqi4.o)
 .text.libgcc.fixed
                0x0000000000000000        0x0 /usr/local/lib/gcc/avr/4.8.4/avr5/libgcc.a(_udivmodqi4.o)
 .text          0x0000000000000000        0x0 /usr/local/lib/gcc/avr/4.8.4/avr5/libgcc.a(_udivmodhi4.o)
 .data          0x0000000000000000        0x0 /usr/local/lib/gcc/avr/4.8.4/avr5/libgcc.a(_udivmodhi4.o)
 .bss           0x0000000000000000        0x0 /usr/local/lib/gcc/avr/4.8.4/avr5/libgcc.a(_udivmodhi4.o)
 .text.libgcc.mul
                0x0000000000000000        0x0 /usr/local/lib/gcc/avr/4.8.4/avr5/libgcc.a(_udivmodhi4.o)
 .text.libgcc   0x0000000000000000        0x0 /usr/local/lib/gcc/avr/4.8.4/avr5/libgcc.a(_udivmodhi4.o)
 .text.libgcc.prologue
                0x0000000000000000        0x0 /usr/local/lib/gcc/avr/4.8.4/avr5/libgcc.a(_udivmodhi4.o)
 .text.libgcc.builtins
                0x0000000000000000        0x0 /usr/local/lib/gcc/avr/4.8.4/avr5/libgcc.a(_udivmodhi4.o)
 .text.libgcc.fmul
                0x0000000000000000        0x0 /usr/local/lib/gcc/avr/4.8.4/avr5/libgcc.a(_udivmodhi4.o)
 .text.libgcc.fixed
                0x0000000000000000        0x0 /usr/local/lib/gcc/avr/4.8.4/avr5/libgcc.a(_udivmodhi4.o)
 .text          0x0000000000000000        0x0 /usr/local/lib/gcc/avr/4.8.4/avr5/libgcc.a(_divmodhi4.o)
 .data          0x0000000000000000        0x0 /usr/local/lib/gcc/avr/4.8.4/avr5/libgcc.a(_divmodhi4.o)
 .bss           0x0000000000000000        0x0 /usr/local/lib/gcc/avr/4.8.4/avr5/libgcc.a(_divmodhi4.o)
 .text.libgcc.mul
                0x0000000000000000        0x0 /usr/local/lib/gcc/avr/4.8.4/avr5/libgcc.a(_divmodhi4.o)
 .text.libgcc   0x0000000000000000        0x0 /usr/local/lib/gcc/avr/4.8.4/avr5/libgcc.a(_divmodhi4.o)
 .text.libgcc.prologue
                0x0000000000000000        0x0 /usr/local/lib/gcc/avr/4.8.4/avr5/libgcc.a(_divmodhi4.o)
 .text.libgcc.builtins
                0x0000000000000000        0x0 /usr/local/lib/gcc/avr/4.8.4/avr5/libgcc.a(_divmodhi4.o)
 .text.libgcc.fmul
                0x0000000000000000        0x0 /usr/local/lib/gcc/avr/4.8.4/avr5/libgcc.a(_divmodhi4.o)
 .text.libgcc.fixed
                0x0000000000000000        0x0 /usr/local/lib/gcc/avr/4.8.4/avr5/libgcc.a(_divmodhi4.o)
 .text          0x0000000000000000        0x0 /usr/local/lib/gcc/avr/4.8.4/avr5/libgcc.a(_udivmodsi4.o)
 .data          0x0000000000000000        0x0 /usr/local/lib/gcc/avr/4.8.4/avr5/libgcc.a(_udivmodsi4.o)
 .bss           0x0000000000000000        0x0 /usr/local/lib/gcc/avr/4.8.4/avr5/libgcc.a(_udivmodsi4.o)
 .stab          0x0000000000000000      0x228 /usr/local/lib/gcc/avr/4.8.4/avr5/libgcc.a(_udivmodsi4.o)
                                        0x234 (size before relaxing)
 .text.libgcc.mul
                0x0000000000000000        0x0 /usr/local/lib/gcc/avr/4.8.4/avr5/libgcc.a(_udivmodsi4.o)
 .text.libgcc.div
                0x0000000000000000       0x44 /usr/local/lib/gcc/avr/4.8.4/avr5/libgcc.a(_udivmodsi4.o)
 .text.libgcc   0x0000000000000000        0x0 /usr/local/lib/gcc/avr/4.8.4/avr5/libgcc.a(_udivmodsi4.o)
 .text.libgcc.prologue
                0x0000000000000000        0x0 /usr/local/lib/gcc/avr/4.8.4/avr5/libgcc.a(_udivmodsi4.o)
 .text.libgcc.builtins
                0x0000000000000000        0x0 /usr/local/lib/gcc/avr/4.8.4/avr5/libgcc.a(_udivmodsi4.o)
 .text.libgcc.fmul
                0x0000000000000000        0x0 /usr/local/lib/gcc/avr/4.8.4/avr5/libgcc.a(_udivmodsi4.o)
 .text.libgcc.fixed
                0x0000000000000000        0x0 /usr/local/lib/gcc/avr/4.8.4/avr5/libgcc.a(_udivmodsi4.o)
 .text          0x0000000000000000        0x0 /usr/local/lib/gcc/avr/4.8.4/avr5/libgcc.a(_exit.o)
 .data          0x0000000000000000        0x0 /usr/local/lib/gcc/avr/4.8.4/avr5/libgcc.a(_exit.o)
 .bss           0x0000000000000000        0x0 /usr/local/lib/gcc/avr/4.8.4/avr5/libgcc.a(_exit.o)
 .text.libgcc.mul
                0x0000000000000000        0x0 /usr/local/lib/gcc/avr/4.8.4/avr5/libgcc.a(_exit.o)
 .text.libgcc.div
                0x0000000000000000        0x0 /usr/local/lib/gcc/avr/4.8.4/avr5/libgcc.a(_exit.o)
 .text.libgcc   0x0000000000000000        0x0 /usr/local/lib/gcc/avr/4.8.4/avr5/libgcc.a(_exit.o)
 .text.libgcc.prologue
                0x0000000000000000        0x0 /usr/local/lib/gcc/avr/4.8.4/avr5/libgcc.a(_exit.o)
 .text.libgcc.builtins
                0x0000000000000000        0x0 /usr/local/lib/gcc/avr/4.8.4/avr5/libgcc.a(_exit.o)
 .text.libgcc.fmul
                0x0000000000000000        0x0 /usr/local/lib/gcc/avr/4.8.4/avr5/libgcc.a(_exit.o)
 .text.libgcc.fixed
                0x0000000000000000        0x0 /usr/local/lib/gcc/avr/4.8.4/avr5/libgcc.a(_exit.o)
 .text          0x0000000000000000        0x0 /usr/local/lib/gcc/avr/4.8.4/avr5/libgcc.a(_tablejump.o)
 .data          0x0000000000000000        0x0 /usr/local/lib/gcc/avr/4.8.4/avr5/libgcc.a(_tablejump.o)
 .bss           0x0000000000000000        0x0 /usr/local/lib/gcc/avr/4.8.4/avr5/libgcc.a(_tablejump.o)
 .text.libgcc.mul
                0x0000000000000000        0x0 /usr/local/lib/gcc/avr/4.8.4/avr5/libgcc.a(_tablejump.o)
 .text.libgcc.div
                0x0000000000000000        0x0 /usr/local/lib/gcc/avr/4.8.4/avr5/libgcc.a(_tablejump.o)
 .text.libgcc.prologue
                0x0000000000000000        0x0 /usr/local/lib/gcc/avr/4.8.4/avr5/libgcc.a(_tablejump.o)
 .text.libgcc.builtins
                0x0000000000000000        0x0 /usr/local/lib/gcc/avr/4.8.4/avr5/libgcc.a(_tablejump.o)
 .text.libgcc.fmul
                0x0000000000000000        0x0 /usr/local/lib/gcc/avr/4.8.4/avr5/libgcc.a(_tablejump.o)
 .text.libgcc.fixed
                0x0000000000000000        0x0 /usr/local/lib/gcc/avr/4.8.4/avr5/libgcc.a(_tablejump.o)
 .text          0x0000000000000000        0x0 /usr/local/lib/gcc/avr/4.8.4/avr5/libgcc.a(_copy_data.o)
 .data          0x0000000000000000        0x0 /usr/local/lib/gcc/avr/4.8.4/avr5/libgcc.a(_copy_data.o)
 .bss           0x0000000000000000        0x0 /usr/local/lib/gcc/avr/4.8.4/avr5/libgcc.a(_copy_data.o)
 .text.libgcc.mul
                0x0000000000000000        0x0 /usr/local/lib/gcc/avr/4.8.4/avr5/libgcc.a(_copy_data.o)
 .text.libgcc.div
                0x0000000000000000        0x0 /usr/local/lib/gcc/avr/4.8.4/avr5/libgcc.a(_copy_data.o)
 .text.libgcc   0x0000000000000000        0x0 /usr/local/lib/gcc/avr/4.8.4/avr5/libgcc.a(_copy_data.o)
 .text.libgcc.prologue
                0x0000000000000000        0x0 /usr/local/lib/gcc/avr/4.8.4/avr5/libgcc.a(_copy_data.o)
 .text.libgcc.builtins
                0x0000000000000000        0x0 /usr/local/lib/gcc/avr/4.8.4/avr5/libgcc.a(_copy_data.o)
 .text.libgcc.fmul
                0x0000000000000000        0x0 /usr/local/lib/gcc/avr/4.8.4/avr5/libgcc.a(_copy_data.o)
 .text.libgcc.fixed
                0x0000000000000000        0x0 /usr/local/lib/gcc/avr/4.8.4/avr5/libgcc.a(_copy_data.o)
 .text          0x0000000000000000        0x0 /usr/local/lib/gcc/avr/4.8.4/avr5/libgcc.a(_clear_bss.o)
 .data          0x0000000000000000        0x0 /usr/local/lib/gcc/avr/4.8.4/avr5/libgcc.a(_clear_bss.o)
 .bss           0x0000000000000000        0x0 /usr/local/lib/gcc/avr/4.8.4/avr5/libgcc.a(_clear_bss.o)
 .text.libgcc.mul
                0x0000000000000000        0x0 /usr/local/lib/gcc/avr/4.8.4/avr5/libgcc.a(_clear_bss.o)
 .text.libgcc.div
                0x0000000000000000        0x0 /usr/local/lib/gcc/avr/4.8.4/avr5/libgcc.a(_clear_bss.o)
 .text.libgcc   0x0000000000000000        0x0 /usr/local/lib/gcc/avr/4.8.4/avr5/libgcc.a(_clear_bss.o)
 .text.libgcc.prologue
                0x0000000000000000        0x0 /usr/local/lib/gcc/avr/4.8.4/avr5/libgcc.a(_clear_bss.o)
 .text.libgcc.builtins
                0x0000000000000000        0x0 /usr/local/lib/gcc/avr/4.8.4/avr5/libgcc.a(_clear_bss.o)
 .text.libgcc.fmul
                0x0000000000000000        0x0 /usr/local/lib/gcc/avr/4.8.4/avr5/libgcc.a(_clear_bss.o)
 .text.libgcc.fixed
                0x0000000000000000        0x0 /usr/local/lib/gcc/avr/4.8.4/avr5/libgcc.a(_clear_bss.o)
 .text          0x0000000000000000        0x0 /usr/local/lib/gcc/avr/4.8.4/../../../../avr/lib/avr5/libm.a(addsf3.o)
 .data          0x0000000000000000        0x0 /usr/local/lib/gcc/avr/4.8.4/../../../../avr/lib/avr5/libm.a(addsf3.o)
 .bss           0x0000000000000000        0x0 /usr/local/lib/gcc/avr/4.8.4/../../../../avr/lib/avr5/libm.a(addsf3.o)
 .text          0x0000000000000000        0x0 /usr/local/lib/gcc/avr/4.8.4/../../../../avr/lib/avr5/libm.a(addsf3x.o)
 .data          0x0000000000000000        0x0 /usr/local/lib/gcc/avr/4.8.4/../../../../avr/lib/avr5/libm.a(addsf3x.o)
 .bss           0x0000000000000000        0x0 /usr/local/lib/gcc/avr/4.8.4/../../../../avr/lib/avr5/libm.a(addsf3x.o)
 .text          0x0000000000000000        0x0 /usr/local/lib/gcc/avr/4.8.4/../../../../avr/lib/avr5/libm.a(cmpsf2.o)
 .data          0x0000000000000000        0x0 /usr/local/lib/gcc/avr/4.8.4/../../../../avr/lib/avr5/libm.a(cmpsf2.o)
 .bss           0x0000000000000000        0x0 /usr/local/lib/gcc/avr/4.8.4/../../../../avr/lib/avr5/libm.a(cmpsf2.o)
 .text          0x0000000000000000        0x0 /usr/local/lib/gcc/avr/4.8.4/../../../../avr/lib/avr5/libm.a(divsf3.o)
 .data          0x0000000000000000        0x0 /usr/local/lib/gcc/avr/4.8.4/../../../../avr/lib/avr5/libm.a(divsf3.o)
 .bss           0x0000000000000000        0x0 /usr/local/lib/gcc/avr/4.8.4/../../../../avr/lib/avr5/libm.a(divsf3.o)
 .text          0x0000000000000000        0x0 /usr/local/lib/gcc/avr/4.8.4/../../../../avr/lib/avr5/libm.a(divsf3x.o)
 .data          0x0000000000000000        0x0 /usr/local/lib/gcc/avr/4.8.4/../../../../avr/lib/avr5/libm.a(divsf3x.o)
 .bss           0x0000000000000000        0x0 /usr/local/lib/gcc/avr/4.8.4/../../../../avr/lib/avr5/libm.a(divsf3x.o)
 .text          0x0000000000000000        0x0 /usr/local/lib/gcc/avr/4.8.4/../../../../avr/lib/avr5/libm.a(fixunssfsi.o)
 .data          0x0000000000000000        0x0 /usr/local/lib/gcc/avr/4.8.4/../../../../avr/lib/avr5/libm.a(fixunssfsi.o)
 .bss           0x0000000000000000        0x0 /usr/local/lib/gcc/avr/4.8.4/../../../../avr/lib/avr5/libm.a(fixunssfsi.o)
 .text          0x0000000000000000        0x0 /usr/local/lib/gcc/avr/4.8.4/../../../../avr/lib/avr5/libm.a(floatsisf.o)
 .data          0x0000000000000000        0x0 /usr/local/lib/gcc/avr/4.8.4/../../../../avr/lib/avr5/libm.a(floatsisf.o)
 .bss           0x0000000000000000        0x0 /usr/local/lib/gcc/avr/4.8.4/../../../../avr/lib/avr5/libm.a(floatsisf.o)
 .text          0x0000000000000000        0x0 /usr/local/lib/gcc/avr/4.8.4/../../../../avr/lib/avr5/libm.a(fp_cmp.o)
 .data          0x0000000000000000        0x0 /usr/local/lib/gcc/avr/4.8.4/../../../../avr/lib/avr5/libm.a(fp_cmp.o)
 .bss           0x0000000000000000        0x0 /usr/local/lib/gcc/avr/4.8.4/../../../../avr/lib/avr5/libm.a(fp_cmp.o)
 .text          0x0000000000000000        0x0 /usr/local/lib/gcc/avr/4.8.4/../../../../avr/lib/avr5/libm.a(fp_inf.o)
 .data          0x0000000000000000        0x0 /usr/local/lib/gcc/avr/4.8.4/../../../../avr/lib/avr5/libm.a(fp_inf.o)
 .bss           0x0000000000000000        0x0 /usr/local/lib/gcc/avr/4.8.4/../../../../avr/lib/avr5/libm.a(fp_inf.o)
 .text          0x0000000000000000        0x0 /usr/local/lib/gcc/avr/4.8.4/../../../../avr/lib/avr5/libm.a(fp_nan.o)
 .data          0x0000000000000000        0x0 /usr/local/lib/gcc/avr/4.8.4/../../../../avr/lib/avr5/libm.a(fp_nan.o)
 .bss           0x0000000000000000        0x0 /usr/local/lib/gcc/avr/4.8.4/../../../../avr/lib/avr5/libm.a(fp_nan.o)
 .text          0x0000000000000000        0x0 /usr/local/lib/gcc/avr/4.8.4/../../../../avr/lib/avr5/libm.a(fp_pscA.o)
 .data          0x0000000000000000        0x0 /usr/local/lib/gcc/avr/4.8.4/../../../../avr/lib/avr5/libm.a(fp_pscA.o)
 .bss           0x0000000000000000        0x0 /usr/local/lib/gcc/avr/4.8.4/../../../../avr/lib/avr5/libm.a(fp_pscA.o)
 .text          0x0000000000000000        0x0 /usr/local/lib/gcc/avr/4.8.4/../../../../avr/lib/avr5/libm.a(fp_pscB.o)
 .data          0x0000000000000000        0x0 /usr/local/lib/gcc/avr/4.8.4/../../../../avr/lib/avr5/libm.a(fp_pscB.o)
 .bss           0x0000000000000000        0x0 /usr/local/lib/gcc/avr/4.8.4/../../../../avr/lib/avr5/libm.a(fp_pscB.o)
 .text          0x0000000000000000        0x0 /usr/local/lib/gcc/avr/4.8.4/../../../../avr/lib/avr5/libm.a(fp_round.o)
 .data          0x0000000000000000        0x0 /usr/local/lib/gcc/avr/4.8.4/../../../../avr/lib/avr5/libm.a(fp_round.o)
 .bss           0x0000000000000000        0x0 /usr/local/lib/gcc/avr/4.8.4/../../../../avr/lib/avr5/libm.a(fp_round.o)
 .text          0x0000000000000000        0x0 /usr/local/lib/gcc/avr/4.8.4/../../../../avr/lib/avr5/libm.a(fp_split3.o)
 .data          0x0000000000000000        0x0 /usr/local/lib/gcc/avr/4.8.4/../../../../avr/lib/avr5/libm.a(fp_split3.o)
 .bss           0x0000000000000000        0x0 /usr/local/lib/gcc/avr/4.8.4/../../../../avr/lib/avr5/libm.a(fp_split3.o)
 .text          0x0000000000000000        0x0 /usr/local/lib/gcc/avr/4.8.4/../../../../avr/lib/avr5/libm.a(fp_zero.o)
 .data          0x0000000000000000        0x0 /usr/local/lib/gcc/avr/4.8.4/../../../../avr/lib/avr5/libm.a(fp_zero.o)
 .bss           0x0000000000000000        0x0 /usr/local/lib/gcc/avr/4.8.4/../../../../avr/lib/avr5/libm.a(fp_zero.o)
 .text          0x0000000000000000        0x0 /usr/local/lib/gcc/avr/4.8.4/../../../../avr/lib/avr5/libm.a(gesf2.o)
 .data          0x0000000000000000        0x0 /usr/local/lib/gcc/avr/4.8.4/../../../../avr/lib/avr5/libm.a(gesf2.o)
 .bss           0x0000000000000000        0x0 /usr/local/lib/gcc/avr/4.8.4/../../../../avr/lib/avr5/libm.a(gesf2.o)
 .text          0x0000000000000000        0x0 /usr/local/lib/gcc/avr/4.8.4/../../../../avr/lib/avr5/libm.a(mulsf3.o)
 .data          0x0000000000000000        0x0 /usr/local/lib/gcc/avr/4.8.4/../../../../avr/lib/avr5/libm.a(mulsf3.o)
 .bss           0x0000000000000000        0x0 /usr/local/lib/gcc/avr/4.8.4/../../../../avr/lib/avr5/libm.a(mulsf3.o)
 .text          0x0000000000000000        0x0 /usr/local/lib/gcc/avr/4.8.4/../../../../avr/lib/avr5/libm.a(mulsf3x.o)
 .data          0x0000000000000000        0x0 /usr/local/lib/gcc/avr/4.8.4/../../../../avr/lib/avr5/libm.a(mulsf3x.o)
 .bss           0x0000000000000000        0x0 /usr/local/lib/gcc/avr/4.8.4/../../../../avr/lib/avr5/libm.a(mulsf3x.o)

Memory Configuration

Name             Origin             Length             Attributes
text             0x0000000000000000 0x0000000000020000 xr
data             0x0000000000800060 0x000000000000ffa0 rw !x
eeprom           0x0000000000810000 0x0000000000010000 rw !x
fuse             0x0000000000820000 0x0000000000000400 rw !x
lock             0x0000000000830000 0x0000000000000400 rw !x
signature        0x0000000000840000 0x0000000000000400 rw !x
*default*        0x0000000000000000 0xffffffffffffffff

Linker script and memory map

Address of section .data set to 0x800100
LOAD /usr/local/lib/gcc/avr/4.8.4/../../../../avr/lib/avr5/crtm644.o
LOAD uzeboxVideoEngineCore.o
LOAD uzeboxCore.o
LOAD uzeboxSoundEngine.o
LOAD uzeboxSoundEngineCore.o
LOAD uzeboxVideoEngine.o
LOAD TankFu.o
START GROUP
LOAD /usr/local/lib/gcc/avr/4.8.4/avr5/libgcc.a
LOAD /usr/local/lib/gcc/avr/4.8.4/../../../../avr/lib/avr5/libm.a
LOAD /usr/local/lib/gcc/avr/4.8.4/../../../../avr/lib/avr5/libc.a
END GROUP

.hash
 *(.hash)

.dynsym
 *(.dynsym)

.dynstr
 *(.dynstr)

.gnu.version
 *(.gnu.version)

.gnu.version_d
 *(.gnu.version_d)

.gnu.version_r
 *(.gnu.version_r)

.rel.init
 *(.rel.init)

.rela.init
 *(.rela.init)

.rel.text
 *(.rel.text)
 *(.rel.text.*)
 *(.rel.gnu.linkonce.t*)

.rela.text
 *(.rela.text)
 *(.rela.text.*)
 *(.rela.gnu.linkonce.t*)

.rel.fini
 *(.rel.fini)

.rela.fini
 *(.rela.fini)

.rel.rodata
 *(.rel.rodata)
 *(.rel.rodata.*)
 *(.rel.gnu.linkonce.r*)

.rela.rodata
 *(.rela.rodata)
 *(.rela.rodata.*)
 *(.rela.gnu.linkonce.r*)

.rel.data
 *(.rel.data)
 *(.rel.data.*)
 *(.rel.gnu.linkonce.d*)

.rela.data
 *(.rela.data)
 *(.rela.data.*)
 *(.rela.gnu.linkonce.d*)

.rel.ctors
 *(.rel.ctors)

.rela.ctors
 *(.rela.ctors)

.rel.dtors
 *(.rel.dtors)

.rela.dtors
 *(.rela.dtors)

.rel.got
 *(.rel.got)

.rela.got
 *(.rela.got)

.rel.bss
 *(.rel.bss)

.rela.bss
 *(.rela.bss)

.rel.plt
 *(.rel.plt)

.rela.plt
 *(.rela.plt)

.text           0x0000000000000000     0xb7da
 *(.vectors)
 .vectors       0x0000000000000000       0x70 /usr/local/lib/gcc/avr/4.8.4/../../../../avr/lib/avr5/crtm644.o
                0x0000000000000000                __vectors
                0x0000000000000000                __vector_default
 *(.vectors)
 *(.progmem.gcc*)
 .progmem.gcc_sw_table.load_level_tiles
                0x0000000000000070       0x12 TankFu.o
                0x0000000000000082                . = ALIGN (0x2)
                0x0000000000000082                __trampolines_start = .
 *(.trampolines)
 .trampolines   0x0000000000000082        0x0 linker stubs
 *(.trampolines*)
                0x0000000000000082                __trampolines_end = .
 *(.progmem*)
 .progmem.data  0x0000000000000082       0x4e uzeboxCore.o
                0x0000000000000082                io_table
                0x00000000000000b0                eeprom_format_table
 .progmem.data  0x00000000000000d0       0x1a uzeboxSoundEngine.o
                0x00000000000000d0                patchCommands
 .progmem.data  0x00000000000000ea        0xc uzeboxVideoEngine.o
                0x00000000000000ea                fader
 .progmem.data  0x00000000000000f6     0x666c TankFu.o
                0x00000000000000f6                strLevels
                0x0000000000000196                strPaused
                0x000000000000019d                strExit
                0x00000000000001a6                strTotal
                0x00000000000001ad                strScore
                0x00000000000001b4                strBanterClear
                0x00000000000001c3                banter_map
                0x0000000000000259                strFinalScore
                0x0000000000000265                strBy
                0x0000000000000268                strOwns
                0x000000000000026d                strChangeHandle
                0x000000000000027c                strCancelHandle
                0x0000000000000287                strConfirmHandle
                0x0000000000000293                strSelectHandle
                0x000000000000029e                strPlayer2
                0x00000000000002a1                strPlayer1
                0x00000000000002a4                strVertSep
                0x00000000000002a6                strUnderline
                0x00000000000002b2                strHandlesTitle
                0x00000000000002be                strHighscores
                0x00000000000002c8                str2Player
                0x00000000000002d9                str1Player
                0x00000000000002e7                strCopyright
                0x00000000000002fe                my_patches
                0x0000000000000373                level_data
                0x00000000000020bf                map_rocket_right_1
                0x00000000000020c2                map_rocket_right_0
                0x00000000000020c5                map_rocket_up_1
                0x00000000000020c8                map_rocket_up_0
                0x00000000000020cb                map_ball
                0x00000000000020ce                map_explosion_2
                0x00000000000020d4                map_explosion_1
                0x00000000000020da                map_explosion_0
                0x00000000000020e0                map_tank2_right_1
                0x00000000000020e6                map_tank2_right_0
                0x00000000000020ec                map_tank2_up_1
                0x00000000000020f2                map_tank2_up_0
                0x00000000000020f8                map_tank1_right_1
                0x00000000000020fe                map_tank1_right_0
                0x0000000000002104                map_tank1_up_1
                0x000000000000210a                map_tank1_up_0
                0x0000000000002110                map_none
                0x0000000000002113                map_tank_blank
                0x0000000000002119                map_metal_bl
                0x000000000000211c                map_metal_tr
                0x000000000000211f                map_metal_br
                0x0000000000002122                map_metal_tl
                0x0000000000002125                map_tile_exp_2
                0x0000000000002128                map_tile_exp_1
                0x000000000000212b                map_tile_exp_0
                0x000000000000212e                map_rocket_itm
                0x0000000000002131                map_explode_itm
                0x0000000000002134                map_speed_itm
                0x0000000000002137                map_metal
                0x000000000000213a                map_brick
                0x000000000000213d                map_tile_none
                0x0000000000002140                map_pause
                0x000000000000217e                map_splash
                0x00000000000021d4                ad_silence
                0x00000000000021d6                ad_tracks
                0x00000000000021d8                ad_tank_explode
                0x00000000000021da                ad_splash
                0x00000000000021dc                ad_rocket
                0x00000000000021de                ad_navigate
                0x0000000000002350                ad_metal
                0x0000000000002570                ad_level_start
                0x0000000000002572                ad_level_clear
                0x0000000000002574                ad_item
                0x0000000000002725                ad_cannonball
                0x000000000000296c                ad_brick_explode
                0x0000000000003051                ad_banter
                0x00000000000037a2                sprites_data
                0x00000000000043a2                tiles_data
                0x0000000000006762                . = ALIGN (0x2)
 *(.jumptables)
 *(.jumptables*)
 *(.lowtext)
 *(.lowtext*)
                0x0000000000006762                __ctors_start = .
 *(.ctors)
                0x0000000000006762                __ctors_end = .
                0x0000000000006762                __dtors_start = .
 *(.dtors)
                0x0000000000006762                __dtors_end = .
 SORT(*)(.ctors)
 SORT(*)(.dtors)
 *(.init0)
 .init0         0x0000000000006762        0x0 /usr/local/lib/gcc/avr/4.8.4/../../../../avr/lib/avr5/crtm644.o
                0x0000000000006762                __init
 *(.init0)
 *(.init1)
 *(.init1)
 *(.init2)
 .init2         0x0000000000006762        0xc /usr/local/lib/gcc/avr/4.8.4/../../../../avr/lib/avr5/crtm644.o
 *(.init2)
 *(.init3)
 *(.init3)
 *(.init4)
 .init4         0x000000000000676e       0x16 /usr/local/lib/gcc/avr/4.8.4/avr5/libgcc.a(_copy_data.o)
                0x000000000000676e                __do_copy_data
 .init4         0x0000000000006784       0x10 /usr/local/lib/gcc/avr/4.8.4/avr5/libgcc.a(_clear_bss.o)
                0x0000000000006784                __do_clear_bss
 *(.init4)
 *(.init5)
 *(.init5)
 *(.init6)
 *(.init6)
 *(.init7)
 .init7         0x0000000000006794       0x12 uzeboxCore.o
                0x0000000000006794                wdt_init
 *(.init7)
 *(.init8)
 .init8         0x00000000000067a6       0x8a uzeboxCore.o
                0x00000000000067a6                Initialize
 *(.init8)
 *(.init9)
 .init9         0x0000000000006830        0x8 /usr/local/lib/gcc/avr/4.8.4/../../../../avr/lib/avr5/crtm644.o
 *(.init9)
 *(.text)
 .text          0x0000000000006838        0x4 /usr/local/lib/gcc/avr/4.8.4/../../../../avr/lib/avr5/crtm644.o
                0x0000000000006838                __vector_20
                0x0000000000006838                __vector_1
                0x0000000000006838                __vector_24
                0x0000000000006838                __vector_12
                0x0000000000006838                __bad_interrupt
                0x0000000000006838                __vector_6
                0x0000000000006838                __vector_3
                0x0000000000006838                __vector_23
                0x0000000000006838                __vector_25
                0x0000000000006838                __vector_11
                0x0000000000006838                __vector_17
                0x0000000000006838                __vector_19
                0x0000000000006838                __vector_7
                0x0000000000006838                __vector_27
                0x0000000000006838                __vector_5
                0x0000000000006838                __vector_4
                0x0000000000006838                __vector_9
                0x0000000000006838                __vector_2
                0x0000000000006838                __vector_21
                0x0000000000006838                __vector_15
                0x0000000000006838                __vector_8
                0x0000000000006838                __vector_26
                0x0000000000006838                __vector_10
                0x0000000000006838                __vector_16
                0x0000000000006838                __vector_18
                0x0000000000006838                __vector_22
 .text          0x000000000000683c      0x58a uzeboxVideoEngineCore.o
                0x00000000000069e2                CopyTileToRam
                0x0000000000006b04                BlitSprite
                0x0000000000006be4                __vector_13
                0x0000000000006c64                __vector_14
 .text          0x0000000000006dc6      0x180 uzeboxSoundEngineCore.o
                0x0000000000006dc6                process_music
                0x0000000000006dd2                update_sound
                0x0000000000006f46                . = ALIGN (0x2)
 *(.text.*)
 .text.SetSpritesTileTable
                0x0000000000006f46        0xa uzeboxVideoEngineCore.o
                0x0000000000006f46                SetSpritesTileTable
 .text.ClearVram
                0x0000000000006f50       0x14 uzeboxVideoEngineCore.o
                0x0000000000006f50                ClearVram
 .text.SetFont  0x0000000000006f64        0x8 uzeboxVideoEngineCore.o
                0x0000000000006f64                SetFont
 .text.SetTile  0x0000000000006f6c       0x1c uzeboxVideoEngineCore.o
                0x0000000000006f6c                SetTile
 .text.SetFontTilesIndex
                0x0000000000006f88        0x6 uzeboxVideoEngineCore.o
                0x0000000000006f88                SetFontTilesIndex
 .text.SetTileTable
                0x0000000000006f8e        0xa uzeboxVideoEngineCore.o
                0x0000000000006f8e                SetTileTable
 .text.GetVsyncFlag
                0x0000000000006f98        0x8 uzeboxVideoEngineCore.o
                0x0000000000006f98                GetVsyncFlag
 .text.ClearVsyncFlag
                0x0000000000006fa0        0xc uzeboxVideoEngineCore.o
                0x0000000000006fa0                ClearVsyncFlag
 .text.ReadJoypad
                0x0000000000006fac       0x18 uzeboxVideoEngineCore.o
                0x0000000000006fac                ReadJoypad
 .text.WaitUs   0x0000000000006fc4        0xe uzeboxVideoEngineCore.o
                0x0000000000006fc4                WaitUs
 .text.WriteEeprom
                0x0000000000006fd2       0x14 uzeboxVideoEngineCore.o
                0x0000000000006fd2                WriteEeprom
 .text.ReadEeprom
                0x0000000000006fe6       0x12 uzeboxVideoEngineCore.o
                0x0000000000006fe6                ReadEeprom
 .text.SoftReset
                0x0000000000006ff8       0x16 uzeboxCore.o
                0x0000000000006ff8                SoftReset
 .text.ReadButtons
                0x000000000000700e       0x6c uzeboxCore.o
                0x000000000000700e                ReadButtons
 .text.ReadControllers
                0x000000000000707a       0x20 uzeboxCore.o
                0x000000000000707a                ReadControllers
 .text.FormatEeprom
                0x000000000000709a       0x44 uzeboxCore.o
                0x000000000000709a                FormatEeprom
 .text.isEepromFormatted
                0x00000000000070de       0x2e uzeboxCore.o
                0x00000000000070de                isEepromFormatted
 .text.EepromWriteBlock
                0x000000000000710c       0xd8 uzeboxCore.o
                0x000000000000710c                EepromWriteBlock
 .text.EepromReadBlock
                0x00000000000071e4       0x92 uzeboxCore.o
                0x00000000000071e4                EepromReadBlock
 .text.PatchCommand00
                0x0000000000007276        0x6 uzeboxSoundEngine.o
                0x0000000000007276                PatchCommand00
 .text.PatchCommand01
                0x000000000000727c       0x12 uzeboxSoundEngine.o
                0x000000000000727c                PatchCommand01
 .text.PatchCommand05
                0x000000000000728e        0xa uzeboxSoundEngine.o
                0x000000000000728e                PatchCommand05
 .text.PatchCommand06
                0x0000000000007298        0xa uzeboxSoundEngine.o
                0x0000000000007298                PatchCommand06
 .text.PatchCommand07
                0x00000000000072a2        0x6 uzeboxSoundEngine.o
                0x00000000000072a2                PatchCommand07
 .text.PatchCommand09
                0x00000000000072a8        0x6 uzeboxSoundEngine.o
                0x00000000000072a8                PatchCommand09
 .text.PatchCommand10
                0x00000000000072ae        0x6 uzeboxSoundEngine.o
                0x00000000000072ae                PatchCommand10
 .text.PatchCommand11
                0x00000000000072b4       0x7c uzeboxSoundEngine.o
                0x00000000000072b4                PatchCommand11
 .text.PatchCommand12
                0x0000000000007330        0x6 uzeboxSoundEngine.o
                0x0000000000007330                PatchCommand12
 .text.PatchCommand02
                0x0000000000007336        0x8 uzeboxSoundEngine.o
                0x0000000000007336                PatchCommand02
 .text.PatchCommand03
                0x000000000000733e       0x10 uzeboxSoundEngine.o
                0x000000000000733e                PatchCommand03
 .text.PatchCommand04
                0x000000000000734e        0xe uzeboxSoundEngine.o
                0x000000000000734e                PatchCommand04
 .text.PatchCommand08
                0x000000000000735c       0x32 uzeboxSoundEngine.o
                0x000000000000735c                PatchCommand08
 .text.InitMusicPlayer
                0x000000000000738e       0x4e uzeboxSoundEngine.o
                0x000000000000738e                InitMusicPlayer
 .text.ReadVarLen
                0x00000000000073dc       0x48 uzeboxSoundEngine.o
                0x00000000000073dc                ReadVarLen
 .text.TriggerCommon
                0x0000000000007424      0x138 uzeboxSoundEngine.o
                0x0000000000007424                TriggerCommon
 .text.TriggerNote
                0x000000000000755c       0x70 uzeboxSoundEngine.o
                0x000000000000755c                TriggerNote
 .text.ProcessMusic
                0x00000000000075cc      0x426 uzeboxSoundEngine.o
                0x00000000000075cc                ProcessMusic
 .text.SetMasterVolume
                0x00000000000079f2        0x6 uzeboxSoundEngine.o
                0x00000000000079f2                SetMasterVolume
 .text.SetMixerNote
                0x00000000000079f8       0x2e uzeboxSoundEngineCore.o
                0x00000000000079f8                SetMixerNote
 .text.SetMixerWave
                0x0000000000007a26       0x3a uzeboxSoundEngineCore.o
                0x0000000000007a26                SetMixerWave
 *fill*         0x0000000000007a60       0xa0 
 .text.DisableSoundEngine
                0x0000000000007b00      0xc00 uzeboxSoundEngineCore.o
                0x0000000000007b00                DisableSoundEngine
                0x0000000000007b08                steptable
                0x0000000000007d00                waves
 .text.RestoreBackground
                0x0000000000008700       0x28 uzeboxVideoEngine.o
                0x0000000000008700                RestoreBackground
 .text.SetSpriteVisibility
                0x0000000000008728        0x6 uzeboxVideoEngine.o
                0x0000000000008728                SetSpriteVisibility
 .text.ProcessSprites
                0x000000000000872e      0x1c0 uzeboxVideoEngine.o
                0x000000000000872e                ProcessSprites
 .text.MapSprite2
                0x00000000000088ee       0xae uzeboxVideoEngine.o
                0x00000000000088ee                MapSprite2
 .text.MoveSprite
                0x000000000000899c       0x78 uzeboxVideoEngine.o
                0x000000000000899c                MoveSprite
 .text.DisplayLogo
                0x0000000000008a14        0x2 uzeboxVideoEngine.o
                0x0000000000008a14                DisplayLogo
 .text.InitializeVideoMode
                0x0000000000008a16       0x14 uzeboxVideoEngine.o
                0x0000000000008a16                InitializeVideoMode
 .text.DrawMap2
                0x0000000000008a2a       0x86 uzeboxVideoEngine.o
                0x0000000000008a2a                DrawMap2
 .text.PrintByte
                0x0000000000008ab0       0x6c uzeboxVideoEngine.o
                0x0000000000008ab0                PrintByte
 .text.Print    0x0000000000008b1c       0x36 uzeboxVideoEngine.o
                0x0000000000008b1c                Print
 .text.PrintChar
                0x0000000000008b52        0x6 uzeboxVideoEngine.o
                0x0000000000008b52                PrintChar
 .text.WaitVsync
                0x0000000000008b58       0x2e uzeboxVideoEngine.o
                0x0000000000008b58                WaitVsync
 .text.doFade   0x0000000000008b86       0x1c uzeboxVideoEngine.o
                0x0000000000008b86                doFade
 .text.FadeIn   0x0000000000008ba2       0x18 uzeboxVideoEngine.o
                0x0000000000008ba2                FadeIn
 .text.FadeOut  0x0000000000008bba       0x18 uzeboxVideoEngine.o
                0x0000000000008bba                FadeOut
 .text.ProcessFading
                0x0000000000008bd2       0x4a uzeboxVideoEngine.o
                0x0000000000008bd2                ProcessFading
 .text.VideoModeVsync
                0x0000000000008c1c        0x8 uzeboxVideoEngine.o
                0x0000000000008c1c                VideoModeVsync
 .text.LBGetNextFrame
                0x0000000000008c24       0x44 TankFu.o
                0x0000000000008c24                LBGetNextFrame
 .text.LBGetJoyPadState
                0x0000000000008c68       0x84 TankFu.o
                0x0000000000008c68                LBGetJoyPadState
 .text.LBCopyChars
                0x0000000000008cec       0x18 TankFu.o
                0x0000000000008cec                LBCopyChars
 .text.LBPrintStr
                0x0000000000008d04       0x62 TankFu.o
                0x0000000000008d04                LBPrintStr
 .text.LBCollides
                0x0000000000008d66       0x54 TankFu.o
                0x0000000000008d66                LBCollides
 .text.LBLineIntersect
                0x0000000000008dba      0x1b0 TankFu.o
                0x0000000000008dba                LBLineIntersect
 .text.LBRandom
                0x0000000000008f6a       0x3a TankFu.o
                0x0000000000008f6a                LBRandom
 .text.LBWaitSeconds
                0x0000000000008fa4       0x1e TankFu.o
                0x0000000000008fa4                LBWaitSeconds
 .text.init_tile_animations
                0x0000000000008fc2       0x46 TankFu.o
                0x0000000000008fc2                init_tile_animations
 .text.init_shot_state
                0x0000000000009008       0x38 TankFu.o
                0x0000000000009008                init_shot_state
 .text.set_shot_animations
                0x0000000000009040       0x62 TankFu.o
                0x0000000000009040                set_shot_animations
 .text.init_player
                0x00000000000090a2       0xfc TankFu.o
                0x00000000000090a2                init_player
 .text.player_init_shot_state
                0x000000000000919e       0x1e TankFu.o
                0x000000000000919e                player_init_shot_state
 .text.init_game_state
                0x00000000000091bc       0x2c TankFu.o
                0x00000000000091bc                init_game_state
 .text.player_spawn
                0x00000000000091e8       0x3a TankFu.o
                0x00000000000091e8                player_spawn
 .text.load_eeprom
                0x0000000000009222       0x24 TankFu.o
                0x0000000000009222                load_eeprom
 .text.fade_through
                0x0000000000009246       0x14 TankFu.o
                0x0000000000009246                fade_through
 .text.clear_sprites
                0x000000000000925a       0x1a TankFu.o
                0x000000000000925a                clear_sprites
 .text.save_score
                0x0000000000009274       0xe0 TankFu.o
                0x0000000000009274                save_score
 .text.position_shot
                0x0000000000009354       0xda TankFu.o
                0x0000000000009354                position_shot
 .text.print_level_score
                0x000000000000942e       0x84 TankFu.o
                0x000000000000942e                print_level_score
 .text.print_final_score
                0x00000000000094b2       0x94 TankFu.o
                0x00000000000094b2                print_final_score
 .text.render_hud
                0x0000000000009546       0x3a TankFu.o
                0x0000000000009546                render_hud
 .text.render_score
                0x0000000000009580       0x38 TankFu.o
                0x0000000000009580                render_score
 .text.render_banter
                0x00000000000095b8       0x50 TankFu.o
                0x00000000000095b8                render_banter
 .text.render_player
                0x0000000000009608       0x52 TankFu.o
                0x0000000000009608                render_player
 .text.render_shot
                0x000000000000965a       0x6e TankFu.o
                0x000000000000965a                render_shot
 .text.render_tile_explosions
                0x00000000000096c8       0x82 TankFu.o
                0x00000000000096c8                render_tile_explosions
 .text.tank_map
                0x000000000000974a      0x104 TankFu.o
                0x000000000000974a                tank_map
 .text.shot_map
                0x000000000000984e       0xb0 TankFu.o
                0x000000000000984e                shot_map
 .text.recoil_sprite
                0x00000000000098fe       0xd4 TankFu.o
                0x00000000000098fe                recoil_sprite
 .text.solid_square_tile
                0x00000000000099d2       0x1a TankFu.o
                0x00000000000099d2                solid_square_tile
 .text.solid_directional_tile
                0x00000000000099ec      0x14e TankFu.o
                0x00000000000099ec                solid_directional_tile
 .text.player_shot
                0x0000000000009b3a       0xa6 TankFu.o
                0x0000000000009b3a                player_shot
 .text.collision_detect_boundries
                0x0000000000009be0       0x9c TankFu.o
                0x0000000000009be0                collision_detect_boundries
 .text.kill_player
                0x0000000000009c7c       0xd6 TankFu.o
                0x0000000000009c7c                kill_player
 .text.get_interesting_tile_indexes_shot
                0x0000000000009d52       0x48 TankFu.o
                0x0000000000009d52                get_interesting_tile_indexes_shot
 .text.explode_tile
                0x0000000000009d9a       0x7c TankFu.o
                0x0000000000009d9a                explode_tile
 .text.collision_detect_shot
                0x0000000000009e16      0x2a8 TankFu.o
                0x0000000000009e16                collision_detect_shot
 .text.get_interesting_tile_indexes
                0x000000000000a0be       0x68 TankFu.o
                0x000000000000a0be                get_interesting_tile_indexes
 .text.collision_detect_player
                0x000000000000a126      0x202 TankFu.o
                0x000000000000a126                collision_detect_player
 .text.load_level_tiles
                0x000000000000a328       0xae TankFu.o
                0x000000000000a328                load_level_tiles
 .text.load_level
                0x000000000000a3d6      0x17c TankFu.o
                0x000000000000a3d6                load_level
 .text.level_transition
                0x000000000000a552       0x60 TankFu.o
                0x000000000000a552                level_transition
 .text.load_splash
                0x000000000000a5b2       0x6c TankFu.o
                0x000000000000a5b2                load_splash
 .text.load_tank_rank
                0x000000000000a61e      0x13a TankFu.o
                0x000000000000a61e                load_tank_rank
 .text.exit_game
                0x000000000000a758       0x12 TankFu.o
                0x000000000000a758                exit_game
 .text.update_level_helper
                0x000000000000a76a      0x446 TankFu.o
                0x000000000000a76a                update_level_helper
 .text.update_level
                0x000000000000abb0      0x124 TankFu.o
                0x000000000000abb0                update_level
 .text.update_tank_rank
                0x000000000000acd4       0x20 TankFu.o
                0x000000000000acd4                update_tank_rank
 .text._handle_select_helper
                0x000000000000acf4      0x180 TankFu.o
                0x000000000000acf4                _handle_select_helper
 .text._handle_select_render_helper
                0x000000000000ae74      0x17a TankFu.o
                0x000000000000ae74                _handle_select_render_helper
 .text.load_handle_select
                0x000000000000afee      0x124 TankFu.o
                0x000000000000afee                load_handle_select
 .text.update_splash
                0x000000000000b112       0xea TankFu.o
                0x000000000000b112                update_splash
 .text.update_handle_select
                0x000000000000b1fc       0x9c TankFu.o
                0x000000000000b1fc                update_handle_select
 .text.startup.main
                0x000000000000b298       0x9e TankFu.o
                0x000000000000b298                main
 .text.libgcc.div
                0x000000000000b336       0x18 /usr/local/lib/gcc/avr/4.8.4/avr5/libgcc.a(_udivmodqi4.o)
                0x000000000000b336                __udivmodqi4
 .text.libgcc.div
                0x000000000000b34e       0x28 /usr/local/lib/gcc/avr/4.8.4/avr5/libgcc.a(_udivmodhi4.o)
                0x000000000000b34e                __udivmodhi4
 .text.libgcc.div
                0x000000000000b376       0x28 /usr/local/lib/gcc/avr/4.8.4/avr5/libgcc.a(_divmodhi4.o)
                0x000000000000b376                __divmodhi4
                0x000000000000b376                _div
 .text.libgcc   0x000000000000b39e        0xc /usr/local/lib/gcc/avr/4.8.4/avr5/libgcc.a(_tablejump.o)
                0x000000000000b39e                __tablejump2__
                0x000000000000b3a2                __tablejump__
 .text.avr-libc.fplib
                0x000000000000b3aa        0xa /usr/local/lib/gcc/avr/4.8.4/../../../../avr/lib/avr5/libm.a(addsf3.o)
                0x000000000000b3aa                __subsf3
                0x000000000000b3ac                __addsf3
 .text.avr-libc.fplib
                0x000000000000b3b4       0xc0 /usr/local/lib/gcc/avr/4.8.4/../../../../avr/lib/avr5/libm.a(addsf3x.o)
                0x000000000000b3ce                __addsf3x
 .text.avr-libc.fplib
                0x000000000000b474        0x8 /usr/local/lib/gcc/avr/4.8.4/../../../../avr/lib/avr5/libm.a(cmpsf2.o)
                0x000000000000b474                __lesf2
                0x000000000000b474                __nesf2
                0x000000000000b474                __eqsf2
                0x000000000000b474                __cmpsf2
                0x000000000000b474                __ltsf2
 .text.avr-libc.fplib
                0x000000000000b47c        0x4 /usr/local/lib/gcc/avr/4.8.4/../../../../avr/lib/avr5/libm.a(divsf3.o)
                0x000000000000b47c                __divsf3
 .text.avr-libc.fplib
                0x000000000000b480       0xcc /usr/local/lib/gcc/avr/4.8.4/../../../../avr/lib/avr5/libm.a(divsf3x.o)
                0x000000000000b496                __divsf3x
                0x000000000000b49a                __divsf3_pse
 .text.avr-libc.fplib
                0x000000000000b54c       0x58 /usr/local/lib/gcc/avr/4.8.4/../../../../avr/lib/avr5/libm.a(fixunssfsi.o)
                0x000000000000b54c                __fixunssfsi
 .text.avr-libc.fplib
                0x000000000000b5a4       0x7a /usr/local/lib/gcc/avr/4.8.4/../../../../avr/lib/avr5/libm.a(floatsisf.o)
                0x000000000000b5a4                __floatunsisf
                0x000000000000b5a8                __floatsisf
 .text.avr-libc.fplib
                0x000000000000b61e       0x48 /usr/local/lib/gcc/avr/4.8.4/../../../../avr/lib/avr5/libm.a(fp_cmp.o)
                0x000000000000b61e                __fp_cmp
 .text.avr-libc.fplib
                0x000000000000b666        0xc /usr/local/lib/gcc/avr/4.8.4/../../../../avr/lib/avr5/libm.a(fp_inf.o)
                0x000000000000b666                __fp_inf
 .text.avr-libc.fplib
                0x000000000000b672        0x6 /usr/local/lib/gcc/avr/4.8.4/../../../../avr/lib/avr5/libm.a(fp_nan.o)
                0x000000000000b672                __fp_nan
 .text.avr-libc.fplib
                0x000000000000b678        0xe /usr/local/lib/gcc/avr/4.8.4/../../../../avr/lib/avr5/libm.a(fp_pscA.o)
                0x000000000000b678                __fp_pscA
 .text.avr-libc.fplib
                0x000000000000b686        0xe /usr/local/lib/gcc/avr/4.8.4/../../../../avr/lib/avr5/libm.a(fp_pscB.o)
                0x000000000000b686                __fp_pscB
 .text.avr-libc.fplib
                0x000000000000b694       0x22 /usr/local/lib/gcc/avr/4.8.4/../../../../avr/lib/avr5/libm.a(fp_round.o)
                0x000000000000b694                __fp_round
 .text.avr-libc.fplib
                0x000000000000b6b6       0x44 /usr/local/lib/gcc/avr/4.8.4/../../../../avr/lib/avr5/libm.a(fp_split3.o)
                0x000000000000b6b6                __fp_split3
                0x000000000000b6c6                __fp_splitA
 .text.avr-libc.fplib
                0x000000000000b6fa        0xe /usr/local/lib/gcc/avr/4.8.4/../../../../avr/lib/avr5/libm.a(fp_zero.o)
                0x000000000000b6fa                __fp_zero
                0x000000000000b6fc                __fp_szero
 .text.avr-libc.fplib
                0x000000000000b708        0x8 /usr/local/lib/gcc/avr/4.8.4/../../../../avr/lib/avr5/libm.a(gesf2.o)
                0x000000000000b708                __gtsf2
                0x000000000000b708                __gesf2
 .text.avr-libc.fplib
                0x000000000000b710        0x4 /usr/local/lib/gcc/avr/4.8.4/../../../../avr/lib/avr5/libm.a(mulsf3.o)
                0x000000000000b710                __mulsf3
 .text.avr-libc.fplib
                0x000000000000b714       0xc2 /usr/local/lib/gcc/avr/4.8.4/../../../../avr/lib/avr5/libm.a(mulsf3x.o)
                0x000000000000b728                __mulsf3x
                0x000000000000b72c                __mulsf3_pse
                0x000000000000b7d6                . = ALIGN (0x2)
 *(.fini9)
 .fini9         0x000000000000b7d6        0x0 /usr/local/lib/gcc/avr/4.8.4/avr5/libgcc.a(_exit.o)
                0x000000000000b7d6                exit
                0x000000000000b7d6                _exit
 *(.fini9)
 *(.fini8)
 *(.fini8)
 *(.fini7)
 *(.fini7)
 *(.fini6)
 *(.fini6)
 *(.fini5)
 *(.fini5)
 *(.fini4)
 *(.fini4)
 *(.fini3)
 *(.fini3)
 *(.fini2)
 *(.fini2)
 *(.fini1)
 *(.fini1)
 *(.fini0)
 .fini0         0x000000000000b7d6        0x4 /usr/local/lib/gcc/avr/4.8.4/avr5/libgcc.a(_exit.o)
 *(.fini0)
                0x000000000000b7da                _etext = .

.data           0x0000000000800100       0x44 load address 0x000000000000b7da
                0x0000000000800100                PROVIDE (__data_start, .)
 *(.data)
 .data          0x0000000000800100        0x1 uzeboxVideoEngine.o
                0x0000000000800100                spritesOn
 .data          0x0000000000800101       0x43 TankFu.o
                0x0000000000800104                scores
                0x0000000000800124                handles
 *(.data*)
 *(.rodata)
 *(.rodata*)
 *(.gnu.linkonce.d*)
                0x0000000000800144                . = ALIGN (0x2)
                0x0000000000800144                _edata = .
                0x0000000000800144                PROVIDE (__data_end, .)

.bss            0x0000000000800144      0xe8b
                0x0000000000800144                PROVIDE (__bss_start, .)
 *(.bss)
 *fill*         0x0000000000800144       0x1c 
 .bss           0x0000000000800160      0x9a0 uzeboxVideoEngineCore.o
                0x0000000000800160                vram
                0x00000000008004a8                sprites
                0x00000000008004a8                overlay_vram
                0x00000000008004d8                ram_tiles
                0x0000000000800a98                ram_tiles_restore
                0x0000000000800add                sprites_tile_banks
                0x0000000000800ae8                Screen
                0x0000000000800aec                sync_phase
                0x0000000000800aed                sync_pulse
                0x0000000000800aee                sync_flags
                0x0000000000800af3                first_render_line
                0x0000000000800af4                render_lines_count
                0x0000000000800af5                first_render_line_tmp
                0x0000000000800af6                render_lines_count_tmp
                0x0000000000800af7                joypad1_status_lo
                0x0000000000800af9                joypad1_status_hi
                0x0000000000800afb                joypad2_status_lo
                0x0000000000800afd                joypad2_status_hi
 .bss           0x0000000000800b00        0x1 uzeboxSoundEngine.o
                0x0000000000800b00                playSong
 .bss           0x0000000000800b01       0x23 uzeboxSoundEngineCore.o
                0x0000000000800b01                sound_enabled
                0x0000000000800b02                mixer
                0x0000000000800b15                tr4_params
                0x0000000000800b16                tr4_barrel_lo
                0x0000000000800b17                tr4_barrel_hi
 .bss           0x0000000000800b24       0x12 TankFu.o
                0x0000000000800b24                p2s
                0x0000000000800b2a                p1s
 *(.bss*)
 *(COMMON)
 COMMON         0x0000000000800b36        0x1 uzeboxCore.o
                0x0000000000800b36                joypadsConnectionStatus
 COMMON         0x0000000000800b37       0x7e uzeboxSoundEngine.o
                0x0000000000800b37                songStart
                0x0000000000800b39                tracks
                0x0000000000800ba7                currDeltaTime
                0x0000000000800ba9                patchPointers
                0x0000000000800bab                lastStatus
                0x0000000000800bac                masterVolume
                0x0000000000800bad                nextDeltaTime
                0x0000000000800baf                songSpeed
                0x0000000000800bb0                songPos
                0x0000000000800bb2                loopStart
                0x0000000000800bb4                step
 COMMON         0x0000000000800bb5        0x6 uzeboxVideoEngine.o
                0x0000000000800bb5                fadeSpeed
                0x0000000000800bb6                fadeDir
                0x0000000000800bb7                free_tile_index
                0x0000000000800bb8                fadeActive
                0x0000000000800bb9                currFadeFrame
                0x0000000000800bba                fadeStep
 COMMON         0x0000000000800bbb      0x414 TankFu.o
                0x0000000000800bbb                p2
                0x0000000000800bc1                game
                0x0000000000800bc5                tile_animations
                0x0000000000800bde                player1
                0x0000000000800c5c                p1
                0x0000000000800c62                level
                0x0000000000800f51                player2
                0x0000000000800fcf                PROVIDE (__bss_end, .)
                0x000000000000b7da                __data_load_start = LOADADDR (.data)
                0x000000000000b81e                __data_load_end = (__data_load_start + SIZEOF (.data))

.noinit         0x0000000000800fcf        0x0
                0x0000000000800fcf                PROVIDE (__noinit_start, .)
 *(.noinit*)
                0x0000000000800fcf                PROVIDE (__noinit_end, .)
                0x0000000000800fcf                _end = .
                0x0000000000800fcf                PROVIDE (__heap_start, .)

.eeprom         0x0000000000810000        0x0
 *(.eeprom*)
                0x0000000000810000                __eeprom_end = .

.fuse
 *(.fuse)
 *(.lfuse)
 *(.hfuse)
 *(.efuse)

.lock
 *(.lock*)

.signature
 *(.signature*)

.stab           0x0000000000000000      0x648
 *(.stab)
 .stab          0x0000000000000000       0xf0 /usr/local/lib/gcc/avr/4.8.4/avr5/libgcc.a(_udivmodqi4.o)
 .stab          0x00000000000000f0      0x15c /usr/local/lib/gcc/avr/4.8.4/avr5/libgcc.a(_udivmodhi4.o)
                                        0x168 (size before relaxing)
 .stab          0x000000000000024c      0x138 /usr/local/lib/gcc/avr/4.8.4/avr5/libgcc.a(_divmodhi4.o)
                                        0x144 (size before relaxing)
 .stab          0x0000000000000384       0x6c /usr/local/lib/gcc/avr/4.8.4/avr5/libgcc.a(_exit.o)
                                         0x78 (size before relaxing)
 .stab          0x00000000000003f0       0xcc /usr/local/lib/gcc/avr/4.8.4/avr5/libgcc.a(_tablejump.o)
                                         0xd8 (size before relaxing)
 .stab          0x00000000000004bc       0xd8 /usr/local/lib/gcc/avr/4.8.4/avr5/libgcc.a(_copy_data.o)
                                         0xe4 (size before relaxing)
 .stab          0x0000000000000594       0xb4 /usr/local/lib/gcc/avr/4.8.4/avr5/libgcc.a(_clear_bss.o)
                                         0xc0 (size before relaxing)

.stabstr        0x0000000000000000      0x2b4
 *(.stabstr)
 .stabstr       0x0000000000000000      0x2b4 /usr/local/lib/gcc/avr/4.8.4/avr5/libgcc.a(_udivmodqi4.o)

.stab.excl
 *(.stab.excl)

.stab.exclstr
 *(.stab.exclstr)

.stab.index
 *(.stab.index)

.stab.indexstr
 *(.stab.indexstr)

.comment        0x0000000000000000       0x11
 *(.comment)
 .comment       0x0000000000000000       0x11 uzeboxCore.o
                                         0x12 (size before relaxing)
 .comment       0x0000000000000011       0x12 uzeboxSoundEngine.o
 .comment       0x0000000000000011       0x12 uzeboxVideoEngine.o
 .comment       0x0000000000000011       0x12 TankFu.o

.note.gnu.build-id
 *(.note.gnu.build-id)

.debug
 *(.debug)

.line
 *(.line)

.debug_srcinfo
 *(.debug_srcinfo)

.debug_sfnames
 *(.debug_sfnames)

.debug_aranges  0x0000000000000000      0x560
 *(.debug_aranges)
 .debug_aranges
                0x0000000000000000       0xd0 uzeboxVideoEngineCore.o
 .debug_aranges
                0x00000000000000d0       0x80 uzeboxCore.o
 .debug_aranges
                0x0000000000000150       0xe8 uzeboxSoundEngine.o
 .debug_aranges
                0x0000000000000238       0x50 uzeboxSoundEngineCore.o
 .debug_aranges
                0x0000000000000288       0xf8 uzeboxVideoEngine.o
 .debug_aranges
                0x0000000000000380      0x1e0 TankFu.o

.debug_pubnames
 *(.debug_pubnames)

.debug_info     0x0000000000000000     0x7d44
 *(.debug_info .gnu.linkonce.wi.*)
 .debug_info    0x0000000000000000      0x672 /usr/local/lib/gcc/avr/4.8.4/../../../../avr/lib/avr5/crtm644.o
 .debug_info    0x0000000000000672       0x75 uzeboxVideoEngineCore.o
 .debug_info    0x00000000000006e7      0x9eb uzeboxCore.o
 .debug_info    0x00000000000010d2     0x1278 uzeboxSoundEngine.o
 .debug_info    0x000000000000234a       0x6c uzeboxSoundEngineCore.o
 .debug_info    0x00000000000023b6     0x1212 uzeboxVideoEngine.o
 .debug_info    0x00000000000035c8     0x477c TankFu.o

.debug_abbrev   0x0000000000000000     0x149b
 *(.debug_abbrev)
 .debug_abbrev  0x0000000000000000      0x619 /usr/local/lib/gcc/avr/4.8.4/../../../../avr/lib/avr5/crtm644.o
 .debug_abbrev  0x0000000000000619       0x12 uzeboxVideoEngineCore.o
 .debug_abbrev  0x000000000000062b      0x2e6 uzeboxCore.o
 .debug_abbrev  0x0000000000000911      0x307 uzeboxSoundEngine.o
 .debug_abbrev  0x0000000000000c18       0x12 uzeboxSoundEngineCore.o
 .debug_abbrev  0x0000000000000c2a      0x353 uzeboxVideoEngine.o
 .debug_abbrev  0x0000000000000f7d      0x51e TankFu.o

.debug_line     0x0000000000000000     0x1b2a
 *(.debug_line .debug_line.* .debug_line_end)
 .debug_line    0x0000000000000000       0x1d /usr/local/lib/gcc/avr/4.8.4/../../../../avr/lib/avr5/crtm644.o
 .debug_line    0x000000000000001d      0x47a uzeboxVideoEngineCore.o
 .debug_line    0x0000000000000497      0x265 uzeboxCore.o
 .debug_line    0x00000000000006fc      0x382 uzeboxSoundEngine.o
 .debug_line    0x0000000000000a7e      0x1a8 uzeboxSoundEngineCore.o
 .debug_line    0x0000000000000c26      0x478 uzeboxVideoEngine.o
 .debug_line    0x000000000000109e      0xa8c TankFu.o

.debug_frame    0x0000000000000000     0x1200
 *(.debug_frame)
 .debug_frame   0x0000000000000000      0x174 uzeboxCore.o
 .debug_frame   0x0000000000000174      0x248 uzeboxSoundEngine.o
 .debug_frame   0x00000000000003bc      0x4dc uzeboxVideoEngine.o
 .debug_frame   0x0000000000000898      0x968 TankFu.o

.debug_str      0x0000000000000000     0x18de
 *(.debug_str)
 .debug_str     0x0000000000000000      0x231 /usr/local/lib/gcc/avr/4.8.4/../../../../avr/lib/avr5/crtm644.o
 .debug_str     0x0000000000000231      0x48e uzeboxCore.o
                                        0x4de (size before relaxing)
 .debug_str     0x00000000000006bf      0x3c9 uzeboxSoundEngine.o
                                        0x604 (size before relaxing)
 .debug_str     0x0000000000000a88      0x286 uzeboxVideoEngine.o
                                        0x3f9 (size before relaxing)
 .debug_str     0x0000000000000d0e      0xbd0 TankFu.o
                                        0xf2d (size before relaxing)

.debug_loc      0x0000000000000000     0x70b7
 *(.debug_loc)
 .debug_loc     0x0000000000000000      0x87b uzeboxCore.o
 .debug_loc     0x000000000000087b     0x10fe uzeboxSoundEngine.o
 .debug_loc     0x0000000000001979     0x1db4 uzeboxVideoEngine.o
 .debug_loc     0x000000000000372d     0x398a TankFu.o

.debug_macinfo
 *(.debug_macinfo)

.debug_weaknames
 *(.debug_weaknames)

.debug_funcnames
 *(.debug_funcnames)

.debug_typenames
 *(.debug_typenames)

.debug_varnames
 *(.debug_varnames)

.debug_pubtypes
 *(.debug_pubtypes)

.debug_ranges   0x0000000000000000      0x608
 *(.debug_ranges)
 .debug_ranges  0x0000000000000000       0xc8 uzeboxVideoEngineCore.o
 .debug_ranges  0x00000000000000c8       0x70 uzeboxCore.o
 .debug_ranges  0x0000000000000138      0x120 uzeboxSoundEngine.o
 .debug_ranges  0x0000000000000258       0x48 uzeboxSoundEngineCore.o
 .debug_ranges  0x00000000000002a0      0x150 uzeboxVideoEngine.o
 .debug_ranges  0x00000000000003f0      0x218 TankFu.o

.debug_macro
 *(.debug_macro)
OUTPUT(TankFu.elf elf32-avr)
LOAD linker stubs
