Archive member included to satisfy reference by file (symbol)

/usr/local/lib/gcc/avr/4.9.2/avr5/libgcc.a(_udivmodqi4.o)
                              uzeboxVideoEngine.o (__udivmodqi4)
/usr/local/lib/gcc/avr/4.9.2/avr5/libgcc.a(_udivmodhi4.o)
                              uzeboxVideoEngine.o (__udivmodhi4)
/usr/local/lib/gcc/avr/4.9.2/avr5/libgcc.a(_divmodhi4.o)
                              uzeboxSoundEngine.o (__divmodhi4)
/usr/local/lib/gcc/avr/4.9.2/avr5/libgcc.a(_udivmodsi4.o)
                              uzeboxVideoEngine.o (__udivmodsi4)
/usr/local/lib/gcc/avr/4.9.2/avr5/libgcc.a(_exit.o)
                              /usr/local/lib/gcc/avr/4.9.2/../../../../avr/lib/avr5/crtm644.o (exit)
/usr/local/lib/gcc/avr/4.9.2/avr5/libgcc.a(_copy_data.o)
                              uzeboxVideoEngine.o (__do_copy_data)
/usr/local/lib/gcc/avr/4.9.2/avr5/libgcc.a(_clear_bss.o)
                              uzeboxCore.o (__do_clear_bss)
/usr/local/lib/gcc/avr/4.9.2/../../../../avr/lib/avr5/libm.a(addsf3.o)
                              TankFu.o (__subsf3)
/usr/local/lib/gcc/avr/4.9.2/../../../../avr/lib/avr5/libm.a(addsf3x.o)
                              /usr/local/lib/gcc/avr/4.9.2/../../../../avr/lib/avr5/libm.a(addsf3.o) (__addsf3x)
/usr/local/lib/gcc/avr/4.9.2/../../../../avr/lib/avr5/libm.a(cmpsf2.o)
                              TankFu.o (__eqsf2)
/usr/local/lib/gcc/avr/4.9.2/../../../../avr/lib/avr5/libm.a(divsf3.o)
                              TankFu.o (__divsf3)
/usr/local/lib/gcc/avr/4.9.2/../../../../avr/lib/avr5/libm.a(divsf3x.o)
                              /usr/local/lib/gcc/avr/4.9.2/../../../../avr/lib/avr5/libm.a(divsf3.o) (__divsf3x)
/usr/local/lib/gcc/avr/4.9.2/../../../../avr/lib/avr5/libm.a(fixsfsi.o)
                              TankFu.o (__fixsfsi)
/usr/local/lib/gcc/avr/4.9.2/../../../../avr/lib/avr5/libm.a(fixunssfsi.o)
                              TankFu.o (__fixunssfsi)
/usr/local/lib/gcc/avr/4.9.2/../../../../avr/lib/avr5/libm.a(floatsisf.o)
                              TankFu.o (__floatunsisf)
/usr/local/lib/gcc/avr/4.9.2/../../../../avr/lib/avr5/libm.a(fp_cmp.o)
                              /usr/local/lib/gcc/avr/4.9.2/../../../../avr/lib/avr5/libm.a(cmpsf2.o) (__fp_cmp)
/usr/local/lib/gcc/avr/4.9.2/../../../../avr/lib/avr5/libm.a(fp_inf.o)
                              /usr/local/lib/gcc/avr/4.9.2/../../../../avr/lib/avr5/libm.a(addsf3x.o) (__fp_inf)
/usr/local/lib/gcc/avr/4.9.2/../../../../avr/lib/avr5/libm.a(fp_nan.o)
                              /usr/local/lib/gcc/avr/4.9.2/../../../../avr/lib/avr5/libm.a(addsf3x.o) (__fp_nan)
/usr/local/lib/gcc/avr/4.9.2/../../../../avr/lib/avr5/libm.a(fp_pscA.o)
                              /usr/local/lib/gcc/avr/4.9.2/../../../../avr/lib/avr5/libm.a(addsf3x.o) (__fp_pscA)
/usr/local/lib/gcc/avr/4.9.2/../../../../avr/lib/avr5/libm.a(fp_pscB.o)
                              /usr/local/lib/gcc/avr/4.9.2/../../../../avr/lib/avr5/libm.a(addsf3x.o) (__fp_pscB)
/usr/local/lib/gcc/avr/4.9.2/../../../../avr/lib/avr5/libm.a(fp_round.o)
                              /usr/local/lib/gcc/avr/4.9.2/../../../../avr/lib/avr5/libm.a(addsf3.o) (__fp_round)
/usr/local/lib/gcc/avr/4.9.2/../../../../avr/lib/avr5/libm.a(fp_split3.o)
                              /usr/local/lib/gcc/avr/4.9.2/../../../../avr/lib/avr5/libm.a(addsf3x.o) (__fp_split3)
/usr/local/lib/gcc/avr/4.9.2/../../../../avr/lib/avr5/libm.a(fp_zero.o)
                              /usr/local/lib/gcc/avr/4.9.2/../../../../avr/lib/avr5/libm.a(addsf3x.o) (__fp_zero)
/usr/local/lib/gcc/avr/4.9.2/../../../../avr/lib/avr5/libm.a(gesf2.o)
                              TankFu.o (__gtsf2)
/usr/local/lib/gcc/avr/4.9.2/../../../../avr/lib/avr5/libm.a(mulsf3.o)
                              TankFu.o (__mulsf3)
/usr/local/lib/gcc/avr/4.9.2/../../../../avr/lib/avr5/libm.a(mulsf3x.o)
                              /usr/local/lib/gcc/avr/4.9.2/../../../../avr/lib/avr5/libm.a(mulsf3.o) (__mulsf3x)
/usr/local/lib/gcc/avr/4.9.2/../../../../avr/lib/avr5/libc.a(memcpy_P.o)
                              TankFu.o (memcpy_P)
/usr/local/lib/gcc/avr/4.9.2/../../../../avr/lib/avr5/libc.a(strnlen_P.o)
                              TankFu.o (strnlen_P)

Allocating common symbols
Common symbol       size              file

songStart           0x2               uzeboxSoundEngine.o
tracks              0x73              uzeboxSoundEngine.o
scores              0x20              TankFu.o
fadeSpeed           0x1               uzeboxVideoEngine.o
p2                  0x7               TankFu.o
currDeltaTime       0x2               uzeboxSoundEngine.o
fadeDir             0x1               uzeboxVideoEngine.o
patchPointers       0x2               uzeboxSoundEngine.o
handles             0x20              TankFu.o
game                0x16              TankFu.o
tile_animations     0x1d              TankFu.o
lastStatus          0x1               uzeboxSoundEngine.o
joypadsConnectionStatus
                    0x1               uzeboxCore.o
player1             0x7b              TankFu.o
fadeActive          0x1               uzeboxVideoEngine.o
p1                  0x7               TankFu.o
masterVolume        0x1               uzeboxSoundEngine.o
nextDeltaTime       0x2               uzeboxSoundEngine.o
songSpeed           0x1               uzeboxSoundEngine.o
songPos             0x2               uzeboxSoundEngine.o
level               0x2ef             TankFu.o
player2             0x7b              TankFu.o
loopStart           0x2               uzeboxSoundEngine.o
sub_animation       0xe               TankFu.o
scope_animation     0xe               TankFu.o
step                0x1               uzeboxSoundEngine.o
currFadeFrame       0x1               uzeboxVideoEngine.o
fadeStep            0x1               uzeboxVideoEngine.o
turret2             0x34              TankFu.o
turret1             0x34              TankFu.o

Discarded input sections

 .data          0x0000000000000000        0x0 /usr/local/lib/gcc/avr/4.9.2/../../../../avr/lib/avr5/crtm644.o
 .bss           0x0000000000000000        0x0 /usr/local/lib/gcc/avr/4.9.2/../../../../avr/lib/avr5/crtm644.o
 .data          0x0000000000000000        0x0 uzeboxVideoEngineCore.o
 .text.SetSpritesTileBank
                0x0000000000000000       0x12 uzeboxVideoEngineCore.o
 .text.GetTile  0x0000000000000000       0x1e uzeboxVideoEngineCore.o
 .text.GetVsyncCounter
                0x0000000000000000        0xa uzeboxVideoEngineCore.o
 .text.ClearVsyncCounter
                0x0000000000000000        0xa uzeboxVideoEngineCore.o
 .text.SetUserPreVsyncCallback
                0x0000000000000000        0xa uzeboxVideoEngineCore.o
 .text.SetUserPostVsyncCallback
                0x0000000000000000        0xa uzeboxVideoEngineCore.o
 .text.IsRunningInEmulator
                0x0000000000000000       0x12 uzeboxVideoEngineCore.o
 .text.WaitClocks
                0x0000000000000000        0x6 uzeboxVideoEngineCore.o
 .text.SetLedOn
                0x0000000000000000        0x4 uzeboxVideoEngineCore.o
 .text.SetLedOff
                0x0000000000000000        0x4 uzeboxVideoEngineCore.o
 .text.ToggleLed
                0x0000000000000000        0x4 uzeboxVideoEngineCore.o
 .text.internal_spi_byte
                0x0000000000000000        0xe uzeboxVideoEngineCore.o
 .text          0x0000000000000000        0x0 uzeboxCore.o
 .data          0x0000000000000000        0x0 uzeboxCore.o
 .text.SetRenderingParameters
                0x0000000000000000        0xa uzeboxCore.o
 .text.DetectControllers
                0x0000000000000000       0x36 uzeboxCore.o
 .text.FormatEeprom2
                0x0000000000000000       0x98 uzeboxCore.o
 .text.IsPowerSwitchPressed
                0x0000000000000000        0xe uzeboxCore.o
 .text          0x0000000000000000        0x0 uzeboxSoundEngine.o
 .data          0x0000000000000000        0x0 uzeboxSoundEngine.o
 .text.StartSong
                0x0000000000000000       0x52 uzeboxSoundEngine.o
 .text.StopSong
                0x0000000000000000       0x1c uzeboxSoundEngine.o
 .text.ResumeSong
                0x0000000000000000        0x8 uzeboxSoundEngine.o
 .text.SetSongSpeed
                0x0000000000000000        0x6 uzeboxSoundEngine.o
 .text.GetSongSpeed
                0x0000000000000000        0x6 uzeboxSoundEngine.o
 .text.GetMasterVolume
                0x0000000000000000        0x6 uzeboxSoundEngine.o
 .text.IsSongPlaying
                0x0000000000000000        0x6 uzeboxSoundEngine.o
 .data          0x0000000000000000        0x0 uzeboxSoundEngineCore.o
 .text.SetMixerNoiseParams
                0x0000000000000000       0x10 uzeboxSoundEngineCore.o
 .text.SetMixerVolume
                0x0000000000000000       0x16 uzeboxSoundEngineCore.o
 .text.EnableSoundEngine
                0x0000000000000000        0x8 uzeboxSoundEngineCore.o
 .text          0x0000000000000000        0x0 uzeboxVideoEngine.o
 .bss           0x0000000000000000        0x0 uzeboxVideoEngine.o
 .text.SetUserRamTilesCount
                0x0000000000000000        0x6 uzeboxVideoEngine.o
 .text.GetUserRamTile
                0x0000000000000000        0xe uzeboxVideoEngine.o
 .text.SetSpriteVisibility
                0x0000000000000000        0x6 uzeboxVideoEngine.o
 .text.MapSprite
                0x0000000000000000       0x80 uzeboxVideoEngine.o
 .text.PrintLong
                0x0000000000000000       0x8a uzeboxVideoEngine.o
 .text.PrintInt
                0x0000000000000000       0x70 uzeboxVideoEngine.o
 .text.PrintBinaryByte
                0x0000000000000000       0x36 uzeboxVideoEngine.o
 .text.PrintHexByte
                0x0000000000000000       0x40 uzeboxVideoEngine.o
 .text.PrintHexInt
                0x0000000000000000       0x24 uzeboxVideoEngine.o
 .text.PrintHexLong
                0x0000000000000000       0x5e uzeboxVideoEngine.o
 .text.PrintRam
                0x0000000000000000       0x36 uzeboxVideoEngine.o
 .text.Fill     0x0000000000000000       0x6e uzeboxVideoEngine.o
 .text.FontFill
                0x0000000000000000       0x6c uzeboxVideoEngine.o
 .text          0x0000000000000000        0x0 TankFu.o
 .text.LBPrintByte
                0x0000000000000000       0x6c TankFu.o
 .text.LBWaitUs
                0x0000000000000000        0x4 TankFu.o
 .text.save_eeprom
                0x0000000000000000        0x4 TankFu.o
 .text.turret_map
                0x0000000000000000       0x14 TankFu.o
 .text.turret_shot_map
                0x0000000000000000       0x14 TankFu.o
 .text          0x0000000000000000        0x0 /usr/local/lib/gcc/avr/4.9.2/avr5/libgcc.a(_udivmodqi4.o)
 .data          0x0000000000000000        0x0 /usr/local/lib/gcc/avr/4.9.2/avr5/libgcc.a(_udivmodqi4.o)
 .bss           0x0000000000000000        0x0 /usr/local/lib/gcc/avr/4.9.2/avr5/libgcc.a(_udivmodqi4.o)
 .text.libgcc.mul
                0x0000000000000000        0x0 /usr/local/lib/gcc/avr/4.9.2/avr5/libgcc.a(_udivmodqi4.o)
 .text.libgcc   0x0000000000000000        0x0 /usr/local/lib/gcc/avr/4.9.2/avr5/libgcc.a(_udivmodqi4.o)
 .text.libgcc.prologue
                0x0000000000000000        0x0 /usr/local/lib/gcc/avr/4.9.2/avr5/libgcc.a(_udivmodqi4.o)
 .text.libgcc.builtins
                0x0000000000000000        0x0 /usr/local/lib/gcc/avr/4.9.2/avr5/libgcc.a(_udivmodqi4.o)
 .text.libgcc.fmul
                0x0000000000000000        0x0 /usr/local/lib/gcc/avr/4.9.2/avr5/libgcc.a(_udivmodqi4.o)
 .text.libgcc.fixed
                0x0000000000000000        0x0 /usr/local/lib/gcc/avr/4.9.2/avr5/libgcc.a(_udivmodqi4.o)
 .text          0x0000000000000000        0x0 /usr/local/lib/gcc/avr/4.9.2/avr5/libgcc.a(_udivmodhi4.o)
 .data          0x0000000000000000        0x0 /usr/local/lib/gcc/avr/4.9.2/avr5/libgcc.a(_udivmodhi4.o)
 .bss           0x0000000000000000        0x0 /usr/local/lib/gcc/avr/4.9.2/avr5/libgcc.a(_udivmodhi4.o)
 .text.libgcc.mul
                0x0000000000000000        0x0 /usr/local/lib/gcc/avr/4.9.2/avr5/libgcc.a(_udivmodhi4.o)
 .text.libgcc   0x0000000000000000        0x0 /usr/local/lib/gcc/avr/4.9.2/avr5/libgcc.a(_udivmodhi4.o)
 .text.libgcc.prologue
                0x0000000000000000        0x0 /usr/local/lib/gcc/avr/4.9.2/avr5/libgcc.a(_udivmodhi4.o)
 .text.libgcc.builtins
                0x0000000000000000        0x0 /usr/local/lib/gcc/avr/4.9.2/avr5/libgcc.a(_udivmodhi4.o)
 .text.libgcc.fmul
                0x0000000000000000        0x0 /usr/local/lib/gcc/avr/4.9.2/avr5/libgcc.a(_udivmodhi4.o)
 .text.libgcc.fixed
                0x0000000000000000        0x0 /usr/local/lib/gcc/avr/4.9.2/avr5/libgcc.a(_udivmodhi4.o)
 .text          0x0000000000000000        0x0 /usr/local/lib/gcc/avr/4.9.2/avr5/libgcc.a(_divmodhi4.o)
 .data          0x0000000000000000        0x0 /usr/local/lib/gcc/avr/4.9.2/avr5/libgcc.a(_divmodhi4.o)
 .bss           0x0000000000000000        0x0 /usr/local/lib/gcc/avr/4.9.2/avr5/libgcc.a(_divmodhi4.o)
 .text.libgcc.mul
                0x0000000000000000        0x0 /usr/local/lib/gcc/avr/4.9.2/avr5/libgcc.a(_divmodhi4.o)
 .text.libgcc   0x0000000000000000        0x0 /usr/local/lib/gcc/avr/4.9.2/avr5/libgcc.a(_divmodhi4.o)
 .text.libgcc.prologue
                0x0000000000000000        0x0 /usr/local/lib/gcc/avr/4.9.2/avr5/libgcc.a(_divmodhi4.o)
 .text.libgcc.builtins
                0x0000000000000000        0x0 /usr/local/lib/gcc/avr/4.9.2/avr5/libgcc.a(_divmodhi4.o)
 .text.libgcc.fmul
                0x0000000000000000        0x0 /usr/local/lib/gcc/avr/4.9.2/avr5/libgcc.a(_divmodhi4.o)
 .text.libgcc.fixed
                0x0000000000000000        0x0 /usr/local/lib/gcc/avr/4.9.2/avr5/libgcc.a(_divmodhi4.o)
 .text          0x0000000000000000        0x0 /usr/local/lib/gcc/avr/4.9.2/avr5/libgcc.a(_udivmodsi4.o)
 .data          0x0000000000000000        0x0 /usr/local/lib/gcc/avr/4.9.2/avr5/libgcc.a(_udivmodsi4.o)
 .bss           0x0000000000000000        0x0 /usr/local/lib/gcc/avr/4.9.2/avr5/libgcc.a(_udivmodsi4.o)
 .stab          0x0000000000000000      0x228 /usr/local/lib/gcc/avr/4.9.2/avr5/libgcc.a(_udivmodsi4.o)
                                        0x234 (size before relaxing)
 .text.libgcc.mul
                0x0000000000000000        0x0 /usr/local/lib/gcc/avr/4.9.2/avr5/libgcc.a(_udivmodsi4.o)
 .text.libgcc.div
                0x0000000000000000       0x44 /usr/local/lib/gcc/avr/4.9.2/avr5/libgcc.a(_udivmodsi4.o)
 .text.libgcc   0x0000000000000000        0x0 /usr/local/lib/gcc/avr/4.9.2/avr5/libgcc.a(_udivmodsi4.o)
 .text.libgcc.prologue
                0x0000000000000000        0x0 /usr/local/lib/gcc/avr/4.9.2/avr5/libgcc.a(_udivmodsi4.o)
 .text.libgcc.builtins
                0x0000000000000000        0x0 /usr/local/lib/gcc/avr/4.9.2/avr5/libgcc.a(_udivmodsi4.o)
 .text.libgcc.fmul
                0x0000000000000000        0x0 /usr/local/lib/gcc/avr/4.9.2/avr5/libgcc.a(_udivmodsi4.o)
 .text.libgcc.fixed
                0x0000000000000000        0x0 /usr/local/lib/gcc/avr/4.9.2/avr5/libgcc.a(_udivmodsi4.o)
 .text          0x0000000000000000        0x0 /usr/local/lib/gcc/avr/4.9.2/avr5/libgcc.a(_exit.o)
 .data          0x0000000000000000        0x0 /usr/local/lib/gcc/avr/4.9.2/avr5/libgcc.a(_exit.o)
 .bss           0x0000000000000000        0x0 /usr/local/lib/gcc/avr/4.9.2/avr5/libgcc.a(_exit.o)
 .text.libgcc.mul
                0x0000000000000000        0x0 /usr/local/lib/gcc/avr/4.9.2/avr5/libgcc.a(_exit.o)
 .text.libgcc.div
                0x0000000000000000        0x0 /usr/local/lib/gcc/avr/4.9.2/avr5/libgcc.a(_exit.o)
 .text.libgcc   0x0000000000000000        0x0 /usr/local/lib/gcc/avr/4.9.2/avr5/libgcc.a(_exit.o)
 .text.libgcc.prologue
                0x0000000000000000        0x0 /usr/local/lib/gcc/avr/4.9.2/avr5/libgcc.a(_exit.o)
 .text.libgcc.builtins
                0x0000000000000000        0x0 /usr/local/lib/gcc/avr/4.9.2/avr5/libgcc.a(_exit.o)
 .text.libgcc.fmul
                0x0000000000000000        0x0 /usr/local/lib/gcc/avr/4.9.2/avr5/libgcc.a(_exit.o)
 .text.libgcc.fixed
                0x0000000000000000        0x0 /usr/local/lib/gcc/avr/4.9.2/avr5/libgcc.a(_exit.o)
 .text          0x0000000000000000        0x0 /usr/local/lib/gcc/avr/4.9.2/avr5/libgcc.a(_copy_data.o)
 .data          0x0000000000000000        0x0 /usr/local/lib/gcc/avr/4.9.2/avr5/libgcc.a(_copy_data.o)
 .bss           0x0000000000000000        0x0 /usr/local/lib/gcc/avr/4.9.2/avr5/libgcc.a(_copy_data.o)
 .text.libgcc.mul
                0x0000000000000000        0x0 /usr/local/lib/gcc/avr/4.9.2/avr5/libgcc.a(_copy_data.o)
 .text.libgcc.div
                0x0000000000000000        0x0 /usr/local/lib/gcc/avr/4.9.2/avr5/libgcc.a(_copy_data.o)
 .text.libgcc   0x0000000000000000        0x0 /usr/local/lib/gcc/avr/4.9.2/avr5/libgcc.a(_copy_data.o)
 .text.libgcc.prologue
                0x0000000000000000        0x0 /usr/local/lib/gcc/avr/4.9.2/avr5/libgcc.a(_copy_data.o)
 .text.libgcc.builtins
                0x0000000000000000        0x0 /usr/local/lib/gcc/avr/4.9.2/avr5/libgcc.a(_copy_data.o)
 .text.libgcc.fmul
                0x0000000000000000        0x0 /usr/local/lib/gcc/avr/4.9.2/avr5/libgcc.a(_copy_data.o)
 .text.libgcc.fixed
                0x0000000000000000        0x0 /usr/local/lib/gcc/avr/4.9.2/avr5/libgcc.a(_copy_data.o)
 .text          0x0000000000000000        0x0 /usr/local/lib/gcc/avr/4.9.2/avr5/libgcc.a(_clear_bss.o)
 .data          0x0000000000000000        0x0 /usr/local/lib/gcc/avr/4.9.2/avr5/libgcc.a(_clear_bss.o)
 .bss           0x0000000000000000        0x0 /usr/local/lib/gcc/avr/4.9.2/avr5/libgcc.a(_clear_bss.o)
 .text.libgcc.mul
                0x0000000000000000        0x0 /usr/local/lib/gcc/avr/4.9.2/avr5/libgcc.a(_clear_bss.o)
 .text.libgcc.div
                0x0000000000000000        0x0 /usr/local/lib/gcc/avr/4.9.2/avr5/libgcc.a(_clear_bss.o)
 .text.libgcc   0x0000000000000000        0x0 /usr/local/lib/gcc/avr/4.9.2/avr5/libgcc.a(_clear_bss.o)
 .text.libgcc.prologue
                0x0000000000000000        0x0 /usr/local/lib/gcc/avr/4.9.2/avr5/libgcc.a(_clear_bss.o)
 .text.libgcc.builtins
                0x0000000000000000        0x0 /usr/local/lib/gcc/avr/4.9.2/avr5/libgcc.a(_clear_bss.o)
 .text.libgcc.fmul
                0x0000000000000000        0x0 /usr/local/lib/gcc/avr/4.9.2/avr5/libgcc.a(_clear_bss.o)
 .text.libgcc.fixed
                0x0000000000000000        0x0 /usr/local/lib/gcc/avr/4.9.2/avr5/libgcc.a(_clear_bss.o)
 .text          0x0000000000000000        0x0 /usr/local/lib/gcc/avr/4.9.2/../../../../avr/lib/avr5/libm.a(addsf3.o)
 .data          0x0000000000000000        0x0 /usr/local/lib/gcc/avr/4.9.2/../../../../avr/lib/avr5/libm.a(addsf3.o)
 .bss           0x0000000000000000        0x0 /usr/local/lib/gcc/avr/4.9.2/../../../../avr/lib/avr5/libm.a(addsf3.o)
 .text          0x0000000000000000        0x0 /usr/local/lib/gcc/avr/4.9.2/../../../../avr/lib/avr5/libm.a(addsf3x.o)
 .data          0x0000000000000000        0x0 /usr/local/lib/gcc/avr/4.9.2/../../../../avr/lib/avr5/libm.a(addsf3x.o)
 .bss           0x0000000000000000        0x0 /usr/local/lib/gcc/avr/4.9.2/../../../../avr/lib/avr5/libm.a(addsf3x.o)
 .text          0x0000000000000000        0x0 /usr/local/lib/gcc/avr/4.9.2/../../../../avr/lib/avr5/libm.a(cmpsf2.o)
 .data          0x0000000000000000        0x0 /usr/local/lib/gcc/avr/4.9.2/../../../../avr/lib/avr5/libm.a(cmpsf2.o)
 .bss           0x0000000000000000        0x0 /usr/local/lib/gcc/avr/4.9.2/../../../../avr/lib/avr5/libm.a(cmpsf2.o)
 .text          0x0000000000000000        0x0 /usr/local/lib/gcc/avr/4.9.2/../../../../avr/lib/avr5/libm.a(divsf3.o)
 .data          0x0000000000000000        0x0 /usr/local/lib/gcc/avr/4.9.2/../../../../avr/lib/avr5/libm.a(divsf3.o)
 .bss           0x0000000000000000        0x0 /usr/local/lib/gcc/avr/4.9.2/../../../../avr/lib/avr5/libm.a(divsf3.o)
 .text          0x0000000000000000        0x0 /usr/local/lib/gcc/avr/4.9.2/../../../../avr/lib/avr5/libm.a(divsf3x.o)
 .data          0x0000000000000000        0x0 /usr/local/lib/gcc/avr/4.9.2/../../../../avr/lib/avr5/libm.a(divsf3x.o)
 .bss           0x0000000000000000        0x0 /usr/local/lib/gcc/avr/4.9.2/../../../../avr/lib/avr5/libm.a(divsf3x.o)
 .text          0x0000000000000000        0x0 /usr/local/lib/gcc/avr/4.9.2/../../../../avr/lib/avr5/libm.a(fixsfsi.o)
 .data          0x0000000000000000        0x0 /usr/local/lib/gcc/avr/4.9.2/../../../../avr/lib/avr5/libm.a(fixsfsi.o)
 .bss           0x0000000000000000        0x0 /usr/local/lib/gcc/avr/4.9.2/../../../../avr/lib/avr5/libm.a(fixsfsi.o)
 .text          0x0000000000000000        0x0 /usr/local/lib/gcc/avr/4.9.2/../../../../avr/lib/avr5/libm.a(fixunssfsi.o)
 .data          0x0000000000000000        0x0 /usr/local/lib/gcc/avr/4.9.2/../../../../avr/lib/avr5/libm.a(fixunssfsi.o)
 .bss           0x0000000000000000        0x0 /usr/local/lib/gcc/avr/4.9.2/../../../../avr/lib/avr5/libm.a(fixunssfsi.o)
 .text          0x0000000000000000        0x0 /usr/local/lib/gcc/avr/4.9.2/../../../../avr/lib/avr5/libm.a(floatsisf.o)
 .data          0x0000000000000000        0x0 /usr/local/lib/gcc/avr/4.9.2/../../../../avr/lib/avr5/libm.a(floatsisf.o)
 .bss           0x0000000000000000        0x0 /usr/local/lib/gcc/avr/4.9.2/../../../../avr/lib/avr5/libm.a(floatsisf.o)
 .text          0x0000000000000000        0x0 /usr/local/lib/gcc/avr/4.9.2/../../../../avr/lib/avr5/libm.a(fp_cmp.o)
 .data          0x0000000000000000        0x0 /usr/local/lib/gcc/avr/4.9.2/../../../../avr/lib/avr5/libm.a(fp_cmp.o)
 .bss           0x0000000000000000        0x0 /usr/local/lib/gcc/avr/4.9.2/../../../../avr/lib/avr5/libm.a(fp_cmp.o)
 .text          0x0000000000000000        0x0 /usr/local/lib/gcc/avr/4.9.2/../../../../avr/lib/avr5/libm.a(fp_inf.o)
 .data          0x0000000000000000        0x0 /usr/local/lib/gcc/avr/4.9.2/../../../../avr/lib/avr5/libm.a(fp_inf.o)
 .bss           0x0000000000000000        0x0 /usr/local/lib/gcc/avr/4.9.2/../../../../avr/lib/avr5/libm.a(fp_inf.o)
 .text          0x0000000000000000        0x0 /usr/local/lib/gcc/avr/4.9.2/../../../../avr/lib/avr5/libm.a(fp_nan.o)
 .data          0x0000000000000000        0x0 /usr/local/lib/gcc/avr/4.9.2/../../../../avr/lib/avr5/libm.a(fp_nan.o)
 .bss           0x0000000000000000        0x0 /usr/local/lib/gcc/avr/4.9.2/../../../../avr/lib/avr5/libm.a(fp_nan.o)
 .text          0x0000000000000000        0x0 /usr/local/lib/gcc/avr/4.9.2/../../../../avr/lib/avr5/libm.a(fp_pscA.o)
 .data          0x0000000000000000        0x0 /usr/local/lib/gcc/avr/4.9.2/../../../../avr/lib/avr5/libm.a(fp_pscA.o)
 .bss           0x0000000000000000        0x0 /usr/local/lib/gcc/avr/4.9.2/../../../../avr/lib/avr5/libm.a(fp_pscA.o)
 .text          0x0000000000000000        0x0 /usr/local/lib/gcc/avr/4.9.2/../../../../avr/lib/avr5/libm.a(fp_pscB.o)
 .data          0x0000000000000000        0x0 /usr/local/lib/gcc/avr/4.9.2/../../../../avr/lib/avr5/libm.a(fp_pscB.o)
 .bss           0x0000000000000000        0x0 /usr/local/lib/gcc/avr/4.9.2/../../../../avr/lib/avr5/libm.a(fp_pscB.o)
 .text          0x0000000000000000        0x0 /usr/local/lib/gcc/avr/4.9.2/../../../../avr/lib/avr5/libm.a(fp_round.o)
 .data          0x0000000000000000        0x0 /usr/local/lib/gcc/avr/4.9.2/../../../../avr/lib/avr5/libm.a(fp_round.o)
 .bss           0x0000000000000000        0x0 /usr/local/lib/gcc/avr/4.9.2/../../../../avr/lib/avr5/libm.a(fp_round.o)
 .text          0x0000000000000000        0x0 /usr/local/lib/gcc/avr/4.9.2/../../../../avr/lib/avr5/libm.a(fp_split3.o)
 .data          0x0000000000000000        0x0 /usr/local/lib/gcc/avr/4.9.2/../../../../avr/lib/avr5/libm.a(fp_split3.o)
 .bss           0x0000000000000000        0x0 /usr/local/lib/gcc/avr/4.9.2/../../../../avr/lib/avr5/libm.a(fp_split3.o)
 .text          0x0000000000000000        0x0 /usr/local/lib/gcc/avr/4.9.2/../../../../avr/lib/avr5/libm.a(fp_zero.o)
 .data          0x0000000000000000        0x0 /usr/local/lib/gcc/avr/4.9.2/../../../../avr/lib/avr5/libm.a(fp_zero.o)
 .bss           0x0000000000000000        0x0 /usr/local/lib/gcc/avr/4.9.2/../../../../avr/lib/avr5/libm.a(fp_zero.o)
 .text          0x0000000000000000        0x0 /usr/local/lib/gcc/avr/4.9.2/../../../../avr/lib/avr5/libm.a(gesf2.o)
 .data          0x0000000000000000        0x0 /usr/local/lib/gcc/avr/4.9.2/../../../../avr/lib/avr5/libm.a(gesf2.o)
 .bss           0x0000000000000000        0x0 /usr/local/lib/gcc/avr/4.9.2/../../../../avr/lib/avr5/libm.a(gesf2.o)
 .text          0x0000000000000000        0x0 /usr/local/lib/gcc/avr/4.9.2/../../../../avr/lib/avr5/libm.a(mulsf3.o)
 .data          0x0000000000000000        0x0 /usr/local/lib/gcc/avr/4.9.2/../../../../avr/lib/avr5/libm.a(mulsf3.o)
 .bss           0x0000000000000000        0x0 /usr/local/lib/gcc/avr/4.9.2/../../../../avr/lib/avr5/libm.a(mulsf3.o)
 .text          0x0000000000000000        0x0 /usr/local/lib/gcc/avr/4.9.2/../../../../avr/lib/avr5/libm.a(mulsf3x.o)
 .data          0x0000000000000000        0x0 /usr/local/lib/gcc/avr/4.9.2/../../../../avr/lib/avr5/libm.a(mulsf3x.o)
 .bss           0x0000000000000000        0x0 /usr/local/lib/gcc/avr/4.9.2/../../../../avr/lib/avr5/libm.a(mulsf3x.o)
 .text          0x0000000000000000        0x0 /usr/local/lib/gcc/avr/4.9.2/../../../../avr/lib/avr5/libc.a(memcpy_P.o)
 .data          0x0000000000000000        0x0 /usr/local/lib/gcc/avr/4.9.2/../../../../avr/lib/avr5/libc.a(memcpy_P.o)
 .bss           0x0000000000000000        0x0 /usr/local/lib/gcc/avr/4.9.2/../../../../avr/lib/avr5/libc.a(memcpy_P.o)
 .text          0x0000000000000000        0x0 /usr/local/lib/gcc/avr/4.9.2/../../../../avr/lib/avr5/libc.a(strnlen_P.o)
 .data          0x0000000000000000        0x0 /usr/local/lib/gcc/avr/4.9.2/../../../../avr/lib/avr5/libc.a(strnlen_P.o)
 .bss           0x0000000000000000        0x0 /usr/local/lib/gcc/avr/4.9.2/../../../../avr/lib/avr5/libc.a(strnlen_P.o)

Memory Configuration

Name             Origin             Length             Attributes
text             0x0000000000000000 0x0000000000020000 xr
data             0x0000000000800060 0x000000000000ffa0 rw !x
eeprom           0x0000000000810000 0x0000000000010000 rw !x
fuse             0x0000000000820000 0x0000000000000400 rw !x
lock             0x0000000000830000 0x0000000000000400 rw !x
signature        0x0000000000840000 0x0000000000000400 rw !x
*default*        0x0000000000000000 0xffffffffffffffff

Linker script and memory map

Address of section .data set to 0x800100
LOAD /usr/local/lib/gcc/avr/4.9.2/../../../../avr/lib/avr5/crtm644.o
LOAD uzeboxVideoEngineCore.o
LOAD uzeboxCore.o
LOAD uzeboxSoundEngine.o
LOAD uzeboxSoundEngineCore.o
LOAD uzeboxVideoEngine.o
LOAD TankFu.o
START GROUP
LOAD /usr/local/lib/gcc/avr/4.9.2/avr5/libgcc.a
LOAD /usr/local/lib/gcc/avr/4.9.2/../../../../avr/lib/avr5/libm.a
LOAD /usr/local/lib/gcc/avr/4.9.2/../../../../avr/lib/avr5/libc.a
END GROUP

.hash
 *(.hash)

.dynsym
 *(.dynsym)

.dynstr
 *(.dynstr)

.gnu.version
 *(.gnu.version)

.gnu.version_d
 *(.gnu.version_d)

.gnu.version_r
 *(.gnu.version_r)

.rel.init
 *(.rel.init)

.rela.init
 *(.rela.init)

.rel.text
 *(.rel.text)
 *(.rel.text.*)
 *(.rel.gnu.linkonce.t*)

.rela.text
 *(.rela.text)
 *(.rela.text.*)
 *(.rela.gnu.linkonce.t*)

.rel.fini
 *(.rel.fini)

.rela.fini
 *(.rela.fini)

.rel.rodata
 *(.rel.rodata)
 *(.rel.rodata.*)
 *(.rel.gnu.linkonce.r*)

.rela.rodata
 *(.rela.rodata)
 *(.rela.rodata.*)
 *(.rela.gnu.linkonce.r*)

.rel.data
 *(.rel.data)
 *(.rel.data.*)
 *(.rel.gnu.linkonce.d*)

.rela.data
 *(.rela.data)
 *(.rela.data.*)
 *(.rela.gnu.linkonce.d*)

.rel.ctors
 *(.rel.ctors)

.rela.ctors
 *(.rela.ctors)

.rel.dtors
 *(.rel.dtors)

.rela.dtors
 *(.rela.dtors)

.rel.got
 *(.rel.got)

.rela.got
 *(.rela.got)

.rel.bss
 *(.rel.bss)

.rela.bss
 *(.rela.bss)

.rel.plt
 *(.rel.plt)

.rela.plt
 *(.rela.plt)

.text           0x0000000000000000     0xec02
 *(.vectors)
 .vectors       0x0000000000000000       0x70 /usr/local/lib/gcc/avr/4.9.2/../../../../avr/lib/avr5/crtm644.o
                0x0000000000000000                __vectors
                0x0000000000000000                __vector_default
 *(.vectors)
 *(.progmem.gcc*)
                0x0000000000000070                . = ALIGN (0x2)
                0x0000000000000070                __trampolines_start = .
 *(.trampolines)
 .trampolines   0x0000000000000070        0x0 linker stubs
 *(.trampolines*)
                0x0000000000000070                __trampolines_end = .
 *(.progmem*)
 .progmem.data  0x0000000000000070       0x4e uzeboxCore.o
                0x0000000000000070                io_table
                0x000000000000009e                eeprom_format_table
 .progmem.data  0x00000000000000be       0x1e uzeboxSoundEngine.o
                0x00000000000000be                patchCommands
 .progmem.data  0x00000000000000dc        0xc uzeboxVideoEngine.o
                0x00000000000000dc                fader
 .progmem.data  0x00000000000000e8     0x7dbe TankFu.o
                0x00000000000000e8                strCredits
                0x000000000000012e                default_scores
                0x000000000000014c                default_handles
                0x000000000000016a                strLevels
                0x000000000000021a                strPaused
                0x0000000000000221                strExit
                0x000000000000022a                strTotal
                0x0000000000000231                strScore
                0x0000000000000238                strBanterClear
                0x0000000000000247                banter_map
                0x00000000000002dd                strFinalScore
                0x00000000000002e9                strBy
                0x00000000000002ec                strOwns
                0x00000000000002f1                strChangeHandle
                0x0000000000000300                strPlayer2
                0x0000000000000303                strPlayer1
                0x0000000000000306                strVertSep
                0x0000000000000308                strUnderline
                0x0000000000000314                strHandlesTitle
                0x0000000000000320                strHighscores
                0x000000000000032a                strCopyright
                0x000000000000033f                strSelectHandle
                0x000000000000034e                strCancelHandle
                0x0000000000000359                strReset
                0x0000000000000372                strConfirmHandle
                0x0000000000000384                str2Player
                0x0000000000000395                str1Player
                0x00000000000003a3                my_patches
                0x00000000000003f4                ad_alarm
                0x0000000000000516                ad_navigate
                0x0000000000000688                ad_metal
                0x00000000000008a8                ad_item
                0x0000000000000a59                ad_cannonball
                0x0000000000000ca0                ad_brick_explode
                0x0000000000001385                ad_banter
                0x0000000000001ad6                level_data
                0x0000000000003b10                sprites_data
                0x0000000000004450                map_sub_turret
                0x0000000000004453                map_sub_shot
                0x0000000000004456                map_up_arrow
                0x0000000000004459                map_down_arrow
                0x000000000000445c                map_right_arrow
                0x000000000000445f                map_rocket_right_1
                0x0000000000004462                map_rocket_right_0
                0x0000000000004465                map_rocket_up_1
                0x0000000000004468                map_rocket_up_0
                0x000000000000446b                map_ball
                0x000000000000446e                map_explosion_2
                0x0000000000004474                map_explosion_1
                0x000000000000447a                map_explosion_0
                0x0000000000004480                map_tank2_right_0
                0x0000000000004486                map_tank2_up_0
                0x000000000000448c                map_tank1_right_0
                0x0000000000004492                map_tank1_up_0
                0x0000000000004498                map_tank_blank
                0x000000000000449e                map_none
                0x00000000000044a1                tiles_data
                0x0000000000007b61                map_sub_emerging
                0x0000000000007c97                map_sub
                0x0000000000007dcd                map_scope_2
                0x0000000000007dd0                map_scope_1
                0x0000000000007dd3                map_scope_0
                0x0000000000007dd6                map_blue_tank
                0x0000000000007ddc                map_green_tank
                0x0000000000007de2                map_fence
                0x0000000000007de5                map_turf
                0x0000000000007de8                map_water
                0x0000000000007deb                map_metal_bl
                0x0000000000007dee                map_metal_tr
                0x0000000000007df1                map_metal_br
                0x0000000000007df4                map_metal_tl
                0x0000000000007df7                map_tile_exp_2
                0x0000000000007dfa                map_tile_exp_1
                0x0000000000007dfd                map_tile_exp_0
                0x0000000000007e00                map_rocket_itm
                0x0000000000007e03                map_explode_itm
                0x0000000000007e06                map_speed_itm
                0x0000000000007e09                map_metal
                0x0000000000007e0c                map_brick
                0x0000000000007e0f                map_splash
                0x0000000000007e65                map_pause
                0x0000000000007ea3                map_tile_none
                0x0000000000007ea6                . = ALIGN (0x2)
 *(.jumptables)
 *(.jumptables*)
 *(.lowtext)
 *(.lowtext*)
                0x0000000000007ea6                __ctors_start = .
 *(.ctors)
                0x0000000000007ea6                __ctors_end = .
                0x0000000000007ea6                __dtors_start = .
 *(.dtors)
                0x0000000000007ea6                __dtors_end = .
 SORT(*)(.ctors)
 SORT(*)(.dtors)
 *(.init0)
 .init0         0x0000000000007ea6        0x0 /usr/local/lib/gcc/avr/4.9.2/../../../../avr/lib/avr5/crtm644.o
                0x0000000000007ea6                __init
 *(.init0)
 *(.init1)
 *(.init1)
 *(.init2)
 .init2         0x0000000000007ea6        0xc /usr/local/lib/gcc/avr/4.9.2/../../../../avr/lib/avr5/crtm644.o
 *(.init2)
 *(.init3)
 *(.init3)
 *(.init4)
 .init4         0x0000000000007eb2       0x16 /usr/local/lib/gcc/avr/4.9.2/avr5/libgcc.a(_copy_data.o)
                0x0000000000007eb2                __do_copy_data
 .init4         0x0000000000007ec8       0x10 /usr/local/lib/gcc/avr/4.9.2/avr5/libgcc.a(_clear_bss.o)
                0x0000000000007ec8                __do_clear_bss
 *(.init4)
 *(.init5)
 *(.init5)
 *(.init6)
 *(.init6)
 *(.init7)
 .init7         0x0000000000007ed8       0x16 uzeboxCore.o
                0x0000000000007ed8                wdt_init
 *(.init7)
 *(.init8)
 .init8         0x0000000000007eee       0x82 uzeboxCore.o
                0x0000000000007eee                Initialize
 *(.init8)
 *(.init9)
 .init9         0x0000000000007f70        0x8 /usr/local/lib/gcc/avr/4.9.2/../../../../avr/lib/avr5/crtm644.o
 *(.init9)
 *(.text)
 .text          0x0000000000007f78        0x4 /usr/local/lib/gcc/avr/4.9.2/../../../../avr/lib/avr5/crtm644.o
                0x0000000000007f78                __vector_20
                0x0000000000007f78                __vector_1
                0x0000000000007f78                __vector_24
                0x0000000000007f78                __vector_12
                0x0000000000007f78                __bad_interrupt
                0x0000000000007f78                __vector_6
                0x0000000000007f78                __vector_3
                0x0000000000007f78                __vector_23
                0x0000000000007f78                __vector_25
                0x0000000000007f78                __vector_11
                0x0000000000007f78                __vector_17
                0x0000000000007f78                __vector_19
                0x0000000000007f78                __vector_7
                0x0000000000007f78                __vector_27
                0x0000000000007f78                __vector_5
                0x0000000000007f78                __vector_4
                0x0000000000007f78                __vector_9
                0x0000000000007f78                __vector_2
                0x0000000000007f78                __vector_21
                0x0000000000007f78                __vector_15
                0x0000000000007f78                __vector_26
                0x0000000000007f78                __vector_10
                0x0000000000007f78                __vector_16
                0x0000000000007f78                __vector_18
                0x0000000000007f78                __vector_22
 .text          0x0000000000007f7c      0x672 uzeboxVideoEngineCore.o
                0x00000000000080ec                CopyFlashTile
                0x000000000000820a                CopyRamTile
                0x0000000000008324                RestoreBackground
                0x000000000000834a                BlitSpritePart
                0x0000000000008418                __vector_13
                0x0000000000008496                __vector_14
 .text          0x00000000000085ee      0x180 uzeboxSoundEngineCore.o
                0x00000000000085ee                process_music
                0x00000000000085fa                update_sound
                0x000000000000876e                . = ALIGN (0x2)
 *(.text.*)
 .text.SetSpritesTileTable
                0x000000000000876e        0xa uzeboxVideoEngineCore.o
                0x000000000000876e                SetSpritesTileTable
 .text.ClearVram
                0x0000000000008778       0x14 uzeboxVideoEngineCore.o
                0x0000000000008778                ClearVram
 .text.SetFont  0x000000000000878c        0x8 uzeboxVideoEngineCore.o
                0x000000000000878c                SetFont
 .text.SetTile  0x0000000000008794       0x1c uzeboxVideoEngineCore.o
                0x0000000000008794                SetTile
 .text.SetFontTilesIndex
                0x00000000000087b0        0x6 uzeboxVideoEngineCore.o
                0x00000000000087b0                SetFontTilesIndex
 .text.SetTileTable
                0x00000000000087b6        0xa uzeboxVideoEngineCore.o
                0x00000000000087b6                SetTileTable
 .text.GetVsyncFlag
                0x00000000000087c0        0x8 uzeboxVideoEngineCore.o
                0x00000000000087c0                GetVsyncFlag
 .text.ClearVsyncFlag
                0x00000000000087c8        0xc uzeboxVideoEngineCore.o
                0x00000000000087c8                ClearVsyncFlag
 .text.ReadJoypad
                0x00000000000087d4       0x18 uzeboxVideoEngineCore.o
                0x00000000000087d4                ReadJoypad
 .text.WaitUs   0x00000000000087ec        0xe uzeboxVideoEngineCore.o
                0x00000000000087ec                WaitUs
 .text.WriteEeprom
                0x00000000000087fa       0x14 uzeboxVideoEngineCore.o
                0x00000000000087fa                WriteEeprom
 .text.ReadEeprom
                0x000000000000880e       0x12 uzeboxVideoEngineCore.o
                0x000000000000880e                ReadEeprom
 .text.wdt_randomize
                0x0000000000008820       0x50 uzeboxVideoEngineCore.o
                0x0000000000008820                wdt_randomize
 .text.GetTrueRandomSeed
                0x0000000000008870        0xa uzeboxVideoEngineCore.o
                0x0000000000008870                GetTrueRandomSeed
 .text.__vector_8
                0x000000000000887a       0x44 uzeboxVideoEngineCore.o
                0x000000000000887a                __vector_8
 .text.SoftReset
                0x00000000000088be       0x16 uzeboxCore.o
                0x00000000000088be                SoftReset
 .text.ReadButtons
                0x00000000000088d4       0x6c uzeboxCore.o
                0x00000000000088d4                ReadButtons
 .text.ReadControllers
                0x0000000000008940       0x20 uzeboxCore.o
                0x0000000000008940                ReadControllers
 .text.FormatEeprom
                0x0000000000008960       0x44 uzeboxCore.o
                0x0000000000008960                FormatEeprom
 .text.isEepromFormatted
                0x00000000000089a4       0x2e uzeboxCore.o
                0x00000000000089a4                isEepromFormatted
 .text.EepromBlockExists
                0x00000000000089d2       0xa4 uzeboxCore.o
                0x00000000000089d2                EepromBlockExists
 .text.EepromWriteBlock
                0x0000000000008a76       0x94 uzeboxCore.o
                0x0000000000008a76                EepromWriteBlock
 .text.EepromReadBlock
                0x0000000000008b0a       0x66 uzeboxCore.o
                0x0000000000008b0a                EepromReadBlock
 .text.GetPrngNumber
                0x0000000000008b70       0x5c uzeboxCore.o
                0x0000000000008b70                GetPrngNumber
 .text.PatchCommand00
                0x0000000000008bcc        0x6 uzeboxSoundEngine.o
                0x0000000000008bcc                PatchCommand00
 .text.PatchCommand01
                0x0000000000008bd2       0x10 uzeboxSoundEngine.o
                0x0000000000008bd2                PatchCommand01
 .text.PatchCommand05
                0x0000000000008be2        0xa uzeboxSoundEngine.o
                0x0000000000008be2                PatchCommand05
 .text.PatchCommand06
                0x0000000000008bec        0xa uzeboxSoundEngine.o
                0x0000000000008bec                PatchCommand06
 .text.PatchCommand07
                0x0000000000008bf6        0x6 uzeboxSoundEngine.o
                0x0000000000008bf6                PatchCommand07
 .text.PatchCommand09
                0x0000000000008bfc        0x6 uzeboxSoundEngine.o
                0x0000000000008bfc                PatchCommand09
 .text.PatchCommand10
                0x0000000000008c02        0x6 uzeboxSoundEngine.o
                0x0000000000008c02                PatchCommand10
 .text.PatchCommand11
                0x0000000000008c08       0x76 uzeboxSoundEngine.o
                0x0000000000008c08                PatchCommand11
 .text.PatchCommand12
                0x0000000000008c7e        0x6 uzeboxSoundEngine.o
                0x0000000000008c7e                PatchCommand12
 .text.PatchCommand13
                0x0000000000008c84        0x6 uzeboxSoundEngine.o
                0x0000000000008c84                PatchCommand13
 .text.PatchCommand02
                0x0000000000008c8a        0x8 uzeboxSoundEngine.o
                0x0000000000008c8a                PatchCommand02
 .text.PatchCommand03
                0x0000000000008c92        0xe uzeboxSoundEngine.o
                0x0000000000008c92                PatchCommand03
 .text.PatchCommand04
                0x0000000000008ca0       0x10 uzeboxSoundEngine.o
                0x0000000000008ca0                PatchCommand04
 .text.PatchCommand08
                0x0000000000008cb0       0x20 uzeboxSoundEngine.o
                0x0000000000008cb0                PatchCommand08
 .text.PatchCommand14
                0x0000000000008cd0       0x54 uzeboxSoundEngine.o
                0x0000000000008cd0                PatchCommand14
 .text.InitMusicPlayer
                0x0000000000008d24       0x44 uzeboxSoundEngine.o
                0x0000000000008d24                InitMusicPlayer
 .text.ReadVarLen
                0x0000000000008d68       0x4c uzeboxSoundEngine.o
                0x0000000000008d68                ReadVarLen
 .text.TriggerCommon
                0x0000000000008db4      0x11c uzeboxSoundEngine.o
                0x0000000000008db4                TriggerCommon
 .text.TriggerFx
                0x0000000000008ed0       0x90 uzeboxSoundEngine.o
                0x0000000000008ed0                TriggerFx
 .text.TriggerNote
                0x0000000000008f60       0x80 uzeboxSoundEngine.o
                0x0000000000008f60                TriggerNote
 .text.ProcessMusic
                0x0000000000008fe0      0x43e uzeboxSoundEngine.o
                0x0000000000008fe0                ProcessMusic
 .text.SetMasterVolume
                0x000000000000941e        0x6 uzeboxSoundEngine.o
                0x000000000000941e                SetMasterVolume
 .text.SetMixerNote
                0x0000000000009424       0x2e uzeboxSoundEngineCore.o
                0x0000000000009424                SetMixerNote
 .text.SetMixerWave
                0x0000000000009452       0x3a uzeboxSoundEngineCore.o
                0x0000000000009452                SetMixerWave
 *fill*         0x000000000000948c       0x74 
 .text.DisableSoundEngine
                0x0000000000009500      0xc00 uzeboxSoundEngineCore.o
                0x0000000000009500                DisableSoundEngine
                0x0000000000009508                steptable
                0x0000000000009700                waves
 .text.ProcessSprites
                0x000000000000a100      0x1cc uzeboxVideoEngine.o
                0x000000000000a100                ProcessSprites
 .text.MapSprite2
                0x000000000000a2cc       0xa4 uzeboxVideoEngine.o
                0x000000000000a2cc                MapSprite2
 .text.MoveSprite
                0x000000000000a370       0x4a uzeboxVideoEngine.o
                0x000000000000a370                MoveSprite
 .text.DisplayLogo
                0x000000000000a3ba        0x2 uzeboxVideoEngine.o
                0x000000000000a3ba                DisplayLogo
 .text.InitializeVideoMode
                0x000000000000a3bc       0x1c uzeboxVideoEngine.o
                0x000000000000a3bc                InitializeVideoMode
 .text.DrawMap  0x000000000000a3d8       0x9a uzeboxVideoEngine.o
                0x000000000000a3d8                DrawMap2
                0x000000000000a3d8                DrawMap
 .text.PrintByte
                0x000000000000a472       0x66 uzeboxVideoEngine.o
                0x000000000000a472                PrintByte
 .text.Print    0x000000000000a4d8       0x36 uzeboxVideoEngine.o
                0x000000000000a4d8                Print
 .text.PrintChar
                0x000000000000a50e        0x6 uzeboxVideoEngine.o
                0x000000000000a50e                PrintChar
 .text.WaitVsync
                0x000000000000a514       0x2e uzeboxVideoEngine.o
                0x000000000000a514                WaitVsync
 .text.doFade   0x000000000000a542       0x1c uzeboxVideoEngine.o
                0x000000000000a542                doFade
 .text.FadeIn   0x000000000000a55e       0x18 uzeboxVideoEngine.o
                0x000000000000a55e                FadeIn
 .text.FadeOut  0x000000000000a576       0x18 uzeboxVideoEngine.o
                0x000000000000a576                FadeOut
 .text.ProcessFading
                0x000000000000a58e       0x4a uzeboxVideoEngine.o
                0x000000000000a58e                ProcessFading
 .text.VideoModeVsync
                0x000000000000a5d8        0x4 uzeboxVideoEngine.o
                0x000000000000a5d8                VideoModeVsync
 .text.LBGetNextFrame
                0x000000000000a5dc       0x4a TankFu.o
                0x000000000000a5dc                LBGetNextFrame
 .text.LBGetNextFrameReverse
                0x000000000000a626       0x58 TankFu.o
                0x000000000000a626                LBGetNextFrameReverse
 .text.LBGetJoyPadState
                0x000000000000a67e       0x96 TankFu.o
                0x000000000000a67e                LBGetJoyPadState
 .text.LBCopyChars
                0x000000000000a714       0x18 TankFu.o
                0x000000000000a714                LBCopyChars
 .text.LBPrintStr
                0x000000000000a72c       0x62 TankFu.o
                0x000000000000a72c                LBPrintStr
 .text.LBCollides
                0x000000000000a78e       0x54 TankFu.o
                0x000000000000a78e                LBCollides
 .text.LBLineIntersect
                0x000000000000a7e2      0x1ac TankFu.o
                0x000000000000a7e2                LBLineIntersect
 .text.LBRandom
                0x000000000000a98e       0x36 TankFu.o
                0x000000000000a98e                LBRandom
 .text.LBWaitSeconds
                0x000000000000a9c4       0x1e TankFu.o
                0x000000000000a9c4                LBWaitSeconds
 .text.LBHideAllSprites
                0x000000000000a9e2       0x14 TankFu.o
                0x000000000000a9e2                LBHideAllSprites
 .text.init_scores
                0x000000000000a9f6       0x18 TankFu.o
                0x000000000000a9f6                init_scores
 .text.init_handles
                0x000000000000aa0e       0x18 TankFu.o
                0x000000000000aa0e                init_handles
 .text.init_tile_animations
                0x000000000000aa26       0x4e TankFu.o
                0x000000000000aa26                init_tile_animations
 .text.init_scope_animation
                0x000000000000aa74       0x30 TankFu.o
                0x000000000000aa74                init_scope_animation
 .text.init_sub_animation
                0x000000000000aaa4       0x28 TankFu.o
                0x000000000000aaa4                init_sub_animation
 .text.init_shot_state
                0x000000000000aacc       0x3a TankFu.o
                0x000000000000aacc                init_shot_state
 .text.set_shot_animations
                0x000000000000ab06       0x64 TankFu.o
                0x000000000000ab06                set_shot_animations
 .text.init_turret
                0x000000000000ab6a       0x64 TankFu.o
                0x000000000000ab6a                init_turret
 .text.init_player
                0x000000000000abce       0xea TankFu.o
                0x000000000000abce                init_player
 .text.player_init_shot_state
                0x000000000000acb8        0xe TankFu.o
                0x000000000000acb8                player_init_shot_state
 .text.init_game_state
                0x000000000000acc6       0x54 TankFu.o
                0x000000000000acc6                init_game_state
 .text.player_spawn
                0x000000000000ad1a       0x50 TankFu.o
                0x000000000000ad1a                player_spawn
 .text.waitForVSync
                0x000000000000ad6a       0x10 TankFu.o
                0x000000000000ad6a                waitForVSync
 .text.load_eeprom
                0x000000000000ad7a       0x24 TankFu.o
                0x000000000000ad7a                load_eeprom
 .text.fade_through
                0x000000000000ad9e       0x14 TankFu.o
                0x000000000000ad9e                fade_through
 .text.clear_sprites
                0x000000000000adb2       0x1a TankFu.o
                0x000000000000adb2                clear_sprites
 .text.save_score
                0x000000000000adcc       0xe0 TankFu.o
                0x000000000000adcc                save_score
 .text.position_shot
                0x000000000000aeac       0xda TankFu.o
                0x000000000000aeac                position_shot
 .text.print_level_score
                0x000000000000af86       0x84 TankFu.o
                0x000000000000af86                print_level_score
 .text.print_final_score
                0x000000000000b00a       0xb4 TankFu.o
                0x000000000000b00a                print_final_score
 .text.shoot_pressed
                0x000000000000b0be       0x14 TankFu.o
                0x000000000000b0be                shoot_pressed
 .text.get_delta
                0x000000000000b0d2       0x42 TankFu.o
                0x000000000000b0d2                get_delta
 .text.render_hud
                0x000000000000b114       0x3a TankFu.o
                0x000000000000b114                render_hud
 .text.render_score
                0x000000000000b14e       0x38 TankFu.o
                0x000000000000b14e                render_score
 .text.render_banter
                0x000000000000b186       0x50 TankFu.o
                0x000000000000b186                render_banter
 .text.render_player
                0x000000000000b1d6       0x52 TankFu.o
                0x000000000000b1d6                render_player
 .text.render_shot
                0x000000000000b228       0x58 TankFu.o
                0x000000000000b228                render_shot
 .text.render_tile_explosions
                0x000000000000b280       0x6a TankFu.o
                0x000000000000b280                render_tile_explosions
 .text.render_scope
                0x000000000000b2ea       0x34 TankFu.o
                0x000000000000b2ea                render_scope
 .text.tank_map
                0x000000000000b31e       0xd2 TankFu.o
                0x000000000000b31e                tank_map
 .text.shot_map
                0x000000000000b3f0       0x58 TankFu.o
                0x000000000000b3f0                shot_map
 .text.recoil_sprite
                0x000000000000b448       0xb4 TankFu.o
                0x000000000000b448                recoil_sprite
 .text.recoil_sprite_fine
                0x000000000000b4fc       0x6c TankFu.o
                0x000000000000b4fc                recoil_sprite_fine
 .text.solid_square_tile
                0x000000000000b568       0x24 TankFu.o
                0x000000000000b568                solid_square_tile
 .text.solid_directional_tile
                0x000000000000b58c       0x2c TankFu.o
                0x000000000000b58c                solid_directional_tile
 .text.solid_tile
                0x000000000000b5b8       0x28 TankFu.o
                0x000000000000b5b8                solid_tile
 .text.collides_directional_tile
                0x000000000000b5e0      0x148 TankFu.o
                0x000000000000b5e0                collides_directional_tile
 .text.player_shot
                0x000000000000b728       0xbe TankFu.o
                0x000000000000b728                player_shot
 .text.turret_shot
                0x000000000000b7e6       0x9c TankFu.o
                0x000000000000b7e6                turret_shot
 .text.collision_detect_boundries
                0x000000000000b882       0x9c TankFu.o
                0x000000000000b882                collision_detect_boundries
 .text.drop_item
                0x000000000000b91e       0x68 TankFu.o
                0x000000000000b91e                drop_item
 .text.kill_player
                0x000000000000b986       0xb0 TankFu.o
                0x000000000000b986                kill_player
 .text.get_interesting_tile_indexes_shot
                0x000000000000ba36       0x44 TankFu.o
                0x000000000000ba36                get_interesting_tile_indexes_shot
 .text.explode_tile
                0x000000000000ba7a       0x7c TankFu.o
                0x000000000000ba7a                explode_tile
 .text.richochet
                0x000000000000baf6       0x42 TankFu.o
                0x000000000000baf6                richochet
 .text.collision_detect_shot
                0x000000000000bb38      0x438 TankFu.o
                0x000000000000bb38                collision_detect_shot
 .text.get_interesting_tile_indexes
                0x000000000000bf70       0x60 TankFu.o
                0x000000000000bf70                get_interesting_tile_indexes
 .text.explode_player
                0x000000000000bfd0       0x42 TankFu.o
                0x000000000000bfd0                explode_player
 .text.slide    0x000000000000c012      0x176 TankFu.o
                0x000000000000c012                slide
 .text.collision_detect_player
                0x000000000000c188      0x33c TankFu.o
                0x000000000000c188                collision_detect_player
 .text.load_level_tiles
                0x000000000000c4c4       0xe6 TankFu.o
                0x000000000000c4c4                load_level_tiles
 .text.prep_player
                0x000000000000c5aa       0x24 TankFu.o
                0x000000000000c5aa                prep_player
 .text.load_level
                0x000000000000c5ce      0x148 TankFu.o
                0x000000000000c5ce                load_level
 .text.level_transition
                0x000000000000c716       0x60 TankFu.o
                0x000000000000c716                level_transition
 .text.render_boss_fight_scope_load
                0x000000000000c776       0x1e TankFu.o
                0x000000000000c776                render_boss_fight_scope_load
 .text.render_boss_fight_sub_load
                0x000000000000c794       0x5a TankFu.o
                0x000000000000c794                render_boss_fight_sub_load
 .text.render_boss_fight_sub_sinking
                0x000000000000c7ee       0x2a TankFu.o
                0x000000000000c7ee                render_boss_fight_sub_sinking
 .text.render_boss_turret
                0x000000000000c818       0x52 TankFu.o
                0x000000000000c818                render_boss_turret
 .text.render_boss_turret_shot
                0x000000000000c86a       0x52 TankFu.o
                0x000000000000c86a                render_boss_turret_shot
 .text.update_turret
                0x000000000000c8bc      0x12a TankFu.o
                0x000000000000c8bc                update_turret
 .text.update_turret_shot
                0x000000000000c9e6      0x10e TankFu.o
                0x000000000000c9e6                update_turret_shot
 .text.load_splash
                0x000000000000caf4       0x70 TankFu.o
                0x000000000000caf4                load_splash
 .text.select_pressed
                0x000000000000cb64       0x14 TankFu.o
                0x000000000000cb64                select_pressed
 .text.load_tank_rank
                0x000000000000cb78      0x136 TankFu.o
                0x000000000000cb78                load_tank_rank
 .text.exit_game
                0x000000000000ccae       0x10 TankFu.o
                0x000000000000ccae                exit_game
 .text.update_player
                0x000000000000ccbe      0x358 TankFu.o
                0x000000000000ccbe                update_player
 .text.resolve_scoring
                0x000000000000d016      0x18a TankFu.o
                0x000000000000d016                resolve_scoring
 .text.update_level
                0x000000000000d1a0      0x484 TankFu.o
                0x000000000000d1a0                update_level
 .text.update_tank_rank
                0x000000000000d624       0xb2 TankFu.o
                0x000000000000d624                update_tank_rank
 .text._handle_select_helper
                0x000000000000d6d6      0x1c0 TankFu.o
                0x000000000000d6d6                _handle_select_helper
 .text._handle_select_render_helper
                0x000000000000d896      0x17c TankFu.o
                0x000000000000d896                _handle_select_render_helper
 .text.load_handle_select
                0x000000000000da12      0x10a TankFu.o
                0x000000000000da12                load_handle_select
 .text.update_splash
                0x000000000000db1c      0x1b0 TankFu.o
                0x000000000000db1c                update_splash
 .text.update_handle_select
                0x000000000000dccc       0x9c TankFu.o
                0x000000000000dccc                update_handle_select
 .text.button_map
                0x000000000000dd68       0x2c TankFu.o
                0x000000000000dd68                button_map
 .text.crash_and_turn
                0x000000000000dd94      0x1fc TankFu.o
                0x000000000000dd94                crash_and_turn
 .text.get_cpu_goal_direction
                0x000000000000df90       0x66 TankFu.o
                0x000000000000df90                get_cpu_goal_direction
 .text.get_cpu_joypad_state
                0x000000000000dff6      0x568 TankFu.o
                0x000000000000dff6                get_cpu_joypad_state
 .text.stream_text_middle
                0x000000000000e55e       0x96 TankFu.o
                0x000000000000e55e                stream_text_middle
 .text.load_credits
                0x000000000000e5f4       0x1c TankFu.o
                0x000000000000e5f4                load_credits
 .text.startup.main
                0x000000000000e610      0x128 TankFu.o
                0x000000000000e610                main
 .text.libgcc.div
                0x000000000000e738       0x18 /usr/local/lib/gcc/avr/4.9.2/avr5/libgcc.a(_udivmodqi4.o)
                0x000000000000e738                __udivmodqi4
 .text.libgcc.div
                0x000000000000e750       0x28 /usr/local/lib/gcc/avr/4.9.2/avr5/libgcc.a(_udivmodhi4.o)
                0x000000000000e750                __udivmodhi4
 .text.libgcc.div
                0x000000000000e778       0x28 /usr/local/lib/gcc/avr/4.9.2/avr5/libgcc.a(_divmodhi4.o)
                0x000000000000e778                __divmodhi4
                0x000000000000e778                _div
 .text.avr-libc.fplib
                0x000000000000e7a0        0xa /usr/local/lib/gcc/avr/4.9.2/../../../../avr/lib/avr5/libm.a(addsf3.o)
                0x000000000000e7a0                __subsf3
                0x000000000000e7a2                __addsf3
 .text.avr-libc.fplib
                0x000000000000e7aa       0xc0 /usr/local/lib/gcc/avr/4.9.2/../../../../avr/lib/avr5/libm.a(addsf3x.o)
                0x000000000000e7c4                __addsf3x
 .text.avr-libc.fplib
                0x000000000000e86a        0x8 /usr/local/lib/gcc/avr/4.9.2/../../../../avr/lib/avr5/libm.a(cmpsf2.o)
                0x000000000000e86a                __lesf2
                0x000000000000e86a                __nesf2
                0x000000000000e86a                __eqsf2
                0x000000000000e86a                __cmpsf2
                0x000000000000e86a                __ltsf2
 .text.avr-libc.fplib
                0x000000000000e872        0x4 /usr/local/lib/gcc/avr/4.9.2/../../../../avr/lib/avr5/libm.a(divsf3.o)
                0x000000000000e872                __divsf3
 .text.avr-libc.fplib
                0x000000000000e876       0xcc /usr/local/lib/gcc/avr/4.9.2/../../../../avr/lib/avr5/libm.a(divsf3x.o)
                0x000000000000e88c                __divsf3x
                0x000000000000e890                __divsf3_pse
 .text.avr-libc.fplib
                0x000000000000e942        0xa /usr/local/lib/gcc/avr/4.9.2/../../../../avr/lib/avr5/libm.a(fixsfsi.o)
                0x000000000000e942                __fixsfsi
 .text.avr-libc.fplib
                0x000000000000e94c       0x58 /usr/local/lib/gcc/avr/4.9.2/../../../../avr/lib/avr5/libm.a(fixunssfsi.o)
                0x000000000000e94c                __fixunssfsi
 .text.avr-libc.fplib
                0x000000000000e9a4       0x7a /usr/local/lib/gcc/avr/4.9.2/../../../../avr/lib/avr5/libm.a(floatsisf.o)
                0x000000000000e9a4                __floatunsisf
                0x000000000000e9a8                __floatsisf
 .text.avr-libc.fplib
                0x000000000000ea1e       0x48 /usr/local/lib/gcc/avr/4.9.2/../../../../avr/lib/avr5/libm.a(fp_cmp.o)
                0x000000000000ea1e                __fp_cmp
 .text.avr-libc.fplib
                0x000000000000ea66        0xc /usr/local/lib/gcc/avr/4.9.2/../../../../avr/lib/avr5/libm.a(fp_inf.o)
                0x000000000000ea66                __fp_inf
 .text.avr-libc.fplib
                0x000000000000ea72        0x6 /usr/local/lib/gcc/avr/4.9.2/../../../../avr/lib/avr5/libm.a(fp_nan.o)
                0x000000000000ea72                __fp_nan
 .text.avr-libc.fplib
                0x000000000000ea78        0xe /usr/local/lib/gcc/avr/4.9.2/../../../../avr/lib/avr5/libm.a(fp_pscA.o)
                0x000000000000ea78                __fp_pscA
 .text.avr-libc.fplib
                0x000000000000ea86        0xe /usr/local/lib/gcc/avr/4.9.2/../../../../avr/lib/avr5/libm.a(fp_pscB.o)
                0x000000000000ea86                __fp_pscB
 .text.avr-libc.fplib
                0x000000000000ea94       0x22 /usr/local/lib/gcc/avr/4.9.2/../../../../avr/lib/avr5/libm.a(fp_round.o)
                0x000000000000ea94                __fp_round
 .text.avr-libc.fplib
                0x000000000000eab6       0x44 /usr/local/lib/gcc/avr/4.9.2/../../../../avr/lib/avr5/libm.a(fp_split3.o)
                0x000000000000eab6                __fp_split3
                0x000000000000eac6                __fp_splitA
 .text.avr-libc.fplib
                0x000000000000eafa        0xe /usr/local/lib/gcc/avr/4.9.2/../../../../avr/lib/avr5/libm.a(fp_zero.o)
                0x000000000000eafa                __fp_zero
                0x000000000000eafc                __fp_szero
 .text.avr-libc.fplib
                0x000000000000eb08        0x8 /usr/local/lib/gcc/avr/4.9.2/../../../../avr/lib/avr5/libm.a(gesf2.o)
                0x000000000000eb08                __gtsf2
                0x000000000000eb08                __gesf2
 .text.avr-libc.fplib
                0x000000000000eb10        0x4 /usr/local/lib/gcc/avr/4.9.2/../../../../avr/lib/avr5/libm.a(mulsf3.o)
                0x000000000000eb10                __mulsf3
 .text.avr-libc.fplib
                0x000000000000eb14       0xc2 /usr/local/lib/gcc/avr/4.9.2/../../../../avr/lib/avr5/libm.a(mulsf3x.o)
                0x000000000000eb28                __mulsf3x
                0x000000000000eb2c                __mulsf3_pse
 .text.avr-libc
                0x000000000000ebd6       0x12 /usr/local/lib/gcc/avr/4.9.2/../../../../avr/lib/avr5/libc.a(memcpy_P.o)
                0x000000000000ebd6                memcpy_P
 .text.avr-libc
                0x000000000000ebe8       0x16 /usr/local/lib/gcc/avr/4.9.2/../../../../avr/lib/avr5/libc.a(strnlen_P.o)
                0x000000000000ebe8                strnlen_P
                0x000000000000ebfe                . = ALIGN (0x2)
 *(.fini9)
 .fini9         0x000000000000ebfe        0x0 /usr/local/lib/gcc/avr/4.9.2/avr5/libgcc.a(_exit.o)
                0x000000000000ebfe                exit
                0x000000000000ebfe                _exit
 *(.fini9)
 *(.fini8)
 *(.fini8)
 *(.fini7)
 *(.fini7)
 *(.fini6)
 *(.fini6)
 *(.fini5)
 *(.fini5)
 *(.fini4)
 *(.fini4)
 *(.fini3)
 *(.fini3)
 *(.fini2)
 *(.fini2)
 *(.fini1)
 *(.fini1)
 *(.fini0)
 .fini0         0x000000000000ebfe        0x4 /usr/local/lib/gcc/avr/4.9.2/avr5/libgcc.a(_exit.o)
 *(.fini0)
                0x000000000000ec02                _etext = .

.data           0x0000000000800100        0x4 load address 0x000000000000ec02
                0x0000000000800100                PROVIDE (__data_start, .)
 *(.data)
 .data          0x0000000000800100        0x1 uzeboxVideoEngine.o
 .data          0x0000000000800101        0x2 TankFu.o
                0x0000000000800101                global_frame_counter
 *(.data*)
 *(.rodata)
 *(.rodata*)
 *(.gnu.linkonce.d*)
                0x0000000000800104                . = ALIGN (0x2)
 *fill*         0x0000000000800103        0x1 
                0x0000000000800104                _edata = .
                0x0000000000800104                PROVIDE (__data_end, .)

.bss            0x0000000000800104      0xfa5
                0x0000000000800104                PROVIDE (__bss_start, .)
 *(.bss)
 *fill*         0x0000000000800104       0x1c 
 .bss           0x0000000000800120      0x9e0 uzeboxVideoEngineCore.o
                0x0000000000800120                vram
                0x0000000000800468                sprites
                0x0000000000800468                overlay_vram
                0x0000000000800490                ram_tiles
                0x0000000000800a90                ram_tiles_restore
                0x0000000000800ad8                free_tile_index
                0x0000000000800ad9                user_ram_tiles_c
                0x0000000000800ada                user_ram_tiles_c_tmp
                0x0000000000800adb                sprites_tile_banks
                0x0000000000800ae6                Screen
                0x0000000000800aea                sync_phase
                0x0000000000800aeb                sync_pulse
                0x0000000000800aec                sync_flags
                0x0000000000800af1                first_render_line
                0x0000000000800af2                render_lines_count
                0x0000000000800af3                joypad1_status_lo
                0x0000000000800af5                joypad1_status_hi
                0x0000000000800af7                joypad2_status_lo
                0x0000000000800af9                joypad2_status_hi
 .bss           0x0000000000800b00        0x2 uzeboxCore.o
 .bss           0x0000000000800b02        0x1 uzeboxSoundEngine.o
                0x0000000000800b02                playSong
 .bss           0x0000000000800b03       0x23 uzeboxSoundEngineCore.o
                0x0000000000800b03                sound_enabled
                0x0000000000800b04                mixer
                0x0000000000800b17                tr4_params
                0x0000000000800b18                tr4_barrel_lo
                0x0000000000800b19                tr4_barrel_hi
 .bss           0x0000000000800b26       0x10 TankFu.o
                0x0000000000800b26                p2s
                0x0000000000800b2c                p1s
 *(.bss*)
 *(COMMON)
 COMMON         0x0000000000800b36        0x1 uzeboxCore.o
                0x0000000000800b36                joypadsConnectionStatus
 COMMON         0x0000000000800b37       0x83 uzeboxSoundEngine.o
                0x0000000000800b37                songStart
                0x0000000000800b39                tracks
                0x0000000000800bac                currDeltaTime
                0x0000000000800bae                patchPointers
                0x0000000000800bb0                lastStatus
                0x0000000000800bb1                masterVolume
                0x0000000000800bb2                nextDeltaTime
                0x0000000000800bb4                songSpeed
                0x0000000000800bb5                songPos
                0x0000000000800bb7                loopStart
                0x0000000000800bb9                step
 COMMON         0x0000000000800bba        0x5 uzeboxVideoEngine.o
                0x0000000000800bba                fadeSpeed
                0x0000000000800bbb                fadeDir
                0x0000000000800bbc                fadeActive
                0x0000000000800bbd                currFadeFrame
                0x0000000000800bbe                fadeStep
 COMMON         0x0000000000800bbf      0x4ea TankFu.o
                0x0000000000800bbf                scores
                0x0000000000800bdf                p2
                0x0000000000800be6                handles
                0x0000000000800c06                game
                0x0000000000800c1c                tile_animations
                0x0000000000800c39                player1
                0x0000000000800cb4                p1
                0x0000000000800cbb                level
                0x0000000000800faa                player2
                0x0000000000801025                sub_animation
                0x0000000000801033                scope_animation
                0x0000000000801041                turret2
                0x0000000000801075                turret1
                0x00000000008010a9                PROVIDE (__bss_end, .)
                0x000000000000ec02                __data_load_start = LOADADDR (.data)
                0x000000000000ec06                __data_load_end = (__data_load_start + SIZEOF (.data))

.noinit         0x00000000008010a9        0x0
                0x00000000008010a9                PROVIDE (__noinit_start, .)
 *(.noinit*)
                0x00000000008010a9                PROVIDE (__noinit_end, .)
                0x00000000008010a9                _end = .
                0x00000000008010a9                PROVIDE (__heap_start, .)

.eeprom         0x0000000000810000        0x0
 *(.eeprom*)
                0x0000000000810000                __eeprom_end = .

.fuse
 *(.fuse)
 *(.lfuse)
 *(.hfuse)
 *(.efuse)

.lock
 *(.lock*)

.signature
 *(.signature*)

.stab           0x0000000000000000      0x57c
 *(.stab)
 .stab          0x0000000000000000       0xf0 /usr/local/lib/gcc/avr/4.9.2/avr5/libgcc.a(_udivmodqi4.o)
 .stab          0x00000000000000f0      0x15c /usr/local/lib/gcc/avr/4.9.2/avr5/libgcc.a(_udivmodhi4.o)
                                        0x168 (size before relaxing)
 .stab          0x000000000000024c      0x138 /usr/local/lib/gcc/avr/4.9.2/avr5/libgcc.a(_divmodhi4.o)
                                        0x144 (size before relaxing)
 .stab          0x0000000000000384       0x6c /usr/local/lib/gcc/avr/4.9.2/avr5/libgcc.a(_exit.o)
                                         0x78 (size before relaxing)
 .stab          0x00000000000003f0       0xd8 /usr/local/lib/gcc/avr/4.9.2/avr5/libgcc.a(_copy_data.o)
                                         0xe4 (size before relaxing)
 .stab          0x00000000000004c8       0xb4 /usr/local/lib/gcc/avr/4.9.2/avr5/libgcc.a(_clear_bss.o)
                                         0xc0 (size before relaxing)

.stabstr        0x0000000000000000      0x256
 *(.stabstr)
 .stabstr       0x0000000000000000      0x256 /usr/local/lib/gcc/avr/4.9.2/avr5/libgcc.a(_udivmodqi4.o)

.stab.excl
 *(.stab.excl)

.stab.exclstr
 *(.stab.exclstr)

.stab.index
 *(.stab.index)

.stab.indexstr
 *(.stab.indexstr)

.comment        0x0000000000000000       0x11
 *(.comment)
 .comment       0x0000000000000000       0x11 uzeboxCore.o
                                         0x12 (size before relaxing)
 .comment       0x0000000000000011       0x12 uzeboxSoundEngine.o
 .comment       0x0000000000000011       0x12 uzeboxVideoEngine.o
 .comment       0x0000000000000011       0x12 TankFu.o

.note.gnu.build-id
 *(.note.gnu.build-id)

.debug
 *(.debug)

.line
 *(.line)

.debug_srcinfo
 *(.debug_srcinfo)

.debug_sfnames
 *(.debug_sfnames)

.debug_aranges  0x0000000000000000      0x6e8
 *(.debug_aranges)
 .debug_aranges
                0x0000000000000000       0xf8 uzeboxVideoEngineCore.o
 .debug_aranges
                0x00000000000000f8       0x90 uzeboxCore.o
 .debug_aranges
                0x0000000000000188      0x100 uzeboxSoundEngine.o
 .debug_aranges
                0x0000000000000288       0x50 uzeboxSoundEngineCore.o
 .debug_aranges
                0x00000000000002d8       0xf8 uzeboxVideoEngine.o
 .debug_aranges
                0x00000000000003d0      0x318 TankFu.o

.debug_pubnames
 *(.debug_pubnames)

.debug_info     0x0000000000000000     0xa21b
 *(.debug_info .gnu.linkonce.wi.*)
 .debug_info    0x0000000000000000      0x672 /usr/local/lib/gcc/avr/4.9.2/../../../../avr/lib/avr5/crtm644.o
 .debug_info    0x0000000000000672       0x7d uzeboxVideoEngineCore.o
 .debug_info    0x00000000000006ef      0xab8 uzeboxCore.o
 .debug_info    0x00000000000011a7     0x12e8 uzeboxSoundEngine.o
 .debug_info    0x000000000000248f       0x74 uzeboxSoundEngineCore.o
 .debug_info    0x0000000000002503     0x1214 uzeboxVideoEngine.o
 .debug_info    0x0000000000003717     0x6b04 TankFu.o

.debug_abbrev   0x0000000000000000     0x1640
 *(.debug_abbrev)
 .debug_abbrev  0x0000000000000000      0x619 /usr/local/lib/gcc/avr/4.9.2/../../../../avr/lib/avr5/crtm644.o
 .debug_abbrev  0x0000000000000619       0x12 uzeboxVideoEngineCore.o
 .debug_abbrev  0x000000000000062b      0x32b uzeboxCore.o
 .debug_abbrev  0x0000000000000956      0x35c uzeboxSoundEngine.o
 .debug_abbrev  0x0000000000000cb2       0x12 uzeboxSoundEngineCore.o
 .debug_abbrev  0x0000000000000cc4      0x39a uzeboxVideoEngine.o
 .debug_abbrev  0x000000000000105e      0x5e2 TankFu.o

.debug_line     0x0000000000000000     0x23e2
 *(.debug_line .debug_line.* .debug_line_end)
 .debug_line    0x0000000000000000       0x1d /usr/local/lib/gcc/avr/4.9.2/../../../../avr/lib/avr5/crtm644.o
 .debug_line    0x000000000000001d      0x50b uzeboxVideoEngineCore.o
 .debug_line    0x0000000000000528      0x2b9 uzeboxCore.o
 .debug_line    0x00000000000007e1      0x3e6 uzeboxSoundEngine.o
 .debug_line    0x0000000000000bc7      0x1a9 uzeboxSoundEngineCore.o
 .debug_line    0x0000000000000d70      0x45c uzeboxVideoEngine.o
 .debug_line    0x00000000000011cc     0x1216 TankFu.o

.debug_frame    0x0000000000000000     0x1688
 *(.debug_frame)
 .debug_frame   0x0000000000000000      0x1cc uzeboxCore.o
 .debug_frame   0x00000000000001cc      0x284 uzeboxSoundEngine.o
 .debug_frame   0x0000000000000450      0x47c uzeboxVideoEngine.o
 .debug_frame   0x00000000000008cc      0xdbc TankFu.o

.debug_str      0x0000000000000000     0x1ed1
 *(.debug_str)
 .debug_str     0x0000000000000000      0x231 /usr/local/lib/gcc/avr/4.9.2/../../../../avr/lib/avr5/crtm644.o
 .debug_str     0x0000000000000231      0x4bf uzeboxCore.o
                                        0x516 (size before relaxing)
 .debug_str     0x00000000000006f0      0x40a uzeboxSoundEngine.o
                                        0x646 (size before relaxing)
 .debug_str     0x0000000000000afa      0x2e4 uzeboxVideoEngine.o
                                        0x46f (size before relaxing)
 .debug_str     0x0000000000000dde     0x10f3 TankFu.o
                                       0x151c (size before relaxing)

.debug_loc      0x0000000000000000     0x9347
 *(.debug_loc)
 .debug_loc     0x0000000000000000      0x9f9 uzeboxCore.o
 .debug_loc     0x00000000000009f9     0x1148 uzeboxSoundEngine.o
 .debug_loc     0x0000000000001b41     0x1b2c uzeboxVideoEngine.o
 .debug_loc     0x000000000000366d     0x5cda TankFu.o

.debug_macinfo
 *(.debug_macinfo)

.debug_weaknames
 *(.debug_weaknames)

.debug_funcnames
 *(.debug_funcnames)

.debug_typenames
 *(.debug_typenames)

.debug_varnames
 *(.debug_varnames)

.debug_pubtypes
 *(.debug_pubtypes)

.debug_ranges   0x0000000000000000      0x7d0
 *(.debug_ranges)
 .debug_ranges  0x0000000000000000       0xf0 uzeboxVideoEngineCore.o
 .debug_ranges  0x00000000000000f0       0x98 uzeboxCore.o
 .debug_ranges  0x0000000000000188      0x138 uzeboxSoundEngine.o
 .debug_ranges  0x00000000000002c0       0x48 uzeboxSoundEngineCore.o
 .debug_ranges  0x0000000000000308      0x100 uzeboxVideoEngine.o
 .debug_ranges  0x0000000000000408      0x3c8 TankFu.o

.debug_macro
 *(.debug_macro)
OUTPUT(TankFu.elf elf32-avr)
LOAD linker stubs
