Archive member included to satisfy reference by file (symbol)

/usr/local/lib/gcc/avr/4.9.2/avr5/libgcc.a(_udivmodqi4.o)
                              uzeboxVideoEngine.o (__udivmodqi4)
/usr/local/lib/gcc/avr/4.9.2/avr5/libgcc.a(_udivmodhi4.o)
                              uzeboxVideoEngine.o (__udivmodhi4)
/usr/local/lib/gcc/avr/4.9.2/avr5/libgcc.a(_divmodhi4.o)
                              uzeboxSoundEngine.o (__divmodhi4)
/usr/local/lib/gcc/avr/4.9.2/avr5/libgcc.a(_udivmodsi4.o)
                              uzeboxVideoEngine.o (__udivmodsi4)
/usr/local/lib/gcc/avr/4.9.2/avr5/libgcc.a(_exit.o)
                              /usr/local/lib/gcc/avr/4.9.2/../../../../avr/lib/avr5/crtm644.o (exit)
/usr/local/lib/gcc/avr/4.9.2/avr5/libgcc.a(_copy_data.o)
                              uzeboxVideoEngine.o (__do_copy_data)
/usr/local/lib/gcc/avr/4.9.2/avr5/libgcc.a(_clear_bss.o)
                              uzeboxCore.o (__do_clear_bss)
/usr/local/lib/gcc/avr/4.9.2/../../../../avr/lib/avr5/libm.a(addsf3.o)
                              TankFu.o (__subsf3)
/usr/local/lib/gcc/avr/4.9.2/../../../../avr/lib/avr5/libm.a(addsf3x.o)
                              /usr/local/lib/gcc/avr/4.9.2/../../../../avr/lib/avr5/libm.a(addsf3.o) (__addsf3x)
/usr/local/lib/gcc/avr/4.9.2/../../../../avr/lib/avr5/libm.a(cmpsf2.o)
                              TankFu.o (__eqsf2)
/usr/local/lib/gcc/avr/4.9.2/../../../../avr/lib/avr5/libm.a(divsf3.o)
                              TankFu.o (__divsf3)
/usr/local/lib/gcc/avr/4.9.2/../../../../avr/lib/avr5/libm.a(divsf3x.o)
                              /usr/local/lib/gcc/avr/4.9.2/../../../../avr/lib/avr5/libm.a(divsf3.o) (__divsf3x)
/usr/local/lib/gcc/avr/4.9.2/../../../../avr/lib/avr5/libm.a(fixsfsi.o)
                              TankFu.o (__fixsfsi)
/usr/local/lib/gcc/avr/4.9.2/../../../../avr/lib/avr5/libm.a(fixunssfsi.o)
                              TankFu.o (__fixunssfsi)
/usr/local/lib/gcc/avr/4.9.2/../../../../avr/lib/avr5/libm.a(floatsisf.o)
                              TankFu.o (__floatunsisf)
/usr/local/lib/gcc/avr/4.9.2/../../../../avr/lib/avr5/libm.a(fp_cmp.o)
                              /usr/local/lib/gcc/avr/4.9.2/../../../../avr/lib/avr5/libm.a(cmpsf2.o) (__fp_cmp)
/usr/local/lib/gcc/avr/4.9.2/../../../../avr/lib/avr5/libm.a(fp_inf.o)
                              /usr/local/lib/gcc/avr/4.9.2/../../../../avr/lib/avr5/libm.a(addsf3x.o) (__fp_inf)
/usr/local/lib/gcc/avr/4.9.2/../../../../avr/lib/avr5/libm.a(fp_nan.o)
                              /usr/local/lib/gcc/avr/4.9.2/../../../../avr/lib/avr5/libm.a(addsf3x.o) (__fp_nan)
/usr/local/lib/gcc/avr/4.9.2/../../../../avr/lib/avr5/libm.a(fp_pscA.o)
                              /usr/local/lib/gcc/avr/4.9.2/../../../../avr/lib/avr5/libm.a(addsf3x.o) (__fp_pscA)
/usr/local/lib/gcc/avr/4.9.2/../../../../avr/lib/avr5/libm.a(fp_pscB.o)
                              /usr/local/lib/gcc/avr/4.9.2/../../../../avr/lib/avr5/libm.a(addsf3x.o) (__fp_pscB)
/usr/local/lib/gcc/avr/4.9.2/../../../../avr/lib/avr5/libm.a(fp_round.o)
                              /usr/local/lib/gcc/avr/4.9.2/../../../../avr/lib/avr5/libm.a(addsf3.o) (__fp_round)
/usr/local/lib/gcc/avr/4.9.2/../../../../avr/lib/avr5/libm.a(fp_split3.o)
                              /usr/local/lib/gcc/avr/4.9.2/../../../../avr/lib/avr5/libm.a(addsf3x.o) (__fp_split3)
/usr/local/lib/gcc/avr/4.9.2/../../../../avr/lib/avr5/libm.a(fp_zero.o)
                              /usr/local/lib/gcc/avr/4.9.2/../../../../avr/lib/avr5/libm.a(addsf3x.o) (__fp_zero)
/usr/local/lib/gcc/avr/4.9.2/../../../../avr/lib/avr5/libm.a(gesf2.o)
                              TankFu.o (__gtsf2)
/usr/local/lib/gcc/avr/4.9.2/../../../../avr/lib/avr5/libm.a(mulsf3.o)
                              TankFu.o (__mulsf3)
/usr/local/lib/gcc/avr/4.9.2/../../../../avr/lib/avr5/libm.a(mulsf3x.o)
                              /usr/local/lib/gcc/avr/4.9.2/../../../../avr/lib/avr5/libm.a(mulsf3.o) (__mulsf3x)
/usr/local/lib/gcc/avr/4.9.2/../../../../avr/lib/avr5/libc.a(memcpy_P.o)
                              TankFu.o (memcpy_P)

Allocating common symbols
Common symbol       size              file

songStart           0x2               uzeboxSoundEngine.o
tracks              0x73              uzeboxSoundEngine.o
scores              0x20              TankFu.o
fadeSpeed           0x1               uzeboxVideoEngine.o
p2                  0x7               TankFu.o
currDeltaTime       0x2               uzeboxSoundEngine.o
fadeDir             0x1               uzeboxVideoEngine.o
patchPointers       0x2               uzeboxSoundEngine.o
handles             0x20              TankFu.o
game                0xd               TankFu.o
tile_animations     0x1d              TankFu.o
lastStatus          0x1               uzeboxSoundEngine.o
joypadsConnectionStatus
                    0x1               uzeboxCore.o
player1             0x78              TankFu.o
fadeActive          0x1               uzeboxVideoEngine.o
p1                  0x7               TankFu.o
masterVolume        0x1               uzeboxSoundEngine.o
nextDeltaTime       0x2               uzeboxSoundEngine.o
songSpeed           0x1               uzeboxSoundEngine.o
songPos             0x2               uzeboxSoundEngine.o
level               0x2ef             TankFu.o
player2             0x78              TankFu.o
loopStart           0x2               uzeboxSoundEngine.o
sub_animation       0xe               TankFu.o
scope_animation     0xe               TankFu.o
step                0x1               uzeboxSoundEngine.o
currFadeFrame       0x1               uzeboxVideoEngine.o
fadeStep            0x1               uzeboxVideoEngine.o
turret2             0x34              TankFu.o
turret1             0x34              TankFu.o

Discarded input sections

 .data          0x0000000000000000        0x0 /usr/local/lib/gcc/avr/4.9.2/../../../../avr/lib/avr5/crtm644.o
 .bss           0x0000000000000000        0x0 /usr/local/lib/gcc/avr/4.9.2/../../../../avr/lib/avr5/crtm644.o
 .data          0x0000000000000000        0x0 uzeboxVideoEngineCore.o
 .text.SetSpritesTileBank
                0x0000000000000000       0x12 uzeboxVideoEngineCore.o
 .text.GetTile  0x0000000000000000       0x1e uzeboxVideoEngineCore.o
 .text.GetVsyncCounter
                0x0000000000000000        0xa uzeboxVideoEngineCore.o
 .text.ClearVsyncCounter
                0x0000000000000000        0xa uzeboxVideoEngineCore.o
 .text.SetUserPreVsyncCallback
                0x0000000000000000        0xa uzeboxVideoEngineCore.o
 .text.SetUserPostVsyncCallback
                0x0000000000000000        0xa uzeboxVideoEngineCore.o
 .text.IsRunningInEmulator
                0x0000000000000000       0x12 uzeboxVideoEngineCore.o
 .text.WaitClocks
                0x0000000000000000        0x6 uzeboxVideoEngineCore.o
 .text.SetLedOn
                0x0000000000000000        0x4 uzeboxVideoEngineCore.o
 .text.SetLedOff
                0x0000000000000000        0x4 uzeboxVideoEngineCore.o
 .text.ToggleLed
                0x0000000000000000        0x4 uzeboxVideoEngineCore.o
 .text.internal_spi_byte
                0x0000000000000000        0xe uzeboxVideoEngineCore.o
 .text          0x0000000000000000        0x0 uzeboxCore.o
 .data          0x0000000000000000        0x0 uzeboxCore.o
 .bss           0x0000000000000000        0x2 uzeboxCore.o
 .text.SetRenderingParameters
                0x0000000000000000        0xa uzeboxCore.o
 .text.DetectControllers
                0x0000000000000000       0x36 uzeboxCore.o
 .text.FormatEeprom2
                0x0000000000000000       0x98 uzeboxCore.o
 .text.IsPowerSwitchPressed
                0x0000000000000000        0xe uzeboxCore.o
 .text.GetPrngNumber
                0x0000000000000000       0x5c uzeboxCore.o
 .text          0x0000000000000000        0x0 uzeboxSoundEngine.o
 .data          0x0000000000000000        0x0 uzeboxSoundEngine.o
 .text.StartSong
                0x0000000000000000       0x52 uzeboxSoundEngine.o
 .text.StopSong
                0x0000000000000000       0x1c uzeboxSoundEngine.o
 .text.ResumeSong
                0x0000000000000000        0x8 uzeboxSoundEngine.o
 .text.SetSongSpeed
                0x0000000000000000        0x6 uzeboxSoundEngine.o
 .text.GetSongSpeed
                0x0000000000000000        0x6 uzeboxSoundEngine.o
 .text.GetMasterVolume
                0x0000000000000000        0x6 uzeboxSoundEngine.o
 .text.IsSongPlaying
                0x0000000000000000        0x6 uzeboxSoundEngine.o
 .data          0x0000000000000000        0x0 uzeboxSoundEngineCore.o
 .text.SetMixerNoiseParams
                0x0000000000000000       0x10 uzeboxSoundEngineCore.o
 .text.SetMixerVolume
                0x0000000000000000       0x16 uzeboxSoundEngineCore.o
 .text.EnableSoundEngine
                0x0000000000000000        0x8 uzeboxSoundEngineCore.o
 .text          0x0000000000000000        0x0 uzeboxVideoEngine.o
 .bss           0x0000000000000000        0x0 uzeboxVideoEngine.o
 .text.SetUserRamTilesCount
                0x0000000000000000        0x6 uzeboxVideoEngine.o
 .text.GetUserRamTile
                0x0000000000000000        0xe uzeboxVideoEngine.o
 .text.MapSprite
                0x0000000000000000       0x80 uzeboxVideoEngine.o
 .text.PrintLong
                0x0000000000000000       0x8a uzeboxVideoEngine.o
 .text.PrintInt
                0x0000000000000000       0x70 uzeboxVideoEngine.o
 .text.PrintBinaryByte
                0x0000000000000000       0x36 uzeboxVideoEngine.o
 .text.PrintHexByte
                0x0000000000000000       0x40 uzeboxVideoEngine.o
 .text.PrintHexInt
                0x0000000000000000       0x24 uzeboxVideoEngine.o
 .text.PrintHexLong
                0x0000000000000000       0x5e uzeboxVideoEngine.o
 .text.PrintRam
                0x0000000000000000       0x36 uzeboxVideoEngine.o
 .text.Fill     0x0000000000000000       0x6e uzeboxVideoEngine.o
 .text.FontFill
                0x0000000000000000       0x6c uzeboxVideoEngine.o
 .text          0x0000000000000000        0x0 TankFu.o
 .text.save_eeprom
                0x0000000000000000        0x4 TankFu.o
 .text.turret_map
                0x0000000000000000       0x14 TankFu.o
 .text.turret_shot_map
                0x0000000000000000       0x14 TankFu.o
 .text          0x0000000000000000        0x0 /usr/local/lib/gcc/avr/4.9.2/avr5/libgcc.a(_udivmodqi4.o)
 .data          0x0000000000000000        0x0 /usr/local/lib/gcc/avr/4.9.2/avr5/libgcc.a(_udivmodqi4.o)
 .bss           0x0000000000000000        0x0 /usr/local/lib/gcc/avr/4.9.2/avr5/libgcc.a(_udivmodqi4.o)
 .text.libgcc.mul
                0x0000000000000000        0x0 /usr/local/lib/gcc/avr/4.9.2/avr5/libgcc.a(_udivmodqi4.o)
 .text.libgcc   0x0000000000000000        0x0 /usr/local/lib/gcc/avr/4.9.2/avr5/libgcc.a(_udivmodqi4.o)
 .text.libgcc.prologue
                0x0000000000000000        0x0 /usr/local/lib/gcc/avr/4.9.2/avr5/libgcc.a(_udivmodqi4.o)
 .text.libgcc.builtins
                0x0000000000000000        0x0 /usr/local/lib/gcc/avr/4.9.2/avr5/libgcc.a(_udivmodqi4.o)
 .text.libgcc.fmul
                0x0000000000000000        0x0 /usr/local/lib/gcc/avr/4.9.2/avr5/libgcc.a(_udivmodqi4.o)
 .text.libgcc.fixed
                0x0000000000000000        0x0 /usr/local/lib/gcc/avr/4.9.2/avr5/libgcc.a(_udivmodqi4.o)
 .text          0x0000000000000000        0x0 /usr/local/lib/gcc/avr/4.9.2/avr5/libgcc.a(_udivmodhi4.o)
 .data          0x0000000000000000        0x0 /usr/local/lib/gcc/avr/4.9.2/avr5/libgcc.a(_udivmodhi4.o)
 .bss           0x0000000000000000        0x0 /usr/local/lib/gcc/avr/4.9.2/avr5/libgcc.a(_udivmodhi4.o)
 .text.libgcc.mul
                0x0000000000000000        0x0 /usr/local/lib/gcc/avr/4.9.2/avr5/libgcc.a(_udivmodhi4.o)
 .text.libgcc   0x0000000000000000        0x0 /usr/local/lib/gcc/avr/4.9.2/avr5/libgcc.a(_udivmodhi4.o)
 .text.libgcc.prologue
                0x0000000000000000        0x0 /usr/local/lib/gcc/avr/4.9.2/avr5/libgcc.a(_udivmodhi4.o)
 .text.libgcc.builtins
                0x0000000000000000        0x0 /usr/local/lib/gcc/avr/4.9.2/avr5/libgcc.a(_udivmodhi4.o)
 .text.libgcc.fmul
                0x0000000000000000        0x0 /usr/local/lib/gcc/avr/4.9.2/avr5/libgcc.a(_udivmodhi4.o)
 .text.libgcc.fixed
                0x0000000000000000        0x0 /usr/local/lib/gcc/avr/4.9.2/avr5/libgcc.a(_udivmodhi4.o)
 .text          0x0000000000000000        0x0 /usr/local/lib/gcc/avr/4.9.2/avr5/libgcc.a(_divmodhi4.o)
 .data          0x0000000000000000        0x0 /usr/local/lib/gcc/avr/4.9.2/avr5/libgcc.a(_divmodhi4.o)
 .bss           0x0000000000000000        0x0 /usr/local/lib/gcc/avr/4.9.2/avr5/libgcc.a(_divmodhi4.o)
 .text.libgcc.mul
                0x0000000000000000        0x0 /usr/local/lib/gcc/avr/4.9.2/avr5/libgcc.a(_divmodhi4.o)
 .text.libgcc   0x0000000000000000        0x0 /usr/local/lib/gcc/avr/4.9.2/avr5/libgcc.a(_divmodhi4.o)
 .text.libgcc.prologue
                0x0000000000000000        0x0 /usr/local/lib/gcc/avr/4.9.2/avr5/libgcc.a(_divmodhi4.o)
 .text.libgcc.builtins
                0x0000000000000000        0x0 /usr/local/lib/gcc/avr/4.9.2/avr5/libgcc.a(_divmodhi4.o)
 .text.libgcc.fmul
                0x0000000000000000        0x0 /usr/local/lib/gcc/avr/4.9.2/avr5/libgcc.a(_divmodhi4.o)
 .text.libgcc.fixed
                0x0000000000000000        0x0 /usr/local/lib/gcc/avr/4.9.2/avr5/libgcc.a(_divmodhi4.o)
 .text          0x0000000000000000        0x0 /usr/local/lib/gcc/avr/4.9.2/avr5/libgcc.a(_udivmodsi4.o)
 .data          0x0000000000000000        0x0 /usr/local/lib/gcc/avr/4.9.2/avr5/libgcc.a(_udivmodsi4.o)
 .bss           0x0000000000000000        0x0 /usr/local/lib/gcc/avr/4.9.2/avr5/libgcc.a(_udivmodsi4.o)
 .stab          0x0000000000000000      0x228 /usr/local/lib/gcc/avr/4.9.2/avr5/libgcc.a(_udivmodsi4.o)
                                        0x234 (size before relaxing)
 .text.libgcc.mul
                0x0000000000000000        0x0 /usr/local/lib/gcc/avr/4.9.2/avr5/libgcc.a(_udivmodsi4.o)
 .text.libgcc.div
                0x0000000000000000       0x44 /usr/local/lib/gcc/avr/4.9.2/avr5/libgcc.a(_udivmodsi4.o)
 .text.libgcc   0x0000000000000000        0x0 /usr/local/lib/gcc/avr/4.9.2/avr5/libgcc.a(_udivmodsi4.o)
 .text.libgcc.prologue
                0x0000000000000000        0x0 /usr/local/lib/gcc/avr/4.9.2/avr5/libgcc.a(_udivmodsi4.o)
 .text.libgcc.builtins
                0x0000000000000000        0x0 /usr/local/lib/gcc/avr/4.9.2/avr5/libgcc.a(_udivmodsi4.o)
 .text.libgcc.fmul
                0x0000000000000000        0x0 /usr/local/lib/gcc/avr/4.9.2/avr5/libgcc.a(_udivmodsi4.o)
 .text.libgcc.fixed
                0x0000000000000000        0x0 /usr/local/lib/gcc/avr/4.9.2/avr5/libgcc.a(_udivmodsi4.o)
 .text          0x0000000000000000        0x0 /usr/local/lib/gcc/avr/4.9.2/avr5/libgcc.a(_exit.o)
 .data          0x0000000000000000        0x0 /usr/local/lib/gcc/avr/4.9.2/avr5/libgcc.a(_exit.o)
 .bss           0x0000000000000000        0x0 /usr/local/lib/gcc/avr/4.9.2/avr5/libgcc.a(_exit.o)
 .text.libgcc.mul
                0x0000000000000000        0x0 /usr/local/lib/gcc/avr/4.9.2/avr5/libgcc.a(_exit.o)
 .text.libgcc.div
                0x0000000000000000        0x0 /usr/local/lib/gcc/avr/4.9.2/avr5/libgcc.a(_exit.o)
 .text.libgcc   0x0000000000000000        0x0 /usr/local/lib/gcc/avr/4.9.2/avr5/libgcc.a(_exit.o)
 .text.libgcc.prologue
                0x0000000000000000        0x0 /usr/local/lib/gcc/avr/4.9.2/avr5/libgcc.a(_exit.o)
 .text.libgcc.builtins
                0x0000000000000000        0x0 /usr/local/lib/gcc/avr/4.9.2/avr5/libgcc.a(_exit.o)
 .text.libgcc.fmul
                0x0000000000000000        0x0 /usr/local/lib/gcc/avr/4.9.2/avr5/libgcc.a(_exit.o)
 .text.libgcc.fixed
                0x0000000000000000        0x0 /usr/local/lib/gcc/avr/4.9.2/avr5/libgcc.a(_exit.o)
 .text          0x0000000000000000        0x0 /usr/local/lib/gcc/avr/4.9.2/avr5/libgcc.a(_copy_data.o)
 .data          0x0000000000000000        0x0 /usr/local/lib/gcc/avr/4.9.2/avr5/libgcc.a(_copy_data.o)
 .bss           0x0000000000000000        0x0 /usr/local/lib/gcc/avr/4.9.2/avr5/libgcc.a(_copy_data.o)
 .text.libgcc.mul
                0x0000000000000000        0x0 /usr/local/lib/gcc/avr/4.9.2/avr5/libgcc.a(_copy_data.o)
 .text.libgcc.div
                0x0000000000000000        0x0 /usr/local/lib/gcc/avr/4.9.2/avr5/libgcc.a(_copy_data.o)
 .text.libgcc   0x0000000000000000        0x0 /usr/local/lib/gcc/avr/4.9.2/avr5/libgcc.a(_copy_data.o)
 .text.libgcc.prologue
                0x0000000000000000        0x0 /usr/local/lib/gcc/avr/4.9.2/avr5/libgcc.a(_copy_data.o)
 .text.libgcc.builtins
                0x0000000000000000        0x0 /usr/local/lib/gcc/avr/4.9.2/avr5/libgcc.a(_copy_data.o)
 .text.libgcc.fmul
                0x0000000000000000        0x0 /usr/local/lib/gcc/avr/4.9.2/avr5/libgcc.a(_copy_data.o)
 .text.libgcc.fixed
                0x0000000000000000        0x0 /usr/local/lib/gcc/avr/4.9.2/avr5/libgcc.a(_copy_data.o)
 .text          0x0000000000000000        0x0 /usr/local/lib/gcc/avr/4.9.2/avr5/libgcc.a(_clear_bss.o)
 .data          0x0000000000000000        0x0 /usr/local/lib/gcc/avr/4.9.2/avr5/libgcc.a(_clear_bss.o)
 .bss           0x0000000000000000        0x0 /usr/local/lib/gcc/avr/4.9.2/avr5/libgcc.a(_clear_bss.o)
 .text.libgcc.mul
                0x0000000000000000        0x0 /usr/local/lib/gcc/avr/4.9.2/avr5/libgcc.a(_clear_bss.o)
 .text.libgcc.div
                0x0000000000000000        0x0 /usr/local/lib/gcc/avr/4.9.2/avr5/libgcc.a(_clear_bss.o)
 .text.libgcc   0x0000000000000000        0x0 /usr/local/lib/gcc/avr/4.9.2/avr5/libgcc.a(_clear_bss.o)
 .text.libgcc.prologue
                0x0000000000000000        0x0 /usr/local/lib/gcc/avr/4.9.2/avr5/libgcc.a(_clear_bss.o)
 .text.libgcc.builtins
                0x0000000000000000        0x0 /usr/local/lib/gcc/avr/4.9.2/avr5/libgcc.a(_clear_bss.o)
 .text.libgcc.fmul
                0x0000000000000000        0x0 /usr/local/lib/gcc/avr/4.9.2/avr5/libgcc.a(_clear_bss.o)
 .text.libgcc.fixed
                0x0000000000000000        0x0 /usr/local/lib/gcc/avr/4.9.2/avr5/libgcc.a(_clear_bss.o)
 .text          0x0000000000000000        0x0 /usr/local/lib/gcc/avr/4.9.2/../../../../avr/lib/avr5/libm.a(addsf3.o)
 .data          0x0000000000000000        0x0 /usr/local/lib/gcc/avr/4.9.2/../../../../avr/lib/avr5/libm.a(addsf3.o)
 .bss           0x0000000000000000        0x0 /usr/local/lib/gcc/avr/4.9.2/../../../../avr/lib/avr5/libm.a(addsf3.o)
 .text          0x0000000000000000        0x0 /usr/local/lib/gcc/avr/4.9.2/../../../../avr/lib/avr5/libm.a(addsf3x.o)
 .data          0x0000000000000000        0x0 /usr/local/lib/gcc/avr/4.9.2/../../../../avr/lib/avr5/libm.a(addsf3x.o)
 .bss           0x0000000000000000        0x0 /usr/local/lib/gcc/avr/4.9.2/../../../../avr/lib/avr5/libm.a(addsf3x.o)
 .text          0x0000000000000000        0x0 /usr/local/lib/gcc/avr/4.9.2/../../../../avr/lib/avr5/libm.a(cmpsf2.o)
 .data          0x0000000000000000        0x0 /usr/local/lib/gcc/avr/4.9.2/../../../../avr/lib/avr5/libm.a(cmpsf2.o)
 .bss           0x0000000000000000        0x0 /usr/local/lib/gcc/avr/4.9.2/../../../../avr/lib/avr5/libm.a(cmpsf2.o)
 .text          0x0000000000000000        0x0 /usr/local/lib/gcc/avr/4.9.2/../../../../avr/lib/avr5/libm.a(divsf3.o)
 .data          0x0000000000000000        0x0 /usr/local/lib/gcc/avr/4.9.2/../../../../avr/lib/avr5/libm.a(divsf3.o)
 .bss           0x0000000000000000        0x0 /usr/local/lib/gcc/avr/4.9.2/../../../../avr/lib/avr5/libm.a(divsf3.o)
 .text          0x0000000000000000        0x0 /usr/local/lib/gcc/avr/4.9.2/../../../../avr/lib/avr5/libm.a(divsf3x.o)
 .data          0x0000000000000000        0x0 /usr/local/lib/gcc/avr/4.9.2/../../../../avr/lib/avr5/libm.a(divsf3x.o)
 .bss           0x0000000000000000        0x0 /usr/local/lib/gcc/avr/4.9.2/../../../../avr/lib/avr5/libm.a(divsf3x.o)
 .text          0x0000000000000000        0x0 /usr/local/lib/gcc/avr/4.9.2/../../../../avr/lib/avr5/libm.a(fixsfsi.o)
 .data          0x0000000000000000        0x0 /usr/local/lib/gcc/avr/4.9.2/../../../../avr/lib/avr5/libm.a(fixsfsi.o)
 .bss           0x0000000000000000        0x0 /usr/local/lib/gcc/avr/4.9.2/../../../../avr/lib/avr5/libm.a(fixsfsi.o)
 .text          0x0000000000000000        0x0 /usr/local/lib/gcc/avr/4.9.2/../../../../avr/lib/avr5/libm.a(fixunssfsi.o)
 .data          0x0000000000000000        0x0 /usr/local/lib/gcc/avr/4.9.2/../../../../avr/lib/avr5/libm.a(fixunssfsi.o)
 .bss           0x0000000000000000        0x0 /usr/local/lib/gcc/avr/4.9.2/../../../../avr/lib/avr5/libm.a(fixunssfsi.o)
 .text          0x0000000000000000        0x0 /usr/local/lib/gcc/avr/4.9.2/../../../../avr/lib/avr5/libm.a(floatsisf.o)
 .data          0x0000000000000000        0x0 /usr/local/lib/gcc/avr/4.9.2/../../../../avr/lib/avr5/libm.a(floatsisf.o)
 .bss           0x0000000000000000        0x0 /usr/local/lib/gcc/avr/4.9.2/../../../../avr/lib/avr5/libm.a(floatsisf.o)
 .text          0x0000000000000000        0x0 /usr/local/lib/gcc/avr/4.9.2/../../../../avr/lib/avr5/libm.a(fp_cmp.o)
 .data          0x0000000000000000        0x0 /usr/local/lib/gcc/avr/4.9.2/../../../../avr/lib/avr5/libm.a(fp_cmp.o)
 .bss           0x0000000000000000        0x0 /usr/local/lib/gcc/avr/4.9.2/../../../../avr/lib/avr5/libm.a(fp_cmp.o)
 .text          0x0000000000000000        0x0 /usr/local/lib/gcc/avr/4.9.2/../../../../avr/lib/avr5/libm.a(fp_inf.o)
 .data          0x0000000000000000        0x0 /usr/local/lib/gcc/avr/4.9.2/../../../../avr/lib/avr5/libm.a(fp_inf.o)
 .bss           0x0000000000000000        0x0 /usr/local/lib/gcc/avr/4.9.2/../../../../avr/lib/avr5/libm.a(fp_inf.o)
 .text          0x0000000000000000        0x0 /usr/local/lib/gcc/avr/4.9.2/../../../../avr/lib/avr5/libm.a(fp_nan.o)
 .data          0x0000000000000000        0x0 /usr/local/lib/gcc/avr/4.9.2/../../../../avr/lib/avr5/libm.a(fp_nan.o)
 .bss           0x0000000000000000        0x0 /usr/local/lib/gcc/avr/4.9.2/../../../../avr/lib/avr5/libm.a(fp_nan.o)
 .text          0x0000000000000000        0x0 /usr/local/lib/gcc/avr/4.9.2/../../../../avr/lib/avr5/libm.a(fp_pscA.o)
 .data          0x0000000000000000        0x0 /usr/local/lib/gcc/avr/4.9.2/../../../../avr/lib/avr5/libm.a(fp_pscA.o)
 .bss           0x0000000000000000        0x0 /usr/local/lib/gcc/avr/4.9.2/../../../../avr/lib/avr5/libm.a(fp_pscA.o)
 .text          0x0000000000000000        0x0 /usr/local/lib/gcc/avr/4.9.2/../../../../avr/lib/avr5/libm.a(fp_pscB.o)
 .data          0x0000000000000000        0x0 /usr/local/lib/gcc/avr/4.9.2/../../../../avr/lib/avr5/libm.a(fp_pscB.o)
 .bss           0x0000000000000000        0x0 /usr/local/lib/gcc/avr/4.9.2/../../../../avr/lib/avr5/libm.a(fp_pscB.o)
 .text          0x0000000000000000        0x0 /usr/local/lib/gcc/avr/4.9.2/../../../../avr/lib/avr5/libm.a(fp_round.o)
 .data          0x0000000000000000        0x0 /usr/local/lib/gcc/avr/4.9.2/../../../../avr/lib/avr5/libm.a(fp_round.o)
 .bss           0x0000000000000000        0x0 /usr/local/lib/gcc/avr/4.9.2/../../../../avr/lib/avr5/libm.a(fp_round.o)
 .text          0x0000000000000000        0x0 /usr/local/lib/gcc/avr/4.9.2/../../../../avr/lib/avr5/libm.a(fp_split3.o)
 .data          0x0000000000000000        0x0 /usr/local/lib/gcc/avr/4.9.2/../../../../avr/lib/avr5/libm.a(fp_split3.o)
 .bss           0x0000000000000000        0x0 /usr/local/lib/gcc/avr/4.9.2/../../../../avr/lib/avr5/libm.a(fp_split3.o)
 .text          0x0000000000000000        0x0 /usr/local/lib/gcc/avr/4.9.2/../../../../avr/lib/avr5/libm.a(fp_zero.o)
 .data          0x0000000000000000        0x0 /usr/local/lib/gcc/avr/4.9.2/../../../../avr/lib/avr5/libm.a(fp_zero.o)
 .bss           0x0000000000000000        0x0 /usr/local/lib/gcc/avr/4.9.2/../../../../avr/lib/avr5/libm.a(fp_zero.o)
 .text          0x0000000000000000        0x0 /usr/local/lib/gcc/avr/4.9.2/../../../../avr/lib/avr5/libm.a(gesf2.o)
 .data          0x0000000000000000        0x0 /usr/local/lib/gcc/avr/4.9.2/../../../../avr/lib/avr5/libm.a(gesf2.o)
 .bss           0x0000000000000000        0x0 /usr/local/lib/gcc/avr/4.9.2/../../../../avr/lib/avr5/libm.a(gesf2.o)
 .text          0x0000000000000000        0x0 /usr/local/lib/gcc/avr/4.9.2/../../../../avr/lib/avr5/libm.a(mulsf3.o)
 .data          0x0000000000000000        0x0 /usr/local/lib/gcc/avr/4.9.2/../../../../avr/lib/avr5/libm.a(mulsf3.o)
 .bss           0x0000000000000000        0x0 /usr/local/lib/gcc/avr/4.9.2/../../../../avr/lib/avr5/libm.a(mulsf3.o)
 .text          0x0000000000000000        0x0 /usr/local/lib/gcc/avr/4.9.2/../../../../avr/lib/avr5/libm.a(mulsf3x.o)
 .data          0x0000000000000000        0x0 /usr/local/lib/gcc/avr/4.9.2/../../../../avr/lib/avr5/libm.a(mulsf3x.o)
 .bss           0x0000000000000000        0x0 /usr/local/lib/gcc/avr/4.9.2/../../../../avr/lib/avr5/libm.a(mulsf3x.o)
 .text          0x0000000000000000        0x0 /usr/local/lib/gcc/avr/4.9.2/../../../../avr/lib/avr5/libc.a(memcpy_P.o)
 .data          0x0000000000000000        0x0 /usr/local/lib/gcc/avr/4.9.2/../../../../avr/lib/avr5/libc.a(memcpy_P.o)
 .bss           0x0000000000000000        0x0 /usr/local/lib/gcc/avr/4.9.2/../../../../avr/lib/avr5/libc.a(memcpy_P.o)

Memory Configuration

Name             Origin             Length             Attributes
text             0x0000000000000000 0x0000000000020000 xr
data             0x0000000000800060 0x000000000000ffa0 rw !x
eeprom           0x0000000000810000 0x0000000000010000 rw !x
fuse             0x0000000000820000 0x0000000000000400 rw !x
lock             0x0000000000830000 0x0000000000000400 rw !x
signature        0x0000000000840000 0x0000000000000400 rw !x
*default*        0x0000000000000000 0xffffffffffffffff

Linker script and memory map

Address of section .data set to 0x800100
LOAD /usr/local/lib/gcc/avr/4.9.2/../../../../avr/lib/avr5/crtm644.o
LOAD uzeboxVideoEngineCore.o
LOAD uzeboxCore.o
LOAD uzeboxSoundEngine.o
LOAD uzeboxSoundEngineCore.o
LOAD uzeboxVideoEngine.o
LOAD TankFu.o
START GROUP
LOAD /usr/local/lib/gcc/avr/4.9.2/avr5/libgcc.a
LOAD /usr/local/lib/gcc/avr/4.9.2/../../../../avr/lib/avr5/libm.a
LOAD /usr/local/lib/gcc/avr/4.9.2/../../../../avr/lib/avr5/libc.a
END GROUP

.hash
 *(.hash)

.dynsym
 *(.dynsym)

.dynstr
 *(.dynstr)

.gnu.version
 *(.gnu.version)

.gnu.version_d
 *(.gnu.version_d)

.gnu.version_r
 *(.gnu.version_r)

.rel.init
 *(.rel.init)

.rela.init
 *(.rela.init)

.rel.text
 *(.rel.text)
 *(.rel.text.*)
 *(.rel.gnu.linkonce.t*)

.rela.text
 *(.rela.text)
 *(.rela.text.*)
 *(.rela.gnu.linkonce.t*)

.rel.fini
 *(.rel.fini)

.rela.fini
 *(.rela.fini)

.rel.rodata
 *(.rel.rodata)
 *(.rel.rodata.*)
 *(.rel.gnu.linkonce.r*)

.rela.rodata
 *(.rela.rodata)
 *(.rela.rodata.*)
 *(.rela.gnu.linkonce.r*)

.rel.data
 *(.rel.data)
 *(.rel.data.*)
 *(.rel.gnu.linkonce.d*)

.rela.data
 *(.rela.data)
 *(.rela.data.*)
 *(.rela.gnu.linkonce.d*)

.rel.ctors
 *(.rel.ctors)

.rela.ctors
 *(.rela.ctors)

.rel.dtors
 *(.rel.dtors)

.rela.dtors
 *(.rela.dtors)

.rel.got
 *(.rel.got)

.rela.got
 *(.rela.got)

.rel.bss
 *(.rel.bss)

.rela.bss
 *(.rela.bss)

.rel.plt
 *(.rel.plt)

.rela.plt
 *(.rela.plt)

.text           0x0000000000000000     0xe90c
 *(.vectors)
 .vectors       0x0000000000000000       0x70 /usr/local/lib/gcc/avr/4.9.2/../../../../avr/lib/avr5/crtm644.o
                0x0000000000000000                __vectors
                0x0000000000000000                __vector_default
 *(.vectors)
 *(.progmem.gcc*)
                0x0000000000000070                . = ALIGN (0x2)
                0x0000000000000070                __trampolines_start = .
 *(.trampolines)
 .trampolines   0x0000000000000070        0x0 linker stubs
 *(.trampolines*)
                0x0000000000000070                __trampolines_end = .
 *(.progmem*)
 .progmem.data  0x0000000000000070       0x4e uzeboxCore.o
                0x0000000000000070                io_table
                0x000000000000009e                eeprom_format_table
 .progmem.data  0x00000000000000be       0x1e uzeboxSoundEngine.o
                0x00000000000000be                patchCommands
 .progmem.data  0x00000000000000dc        0xc uzeboxVideoEngine.o
                0x00000000000000dc                fader
 .progmem.data  0x00000000000000e8     0x7d7a TankFu.o
                0x00000000000000e8                default_scores
                0x0000000000000106                default_handles
                0x0000000000000124                strLevels
                0x00000000000001d4                strPaused
                0x00000000000001db                strExit
                0x00000000000001e4                strTotal
                0x00000000000001eb                strScore
                0x00000000000001f2                strBanterClear
                0x0000000000000201                banter_map
                0x0000000000000297                strFinalScore
                0x00000000000002a3                strBy
                0x00000000000002a6                strOwns
                0x00000000000002ab                strChangeHandle
                0x00000000000002ba                strReset
                0x00000000000002d3                strCancelHandle
                0x00000000000002de                strConfirmHandle
                0x00000000000002f0                strSelectHandle
                0x0000000000000301                strPlayer2
                0x0000000000000304                strPlayer1
                0x0000000000000307                strVertSep
                0x0000000000000309                strUnderline
                0x0000000000000315                strHandlesTitle
                0x0000000000000321                strHighscores
                0x000000000000032b                str2Player
                0x000000000000033c                str1Player
                0x000000000000034a                strCopyright
                0x000000000000035f                my_patches
                0x00000000000003b0                ad_alarm
                0x00000000000004d2                ad_navigate
                0x0000000000000644                ad_metal
                0x0000000000000864                ad_item
                0x0000000000000a15                ad_cannonball
                0x0000000000000c5c                ad_brick_explode
                0x0000000000001341                ad_banter
                0x0000000000001a92                level_data
                0x0000000000003acc                sprites_data
                0x000000000000440c                map_sub_turret
                0x000000000000440f                map_sub_shot
                0x0000000000004412                map_up_arrow
                0x0000000000004415                map_down_arrow
                0x0000000000004418                map_right_arrow
                0x000000000000441b                map_rocket_right_1
                0x000000000000441e                map_rocket_right_0
                0x0000000000004421                map_rocket_up_1
                0x0000000000004424                map_rocket_up_0
                0x0000000000004427                map_ball
                0x000000000000442a                map_explosion_2
                0x0000000000004430                map_explosion_1
                0x0000000000004436                map_explosion_0
                0x000000000000443c                map_tank2_right_0
                0x0000000000004442                map_tank2_up_0
                0x0000000000004448                map_tank1_right_0
                0x000000000000444e                map_tank1_up_0
                0x0000000000004454                map_tank_blank
                0x000000000000445a                map_none
                0x000000000000445d                tiles_data
                0x0000000000007b1d                map_sub_emerging
                0x0000000000007c53                map_sub
                0x0000000000007d89                map_scope_2
                0x0000000000007d8c                map_scope_1
                0x0000000000007d8f                map_scope_0
                0x0000000000007d92                map_blue_tank
                0x0000000000007d98                map_green_tank
                0x0000000000007d9e                map_fence
                0x0000000000007da1                map_turf
                0x0000000000007da4                map_water
                0x0000000000007da7                map_metal_bl
                0x0000000000007daa                map_metal_tr
                0x0000000000007dad                map_metal_br
                0x0000000000007db0                map_metal_tl
                0x0000000000007db3                map_tile_exp_2
                0x0000000000007db6                map_tile_exp_1
                0x0000000000007db9                map_tile_exp_0
                0x0000000000007dbc                map_rocket_itm
                0x0000000000007dbf                map_explode_itm
                0x0000000000007dc2                map_speed_itm
                0x0000000000007dc5                map_metal
                0x0000000000007dc8                map_brick
                0x0000000000007dcb                map_splash
                0x0000000000007e21                map_pause
                0x0000000000007e5f                map_tile_none
                0x0000000000007e62                . = ALIGN (0x2)
 *(.jumptables)
 *(.jumptables*)
 *(.lowtext)
 *(.lowtext*)
                0x0000000000007e62                __ctors_start = .
 *(.ctors)
                0x0000000000007e62                __ctors_end = .
                0x0000000000007e62                __dtors_start = .
 *(.dtors)
                0x0000000000007e62                __dtors_end = .
 SORT(*)(.ctors)
 SORT(*)(.dtors)
 *(.init0)
 .init0         0x0000000000007e62        0x0 /usr/local/lib/gcc/avr/4.9.2/../../../../avr/lib/avr5/crtm644.o
                0x0000000000007e62                __init
 *(.init0)
 *(.init1)
 *(.init1)
 *(.init2)
 .init2         0x0000000000007e62        0xc /usr/local/lib/gcc/avr/4.9.2/../../../../avr/lib/avr5/crtm644.o
 *(.init2)
 *(.init3)
 *(.init3)
 *(.init4)
 .init4         0x0000000000007e6e       0x16 /usr/local/lib/gcc/avr/4.9.2/avr5/libgcc.a(_copy_data.o)
                0x0000000000007e6e                __do_copy_data
 .init4         0x0000000000007e84       0x10 /usr/local/lib/gcc/avr/4.9.2/avr5/libgcc.a(_clear_bss.o)
                0x0000000000007e84                __do_clear_bss
 *(.init4)
 *(.init5)
 *(.init5)
 *(.init6)
 *(.init6)
 *(.init7)
 .init7         0x0000000000007e94       0x16 uzeboxCore.o
                0x0000000000007e94                wdt_init
 *(.init7)
 *(.init8)
 .init8         0x0000000000007eaa       0x82 uzeboxCore.o
                0x0000000000007eaa                Initialize
 *(.init8)
 *(.init9)
 .init9         0x0000000000007f2c        0x8 /usr/local/lib/gcc/avr/4.9.2/../../../../avr/lib/avr5/crtm644.o
 *(.init9)
 *(.text)
 .text          0x0000000000007f34        0x4 /usr/local/lib/gcc/avr/4.9.2/../../../../avr/lib/avr5/crtm644.o
                0x0000000000007f34                __vector_20
                0x0000000000007f34                __vector_1
                0x0000000000007f34                __vector_24
                0x0000000000007f34                __vector_12
                0x0000000000007f34                __bad_interrupt
                0x0000000000007f34                __vector_6
                0x0000000000007f34                __vector_3
                0x0000000000007f34                __vector_23
                0x0000000000007f34                __vector_25
                0x0000000000007f34                __vector_11
                0x0000000000007f34                __vector_17
                0x0000000000007f34                __vector_19
                0x0000000000007f34                __vector_7
                0x0000000000007f34                __vector_27
                0x0000000000007f34                __vector_5
                0x0000000000007f34                __vector_4
                0x0000000000007f34                __vector_9
                0x0000000000007f34                __vector_2
                0x0000000000007f34                __vector_21
                0x0000000000007f34                __vector_15
                0x0000000000007f34                __vector_26
                0x0000000000007f34                __vector_10
                0x0000000000007f34                __vector_16
                0x0000000000007f34                __vector_18
                0x0000000000007f34                __vector_22
 .text          0x0000000000007f38      0x6ae uzeboxVideoEngineCore.o
                0x00000000000080e4                CopyFlashTile
                0x0000000000008202                CopyRamTile
                0x000000000000831c                RestoreBackground
                0x0000000000008342                BlitSpritePart
                0x0000000000008410                __vector_13
                0x000000000000848e                __vector_14
 .text          0x00000000000085e6      0x180 uzeboxSoundEngineCore.o
                0x00000000000085e6                process_music
                0x00000000000085f2                update_sound
                0x0000000000008766                . = ALIGN (0x2)
 *(.text.*)
 .text.SetSpritesTileTable
                0x0000000000008766        0xa uzeboxVideoEngineCore.o
                0x0000000000008766                SetSpritesTileTable
 .text.ClearVram
                0x0000000000008770       0x14 uzeboxVideoEngineCore.o
                0x0000000000008770                ClearVram
 .text.SetFont  0x0000000000008784        0x8 uzeboxVideoEngineCore.o
                0x0000000000008784                SetFont
 .text.SetTile  0x000000000000878c       0x1c uzeboxVideoEngineCore.o
                0x000000000000878c                SetTile
 .text.SetFontTilesIndex
                0x00000000000087a8        0x6 uzeboxVideoEngineCore.o
                0x00000000000087a8                SetFontTilesIndex
 .text.SetTileTable
                0x00000000000087ae        0xa uzeboxVideoEngineCore.o
                0x00000000000087ae                SetTileTable
 .text.GetVsyncFlag
                0x00000000000087b8        0x8 uzeboxVideoEngineCore.o
                0x00000000000087b8                GetVsyncFlag
 .text.ClearVsyncFlag
                0x00000000000087c0        0xc uzeboxVideoEngineCore.o
                0x00000000000087c0                ClearVsyncFlag
 .text.ReadJoypad
                0x00000000000087cc       0x18 uzeboxVideoEngineCore.o
                0x00000000000087cc                ReadJoypad
 .text.WaitUs   0x00000000000087e4        0xe uzeboxVideoEngineCore.o
                0x00000000000087e4                WaitUs
 .text.WriteEeprom
                0x00000000000087f2       0x14 uzeboxVideoEngineCore.o
                0x00000000000087f2                WriteEeprom
 .text.ReadEeprom
                0x0000000000008806       0x12 uzeboxVideoEngineCore.o
                0x0000000000008806                ReadEeprom
 .text.wdt_randomize
                0x0000000000008818       0x50 uzeboxVideoEngineCore.o
                0x0000000000008818                wdt_randomize
 .text.GetTrueRandomSeed
                0x0000000000008868        0xa uzeboxVideoEngineCore.o
                0x0000000000008868                GetTrueRandomSeed
 .text.__vector_8
                0x0000000000008872       0x44 uzeboxVideoEngineCore.o
                0x0000000000008872                __vector_8
 .text.SoftReset
                0x00000000000088b6       0x16 uzeboxCore.o
                0x00000000000088b6                SoftReset
 .text.ReadButtons
                0x00000000000088cc       0x6c uzeboxCore.o
                0x00000000000088cc                ReadButtons
 .text.ReadControllers
                0x0000000000008938       0x20 uzeboxCore.o
                0x0000000000008938                ReadControllers
 .text.FormatEeprom
                0x0000000000008958       0x44 uzeboxCore.o
                0x0000000000008958                FormatEeprom
 .text.isEepromFormatted
                0x000000000000899c       0x2e uzeboxCore.o
                0x000000000000899c                isEepromFormatted
 .text.EepromBlockExists
                0x00000000000089ca       0xa4 uzeboxCore.o
                0x00000000000089ca                EepromBlockExists
 .text.EepromWriteBlock
                0x0000000000008a6e       0x94 uzeboxCore.o
                0x0000000000008a6e                EepromWriteBlock
 .text.EepromReadBlock
                0x0000000000008b02       0x66 uzeboxCore.o
                0x0000000000008b02                EepromReadBlock
 .text.PatchCommand00
                0x0000000000008b68        0x6 uzeboxSoundEngine.o
                0x0000000000008b68                PatchCommand00
 .text.PatchCommand01
                0x0000000000008b6e       0x10 uzeboxSoundEngine.o
                0x0000000000008b6e                PatchCommand01
 .text.PatchCommand05
                0x0000000000008b7e        0xa uzeboxSoundEngine.o
                0x0000000000008b7e                PatchCommand05
 .text.PatchCommand06
                0x0000000000008b88        0xa uzeboxSoundEngine.o
                0x0000000000008b88                PatchCommand06
 .text.PatchCommand07
                0x0000000000008b92        0x6 uzeboxSoundEngine.o
                0x0000000000008b92                PatchCommand07
 .text.PatchCommand09
                0x0000000000008b98        0x6 uzeboxSoundEngine.o
                0x0000000000008b98                PatchCommand09
 .text.PatchCommand10
                0x0000000000008b9e        0x6 uzeboxSoundEngine.o
                0x0000000000008b9e                PatchCommand10
 .text.PatchCommand11
                0x0000000000008ba4       0x76 uzeboxSoundEngine.o
                0x0000000000008ba4                PatchCommand11
 .text.PatchCommand12
                0x0000000000008c1a        0x6 uzeboxSoundEngine.o
                0x0000000000008c1a                PatchCommand12
 .text.PatchCommand13
                0x0000000000008c20        0x6 uzeboxSoundEngine.o
                0x0000000000008c20                PatchCommand13
 .text.PatchCommand02
                0x0000000000008c26        0x8 uzeboxSoundEngine.o
                0x0000000000008c26                PatchCommand02
 .text.PatchCommand03
                0x0000000000008c2e        0xe uzeboxSoundEngine.o
                0x0000000000008c2e                PatchCommand03
 .text.PatchCommand04
                0x0000000000008c3c       0x10 uzeboxSoundEngine.o
                0x0000000000008c3c                PatchCommand04
 .text.PatchCommand08
                0x0000000000008c4c       0x20 uzeboxSoundEngine.o
                0x0000000000008c4c                PatchCommand08
 .text.PatchCommand14
                0x0000000000008c6c       0x54 uzeboxSoundEngine.o
                0x0000000000008c6c                PatchCommand14
 .text.InitMusicPlayer
                0x0000000000008cc0       0x44 uzeboxSoundEngine.o
                0x0000000000008cc0                InitMusicPlayer
 .text.ReadVarLen
                0x0000000000008d04       0x4c uzeboxSoundEngine.o
                0x0000000000008d04                ReadVarLen
 .text.TriggerCommon
                0x0000000000008d50      0x11c uzeboxSoundEngine.o
                0x0000000000008d50                TriggerCommon
 .text.TriggerFx
                0x0000000000008e6c       0x90 uzeboxSoundEngine.o
                0x0000000000008e6c                TriggerFx
 .text.TriggerNote
                0x0000000000008efc       0x80 uzeboxSoundEngine.o
                0x0000000000008efc                TriggerNote
 .text.ProcessMusic
                0x0000000000008f7c      0x43e uzeboxSoundEngine.o
                0x0000000000008f7c                ProcessMusic
 .text.SetMasterVolume
                0x00000000000093ba        0x6 uzeboxSoundEngine.o
                0x00000000000093ba                SetMasterVolume
 .text.SetMixerNote
                0x00000000000093c0       0x2e uzeboxSoundEngineCore.o
                0x00000000000093c0                SetMixerNote
 .text.SetMixerWave
                0x00000000000093ee       0x3a uzeboxSoundEngineCore.o
                0x00000000000093ee                SetMixerWave
 *fill*         0x0000000000009428       0xd8 
 .text.DisableSoundEngine
                0x0000000000009500      0xc00 uzeboxSoundEngineCore.o
                0x0000000000009500                DisableSoundEngine
                0x0000000000009508                steptable
                0x0000000000009700                waves
 .text.SetSpriteVisibility
                0x000000000000a100        0x6 uzeboxVideoEngine.o
                0x000000000000a100                SetSpriteVisibility
 .text.ProcessSprites
                0x000000000000a106      0x200 uzeboxVideoEngine.o
                0x000000000000a106                ProcessSprites
 .text.MapSprite2
                0x000000000000a306       0xa4 uzeboxVideoEngine.o
                0x000000000000a306                MapSprite2
 .text.MoveSprite
                0x000000000000a3aa       0x4a uzeboxVideoEngine.o
                0x000000000000a3aa                MoveSprite
 .text.DisplayLogo
                0x000000000000a3f4        0x2 uzeboxVideoEngine.o
                0x000000000000a3f4                DisplayLogo
 .text.InitializeVideoMode
                0x000000000000a3f6       0x1c uzeboxVideoEngine.o
                0x000000000000a3f6                InitializeVideoMode
 .text.DrawMap  0x000000000000a412       0x9a uzeboxVideoEngine.o
                0x000000000000a412                DrawMap2
                0x000000000000a412                DrawMap
 .text.PrintByte
                0x000000000000a4ac       0x66 uzeboxVideoEngine.o
                0x000000000000a4ac                PrintByte
 .text.Print    0x000000000000a512       0x36 uzeboxVideoEngine.o
                0x000000000000a512                Print
 .text.PrintChar
                0x000000000000a548        0x6 uzeboxVideoEngine.o
                0x000000000000a548                PrintChar
 .text.WaitVsync
                0x000000000000a54e       0x2e uzeboxVideoEngine.o
                0x000000000000a54e                WaitVsync
 .text.doFade   0x000000000000a57c       0x1c uzeboxVideoEngine.o
                0x000000000000a57c                doFade
 .text.FadeIn   0x000000000000a598       0x18 uzeboxVideoEngine.o
                0x000000000000a598                FadeIn
 .text.FadeOut  0x000000000000a5b0       0x18 uzeboxVideoEngine.o
                0x000000000000a5b0                FadeOut
 .text.ProcessFading
                0x000000000000a5c8       0x4a uzeboxVideoEngine.o
                0x000000000000a5c8                ProcessFading
 .text.VideoModeVsync
                0x000000000000a612        0x8 uzeboxVideoEngine.o
                0x000000000000a612                VideoModeVsync
 .text.LBGetNextFrame
                0x000000000000a61a       0x4a TankFu.o
                0x000000000000a61a                LBGetNextFrame
 .text.LBGetNextFrameReverse
                0x000000000000a664       0x58 TankFu.o
                0x000000000000a664                LBGetNextFrameReverse
 .text.LBGetJoyPadState
                0x000000000000a6bc       0x96 TankFu.o
                0x000000000000a6bc                LBGetJoyPadState
 .text.LBCopyChars
                0x000000000000a752       0x18 TankFu.o
                0x000000000000a752                LBCopyChars
 .text.LBPrintStr
                0x000000000000a76a       0x62 TankFu.o
                0x000000000000a76a                LBPrintStr
 .text.LBCollides
                0x000000000000a7cc       0x54 TankFu.o
                0x000000000000a7cc                LBCollides
 .text.LBLineIntersect
                0x000000000000a820      0x1ac TankFu.o
                0x000000000000a820                LBLineIntersect
 .text.LBRandom
                0x000000000000a9cc       0x6a TankFu.o
                0x000000000000a9cc                LBRandom
 .text.LBWaitSeconds
                0x000000000000aa36       0x1e TankFu.o
                0x000000000000aa36                LBWaitSeconds
 .text.init_scores
                0x000000000000aa54       0x18 TankFu.o
                0x000000000000aa54                init_scores
 .text.init_handles
                0x000000000000aa6c       0x18 TankFu.o
                0x000000000000aa6c                init_handles
 .text.init_tile_animations
                0x000000000000aa84       0x4e TankFu.o
                0x000000000000aa84                init_tile_animations
 .text.init_scope_animation
                0x000000000000aad2       0x30 TankFu.o
                0x000000000000aad2                init_scope_animation
 .text.init_sub_animation
                0x000000000000ab02       0x28 TankFu.o
                0x000000000000ab02                init_sub_animation
 .text.init_shot_state
                0x000000000000ab2a       0x3a TankFu.o
                0x000000000000ab2a                init_shot_state
 .text.set_shot_animations
                0x000000000000ab64       0x64 TankFu.o
                0x000000000000ab64                set_shot_animations
 .text.init_turret
                0x000000000000abc8       0x64 TankFu.o
                0x000000000000abc8                init_turret
 .text.init_player
                0x000000000000ac2c       0xe8 TankFu.o
                0x000000000000ac2c                init_player
 .text.player_init_shot_state
                0x000000000000ad14        0xc TankFu.o
                0x000000000000ad14                player_init_shot_state
 .text.init_game_state
                0x000000000000ad20       0x3e TankFu.o
                0x000000000000ad20                init_game_state
 .text.player_spawn
                0x000000000000ad5e       0x3c TankFu.o
                0x000000000000ad5e                player_spawn
 .text.load_eeprom
                0x000000000000ad9a       0x24 TankFu.o
                0x000000000000ad9a                load_eeprom
 .text.fade_through
                0x000000000000adbe       0x14 TankFu.o
                0x000000000000adbe                fade_through
 .text.clear_sprites
                0x000000000000add2       0x1a TankFu.o
                0x000000000000add2                clear_sprites
 .text.save_score
                0x000000000000adec       0xe0 TankFu.o
                0x000000000000adec                save_score
 .text.position_shot
                0x000000000000aecc       0xda TankFu.o
                0x000000000000aecc                position_shot
 .text.print_level_score
                0x000000000000afa6       0x84 TankFu.o
                0x000000000000afa6                print_level_score
 .text.print_final_score
                0x000000000000b02a       0xb4 TankFu.o
                0x000000000000b02a                print_final_score
 .text.shoot_pressed
                0x000000000000b0de       0x14 TankFu.o
                0x000000000000b0de                shoot_pressed
 .text.get_delta
                0x000000000000b0f2       0x42 TankFu.o
                0x000000000000b0f2                get_delta
 .text.render_hud
                0x000000000000b134       0x3a TankFu.o
                0x000000000000b134                render_hud
 .text.render_score
                0x000000000000b16e       0x38 TankFu.o
                0x000000000000b16e                render_score
 .text.render_banter
                0x000000000000b1a6       0x50 TankFu.o
                0x000000000000b1a6                render_banter
 .text.render_player
                0x000000000000b1f6       0x52 TankFu.o
                0x000000000000b1f6                render_player
 .text.render_shot
                0x000000000000b248       0x58 TankFu.o
                0x000000000000b248                render_shot
 .text.render_tile_explosions
                0x000000000000b2a0       0x6a TankFu.o
                0x000000000000b2a0                render_tile_explosions
 .text.render_scope
                0x000000000000b30a       0x34 TankFu.o
                0x000000000000b30a                render_scope
 .text.tank_map
                0x000000000000b33e       0xd2 TankFu.o
                0x000000000000b33e                tank_map
 .text.shot_map
                0x000000000000b410       0x58 TankFu.o
                0x000000000000b410                shot_map
 .text.recoil_sprite
                0x000000000000b468       0xb4 TankFu.o
                0x000000000000b468                recoil_sprite
 .text.recoil_sprite_fine
                0x000000000000b51c       0x6c TankFu.o
                0x000000000000b51c                recoil_sprite_fine
 .text.solid_square_tile
                0x000000000000b588       0x24 TankFu.o
                0x000000000000b588                solid_square_tile
 .text.solid_directional_tile
                0x000000000000b5ac       0x2c TankFu.o
                0x000000000000b5ac                solid_directional_tile
 .text.solid_tile
                0x000000000000b5d8       0x28 TankFu.o
                0x000000000000b5d8                solid_tile
 .text.collides_directional_tile
                0x000000000000b600      0x148 TankFu.o
                0x000000000000b600                collides_directional_tile
 .text.player_shot
                0x000000000000b748       0xbe TankFu.o
                0x000000000000b748                player_shot
 .text.turret_shot
                0x000000000000b806       0x9c TankFu.o
                0x000000000000b806                turret_shot
 .text.collision_detect_boundries
                0x000000000000b8a2       0x9c TankFu.o
                0x000000000000b8a2                collision_detect_boundries
 .text.drop_item
                0x000000000000b93e       0x68 TankFu.o
                0x000000000000b93e                drop_item
 .text.kill_player
                0x000000000000b9a6       0xb0 TankFu.o
                0x000000000000b9a6                kill_player
 .text.get_interesting_tile_indexes_shot
                0x000000000000ba56       0x44 TankFu.o
                0x000000000000ba56                get_interesting_tile_indexes_shot
 .text.explode_tile
                0x000000000000ba9a       0x7c TankFu.o
                0x000000000000ba9a                explode_tile
 .text.richochet
                0x000000000000bb16       0x42 TankFu.o
                0x000000000000bb16                richochet
 .text.collision_detect_shot
                0x000000000000bb58      0x438 TankFu.o
                0x000000000000bb58                collision_detect_shot
 .text.get_interesting_tile_indexes
                0x000000000000bf90       0x60 TankFu.o
                0x000000000000bf90                get_interesting_tile_indexes
 .text.explode_player
                0x000000000000bff0       0x42 TankFu.o
                0x000000000000bff0                explode_player
 .text.slide    0x000000000000c032      0x176 TankFu.o
                0x000000000000c032                slide
 .text.collision_detect_player
                0x000000000000c1a8      0x33c TankFu.o
                0x000000000000c1a8                collision_detect_player
 .text.load_level_tiles
                0x000000000000c4e4       0xe6 TankFu.o
                0x000000000000c4e4                load_level_tiles
 .text.prep_player
                0x000000000000c5ca       0x24 TankFu.o
                0x000000000000c5ca                prep_player
 .text.load_level
                0x000000000000c5ee      0x148 TankFu.o
                0x000000000000c5ee                load_level
 .text.level_transition
                0x000000000000c736       0x60 TankFu.o
                0x000000000000c736                level_transition
 .text.render_boss_fight_scope_load
                0x000000000000c796       0x1e TankFu.o
                0x000000000000c796                render_boss_fight_scope_load
 .text.render_boss_fight_sub_load
                0x000000000000c7b4       0x5a TankFu.o
                0x000000000000c7b4                render_boss_fight_sub_load
 .text.render_boss_fight_sub_sinking
                0x000000000000c80e       0x2a TankFu.o
                0x000000000000c80e                render_boss_fight_sub_sinking
 .text.render_boss_turret
                0x000000000000c838       0x52 TankFu.o
                0x000000000000c838                render_boss_turret
 .text.render_boss_turret_shot
                0x000000000000c88a       0x52 TankFu.o
                0x000000000000c88a                render_boss_turret_shot
 .text.update_turret
                0x000000000000c8dc      0x12e TankFu.o
                0x000000000000c8dc                update_turret
 .text.update_turret_shot
                0x000000000000ca0a      0x10e TankFu.o
                0x000000000000ca0a                update_turret_shot
 .text.load_splash
                0x000000000000cb18       0x60 TankFu.o
                0x000000000000cb18                load_splash
 .text.select_pressed
                0x000000000000cb78       0x14 TankFu.o
                0x000000000000cb78                select_pressed
 .text.load_tank_rank
                0x000000000000cb8c      0x136 TankFu.o
                0x000000000000cb8c                load_tank_rank
 .text.exit_game
                0x000000000000ccc2       0x16 TankFu.o
                0x000000000000ccc2                exit_game
 .text.update_player
                0x000000000000ccd8      0x358 TankFu.o
                0x000000000000ccd8                update_player
 .text.resolve_scoring
                0x000000000000d030      0x190 TankFu.o
                0x000000000000d030                resolve_scoring
 .text.update_level
                0x000000000000d1c0      0x494 TankFu.o
                0x000000000000d1c0                update_level
 .text.update_tank_rank
                0x000000000000d654       0xb2 TankFu.o
                0x000000000000d654                update_tank_rank
 .text._handle_select_helper
                0x000000000000d706      0x1c0 TankFu.o
                0x000000000000d706                _handle_select_helper
 .text._handle_select_render_helper
                0x000000000000d8c6      0x17c TankFu.o
                0x000000000000d8c6                _handle_select_render_helper
 .text.load_handle_select
                0x000000000000da42      0x10a TankFu.o
                0x000000000000da42                load_handle_select
 .text.update_splash
                0x000000000000db4c      0x1b4 TankFu.o
                0x000000000000db4c                update_splash
 .text.update_handle_select
                0x000000000000dd00       0x9c TankFu.o
                0x000000000000dd00                update_handle_select
 .text.button_map
                0x000000000000dd9c       0x2c TankFu.o
                0x000000000000dd9c                button_map
 .text.crash_and_turn
                0x000000000000ddc8      0x1fc TankFu.o
                0x000000000000ddc8                crash_and_turn
 .text.get_cpu_goal_direction
                0x000000000000dfc4       0x48 TankFu.o
                0x000000000000dfc4                get_cpu_goal_direction
 .text.get_cpu_joypad_state
                0x000000000000e00c      0x32c TankFu.o
                0x000000000000e00c                get_cpu_joypad_state
 .text.startup.main
                0x000000000000e338      0x120 TankFu.o
                0x000000000000e338                main
 .text.libgcc.div
                0x000000000000e458       0x18 /usr/local/lib/gcc/avr/4.9.2/avr5/libgcc.a(_udivmodqi4.o)
                0x000000000000e458                __udivmodqi4
 .text.libgcc.div
                0x000000000000e470       0x28 /usr/local/lib/gcc/avr/4.9.2/avr5/libgcc.a(_udivmodhi4.o)
                0x000000000000e470                __udivmodhi4
 .text.libgcc.div
                0x000000000000e498       0x28 /usr/local/lib/gcc/avr/4.9.2/avr5/libgcc.a(_divmodhi4.o)
                0x000000000000e498                __divmodhi4
                0x000000000000e498                _div
 .text.avr-libc.fplib
                0x000000000000e4c0        0xa /usr/local/lib/gcc/avr/4.9.2/../../../../avr/lib/avr5/libm.a(addsf3.o)
                0x000000000000e4c0                __subsf3
                0x000000000000e4c2                __addsf3
 .text.avr-libc.fplib
                0x000000000000e4ca       0xc0 /usr/local/lib/gcc/avr/4.9.2/../../../../avr/lib/avr5/libm.a(addsf3x.o)
                0x000000000000e4e4                __addsf3x
 .text.avr-libc.fplib
                0x000000000000e58a        0x8 /usr/local/lib/gcc/avr/4.9.2/../../../../avr/lib/avr5/libm.a(cmpsf2.o)
                0x000000000000e58a                __lesf2
                0x000000000000e58a                __nesf2
                0x000000000000e58a                __eqsf2
                0x000000000000e58a                __cmpsf2
                0x000000000000e58a                __ltsf2
 .text.avr-libc.fplib
                0x000000000000e592        0x4 /usr/local/lib/gcc/avr/4.9.2/../../../../avr/lib/avr5/libm.a(divsf3.o)
                0x000000000000e592                __divsf3
 .text.avr-libc.fplib
                0x000000000000e596       0xcc /usr/local/lib/gcc/avr/4.9.2/../../../../avr/lib/avr5/libm.a(divsf3x.o)
                0x000000000000e5ac                __divsf3x
                0x000000000000e5b0                __divsf3_pse
 .text.avr-libc.fplib
                0x000000000000e662        0xa /usr/local/lib/gcc/avr/4.9.2/../../../../avr/lib/avr5/libm.a(fixsfsi.o)
                0x000000000000e662                __fixsfsi
 .text.avr-libc.fplib
                0x000000000000e66c       0x58 /usr/local/lib/gcc/avr/4.9.2/../../../../avr/lib/avr5/libm.a(fixunssfsi.o)
                0x000000000000e66c                __fixunssfsi
 .text.avr-libc.fplib
                0x000000000000e6c4       0x7a /usr/local/lib/gcc/avr/4.9.2/../../../../avr/lib/avr5/libm.a(floatsisf.o)
                0x000000000000e6c4                __floatunsisf
                0x000000000000e6c8                __floatsisf
 .text.avr-libc.fplib
                0x000000000000e73e       0x48 /usr/local/lib/gcc/avr/4.9.2/../../../../avr/lib/avr5/libm.a(fp_cmp.o)
                0x000000000000e73e                __fp_cmp
 .text.avr-libc.fplib
                0x000000000000e786        0xc /usr/local/lib/gcc/avr/4.9.2/../../../../avr/lib/avr5/libm.a(fp_inf.o)
                0x000000000000e786                __fp_inf
 .text.avr-libc.fplib
                0x000000000000e792        0x6 /usr/local/lib/gcc/avr/4.9.2/../../../../avr/lib/avr5/libm.a(fp_nan.o)
                0x000000000000e792                __fp_nan
 .text.avr-libc.fplib
                0x000000000000e798        0xe /usr/local/lib/gcc/avr/4.9.2/../../../../avr/lib/avr5/libm.a(fp_pscA.o)
                0x000000000000e798                __fp_pscA
 .text.avr-libc.fplib
                0x000000000000e7a6        0xe /usr/local/lib/gcc/avr/4.9.2/../../../../avr/lib/avr5/libm.a(fp_pscB.o)
                0x000000000000e7a6                __fp_pscB
 .text.avr-libc.fplib
                0x000000000000e7b4       0x22 /usr/local/lib/gcc/avr/4.9.2/../../../../avr/lib/avr5/libm.a(fp_round.o)
                0x000000000000e7b4                __fp_round
 .text.avr-libc.fplib
                0x000000000000e7d6       0x44 /usr/local/lib/gcc/avr/4.9.2/../../../../avr/lib/avr5/libm.a(fp_split3.o)
                0x000000000000e7d6                __fp_split3
                0x000000000000e7e6                __fp_splitA
 .text.avr-libc.fplib
                0x000000000000e81a        0xe /usr/local/lib/gcc/avr/4.9.2/../../../../avr/lib/avr5/libm.a(fp_zero.o)
                0x000000000000e81a                __fp_zero
                0x000000000000e81c                __fp_szero
 .text.avr-libc.fplib
                0x000000000000e828        0x8 /usr/local/lib/gcc/avr/4.9.2/../../../../avr/lib/avr5/libm.a(gesf2.o)
                0x000000000000e828                __gtsf2
                0x000000000000e828                __gesf2
 .text.avr-libc.fplib
                0x000000000000e830        0x4 /usr/local/lib/gcc/avr/4.9.2/../../../../avr/lib/avr5/libm.a(mulsf3.o)
                0x000000000000e830                __mulsf3
 .text.avr-libc.fplib
                0x000000000000e834       0xc2 /usr/local/lib/gcc/avr/4.9.2/../../../../avr/lib/avr5/libm.a(mulsf3x.o)
                0x000000000000e848                __mulsf3x
                0x000000000000e84c                __mulsf3_pse
 .text.avr-libc
                0x000000000000e8f6       0x12 /usr/local/lib/gcc/avr/4.9.2/../../../../avr/lib/avr5/libc.a(memcpy_P.o)
                0x000000000000e8f6                memcpy_P
                0x000000000000e908                . = ALIGN (0x2)
 *(.fini9)
 .fini9         0x000000000000e908        0x0 /usr/local/lib/gcc/avr/4.9.2/avr5/libgcc.a(_exit.o)
                0x000000000000e908                exit
                0x000000000000e908                _exit
 *(.fini9)
 *(.fini8)
 *(.fini8)
 *(.fini7)
 *(.fini7)
 *(.fini6)
 *(.fini6)
 *(.fini5)
 *(.fini5)
 *(.fini4)
 *(.fini4)
 *(.fini3)
 *(.fini3)
 *(.fini2)
 *(.fini2)
 *(.fini1)
 *(.fini1)
 *(.fini0)
 .fini0         0x000000000000e908        0x4 /usr/local/lib/gcc/avr/4.9.2/avr5/libgcc.a(_exit.o)
 *(.fini0)
                0x000000000000e90c                _etext = .

.data           0x0000000000800100        0x6 load address 0x000000000000e90c
                0x0000000000800100                PROVIDE (__data_start, .)
 *(.data)
 .data          0x0000000000800100        0x1 uzeboxVideoEngine.o
 .data          0x0000000000800101        0x5 TankFu.o
                0x0000000000800104                global_frame_counter
 *(.data*)
 *(.rodata)
 *(.rodata*)
 *(.gnu.linkonce.d*)
                0x0000000000800106                . = ALIGN (0x2)
                0x0000000000800106                _edata = .
                0x0000000000800106                PROVIDE (__data_end, .)

.bss            0x0000000000800106      0xf9d
                0x0000000000800106                PROVIDE (__bss_start, .)
 *(.bss)
 *fill*         0x0000000000800106       0x1a 
 .bss           0x0000000000800120      0x9e0 uzeboxVideoEngineCore.o
                0x0000000000800120                vram
                0x0000000000800468                sprites
                0x0000000000800468                overlay_vram
                0x0000000000800490                ram_tiles
                0x0000000000800a90                ram_tiles_restore
                0x0000000000800ad8                free_tile_index
                0x0000000000800ad9                user_ram_tiles_c
                0x0000000000800ada                user_ram_tiles_c_tmp
                0x0000000000800adb                sprites_tile_banks
                0x0000000000800ae6                Screen
                0x0000000000800aea                sync_phase
                0x0000000000800aeb                sync_pulse
                0x0000000000800aec                sync_flags
                0x0000000000800af1                first_render_line
                0x0000000000800af2                render_lines_count
                0x0000000000800af3                joypad1_status_lo
                0x0000000000800af5                joypad1_status_hi
                0x0000000000800af7                joypad2_status_lo
                0x0000000000800af9                joypad2_status_hi
 .bss           0x0000000000800b00        0x1 uzeboxSoundEngine.o
                0x0000000000800b00                playSong
 .bss           0x0000000000800b01       0x23 uzeboxSoundEngineCore.o
                0x0000000000800b01                sound_enabled
                0x0000000000800b02                mixer
                0x0000000000800b15                tr4_params
                0x0000000000800b16                tr4_barrel_lo
                0x0000000000800b17                tr4_barrel_hi
 .bss           0x0000000000800b24       0x1b TankFu.o
                0x0000000000800b24                p2s
                0x0000000000800b2a                p1s
 *(.bss*)
 *(COMMON)
 COMMON         0x0000000000800b3f        0x1 uzeboxCore.o
                0x0000000000800b3f                joypadsConnectionStatus
 COMMON         0x0000000000800b40       0x83 uzeboxSoundEngine.o
                0x0000000000800b40                songStart
                0x0000000000800b42                tracks
                0x0000000000800bb5                currDeltaTime
                0x0000000000800bb7                patchPointers
                0x0000000000800bb9                lastStatus
                0x0000000000800bba                masterVolume
                0x0000000000800bbb                nextDeltaTime
                0x0000000000800bbd                songSpeed
                0x0000000000800bbe                songPos
                0x0000000000800bc0                loopStart
                0x0000000000800bc2                step
 COMMON         0x0000000000800bc3        0x5 uzeboxVideoEngine.o
                0x0000000000800bc3                fadeSpeed
                0x0000000000800bc4                fadeDir
                0x0000000000800bc5                fadeActive
                0x0000000000800bc6                currFadeFrame
                0x0000000000800bc7                fadeStep
 COMMON         0x0000000000800bc8      0x4db TankFu.o
                0x0000000000800bc8                scores
                0x0000000000800be8                p2
                0x0000000000800bef                handles
                0x0000000000800c0f                game
                0x0000000000800c1c                tile_animations
                0x0000000000800c39                player1
                0x0000000000800cb1                p1
                0x0000000000800cb8                level
                0x0000000000800fa7                player2
                0x000000000080101f                sub_animation
                0x000000000080102d                scope_animation
                0x000000000080103b                turret2
                0x000000000080106f                turret1
                0x00000000008010a3                PROVIDE (__bss_end, .)
                0x000000000000e90c                __data_load_start = LOADADDR (.data)
                0x000000000000e912                __data_load_end = (__data_load_start + SIZEOF (.data))

.noinit         0x00000000008010a3        0x0
                0x00000000008010a3                PROVIDE (__noinit_start, .)
 *(.noinit*)
                0x00000000008010a3                PROVIDE (__noinit_end, .)
                0x00000000008010a3                _end = .
                0x00000000008010a3                PROVIDE (__heap_start, .)

.eeprom         0x0000000000810000        0x0
 *(.eeprom*)
                0x0000000000810000                __eeprom_end = .

.fuse
 *(.fuse)
 *(.lfuse)
 *(.hfuse)
 *(.efuse)

.lock
 *(.lock*)

.signature
 *(.signature*)

.stab           0x0000000000000000      0x57c
 *(.stab)
 .stab          0x0000000000000000       0xf0 /usr/local/lib/gcc/avr/4.9.2/avr5/libgcc.a(_udivmodqi4.o)
 .stab          0x00000000000000f0      0x15c /usr/local/lib/gcc/avr/4.9.2/avr5/libgcc.a(_udivmodhi4.o)
                                        0x168 (size before relaxing)
 .stab          0x000000000000024c      0x138 /usr/local/lib/gcc/avr/4.9.2/avr5/libgcc.a(_divmodhi4.o)
                                        0x144 (size before relaxing)
 .stab          0x0000000000000384       0x6c /usr/local/lib/gcc/avr/4.9.2/avr5/libgcc.a(_exit.o)
                                         0x78 (size before relaxing)
 .stab          0x00000000000003f0       0xd8 /usr/local/lib/gcc/avr/4.9.2/avr5/libgcc.a(_copy_data.o)
                                         0xe4 (size before relaxing)
 .stab          0x00000000000004c8       0xb4 /usr/local/lib/gcc/avr/4.9.2/avr5/libgcc.a(_clear_bss.o)
                                         0xc0 (size before relaxing)

.stabstr        0x0000000000000000      0x256
 *(.stabstr)
 .stabstr       0x0000000000000000      0x256 /usr/local/lib/gcc/avr/4.9.2/avr5/libgcc.a(_udivmodqi4.o)

.stab.excl
 *(.stab.excl)

.stab.exclstr
 *(.stab.exclstr)

.stab.index
 *(.stab.index)

.stab.indexstr
 *(.stab.indexstr)

.comment        0x0000000000000000       0x11
 *(.comment)
 .comment       0x0000000000000000       0x11 uzeboxCore.o
                                         0x12 (size before relaxing)
 .comment       0x0000000000000011       0x12 uzeboxSoundEngine.o
 .comment       0x0000000000000011       0x12 uzeboxVideoEngine.o
 .comment       0x0000000000000011       0x12 TankFu.o

.note.gnu.build-id
 *(.note.gnu.build-id)

.debug
 *(.debug)

.line
 *(.line)

.debug_srcinfo
 *(.debug_srcinfo)

.debug_sfnames
 *(.debug_sfnames)

.debug_aranges  0x0000000000000000      0x6b8
 *(.debug_aranges)
 .debug_aranges
                0x0000000000000000       0xf8 uzeboxVideoEngineCore.o
 .debug_aranges
                0x00000000000000f8       0x90 uzeboxCore.o
 .debug_aranges
                0x0000000000000188      0x100 uzeboxSoundEngine.o
 .debug_aranges
                0x0000000000000288       0x50 uzeboxSoundEngineCore.o
 .debug_aranges
                0x00000000000002d8       0xf8 uzeboxVideoEngine.o
 .debug_aranges
                0x00000000000003d0      0x2e8 TankFu.o

.debug_pubnames
 *(.debug_pubnames)

.debug_info     0x0000000000000000     0x9eb0
 *(.debug_info .gnu.linkonce.wi.*)
 .debug_info    0x0000000000000000      0x672 /usr/local/lib/gcc/avr/4.9.2/../../../../avr/lib/avr5/crtm644.o
 .debug_info    0x0000000000000672       0x7d uzeboxVideoEngineCore.o
 .debug_info    0x00000000000006ef      0xab8 uzeboxCore.o
 .debug_info    0x00000000000011a7     0x12e8 uzeboxSoundEngine.o
 .debug_info    0x000000000000248f       0x74 uzeboxSoundEngineCore.o
 .debug_info    0x0000000000002503     0x124f uzeboxVideoEngine.o
 .debug_info    0x0000000000003752     0x675e TankFu.o

.debug_abbrev   0x0000000000000000     0x160d
 *(.debug_abbrev)
 .debug_abbrev  0x0000000000000000      0x619 /usr/local/lib/gcc/avr/4.9.2/../../../../avr/lib/avr5/crtm644.o
 .debug_abbrev  0x0000000000000619       0x12 uzeboxVideoEngineCore.o
 .debug_abbrev  0x000000000000062b      0x32b uzeboxCore.o
 .debug_abbrev  0x0000000000000956      0x35c uzeboxSoundEngine.o
 .debug_abbrev  0x0000000000000cb2       0x12 uzeboxSoundEngineCore.o
 .debug_abbrev  0x0000000000000cc4      0x3c6 uzeboxVideoEngine.o
 .debug_abbrev  0x000000000000108a      0x583 TankFu.o

.debug_line     0x0000000000000000     0x229f
 *(.debug_line .debug_line.* .debug_line_end)
 .debug_line    0x0000000000000000       0x1d /usr/local/lib/gcc/avr/4.9.2/../../../../avr/lib/avr5/crtm644.o
 .debug_line    0x000000000000001d      0x52b uzeboxVideoEngineCore.o
 .debug_line    0x0000000000000548      0x2b9 uzeboxCore.o
 .debug_line    0x0000000000000801      0x3e6 uzeboxSoundEngine.o
 .debug_line    0x0000000000000be7      0x1a9 uzeboxSoundEngineCore.o
 .debug_line    0x0000000000000d90      0x449 uzeboxVideoEngine.o
 .debug_line    0x00000000000011d9     0x10c6 TankFu.o

.debug_frame    0x0000000000000000     0x15c4
 *(.debug_frame)
 .debug_frame   0x0000000000000000      0x1cc uzeboxCore.o
 .debug_frame   0x00000000000001cc      0x284 uzeboxSoundEngine.o
 .debug_frame   0x0000000000000450      0x47c uzeboxVideoEngine.o
 .debug_frame   0x00000000000008cc      0xcf8 TankFu.o

.debug_str      0x0000000000000000     0x1e64
 *(.debug_str)
 .debug_str     0x0000000000000000      0x231 /usr/local/lib/gcc/avr/4.9.2/../../../../avr/lib/avr5/crtm644.o
 .debug_str     0x0000000000000231      0x4ba uzeboxCore.o
                                        0x516 (size before relaxing)
 .debug_str     0x00000000000006eb      0x40a uzeboxSoundEngine.o
                                        0x646 (size before relaxing)
 .debug_str     0x0000000000000af5      0x300 uzeboxVideoEngine.o
                                        0x481 (size before relaxing)
 .debug_str     0x0000000000000df5     0x106f TankFu.o
                                       0x1454 (size before relaxing)

.debug_loc      0x0000000000000000     0x92a7
 *(.debug_loc)
 .debug_loc     0x0000000000000000      0x9f9 uzeboxCore.o
 .debug_loc     0x00000000000009f9     0x1148 uzeboxSoundEngine.o
 .debug_loc     0x0000000000001b41     0x1b45 uzeboxVideoEngine.o
 .debug_loc     0x0000000000003686     0x5c21 TankFu.o

.debug_macinfo
 *(.debug_macinfo)

.debug_weaknames
 *(.debug_weaknames)

.debug_funcnames
 *(.debug_funcnames)

.debug_typenames
 *(.debug_typenames)

.debug_varnames
 *(.debug_varnames)

.debug_pubtypes
 *(.debug_pubtypes)

.debug_ranges   0x0000000000000000      0x7b8
 *(.debug_ranges)
 .debug_ranges  0x0000000000000000       0xf0 uzeboxVideoEngineCore.o
 .debug_ranges  0x00000000000000f0       0x98 uzeboxCore.o
 .debug_ranges  0x0000000000000188      0x138 uzeboxSoundEngine.o
 .debug_ranges  0x00000000000002c0       0x48 uzeboxSoundEngineCore.o
 .debug_ranges  0x0000000000000308      0x118 uzeboxVideoEngine.o
 .debug_ranges  0x0000000000000420      0x398 TankFu.o

.debug_macro
 *(.debug_macro)
OUTPUT(TankFu.elf elf32-avr)
LOAD linker stubs
