Archive member included to satisfy reference by file (symbol)

/usr/local/lib/gcc/avr/4.9.2/avr5/libgcc.a(_udivmodqi4.o)
                              uzeboxVideoEngine.o (__udivmodqi4)
/usr/local/lib/gcc/avr/4.9.2/avr5/libgcc.a(_udivmodhi4.o)
                              uzeboxVideoEngine.o (__udivmodhi4)
/usr/local/lib/gcc/avr/4.9.2/avr5/libgcc.a(_divmodhi4.o)
                              uzeboxSoundEngine.o (__divmodhi4)
/usr/local/lib/gcc/avr/4.9.2/avr5/libgcc.a(_udivmodsi4.o)
                              uzeboxVideoEngine.o (__udivmodsi4)
/usr/local/lib/gcc/avr/4.9.2/avr5/libgcc.a(_exit.o)
                              /usr/local/lib/gcc/avr/4.9.2/../../../../avr/lib/avr5/crtm644.o (exit)
/usr/local/lib/gcc/avr/4.9.2/avr5/libgcc.a(_tablejump2.o)
                              TankFu.o (__tablejump2__)
/usr/local/lib/gcc/avr/4.9.2/avr5/libgcc.a(_copy_data.o)
                              uzeboxVideoEngine.o (__do_copy_data)
/usr/local/lib/gcc/avr/4.9.2/avr5/libgcc.a(_clear_bss.o)
                              uzeboxCore.o (__do_clear_bss)
/usr/local/lib/gcc/avr/4.9.2/../../../../avr/lib/avr5/libm.a(addsf3.o)
                              TankFu.o (__subsf3)
/usr/local/lib/gcc/avr/4.9.2/../../../../avr/lib/avr5/libm.a(addsf3x.o)
                              /usr/local/lib/gcc/avr/4.9.2/../../../../avr/lib/avr5/libm.a(addsf3.o) (__addsf3x)
/usr/local/lib/gcc/avr/4.9.2/../../../../avr/lib/avr5/libm.a(cmpsf2.o)
                              TankFu.o (__eqsf2)
/usr/local/lib/gcc/avr/4.9.2/../../../../avr/lib/avr5/libm.a(divsf3.o)
                              TankFu.o (__divsf3)
/usr/local/lib/gcc/avr/4.9.2/../../../../avr/lib/avr5/libm.a(divsf3x.o)
                              /usr/local/lib/gcc/avr/4.9.2/../../../../avr/lib/avr5/libm.a(divsf3.o) (__divsf3x)
/usr/local/lib/gcc/avr/4.9.2/../../../../avr/lib/avr5/libm.a(fixunssfsi.o)
                              TankFu.o (__fixunssfsi)
/usr/local/lib/gcc/avr/4.9.2/../../../../avr/lib/avr5/libm.a(floatsisf.o)
                              TankFu.o (__floatunsisf)
/usr/local/lib/gcc/avr/4.9.2/../../../../avr/lib/avr5/libm.a(fp_cmp.o)
                              /usr/local/lib/gcc/avr/4.9.2/../../../../avr/lib/avr5/libm.a(cmpsf2.o) (__fp_cmp)
/usr/local/lib/gcc/avr/4.9.2/../../../../avr/lib/avr5/libm.a(fp_inf.o)
                              /usr/local/lib/gcc/avr/4.9.2/../../../../avr/lib/avr5/libm.a(addsf3x.o) (__fp_inf)
/usr/local/lib/gcc/avr/4.9.2/../../../../avr/lib/avr5/libm.a(fp_nan.o)
                              /usr/local/lib/gcc/avr/4.9.2/../../../../avr/lib/avr5/libm.a(addsf3x.o) (__fp_nan)
/usr/local/lib/gcc/avr/4.9.2/../../../../avr/lib/avr5/libm.a(fp_pscA.o)
                              /usr/local/lib/gcc/avr/4.9.2/../../../../avr/lib/avr5/libm.a(addsf3x.o) (__fp_pscA)
/usr/local/lib/gcc/avr/4.9.2/../../../../avr/lib/avr5/libm.a(fp_pscB.o)
                              /usr/local/lib/gcc/avr/4.9.2/../../../../avr/lib/avr5/libm.a(addsf3x.o) (__fp_pscB)
/usr/local/lib/gcc/avr/4.9.2/../../../../avr/lib/avr5/libm.a(fp_round.o)
                              /usr/local/lib/gcc/avr/4.9.2/../../../../avr/lib/avr5/libm.a(addsf3.o) (__fp_round)
/usr/local/lib/gcc/avr/4.9.2/../../../../avr/lib/avr5/libm.a(fp_split3.o)
                              /usr/local/lib/gcc/avr/4.9.2/../../../../avr/lib/avr5/libm.a(addsf3x.o) (__fp_split3)
/usr/local/lib/gcc/avr/4.9.2/../../../../avr/lib/avr5/libm.a(fp_zero.o)
                              /usr/local/lib/gcc/avr/4.9.2/../../../../avr/lib/avr5/libm.a(addsf3x.o) (__fp_zero)
/usr/local/lib/gcc/avr/4.9.2/../../../../avr/lib/avr5/libm.a(gesf2.o)
                              TankFu.o (__gtsf2)
/usr/local/lib/gcc/avr/4.9.2/../../../../avr/lib/avr5/libm.a(mulsf3.o)
                              TankFu.o (__mulsf3)
/usr/local/lib/gcc/avr/4.9.2/../../../../avr/lib/avr5/libm.a(mulsf3x.o)
                              /usr/local/lib/gcc/avr/4.9.2/../../../../avr/lib/avr5/libm.a(mulsf3.o) (__mulsf3x)

Allocating common symbols
Common symbol       size              file

songStart           0x2               uzeboxSoundEngine.o
tracks              0x6e              uzeboxSoundEngine.o
fadeSpeed           0x1               uzeboxVideoEngine.o
p2                  0x6               TankFu.o
currDeltaTime       0x2               uzeboxSoundEngine.o
fadeDir             0x1               uzeboxVideoEngine.o
patchPointers       0x2               uzeboxSoundEngine.o
game                0x4               TankFu.o
tile_animations     0x19              TankFu.o
lastStatus          0x1               uzeboxSoundEngine.o
joypadsConnectionStatus
                    0x1               uzeboxCore.o
free_tile_index     0x1               uzeboxVideoEngine.o
player1             0x7c              TankFu.o
fadeActive          0x1               uzeboxVideoEngine.o
p1                  0x6               TankFu.o
masterVolume        0x1               uzeboxSoundEngine.o
nextDeltaTime       0x2               uzeboxSoundEngine.o
songSpeed           0x1               uzeboxSoundEngine.o
songPos             0x2               uzeboxSoundEngine.o
level               0x2ef             TankFu.o
player2             0x7c              TankFu.o
loopStart           0x2               uzeboxSoundEngine.o
step                0x1               uzeboxSoundEngine.o
currFadeFrame       0x1               uzeboxVideoEngine.o
fadeStep            0x1               uzeboxVideoEngine.o

Discarded input sections

 .data          0x0000000000000000        0x0 /usr/local/lib/gcc/avr/4.9.2/../../../../avr/lib/avr5/crtm644.o
 .bss           0x0000000000000000        0x0 /usr/local/lib/gcc/avr/4.9.2/../../../../avr/lib/avr5/crtm644.o
 .data          0x0000000000000000        0x0 uzeboxVideoEngineCore.o
 .text.SetSpritesTileBank
                0x0000000000000000       0x12 uzeboxVideoEngineCore.o
 .text.GetTile  0x0000000000000000       0x1e uzeboxVideoEngineCore.o
 .text.SetUserPreVsyncCallback
                0x0000000000000000        0xa uzeboxVideoEngineCore.o
 .text.SetUserPostVsyncCallback
                0x0000000000000000        0xa uzeboxVideoEngineCore.o
 .text.IsRunningInEmulator
                0x0000000000000000       0x12 uzeboxVideoEngineCore.o
 .text.WaitClocks
                0x0000000000000000        0x6 uzeboxVideoEngineCore.o
 .text.SetLedOn
                0x0000000000000000        0x4 uzeboxVideoEngineCore.o
 .text.SetLedOff
                0x0000000000000000        0x4 uzeboxVideoEngineCore.o
 .text.ToggleLed
                0x0000000000000000        0x4 uzeboxVideoEngineCore.o
 .text.internal_spi_byte
                0x0000000000000000        0xe uzeboxVideoEngineCore.o
 .text          0x0000000000000000        0x0 uzeboxCore.o
 .data          0x0000000000000000        0x0 uzeboxCore.o
 .bss           0x0000000000000000        0x0 uzeboxCore.o
 .text.SetRenderingParameters
                0x0000000000000000        0xa uzeboxCore.o
 .text.DetectControllers
                0x0000000000000000       0x36 uzeboxCore.o
 .text.FormatEeprom2
                0x0000000000000000       0x98 uzeboxCore.o
 .text.ReadPowerSwitch
                0x0000000000000000        0xe uzeboxCore.o
 .text          0x0000000000000000        0x0 uzeboxSoundEngine.o
 .data          0x0000000000000000        0x0 uzeboxSoundEngine.o
 .text.StartSong
                0x0000000000000000       0x4e uzeboxSoundEngine.o
 .text.StopSong
                0x0000000000000000       0x1a uzeboxSoundEngine.o
 .text.ResumeSong
                0x0000000000000000        0x8 uzeboxSoundEngine.o
 .text.SetSongSpeed
                0x0000000000000000        0x6 uzeboxSoundEngine.o
 .text.GetSongSpeed
                0x0000000000000000        0x6 uzeboxSoundEngine.o
 .text.TriggerFx
                0x0000000000000000       0x7e uzeboxSoundEngine.o
 .text.GetMasterVolume
                0x0000000000000000        0x6 uzeboxSoundEngine.o
 .data          0x0000000000000000        0x0 uzeboxSoundEngineCore.o
 .text.SetMixerNoiseParams
                0x0000000000000000       0x10 uzeboxSoundEngineCore.o
 .text.SetMixerVolume
                0x0000000000000000       0x16 uzeboxSoundEngineCore.o
 .text.EnableSoundEngine
                0x0000000000000000        0x8 uzeboxSoundEngineCore.o
 .text          0x0000000000000000        0x0 uzeboxVideoEngine.o
 .bss           0x0000000000000000        0x0 uzeboxVideoEngine.o
 .text.MapSprite
                0x0000000000000000       0x80 uzeboxVideoEngine.o
 .text.DrawMap  0x0000000000000000       0x98 uzeboxVideoEngine.o
 .text.PrintLong
                0x0000000000000000       0x8a uzeboxVideoEngine.o
 .text.PrintInt
                0x0000000000000000       0x70 uzeboxVideoEngine.o
 .text.PrintBinaryByte
                0x0000000000000000       0x36 uzeboxVideoEngine.o
 .text.PrintHexByte
                0x0000000000000000       0x40 uzeboxVideoEngine.o
 .text.PrintHexInt
                0x0000000000000000       0x24 uzeboxVideoEngine.o
 .text.PrintHexLong
                0x0000000000000000       0x5e uzeboxVideoEngine.o
 .text.PrintRam
                0x0000000000000000       0x36 uzeboxVideoEngine.o
 .text.Fill     0x0000000000000000       0x6e uzeboxVideoEngine.o
 .text.FontFill
                0x0000000000000000       0x6c uzeboxVideoEngine.o
 .text          0x0000000000000000        0x0 TankFu.o
 .text.save_eeprom
                0x0000000000000000        0x4 TankFu.o
 .text          0x0000000000000000        0x0 /usr/local/lib/gcc/avr/4.9.2/avr5/libgcc.a(_udivmodqi4.o)
 .data          0x0000000000000000        0x0 /usr/local/lib/gcc/avr/4.9.2/avr5/libgcc.a(_udivmodqi4.o)
 .bss           0x0000000000000000        0x0 /usr/local/lib/gcc/avr/4.9.2/avr5/libgcc.a(_udivmodqi4.o)
 .text.libgcc.mul
                0x0000000000000000        0x0 /usr/local/lib/gcc/avr/4.9.2/avr5/libgcc.a(_udivmodqi4.o)
 .text.libgcc   0x0000000000000000        0x0 /usr/local/lib/gcc/avr/4.9.2/avr5/libgcc.a(_udivmodqi4.o)
 .text.libgcc.prologue
                0x0000000000000000        0x0 /usr/local/lib/gcc/avr/4.9.2/avr5/libgcc.a(_udivmodqi4.o)
 .text.libgcc.builtins
                0x0000000000000000        0x0 /usr/local/lib/gcc/avr/4.9.2/avr5/libgcc.a(_udivmodqi4.o)
 .text.libgcc.fmul
                0x0000000000000000        0x0 /usr/local/lib/gcc/avr/4.9.2/avr5/libgcc.a(_udivmodqi4.o)
 .text.libgcc.fixed
                0x0000000000000000        0x0 /usr/local/lib/gcc/avr/4.9.2/avr5/libgcc.a(_udivmodqi4.o)
 .text          0x0000000000000000        0x0 /usr/local/lib/gcc/avr/4.9.2/avr5/libgcc.a(_udivmodhi4.o)
 .data          0x0000000000000000        0x0 /usr/local/lib/gcc/avr/4.9.2/avr5/libgcc.a(_udivmodhi4.o)
 .bss           0x0000000000000000        0x0 /usr/local/lib/gcc/avr/4.9.2/avr5/libgcc.a(_udivmodhi4.o)
 .text.libgcc.mul
                0x0000000000000000        0x0 /usr/local/lib/gcc/avr/4.9.2/avr5/libgcc.a(_udivmodhi4.o)
 .text.libgcc   0x0000000000000000        0x0 /usr/local/lib/gcc/avr/4.9.2/avr5/libgcc.a(_udivmodhi4.o)
 .text.libgcc.prologue
                0x0000000000000000        0x0 /usr/local/lib/gcc/avr/4.9.2/avr5/libgcc.a(_udivmodhi4.o)
 .text.libgcc.builtins
                0x0000000000000000        0x0 /usr/local/lib/gcc/avr/4.9.2/avr5/libgcc.a(_udivmodhi4.o)
 .text.libgcc.fmul
                0x0000000000000000        0x0 /usr/local/lib/gcc/avr/4.9.2/avr5/libgcc.a(_udivmodhi4.o)
 .text.libgcc.fixed
                0x0000000000000000        0x0 /usr/local/lib/gcc/avr/4.9.2/avr5/libgcc.a(_udivmodhi4.o)
 .text          0x0000000000000000        0x0 /usr/local/lib/gcc/avr/4.9.2/avr5/libgcc.a(_divmodhi4.o)
 .data          0x0000000000000000        0x0 /usr/local/lib/gcc/avr/4.9.2/avr5/libgcc.a(_divmodhi4.o)
 .bss           0x0000000000000000        0x0 /usr/local/lib/gcc/avr/4.9.2/avr5/libgcc.a(_divmodhi4.o)
 .text.libgcc.mul
                0x0000000000000000        0x0 /usr/local/lib/gcc/avr/4.9.2/avr5/libgcc.a(_divmodhi4.o)
 .text.libgcc   0x0000000000000000        0x0 /usr/local/lib/gcc/avr/4.9.2/avr5/libgcc.a(_divmodhi4.o)
 .text.libgcc.prologue
                0x0000000000000000        0x0 /usr/local/lib/gcc/avr/4.9.2/avr5/libgcc.a(_divmodhi4.o)
 .text.libgcc.builtins
                0x0000000000000000        0x0 /usr/local/lib/gcc/avr/4.9.2/avr5/libgcc.a(_divmodhi4.o)
 .text.libgcc.fmul
                0x0000000000000000        0x0 /usr/local/lib/gcc/avr/4.9.2/avr5/libgcc.a(_divmodhi4.o)
 .text.libgcc.fixed
                0x0000000000000000        0x0 /usr/local/lib/gcc/avr/4.9.2/avr5/libgcc.a(_divmodhi4.o)
 .text          0x0000000000000000        0x0 /usr/local/lib/gcc/avr/4.9.2/avr5/libgcc.a(_udivmodsi4.o)
 .data          0x0000000000000000        0x0 /usr/local/lib/gcc/avr/4.9.2/avr5/libgcc.a(_udivmodsi4.o)
 .bss           0x0000000000000000        0x0 /usr/local/lib/gcc/avr/4.9.2/avr5/libgcc.a(_udivmodsi4.o)
 .stab          0x0000000000000000      0x228 /usr/local/lib/gcc/avr/4.9.2/avr5/libgcc.a(_udivmodsi4.o)
                                        0x234 (size before relaxing)
 .text.libgcc.mul
                0x0000000000000000        0x0 /usr/local/lib/gcc/avr/4.9.2/avr5/libgcc.a(_udivmodsi4.o)
 .text.libgcc.div
                0x0000000000000000       0x44 /usr/local/lib/gcc/avr/4.9.2/avr5/libgcc.a(_udivmodsi4.o)
 .text.libgcc   0x0000000000000000        0x0 /usr/local/lib/gcc/avr/4.9.2/avr5/libgcc.a(_udivmodsi4.o)
 .text.libgcc.prologue
                0x0000000000000000        0x0 /usr/local/lib/gcc/avr/4.9.2/avr5/libgcc.a(_udivmodsi4.o)
 .text.libgcc.builtins
                0x0000000000000000        0x0 /usr/local/lib/gcc/avr/4.9.2/avr5/libgcc.a(_udivmodsi4.o)
 .text.libgcc.fmul
                0x0000000000000000        0x0 /usr/local/lib/gcc/avr/4.9.2/avr5/libgcc.a(_udivmodsi4.o)
 .text.libgcc.fixed
                0x0000000000000000        0x0 /usr/local/lib/gcc/avr/4.9.2/avr5/libgcc.a(_udivmodsi4.o)
 .text          0x0000000000000000        0x0 /usr/local/lib/gcc/avr/4.9.2/avr5/libgcc.a(_exit.o)
 .data          0x0000000000000000        0x0 /usr/local/lib/gcc/avr/4.9.2/avr5/libgcc.a(_exit.o)
 .bss           0x0000000000000000        0x0 /usr/local/lib/gcc/avr/4.9.2/avr5/libgcc.a(_exit.o)
 .text.libgcc.mul
                0x0000000000000000        0x0 /usr/local/lib/gcc/avr/4.9.2/avr5/libgcc.a(_exit.o)
 .text.libgcc.div
                0x0000000000000000        0x0 /usr/local/lib/gcc/avr/4.9.2/avr5/libgcc.a(_exit.o)
 .text.libgcc   0x0000000000000000        0x0 /usr/local/lib/gcc/avr/4.9.2/avr5/libgcc.a(_exit.o)
 .text.libgcc.prologue
                0x0000000000000000        0x0 /usr/local/lib/gcc/avr/4.9.2/avr5/libgcc.a(_exit.o)
 .text.libgcc.builtins
                0x0000000000000000        0x0 /usr/local/lib/gcc/avr/4.9.2/avr5/libgcc.a(_exit.o)
 .text.libgcc.fmul
                0x0000000000000000        0x0 /usr/local/lib/gcc/avr/4.9.2/avr5/libgcc.a(_exit.o)
 .text.libgcc.fixed
                0x0000000000000000        0x0 /usr/local/lib/gcc/avr/4.9.2/avr5/libgcc.a(_exit.o)
 .text          0x0000000000000000        0x0 /usr/local/lib/gcc/avr/4.9.2/avr5/libgcc.a(_tablejump2.o)
 .data          0x0000000000000000        0x0 /usr/local/lib/gcc/avr/4.9.2/avr5/libgcc.a(_tablejump2.o)
 .bss           0x0000000000000000        0x0 /usr/local/lib/gcc/avr/4.9.2/avr5/libgcc.a(_tablejump2.o)
 .text.libgcc.mul
                0x0000000000000000        0x0 /usr/local/lib/gcc/avr/4.9.2/avr5/libgcc.a(_tablejump2.o)
 .text.libgcc.div
                0x0000000000000000        0x0 /usr/local/lib/gcc/avr/4.9.2/avr5/libgcc.a(_tablejump2.o)
 .text.libgcc.prologue
                0x0000000000000000        0x0 /usr/local/lib/gcc/avr/4.9.2/avr5/libgcc.a(_tablejump2.o)
 .text.libgcc.builtins
                0x0000000000000000        0x0 /usr/local/lib/gcc/avr/4.9.2/avr5/libgcc.a(_tablejump2.o)
 .text.libgcc.fmul
                0x0000000000000000        0x0 /usr/local/lib/gcc/avr/4.9.2/avr5/libgcc.a(_tablejump2.o)
 .text.libgcc.fixed
                0x0000000000000000        0x0 /usr/local/lib/gcc/avr/4.9.2/avr5/libgcc.a(_tablejump2.o)
 .text          0x0000000000000000        0x0 /usr/local/lib/gcc/avr/4.9.2/avr5/libgcc.a(_copy_data.o)
 .data          0x0000000000000000        0x0 /usr/local/lib/gcc/avr/4.9.2/avr5/libgcc.a(_copy_data.o)
 .bss           0x0000000000000000        0x0 /usr/local/lib/gcc/avr/4.9.2/avr5/libgcc.a(_copy_data.o)
 .text.libgcc.mul
                0x0000000000000000        0x0 /usr/local/lib/gcc/avr/4.9.2/avr5/libgcc.a(_copy_data.o)
 .text.libgcc.div
                0x0000000000000000        0x0 /usr/local/lib/gcc/avr/4.9.2/avr5/libgcc.a(_copy_data.o)
 .text.libgcc   0x0000000000000000        0x0 /usr/local/lib/gcc/avr/4.9.2/avr5/libgcc.a(_copy_data.o)
 .text.libgcc.prologue
                0x0000000000000000        0x0 /usr/local/lib/gcc/avr/4.9.2/avr5/libgcc.a(_copy_data.o)
 .text.libgcc.builtins
                0x0000000000000000        0x0 /usr/local/lib/gcc/avr/4.9.2/avr5/libgcc.a(_copy_data.o)
 .text.libgcc.fmul
                0x0000000000000000        0x0 /usr/local/lib/gcc/avr/4.9.2/avr5/libgcc.a(_copy_data.o)
 .text.libgcc.fixed
                0x0000000000000000        0x0 /usr/local/lib/gcc/avr/4.9.2/avr5/libgcc.a(_copy_data.o)
 .text          0x0000000000000000        0x0 /usr/local/lib/gcc/avr/4.9.2/avr5/libgcc.a(_clear_bss.o)
 .data          0x0000000000000000        0x0 /usr/local/lib/gcc/avr/4.9.2/avr5/libgcc.a(_clear_bss.o)
 .bss           0x0000000000000000        0x0 /usr/local/lib/gcc/avr/4.9.2/avr5/libgcc.a(_clear_bss.o)
 .text.libgcc.mul
                0x0000000000000000        0x0 /usr/local/lib/gcc/avr/4.9.2/avr5/libgcc.a(_clear_bss.o)
 .text.libgcc.div
                0x0000000000000000        0x0 /usr/local/lib/gcc/avr/4.9.2/avr5/libgcc.a(_clear_bss.o)
 .text.libgcc   0x0000000000000000        0x0 /usr/local/lib/gcc/avr/4.9.2/avr5/libgcc.a(_clear_bss.o)
 .text.libgcc.prologue
                0x0000000000000000        0x0 /usr/local/lib/gcc/avr/4.9.2/avr5/libgcc.a(_clear_bss.o)
 .text.libgcc.builtins
                0x0000000000000000        0x0 /usr/local/lib/gcc/avr/4.9.2/avr5/libgcc.a(_clear_bss.o)
 .text.libgcc.fmul
                0x0000000000000000        0x0 /usr/local/lib/gcc/avr/4.9.2/avr5/libgcc.a(_clear_bss.o)
 .text.libgcc.fixed
                0x0000000000000000        0x0 /usr/local/lib/gcc/avr/4.9.2/avr5/libgcc.a(_clear_bss.o)
 .text          0x0000000000000000        0x0 /usr/local/lib/gcc/avr/4.9.2/../../../../avr/lib/avr5/libm.a(addsf3.o)
 .data          0x0000000000000000        0x0 /usr/local/lib/gcc/avr/4.9.2/../../../../avr/lib/avr5/libm.a(addsf3.o)
 .bss           0x0000000000000000        0x0 /usr/local/lib/gcc/avr/4.9.2/../../../../avr/lib/avr5/libm.a(addsf3.o)
 .text          0x0000000000000000        0x0 /usr/local/lib/gcc/avr/4.9.2/../../../../avr/lib/avr5/libm.a(addsf3x.o)
 .data          0x0000000000000000        0x0 /usr/local/lib/gcc/avr/4.9.2/../../../../avr/lib/avr5/libm.a(addsf3x.o)
 .bss           0x0000000000000000        0x0 /usr/local/lib/gcc/avr/4.9.2/../../../../avr/lib/avr5/libm.a(addsf3x.o)
 .text          0x0000000000000000        0x0 /usr/local/lib/gcc/avr/4.9.2/../../../../avr/lib/avr5/libm.a(cmpsf2.o)
 .data          0x0000000000000000        0x0 /usr/local/lib/gcc/avr/4.9.2/../../../../avr/lib/avr5/libm.a(cmpsf2.o)
 .bss           0x0000000000000000        0x0 /usr/local/lib/gcc/avr/4.9.2/../../../../avr/lib/avr5/libm.a(cmpsf2.o)
 .text          0x0000000000000000        0x0 /usr/local/lib/gcc/avr/4.9.2/../../../../avr/lib/avr5/libm.a(divsf3.o)
 .data          0x0000000000000000        0x0 /usr/local/lib/gcc/avr/4.9.2/../../../../avr/lib/avr5/libm.a(divsf3.o)
 .bss           0x0000000000000000        0x0 /usr/local/lib/gcc/avr/4.9.2/../../../../avr/lib/avr5/libm.a(divsf3.o)
 .text          0x0000000000000000        0x0 /usr/local/lib/gcc/avr/4.9.2/../../../../avr/lib/avr5/libm.a(divsf3x.o)
 .data          0x0000000000000000        0x0 /usr/local/lib/gcc/avr/4.9.2/../../../../avr/lib/avr5/libm.a(divsf3x.o)
 .bss           0x0000000000000000        0x0 /usr/local/lib/gcc/avr/4.9.2/../../../../avr/lib/avr5/libm.a(divsf3x.o)
 .text          0x0000000000000000        0x0 /usr/local/lib/gcc/avr/4.9.2/../../../../avr/lib/avr5/libm.a(fixunssfsi.o)
 .data          0x0000000000000000        0x0 /usr/local/lib/gcc/avr/4.9.2/../../../../avr/lib/avr5/libm.a(fixunssfsi.o)
 .bss           0x0000000000000000        0x0 /usr/local/lib/gcc/avr/4.9.2/../../../../avr/lib/avr5/libm.a(fixunssfsi.o)
 .text          0x0000000000000000        0x0 /usr/local/lib/gcc/avr/4.9.2/../../../../avr/lib/avr5/libm.a(floatsisf.o)
 .data          0x0000000000000000        0x0 /usr/local/lib/gcc/avr/4.9.2/../../../../avr/lib/avr5/libm.a(floatsisf.o)
 .bss           0x0000000000000000        0x0 /usr/local/lib/gcc/avr/4.9.2/../../../../avr/lib/avr5/libm.a(floatsisf.o)
 .text          0x0000000000000000        0x0 /usr/local/lib/gcc/avr/4.9.2/../../../../avr/lib/avr5/libm.a(fp_cmp.o)
 .data          0x0000000000000000        0x0 /usr/local/lib/gcc/avr/4.9.2/../../../../avr/lib/avr5/libm.a(fp_cmp.o)
 .bss           0x0000000000000000        0x0 /usr/local/lib/gcc/avr/4.9.2/../../../../avr/lib/avr5/libm.a(fp_cmp.o)
 .text          0x0000000000000000        0x0 /usr/local/lib/gcc/avr/4.9.2/../../../../avr/lib/avr5/libm.a(fp_inf.o)
 .data          0x0000000000000000        0x0 /usr/local/lib/gcc/avr/4.9.2/../../../../avr/lib/avr5/libm.a(fp_inf.o)
 .bss           0x0000000000000000        0x0 /usr/local/lib/gcc/avr/4.9.2/../../../../avr/lib/avr5/libm.a(fp_inf.o)
 .text          0x0000000000000000        0x0 /usr/local/lib/gcc/avr/4.9.2/../../../../avr/lib/avr5/libm.a(fp_nan.o)
 .data          0x0000000000000000        0x0 /usr/local/lib/gcc/avr/4.9.2/../../../../avr/lib/avr5/libm.a(fp_nan.o)
 .bss           0x0000000000000000        0x0 /usr/local/lib/gcc/avr/4.9.2/../../../../avr/lib/avr5/libm.a(fp_nan.o)
 .text          0x0000000000000000        0x0 /usr/local/lib/gcc/avr/4.9.2/../../../../avr/lib/avr5/libm.a(fp_pscA.o)
 .data          0x0000000000000000        0x0 /usr/local/lib/gcc/avr/4.9.2/../../../../avr/lib/avr5/libm.a(fp_pscA.o)
 .bss           0x0000000000000000        0x0 /usr/local/lib/gcc/avr/4.9.2/../../../../avr/lib/avr5/libm.a(fp_pscA.o)
 .text          0x0000000000000000        0x0 /usr/local/lib/gcc/avr/4.9.2/../../../../avr/lib/avr5/libm.a(fp_pscB.o)
 .data          0x0000000000000000        0x0 /usr/local/lib/gcc/avr/4.9.2/../../../../avr/lib/avr5/libm.a(fp_pscB.o)
 .bss           0x0000000000000000        0x0 /usr/local/lib/gcc/avr/4.9.2/../../../../avr/lib/avr5/libm.a(fp_pscB.o)
 .text          0x0000000000000000        0x0 /usr/local/lib/gcc/avr/4.9.2/../../../../avr/lib/avr5/libm.a(fp_round.o)
 .data          0x0000000000000000        0x0 /usr/local/lib/gcc/avr/4.9.2/../../../../avr/lib/avr5/libm.a(fp_round.o)
 .bss           0x0000000000000000        0x0 /usr/local/lib/gcc/avr/4.9.2/../../../../avr/lib/avr5/libm.a(fp_round.o)
 .text          0x0000000000000000        0x0 /usr/local/lib/gcc/avr/4.9.2/../../../../avr/lib/avr5/libm.a(fp_split3.o)
 .data          0x0000000000000000        0x0 /usr/local/lib/gcc/avr/4.9.2/../../../../avr/lib/avr5/libm.a(fp_split3.o)
 .bss           0x0000000000000000        0x0 /usr/local/lib/gcc/avr/4.9.2/../../../../avr/lib/avr5/libm.a(fp_split3.o)
 .text          0x0000000000000000        0x0 /usr/local/lib/gcc/avr/4.9.2/../../../../avr/lib/avr5/libm.a(fp_zero.o)
 .data          0x0000000000000000        0x0 /usr/local/lib/gcc/avr/4.9.2/../../../../avr/lib/avr5/libm.a(fp_zero.o)
 .bss           0x0000000000000000        0x0 /usr/local/lib/gcc/avr/4.9.2/../../../../avr/lib/avr5/libm.a(fp_zero.o)
 .text          0x0000000000000000        0x0 /usr/local/lib/gcc/avr/4.9.2/../../../../avr/lib/avr5/libm.a(gesf2.o)
 .data          0x0000000000000000        0x0 /usr/local/lib/gcc/avr/4.9.2/../../../../avr/lib/avr5/libm.a(gesf2.o)
 .bss           0x0000000000000000        0x0 /usr/local/lib/gcc/avr/4.9.2/../../../../avr/lib/avr5/libm.a(gesf2.o)
 .text          0x0000000000000000        0x0 /usr/local/lib/gcc/avr/4.9.2/../../../../avr/lib/avr5/libm.a(mulsf3.o)
 .data          0x0000000000000000        0x0 /usr/local/lib/gcc/avr/4.9.2/../../../../avr/lib/avr5/libm.a(mulsf3.o)
 .bss           0x0000000000000000        0x0 /usr/local/lib/gcc/avr/4.9.2/../../../../avr/lib/avr5/libm.a(mulsf3.o)
 .text          0x0000000000000000        0x0 /usr/local/lib/gcc/avr/4.9.2/../../../../avr/lib/avr5/libm.a(mulsf3x.o)
 .data          0x0000000000000000        0x0 /usr/local/lib/gcc/avr/4.9.2/../../../../avr/lib/avr5/libm.a(mulsf3x.o)
 .bss           0x0000000000000000        0x0 /usr/local/lib/gcc/avr/4.9.2/../../../../avr/lib/avr5/libm.a(mulsf3x.o)

Memory Configuration

Name             Origin             Length             Attributes
text             0x0000000000000000 0x0000000000020000 xr
data             0x0000000000800060 0x000000000000ffa0 rw !x
eeprom           0x0000000000810000 0x0000000000010000 rw !x
fuse             0x0000000000820000 0x0000000000000400 rw !x
lock             0x0000000000830000 0x0000000000000400 rw !x
signature        0x0000000000840000 0x0000000000000400 rw !x
*default*        0x0000000000000000 0xffffffffffffffff

Linker script and memory map

Address of section .data set to 0x800100
LOAD /usr/local/lib/gcc/avr/4.9.2/../../../../avr/lib/avr5/crtm644.o
LOAD uzeboxVideoEngineCore.o
LOAD uzeboxCore.o
LOAD uzeboxSoundEngine.o
LOAD uzeboxSoundEngineCore.o
LOAD uzeboxVideoEngine.o
LOAD TankFu.o
START GROUP
LOAD /usr/local/lib/gcc/avr/4.9.2/avr5/libgcc.a
LOAD /usr/local/lib/gcc/avr/4.9.2/../../../../avr/lib/avr5/libm.a
LOAD /usr/local/lib/gcc/avr/4.9.2/../../../../avr/lib/avr5/libc.a
END GROUP

.hash
 *(.hash)

.dynsym
 *(.dynsym)

.dynstr
 *(.dynstr)

.gnu.version
 *(.gnu.version)

.gnu.version_d
 *(.gnu.version_d)

.gnu.version_r
 *(.gnu.version_r)

.rel.init
 *(.rel.init)

.rela.init
 *(.rela.init)

.rel.text
 *(.rel.text)
 *(.rel.text.*)
 *(.rel.gnu.linkonce.t*)

.rela.text
 *(.rela.text)
 *(.rela.text.*)
 *(.rela.gnu.linkonce.t*)

.rel.fini
 *(.rel.fini)

.rela.fini
 *(.rela.fini)

.rel.rodata
 *(.rel.rodata)
 *(.rel.rodata.*)
 *(.rel.gnu.linkonce.r*)

.rela.rodata
 *(.rela.rodata)
 *(.rela.rodata.*)
 *(.rela.gnu.linkonce.r*)

.rel.data
 *(.rel.data)
 *(.rel.data.*)
 *(.rel.gnu.linkonce.d*)

.rela.data
 *(.rela.data)
 *(.rela.data.*)
 *(.rela.gnu.linkonce.d*)

.rel.ctors
 *(.rel.ctors)

.rela.ctors
 *(.rela.ctors)

.rel.dtors
 *(.rel.dtors)

.rela.dtors
 *(.rela.dtors)

.rel.got
 *(.rel.got)

.rela.got
 *(.rela.got)

.rel.bss
 *(.rel.bss)

.rela.bss
 *(.rela.bss)

.rel.plt
 *(.rel.plt)

.rela.plt
 *(.rela.plt)

.text           0x0000000000000000     0xb5e4
 *(.vectors)
 .vectors       0x0000000000000000       0x70 /usr/local/lib/gcc/avr/4.9.2/../../../../avr/lib/avr5/crtm644.o
                0x0000000000000000                __vectors
                0x0000000000000000                __vector_default
 *(.vectors)
 *(.progmem.gcc*)
 .progmem.gcc_sw_table.load_level_tiles
                0x0000000000000070       0x12 TankFu.o
                0x0000000000000082                . = ALIGN (0x2)
                0x0000000000000082                __trampolines_start = .
 *(.trampolines)
 .trampolines   0x0000000000000082        0x0 linker stubs
 *(.trampolines*)
                0x0000000000000082                __trampolines_end = .
 *(.progmem*)
 .progmem.data  0x0000000000000082       0x4e uzeboxCore.o
                0x0000000000000082                io_table
                0x00000000000000b0                eeprom_format_table
 .progmem.data  0x00000000000000d0       0x1a uzeboxSoundEngine.o
                0x00000000000000d0                patchCommands
 .progmem.data  0x00000000000000ea        0xc uzeboxVideoEngine.o
                0x00000000000000ea                fader
 .progmem.data  0x00000000000000f6     0x6638 TankFu.o
                0x00000000000000f6                strLevels
                0x000000000000016e                strPaused
                0x0000000000000175                strExit
                0x000000000000017e                strTotal
                0x0000000000000185                strScore
                0x000000000000018c                strBanterClear
                0x000000000000019b                banter_map
                0x0000000000000231                strBy
                0x0000000000000234                strOwns
                0x0000000000000239                strChangeHandle
                0x0000000000000248                strCancelHandle
                0x0000000000000253                strConfirmHandle
                0x000000000000025f                strSelectHandle
                0x000000000000026a                strPlayer2
                0x000000000000026d                strPlayer1
                0x0000000000000270                strVertSep
                0x0000000000000272                strUnderline
                0x000000000000027e                strHandlesTitle
                0x000000000000028a                strHighscores
                0x0000000000000294                str2Player
                0x00000000000002a5                str1Player
                0x00000000000002b3                strCopyright
                0x00000000000002ca                my_patches
                0x000000000000033f                level_data
                0x000000000000208b                map_rocket_right_1
                0x000000000000208e                map_rocket_right_0
                0x0000000000002091                map_rocket_up_1
                0x0000000000002094                map_rocket_up_0
                0x0000000000002097                map_ball
                0x000000000000209a                map_explosion_2
                0x00000000000020a0                map_explosion_1
                0x00000000000020a6                map_explosion_0
                0x00000000000020ac                map_tank2_right_1
                0x00000000000020b2                map_tank2_right_0
                0x00000000000020b8                map_tank2_up_1
                0x00000000000020be                map_tank2_up_0
                0x00000000000020c4                map_tank1_right_1
                0x00000000000020ca                map_tank1_right_0
                0x00000000000020d0                map_tank1_up_1
                0x00000000000020d6                map_tank1_up_0
                0x00000000000020dc                map_none
                0x00000000000020df                map_tank_blank
                0x00000000000020e5                map_metal_bl
                0x00000000000020e8                map_metal_tr
                0x00000000000020eb                map_metal_br
                0x00000000000020ee                map_metal_tl
                0x00000000000020f1                map_tile_exp_2
                0x00000000000020f4                map_tile_exp_1
                0x00000000000020f7                map_tile_exp_0
                0x00000000000020fa                map_rocket_itm
                0x00000000000020fd                map_explode_itm
                0x0000000000002100                map_speed_itm
                0x0000000000002103                map_metal
                0x0000000000002106                map_brick
                0x0000000000002109                map_tile_none
                0x000000000000210c                map_pause
                0x000000000000214a                map_splash
                0x00000000000021a0                ad_silence
                0x00000000000021a2                ad_tracks
                0x00000000000021a4                ad_tank_explode
                0x00000000000021a6                ad_splash
                0x00000000000021a8                ad_rocket
                0x00000000000021aa                ad_navigate
                0x000000000000231c                ad_metal
                0x000000000000253c                ad_level_start
                0x000000000000253e                ad_level_clear
                0x0000000000002540                ad_item
                0x00000000000026f1                ad_cannonball
                0x0000000000002938                ad_brick_explode
                0x000000000000301d                ad_banter
                0x000000000000376e                sprites_data
                0x000000000000436e                tiles_data
                0x000000000000672e                . = ALIGN (0x2)
 *(.jumptables)
 *(.jumptables*)
 *(.lowtext)
 *(.lowtext*)
                0x000000000000672e                __ctors_start = .
 *(.ctors)
                0x000000000000672e                __ctors_end = .
                0x000000000000672e                __dtors_start = .
 *(.dtors)
                0x000000000000672e                __dtors_end = .
 SORT(*)(.ctors)
 SORT(*)(.dtors)
 *(.init0)
 .init0         0x000000000000672e        0x0 /usr/local/lib/gcc/avr/4.9.2/../../../../avr/lib/avr5/crtm644.o
                0x000000000000672e                __init
 *(.init0)
 *(.init1)
 *(.init1)
 *(.init2)
 .init2         0x000000000000672e        0xc /usr/local/lib/gcc/avr/4.9.2/../../../../avr/lib/avr5/crtm644.o
 *(.init2)
 *(.init3)
 *(.init3)
 *(.init4)
 .init4         0x000000000000673a       0x16 /usr/local/lib/gcc/avr/4.9.2/avr5/libgcc.a(_copy_data.o)
                0x000000000000673a                __do_copy_data
 .init4         0x0000000000006750       0x10 /usr/local/lib/gcc/avr/4.9.2/avr5/libgcc.a(_clear_bss.o)
                0x0000000000006750                __do_clear_bss
 *(.init4)
 *(.init5)
 *(.init5)
 *(.init6)
 *(.init6)
 *(.init7)
 .init7         0x0000000000006760       0x12 uzeboxCore.o
                0x0000000000006760                wdt_init
 *(.init7)
 *(.init8)
 .init8         0x0000000000006772       0x8a uzeboxCore.o
                0x0000000000006772                Initialize
 *(.init8)
 *(.init9)
 .init9         0x00000000000067fc        0x8 /usr/local/lib/gcc/avr/4.9.2/../../../../avr/lib/avr5/crtm644.o
 *(.init9)
 *(.text)
 .text          0x0000000000006804        0x4 /usr/local/lib/gcc/avr/4.9.2/../../../../avr/lib/avr5/crtm644.o
                0x0000000000006804                __vector_20
                0x0000000000006804                __vector_1
                0x0000000000006804                __vector_24
                0x0000000000006804                __vector_12
                0x0000000000006804                __bad_interrupt
                0x0000000000006804                __vector_6
                0x0000000000006804                __vector_3
                0x0000000000006804                __vector_23
                0x0000000000006804                __vector_25
                0x0000000000006804                __vector_11
                0x0000000000006804                __vector_17
                0x0000000000006804                __vector_19
                0x0000000000006804                __vector_7
                0x0000000000006804                __vector_27
                0x0000000000006804                __vector_5
                0x0000000000006804                __vector_4
                0x0000000000006804                __vector_9
                0x0000000000006804                __vector_2
                0x0000000000006804                __vector_21
                0x0000000000006804                __vector_15
                0x0000000000006804                __vector_8
                0x0000000000006804                __vector_26
                0x0000000000006804                __vector_10
                0x0000000000006804                __vector_16
                0x0000000000006804                __vector_18
                0x0000000000006804                __vector_22
 .text          0x0000000000006808      0x58a uzeboxVideoEngineCore.o
                0x00000000000069ae                CopyTileToRam
                0x0000000000006ad0                BlitSprite
                0x0000000000006bb0                __vector_13
                0x0000000000006c30                __vector_14
 .text          0x0000000000006d92      0x180 uzeboxSoundEngineCore.o
                0x0000000000006d92                process_music
                0x0000000000006d9e                update_sound
                0x0000000000006f12                . = ALIGN (0x2)
 *(.text.*)
 .text.SetSpritesTileTable
                0x0000000000006f12        0xa uzeboxVideoEngineCore.o
                0x0000000000006f12                SetSpritesTileTable
 .text.ClearVram
                0x0000000000006f1c       0x14 uzeboxVideoEngineCore.o
                0x0000000000006f1c                ClearVram
 .text.SetFont  0x0000000000006f30        0x8 uzeboxVideoEngineCore.o
                0x0000000000006f30                SetFont
 .text.SetTile  0x0000000000006f38       0x1c uzeboxVideoEngineCore.o
                0x0000000000006f38                SetTile
 .text.SetFontTilesIndex
                0x0000000000006f54        0x6 uzeboxVideoEngineCore.o
                0x0000000000006f54                SetFontTilesIndex
 .text.SetTileTable
                0x0000000000006f5a        0xa uzeboxVideoEngineCore.o
                0x0000000000006f5a                SetTileTable
 .text.GetVsyncFlag
                0x0000000000006f64        0x8 uzeboxVideoEngineCore.o
                0x0000000000006f64                GetVsyncFlag
 .text.ClearVsyncFlag
                0x0000000000006f6c        0xc uzeboxVideoEngineCore.o
                0x0000000000006f6c                ClearVsyncFlag
 .text.ReadJoypad
                0x0000000000006f78       0x18 uzeboxVideoEngineCore.o
                0x0000000000006f78                ReadJoypad
 .text.WaitUs   0x0000000000006f90        0xe uzeboxVideoEngineCore.o
                0x0000000000006f90                WaitUs
 .text.WriteEeprom
                0x0000000000006f9e       0x14 uzeboxVideoEngineCore.o
                0x0000000000006f9e                WriteEeprom
 .text.ReadEeprom
                0x0000000000006fb2       0x12 uzeboxVideoEngineCore.o
                0x0000000000006fb2                ReadEeprom
 .text.SoftReset
                0x0000000000006fc4       0x16 uzeboxCore.o
                0x0000000000006fc4                SoftReset
 .text.ReadButtons
                0x0000000000006fda       0x6c uzeboxCore.o
                0x0000000000006fda                ReadButtons
 .text.ReadControllers
                0x0000000000007046       0x20 uzeboxCore.o
                0x0000000000007046                ReadControllers
 .text.FormatEeprom
                0x0000000000007066       0x44 uzeboxCore.o
                0x0000000000007066                FormatEeprom
 .text.isEepromFormatted
                0x00000000000070aa       0x2e uzeboxCore.o
                0x00000000000070aa                isEepromFormatted
 .text.EepromWriteBlock
                0x00000000000070d8       0xda uzeboxCore.o
                0x00000000000070d8                EepromWriteBlock
 .text.EepromReadBlock
                0x00000000000071b2       0x92 uzeboxCore.o
                0x00000000000071b2                EepromReadBlock
 .text.PatchCommand00
                0x0000000000007244        0x6 uzeboxSoundEngine.o
                0x0000000000007244                PatchCommand00
 .text.PatchCommand01
                0x000000000000724a       0x10 uzeboxSoundEngine.o
                0x000000000000724a                PatchCommand01
 .text.PatchCommand05
                0x000000000000725a        0xa uzeboxSoundEngine.o
                0x000000000000725a                PatchCommand05
 .text.PatchCommand06
                0x0000000000007264        0xa uzeboxSoundEngine.o
                0x0000000000007264                PatchCommand06
 .text.PatchCommand07
                0x000000000000726e        0x6 uzeboxSoundEngine.o
                0x000000000000726e                PatchCommand07
 .text.PatchCommand09
                0x0000000000007274        0x6 uzeboxSoundEngine.o
                0x0000000000007274                PatchCommand09
 .text.PatchCommand10
                0x000000000000727a        0x6 uzeboxSoundEngine.o
                0x000000000000727a                PatchCommand10
 .text.PatchCommand11
                0x0000000000007280       0x7a uzeboxSoundEngine.o
                0x0000000000007280                PatchCommand11
 .text.PatchCommand12
                0x00000000000072fa        0x6 uzeboxSoundEngine.o
                0x00000000000072fa                PatchCommand12
 .text.PatchCommand02
                0x0000000000007300        0x8 uzeboxSoundEngine.o
                0x0000000000007300                PatchCommand02
 .text.PatchCommand03
                0x0000000000007308       0x10 uzeboxSoundEngine.o
                0x0000000000007308                PatchCommand03
 .text.PatchCommand04
                0x0000000000007318       0x10 uzeboxSoundEngine.o
                0x0000000000007318                PatchCommand04
 .text.PatchCommand08
                0x0000000000007328       0x32 uzeboxSoundEngine.o
                0x0000000000007328                PatchCommand08
 .text.InitMusicPlayer
                0x000000000000735a       0x44 uzeboxSoundEngine.o
                0x000000000000735a                InitMusicPlayer
 .text.ReadVarLen
                0x000000000000739e       0x4c uzeboxSoundEngine.o
                0x000000000000739e                ReadVarLen
 .text.TriggerCommon
                0x00000000000073ea      0x15a uzeboxSoundEngine.o
                0x00000000000073ea                TriggerCommon
 .text.TriggerNote
                0x0000000000007544       0x6e uzeboxSoundEngine.o
                0x0000000000007544                TriggerNote
 .text.ProcessMusic
                0x00000000000075b2      0x44e uzeboxSoundEngine.o
                0x00000000000075b2                ProcessMusic
 .text.SetMasterVolume
                0x0000000000007a00        0x6 uzeboxSoundEngine.o
                0x0000000000007a00                SetMasterVolume
 .text.SetMixerNote
                0x0000000000007a06       0x2e uzeboxSoundEngineCore.o
                0x0000000000007a06                SetMixerNote
 .text.SetMixerWave
                0x0000000000007a34       0x3a uzeboxSoundEngineCore.o
                0x0000000000007a34                SetMixerWave
 *fill*         0x0000000000007a6e       0x92 
 .text.DisableSoundEngine
                0x0000000000007b00      0xc00 uzeboxSoundEngineCore.o
                0x0000000000007b00                DisableSoundEngine
                0x0000000000007b08                steptable
                0x0000000000007d00                waves
 .text.RestoreBackground
                0x0000000000008700       0x22 uzeboxVideoEngine.o
                0x0000000000008700                RestoreBackground
 .text.SetSpriteVisibility
                0x0000000000008722        0x6 uzeboxVideoEngine.o
                0x0000000000008722                SetSpriteVisibility
 .text.ProcessSprites
                0x0000000000008728      0x1a8 uzeboxVideoEngine.o
                0x0000000000008728                ProcessSprites
 .text.MapSprite2
                0x00000000000088d0       0xa4 uzeboxVideoEngine.o
                0x00000000000088d0                MapSprite2
 .text.MoveSprite
                0x0000000000008974       0x4a uzeboxVideoEngine.o
                0x0000000000008974                MoveSprite
 .text.DisplayLogo
                0x00000000000089be        0x2 uzeboxVideoEngine.o
                0x00000000000089be                DisplayLogo
 .text.InitializeVideoMode
                0x00000000000089c0       0x14 uzeboxVideoEngine.o
                0x00000000000089c0                InitializeVideoMode
 .text.DrawMap2
                0x00000000000089d4       0x9a uzeboxVideoEngine.o
                0x00000000000089d4                DrawMap2
 .text.PrintByte
                0x0000000000008a6e       0x66 uzeboxVideoEngine.o
                0x0000000000008a6e                PrintByte
 .text.Print    0x0000000000008ad4       0x36 uzeboxVideoEngine.o
                0x0000000000008ad4                Print
 .text.PrintChar
                0x0000000000008b0a        0x6 uzeboxVideoEngine.o
                0x0000000000008b0a                PrintChar
 .text.WaitVsync
                0x0000000000008b10       0x2e uzeboxVideoEngine.o
                0x0000000000008b10                WaitVsync
 .text.doFade   0x0000000000008b3e       0x1c uzeboxVideoEngine.o
                0x0000000000008b3e                doFade
 .text.FadeIn   0x0000000000008b5a       0x18 uzeboxVideoEngine.o
                0x0000000000008b5a                FadeIn
 .text.FadeOut  0x0000000000008b72       0x18 uzeboxVideoEngine.o
                0x0000000000008b72                FadeOut
 .text.ProcessFading
                0x0000000000008b8a       0x4a uzeboxVideoEngine.o
                0x0000000000008b8a                ProcessFading
 .text.VideoModeVsync
                0x0000000000008bd4        0x8 uzeboxVideoEngine.o
                0x0000000000008bd4                VideoModeVsync
 .text.LBGetNextFrame
                0x0000000000008bdc       0x46 TankFu.o
                0x0000000000008bdc                LBGetNextFrame
 .text.LBGetJoyPadState
                0x0000000000008c22       0x84 TankFu.o
                0x0000000000008c22                LBGetJoyPadState
 .text.LBCopyChars
                0x0000000000008ca6       0x18 TankFu.o
                0x0000000000008ca6                LBCopyChars
 .text.LBPrintStr
                0x0000000000008cbe       0x62 TankFu.o
                0x0000000000008cbe                LBPrintStr
 .text.LBCollides
                0x0000000000008d20       0x54 TankFu.o
                0x0000000000008d20                LBCollides
 .text.LBLineIntersect
                0x0000000000008d74      0x1ac TankFu.o
                0x0000000000008d74                LBLineIntersect
 .text.LBRandom
                0x0000000000008f20       0x3a TankFu.o
                0x0000000000008f20                LBRandom
 .text.LBWaitSeconds
                0x0000000000008f5a       0x1e TankFu.o
                0x0000000000008f5a                LBWaitSeconds
 .text.init_tile_animations
                0x0000000000008f78       0x46 TankFu.o
                0x0000000000008f78                init_tile_animations
 .text.init_shot_state
                0x0000000000008fbe       0x36 TankFu.o
                0x0000000000008fbe                init_shot_state
 .text.set_shot_animations
                0x0000000000008ff4       0x62 TankFu.o
                0x0000000000008ff4                set_shot_animations
 .text.init_player
                0x0000000000009056       0xbc TankFu.o
                0x0000000000009056                init_player
 .text.player_init_shot_state
                0x0000000000009112       0x1e TankFu.o
                0x0000000000009112                player_init_shot_state
 .text.init_game_state
                0x0000000000009130       0x2a TankFu.o
                0x0000000000009130                init_game_state
 .text.player_spawn
                0x000000000000915a       0x3a TankFu.o
                0x000000000000915a                player_spawn
 .text.load_eeprom
                0x0000000000009194       0x24 TankFu.o
                0x0000000000009194                load_eeprom
 .text.fade_through
                0x00000000000091b8       0x14 TankFu.o
                0x00000000000091b8                fade_through
 .text.clear_sprites
                0x00000000000091cc       0x1a TankFu.o
                0x00000000000091cc                clear_sprites
 .text.save_score
                0x00000000000091e6       0xd2 TankFu.o
                0x00000000000091e6                save_score
 .text.position_shot
                0x00000000000092b8       0xdc TankFu.o
                0x00000000000092b8                position_shot
 .text.print_level_score
                0x0000000000009394       0x84 TankFu.o
                0x0000000000009394                print_level_score
 .text.render_hud
                0x0000000000009418       0x3a TankFu.o
                0x0000000000009418                render_hud
 .text.render_score
                0x0000000000009452       0x38 TankFu.o
                0x0000000000009452                render_score
 .text.render_banter
                0x000000000000948a       0x50 TankFu.o
                0x000000000000948a                render_banter
 .text.render_player
                0x00000000000094da       0x52 TankFu.o
                0x00000000000094da                render_player
 .text.render_shot
                0x000000000000952c       0x76 TankFu.o
                0x000000000000952c                render_shot
 .text.render_tile_explosions
                0x00000000000095a2       0x8a TankFu.o
                0x00000000000095a2                render_tile_explosions
 .text.tank_map
                0x000000000000962c      0x104 TankFu.o
                0x000000000000962c                tank_map
 .text.shot_map
                0x0000000000009730       0xae TankFu.o
                0x0000000000009730                shot_map
 .text.recoil_sprite
                0x00000000000097de       0xd4 TankFu.o
                0x00000000000097de                recoil_sprite
 .text.solid_square_tile
                0x00000000000098b2       0x1c TankFu.o
                0x00000000000098b2                solid_square_tile
 .text.solid_directional_tile
                0x00000000000098ce      0x14e TankFu.o
                0x00000000000098ce                solid_directional_tile
 .text.player_shot
                0x0000000000009a1c       0x84 TankFu.o
                0x0000000000009a1c                player_shot
 .text.collision_detect_boundries
                0x0000000000009aa0       0x9c TankFu.o
                0x0000000000009aa0                collision_detect_boundries
 .text.kill_player
                0x0000000000009b3c       0xe0 TankFu.o
                0x0000000000009b3c                kill_player
 .text.get_interesting_tile_indexes_shot
                0x0000000000009c1c       0x48 TankFu.o
                0x0000000000009c1c                get_interesting_tile_indexes_shot
 .text.explode_tile
                0x0000000000009c64       0x7c TankFu.o
                0x0000000000009c64                explode_tile
 .text.collision_detect_shot
                0x0000000000009ce0      0x290 TankFu.o
                0x0000000000009ce0                collision_detect_shot
 .text.get_interesting_tile_indexes
                0x0000000000009f70       0x64 TankFu.o
                0x0000000000009f70                get_interesting_tile_indexes
 .text.collision_detect_player
                0x0000000000009fd4      0x1ee TankFu.o
                0x0000000000009fd4                collision_detect_player
 .text.load_level_tiles
                0x000000000000a1c2       0xae TankFu.o
                0x000000000000a1c2                load_level_tiles
 .text.load_level
                0x000000000000a270      0x17c TankFu.o
                0x000000000000a270                load_level
 .text.level_transition
                0x000000000000a3ec       0x58 TankFu.o
                0x000000000000a3ec                level_transition
 .text.load_splash
                0x000000000000a444       0x6c TankFu.o
                0x000000000000a444                load_splash
 .text.load_tank_rank
                0x000000000000a4b0      0x13a TankFu.o
                0x000000000000a4b0                load_tank_rank
 .text.exit_game
                0x000000000000a5ea       0x12 TankFu.o
                0x000000000000a5ea                exit_game
 .text.update_level_helper
                0x000000000000a5fc      0x3b4 TankFu.o
                0x000000000000a5fc                update_level_helper
 .text.update_level
                0x000000000000a9b0      0x124 TankFu.o
                0x000000000000a9b0                update_level
 .text.update_tank_rank
                0x000000000000aad4       0x20 TankFu.o
                0x000000000000aad4                update_tank_rank
 .text._handle_select_helper
                0x000000000000aaf4      0x18a TankFu.o
                0x000000000000aaf4                _handle_select_helper
 .text._handle_select_render_helper
                0x000000000000ac7e      0x17c TankFu.o
                0x000000000000ac7e                _handle_select_render_helper
 .text.load_handle_select
                0x000000000000adfa      0x124 TankFu.o
                0x000000000000adfa                load_handle_select
 .text.update_splash
                0x000000000000af1e       0xe8 TankFu.o
                0x000000000000af1e                update_splash
 .text.update_handle_select
                0x000000000000b006       0x9c TankFu.o
                0x000000000000b006                update_handle_select
 .text.startup.main
                0x000000000000b0a2       0x9e TankFu.o
                0x000000000000b0a2                main
 .text.libgcc.div
                0x000000000000b140       0x18 /usr/local/lib/gcc/avr/4.9.2/avr5/libgcc.a(_udivmodqi4.o)
                0x000000000000b140                __udivmodqi4
 .text.libgcc.div
                0x000000000000b158       0x28 /usr/local/lib/gcc/avr/4.9.2/avr5/libgcc.a(_udivmodhi4.o)
                0x000000000000b158                __udivmodhi4
 .text.libgcc.div
                0x000000000000b180       0x28 /usr/local/lib/gcc/avr/4.9.2/avr5/libgcc.a(_divmodhi4.o)
                0x000000000000b180                __divmodhi4
                0x000000000000b180                _div
 .text.libgcc   0x000000000000b1a8        0xc /usr/local/lib/gcc/avr/4.9.2/avr5/libgcc.a(_tablejump2.o)
                0x000000000000b1a8                __tablejump2__
 .text.avr-libc.fplib
                0x000000000000b1b4        0xa /usr/local/lib/gcc/avr/4.9.2/../../../../avr/lib/avr5/libm.a(addsf3.o)
                0x000000000000b1b4                __subsf3
                0x000000000000b1b6                __addsf3
 .text.avr-libc.fplib
                0x000000000000b1be       0xc0 /usr/local/lib/gcc/avr/4.9.2/../../../../avr/lib/avr5/libm.a(addsf3x.o)
                0x000000000000b1d8                __addsf3x
 .text.avr-libc.fplib
                0x000000000000b27e        0x8 /usr/local/lib/gcc/avr/4.9.2/../../../../avr/lib/avr5/libm.a(cmpsf2.o)
                0x000000000000b27e                __lesf2
                0x000000000000b27e                __nesf2
                0x000000000000b27e                __eqsf2
                0x000000000000b27e                __cmpsf2
                0x000000000000b27e                __ltsf2
 .text.avr-libc.fplib
                0x000000000000b286        0x4 /usr/local/lib/gcc/avr/4.9.2/../../../../avr/lib/avr5/libm.a(divsf3.o)
                0x000000000000b286                __divsf3
 .text.avr-libc.fplib
                0x000000000000b28a       0xcc /usr/local/lib/gcc/avr/4.9.2/../../../../avr/lib/avr5/libm.a(divsf3x.o)
                0x000000000000b2a0                __divsf3x
                0x000000000000b2a4                __divsf3_pse
 .text.avr-libc.fplib
                0x000000000000b356       0x58 /usr/local/lib/gcc/avr/4.9.2/../../../../avr/lib/avr5/libm.a(fixunssfsi.o)
                0x000000000000b356                __fixunssfsi
 .text.avr-libc.fplib
                0x000000000000b3ae       0x7a /usr/local/lib/gcc/avr/4.9.2/../../../../avr/lib/avr5/libm.a(floatsisf.o)
                0x000000000000b3ae                __floatunsisf
                0x000000000000b3b2                __floatsisf
 .text.avr-libc.fplib
                0x000000000000b428       0x48 /usr/local/lib/gcc/avr/4.9.2/../../../../avr/lib/avr5/libm.a(fp_cmp.o)
                0x000000000000b428                __fp_cmp
 .text.avr-libc.fplib
                0x000000000000b470        0xc /usr/local/lib/gcc/avr/4.9.2/../../../../avr/lib/avr5/libm.a(fp_inf.o)
                0x000000000000b470                __fp_inf
 .text.avr-libc.fplib
                0x000000000000b47c        0x6 /usr/local/lib/gcc/avr/4.9.2/../../../../avr/lib/avr5/libm.a(fp_nan.o)
                0x000000000000b47c                __fp_nan
 .text.avr-libc.fplib
                0x000000000000b482        0xe /usr/local/lib/gcc/avr/4.9.2/../../../../avr/lib/avr5/libm.a(fp_pscA.o)
                0x000000000000b482                __fp_pscA
 .text.avr-libc.fplib
                0x000000000000b490        0xe /usr/local/lib/gcc/avr/4.9.2/../../../../avr/lib/avr5/libm.a(fp_pscB.o)
                0x000000000000b490                __fp_pscB
 .text.avr-libc.fplib
                0x000000000000b49e       0x22 /usr/local/lib/gcc/avr/4.9.2/../../../../avr/lib/avr5/libm.a(fp_round.o)
                0x000000000000b49e                __fp_round
 .text.avr-libc.fplib
                0x000000000000b4c0       0x44 /usr/local/lib/gcc/avr/4.9.2/../../../../avr/lib/avr5/libm.a(fp_split3.o)
                0x000000000000b4c0                __fp_split3
                0x000000000000b4d0                __fp_splitA
 .text.avr-libc.fplib
                0x000000000000b504        0xe /usr/local/lib/gcc/avr/4.9.2/../../../../avr/lib/avr5/libm.a(fp_zero.o)
                0x000000000000b504                __fp_zero
                0x000000000000b506                __fp_szero
 .text.avr-libc.fplib
                0x000000000000b512        0x8 /usr/local/lib/gcc/avr/4.9.2/../../../../avr/lib/avr5/libm.a(gesf2.o)
                0x000000000000b512                __gtsf2
                0x000000000000b512                __gesf2
 .text.avr-libc.fplib
                0x000000000000b51a        0x4 /usr/local/lib/gcc/avr/4.9.2/../../../../avr/lib/avr5/libm.a(mulsf3.o)
                0x000000000000b51a                __mulsf3
 .text.avr-libc.fplib
                0x000000000000b51e       0xc2 /usr/local/lib/gcc/avr/4.9.2/../../../../avr/lib/avr5/libm.a(mulsf3x.o)
                0x000000000000b532                __mulsf3x
                0x000000000000b536                __mulsf3_pse
                0x000000000000b5e0                . = ALIGN (0x2)
 *(.fini9)
 .fini9         0x000000000000b5e0        0x0 /usr/local/lib/gcc/avr/4.9.2/avr5/libgcc.a(_exit.o)
                0x000000000000b5e0                exit
                0x000000000000b5e0                _exit
 *(.fini9)
 *(.fini8)
 *(.fini8)
 *(.fini7)
 *(.fini7)
 *(.fini6)
 *(.fini6)
 *(.fini5)
 *(.fini5)
 *(.fini4)
 *(.fini4)
 *(.fini3)
 *(.fini3)
 *(.fini2)
 *(.fini2)
 *(.fini1)
 *(.fini1)
 *(.fini0)
 .fini0         0x000000000000b5e0        0x4 /usr/local/lib/gcc/avr/4.9.2/avr5/libgcc.a(_exit.o)
 *(.fini0)
                0x000000000000b5e4                _etext = .

.data           0x0000000000800100       0x44 load address 0x000000000000b5e4
                0x0000000000800100                PROVIDE (__data_start, .)
 *(.data)
 .data          0x0000000000800100        0x1 uzeboxVideoEngine.o
                0x0000000000800100                spritesOn
 .data          0x0000000000800101       0x43 TankFu.o
                0x0000000000800104                scores
                0x0000000000800124                handles
 *(.data*)
 *(.rodata)
 *(.rodata*)
 *(.gnu.linkonce.d*)
                0x0000000000800144                . = ALIGN (0x2)
                0x0000000000800144                _edata = .
                0x0000000000800144                PROVIDE (__data_end, .)

.bss            0x0000000000800144      0xe87
                0x0000000000800144                PROVIDE (__bss_start, .)
 *(.bss)
 *fill*         0x0000000000800144       0x1c 
 .bss           0x0000000000800160      0x9a0 uzeboxVideoEngineCore.o
                0x0000000000800160                vram
                0x00000000008004a8                sprites
                0x00000000008004a8                overlay_vram
                0x00000000008004d8                ram_tiles
                0x0000000000800a98                ram_tiles_restore
                0x0000000000800add                sprites_tile_banks
                0x0000000000800ae8                Screen
                0x0000000000800aec                sync_phase
                0x0000000000800aed                sync_pulse
                0x0000000000800aee                sync_flags
                0x0000000000800af3                first_render_line
                0x0000000000800af4                render_lines_count
                0x0000000000800af5                first_render_line_tmp
                0x0000000000800af6                render_lines_count_tmp
                0x0000000000800af7                joypad1_status_lo
                0x0000000000800af9                joypad1_status_hi
                0x0000000000800afb                joypad2_status_lo
                0x0000000000800afd                joypad2_status_hi
 .bss           0x0000000000800b00        0x1 uzeboxSoundEngine.o
                0x0000000000800b00                playSong
 .bss           0x0000000000800b01       0x23 uzeboxSoundEngineCore.o
                0x0000000000800b01                sound_enabled
                0x0000000000800b02                mixer
                0x0000000000800b15                tr4_params
                0x0000000000800b16                tr4_barrel_lo
                0x0000000000800b17                tr4_barrel_hi
 .bss           0x0000000000800b24       0x12 TankFu.o
                0x0000000000800b24                p2s
                0x0000000000800b2a                p1s
 *(.bss*)
 *(COMMON)
 COMMON         0x0000000000800b36        0x1 uzeboxCore.o
                0x0000000000800b36                joypadsConnectionStatus
 COMMON         0x0000000000800b37       0x7e uzeboxSoundEngine.o
                0x0000000000800b37                songStart
                0x0000000000800b39                tracks
                0x0000000000800ba7                currDeltaTime
                0x0000000000800ba9                patchPointers
                0x0000000000800bab                lastStatus
                0x0000000000800bac                masterVolume
                0x0000000000800bad                nextDeltaTime
                0x0000000000800baf                songSpeed
                0x0000000000800bb0                songPos
                0x0000000000800bb2                loopStart
                0x0000000000800bb4                step
 COMMON         0x0000000000800bb5        0x6 uzeboxVideoEngine.o
                0x0000000000800bb5                fadeSpeed
                0x0000000000800bb6                fadeDir
                0x0000000000800bb7                free_tile_index
                0x0000000000800bb8                fadeActive
                0x0000000000800bb9                currFadeFrame
                0x0000000000800bba                fadeStep
 COMMON         0x0000000000800bbb      0x410 TankFu.o
                0x0000000000800bbb                p2
                0x0000000000800bc1                game
                0x0000000000800bc5                tile_animations
                0x0000000000800bde                player1
                0x0000000000800c5a                p1
                0x0000000000800c60                level
                0x0000000000800f4f                player2
                0x0000000000800fcb                PROVIDE (__bss_end, .)
                0x000000000000b5e4                __data_load_start = LOADADDR (.data)
                0x000000000000b628                __data_load_end = (__data_load_start + SIZEOF (.data))

.noinit         0x0000000000800fcb        0x0
                0x0000000000800fcb                PROVIDE (__noinit_start, .)
 *(.noinit*)
                0x0000000000800fcb                PROVIDE (__noinit_end, .)
                0x0000000000800fcb                _end = .
                0x0000000000800fcb                PROVIDE (__heap_start, .)

.eeprom         0x0000000000810000        0x0
 *(.eeprom*)
                0x0000000000810000                __eeprom_end = .

.fuse
 *(.fuse)
 *(.lfuse)
 *(.hfuse)
 *(.efuse)

.lock
 *(.lock*)

.signature
 *(.signature*)

.stab           0x0000000000000000      0x618
 *(.stab)
 .stab          0x0000000000000000       0xf0 /usr/local/lib/gcc/avr/4.9.2/avr5/libgcc.a(_udivmodqi4.o)
 .stab          0x00000000000000f0      0x15c /usr/local/lib/gcc/avr/4.9.2/avr5/libgcc.a(_udivmodhi4.o)
                                        0x168 (size before relaxing)
 .stab          0x000000000000024c      0x138 /usr/local/lib/gcc/avr/4.9.2/avr5/libgcc.a(_divmodhi4.o)
                                        0x144 (size before relaxing)
 .stab          0x0000000000000384       0x6c /usr/local/lib/gcc/avr/4.9.2/avr5/libgcc.a(_exit.o)
                                         0x78 (size before relaxing)
 .stab          0x00000000000003f0       0x9c /usr/local/lib/gcc/avr/4.9.2/avr5/libgcc.a(_tablejump2.o)
                                         0xa8 (size before relaxing)
 .stab          0x000000000000048c       0xd8 /usr/local/lib/gcc/avr/4.9.2/avr5/libgcc.a(_copy_data.o)
                                         0xe4 (size before relaxing)
 .stab          0x0000000000000564       0xb4 /usr/local/lib/gcc/avr/4.9.2/avr5/libgcc.a(_clear_bss.o)
                                         0xc0 (size before relaxing)

.stabstr        0x0000000000000000      0x2a5
 *(.stabstr)
 .stabstr       0x0000000000000000      0x2a5 /usr/local/lib/gcc/avr/4.9.2/avr5/libgcc.a(_udivmodqi4.o)

.stab.excl
 *(.stab.excl)

.stab.exclstr
 *(.stab.exclstr)

.stab.index
 *(.stab.index)

.stab.indexstr
 *(.stab.indexstr)

.comment        0x0000000000000000       0x11
 *(.comment)
 .comment       0x0000000000000000       0x11 uzeboxCore.o
                                         0x12 (size before relaxing)
 .comment       0x0000000000000011       0x12 uzeboxSoundEngine.o
 .comment       0x0000000000000011       0x12 uzeboxVideoEngine.o
 .comment       0x0000000000000011       0x12 TankFu.o

.note.gnu.build-id
 *(.note.gnu.build-id)

.debug
 *(.debug)

.line
 *(.line)

.debug_srcinfo
 *(.debug_srcinfo)

.debug_sfnames
 *(.debug_sfnames)

.debug_aranges  0x0000000000000000      0x558
 *(.debug_aranges)
 .debug_aranges
                0x0000000000000000       0xd0 uzeboxVideoEngineCore.o
 .debug_aranges
                0x00000000000000d0       0x80 uzeboxCore.o
 .debug_aranges
                0x0000000000000150       0xe8 uzeboxSoundEngine.o
 .debug_aranges
                0x0000000000000238       0x50 uzeboxSoundEngineCore.o
 .debug_aranges
                0x0000000000000288       0xf8 uzeboxVideoEngine.o
 .debug_aranges
                0x0000000000000380      0x1d8 TankFu.o

.debug_pubnames
 *(.debug_pubnames)

.debug_info     0x0000000000000000     0x7d53
 *(.debug_info .gnu.linkonce.wi.*)
 .debug_info    0x0000000000000000      0x672 /usr/local/lib/gcc/avr/4.9.2/../../../../avr/lib/avr5/crtm644.o
 .debug_info    0x0000000000000672       0x7d uzeboxVideoEngineCore.o
 .debug_info    0x00000000000006ef      0x9eb uzeboxCore.o
 .debug_info    0x00000000000010da     0x127a uzeboxSoundEngine.o
 .debug_info    0x0000000000002354       0x74 uzeboxSoundEngineCore.o
 .debug_info    0x00000000000023c8     0x12c5 uzeboxVideoEngine.o
 .debug_info    0x000000000000368d     0x46c6 TankFu.o

.debug_abbrev   0x0000000000000000     0x14ff
 *(.debug_abbrev)
 .debug_abbrev  0x0000000000000000      0x619 /usr/local/lib/gcc/avr/4.9.2/../../../../avr/lib/avr5/crtm644.o
 .debug_abbrev  0x0000000000000619       0x12 uzeboxVideoEngineCore.o
 .debug_abbrev  0x000000000000062b      0x2e6 uzeboxCore.o
 .debug_abbrev  0x0000000000000911      0x307 uzeboxSoundEngine.o
 .debug_abbrev  0x0000000000000c18       0x12 uzeboxSoundEngineCore.o
 .debug_abbrev  0x0000000000000c2a      0x3a7 uzeboxVideoEngine.o
 .debug_abbrev  0x0000000000000fd1      0x52e TankFu.o

.debug_line     0x0000000000000000     0x1b42
 *(.debug_line .debug_line.* .debug_line_end)
 .debug_line    0x0000000000000000       0x1d /usr/local/lib/gcc/avr/4.9.2/../../../../avr/lib/avr5/crtm644.o
 .debug_line    0x000000000000001d      0x47a uzeboxVideoEngineCore.o
 .debug_line    0x0000000000000497      0x287 uzeboxCore.o
 .debug_line    0x000000000000071e      0x3a6 uzeboxSoundEngine.o
 .debug_line    0x0000000000000ac4      0x1a8 uzeboxSoundEngineCore.o
 .debug_line    0x0000000000000c6c      0x472 uzeboxVideoEngine.o
 .debug_line    0x00000000000010de      0xa64 TankFu.o

.debug_frame    0x0000000000000000     0x11a4
 *(.debug_frame)
 .debug_frame   0x0000000000000000      0x174 uzeboxCore.o
 .debug_frame   0x0000000000000174      0x258 uzeboxSoundEngine.o
 .debug_frame   0x00000000000003cc      0x4c0 uzeboxVideoEngine.o
 .debug_frame   0x000000000000088c      0x918 TankFu.o

.debug_str      0x0000000000000000     0x18b3
 *(.debug_str)
 .debug_str     0x0000000000000000      0x231 /usr/local/lib/gcc/avr/4.9.2/../../../../avr/lib/avr5/crtm644.o
 .debug_str     0x0000000000000231      0x496 uzeboxCore.o
                                        0x4e6 (size before relaxing)
 .debug_str     0x00000000000006c7      0x3c9 uzeboxSoundEngine.o
                                        0x60c (size before relaxing)
 .debug_str     0x0000000000000a90      0x286 uzeboxVideoEngine.o
                                        0x401 (size before relaxing)
 .debug_str     0x0000000000000d16      0xb9d TankFu.o
                                        0xf02 (size before relaxing)

.debug_loc      0x0000000000000000     0x6e20
 *(.debug_loc)
 .debug_loc     0x0000000000000000      0x85c uzeboxCore.o
 .debug_loc     0x000000000000085c     0x119f uzeboxSoundEngine.o
 .debug_loc     0x00000000000019fb     0x1d49 uzeboxVideoEngine.o
 .debug_loc     0x0000000000003744     0x36dc TankFu.o

.debug_macinfo
 *(.debug_macinfo)

.debug_weaknames
 *(.debug_weaknames)

.debug_funcnames
 *(.debug_funcnames)

.debug_typenames
 *(.debug_typenames)

.debug_varnames
 *(.debug_varnames)

.debug_pubtypes
 *(.debug_pubtypes)

.debug_ranges   0x0000000000000000      0x5f8
 *(.debug_ranges)
 .debug_ranges  0x0000000000000000       0xc8 uzeboxVideoEngineCore.o
 .debug_ranges  0x00000000000000c8       0x70 uzeboxCore.o
 .debug_ranges  0x0000000000000138      0x120 uzeboxSoundEngine.o
 .debug_ranges  0x0000000000000258       0x48 uzeboxSoundEngineCore.o
 .debug_ranges  0x00000000000002a0      0x130 uzeboxVideoEngine.o
 .debug_ranges  0x00000000000003d0      0x228 TankFu.o

.debug_macro
 *(.debug_macro)
OUTPUT(TankFu.elf elf32-avr)
LOAD linker stubs
