Archive member included to satisfy reference by file (symbol)

/usr/local/lib/gcc/avr/4.9.2/avr5/libgcc.a(_udivmodqi4.o)
                              uzeboxVideoEngine.o (__udivmodqi4)
/usr/local/lib/gcc/avr/4.9.2/avr5/libgcc.a(_divmodqi4.o)
                              TankFu.o (__divmodqi4)
/usr/local/lib/gcc/avr/4.9.2/avr5/libgcc.a(_udivmodhi4.o)
                              uzeboxVideoEngine.o (__udivmodhi4)
/usr/local/lib/gcc/avr/4.9.2/avr5/libgcc.a(_divmodhi4.o)
                              uzeboxSoundEngine.o (__divmodhi4)
/usr/local/lib/gcc/avr/4.9.2/avr5/libgcc.a(_udivmodsi4.o)
                              uzeboxVideoEngine.o (__udivmodsi4)
/usr/local/lib/gcc/avr/4.9.2/avr5/libgcc.a(_exit.o)
                              /usr/local/lib/gcc/avr/4.9.2/../../../../avr/lib/avr5/crtm644.o (exit)
/usr/local/lib/gcc/avr/4.9.2/avr5/libgcc.a(_copy_data.o)
                              uzeboxVideoEngine.o (__do_copy_data)
/usr/local/lib/gcc/avr/4.9.2/avr5/libgcc.a(_clear_bss.o)
                              uzeboxCore.o (__do_clear_bss)
/usr/local/lib/gcc/avr/4.9.2/../../../../avr/lib/avr5/libc.a(memcpy_P.o)
                              TankFu.o (memcpy_P)
/usr/local/lib/gcc/avr/4.9.2/../../../../avr/lib/avr5/libc.a(strnlen_P.o)
                              TankFu.o (strnlen_P)
/usr/local/lib/gcc/avr/4.9.2/../../../../avr/lib/avr5/libc.a(strupr.o)
                              TankFu.o (strupr)
/usr/local/lib/gcc/avr/4.9.2/../../../../avr/lib/avr5/libc.a(sprintf.o)
                              TankFu.o (sprintf)
/usr/local/lib/gcc/avr/4.9.2/../../../../avr/lib/avr5/libc.a(vfprintf_std.o)
                              /usr/local/lib/gcc/avr/4.9.2/../../../../avr/lib/avr5/libc.a(sprintf.o) (vfprintf)
/usr/local/lib/gcc/avr/4.9.2/../../../../avr/lib/avr5/libc.a(strnlen.o)
                              /usr/local/lib/gcc/avr/4.9.2/../../../../avr/lib/avr5/libc.a(vfprintf_std.o) (strnlen)
/usr/local/lib/gcc/avr/4.9.2/../../../../avr/lib/avr5/libc.a(fputc.o)
                              /usr/local/lib/gcc/avr/4.9.2/../../../../avr/lib/avr5/libc.a(vfprintf_std.o) (fputc)
/usr/local/lib/gcc/avr/4.9.2/../../../../avr/lib/avr5/libc.a(ultoa_invert.o)
                              /usr/local/lib/gcc/avr/4.9.2/../../../../avr/lib/avr5/libc.a(vfprintf_std.o) (__ultoa_invert)
/usr/local/lib/gcc/avr/4.9.2/avr5/libgcc.a(_prologue.o)
                              /usr/local/lib/gcc/avr/4.9.2/../../../../avr/lib/avr5/libc.a(sprintf.o) (__prologue_saves__)
/usr/local/lib/gcc/avr/4.9.2/avr5/libgcc.a(_epilogue.o)
                              /usr/local/lib/gcc/avr/4.9.2/../../../../avr/lib/avr5/libc.a(sprintf.o) (__epilogue_restores__)

Allocating common symbols
Common symbol       size              file

songStart           0x2               uzeboxSoundEngine.o
uart_tx_buf         0x40              uzeboxCore.o
tracks              0x5c              uzeboxSoundEngine.o
scores              0x20              TankFu.o
fadeSpeed           0x1               uzeboxVideoEngine.o
currDeltaTime       0x2               uzeboxSoundEngine.o
fadeDir             0x1               uzeboxVideoEngine.o
patchPointers       0x2               uzeboxSoundEngine.o
p2s                 0x6               TankFu.o
handles             0x20              TankFu.o
game                0x14              TankFu.o
tile_animations     0x1d              TankFu.o
lastStatus          0x1               uzeboxSoundEngine.o
joypadsConnectionStatus
                    0x1               uzeboxCore.o
wifi_status         0x1               TankFu.o
player1             0x7f              TankFu.o
fadeActive          0x1               uzeboxVideoEngine.o
uart_rx_head        0x1               uzeboxCore.o
masterVolume        0x1               uzeboxSoundEngine.o
nextDeltaTime       0x2               uzeboxSoundEngine.o
songSpeed           0x1               uzeboxSoundEngine.o
uart_tx_head        0x1               uzeboxCore.o
songPos             0x2               uzeboxSoundEngine.o
level               0x2ef             TankFu.o
uart_rx_tail        0x1               uzeboxCore.o
player2             0x7f              TankFu.o
loopStart           0x2               uzeboxSoundEngine.o
sub_animation       0xe               TankFu.o
scope_animation     0xe               TankFu.o
uart_rx_buf         0x100             uzeboxCore.o
step                0x1               uzeboxSoundEngine.o
currFadeFrame       0x1               uzeboxVideoEngine.o
p1s                 0x6               TankFu.o
fadeStep            0x1               uzeboxVideoEngine.o
uart_tx_tail        0x1               uzeboxCore.o
turret2             0x2f              TankFu.o
turret1             0x2f              TankFu.o

Discarded input sections

 .data          0x0000000000000000        0x0 /usr/local/lib/gcc/avr/4.9.2/../../../../avr/lib/avr5/crtm644.o
 .bss           0x0000000000000000        0x0 /usr/local/lib/gcc/avr/4.9.2/../../../../avr/lib/avr5/crtm644.o
 .data          0x0000000000000000        0x0 uzeboxVideoEngineCore.o
 .text.SetSpritesTileBank
                0x0000000000000000       0x12 uzeboxVideoEngineCore.o
 .text.GetTile  0x0000000000000000       0x1e uzeboxVideoEngineCore.o
 .text.SetUserPostVsyncCallback
                0x0000000000000000        0xa uzeboxVideoEngineCore.o
 .text.IsRunningInEmulator
                0x0000000000000000       0x12 uzeboxVideoEngineCore.o
 .text.WaitClocks
                0x0000000000000000        0x6 uzeboxVideoEngineCore.o
 .text.SetLedOn
                0x0000000000000000        0x4 uzeboxVideoEngineCore.o
 .text.SetLedOff
                0x0000000000000000        0x4 uzeboxVideoEngineCore.o
 .text.ToggleLed
                0x0000000000000000        0x4 uzeboxVideoEngineCore.o
 .text.internal_spi_byte
                0x0000000000000000        0xe uzeboxVideoEngineCore.o
 .text          0x0000000000000000        0x0 uzeboxCore.o
 .data          0x0000000000000000        0x0 uzeboxCore.o
 .text.SetRenderingParameters
                0x0000000000000000        0xa uzeboxCore.o
 .text.DetectControllers
                0x0000000000000000       0x36 uzeboxCore.o
 .text.FormatEeprom2
                0x0000000000000000       0x98 uzeboxCore.o
 .text.IsPowerSwitchPressed
                0x0000000000000000        0xe uzeboxCore.o
 .text.UartGoBack
                0x0000000000000000       0x14 uzeboxCore.o
 .text.IsUartRxBufferEmpty
                0x0000000000000000       0x10 uzeboxCore.o
 .text.IsUartTxBufferEmpty
                0x0000000000000000       0x10 uzeboxCore.o
 .text.IsUartTxBufferFull
                0x0000000000000000       0x14 uzeboxCore.o
 .text          0x0000000000000000        0x0 uzeboxSoundEngine.o
 .data          0x0000000000000000        0x0 uzeboxSoundEngine.o
 .text.StartSong
                0x0000000000000000       0x52 uzeboxSoundEngine.o
 .text.StopSong
                0x0000000000000000       0x18 uzeboxSoundEngine.o
 .text.ResumeSong
                0x0000000000000000        0x8 uzeboxSoundEngine.o
 .text.SetSongSpeed
                0x0000000000000000        0x6 uzeboxSoundEngine.o
 .text.GetSongSpeed
                0x0000000000000000        0x6 uzeboxSoundEngine.o
 .text.GetMasterVolume
                0x0000000000000000        0x6 uzeboxSoundEngine.o
 .text.IsSongPlaying
                0x0000000000000000        0x6 uzeboxSoundEngine.o
 .data          0x0000000000000000        0x0 uzeboxSoundEngineCore.o
 .text.SetMixerNoiseParams
                0x0000000000000000       0x10 uzeboxSoundEngineCore.o
 .text.SetMixerVolume
                0x0000000000000000       0x16 uzeboxSoundEngineCore.o
 .text.EnableSoundEngine
                0x0000000000000000        0x8 uzeboxSoundEngineCore.o
 .text          0x0000000000000000        0x0 uzeboxVideoEngine.o
 .bss           0x0000000000000000        0x0 uzeboxVideoEngine.o
 .text.SetUserRamTilesCount
                0x0000000000000000        0x6 uzeboxVideoEngine.o
 .text.GetUserRamTile
                0x0000000000000000        0xe uzeboxVideoEngine.o
 .text.SetSpriteVisibility
                0x0000000000000000        0x6 uzeboxVideoEngine.o
 .text.MapSprite
                0x0000000000000000       0x80 uzeboxVideoEngine.o
 .text.PrintLong
                0x0000000000000000       0x8a uzeboxVideoEngine.o
 .text.PrintInt
                0x0000000000000000       0x70 uzeboxVideoEngine.o
 .text.PrintBinaryByte
                0x0000000000000000       0x36 uzeboxVideoEngine.o
 .text.PrintHexByte
                0x0000000000000000       0x40 uzeboxVideoEngine.o
 .text.PrintHexInt
                0x0000000000000000       0x24 uzeboxVideoEngine.o
 .text.PrintHexLong
                0x0000000000000000       0x5e uzeboxVideoEngine.o
 .text.PrintRam
                0x0000000000000000       0x36 uzeboxVideoEngine.o
 .text.Fill     0x0000000000000000       0x6e uzeboxVideoEngine.o
 .text.FontFill
                0x0000000000000000       0x6c uzeboxVideoEngine.o
 .text          0x0000000000000000        0x0 TankFu.o
 .text.LBPrintByte
                0x0000000000000000       0x6c TankFu.o
 .text.LBWaitUs
                0x0000000000000000        0x4 TankFu.o
 .text.wifiGetP
                0x0000000000000000       0x14 TankFu.o
 .text.save_eeprom
                0x0000000000000000        0x4 TankFu.o
 .text.turret_map
                0x0000000000000000       0x14 TankFu.o
 .text.turret_shot_map
                0x0000000000000000       0x14 TankFu.o
 .text.record_player_posture
                0x0000000000000000       0x12 TankFu.o
 .text          0x0000000000000000        0x0 /usr/local/lib/gcc/avr/4.9.2/avr5/libgcc.a(_udivmodqi4.o)
 .data          0x0000000000000000        0x0 /usr/local/lib/gcc/avr/4.9.2/avr5/libgcc.a(_udivmodqi4.o)
 .bss           0x0000000000000000        0x0 /usr/local/lib/gcc/avr/4.9.2/avr5/libgcc.a(_udivmodqi4.o)
 .text.libgcc.mul
                0x0000000000000000        0x0 /usr/local/lib/gcc/avr/4.9.2/avr5/libgcc.a(_udivmodqi4.o)
 .text.libgcc   0x0000000000000000        0x0 /usr/local/lib/gcc/avr/4.9.2/avr5/libgcc.a(_udivmodqi4.o)
 .text.libgcc.prologue
                0x0000000000000000        0x0 /usr/local/lib/gcc/avr/4.9.2/avr5/libgcc.a(_udivmodqi4.o)
 .text.libgcc.builtins
                0x0000000000000000        0x0 /usr/local/lib/gcc/avr/4.9.2/avr5/libgcc.a(_udivmodqi4.o)
 .text.libgcc.fmul
                0x0000000000000000        0x0 /usr/local/lib/gcc/avr/4.9.2/avr5/libgcc.a(_udivmodqi4.o)
 .text.libgcc.fixed
                0x0000000000000000        0x0 /usr/local/lib/gcc/avr/4.9.2/avr5/libgcc.a(_udivmodqi4.o)
 .text          0x0000000000000000        0x0 /usr/local/lib/gcc/avr/4.9.2/avr5/libgcc.a(_divmodqi4.o)
 .data          0x0000000000000000        0x0 /usr/local/lib/gcc/avr/4.9.2/avr5/libgcc.a(_divmodqi4.o)
 .bss           0x0000000000000000        0x0 /usr/local/lib/gcc/avr/4.9.2/avr5/libgcc.a(_divmodqi4.o)
 .text.libgcc.mul
                0x0000000000000000        0x0 /usr/local/lib/gcc/avr/4.9.2/avr5/libgcc.a(_divmodqi4.o)
 .text.libgcc   0x0000000000000000        0x0 /usr/local/lib/gcc/avr/4.9.2/avr5/libgcc.a(_divmodqi4.o)
 .text.libgcc.prologue
                0x0000000000000000        0x0 /usr/local/lib/gcc/avr/4.9.2/avr5/libgcc.a(_divmodqi4.o)
 .text.libgcc.builtins
                0x0000000000000000        0x0 /usr/local/lib/gcc/avr/4.9.2/avr5/libgcc.a(_divmodqi4.o)
 .text.libgcc.fmul
                0x0000000000000000        0x0 /usr/local/lib/gcc/avr/4.9.2/avr5/libgcc.a(_divmodqi4.o)
 .text.libgcc.fixed
                0x0000000000000000        0x0 /usr/local/lib/gcc/avr/4.9.2/avr5/libgcc.a(_divmodqi4.o)
 .text          0x0000000000000000        0x0 /usr/local/lib/gcc/avr/4.9.2/avr5/libgcc.a(_udivmodhi4.o)
 .data          0x0000000000000000        0x0 /usr/local/lib/gcc/avr/4.9.2/avr5/libgcc.a(_udivmodhi4.o)
 .bss           0x0000000000000000        0x0 /usr/local/lib/gcc/avr/4.9.2/avr5/libgcc.a(_udivmodhi4.o)
 .text.libgcc.mul
                0x0000000000000000        0x0 /usr/local/lib/gcc/avr/4.9.2/avr5/libgcc.a(_udivmodhi4.o)
 .text.libgcc   0x0000000000000000        0x0 /usr/local/lib/gcc/avr/4.9.2/avr5/libgcc.a(_udivmodhi4.o)
 .text.libgcc.prologue
                0x0000000000000000        0x0 /usr/local/lib/gcc/avr/4.9.2/avr5/libgcc.a(_udivmodhi4.o)
 .text.libgcc.builtins
                0x0000000000000000        0x0 /usr/local/lib/gcc/avr/4.9.2/avr5/libgcc.a(_udivmodhi4.o)
 .text.libgcc.fmul
                0x0000000000000000        0x0 /usr/local/lib/gcc/avr/4.9.2/avr5/libgcc.a(_udivmodhi4.o)
 .text.libgcc.fixed
                0x0000000000000000        0x0 /usr/local/lib/gcc/avr/4.9.2/avr5/libgcc.a(_udivmodhi4.o)
 .text          0x0000000000000000        0x0 /usr/local/lib/gcc/avr/4.9.2/avr5/libgcc.a(_divmodhi4.o)
 .data          0x0000000000000000        0x0 /usr/local/lib/gcc/avr/4.9.2/avr5/libgcc.a(_divmodhi4.o)
 .bss           0x0000000000000000        0x0 /usr/local/lib/gcc/avr/4.9.2/avr5/libgcc.a(_divmodhi4.o)
 .text.libgcc.mul
                0x0000000000000000        0x0 /usr/local/lib/gcc/avr/4.9.2/avr5/libgcc.a(_divmodhi4.o)
 .text.libgcc   0x0000000000000000        0x0 /usr/local/lib/gcc/avr/4.9.2/avr5/libgcc.a(_divmodhi4.o)
 .text.libgcc.prologue
                0x0000000000000000        0x0 /usr/local/lib/gcc/avr/4.9.2/avr5/libgcc.a(_divmodhi4.o)
 .text.libgcc.builtins
                0x0000000000000000        0x0 /usr/local/lib/gcc/avr/4.9.2/avr5/libgcc.a(_divmodhi4.o)
 .text.libgcc.fmul
                0x0000000000000000        0x0 /usr/local/lib/gcc/avr/4.9.2/avr5/libgcc.a(_divmodhi4.o)
 .text.libgcc.fixed
                0x0000000000000000        0x0 /usr/local/lib/gcc/avr/4.9.2/avr5/libgcc.a(_divmodhi4.o)
 .text          0x0000000000000000        0x0 /usr/local/lib/gcc/avr/4.9.2/avr5/libgcc.a(_udivmodsi4.o)
 .data          0x0000000000000000        0x0 /usr/local/lib/gcc/avr/4.9.2/avr5/libgcc.a(_udivmodsi4.o)
 .bss           0x0000000000000000        0x0 /usr/local/lib/gcc/avr/4.9.2/avr5/libgcc.a(_udivmodsi4.o)
 .stab          0x0000000000000000      0x228 /usr/local/lib/gcc/avr/4.9.2/avr5/libgcc.a(_udivmodsi4.o)
                                        0x234 (size before relaxing)
 .text.libgcc.mul
                0x0000000000000000        0x0 /usr/local/lib/gcc/avr/4.9.2/avr5/libgcc.a(_udivmodsi4.o)
 .text.libgcc.div
                0x0000000000000000       0x44 /usr/local/lib/gcc/avr/4.9.2/avr5/libgcc.a(_udivmodsi4.o)
 .text.libgcc   0x0000000000000000        0x0 /usr/local/lib/gcc/avr/4.9.2/avr5/libgcc.a(_udivmodsi4.o)
 .text.libgcc.prologue
                0x0000000000000000        0x0 /usr/local/lib/gcc/avr/4.9.2/avr5/libgcc.a(_udivmodsi4.o)
 .text.libgcc.builtins
                0x0000000000000000        0x0 /usr/local/lib/gcc/avr/4.9.2/avr5/libgcc.a(_udivmodsi4.o)
 .text.libgcc.fmul
                0x0000000000000000        0x0 /usr/local/lib/gcc/avr/4.9.2/avr5/libgcc.a(_udivmodsi4.o)
 .text.libgcc.fixed
                0x0000000000000000        0x0 /usr/local/lib/gcc/avr/4.9.2/avr5/libgcc.a(_udivmodsi4.o)
 .text          0x0000000000000000        0x0 /usr/local/lib/gcc/avr/4.9.2/avr5/libgcc.a(_exit.o)
 .data          0x0000000000000000        0x0 /usr/local/lib/gcc/avr/4.9.2/avr5/libgcc.a(_exit.o)
 .bss           0x0000000000000000        0x0 /usr/local/lib/gcc/avr/4.9.2/avr5/libgcc.a(_exit.o)
 .text.libgcc.mul
                0x0000000000000000        0x0 /usr/local/lib/gcc/avr/4.9.2/avr5/libgcc.a(_exit.o)
 .text.libgcc.div
                0x0000000000000000        0x0 /usr/local/lib/gcc/avr/4.9.2/avr5/libgcc.a(_exit.o)
 .text.libgcc   0x0000000000000000        0x0 /usr/local/lib/gcc/avr/4.9.2/avr5/libgcc.a(_exit.o)
 .text.libgcc.prologue
                0x0000000000000000        0x0 /usr/local/lib/gcc/avr/4.9.2/avr5/libgcc.a(_exit.o)
 .text.libgcc.builtins
                0x0000000000000000        0x0 /usr/local/lib/gcc/avr/4.9.2/avr5/libgcc.a(_exit.o)
 .text.libgcc.fmul
                0x0000000000000000        0x0 /usr/local/lib/gcc/avr/4.9.2/avr5/libgcc.a(_exit.o)
 .text.libgcc.fixed
                0x0000000000000000        0x0 /usr/local/lib/gcc/avr/4.9.2/avr5/libgcc.a(_exit.o)
 .text          0x0000000000000000        0x0 /usr/local/lib/gcc/avr/4.9.2/avr5/libgcc.a(_copy_data.o)
 .data          0x0000000000000000        0x0 /usr/local/lib/gcc/avr/4.9.2/avr5/libgcc.a(_copy_data.o)
 .bss           0x0000000000000000        0x0 /usr/local/lib/gcc/avr/4.9.2/avr5/libgcc.a(_copy_data.o)
 .text.libgcc.mul
                0x0000000000000000        0x0 /usr/local/lib/gcc/avr/4.9.2/avr5/libgcc.a(_copy_data.o)
 .text.libgcc.div
                0x0000000000000000        0x0 /usr/local/lib/gcc/avr/4.9.2/avr5/libgcc.a(_copy_data.o)
 .text.libgcc   0x0000000000000000        0x0 /usr/local/lib/gcc/avr/4.9.2/avr5/libgcc.a(_copy_data.o)
 .text.libgcc.prologue
                0x0000000000000000        0x0 /usr/local/lib/gcc/avr/4.9.2/avr5/libgcc.a(_copy_data.o)
 .text.libgcc.builtins
                0x0000000000000000        0x0 /usr/local/lib/gcc/avr/4.9.2/avr5/libgcc.a(_copy_data.o)
 .text.libgcc.fmul
                0x0000000000000000        0x0 /usr/local/lib/gcc/avr/4.9.2/avr5/libgcc.a(_copy_data.o)
 .text.libgcc.fixed
                0x0000000000000000        0x0 /usr/local/lib/gcc/avr/4.9.2/avr5/libgcc.a(_copy_data.o)
 .text          0x0000000000000000        0x0 /usr/local/lib/gcc/avr/4.9.2/avr5/libgcc.a(_clear_bss.o)
 .data          0x0000000000000000        0x0 /usr/local/lib/gcc/avr/4.9.2/avr5/libgcc.a(_clear_bss.o)
 .bss           0x0000000000000000        0x0 /usr/local/lib/gcc/avr/4.9.2/avr5/libgcc.a(_clear_bss.o)
 .text.libgcc.mul
                0x0000000000000000        0x0 /usr/local/lib/gcc/avr/4.9.2/avr5/libgcc.a(_clear_bss.o)
 .text.libgcc.div
                0x0000000000000000        0x0 /usr/local/lib/gcc/avr/4.9.2/avr5/libgcc.a(_clear_bss.o)
 .text.libgcc   0x0000000000000000        0x0 /usr/local/lib/gcc/avr/4.9.2/avr5/libgcc.a(_clear_bss.o)
 .text.libgcc.prologue
                0x0000000000000000        0x0 /usr/local/lib/gcc/avr/4.9.2/avr5/libgcc.a(_clear_bss.o)
 .text.libgcc.builtins
                0x0000000000000000        0x0 /usr/local/lib/gcc/avr/4.9.2/avr5/libgcc.a(_clear_bss.o)
 .text.libgcc.fmul
                0x0000000000000000        0x0 /usr/local/lib/gcc/avr/4.9.2/avr5/libgcc.a(_clear_bss.o)
 .text.libgcc.fixed
                0x0000000000000000        0x0 /usr/local/lib/gcc/avr/4.9.2/avr5/libgcc.a(_clear_bss.o)
 .text          0x0000000000000000        0x0 /usr/local/lib/gcc/avr/4.9.2/../../../../avr/lib/avr5/libc.a(memcpy_P.o)
 .data          0x0000000000000000        0x0 /usr/local/lib/gcc/avr/4.9.2/../../../../avr/lib/avr5/libc.a(memcpy_P.o)
 .bss           0x0000000000000000        0x0 /usr/local/lib/gcc/avr/4.9.2/../../../../avr/lib/avr5/libc.a(memcpy_P.o)
 .text          0x0000000000000000        0x0 /usr/local/lib/gcc/avr/4.9.2/../../../../avr/lib/avr5/libc.a(strnlen_P.o)
 .data          0x0000000000000000        0x0 /usr/local/lib/gcc/avr/4.9.2/../../../../avr/lib/avr5/libc.a(strnlen_P.o)
 .bss           0x0000000000000000        0x0 /usr/local/lib/gcc/avr/4.9.2/../../../../avr/lib/avr5/libc.a(strnlen_P.o)
 .text          0x0000000000000000        0x0 /usr/local/lib/gcc/avr/4.9.2/../../../../avr/lib/avr5/libc.a(strupr.o)
 .data          0x0000000000000000        0x0 /usr/local/lib/gcc/avr/4.9.2/../../../../avr/lib/avr5/libc.a(strupr.o)
 .bss           0x0000000000000000        0x0 /usr/local/lib/gcc/avr/4.9.2/../../../../avr/lib/avr5/libc.a(strupr.o)
 .text          0x0000000000000000        0x0 /usr/local/lib/gcc/avr/4.9.2/../../../../avr/lib/avr5/libc.a(sprintf.o)
 .data          0x0000000000000000        0x0 /usr/local/lib/gcc/avr/4.9.2/../../../../avr/lib/avr5/libc.a(sprintf.o)
 .bss           0x0000000000000000        0x0 /usr/local/lib/gcc/avr/4.9.2/../../../../avr/lib/avr5/libc.a(sprintf.o)
 .text          0x0000000000000000        0x0 /usr/local/lib/gcc/avr/4.9.2/../../../../avr/lib/avr5/libc.a(vfprintf_std.o)
 .data          0x0000000000000000        0x0 /usr/local/lib/gcc/avr/4.9.2/../../../../avr/lib/avr5/libc.a(vfprintf_std.o)
 .bss           0x0000000000000000        0x0 /usr/local/lib/gcc/avr/4.9.2/../../../../avr/lib/avr5/libc.a(vfprintf_std.o)
 .text          0x0000000000000000        0x0 /usr/local/lib/gcc/avr/4.9.2/../../../../avr/lib/avr5/libc.a(strnlen.o)
 .data          0x0000000000000000        0x0 /usr/local/lib/gcc/avr/4.9.2/../../../../avr/lib/avr5/libc.a(strnlen.o)
 .bss           0x0000000000000000        0x0 /usr/local/lib/gcc/avr/4.9.2/../../../../avr/lib/avr5/libc.a(strnlen.o)
 .text          0x0000000000000000        0x0 /usr/local/lib/gcc/avr/4.9.2/../../../../avr/lib/avr5/libc.a(fputc.o)
 .data          0x0000000000000000        0x0 /usr/local/lib/gcc/avr/4.9.2/../../../../avr/lib/avr5/libc.a(fputc.o)
 .bss           0x0000000000000000        0x0 /usr/local/lib/gcc/avr/4.9.2/../../../../avr/lib/avr5/libc.a(fputc.o)
 .text          0x0000000000000000        0x0 /usr/local/lib/gcc/avr/4.9.2/../../../../avr/lib/avr5/libc.a(ultoa_invert.o)
 .data          0x0000000000000000        0x0 /usr/local/lib/gcc/avr/4.9.2/../../../../avr/lib/avr5/libc.a(ultoa_invert.o)
 .bss           0x0000000000000000        0x0 /usr/local/lib/gcc/avr/4.9.2/../../../../avr/lib/avr5/libc.a(ultoa_invert.o)
 .text          0x0000000000000000        0x0 /usr/local/lib/gcc/avr/4.9.2/avr5/libgcc.a(_prologue.o)
 .data          0x0000000000000000        0x0 /usr/local/lib/gcc/avr/4.9.2/avr5/libgcc.a(_prologue.o)
 .bss           0x0000000000000000        0x0 /usr/local/lib/gcc/avr/4.9.2/avr5/libgcc.a(_prologue.o)
 .text.libgcc.mul
                0x0000000000000000        0x0 /usr/local/lib/gcc/avr/4.9.2/avr5/libgcc.a(_prologue.o)
 .text.libgcc.div
                0x0000000000000000        0x0 /usr/local/lib/gcc/avr/4.9.2/avr5/libgcc.a(_prologue.o)
 .text.libgcc   0x0000000000000000        0x0 /usr/local/lib/gcc/avr/4.9.2/avr5/libgcc.a(_prologue.o)
 .text.libgcc.builtins
                0x0000000000000000        0x0 /usr/local/lib/gcc/avr/4.9.2/avr5/libgcc.a(_prologue.o)
 .text.libgcc.fmul
                0x0000000000000000        0x0 /usr/local/lib/gcc/avr/4.9.2/avr5/libgcc.a(_prologue.o)
 .text.libgcc.fixed
                0x0000000000000000        0x0 /usr/local/lib/gcc/avr/4.9.2/avr5/libgcc.a(_prologue.o)
 .text          0x0000000000000000        0x0 /usr/local/lib/gcc/avr/4.9.2/avr5/libgcc.a(_epilogue.o)
 .data          0x0000000000000000        0x0 /usr/local/lib/gcc/avr/4.9.2/avr5/libgcc.a(_epilogue.o)
 .bss           0x0000000000000000        0x0 /usr/local/lib/gcc/avr/4.9.2/avr5/libgcc.a(_epilogue.o)
 .text.libgcc.mul
                0x0000000000000000        0x0 /usr/local/lib/gcc/avr/4.9.2/avr5/libgcc.a(_epilogue.o)
 .text.libgcc.div
                0x0000000000000000        0x0 /usr/local/lib/gcc/avr/4.9.2/avr5/libgcc.a(_epilogue.o)
 .text.libgcc   0x0000000000000000        0x0 /usr/local/lib/gcc/avr/4.9.2/avr5/libgcc.a(_epilogue.o)
 .text.libgcc.builtins
                0x0000000000000000        0x0 /usr/local/lib/gcc/avr/4.9.2/avr5/libgcc.a(_epilogue.o)
 .text.libgcc.fmul
                0x0000000000000000        0x0 /usr/local/lib/gcc/avr/4.9.2/avr5/libgcc.a(_epilogue.o)
 .text.libgcc.fixed
                0x0000000000000000        0x0 /usr/local/lib/gcc/avr/4.9.2/avr5/libgcc.a(_epilogue.o)

Memory Configuration

Name             Origin             Length             Attributes
text             0x0000000000000000 0x0000000000020000 xr
data             0x0000000000800060 0x000000000000ffa0 rw !x
eeprom           0x0000000000810000 0x0000000000010000 rw !x
fuse             0x0000000000820000 0x0000000000000400 rw !x
lock             0x0000000000830000 0x0000000000000400 rw !x
signature        0x0000000000840000 0x0000000000000400 rw !x
*default*        0x0000000000000000 0xffffffffffffffff

Linker script and memory map

Address of section .data set to 0x800100
LOAD /usr/local/lib/gcc/avr/4.9.2/../../../../avr/lib/avr5/crtm644.o
LOAD uzeboxVideoEngineCore.o
LOAD uzeboxCore.o
LOAD uzeboxSoundEngine.o
LOAD uzeboxSoundEngineCore.o
LOAD uzeboxVideoEngine.o
LOAD TankFu.o
START GROUP
LOAD /usr/local/lib/gcc/avr/4.9.2/avr5/libgcc.a
LOAD /usr/local/lib/gcc/avr/4.9.2/../../../../avr/lib/avr5/libm.a
LOAD /usr/local/lib/gcc/avr/4.9.2/../../../../avr/lib/avr5/libc.a
END GROUP

.hash
 *(.hash)

.dynsym
 *(.dynsym)

.dynstr
 *(.dynstr)

.gnu.version
 *(.gnu.version)

.gnu.version_d
 *(.gnu.version_d)

.gnu.version_r
 *(.gnu.version_r)

.rel.init
 *(.rel.init)

.rela.init
 *(.rela.init)

.rel.text
 *(.rel.text)
 *(.rel.text.*)
 *(.rel.gnu.linkonce.t*)

.rela.text
 *(.rela.text)
 *(.rela.text.*)
 *(.rela.gnu.linkonce.t*)

.rel.fini
 *(.rel.fini)

.rela.fini
 *(.rela.fini)

.rel.rodata
 *(.rel.rodata)
 *(.rel.rodata.*)
 *(.rel.gnu.linkonce.r*)

.rela.rodata
 *(.rela.rodata)
 *(.rela.rodata.*)
 *(.rela.gnu.linkonce.r*)

.rel.data
 *(.rel.data)
 *(.rel.data.*)
 *(.rel.gnu.linkonce.d*)

.rela.data
 *(.rela.data)
 *(.rela.data.*)
 *(.rela.gnu.linkonce.d*)

.rel.ctors
 *(.rel.ctors)

.rela.ctors
 *(.rela.ctors)

.rel.dtors
 *(.rel.dtors)

.rela.dtors
 *(.rela.dtors)

.rel.got
 *(.rel.got)

.rela.got
 *(.rela.got)

.rel.bss
 *(.rel.bss)

.rela.bss
 *(.rela.bss)

.rel.plt
 *(.rel.plt)

.rela.plt
 *(.rela.plt)

.text           0x0000000000000000     0xe3ac
 *(.vectors)
 .vectors       0x0000000000000000       0x70 /usr/local/lib/gcc/avr/4.9.2/../../../../avr/lib/avr5/crtm644.o
                0x0000000000000000                __vectors
                0x0000000000000000                __vector_default
 *(.vectors)
 *(.progmem.gcc*)
                0x0000000000000070                . = ALIGN (0x2)
                0x0000000000000070                __trampolines_start = .
 *(.trampolines)
 .trampolines   0x0000000000000070        0x0 linker stubs
 *(.trampolines*)
                0x0000000000000070                __trampolines_end = .
 *(.progmem*)
 .progmem.data  0x0000000000000070       0x4e uzeboxCore.o
                0x0000000000000070                io_table
                0x000000000000009e                eeprom_format_table
 .progmem.data  0x00000000000000be       0x1e uzeboxSoundEngine.o
                0x00000000000000be                patchCommands
 .progmem.data  0x00000000000000dc        0xc uzeboxVideoEngine.o
                0x00000000000000dc                fader
 .progmem.data  0x00000000000000e8     0x6a87 TankFu.o
                0x0000000000000299                bauds
                0x00000000000002a7                strCredits
                0x000000000000030c                default_scores
                0x000000000000032a                default_handles
                0x0000000000000348                strLevels
                0x00000000000003f8                strPaused
                0x00000000000003ff                strExit
                0x0000000000000408                strTotal
                0x000000000000040f                strScore
                0x0000000000000416                strFinalScore
                0x0000000000000422                strBy
                0x0000000000000425                strOwns
                0x000000000000042a                strChangeHandle
                0x0000000000000439                strPlayer2
                0x000000000000043c                strPlayer1
                0x000000000000043f                strVertSep
                0x0000000000000441                strUnderline
                0x000000000000044d                strHandlesTitle
                0x0000000000000459                strHighscores
                0x0000000000000463                strCopyright
                0x0000000000000478                strSelectHandle
                0x0000000000000487                strCancelHandle
                0x0000000000000492                strReset
                0x00000000000004ab                strConfirmHandle
                0x00000000000004bd                strNetworkError
                0x00000000000004cb                strEnterGameId
                0x00000000000004de                strConnecting
                0x00000000000004ec                strWaitingForNetOppenent
                0x0000000000000507                strShareGameId
                0x000000000000051a                strJoinNetGame
                0x0000000000000528                strHostNetGame
                0x0000000000000536                str2Player
                0x0000000000000547                str1Player
                0x0000000000000555                my_patches
                0x000000000000059d                ad_alarm
                0x0000000000000635                ad_navigate
                0x0000000000000646                ad_cannonball
                0x000000000000065d                ad_brick_explode
                0x00000000000006ce                ad_tank_explode
                0x000000000000079f                level_data
                0x00000000000027d9                sprites_data
                0x0000000000003119                map_sub_turret
                0x000000000000311c                map_sub_shot
                0x000000000000311f                map_up_arrow
                0x0000000000003122                map_down_arrow
                0x0000000000003125                map_right_arrow
                0x0000000000003128                map_rocket_right_1
                0x000000000000312b                map_rocket_right_0
                0x000000000000312e                map_rocket_up_1
                0x0000000000003131                map_rocket_up_0
                0x0000000000003134                map_ball
                0x0000000000003137                map_explosion_2
                0x000000000000313d                map_explosion_1
                0x0000000000003143                map_explosion_0
                0x0000000000003149                map_tank2_right_0
                0x000000000000314f                map_tank2_up_0
                0x0000000000003155                map_tank1_right_0
                0x000000000000315b                map_tank1_up_0
                0x0000000000003161                map_tank_blank
                0x0000000000003167                map_none
                0x000000000000316a                tiles_data
                0x000000000000682a                map_sub_emerging
                0x0000000000006960                map_sub
                0x0000000000006a96                map_scope_2
                0x0000000000006a99                map_scope_1
                0x0000000000006a9c                map_scope_0
                0x0000000000006a9f                map_blue_tank
                0x0000000000006aa5                map_green_tank
                0x0000000000006aab                map_fence
                0x0000000000006aae                map_turf
                0x0000000000006ab1                map_water
                0x0000000000006ab4                map_metal_bl
                0x0000000000006ab7                map_metal_tr
                0x0000000000006aba                map_metal_br
                0x0000000000006abd                map_metal_tl
                0x0000000000006ac0                map_tile_exp_2
                0x0000000000006ac3                map_tile_exp_1
                0x0000000000006ac6                map_tile_exp_0
                0x0000000000006ac9                map_rocket_itm
                0x0000000000006acc                map_explode_itm
                0x0000000000006acf                map_speed_itm
                0x0000000000006ad2                map_metal
                0x0000000000006ad5                map_brick
                0x0000000000006ad8                map_splash
                0x0000000000006b2e                map_pause
                0x0000000000006b6c                map_tile_none
                0x0000000000006b70                . = ALIGN (0x2)
 *fill*         0x0000000000006b6f        0x1 
 *(.jumptables)
 *(.jumptables*)
 *(.lowtext)
 *(.lowtext*)
                0x0000000000006b70                __ctors_start = .
 *(.ctors)
                0x0000000000006b70                __ctors_end = .
                0x0000000000006b70                __dtors_start = .
 *(.dtors)
                0x0000000000006b70                __dtors_end = .
 SORT(*)(.ctors)
 SORT(*)(.dtors)
 *(.init0)
 .init0         0x0000000000006b70        0x0 /usr/local/lib/gcc/avr/4.9.2/../../../../avr/lib/avr5/crtm644.o
                0x0000000000006b70                __init
 *(.init0)
 *(.init1)
 *(.init1)
 *(.init2)
 .init2         0x0000000000006b70        0xc /usr/local/lib/gcc/avr/4.9.2/../../../../avr/lib/avr5/crtm644.o
 *(.init2)
 *(.init3)
 *(.init3)
 *(.init4)
 .init4         0x0000000000006b7c       0x16 /usr/local/lib/gcc/avr/4.9.2/avr5/libgcc.a(_copy_data.o)
                0x0000000000006b7c                __do_copy_data
 .init4         0x0000000000006b92       0x10 /usr/local/lib/gcc/avr/4.9.2/avr5/libgcc.a(_clear_bss.o)
                0x0000000000006b92                __do_clear_bss
 *(.init4)
 *(.init5)
 *(.init5)
 *(.init6)
 *(.init6)
 *(.init7)
 .init7         0x0000000000006ba2       0x16 uzeboxCore.o
                0x0000000000006ba2                wdt_init
 *(.init7)
 *(.init8)
 .init8         0x0000000000006bb8       0x86 uzeboxCore.o
                0x0000000000006bb8                Initialize
 *(.init8)
 *(.init9)
 .init9         0x0000000000006c3e        0x8 /usr/local/lib/gcc/avr/4.9.2/../../../../avr/lib/avr5/crtm644.o
 *(.init9)
 *(.text)
 .text          0x0000000000006c46        0x4 /usr/local/lib/gcc/avr/4.9.2/../../../../avr/lib/avr5/crtm644.o
                0x0000000000006c46                __vector_20
                0x0000000000006c46                __vector_1
                0x0000000000006c46                __vector_24
                0x0000000000006c46                __vector_12
                0x0000000000006c46                __bad_interrupt
                0x0000000000006c46                __vector_6
                0x0000000000006c46                __vector_3
                0x0000000000006c46                __vector_23
                0x0000000000006c46                __vector_25
                0x0000000000006c46                __vector_11
                0x0000000000006c46                __vector_17
                0x0000000000006c46                __vector_19
                0x0000000000006c46                __vector_7
                0x0000000000006c46                __vector_27
                0x0000000000006c46                __vector_5
                0x0000000000006c46                __vector_4
                0x0000000000006c46                __vector_9
                0x0000000000006c46                __vector_2
                0x0000000000006c46                __vector_21
                0x0000000000006c46                __vector_15
                0x0000000000006c46                __vector_26
                0x0000000000006c46                __vector_10
                0x0000000000006c46                __vector_16
                0x0000000000006c46                __vector_18
                0x0000000000006c46                __vector_22
 .text          0x0000000000006c4a      0x674 uzeboxVideoEngineCore.o
                0x0000000000006dba                CopyFlashTile
                0x0000000000006ed8                CopyRamTile
                0x0000000000006ff2                RestoreBackground
                0x0000000000007018                BlitSpritePart
                0x00000000000070e6                __vector_13
                0x0000000000007164                __vector_14
 .text          0x00000000000072be      0x18a uzeboxSoundEngineCore.o
                0x00000000000072be                process_music
                0x00000000000072ca                update_sound
                0x0000000000007448                . = ALIGN (0x2)
 *(.text.*)
 .text.SetSpritesTileTable
                0x0000000000007448        0xa uzeboxVideoEngineCore.o
                0x0000000000007448                SetSpritesTileTable
 .text.ClearVram
                0x0000000000007452       0x14 uzeboxVideoEngineCore.o
                0x0000000000007452                ClearVram
 .text.SetFont  0x0000000000007466        0x8 uzeboxVideoEngineCore.o
                0x0000000000007466                SetFont
 .text.SetTile  0x000000000000746e       0x1c uzeboxVideoEngineCore.o
                0x000000000000746e                SetTile
 .text.SetFontTilesIndex
                0x000000000000748a        0x6 uzeboxVideoEngineCore.o
                0x000000000000748a                SetFontTilesIndex
 .text.SetTileTable
                0x0000000000007490        0xa uzeboxVideoEngineCore.o
                0x0000000000007490                SetTileTable
 .text.GetVsyncFlag
                0x000000000000749a        0x8 uzeboxVideoEngineCore.o
                0x000000000000749a                GetVsyncFlag
 .text.ClearVsyncFlag
                0x00000000000074a2        0xc uzeboxVideoEngineCore.o
                0x00000000000074a2                ClearVsyncFlag
 .text.GetVsyncCounter
                0x00000000000074ae        0xa uzeboxVideoEngineCore.o
                0x00000000000074ae                GetVsyncCounter
 .text.ClearVsyncCounter
                0x00000000000074b8        0xa uzeboxVideoEngineCore.o
                0x00000000000074b8                ClearVsyncCounter
 .text.ReadJoypad
                0x00000000000074c2       0x18 uzeboxVideoEngineCore.o
                0x00000000000074c2                ReadJoypad
 .text.WaitUs   0x00000000000074da        0xe uzeboxVideoEngineCore.o
                0x00000000000074da                WaitUs
 .text.WriteEeprom
                0x00000000000074e8       0x14 uzeboxVideoEngineCore.o
                0x00000000000074e8                WriteEeprom
 .text.ReadEeprom
                0x00000000000074fc       0x12 uzeboxVideoEngineCore.o
                0x00000000000074fc                ReadEeprom
 .text.SetUserPreVsyncCallback
                0x000000000000750e        0xa uzeboxVideoEngineCore.o
                0x000000000000750e                SetUserPreVsyncCallback
 .text.wdt_randomize
                0x0000000000007518       0x50 uzeboxVideoEngineCore.o
                0x0000000000007518                wdt_randomize
 .text.GetTrueRandomSeed
                0x0000000000007568        0xa uzeboxVideoEngineCore.o
                0x0000000000007568                GetTrueRandomSeed
 .text.__vector_8
                0x0000000000007572       0x44 uzeboxVideoEngineCore.o
                0x0000000000007572                __vector_8
 .text.SoftReset
                0x00000000000075b6       0x16 uzeboxCore.o
                0x00000000000075b6                SoftReset
 .text.ReadButtons
                0x00000000000075cc       0x6c uzeboxCore.o
                0x00000000000075cc                ReadButtons
 .text.ReadControllers
                0x0000000000007638       0x20 uzeboxCore.o
                0x0000000000007638                ReadControllers
 .text.FormatEeprom
                0x0000000000007658       0x44 uzeboxCore.o
                0x0000000000007658                FormatEeprom
 .text.isEepromFormatted
                0x000000000000769c       0x2e uzeboxCore.o
                0x000000000000769c                isEepromFormatted
 .text.EepromBlockExists
                0x00000000000076ca       0xa4 uzeboxCore.o
                0x00000000000076ca                EepromBlockExists
 .text.EepromWriteBlock
                0x000000000000776e       0x94 uzeboxCore.o
                0x000000000000776e                EepromWriteBlock
 .text.EepromReadBlock
                0x0000000000007802       0x66 uzeboxCore.o
                0x0000000000007802                EepromReadBlock
 .text.UartUnreadCount
                0x0000000000007868        0xc uzeboxCore.o
                0x0000000000007868                UartUnreadCount
 .text.UartReadChar
                0x0000000000007874       0x2c uzeboxCore.o
                0x0000000000007874                UartReadChar
 .text.InitUartRxBuffer
                0x00000000000078a0        0xa uzeboxCore.o
                0x00000000000078a0                InitUartRxBuffer
 .text.UartSendChar
                0x00000000000078aa       0x28 uzeboxCore.o
                0x00000000000078aa                UartSendChar
 .text.InitUartTxBuffer
                0x00000000000078d2        0xa uzeboxCore.o
                0x00000000000078d2                InitUartTxBuffer
 .text.GetPrngNumber
                0x00000000000078dc       0x5c uzeboxCore.o
                0x00000000000078dc                GetPrngNumber
 .text.PatchCommand00
                0x0000000000007938        0x6 uzeboxSoundEngine.o
                0x0000000000007938                PatchCommand00
 .text.PatchCommand01
                0x000000000000793e       0x10 uzeboxSoundEngine.o
                0x000000000000793e                PatchCommand01
 .text.PatchCommand05
                0x000000000000794e        0xa uzeboxSoundEngine.o
                0x000000000000794e                PatchCommand05
 .text.PatchCommand06
                0x0000000000007958        0xa uzeboxSoundEngine.o
                0x0000000000007958                PatchCommand06
 .text.PatchCommand07
                0x0000000000007962        0x6 uzeboxSoundEngine.o
                0x0000000000007962                PatchCommand07
 .text.PatchCommand09
                0x0000000000007968        0x6 uzeboxSoundEngine.o
                0x0000000000007968                PatchCommand09
 .text.PatchCommand10
                0x000000000000796e        0x6 uzeboxSoundEngine.o
                0x000000000000796e                PatchCommand10
 .text.PatchCommand11
                0x0000000000007974       0x76 uzeboxSoundEngine.o
                0x0000000000007974                PatchCommand11
 .text.PatchCommand12
                0x00000000000079ea        0x6 uzeboxSoundEngine.o
                0x00000000000079ea                PatchCommand12
 .text.PatchCommand13
                0x00000000000079f0        0x6 uzeboxSoundEngine.o
                0x00000000000079f0                PatchCommand13
 .text.PatchCommand02
                0x00000000000079f6        0x8 uzeboxSoundEngine.o
                0x00000000000079f6                PatchCommand02
 .text.PatchCommand03
                0x00000000000079fe        0xe uzeboxSoundEngine.o
                0x00000000000079fe                PatchCommand03
 .text.PatchCommand04
                0x0000000000007a0c       0x10 uzeboxSoundEngine.o
                0x0000000000007a0c                PatchCommand04
 .text.PatchCommand08
                0x0000000000007a1c       0x20 uzeboxSoundEngine.o
                0x0000000000007a1c                PatchCommand08
 .text.PatchCommand14
                0x0000000000007a3c       0x54 uzeboxSoundEngine.o
                0x0000000000007a3c                PatchCommand14
 .text.InitMusicPlayer
                0x0000000000007a90       0x44 uzeboxSoundEngine.o
                0x0000000000007a90                InitMusicPlayer
 .text.ReadVarLen
                0x0000000000007ad4       0x4c uzeboxSoundEngine.o
                0x0000000000007ad4                ReadVarLen
 .text.TriggerCommon
                0x0000000000007b20       0xbe uzeboxSoundEngine.o
                0x0000000000007b20                TriggerCommon
 .text.TriggerFx
                0x0000000000007bde       0x90 uzeboxSoundEngine.o
                0x0000000000007bde                TriggerFx
 .text.TriggerNote
                0x0000000000007c6e       0x80 uzeboxSoundEngine.o
                0x0000000000007c6e                TriggerNote
 .text.ProcessMusic
                0x0000000000007cee      0x43e uzeboxSoundEngine.o
                0x0000000000007cee                ProcessMusic
 .text.SetMasterVolume
                0x000000000000812c        0x6 uzeboxSoundEngine.o
                0x000000000000812c                SetMasterVolume
 .text.SetMixerNote
                0x0000000000008132       0x2e uzeboxSoundEngineCore.o
                0x0000000000008132                SetMixerNote
 .text.SetMixerWave
                0x0000000000008160       0x3a uzeboxSoundEngineCore.o
                0x0000000000008160                SetMixerWave
 *fill*         0x000000000000819a       0x66 
 .text.DisableSoundEngine
                0x0000000000008200      0xc00 uzeboxSoundEngineCore.o
                0x0000000000008200                DisableSoundEngine
                0x0000000000008208                steptable
                0x0000000000008400                waves
 .text.ProcessSprites
                0x0000000000008e00      0x1cc uzeboxVideoEngine.o
                0x0000000000008e00                ProcessSprites
 .text.MapSprite2
                0x0000000000008fcc       0xa4 uzeboxVideoEngine.o
                0x0000000000008fcc                MapSprite2
 .text.MoveSprite
                0x0000000000009070       0x4a uzeboxVideoEngine.o
                0x0000000000009070                MoveSprite
 .text.DisplayLogo
                0x00000000000090ba        0x2 uzeboxVideoEngine.o
                0x00000000000090ba                DisplayLogo
 .text.InitializeVideoMode
                0x00000000000090bc       0x1c uzeboxVideoEngine.o
                0x00000000000090bc                InitializeVideoMode
 .text.DrawMap  0x00000000000090d8       0x9a uzeboxVideoEngine.o
                0x00000000000090d8                DrawMap2
                0x00000000000090d8                DrawMap
 .text.PrintByte
                0x0000000000009172       0x66 uzeboxVideoEngine.o
                0x0000000000009172                PrintByte
 .text.Print    0x00000000000091d8       0x36 uzeboxVideoEngine.o
                0x00000000000091d8                Print
 .text.PrintChar
                0x000000000000920e        0x6 uzeboxVideoEngine.o
                0x000000000000920e                PrintChar
 .text.WaitVsync
                0x0000000000009214       0x2e uzeboxVideoEngine.o
                0x0000000000009214                WaitVsync
 .text.doFade   0x0000000000009242       0x1c uzeboxVideoEngine.o
                0x0000000000009242                doFade
 .text.FadeIn   0x000000000000925e       0x18 uzeboxVideoEngine.o
                0x000000000000925e                FadeIn
 .text.FadeOut  0x0000000000009276       0x18 uzeboxVideoEngine.o
                0x0000000000009276                FadeOut
 .text.ProcessFading
                0x000000000000928e       0x4a uzeboxVideoEngine.o
                0x000000000000928e                ProcessFading
 .text.VideoModeVsync
                0x00000000000092d8        0x4 uzeboxVideoEngine.o
                0x00000000000092d8                VideoModeVsync
 .text.count_frames
                0x00000000000092dc        0xc TankFu.o
                0x00000000000092dc                count_frames
 .text.LBPlaySound.part.2
                0x00000000000092e8        0x8 TankFu.o
 .text.LBGetNextFrame
                0x00000000000092f0       0x4a TankFu.o
                0x00000000000092f0                LBGetNextFrame
 .text.LBGetNextFrameReverse
                0x000000000000933a       0x58 TankFu.o
                0x000000000000933a                LBGetNextFrameReverse
 .text.LBGetJoyPadState
                0x0000000000009392       0x96 TankFu.o
                0x0000000000009392                LBGetJoyPadState
 .text.LBPrintStr
                0x0000000000009428       0x62 TankFu.o
                0x0000000000009428                LBPrintStr
 .text.LBCollides
                0x000000000000948a       0x50 TankFu.o
                0x000000000000948a                LBCollides
 .text.LBRandom
                0x00000000000094da       0x36 TankFu.o
                0x00000000000094da                LBRandom
 .text.LBWaitSeconds
                0x0000000000009510       0x1e TankFu.o
                0x0000000000009510                LBWaitSeconds
 .text.LBHideAllSprites
                0x000000000000952e       0x14 TankFu.o
                0x000000000000952e                LBHideAllSprites
 .text.LBPlaySound
                0x0000000000009542       0x1a TankFu.o
                0x0000000000009542                LBPlaySound
 .text.wifiSendP
                0x000000000000955c       0x2c TankFu.o
                0x000000000000955c                wifiSendP
 .text.wifiSend
                0x0000000000009588       0x28 TankFu.o
                0x0000000000009588                wifiSend
 .text.wifiSendBinary
                0x00000000000095b0       0x2e TankFu.o
                0x00000000000095b0                wifiSendBinary
 .text.wifiGetIfAvailable
                0x00000000000095de       0x56 TankFu.o
                0x00000000000095de                wifiGetIfAvailable
 .text.wifiGetPB
                0x0000000000009634       0x6a TankFu.o
                0x0000000000009634                wifiGetPB
 .text.wifiGetPBT
                0x000000000000969e       0x74 TankFu.o
                0x000000000000969e                wifiGetPBT
 .text.wifiRequestP
                0x0000000000009712       0x24 TankFu.o
                0x0000000000009712                wifiRequestP
 .text.wifiRequest
                0x0000000000009736       0x24 TankFu.o
                0x0000000000009736                wifiRequest
 .text.wifiRequestPT
                0x000000000000975a       0x3e TankFu.o
                0x000000000000975a                wifiRequestPT
 .text.cleanupWifi
                0x0000000000009798       0x60 TankFu.o
                0x0000000000009798                cleanupWifi
 .text.initWifi
                0x00000000000097f8       0xa2 TankFu.o
                0x00000000000097f8                initWifi
 .text.activateNet
                0x000000000000989a        0x8 TankFu.o
                0x000000000000989a                activateNet
 .text.sendNetMessage
                0x00000000000098a2        0x6 TankFu.o
                0x00000000000098a2                sendNetMessage
 .text.getNetMessage
                0x00000000000098a8        0x6 TankFu.o
                0x00000000000098a8                getNetMessage
 .text.hostNetGame
                0x00000000000098ae      0x10a TankFu.o
                0x00000000000098ae                hostNetGame
 .text.joinNetGame
                0x00000000000099b8       0xbc TankFu.o
                0x00000000000099b8                joinNetGame
 .text.init_scores
                0x0000000000009a74       0x18 TankFu.o
                0x0000000000009a74                init_scores
 .text.init_handles
                0x0000000000009a8c       0x18 TankFu.o
                0x0000000000009a8c                init_handles
 .text.init_tile_animations
                0x0000000000009aa4       0x4e TankFu.o
                0x0000000000009aa4                init_tile_animations
 .text.init_scope_animation
                0x0000000000009af2       0x30 TankFu.o
                0x0000000000009af2                init_scope_animation
 .text.init_sub_animation
                0x0000000000009b22       0x28 TankFu.o
                0x0000000000009b22                init_sub_animation
 .text.init_shot_state
                0x0000000000009b4a       0x34 TankFu.o
                0x0000000000009b4a                init_shot_state
 .text.set_shot_animations
                0x0000000000009b7e       0x64 TankFu.o
                0x0000000000009b7e                set_shot_animations
 .text.init_turret
                0x0000000000009be2       0x54 TankFu.o
                0x0000000000009be2                init_turret
 .text.init_player
                0x0000000000009c36       0xec TankFu.o
                0x0000000000009c36                init_player
 .text.player_init_shot_state
                0x0000000000009d22        0xe TankFu.o
                0x0000000000009d22                player_init_shot_state
 .text.init_game_state
                0x0000000000009d30       0x4e TankFu.o
                0x0000000000009d30                init_game_state
 .text.player_spawn
                0x0000000000009d7e       0x48 TankFu.o
                0x0000000000009d7e                player_spawn
 .text.waitForVSync
                0x0000000000009dc6       0x10 TankFu.o
                0x0000000000009dc6                waitForVSync
 .text.load_eeprom
                0x0000000000009dd6       0x24 TankFu.o
                0x0000000000009dd6                load_eeprom
 .text.fade_through
                0x0000000000009dfa       0x14 TankFu.o
                0x0000000000009dfa                fade_through
 .text.clear_sprites
                0x0000000000009e0e       0x1a TankFu.o
                0x0000000000009e0e                clear_sprites
 .text.save_score
                0x0000000000009e28      0x104 TankFu.o
                0x0000000000009e28                save_score
 .text.position_shot
                0x0000000000009f2c       0x8a TankFu.o
                0x0000000000009f2c                position_shot
 .text.print_level_score
                0x0000000000009fb6       0x8c TankFu.o
                0x0000000000009fb6                print_level_score
 .text.print_final_score
                0x000000000000a042       0xbc TankFu.o
                0x000000000000a042                print_final_score
 .text.shoot_pressed
                0x000000000000a0fe       0x14 TankFu.o
                0x000000000000a0fe                shoot_pressed
 .text.get_delta
                0x000000000000a112       0x24 TankFu.o
                0x000000000000a112                get_delta
 .text.render_hud
                0x000000000000a136       0x3a TankFu.o
                0x000000000000a136                render_hud
 .text.render_score
                0x000000000000a170       0x40 TankFu.o
                0x000000000000a170                render_score
 .text.render_player
                0x000000000000a1b0       0x40 TankFu.o
                0x000000000000a1b0                render_player
 .text.render_shot
                0x000000000000a1f0       0x3c TankFu.o
                0x000000000000a1f0                render_shot
 .text.render_tile_explosions
                0x000000000000a22c       0x6a TankFu.o
                0x000000000000a22c                render_tile_explosions
 .text.render_scope
                0x000000000000a296       0x34 TankFu.o
                0x000000000000a296                render_scope
 .text.tank_map
                0x000000000000a2ca       0xd8 TankFu.o
                0x000000000000a2ca                tank_map
 .text.shot_map
                0x000000000000a3a2       0x54 TankFu.o
                0x000000000000a3a2                shot_map
 .text.recoil_sprite
                0x000000000000a3f6       0x9c TankFu.o
                0x000000000000a3f6                recoil_sprite
 .text.recoil_sprite_fine
                0x000000000000a492       0x58 TankFu.o
                0x000000000000a492                recoil_sprite_fine
 .text.solid_square_tile
                0x000000000000a4ea       0x24 TankFu.o
                0x000000000000a4ea                solid_square_tile
 .text.solid_directional_tile
                0x000000000000a50e       0x2c TankFu.o
                0x000000000000a50e                solid_directional_tile
 .text.solid_tile
                0x000000000000a53a       0x28 TankFu.o
                0x000000000000a53a                solid_tile
 .text.collides_directional_tile
                0x000000000000a562      0x392 TankFu.o
                0x000000000000a562                collides_directional_tile
 .text.player_shot
                0x000000000000a8f4       0x96 TankFu.o
                0x000000000000a8f4                player_shot
 .text.turret_shot
                0x000000000000a98a       0x7a TankFu.o
                0x000000000000a98a                turret_shot
 .text.collision_detect_boundries
                0x000000000000aa04       0x34 TankFu.o
                0x000000000000aa04                collision_detect_boundries
 .text.drop_item
                0x000000000000aa38       0x68 TankFu.o
                0x000000000000aa38                drop_item
 .text.kill_player
                0x000000000000aaa0       0xb8 TankFu.o
                0x000000000000aaa0                kill_player
 .text.get_interesting_tile_indexes_shot
                0x000000000000ab58       0x44 TankFu.o
                0x000000000000ab58                get_interesting_tile_indexes_shot
 .text.explode_tile
                0x000000000000ab9c       0x7c TankFu.o
                0x000000000000ab9c                explode_tile
 .text.richochet
                0x000000000000ac18       0x42 TankFu.o
                0x000000000000ac18                richochet
 .text.get_interesting_tile_indexes
                0x000000000000ac5a       0x60 TankFu.o
                0x000000000000ac5a                get_interesting_tile_indexes
 .text.explode_player
                0x000000000000acba       0x48 TankFu.o
                0x000000000000acba                explode_player
 .text.slide    0x000000000000ad02       0xd0 TankFu.o
                0x000000000000ad02                slide
 .text.load_level_tiles
                0x000000000000add2       0xe6 TankFu.o
                0x000000000000add2                load_level_tiles
 .text.prep_player
                0x000000000000aeb8       0x32 TankFu.o
                0x000000000000aeb8                prep_player
 .text.load_level
                0x000000000000aeea      0x166 TankFu.o
                0x000000000000aeea                load_level
 .text.render_boss_fight_scope_load
                0x000000000000b050       0x26 TankFu.o
                0x000000000000b050                render_boss_fight_scope_load
 .text.render_boss_fight_sub_load
                0x000000000000b076       0x42 TankFu.o
                0x000000000000b076                render_boss_fight_sub_load
 .text.render_boss_fight_sub_sinking
                0x000000000000b0b8       0x2a TankFu.o
                0x000000000000b0b8                render_boss_fight_sub_sinking
 .text.render_boss_turret
                0x000000000000b0e2       0x32 TankFu.o
                0x000000000000b0e2                render_boss_turret
 .text.render_boss_turret_shot
                0x000000000000b114       0x32 TankFu.o
                0x000000000000b114                render_boss_turret_shot
 .text.update_turret
                0x000000000000b146       0x9c TankFu.o
                0x000000000000b146                update_turret
 .text.load_splash
                0x000000000000b1e2       0x94 TankFu.o
                0x000000000000b1e2                load_splash
 .text.select_pressed
                0x000000000000b276       0x14 TankFu.o
                0x000000000000b276                select_pressed
 .text.load_tank_rank
                0x000000000000b28a      0x136 TankFu.o
                0x000000000000b28a                load_tank_rank
 .text.exit_game
                0x000000000000b3c0       0x10 TankFu.o
                0x000000000000b3c0                exit_game
 .text.update_tank_rank
                0x000000000000b3d0       0xc4 TankFu.o
                0x000000000000b3d0                update_tank_rank
 .text._handle_select_render_helper
                0x000000000000b494      0x17a TankFu.o
                0x000000000000b494                _handle_select_render_helper
 .text.load_host_net_game
                0x000000000000b60e       0x7e TankFu.o
                0x000000000000b60e                load_host_net_game
 .text.load_join_net_game
                0x000000000000b68c       0x68 TankFu.o
                0x000000000000b68c                load_join_net_game
 .text.button_map
                0x000000000000b6f4       0x2c TankFu.o
                0x000000000000b6f4                button_map
 .text.crash_and_turn
                0x000000000000b720      0x200 TankFu.o
                0x000000000000b720                crash_and_turn
 .text.get_cpu_goal_direction
                0x000000000000b920       0x66 TankFu.o
                0x000000000000b920                get_cpu_goal_direction
 .text.get_cpu_joypad_state
                0x000000000000b986      0x468 TankFu.o
                0x000000000000b986                get_cpu_joypad_state
 .text.stream_text_middle
                0x000000000000bdee       0x80 TankFu.o
                0x000000000000bdee                stream_text_middle
 .text.load_credits
                0x000000000000be6e       0x24 TankFu.o
                0x000000000000be6e                load_credits
 .text.send_net_message
                0x000000000000be92       0x28 TankFu.o
                0x000000000000be92                send_net_message
 .text.send_smart_net_message
                0x000000000000beba       0x26 TankFu.o
                0x000000000000beba                send_smart_net_message
 .text._handle_select_helper
                0x000000000000bee0      0x26e TankFu.o
                0x000000000000bee0                _handle_select_helper
 .text.get_net_message
                0x000000000000c14e      0x1f0 TankFu.o
                0x000000000000c14e                get_net_message
 .text.is_net_player
                0x000000000000c33e       0x24 TankFu.o
                0x000000000000c33e                is_net_player
 .text.collision_detect_shot
                0x000000000000c362      0x3f4 TankFu.o
                0x000000000000c362                collision_detect_shot
 .text.update_player
                0x000000000000c756      0x29c TankFu.o
                0x000000000000c756                update_player
 .text.collision_detect_player
                0x000000000000c9f2      0x3c4 TankFu.o
                0x000000000000c9f2                collision_detect_player
 .text.update_turret_shot
                0x000000000000cdb6       0xc8 TankFu.o
                0x000000000000cdb6                update_turret_shot
 .text.player_posture_changed
                0x000000000000ce7e       0x22 TankFu.o
                0x000000000000ce7e                player_posture_changed
 .text.clearNetBuffers
                0x000000000000cea0       0x14 TankFu.o
                0x000000000000cea0                clearNetBuffers
 .text.level_transition
                0x000000000000ceb4       0x64 TankFu.o
                0x000000000000ceb4                level_transition
 .text.resolve_scoring
                0x000000000000cf18      0x18a TankFu.o
                0x000000000000cf18                resolve_scoring
 .text.update_level
                0x000000000000d0a2      0x468 TankFu.o
                0x000000000000d0a2                update_level
 .text.update_handle_select
                0x000000000000d50a       0xbc TankFu.o
                0x000000000000d50a                update_handle_select
 .text.load_handle_select
                0x000000000000d5c6      0x126 TankFu.o
                0x000000000000d5c6                load_handle_select
 .text.update_splash
                0x000000000000d6ec      0x268 TankFu.o
                0x000000000000d6ec                update_splash
 .text.update_host_net_game
                0x000000000000d954       0x58 TankFu.o
                0x000000000000d954                update_host_net_game
 .text.update_join_net_game
                0x000000000000d9ac      0x1b4 TankFu.o
                0x000000000000d9ac                update_join_net_game
 .text.startup.main
                0x000000000000db60      0x1ee TankFu.o
                0x000000000000db60                main
 .text.libgcc.div
                0x000000000000dd4e       0x18 /usr/local/lib/gcc/avr/4.9.2/avr5/libgcc.a(_udivmodqi4.o)
                0x000000000000dd4e                __udivmodqi4
 .text.libgcc.div
                0x000000000000dd66       0x1c /usr/local/lib/gcc/avr/4.9.2/avr5/libgcc.a(_divmodqi4.o)
                0x000000000000dd66                __divmodqi4
 .text.libgcc.div
                0x000000000000dd82       0x28 /usr/local/lib/gcc/avr/4.9.2/avr5/libgcc.a(_udivmodhi4.o)
                0x000000000000dd82                __udivmodhi4
 .text.libgcc.div
                0x000000000000ddaa       0x28 /usr/local/lib/gcc/avr/4.9.2/avr5/libgcc.a(_divmodhi4.o)
                0x000000000000ddaa                __divmodhi4
                0x000000000000ddaa                _div
 .text.avr-libc
                0x000000000000ddd2       0x12 /usr/local/lib/gcc/avr/4.9.2/../../../../avr/lib/avr5/libc.a(memcpy_P.o)
                0x000000000000ddd2                memcpy_P
 .text.avr-libc
                0x000000000000dde4       0x16 /usr/local/lib/gcc/avr/4.9.2/../../../../avr/lib/avr5/libc.a(strnlen_P.o)
                0x000000000000dde4                strnlen_P
 .text.avr-libc
                0x000000000000ddfa       0x14 /usr/local/lib/gcc/avr/4.9.2/../../../../avr/lib/avr5/libc.a(strupr.o)
                0x000000000000ddfa                strupr
 .text.avr-libc
                0x000000000000de0e       0x46 /usr/local/lib/gcc/avr/4.9.2/../../../../avr/lib/avr5/libc.a(sprintf.o)
                0x000000000000de0e                sprintf
 .text.avr-libc
                0x000000000000de54      0x3a4 /usr/local/lib/gcc/avr/4.9.2/../../../../avr/lib/avr5/libc.a(vfprintf_std.o)
                0x000000000000de54                vfprintf
 .text.avr-libc
                0x000000000000e1f8       0x16 /usr/local/lib/gcc/avr/4.9.2/../../../../avr/lib/avr5/libc.a(strnlen.o)
                0x000000000000e1f8                strnlen
 .text.avr-libc
                0x000000000000e20e       0x70 /usr/local/lib/gcc/avr/4.9.2/../../../../avr/lib/avr5/libc.a(fputc.o)
                0x000000000000e20e                fputc
 .text.avr-libc
                0x000000000000e27e       0xbc /usr/local/lib/gcc/avr/4.9.2/../../../../avr/lib/avr5/libc.a(ultoa_invert.o)
                0x000000000000e27e                __ultoa_invert
 .text.libgcc.prologue
                0x000000000000e33a       0x38 /usr/local/lib/gcc/avr/4.9.2/avr5/libgcc.a(_prologue.o)
                0x000000000000e33a                __prologue_saves__
 .text.libgcc.prologue
                0x000000000000e372       0x36 /usr/local/lib/gcc/avr/4.9.2/avr5/libgcc.a(_epilogue.o)
                0x000000000000e372                __epilogue_restores__
                0x000000000000e3a8                . = ALIGN (0x2)
 *(.fini9)
 .fini9         0x000000000000e3a8        0x0 /usr/local/lib/gcc/avr/4.9.2/avr5/libgcc.a(_exit.o)
                0x000000000000e3a8                exit
                0x000000000000e3a8                _exit
 *(.fini9)
 *(.fini8)
 *(.fini8)
 *(.fini7)
 *(.fini7)
 *(.fini6)
 *(.fini6)
 *(.fini5)
 *(.fini5)
 *(.fini4)
 *(.fini4)
 *(.fini3)
 *(.fini3)
 *(.fini2)
 *(.fini2)
 *(.fini1)
 *(.fini1)
 *(.fini0)
 .fini0         0x000000000000e3a8        0x4 /usr/local/lib/gcc/avr/4.9.2/avr5/libgcc.a(_exit.o)
 *(.fini0)
                0x000000000000e3ac                _etext = .

.data           0x0000000000800100       0x54 load address 0x000000000000e3ac
                0x0000000000800100                PROVIDE (__data_start, .)
 *(.data)
 .data          0x0000000000800100        0x1 uzeboxVideoEngine.o
 .data          0x0000000000800101        0xc TankFu.o
                0x0000000000800101                gameIdIndex
                0x0000000000800102                gameId
                0x000000000080010b                global_frame_counter
 *(.data*)
 *(.rodata)
 *(.rodata*)
 .rodata.str1.1
                0x000000000080010d       0x46 TankFu.o
 *(.gnu.linkonce.d*)
                0x0000000000800154                . = ALIGN (0x2)
 *fill*         0x0000000000800153        0x1 
                0x0000000000800154                _edata = .
                0x0000000000800154                PROVIDE (__data_end, .)

.bss            0x0000000000800154      0xee8
                0x0000000000800154                PROVIDE (__bss_start, .)
 *(.bss)
 *fill*         0x0000000000800154        0xc 
 .bss           0x0000000000800160      0x820 uzeboxVideoEngineCore.o
                0x0000000000800160                vram
                0x00000000008004a8                sprites
                0x00000000008004a8                overlay_vram
                0x00000000008004d0                ram_tiles
                0x0000000000800910                ram_tiles_restore
                0x0000000000800943                free_tile_index
                0x0000000000800944                user_ram_tiles_c
                0x0000000000800945                user_ram_tiles_c_tmp
                0x0000000000800946                sprites_tile_banks
                0x0000000000800951                Screen
                0x0000000000800954                sync_phase
                0x0000000000800955                sync_pulse
                0x0000000000800956                sync_flags
                0x000000000080095b                first_render_line
                0x000000000080095c                render_lines_count
                0x000000000080095d                joypad1_status_lo
                0x000000000080095f                joypad1_status_hi
                0x0000000000800961                joypad2_status_lo
                0x0000000000800963                joypad2_status_hi
 .bss           0x0000000000800980        0x2 uzeboxCore.o
 .bss           0x0000000000800982        0x1 uzeboxSoundEngine.o
                0x0000000000800982                playSong
 .bss           0x0000000000800983       0x19 uzeboxSoundEngineCore.o
                0x0000000000800983                sound_enabled
                0x0000000000800984                mixer
                0x0000000000800997                tr4_params
                0x0000000000800998                tr4_barrel_lo
                0x0000000000800999                tr4_barrel_hi
 .bss           0x000000000080099c        0x5 TankFu.o
                0x000000000080099c                frames
                0x000000000080099d                p_prev
 *(.bss*)
 *(COMMON)
 COMMON         0x00000000008009a1      0x145 uzeboxCore.o
                0x00000000008009a1                uart_tx_buf
                0x00000000008009e1                joypadsConnectionStatus
                0x00000000008009e2                uart_rx_head
                0x00000000008009e3                uart_tx_head
                0x00000000008009e4                uart_rx_tail
                0x00000000008009e5                uart_rx_buf
                0x0000000000800ae5                uart_tx_tail
 COMMON         0x0000000000800ae6       0x6c uzeboxSoundEngine.o
                0x0000000000800ae6                songStart
                0x0000000000800ae8                tracks
                0x0000000000800b44                currDeltaTime
                0x0000000000800b46                patchPointers
                0x0000000000800b48                lastStatus
                0x0000000000800b49                masterVolume
                0x0000000000800b4a                nextDeltaTime
                0x0000000000800b4c                songSpeed
                0x0000000000800b4d                songPos
                0x0000000000800b4f                loopStart
                0x0000000000800b51                step
 COMMON         0x0000000000800b52        0x5 uzeboxVideoEngine.o
                0x0000000000800b52                fadeSpeed
                0x0000000000800b53                fadeDir
                0x0000000000800b54                fadeActive
                0x0000000000800b55                currFadeFrame
                0x0000000000800b56                fadeStep
 COMMON         0x0000000000800b57      0x4e5 TankFu.o
                0x0000000000800b57                scores
                0x0000000000800b77                p2s
                0x0000000000800b7d                handles
                0x0000000000800b9d                game
                0x0000000000800bb1                tile_animations
                0x0000000000800bce                wifi_status
                0x0000000000800bcf                player1
                0x0000000000800c4e                level
                0x0000000000800f3d                player2
                0x0000000000800fbc                sub_animation
                0x0000000000800fca                scope_animation
                0x0000000000800fd8                p1s
                0x0000000000800fde                turret2
                0x000000000080100d                turret1
                0x000000000080103c                PROVIDE (__bss_end, .)
                0x000000000000e3ac                __data_load_start = LOADADDR (.data)
                0x000000000000e400                __data_load_end = (__data_load_start + SIZEOF (.data))

.noinit         0x000000000080103c        0x0
                0x000000000080103c                PROVIDE (__noinit_start, .)
 *(.noinit*)
                0x000000000080103c                PROVIDE (__noinit_end, .)
                0x000000000080103c                _end = .
                0x000000000080103c                PROVIDE (__heap_start, .)

.eeprom         0x0000000000810000        0x0
 *(.eeprom*)
                0x0000000000810000                __eeprom_end = .

.fuse
 *(.fuse)
 *(.lfuse)
 *(.hfuse)
 *(.efuse)

.lock
 *(.lock*)

.signature
 *(.signature*)

.stab           0x0000000000000000      0x9b4
 *(.stab)
 .stab          0x0000000000000000       0xf0 /usr/local/lib/gcc/avr/4.9.2/avr5/libgcc.a(_udivmodqi4.o)
 .stab          0x00000000000000f0       0xf0 /usr/local/lib/gcc/avr/4.9.2/avr5/libgcc.a(_divmodqi4.o)
                                         0xfc (size before relaxing)
 .stab          0x00000000000001e0      0x15c /usr/local/lib/gcc/avr/4.9.2/avr5/libgcc.a(_udivmodhi4.o)
                                        0x168 (size before relaxing)
 .stab          0x000000000000033c      0x138 /usr/local/lib/gcc/avr/4.9.2/avr5/libgcc.a(_divmodhi4.o)
                                        0x144 (size before relaxing)
 .stab          0x0000000000000474       0x6c /usr/local/lib/gcc/avr/4.9.2/avr5/libgcc.a(_exit.o)
                                         0x78 (size before relaxing)
 .stab          0x00000000000004e0       0xd8 /usr/local/lib/gcc/avr/4.9.2/avr5/libgcc.a(_copy_data.o)
                                         0xe4 (size before relaxing)
 .stab          0x00000000000005b8       0xb4 /usr/local/lib/gcc/avr/4.9.2/avr5/libgcc.a(_clear_bss.o)
                                         0xc0 (size before relaxing)
 .stab          0x000000000000066c      0x1a4 /usr/local/lib/gcc/avr/4.9.2/avr5/libgcc.a(_prologue.o)
                                        0x1b0 (size before relaxing)
 .stab          0x0000000000000810      0x1a4 /usr/local/lib/gcc/avr/4.9.2/avr5/libgcc.a(_epilogue.o)
                                        0x1b0 (size before relaxing)

.stabstr        0x0000000000000000      0x34b
 *(.stabstr)
 .stabstr       0x0000000000000000      0x34b /usr/local/lib/gcc/avr/4.9.2/avr5/libgcc.a(_udivmodqi4.o)

.stab.excl
 *(.stab.excl)

.stab.exclstr
 *(.stab.exclstr)

.stab.index
 *(.stab.index)

.stab.indexstr
 *(.stab.indexstr)

.comment        0x0000000000000000       0x11
 *(.comment)
 .comment       0x0000000000000000       0x11 uzeboxCore.o
                                         0x12 (size before relaxing)
 .comment       0x0000000000000011       0x12 uzeboxSoundEngine.o
 .comment       0x0000000000000011       0x12 uzeboxVideoEngine.o
 .comment       0x0000000000000011       0x12 TankFu.o
 .comment       0x0000000000000011       0x12 /usr/local/lib/gcc/avr/4.9.2/../../../../avr/lib/avr5/libc.a(sprintf.o)
 .comment       0x0000000000000011       0x12 /usr/local/lib/gcc/avr/4.9.2/../../../../avr/lib/avr5/libc.a(vfprintf_std.o)
 .comment       0x0000000000000011       0x12 /usr/local/lib/gcc/avr/4.9.2/../../../../avr/lib/avr5/libc.a(fputc.o)

.note.gnu.build-id
 *(.note.gnu.build-id)

.debug
 *(.debug)

.line
 *(.line)

.debug_srcinfo
 *(.debug_srcinfo)

.debug_sfnames
 *(.debug_sfnames)

.debug_aranges  0x0000000000000000      0x810
 *(.debug_aranges)
 .debug_aranges
                0x0000000000000000       0xf8 uzeboxVideoEngineCore.o
 .debug_aranges
                0x00000000000000f8       0xd8 uzeboxCore.o
 .debug_aranges
                0x00000000000001d0      0x100 uzeboxSoundEngine.o
 .debug_aranges
                0x00000000000002d0       0x50 uzeboxSoundEngineCore.o
 .debug_aranges
                0x0000000000000320       0xf8 uzeboxVideoEngine.o
 .debug_aranges
                0x0000000000000418      0x3f8 TankFu.o

.debug_pubnames
 *(.debug_pubnames)

.debug_info     0x0000000000000000     0xc00d
 *(.debug_info .gnu.linkonce.wi.*)
 .debug_info    0x0000000000000000      0x672 /usr/local/lib/gcc/avr/4.9.2/../../../../avr/lib/avr5/crtm644.o
 .debug_info    0x0000000000000672       0x7d uzeboxVideoEngineCore.o
 .debug_info    0x00000000000006ef      0xce2 uzeboxCore.o
 .debug_info    0x00000000000013d1     0x1216 uzeboxSoundEngine.o
 .debug_info    0x00000000000025e7       0x74 uzeboxSoundEngineCore.o
 .debug_info    0x000000000000265b     0x1214 uzeboxVideoEngine.o
 .debug_info    0x000000000000386f     0x879e TankFu.o

.debug_abbrev   0x0000000000000000     0x16db
 *(.debug_abbrev)
 .debug_abbrev  0x0000000000000000      0x619 /usr/local/lib/gcc/avr/4.9.2/../../../../avr/lib/avr5/crtm644.o
 .debug_abbrev  0x0000000000000619       0x12 uzeboxVideoEngineCore.o
 .debug_abbrev  0x000000000000062b      0x36c uzeboxCore.o
 .debug_abbrev  0x0000000000000997      0x35c uzeboxSoundEngine.o
 .debug_abbrev  0x0000000000000cf3       0x12 uzeboxSoundEngineCore.o
 .debug_abbrev  0x0000000000000d05      0x39a uzeboxVideoEngine.o
 .debug_abbrev  0x000000000000109f      0x63c TankFu.o

.debug_line     0x0000000000000000     0x2863
 *(.debug_line .debug_line.* .debug_line_end)
 .debug_line    0x0000000000000000       0x1d /usr/local/lib/gcc/avr/4.9.2/../../../../avr/lib/avr5/crtm644.o
 .debug_line    0x000000000000001d      0x50b uzeboxVideoEngineCore.o
 .debug_line    0x0000000000000528      0x369 uzeboxCore.o
 .debug_line    0x0000000000000891      0x3e2 uzeboxSoundEngine.o
 .debug_line    0x0000000000000c73      0x1ae uzeboxSoundEngineCore.o
 .debug_line    0x0000000000000e21      0x45c uzeboxVideoEngine.o
 .debug_line    0x000000000000127d     0x15e6 TankFu.o

.debug_frame    0x0000000000000000     0x1940
 *(.debug_frame)
 .debug_frame   0x0000000000000000      0x25c uzeboxCore.o
 .debug_frame   0x000000000000025c      0x284 uzeboxSoundEngine.o
 .debug_frame   0x00000000000004e0      0x47c uzeboxVideoEngine.o
 .debug_frame   0x000000000000095c      0xfe4 TankFu.o

.debug_str      0x0000000000000000     0x2359
 *(.debug_str)
 .debug_str     0x0000000000000000      0x231 /usr/local/lib/gcc/avr/4.9.2/../../../../avr/lib/avr5/crtm644.o
 .debug_str     0x0000000000000231      0x5a7 uzeboxCore.o
                                        0x60d (size before relaxing)
 .debug_str     0x00000000000007d8      0x40a uzeboxSoundEngine.o
                                        0x646 (size before relaxing)
 .debug_str     0x0000000000000be2      0x2e4 uzeboxVideoEngine.o
                                        0x46f (size before relaxing)
 .debug_str     0x0000000000000ec6     0x1493 TankFu.o
                                       0x194c (size before relaxing)

.debug_loc      0x0000000000000000     0xa8a2
 *(.debug_loc)
 .debug_loc     0x0000000000000000      0xa8e uzeboxCore.o
 .debug_loc     0x0000000000000a8e     0x1063 uzeboxSoundEngine.o
 .debug_loc     0x0000000000001af1     0x1b2c uzeboxVideoEngine.o
 .debug_loc     0x000000000000361d     0x7285 TankFu.o

.debug_macinfo
 *(.debug_macinfo)

.debug_weaknames
 *(.debug_weaknames)

.debug_funcnames
 *(.debug_funcnames)

.debug_typenames
 *(.debug_typenames)

.debug_varnames
 *(.debug_varnames)

.debug_pubtypes
 *(.debug_pubtypes)

.debug_ranges   0x0000000000000000      0x928
 *(.debug_ranges)
 .debug_ranges  0x0000000000000000       0xf0 uzeboxVideoEngineCore.o
 .debug_ranges  0x00000000000000f0       0xe0 uzeboxCore.o
 .debug_ranges  0x00000000000001d0      0x138 uzeboxSoundEngine.o
 .debug_ranges  0x0000000000000308       0x48 uzeboxSoundEngineCore.o
 .debug_ranges  0x0000000000000350      0x100 uzeboxVideoEngine.o
 .debug_ranges  0x0000000000000450      0x4d8 TankFu.o

.debug_macro
 *(.debug_macro)
OUTPUT(TankFu.elf elf32-avr)
LOAD linker stubs
