Archive member included to satisfy reference by file (symbol)

/usr/local/lib/gcc/avr/4.9.2/avr5/libgcc.a(_udivmodqi4.o)
                              uzeboxVideoEngine.o (__udivmodqi4)
/usr/local/lib/gcc/avr/4.9.2/avr5/libgcc.a(_divmodqi4.o)
                              TankFu.o (__divmodqi4)
/usr/local/lib/gcc/avr/4.9.2/avr5/libgcc.a(_udivmodhi4.o)
                              uzeboxVideoEngine.o (__udivmodhi4)
/usr/local/lib/gcc/avr/4.9.2/avr5/libgcc.a(_divmodhi4.o)
                              uzeboxSoundEngine.o (__divmodhi4)
/usr/local/lib/gcc/avr/4.9.2/avr5/libgcc.a(_udivmodsi4.o)
                              uzeboxVideoEngine.o (__udivmodsi4)
/usr/local/lib/gcc/avr/4.9.2/avr5/libgcc.a(_exit.o)
                              /usr/local/lib/gcc/avr/4.9.2/../../../../avr/lib/avr5/crtm644.o (exit)
/usr/local/lib/gcc/avr/4.9.2/avr5/libgcc.a(_copy_data.o)
                              uzeboxVideoEngine.o (__do_copy_data)
/usr/local/lib/gcc/avr/4.9.2/avr5/libgcc.a(_clear_bss.o)
                              uzeboxCore.o (__do_clear_bss)
/usr/local/lib/gcc/avr/4.9.2/../../../../avr/lib/avr5/libc.a(memcpy_P.o)
                              TankFu.o (memcpy_P)
/usr/local/lib/gcc/avr/4.9.2/../../../../avr/lib/avr5/libc.a(strnlen_P.o)
                              TankFu.o (strnlen_P)
/usr/local/lib/gcc/avr/4.9.2/../../../../avr/lib/avr5/libc.a(strupr.o)
                              TankFu.o (strupr)
/usr/local/lib/gcc/avr/4.9.2/../../../../avr/lib/avr5/libc.a(sprintf.o)
                              TankFu.o (sprintf)
/usr/local/lib/gcc/avr/4.9.2/../../../../avr/lib/avr5/libc.a(vfprintf_std.o)
                              /usr/local/lib/gcc/avr/4.9.2/../../../../avr/lib/avr5/libc.a(sprintf.o) (vfprintf)
/usr/local/lib/gcc/avr/4.9.2/../../../../avr/lib/avr5/libc.a(strnlen.o)
                              /usr/local/lib/gcc/avr/4.9.2/../../../../avr/lib/avr5/libc.a(vfprintf_std.o) (strnlen)
/usr/local/lib/gcc/avr/4.9.2/../../../../avr/lib/avr5/libc.a(fputc.o)
                              /usr/local/lib/gcc/avr/4.9.2/../../../../avr/lib/avr5/libc.a(vfprintf_std.o) (fputc)
/usr/local/lib/gcc/avr/4.9.2/../../../../avr/lib/avr5/libc.a(ultoa_invert.o)
                              /usr/local/lib/gcc/avr/4.9.2/../../../../avr/lib/avr5/libc.a(vfprintf_std.o) (__ultoa_invert)
/usr/local/lib/gcc/avr/4.9.2/avr5/libgcc.a(_prologue.o)
                              /usr/local/lib/gcc/avr/4.9.2/../../../../avr/lib/avr5/libc.a(sprintf.o) (__prologue_saves__)
/usr/local/lib/gcc/avr/4.9.2/avr5/libgcc.a(_epilogue.o)
                              /usr/local/lib/gcc/avr/4.9.2/../../../../avr/lib/avr5/libc.a(sprintf.o) (__epilogue_restores__)

Allocating common symbols
Common symbol       size              file

songStart           0x2               uzeboxSoundEngine.o
uart_tx_buf         0x20              uzeboxCore.o
tracks              0x5c              uzeboxSoundEngine.o
scores              0x20              TankFu.o
fadeSpeed           0x1               uzeboxVideoEngine.o
currDeltaTime       0x2               uzeboxSoundEngine.o
fadeDir             0x1               uzeboxVideoEngine.o
patchPointers       0x2               uzeboxSoundEngine.o
p2s                 0x6               TankFu.o
handles             0x20              TankFu.o
game                0x14              TankFu.o
tile_animations     0x1d              TankFu.o
lastStatus          0x1               uzeboxSoundEngine.o
joypadsConnectionStatus
                    0x1               uzeboxCore.o
wifi_status         0x1               TankFu.o
player1             0x82              TankFu.o
fadeActive          0x1               uzeboxVideoEngine.o
uart_rx_head        0x1               uzeboxCore.o
masterVolume        0x1               uzeboxSoundEngine.o
nextDeltaTime       0x2               uzeboxSoundEngine.o
songSpeed           0x1               uzeboxSoundEngine.o
uart_tx_head        0x1               uzeboxCore.o
songPos             0x2               uzeboxSoundEngine.o
level               0x2ef             TankFu.o
uart_rx_tail        0x1               uzeboxCore.o
player2             0x82              TankFu.o
loopStart           0x2               uzeboxSoundEngine.o
sub_animation       0xe               TankFu.o
scope_animation     0xe               TankFu.o
uart_rx_buf         0x40              uzeboxCore.o
step                0x1               uzeboxSoundEngine.o
currFadeFrame       0x1               uzeboxVideoEngine.o
p1s                 0x6               TankFu.o
fadeStep            0x1               uzeboxVideoEngine.o
uart_tx_tail        0x1               uzeboxCore.o
turret2             0x2f              TankFu.o
turret1             0x2f              TankFu.o

Discarded input sections

 .data          0x0000000000000000        0x0 /usr/local/lib/gcc/avr/4.9.2/../../../../avr/lib/avr5/crtm644.o
 .bss           0x0000000000000000        0x0 /usr/local/lib/gcc/avr/4.9.2/../../../../avr/lib/avr5/crtm644.o
 .data          0x0000000000000000        0x0 uzeboxVideoEngineCore.o
 .text.SetSpritesTileBank
                0x0000000000000000       0x12 uzeboxVideoEngineCore.o
 .text.GetTile  0x0000000000000000       0x1e uzeboxVideoEngineCore.o
 .text.SetUserPreVsyncCallback
                0x0000000000000000        0xa uzeboxVideoEngineCore.o
 .text.SetUserPostVsyncCallback
                0x0000000000000000        0xa uzeboxVideoEngineCore.o
 .text.IsRunningInEmulator
                0x0000000000000000       0x12 uzeboxVideoEngineCore.o
 .text.WaitClocks
                0x0000000000000000        0x6 uzeboxVideoEngineCore.o
 .text.SetLedOn
                0x0000000000000000        0x4 uzeboxVideoEngineCore.o
 .text.SetLedOff
                0x0000000000000000        0x4 uzeboxVideoEngineCore.o
 .text.ToggleLed
                0x0000000000000000        0x4 uzeboxVideoEngineCore.o
 .text.internal_spi_byte
                0x0000000000000000        0xe uzeboxVideoEngineCore.o
 .text          0x0000000000000000        0x0 uzeboxCore.o
 .data          0x0000000000000000        0x0 uzeboxCore.o
 .text.SetRenderingParameters
                0x0000000000000000        0xa uzeboxCore.o
 .text.DetectControllers
                0x0000000000000000       0x36 uzeboxCore.o
 .text.FormatEeprom2
                0x0000000000000000       0x98 uzeboxCore.o
 .text.IsPowerSwitchPressed
                0x0000000000000000        0xe uzeboxCore.o
 .text.UartGoBack
                0x0000000000000000       0x16 uzeboxCore.o
 .text.IsUartRxBufferEmpty
                0x0000000000000000       0x10 uzeboxCore.o
 .text.IsUartTxBufferEmpty
                0x0000000000000000       0x10 uzeboxCore.o
 .text.IsUartTxBufferFull
                0x0000000000000000       0x14 uzeboxCore.o
 .text          0x0000000000000000        0x0 uzeboxSoundEngine.o
 .data          0x0000000000000000        0x0 uzeboxSoundEngine.o
 .text.StartSong
                0x0000000000000000       0x52 uzeboxSoundEngine.o
 .text.StopSong
                0x0000000000000000       0x18 uzeboxSoundEngine.o
 .text.ResumeSong
                0x0000000000000000        0x8 uzeboxSoundEngine.o
 .text.SetSongSpeed
                0x0000000000000000        0x6 uzeboxSoundEngine.o
 .text.GetSongSpeed
                0x0000000000000000        0x6 uzeboxSoundEngine.o
 .text.GetMasterVolume
                0x0000000000000000        0x6 uzeboxSoundEngine.o
 .text.IsSongPlaying
                0x0000000000000000        0x6 uzeboxSoundEngine.o
 .data          0x0000000000000000        0x0 uzeboxSoundEngineCore.o
 .text.SetMixerNoiseParams
                0x0000000000000000       0x10 uzeboxSoundEngineCore.o
 .text.SetMixerVolume
                0x0000000000000000       0x16 uzeboxSoundEngineCore.o
 .text.EnableSoundEngine
                0x0000000000000000        0x8 uzeboxSoundEngineCore.o
 .text          0x0000000000000000        0x0 uzeboxVideoEngine.o
 .bss           0x0000000000000000        0x0 uzeboxVideoEngine.o
 .text.SetUserRamTilesCount
                0x0000000000000000        0x6 uzeboxVideoEngine.o
 .text.GetUserRamTile
                0x0000000000000000        0xe uzeboxVideoEngine.o
 .text.SetSpriteVisibility
                0x0000000000000000        0x6 uzeboxVideoEngine.o
 .text.MapSprite
                0x0000000000000000       0x80 uzeboxVideoEngine.o
 .text.PrintLong
                0x0000000000000000       0x8a uzeboxVideoEngine.o
 .text.PrintInt
                0x0000000000000000       0x70 uzeboxVideoEngine.o
 .text.PrintBinaryByte
                0x0000000000000000       0x36 uzeboxVideoEngine.o
 .text.PrintHexByte
                0x0000000000000000       0x40 uzeboxVideoEngine.o
 .text.PrintHexInt
                0x0000000000000000       0x24 uzeboxVideoEngine.o
 .text.PrintHexLong
                0x0000000000000000       0x5e uzeboxVideoEngine.o
 .text.PrintRam
                0x0000000000000000       0x36 uzeboxVideoEngine.o
 .text.Fill     0x0000000000000000       0x6e uzeboxVideoEngine.o
 .text.FontFill
                0x0000000000000000       0x6c uzeboxVideoEngine.o
 .text          0x0000000000000000        0x0 TankFu.o
 .text.LBPrintByte
                0x0000000000000000       0x6c TankFu.o
 .text.LBWaitUs
                0x0000000000000000        0x4 TankFu.o
 .text.wifiGetP
                0x0000000000000000       0x14 TankFu.o
 .text.activateNet
                0x0000000000000000        0x4 TankFu.o
 .text.save_eeprom
                0x0000000000000000        0x4 TankFu.o
 .text.turret_map
                0x0000000000000000       0x14 TankFu.o
 .text.turret_shot_map
                0x0000000000000000       0x14 TankFu.o
 .text.record_player_posture
                0x0000000000000000       0x12 TankFu.o
 .text          0x0000000000000000        0x0 /usr/local/lib/gcc/avr/4.9.2/avr5/libgcc.a(_udivmodqi4.o)
 .data          0x0000000000000000        0x0 /usr/local/lib/gcc/avr/4.9.2/avr5/libgcc.a(_udivmodqi4.o)
 .bss           0x0000000000000000        0x0 /usr/local/lib/gcc/avr/4.9.2/avr5/libgcc.a(_udivmodqi4.o)
 .text.libgcc.mul
                0x0000000000000000        0x0 /usr/local/lib/gcc/avr/4.9.2/avr5/libgcc.a(_udivmodqi4.o)
 .text.libgcc   0x0000000000000000        0x0 /usr/local/lib/gcc/avr/4.9.2/avr5/libgcc.a(_udivmodqi4.o)
 .text.libgcc.prologue
                0x0000000000000000        0x0 /usr/local/lib/gcc/avr/4.9.2/avr5/libgcc.a(_udivmodqi4.o)
 .text.libgcc.builtins
                0x0000000000000000        0x0 /usr/local/lib/gcc/avr/4.9.2/avr5/libgcc.a(_udivmodqi4.o)
 .text.libgcc.fmul
                0x0000000000000000        0x0 /usr/local/lib/gcc/avr/4.9.2/avr5/libgcc.a(_udivmodqi4.o)
 .text.libgcc.fixed
                0x0000000000000000        0x0 /usr/local/lib/gcc/avr/4.9.2/avr5/libgcc.a(_udivmodqi4.o)
 .text          0x0000000000000000        0x0 /usr/local/lib/gcc/avr/4.9.2/avr5/libgcc.a(_divmodqi4.o)
 .data          0x0000000000000000        0x0 /usr/local/lib/gcc/avr/4.9.2/avr5/libgcc.a(_divmodqi4.o)
 .bss           0x0000000000000000        0x0 /usr/local/lib/gcc/avr/4.9.2/avr5/libgcc.a(_divmodqi4.o)
 .text.libgcc.mul
                0x0000000000000000        0x0 /usr/local/lib/gcc/avr/4.9.2/avr5/libgcc.a(_divmodqi4.o)
 .text.libgcc   0x0000000000000000        0x0 /usr/local/lib/gcc/avr/4.9.2/avr5/libgcc.a(_divmodqi4.o)
 .text.libgcc.prologue
                0x0000000000000000        0x0 /usr/local/lib/gcc/avr/4.9.2/avr5/libgcc.a(_divmodqi4.o)
 .text.libgcc.builtins
                0x0000000000000000        0x0 /usr/local/lib/gcc/avr/4.9.2/avr5/libgcc.a(_divmodqi4.o)
 .text.libgcc.fmul
                0x0000000000000000        0x0 /usr/local/lib/gcc/avr/4.9.2/avr5/libgcc.a(_divmodqi4.o)
 .text.libgcc.fixed
                0x0000000000000000        0x0 /usr/local/lib/gcc/avr/4.9.2/avr5/libgcc.a(_divmodqi4.o)
 .text          0x0000000000000000        0x0 /usr/local/lib/gcc/avr/4.9.2/avr5/libgcc.a(_udivmodhi4.o)
 .data          0x0000000000000000        0x0 /usr/local/lib/gcc/avr/4.9.2/avr5/libgcc.a(_udivmodhi4.o)
 .bss           0x0000000000000000        0x0 /usr/local/lib/gcc/avr/4.9.2/avr5/libgcc.a(_udivmodhi4.o)
 .text.libgcc.mul
                0x0000000000000000        0x0 /usr/local/lib/gcc/avr/4.9.2/avr5/libgcc.a(_udivmodhi4.o)
 .text.libgcc   0x0000000000000000        0x0 /usr/local/lib/gcc/avr/4.9.2/avr5/libgcc.a(_udivmodhi4.o)
 .text.libgcc.prologue
                0x0000000000000000        0x0 /usr/local/lib/gcc/avr/4.9.2/avr5/libgcc.a(_udivmodhi4.o)
 .text.libgcc.builtins
                0x0000000000000000        0x0 /usr/local/lib/gcc/avr/4.9.2/avr5/libgcc.a(_udivmodhi4.o)
 .text.libgcc.fmul
                0x0000000000000000        0x0 /usr/local/lib/gcc/avr/4.9.2/avr5/libgcc.a(_udivmodhi4.o)
 .text.libgcc.fixed
                0x0000000000000000        0x0 /usr/local/lib/gcc/avr/4.9.2/avr5/libgcc.a(_udivmodhi4.o)
 .text          0x0000000000000000        0x0 /usr/local/lib/gcc/avr/4.9.2/avr5/libgcc.a(_divmodhi4.o)
 .data          0x0000000000000000        0x0 /usr/local/lib/gcc/avr/4.9.2/avr5/libgcc.a(_divmodhi4.o)
 .bss           0x0000000000000000        0x0 /usr/local/lib/gcc/avr/4.9.2/avr5/libgcc.a(_divmodhi4.o)
 .text.libgcc.mul
                0x0000000000000000        0x0 /usr/local/lib/gcc/avr/4.9.2/avr5/libgcc.a(_divmodhi4.o)
 .text.libgcc   0x0000000000000000        0x0 /usr/local/lib/gcc/avr/4.9.2/avr5/libgcc.a(_divmodhi4.o)
 .text.libgcc.prologue
                0x0000000000000000        0x0 /usr/local/lib/gcc/avr/4.9.2/avr5/libgcc.a(_divmodhi4.o)
 .text.libgcc.builtins
                0x0000000000000000        0x0 /usr/local/lib/gcc/avr/4.9.2/avr5/libgcc.a(_divmodhi4.o)
 .text.libgcc.fmul
                0x0000000000000000        0x0 /usr/local/lib/gcc/avr/4.9.2/avr5/libgcc.a(_divmodhi4.o)
 .text.libgcc.fixed
                0x0000000000000000        0x0 /usr/local/lib/gcc/avr/4.9.2/avr5/libgcc.a(_divmodhi4.o)
 .text          0x0000000000000000        0x0 /usr/local/lib/gcc/avr/4.9.2/avr5/libgcc.a(_udivmodsi4.o)
 .data          0x0000000000000000        0x0 /usr/local/lib/gcc/avr/4.9.2/avr5/libgcc.a(_udivmodsi4.o)
 .bss           0x0000000000000000        0x0 /usr/local/lib/gcc/avr/4.9.2/avr5/libgcc.a(_udivmodsi4.o)
 .stab          0x0000000000000000      0x228 /usr/local/lib/gcc/avr/4.9.2/avr5/libgcc.a(_udivmodsi4.o)
                                        0x234 (size before relaxing)
 .text.libgcc.mul
                0x0000000000000000        0x0 /usr/local/lib/gcc/avr/4.9.2/avr5/libgcc.a(_udivmodsi4.o)
 .text.libgcc.div
                0x0000000000000000       0x44 /usr/local/lib/gcc/avr/4.9.2/avr5/libgcc.a(_udivmodsi4.o)
 .text.libgcc   0x0000000000000000        0x0 /usr/local/lib/gcc/avr/4.9.2/avr5/libgcc.a(_udivmodsi4.o)
 .text.libgcc.prologue
                0x0000000000000000        0x0 /usr/local/lib/gcc/avr/4.9.2/avr5/libgcc.a(_udivmodsi4.o)
 .text.libgcc.builtins
                0x0000000000000000        0x0 /usr/local/lib/gcc/avr/4.9.2/avr5/libgcc.a(_udivmodsi4.o)
 .text.libgcc.fmul
                0x0000000000000000        0x0 /usr/local/lib/gcc/avr/4.9.2/avr5/libgcc.a(_udivmodsi4.o)
 .text.libgcc.fixed
                0x0000000000000000        0x0 /usr/local/lib/gcc/avr/4.9.2/avr5/libgcc.a(_udivmodsi4.o)
 .text          0x0000000000000000        0x0 /usr/local/lib/gcc/avr/4.9.2/avr5/libgcc.a(_exit.o)
 .data          0x0000000000000000        0x0 /usr/local/lib/gcc/avr/4.9.2/avr5/libgcc.a(_exit.o)
 .bss           0x0000000000000000        0x0 /usr/local/lib/gcc/avr/4.9.2/avr5/libgcc.a(_exit.o)
 .text.libgcc.mul
                0x0000000000000000        0x0 /usr/local/lib/gcc/avr/4.9.2/avr5/libgcc.a(_exit.o)
 .text.libgcc.div
                0x0000000000000000        0x0 /usr/local/lib/gcc/avr/4.9.2/avr5/libgcc.a(_exit.o)
 .text.libgcc   0x0000000000000000        0x0 /usr/local/lib/gcc/avr/4.9.2/avr5/libgcc.a(_exit.o)
 .text.libgcc.prologue
                0x0000000000000000        0x0 /usr/local/lib/gcc/avr/4.9.2/avr5/libgcc.a(_exit.o)
 .text.libgcc.builtins
                0x0000000000000000        0x0 /usr/local/lib/gcc/avr/4.9.2/avr5/libgcc.a(_exit.o)
 .text.libgcc.fmul
                0x0000000000000000        0x0 /usr/local/lib/gcc/avr/4.9.2/avr5/libgcc.a(_exit.o)
 .text.libgcc.fixed
                0x0000000000000000        0x0 /usr/local/lib/gcc/avr/4.9.2/avr5/libgcc.a(_exit.o)
 .text          0x0000000000000000        0x0 /usr/local/lib/gcc/avr/4.9.2/avr5/libgcc.a(_copy_data.o)
 .data          0x0000000000000000        0x0 /usr/local/lib/gcc/avr/4.9.2/avr5/libgcc.a(_copy_data.o)
 .bss           0x0000000000000000        0x0 /usr/local/lib/gcc/avr/4.9.2/avr5/libgcc.a(_copy_data.o)
 .text.libgcc.mul
                0x0000000000000000        0x0 /usr/local/lib/gcc/avr/4.9.2/avr5/libgcc.a(_copy_data.o)
 .text.libgcc.div
                0x0000000000000000        0x0 /usr/local/lib/gcc/avr/4.9.2/avr5/libgcc.a(_copy_data.o)
 .text.libgcc   0x0000000000000000        0x0 /usr/local/lib/gcc/avr/4.9.2/avr5/libgcc.a(_copy_data.o)
 .text.libgcc.prologue
                0x0000000000000000        0x0 /usr/local/lib/gcc/avr/4.9.2/avr5/libgcc.a(_copy_data.o)
 .text.libgcc.builtins
                0x0000000000000000        0x0 /usr/local/lib/gcc/avr/4.9.2/avr5/libgcc.a(_copy_data.o)
 .text.libgcc.fmul
                0x0000000000000000        0x0 /usr/local/lib/gcc/avr/4.9.2/avr5/libgcc.a(_copy_data.o)
 .text.libgcc.fixed
                0x0000000000000000        0x0 /usr/local/lib/gcc/avr/4.9.2/avr5/libgcc.a(_copy_data.o)
 .text          0x0000000000000000        0x0 /usr/local/lib/gcc/avr/4.9.2/avr5/libgcc.a(_clear_bss.o)
 .data          0x0000000000000000        0x0 /usr/local/lib/gcc/avr/4.9.2/avr5/libgcc.a(_clear_bss.o)
 .bss           0x0000000000000000        0x0 /usr/local/lib/gcc/avr/4.9.2/avr5/libgcc.a(_clear_bss.o)
 .text.libgcc.mul
                0x0000000000000000        0x0 /usr/local/lib/gcc/avr/4.9.2/avr5/libgcc.a(_clear_bss.o)
 .text.libgcc.div
                0x0000000000000000        0x0 /usr/local/lib/gcc/avr/4.9.2/avr5/libgcc.a(_clear_bss.o)
 .text.libgcc   0x0000000000000000        0x0 /usr/local/lib/gcc/avr/4.9.2/avr5/libgcc.a(_clear_bss.o)
 .text.libgcc.prologue
                0x0000000000000000        0x0 /usr/local/lib/gcc/avr/4.9.2/avr5/libgcc.a(_clear_bss.o)
 .text.libgcc.builtins
                0x0000000000000000        0x0 /usr/local/lib/gcc/avr/4.9.2/avr5/libgcc.a(_clear_bss.o)
 .text.libgcc.fmul
                0x0000000000000000        0x0 /usr/local/lib/gcc/avr/4.9.2/avr5/libgcc.a(_clear_bss.o)
 .text.libgcc.fixed
                0x0000000000000000        0x0 /usr/local/lib/gcc/avr/4.9.2/avr5/libgcc.a(_clear_bss.o)
 .text          0x0000000000000000        0x0 /usr/local/lib/gcc/avr/4.9.2/../../../../avr/lib/avr5/libc.a(memcpy_P.o)
 .data          0x0000000000000000        0x0 /usr/local/lib/gcc/avr/4.9.2/../../../../avr/lib/avr5/libc.a(memcpy_P.o)
 .bss           0x0000000000000000        0x0 /usr/local/lib/gcc/avr/4.9.2/../../../../avr/lib/avr5/libc.a(memcpy_P.o)
 .text          0x0000000000000000        0x0 /usr/local/lib/gcc/avr/4.9.2/../../../../avr/lib/avr5/libc.a(strnlen_P.o)
 .data          0x0000000000000000        0x0 /usr/local/lib/gcc/avr/4.9.2/../../../../avr/lib/avr5/libc.a(strnlen_P.o)
 .bss           0x0000000000000000        0x0 /usr/local/lib/gcc/avr/4.9.2/../../../../avr/lib/avr5/libc.a(strnlen_P.o)
 .text          0x0000000000000000        0x0 /usr/local/lib/gcc/avr/4.9.2/../../../../avr/lib/avr5/libc.a(strupr.o)
 .data          0x0000000000000000        0x0 /usr/local/lib/gcc/avr/4.9.2/../../../../avr/lib/avr5/libc.a(strupr.o)
 .bss           0x0000000000000000        0x0 /usr/local/lib/gcc/avr/4.9.2/../../../../avr/lib/avr5/libc.a(strupr.o)
 .text          0x0000000000000000        0x0 /usr/local/lib/gcc/avr/4.9.2/../../../../avr/lib/avr5/libc.a(sprintf.o)
 .data          0x0000000000000000        0x0 /usr/local/lib/gcc/avr/4.9.2/../../../../avr/lib/avr5/libc.a(sprintf.o)
 .bss           0x0000000000000000        0x0 /usr/local/lib/gcc/avr/4.9.2/../../../../avr/lib/avr5/libc.a(sprintf.o)
 .text          0x0000000000000000        0x0 /usr/local/lib/gcc/avr/4.9.2/../../../../avr/lib/avr5/libc.a(vfprintf_std.o)
 .data          0x0000000000000000        0x0 /usr/local/lib/gcc/avr/4.9.2/../../../../avr/lib/avr5/libc.a(vfprintf_std.o)
 .bss           0x0000000000000000        0x0 /usr/local/lib/gcc/avr/4.9.2/../../../../avr/lib/avr5/libc.a(vfprintf_std.o)
 .text          0x0000000000000000        0x0 /usr/local/lib/gcc/avr/4.9.2/../../../../avr/lib/avr5/libc.a(strnlen.o)
 .data          0x0000000000000000        0x0 /usr/local/lib/gcc/avr/4.9.2/../../../../avr/lib/avr5/libc.a(strnlen.o)
 .bss           0x0000000000000000        0x0 /usr/local/lib/gcc/avr/4.9.2/../../../../avr/lib/avr5/libc.a(strnlen.o)
 .text          0x0000000000000000        0x0 /usr/local/lib/gcc/avr/4.9.2/../../../../avr/lib/avr5/libc.a(fputc.o)
 .data          0x0000000000000000        0x0 /usr/local/lib/gcc/avr/4.9.2/../../../../avr/lib/avr5/libc.a(fputc.o)
 .bss           0x0000000000000000        0x0 /usr/local/lib/gcc/avr/4.9.2/../../../../avr/lib/avr5/libc.a(fputc.o)
 .text          0x0000000000000000        0x0 /usr/local/lib/gcc/avr/4.9.2/../../../../avr/lib/avr5/libc.a(ultoa_invert.o)
 .data          0x0000000000000000        0x0 /usr/local/lib/gcc/avr/4.9.2/../../../../avr/lib/avr5/libc.a(ultoa_invert.o)
 .bss           0x0000000000000000        0x0 /usr/local/lib/gcc/avr/4.9.2/../../../../avr/lib/avr5/libc.a(ultoa_invert.o)
 .text          0x0000000000000000        0x0 /usr/local/lib/gcc/avr/4.9.2/avr5/libgcc.a(_prologue.o)
 .data          0x0000000000000000        0x0 /usr/local/lib/gcc/avr/4.9.2/avr5/libgcc.a(_prologue.o)
 .bss           0x0000000000000000        0x0 /usr/local/lib/gcc/avr/4.9.2/avr5/libgcc.a(_prologue.o)
 .text.libgcc.mul
                0x0000000000000000        0x0 /usr/local/lib/gcc/avr/4.9.2/avr5/libgcc.a(_prologue.o)
 .text.libgcc.div
                0x0000000000000000        0x0 /usr/local/lib/gcc/avr/4.9.2/avr5/libgcc.a(_prologue.o)
 .text.libgcc   0x0000000000000000        0x0 /usr/local/lib/gcc/avr/4.9.2/avr5/libgcc.a(_prologue.o)
 .text.libgcc.builtins
                0x0000000000000000        0x0 /usr/local/lib/gcc/avr/4.9.2/avr5/libgcc.a(_prologue.o)
 .text.libgcc.fmul
                0x0000000000000000        0x0 /usr/local/lib/gcc/avr/4.9.2/avr5/libgcc.a(_prologue.o)
 .text.libgcc.fixed
                0x0000000000000000        0x0 /usr/local/lib/gcc/avr/4.9.2/avr5/libgcc.a(_prologue.o)
 .text          0x0000000000000000        0x0 /usr/local/lib/gcc/avr/4.9.2/avr5/libgcc.a(_epilogue.o)
 .data          0x0000000000000000        0x0 /usr/local/lib/gcc/avr/4.9.2/avr5/libgcc.a(_epilogue.o)
 .bss           0x0000000000000000        0x0 /usr/local/lib/gcc/avr/4.9.2/avr5/libgcc.a(_epilogue.o)
 .text.libgcc.mul
                0x0000000000000000        0x0 /usr/local/lib/gcc/avr/4.9.2/avr5/libgcc.a(_epilogue.o)
 .text.libgcc.div
                0x0000000000000000        0x0 /usr/local/lib/gcc/avr/4.9.2/avr5/libgcc.a(_epilogue.o)
 .text.libgcc   0x0000000000000000        0x0 /usr/local/lib/gcc/avr/4.9.2/avr5/libgcc.a(_epilogue.o)
 .text.libgcc.builtins
                0x0000000000000000        0x0 /usr/local/lib/gcc/avr/4.9.2/avr5/libgcc.a(_epilogue.o)
 .text.libgcc.fmul
                0x0000000000000000        0x0 /usr/local/lib/gcc/avr/4.9.2/avr5/libgcc.a(_epilogue.o)
 .text.libgcc.fixed
                0x0000000000000000        0x0 /usr/local/lib/gcc/avr/4.9.2/avr5/libgcc.a(_epilogue.o)

Memory Configuration

Name             Origin             Length             Attributes
text             0x0000000000000000 0x0000000000020000 xr
data             0x0000000000800060 0x000000000000ffa0 rw !x
eeprom           0x0000000000810000 0x0000000000010000 rw !x
fuse             0x0000000000820000 0x0000000000000400 rw !x
lock             0x0000000000830000 0x0000000000000400 rw !x
signature        0x0000000000840000 0x0000000000000400 rw !x
*default*        0x0000000000000000 0xffffffffffffffff

Linker script and memory map

Address of section .data set to 0x800100
LOAD /usr/local/lib/gcc/avr/4.9.2/../../../../avr/lib/avr5/crtm644.o
LOAD uzeboxVideoEngineCore.o
LOAD uzeboxCore.o
LOAD uzeboxSoundEngine.o
LOAD uzeboxSoundEngineCore.o
LOAD uzeboxVideoEngine.o
LOAD TankFu.o
START GROUP
LOAD /usr/local/lib/gcc/avr/4.9.2/avr5/libgcc.a
LOAD /usr/local/lib/gcc/avr/4.9.2/../../../../avr/lib/avr5/libm.a
LOAD /usr/local/lib/gcc/avr/4.9.2/../../../../avr/lib/avr5/libc.a
END GROUP

.hash
 *(.hash)

.dynsym
 *(.dynsym)

.dynstr
 *(.dynstr)

.gnu.version
 *(.gnu.version)

.gnu.version_d
 *(.gnu.version_d)

.gnu.version_r
 *(.gnu.version_r)

.rel.init
 *(.rel.init)

.rela.init
 *(.rela.init)

.rel.text
 *(.rel.text)
 *(.rel.text.*)
 *(.rel.gnu.linkonce.t*)

.rela.text
 *(.rela.text)
 *(.rela.text.*)
 *(.rela.gnu.linkonce.t*)

.rel.fini
 *(.rel.fini)

.rela.fini
 *(.rela.fini)

.rel.rodata
 *(.rel.rodata)
 *(.rel.rodata.*)
 *(.rel.gnu.linkonce.r*)

.rela.rodata
 *(.rela.rodata)
 *(.rela.rodata.*)
 *(.rela.gnu.linkonce.r*)

.rel.data
 *(.rel.data)
 *(.rel.data.*)
 *(.rel.gnu.linkonce.d*)

.rela.data
 *(.rela.data)
 *(.rela.data.*)
 *(.rela.gnu.linkonce.d*)

.rel.ctors
 *(.rel.ctors)

.rela.ctors
 *(.rela.ctors)

.rel.dtors
 *(.rel.dtors)

.rela.dtors
 *(.rela.dtors)

.rel.got
 *(.rel.got)

.rela.got
 *(.rela.got)

.rel.bss
 *(.rel.bss)

.rela.bss
 *(.rela.bss)

.rel.plt
 *(.rel.plt)

.rela.plt
 *(.rela.plt)

.text           0x0000000000000000     0xe4fc
 *(.vectors)
 .vectors       0x0000000000000000       0x70 /usr/local/lib/gcc/avr/4.9.2/../../../../avr/lib/avr5/crtm644.o
                0x0000000000000000                __vectors
                0x0000000000000000                __vector_default
 *(.vectors)
 *(.progmem.gcc*)
                0x0000000000000070                . = ALIGN (0x2)
                0x0000000000000070                __trampolines_start = .
 *(.trampolines)
 .trampolines   0x0000000000000070        0x0 linker stubs
 *(.trampolines*)
                0x0000000000000070                __trampolines_end = .
 *(.progmem*)
 .progmem.data  0x0000000000000070       0x4e uzeboxCore.o
                0x0000000000000070                io_table
                0x000000000000009e                eeprom_format_table
 .progmem.data  0x00000000000000be       0x1e uzeboxSoundEngine.o
                0x00000000000000be                patchCommands
 .progmem.data  0x00000000000000dc        0xc uzeboxVideoEngine.o
                0x00000000000000dc                fader
 .progmem.data  0x00000000000000e8     0x6a87 TankFu.o
                0x0000000000000299                bauds
                0x00000000000002a7                strCredits
                0x000000000000030c                default_scores
                0x000000000000032a                default_handles
                0x0000000000000348                strLevels
                0x00000000000003f8                strPaused
                0x00000000000003ff                strExit
                0x0000000000000408                strTotal
                0x000000000000040f                strScore
                0x0000000000000416                strFinalScore
                0x0000000000000422                strBy
                0x0000000000000425                strOwns
                0x000000000000042a                strChangeHandle
                0x0000000000000439                strPlayer2
                0x000000000000043c                strPlayer1
                0x000000000000043f                strVertSep
                0x0000000000000441                strUnderline
                0x000000000000044d                strHandlesTitle
                0x0000000000000459                strHighscores
                0x0000000000000463                strCopyright
                0x0000000000000478                strSelectHandle
                0x0000000000000487                strCancelHandle
                0x0000000000000492                strReset
                0x00000000000004ab                strConfirmHandle
                0x00000000000004bd                strNetworkError
                0x00000000000004cb                strEnterGameId
                0x00000000000004de                strConnecting
                0x00000000000004ec                strWaitingForNetOppenent
                0x0000000000000507                strShareGameId
                0x000000000000051a                strJoinNetGame
                0x0000000000000528                strHostNetGame
                0x0000000000000536                str2Player
                0x0000000000000547                str1Player
                0x0000000000000555                my_patches
                0x000000000000059d                ad_alarm
                0x0000000000000635                ad_navigate
                0x0000000000000646                ad_cannonball
                0x000000000000065d                ad_brick_explode
                0x00000000000006ce                ad_tank_explode
                0x000000000000079f                level_data
                0x00000000000027d9                sprites_data
                0x0000000000003119                map_sub_turret
                0x000000000000311c                map_sub_shot
                0x000000000000311f                map_up_arrow
                0x0000000000003122                map_down_arrow
                0x0000000000003125                map_right_arrow
                0x0000000000003128                map_rocket_right_1
                0x000000000000312b                map_rocket_right_0
                0x000000000000312e                map_rocket_up_1
                0x0000000000003131                map_rocket_up_0
                0x0000000000003134                map_ball
                0x0000000000003137                map_explosion_2
                0x000000000000313d                map_explosion_1
                0x0000000000003143                map_explosion_0
                0x0000000000003149                map_tank2_right_0
                0x000000000000314f                map_tank2_up_0
                0x0000000000003155                map_tank1_right_0
                0x000000000000315b                map_tank1_up_0
                0x0000000000003161                map_tank_blank
                0x0000000000003167                map_none
                0x000000000000316a                tiles_data
                0x000000000000682a                map_sub_emerging
                0x0000000000006960                map_sub
                0x0000000000006a96                map_scope_2
                0x0000000000006a99                map_scope_1
                0x0000000000006a9c                map_scope_0
                0x0000000000006a9f                map_blue_tank
                0x0000000000006aa5                map_green_tank
                0x0000000000006aab                map_fence
                0x0000000000006aae                map_turf
                0x0000000000006ab1                map_water
                0x0000000000006ab4                map_metal_bl
                0x0000000000006ab7                map_metal_tr
                0x0000000000006aba                map_metal_br
                0x0000000000006abd                map_metal_tl
                0x0000000000006ac0                map_tile_exp_2
                0x0000000000006ac3                map_tile_exp_1
                0x0000000000006ac6                map_tile_exp_0
                0x0000000000006ac9                map_rocket_itm
                0x0000000000006acc                map_explode_itm
                0x0000000000006acf                map_speed_itm
                0x0000000000006ad2                map_metal
                0x0000000000006ad5                map_brick
                0x0000000000006ad8                map_splash
                0x0000000000006b2e                map_pause
                0x0000000000006b6c                map_tile_none
                0x0000000000006b70                . = ALIGN (0x2)
 *fill*         0x0000000000006b6f        0x1 
 *(.jumptables)
 *(.jumptables*)
 *(.lowtext)
 *(.lowtext*)
                0x0000000000006b70                __ctors_start = .
 *(.ctors)
                0x0000000000006b70                __ctors_end = .
                0x0000000000006b70                __dtors_start = .
 *(.dtors)
                0x0000000000006b70                __dtors_end = .
 SORT(*)(.ctors)
 SORT(*)(.dtors)
 *(.init0)
 .init0         0x0000000000006b70        0x0 /usr/local/lib/gcc/avr/4.9.2/../../../../avr/lib/avr5/crtm644.o
                0x0000000000006b70                __init
 *(.init0)
 *(.init1)
 *(.init1)
 *(.init2)
 .init2         0x0000000000006b70        0xc /usr/local/lib/gcc/avr/4.9.2/../../../../avr/lib/avr5/crtm644.o
 *(.init2)
 *(.init3)
 *(.init3)
 *(.init4)
 .init4         0x0000000000006b7c       0x16 /usr/local/lib/gcc/avr/4.9.2/avr5/libgcc.a(_copy_data.o)
                0x0000000000006b7c                __do_copy_data
 .init4         0x0000000000006b92       0x10 /usr/local/lib/gcc/avr/4.9.2/avr5/libgcc.a(_clear_bss.o)
                0x0000000000006b92                __do_clear_bss
 *(.init4)
 *(.init5)
 *(.init5)
 *(.init6)
 *(.init6)
 *(.init7)
 .init7         0x0000000000006ba2       0x16 uzeboxCore.o
                0x0000000000006ba2                wdt_init
 *(.init7)
 *(.init8)
 .init8         0x0000000000006bb8       0x86 uzeboxCore.o
                0x0000000000006bb8                Initialize
 *(.init8)
 *(.init9)
 .init9         0x0000000000006c3e        0x8 /usr/local/lib/gcc/avr/4.9.2/../../../../avr/lib/avr5/crtm644.o
 *(.init9)
 *(.text)
 .text          0x0000000000006c46        0x4 /usr/local/lib/gcc/avr/4.9.2/../../../../avr/lib/avr5/crtm644.o
                0x0000000000006c46                __vector_20
                0x0000000000006c46                __vector_1
                0x0000000000006c46                __vector_24
                0x0000000000006c46                __vector_12
                0x0000000000006c46                __bad_interrupt
                0x0000000000006c46                __vector_6
                0x0000000000006c46                __vector_3
                0x0000000000006c46                __vector_23
                0x0000000000006c46                __vector_25
                0x0000000000006c46                __vector_11
                0x0000000000006c46                __vector_17
                0x0000000000006c46                __vector_19
                0x0000000000006c46                __vector_7
                0x0000000000006c46                __vector_27
                0x0000000000006c46                __vector_5
                0x0000000000006c46                __vector_4
                0x0000000000006c46                __vector_9
                0x0000000000006c46                __vector_2
                0x0000000000006c46                __vector_21
                0x0000000000006c46                __vector_15
                0x0000000000006c46                __vector_26
                0x0000000000006c46                __vector_10
                0x0000000000006c46                __vector_16
                0x0000000000006c46                __vector_18
                0x0000000000006c46                __vector_22
 .text          0x0000000000006c4a      0x6b0 uzeboxVideoEngineCore.o
                0x0000000000006df6                CopyFlashTile
                0x0000000000006f14                CopyRamTile
                0x000000000000702e                RestoreBackground
                0x0000000000007054                BlitSpritePart
                0x0000000000007122                __vector_13
                0x00000000000071a0                __vector_14
 .text          0x00000000000072fa      0x18a uzeboxSoundEngineCore.o
                0x00000000000072fa                process_music
                0x0000000000007306                update_sound
                0x0000000000007484                . = ALIGN (0x2)
 *(.text.*)
 .text.SetSpritesTileTable
                0x0000000000007484        0xa uzeboxVideoEngineCore.o
                0x0000000000007484                SetSpritesTileTable
 .text.ClearVram
                0x000000000000748e       0x14 uzeboxVideoEngineCore.o
                0x000000000000748e                ClearVram
 .text.SetFont  0x00000000000074a2        0x8 uzeboxVideoEngineCore.o
                0x00000000000074a2                SetFont
 .text.SetTile  0x00000000000074aa       0x1c uzeboxVideoEngineCore.o
                0x00000000000074aa                SetTile
 .text.SetFontTilesIndex
                0x00000000000074c6        0x6 uzeboxVideoEngineCore.o
                0x00000000000074c6                SetFontTilesIndex
 .text.SetTileTable
                0x00000000000074cc        0xa uzeboxVideoEngineCore.o
                0x00000000000074cc                SetTileTable
 .text.GetVsyncFlag
                0x00000000000074d6        0x8 uzeboxVideoEngineCore.o
                0x00000000000074d6                GetVsyncFlag
 .text.ClearVsyncFlag
                0x00000000000074de        0xc uzeboxVideoEngineCore.o
                0x00000000000074de                ClearVsyncFlag
 .text.GetVsyncCounter
                0x00000000000074ea        0xa uzeboxVideoEngineCore.o
                0x00000000000074ea                GetVsyncCounter
 .text.ClearVsyncCounter
                0x00000000000074f4        0xa uzeboxVideoEngineCore.o
                0x00000000000074f4                ClearVsyncCounter
 .text.ReadJoypad
                0x00000000000074fe       0x18 uzeboxVideoEngineCore.o
                0x00000000000074fe                ReadJoypad
 .text.WaitUs   0x0000000000007516        0xe uzeboxVideoEngineCore.o
                0x0000000000007516                WaitUs
 .text.WriteEeprom
                0x0000000000007524       0x14 uzeboxVideoEngineCore.o
                0x0000000000007524                WriteEeprom
 .text.ReadEeprom
                0x0000000000007538       0x12 uzeboxVideoEngineCore.o
                0x0000000000007538                ReadEeprom
 .text.wdt_randomize
                0x000000000000754a       0x50 uzeboxVideoEngineCore.o
                0x000000000000754a                wdt_randomize
 .text.GetTrueRandomSeed
                0x000000000000759a        0xa uzeboxVideoEngineCore.o
                0x000000000000759a                GetTrueRandomSeed
 .text.__vector_8
                0x00000000000075a4       0x44 uzeboxVideoEngineCore.o
                0x00000000000075a4                __vector_8
 .text.SoftReset
                0x00000000000075e8       0x16 uzeboxCore.o
                0x00000000000075e8                SoftReset
 .text.ReadButtons
                0x00000000000075fe       0x6c uzeboxCore.o
                0x00000000000075fe                ReadButtons
 .text.ReadControllers
                0x000000000000766a       0x20 uzeboxCore.o
                0x000000000000766a                ReadControllers
 .text.FormatEeprom
                0x000000000000768a       0x44 uzeboxCore.o
                0x000000000000768a                FormatEeprom
 .text.isEepromFormatted
                0x00000000000076ce       0x2e uzeboxCore.o
                0x00000000000076ce                isEepromFormatted
 .text.EepromBlockExists
                0x00000000000076fc       0xa4 uzeboxCore.o
                0x00000000000076fc                EepromBlockExists
 .text.EepromWriteBlock
                0x00000000000077a0       0x94 uzeboxCore.o
                0x00000000000077a0                EepromWriteBlock
 .text.EepromReadBlock
                0x0000000000007834       0x66 uzeboxCore.o
                0x0000000000007834                EepromReadBlock
 .text.UartUnreadCount
                0x000000000000789a        0xc uzeboxCore.o
                0x000000000000789a                UartUnreadCount
 .text.UartReadChar
                0x00000000000078a6       0x2e uzeboxCore.o
                0x00000000000078a6                UartReadChar
 .text.InitUartRxBuffer
                0x00000000000078d4        0xa uzeboxCore.o
                0x00000000000078d4                InitUartRxBuffer
 .text.UartSendChar
                0x00000000000078de       0x28 uzeboxCore.o
                0x00000000000078de                UartSendChar
 .text.InitUartTxBuffer
                0x0000000000007906        0xa uzeboxCore.o
                0x0000000000007906                InitUartTxBuffer
 .text.GetPrngNumber
                0x0000000000007910       0x5c uzeboxCore.o
                0x0000000000007910                GetPrngNumber
 .text.PatchCommand00
                0x000000000000796c        0x6 uzeboxSoundEngine.o
                0x000000000000796c                PatchCommand00
 .text.PatchCommand01
                0x0000000000007972       0x10 uzeboxSoundEngine.o
                0x0000000000007972                PatchCommand01
 .text.PatchCommand05
                0x0000000000007982        0xa uzeboxSoundEngine.o
                0x0000000000007982                PatchCommand05
 .text.PatchCommand06
                0x000000000000798c        0xa uzeboxSoundEngine.o
                0x000000000000798c                PatchCommand06
 .text.PatchCommand07
                0x0000000000007996        0x6 uzeboxSoundEngine.o
                0x0000000000007996                PatchCommand07
 .text.PatchCommand09
                0x000000000000799c        0x6 uzeboxSoundEngine.o
                0x000000000000799c                PatchCommand09
 .text.PatchCommand10
                0x00000000000079a2        0x6 uzeboxSoundEngine.o
                0x00000000000079a2                PatchCommand10
 .text.PatchCommand11
                0x00000000000079a8       0x76 uzeboxSoundEngine.o
                0x00000000000079a8                PatchCommand11
 .text.PatchCommand12
                0x0000000000007a1e        0x6 uzeboxSoundEngine.o
                0x0000000000007a1e                PatchCommand12
 .text.PatchCommand13
                0x0000000000007a24        0x6 uzeboxSoundEngine.o
                0x0000000000007a24                PatchCommand13
 .text.PatchCommand02
                0x0000000000007a2a        0x8 uzeboxSoundEngine.o
                0x0000000000007a2a                PatchCommand02
 .text.PatchCommand03
                0x0000000000007a32        0xe uzeboxSoundEngine.o
                0x0000000000007a32                PatchCommand03
 .text.PatchCommand04
                0x0000000000007a40       0x10 uzeboxSoundEngine.o
                0x0000000000007a40                PatchCommand04
 .text.PatchCommand08
                0x0000000000007a50       0x20 uzeboxSoundEngine.o
                0x0000000000007a50                PatchCommand08
 .text.PatchCommand14
                0x0000000000007a70       0x54 uzeboxSoundEngine.o
                0x0000000000007a70                PatchCommand14
 .text.InitMusicPlayer
                0x0000000000007ac4       0x44 uzeboxSoundEngine.o
                0x0000000000007ac4                InitMusicPlayer
 .text.ReadVarLen
                0x0000000000007b08       0x4c uzeboxSoundEngine.o
                0x0000000000007b08                ReadVarLen
 .text.TriggerCommon
                0x0000000000007b54       0xbe uzeboxSoundEngine.o
                0x0000000000007b54                TriggerCommon
 .text.TriggerFx
                0x0000000000007c12       0x90 uzeboxSoundEngine.o
                0x0000000000007c12                TriggerFx
 .text.TriggerNote
                0x0000000000007ca2       0x80 uzeboxSoundEngine.o
                0x0000000000007ca2                TriggerNote
 .text.ProcessMusic
                0x0000000000007d22      0x43e uzeboxSoundEngine.o
                0x0000000000007d22                ProcessMusic
 .text.SetMasterVolume
                0x0000000000008160        0x6 uzeboxSoundEngine.o
                0x0000000000008160                SetMasterVolume
 .text.SetMixerNote
                0x0000000000008166       0x2e uzeboxSoundEngineCore.o
                0x0000000000008166                SetMixerNote
 .text.SetMixerWave
                0x0000000000008194       0x3a uzeboxSoundEngineCore.o
                0x0000000000008194                SetMixerWave
 *fill*         0x00000000000081ce       0x32 
 .text.DisableSoundEngine
                0x0000000000008200      0xc00 uzeboxSoundEngineCore.o
                0x0000000000008200                DisableSoundEngine
                0x0000000000008208                steptable
                0x0000000000008400                waves
 .text.ProcessSprites
                0x0000000000008e00      0x200 uzeboxVideoEngine.o
                0x0000000000008e00                ProcessSprites
 .text.MapSprite2
                0x0000000000009000       0xa4 uzeboxVideoEngine.o
                0x0000000000009000                MapSprite2
 .text.MoveSprite
                0x00000000000090a4       0x4a uzeboxVideoEngine.o
                0x00000000000090a4                MoveSprite
 .text.DisplayLogo
                0x00000000000090ee        0x2 uzeboxVideoEngine.o
                0x00000000000090ee                DisplayLogo
 .text.InitializeVideoMode
                0x00000000000090f0       0x1c uzeboxVideoEngine.o
                0x00000000000090f0                InitializeVideoMode
 .text.DrawMap  0x000000000000910c       0x9a uzeboxVideoEngine.o
                0x000000000000910c                DrawMap2
                0x000000000000910c                DrawMap
 .text.PrintByte
                0x00000000000091a6       0x66 uzeboxVideoEngine.o
                0x00000000000091a6                PrintByte
 .text.Print    0x000000000000920c       0x36 uzeboxVideoEngine.o
                0x000000000000920c                Print
 .text.PrintChar
                0x0000000000009242        0x6 uzeboxVideoEngine.o
                0x0000000000009242                PrintChar
 .text.WaitVsync
                0x0000000000009248       0x2e uzeboxVideoEngine.o
                0x0000000000009248                WaitVsync
 .text.doFade   0x0000000000009276       0x1c uzeboxVideoEngine.o
                0x0000000000009276                doFade
 .text.FadeIn   0x0000000000009292       0x18 uzeboxVideoEngine.o
                0x0000000000009292                FadeIn
 .text.FadeOut  0x00000000000092aa       0x18 uzeboxVideoEngine.o
                0x00000000000092aa                FadeOut
 .text.ProcessFading
                0x00000000000092c2       0x4a uzeboxVideoEngine.o
                0x00000000000092c2                ProcessFading
 .text.VideoModeVsync
                0x000000000000930c        0x8 uzeboxVideoEngine.o
                0x000000000000930c                VideoModeVsync
 .text.LBPlaySound.part.2
                0x0000000000009314        0x8 TankFu.o
 .text.LBGetNextFrame
                0x000000000000931c       0x4a TankFu.o
                0x000000000000931c                LBGetNextFrame
 .text.LBGetNextFrameReverse
                0x0000000000009366       0x58 TankFu.o
                0x0000000000009366                LBGetNextFrameReverse
 .text.LBGetJoyPadState
                0x00000000000093be       0x96 TankFu.o
                0x00000000000093be                LBGetJoyPadState
 .text.LBPrintStr
                0x0000000000009454       0x62 TankFu.o
                0x0000000000009454                LBPrintStr
 .text.LBCollides
                0x00000000000094b6       0x50 TankFu.o
                0x00000000000094b6                LBCollides
 .text.LBRandom
                0x0000000000009506       0x36 TankFu.o
                0x0000000000009506                LBRandom
 .text.LBWaitSeconds
                0x000000000000953c       0x1e TankFu.o
                0x000000000000953c                LBWaitSeconds
 .text.LBHideAllSprites
                0x000000000000955a       0x14 TankFu.o
                0x000000000000955a                LBHideAllSprites
 .text.LBPlaySound
                0x000000000000956e       0x1a TankFu.o
                0x000000000000956e                LBPlaySound
 .text.wifiSendP
                0x0000000000009588       0x2c TankFu.o
                0x0000000000009588                wifiSendP
 .text.wifiSend
                0x00000000000095b4       0x28 TankFu.o
                0x00000000000095b4                wifiSend
 .text.wifiSendBinary
                0x00000000000095dc       0x2e TankFu.o
                0x00000000000095dc                wifiSendBinary
 .text.wifiGetIfAvailable
                0x000000000000960a       0x56 TankFu.o
                0x000000000000960a                wifiGetIfAvailable
 .text.wifiGetPB
                0x0000000000009660       0x6a TankFu.o
                0x0000000000009660                wifiGetPB
 .text.wifiGetPBT
                0x00000000000096ca       0x74 TankFu.o
                0x00000000000096ca                wifiGetPBT
 .text.wifiRequestP
                0x000000000000973e       0x24 TankFu.o
                0x000000000000973e                wifiRequestP
 .text.wifiRequest
                0x0000000000009762       0x24 TankFu.o
                0x0000000000009762                wifiRequest
 .text.wifiRequestPT
                0x0000000000009786       0x3e TankFu.o
                0x0000000000009786                wifiRequestPT
 .text.cleanupWifi
                0x00000000000097c4       0x58 TankFu.o
                0x00000000000097c4                cleanupWifi
 .text.wifiHWReset
                0x000000000000981c       0x24 TankFu.o
                0x000000000000981c                wifiHWReset
 .text.initWifi
                0x0000000000009840       0xa2 TankFu.o
                0x0000000000009840                initWifi
 .text.sendNetMessage
                0x00000000000098e2        0x6 TankFu.o
                0x00000000000098e2                sendNetMessage
 .text.getNetMessage
                0x00000000000098e8        0x6 TankFu.o
                0x00000000000098e8                getNetMessage
 .text.hostNetGame
                0x00000000000098ee      0x10a TankFu.o
                0x00000000000098ee                hostNetGame
 .text.joinNetGame
                0x00000000000099f8       0xbc TankFu.o
                0x00000000000099f8                joinNetGame
 .text.init_scores
                0x0000000000009ab4       0x18 TankFu.o
                0x0000000000009ab4                init_scores
 .text.init_handles
                0x0000000000009acc       0x18 TankFu.o
                0x0000000000009acc                init_handles
 .text.init_tile_animations
                0x0000000000009ae4       0x4e TankFu.o
                0x0000000000009ae4                init_tile_animations
 .text.init_scope_animation
                0x0000000000009b32       0x30 TankFu.o
                0x0000000000009b32                init_scope_animation
 .text.init_sub_animation
                0x0000000000009b62       0x28 TankFu.o
                0x0000000000009b62                init_sub_animation
 .text.init_shot_state
                0x0000000000009b8a       0x34 TankFu.o
                0x0000000000009b8a                init_shot_state
 .text.set_shot_animations
                0x0000000000009bbe       0x64 TankFu.o
                0x0000000000009bbe                set_shot_animations
 .text.init_turret
                0x0000000000009c22       0x54 TankFu.o
                0x0000000000009c22                init_turret
 .text.init_player
                0x0000000000009c76       0xec TankFu.o
                0x0000000000009c76                init_player
 .text.player_init_shot_state
                0x0000000000009d62        0xe TankFu.o
                0x0000000000009d62                player_init_shot_state
 .text.init_game_state
                0x0000000000009d70       0x4e TankFu.o
                0x0000000000009d70                init_game_state
 .text.player_spawn
                0x0000000000009dbe       0x48 TankFu.o
                0x0000000000009dbe                player_spawn
 .text.waitForVSync
                0x0000000000009e06        0x8 TankFu.o
                0x0000000000009e06                waitForVSync
 .text.load_eeprom
                0x0000000000009e0e       0x24 TankFu.o
                0x0000000000009e0e                load_eeprom
 .text.fade_through
                0x0000000000009e32       0x14 TankFu.o
                0x0000000000009e32                fade_through
 .text.clear_sprites
                0x0000000000009e46       0x1a TankFu.o
                0x0000000000009e46                clear_sprites
 .text.save_score
                0x0000000000009e60      0x104 TankFu.o
                0x0000000000009e60                save_score
 .text.position_shot
                0x0000000000009f64       0x8a TankFu.o
                0x0000000000009f64                position_shot
 .text.print_level_score
                0x0000000000009fee       0x8c TankFu.o
                0x0000000000009fee                print_level_score
 .text.print_final_score
                0x000000000000a07a       0xbc TankFu.o
                0x000000000000a07a                print_final_score
 .text.shoot_pressed
                0x000000000000a136       0x14 TankFu.o
                0x000000000000a136                shoot_pressed
 .text.get_delta
                0x000000000000a14a       0x24 TankFu.o
                0x000000000000a14a                get_delta
 .text.render_hud
                0x000000000000a16e       0x3a TankFu.o
                0x000000000000a16e                render_hud
 .text.render_score
                0x000000000000a1a8       0x40 TankFu.o
                0x000000000000a1a8                render_score
 .text.render_player
                0x000000000000a1e8       0x40 TankFu.o
                0x000000000000a1e8                render_player
 .text.render_shot
                0x000000000000a228       0x3c TankFu.o
                0x000000000000a228                render_shot
 .text.render_tile_explosions
                0x000000000000a264       0x6a TankFu.o
                0x000000000000a264                render_tile_explosions
 .text.render_scope
                0x000000000000a2ce       0x34 TankFu.o
                0x000000000000a2ce                render_scope
 .text.tank_map
                0x000000000000a302       0xd8 TankFu.o
                0x000000000000a302                tank_map
 .text.shot_map
                0x000000000000a3da       0x54 TankFu.o
                0x000000000000a3da                shot_map
 .text.recoil_sprite
                0x000000000000a42e       0x9c TankFu.o
                0x000000000000a42e                recoil_sprite
 .text.recoil_sprite_fine
                0x000000000000a4ca       0x58 TankFu.o
                0x000000000000a4ca                recoil_sprite_fine
 .text.solid_square_tile
                0x000000000000a522       0x24 TankFu.o
                0x000000000000a522                solid_square_tile
 .text.solid_directional_tile
                0x000000000000a546       0x2c TankFu.o
                0x000000000000a546                solid_directional_tile
 .text.solid_tile
                0x000000000000a572       0x28 TankFu.o
                0x000000000000a572                solid_tile
 .text.collides_directional_tile
                0x000000000000a59a      0x392 TankFu.o
                0x000000000000a59a                collides_directional_tile
 .text.player_shot
                0x000000000000a92c       0x96 TankFu.o
                0x000000000000a92c                player_shot
 .text.turret_shot
                0x000000000000a9c2       0x7a TankFu.o
                0x000000000000a9c2                turret_shot
 .text.collision_detect_boundries
                0x000000000000aa3c       0x34 TankFu.o
                0x000000000000aa3c                collision_detect_boundries
 .text.drop_item
                0x000000000000aa70       0x68 TankFu.o
                0x000000000000aa70                drop_item
 .text.kill_player
                0x000000000000aad8       0xb8 TankFu.o
                0x000000000000aad8                kill_player
 .text.get_interesting_tile_indexes_shot
                0x000000000000ab90       0x44 TankFu.o
                0x000000000000ab90                get_interesting_tile_indexes_shot
 .text.explode_tile
                0x000000000000abd4       0x7c TankFu.o
                0x000000000000abd4                explode_tile
 .text.richochet
                0x000000000000ac50       0x42 TankFu.o
                0x000000000000ac50                richochet
 .text.get_interesting_tile_indexes
                0x000000000000ac92       0x60 TankFu.o
                0x000000000000ac92                get_interesting_tile_indexes
 .text.explode_player
                0x000000000000acf2       0x48 TankFu.o
                0x000000000000acf2                explode_player
 .text.slide    0x000000000000ad3a       0xd0 TankFu.o
                0x000000000000ad3a                slide
 .text.load_level_tiles
                0x000000000000ae0a       0xe6 TankFu.o
                0x000000000000ae0a                load_level_tiles
 .text.prep_player
                0x000000000000aef0       0x32 TankFu.o
                0x000000000000aef0                prep_player
 .text.load_level
                0x000000000000af22      0x166 TankFu.o
                0x000000000000af22                load_level
 .text.level_transition
                0x000000000000b088       0x60 TankFu.o
                0x000000000000b088                level_transition
 .text.render_boss_fight_scope_load
                0x000000000000b0e8       0x26 TankFu.o
                0x000000000000b0e8                render_boss_fight_scope_load
 .text.render_boss_fight_sub_load
                0x000000000000b10e       0x42 TankFu.o
                0x000000000000b10e                render_boss_fight_sub_load
 .text.render_boss_fight_sub_sinking
                0x000000000000b150       0x2a TankFu.o
                0x000000000000b150                render_boss_fight_sub_sinking
 .text.render_boss_turret
                0x000000000000b17a       0x32 TankFu.o
                0x000000000000b17a                render_boss_turret
 .text.render_boss_turret_shot
                0x000000000000b1ac       0x32 TankFu.o
                0x000000000000b1ac                render_boss_turret_shot
 .text.update_turret
                0x000000000000b1de       0x9c TankFu.o
                0x000000000000b1de                update_turret
 .text.load_splash
                0x000000000000b27a       0x98 TankFu.o
                0x000000000000b27a                load_splash
 .text.select_pressed
                0x000000000000b312       0x14 TankFu.o
                0x000000000000b312                select_pressed
 .text.load_tank_rank
                0x000000000000b326      0x136 TankFu.o
                0x000000000000b326                load_tank_rank
 .text.exit_game
                0x000000000000b45c       0x10 TankFu.o
                0x000000000000b45c                exit_game
 .text.resolve_scoring
                0x000000000000b46c      0x18a TankFu.o
                0x000000000000b46c                resolve_scoring
 .text.update_tank_rank
                0x000000000000b5f6       0xc4 TankFu.o
                0x000000000000b5f6                update_tank_rank
 .text._handle_select_render_helper
                0x000000000000b6ba      0x17a TankFu.o
                0x000000000000b6ba                _handle_select_render_helper
 .text.load_handle_select
                0x000000000000b834      0x122 TankFu.o
                0x000000000000b834                load_handle_select
 .text.load_host_net_game
                0x000000000000b956       0x7e TankFu.o
                0x000000000000b956                load_host_net_game
 .text.update_host_net_game
                0x000000000000b9d4       0x58 TankFu.o
                0x000000000000b9d4                update_host_net_game
 .text.load_join_net_game
                0x000000000000ba2c       0x68 TankFu.o
                0x000000000000ba2c                load_join_net_game
 .text.update_splash
                0x000000000000ba94      0x268 TankFu.o
                0x000000000000ba94                update_splash
 .text.update_join_net_game
                0x000000000000bcfc      0x1b4 TankFu.o
                0x000000000000bcfc                update_join_net_game
 .text.button_map
                0x000000000000beb0       0x2c TankFu.o
                0x000000000000beb0                button_map
 .text.crash_and_turn
                0x000000000000bedc      0x200 TankFu.o
                0x000000000000bedc                crash_and_turn
 .text.get_cpu_goal_direction
                0x000000000000c0dc       0x66 TankFu.o
                0x000000000000c0dc                get_cpu_goal_direction
 .text.get_cpu_joypad_state
                0x000000000000c142      0x468 TankFu.o
                0x000000000000c142                get_cpu_joypad_state
 .text.stream_text_middle
                0x000000000000c5aa       0x80 TankFu.o
                0x000000000000c5aa                stream_text_middle
 .text.load_credits
                0x000000000000c62a       0x24 TankFu.o
                0x000000000000c62a                load_credits
 .text.send_net_message
                0x000000000000c64e       0x3e TankFu.o
                0x000000000000c64e                send_net_message
 .text.send_smart_net_message
                0x000000000000c68c       0x26 TankFu.o
                0x000000000000c68c                send_smart_net_message
 .text.get_net_message
                0x000000000000c6b2      0x276 TankFu.o
                0x000000000000c6b2                get_net_message
 .text.is_net_player
                0x000000000000c928       0x24 TankFu.o
                0x000000000000c928                is_net_player
 .text.collision_detect_shot
                0x000000000000c94c      0x444 TankFu.o
                0x000000000000c94c                collision_detect_shot
 .text.update_player
                0x000000000000cd90      0x2b6 TankFu.o
                0x000000000000cd90                update_player
 .text.collision_detect_player
                0x000000000000d046      0x3ca TankFu.o
                0x000000000000d046                collision_detect_player
 .text.update_turret_shot
                0x000000000000d410       0xca TankFu.o
                0x000000000000d410                update_turret_shot
 .text.update_level
                0x000000000000d4da      0x468 TankFu.o
                0x000000000000d4da                update_level
 .text._handle_select_helper
                0x000000000000d942      0x298 TankFu.o
                0x000000000000d942                _handle_select_helper
 .text.update_handle_select
                0x000000000000dbda       0xbc TankFu.o
                0x000000000000dbda                update_handle_select
 .text.player_posture_changed
                0x000000000000dc96       0x22 TankFu.o
                0x000000000000dc96                player_posture_changed
 .text.startup.main
                0x000000000000dcb8      0x1e6 TankFu.o
                0x000000000000dcb8                main
 .text.libgcc.div
                0x000000000000de9e       0x18 /usr/local/lib/gcc/avr/4.9.2/avr5/libgcc.a(_udivmodqi4.o)
                0x000000000000de9e                __udivmodqi4
 .text.libgcc.div
                0x000000000000deb6       0x1c /usr/local/lib/gcc/avr/4.9.2/avr5/libgcc.a(_divmodqi4.o)
                0x000000000000deb6                __divmodqi4
 .text.libgcc.div
                0x000000000000ded2       0x28 /usr/local/lib/gcc/avr/4.9.2/avr5/libgcc.a(_udivmodhi4.o)
                0x000000000000ded2                __udivmodhi4
 .text.libgcc.div
                0x000000000000defa       0x28 /usr/local/lib/gcc/avr/4.9.2/avr5/libgcc.a(_divmodhi4.o)
                0x000000000000defa                __divmodhi4
                0x000000000000defa                _div
 .text.avr-libc
                0x000000000000df22       0x12 /usr/local/lib/gcc/avr/4.9.2/../../../../avr/lib/avr5/libc.a(memcpy_P.o)
                0x000000000000df22                memcpy_P
 .text.avr-libc
                0x000000000000df34       0x16 /usr/local/lib/gcc/avr/4.9.2/../../../../avr/lib/avr5/libc.a(strnlen_P.o)
                0x000000000000df34                strnlen_P
 .text.avr-libc
                0x000000000000df4a       0x14 /usr/local/lib/gcc/avr/4.9.2/../../../../avr/lib/avr5/libc.a(strupr.o)
                0x000000000000df4a                strupr
 .text.avr-libc
                0x000000000000df5e       0x46 /usr/local/lib/gcc/avr/4.9.2/../../../../avr/lib/avr5/libc.a(sprintf.o)
                0x000000000000df5e                sprintf
 .text.avr-libc
                0x000000000000dfa4      0x3a4 /usr/local/lib/gcc/avr/4.9.2/../../../../avr/lib/avr5/libc.a(vfprintf_std.o)
                0x000000000000dfa4                vfprintf
 .text.avr-libc
                0x000000000000e348       0x16 /usr/local/lib/gcc/avr/4.9.2/../../../../avr/lib/avr5/libc.a(strnlen.o)
                0x000000000000e348                strnlen
 .text.avr-libc
                0x000000000000e35e       0x70 /usr/local/lib/gcc/avr/4.9.2/../../../../avr/lib/avr5/libc.a(fputc.o)
                0x000000000000e35e                fputc
 .text.avr-libc
                0x000000000000e3ce       0xbc /usr/local/lib/gcc/avr/4.9.2/../../../../avr/lib/avr5/libc.a(ultoa_invert.o)
                0x000000000000e3ce                __ultoa_invert
 .text.libgcc.prologue
                0x000000000000e48a       0x38 /usr/local/lib/gcc/avr/4.9.2/avr5/libgcc.a(_prologue.o)
                0x000000000000e48a                __prologue_saves__
 .text.libgcc.prologue
                0x000000000000e4c2       0x36 /usr/local/lib/gcc/avr/4.9.2/avr5/libgcc.a(_epilogue.o)
                0x000000000000e4c2                __epilogue_restores__
                0x000000000000e4f8                . = ALIGN (0x2)
 *(.fini9)
 .fini9         0x000000000000e4f8        0x0 /usr/local/lib/gcc/avr/4.9.2/avr5/libgcc.a(_exit.o)
                0x000000000000e4f8                exit
                0x000000000000e4f8                _exit
 *(.fini9)
 *(.fini8)
 *(.fini8)
 *(.fini7)
 *(.fini7)
 *(.fini6)
 *(.fini6)
 *(.fini5)
 *(.fini5)
 *(.fini4)
 *(.fini4)
 *(.fini3)
 *(.fini3)
 *(.fini2)
 *(.fini2)
 *(.fini1)
 *(.fini1)
 *(.fini0)
 .fini0         0x000000000000e4f8        0x4 /usr/local/lib/gcc/avr/4.9.2/avr5/libgcc.a(_exit.o)
 *(.fini0)
                0x000000000000e4fc                _etext = .

.data           0x0000000000800100       0x54 load address 0x000000000000e4fc
                0x0000000000800100                PROVIDE (__data_start, .)
 *(.data)
 .data          0x0000000000800100        0x1 uzeboxVideoEngine.o
 .data          0x0000000000800101        0xc TankFu.o
                0x0000000000800101                gameIdIndex
                0x0000000000800102                gameId
                0x000000000080010b                global_frame_counter
 *(.data*)
 *(.rodata)
 *(.rodata*)
 .rodata.str1.1
                0x000000000080010d       0x46 TankFu.o
 *(.gnu.linkonce.d*)
                0x0000000000800154                . = ALIGN (0x2)
 *fill*         0x0000000000800153        0x1 
                0x0000000000800154                _edata = .
                0x0000000000800154                PROVIDE (__data_end, .)

.bss            0x0000000000800154      0xecd
                0x0000000000800154                PROVIDE (__bss_start, .)
 *(.bss)
 *fill*         0x0000000000800154        0xc 
 .bss           0x0000000000800160      0x8e0 uzeboxVideoEngineCore.o
                0x0000000000800160                vram
                0x00000000008004a8                sprites
                0x00000000008004a8                overlay_vram
                0x00000000008004d0                ram_tiles
                0x00000000008009d0                ram_tiles_restore
                0x0000000000800a0c                free_tile_index
                0x0000000000800a0d                user_ram_tiles_c
                0x0000000000800a0e                user_ram_tiles_c_tmp
                0x0000000000800a0f                sprites_tile_banks
                0x0000000000800a1a                Screen
                0x0000000000800a1e                sync_phase
                0x0000000000800a1f                sync_pulse
                0x0000000000800a20                sync_flags
                0x0000000000800a25                first_render_line
                0x0000000000800a26                render_lines_count
                0x0000000000800a27                joypad1_status_lo
                0x0000000000800a29                joypad1_status_hi
                0x0000000000800a2b                joypad2_status_lo
                0x0000000000800a2d                joypad2_status_hi
 .bss           0x0000000000800a40        0x2 uzeboxCore.o
 .bss           0x0000000000800a42        0x1 uzeboxSoundEngine.o
                0x0000000000800a42                playSong
 .bss           0x0000000000800a43       0x19 uzeboxSoundEngineCore.o
                0x0000000000800a43                sound_enabled
                0x0000000000800a44                mixer
                0x0000000000800a57                tr4_params
                0x0000000000800a58                tr4_barrel_lo
                0x0000000000800a59                tr4_barrel_hi
 .bss           0x0000000000800a5c        0x4 TankFu.o
                0x0000000000800a5c                p_prev
 *(.bss*)
 *(COMMON)
 COMMON         0x0000000000800a60       0x65 uzeboxCore.o
                0x0000000000800a60                uart_tx_buf
                0x0000000000800a80                joypadsConnectionStatus
                0x0000000000800a81                uart_rx_head
                0x0000000000800a82                uart_tx_head
                0x0000000000800a83                uart_rx_tail
                0x0000000000800a84                uart_rx_buf
                0x0000000000800ac4                uart_tx_tail
 COMMON         0x0000000000800ac5       0x6c uzeboxSoundEngine.o
                0x0000000000800ac5                songStart
                0x0000000000800ac7                tracks
                0x0000000000800b23                currDeltaTime
                0x0000000000800b25                patchPointers
                0x0000000000800b27                lastStatus
                0x0000000000800b28                masterVolume
                0x0000000000800b29                nextDeltaTime
                0x0000000000800b2b                songSpeed
                0x0000000000800b2c                songPos
                0x0000000000800b2e                loopStart
                0x0000000000800b30                step
 COMMON         0x0000000000800b31        0x5 uzeboxVideoEngine.o
                0x0000000000800b31                fadeSpeed
                0x0000000000800b32                fadeDir
                0x0000000000800b33                fadeActive
                0x0000000000800b34                currFadeFrame
                0x0000000000800b35                fadeStep
 COMMON         0x0000000000800b36      0x4eb TankFu.o
                0x0000000000800b36                scores
                0x0000000000800b56                p2s
                0x0000000000800b5c                handles
                0x0000000000800b7c                game
                0x0000000000800b90                tile_animations
                0x0000000000800bad                wifi_status
                0x0000000000800bae                player1
                0x0000000000800c30                level
                0x0000000000800f1f                player2
                0x0000000000800fa1                sub_animation
                0x0000000000800faf                scope_animation
                0x0000000000800fbd                p1s
                0x0000000000800fc3                turret2
                0x0000000000800ff2                turret1
                0x0000000000801021                PROVIDE (__bss_end, .)
                0x000000000000e4fc                __data_load_start = LOADADDR (.data)
                0x000000000000e550                __data_load_end = (__data_load_start + SIZEOF (.data))

.noinit         0x0000000000801021        0x0
                0x0000000000801021                PROVIDE (__noinit_start, .)
 *(.noinit*)
                0x0000000000801021                PROVIDE (__noinit_end, .)
                0x0000000000801021                _end = .
                0x0000000000801021                PROVIDE (__heap_start, .)

.eeprom         0x0000000000810000        0x0
 *(.eeprom*)
                0x0000000000810000                __eeprom_end = .

.fuse
 *(.fuse)
 *(.lfuse)
 *(.hfuse)
 *(.efuse)

.lock
 *(.lock*)

.signature
 *(.signature*)

.stab           0x0000000000000000      0x9b4
 *(.stab)
 .stab          0x0000000000000000       0xf0 /usr/local/lib/gcc/avr/4.9.2/avr5/libgcc.a(_udivmodqi4.o)
 .stab          0x00000000000000f0       0xf0 /usr/local/lib/gcc/avr/4.9.2/avr5/libgcc.a(_divmodqi4.o)
                                         0xfc (size before relaxing)
 .stab          0x00000000000001e0      0x15c /usr/local/lib/gcc/avr/4.9.2/avr5/libgcc.a(_udivmodhi4.o)
                                        0x168 (size before relaxing)
 .stab          0x000000000000033c      0x138 /usr/local/lib/gcc/avr/4.9.2/avr5/libgcc.a(_divmodhi4.o)
                                        0x144 (size before relaxing)
 .stab          0x0000000000000474       0x6c /usr/local/lib/gcc/avr/4.9.2/avr5/libgcc.a(_exit.o)
                                         0x78 (size before relaxing)
 .stab          0x00000000000004e0       0xd8 /usr/local/lib/gcc/avr/4.9.2/avr5/libgcc.a(_copy_data.o)
                                         0xe4 (size before relaxing)
 .stab          0x00000000000005b8       0xb4 /usr/local/lib/gcc/avr/4.9.2/avr5/libgcc.a(_clear_bss.o)
                                         0xc0 (size before relaxing)
 .stab          0x000000000000066c      0x1a4 /usr/local/lib/gcc/avr/4.9.2/avr5/libgcc.a(_prologue.o)
                                        0x1b0 (size before relaxing)
 .stab          0x0000000000000810      0x1a4 /usr/local/lib/gcc/avr/4.9.2/avr5/libgcc.a(_epilogue.o)
                                        0x1b0 (size before relaxing)

.stabstr        0x0000000000000000      0x34b
 *(.stabstr)
 .stabstr       0x0000000000000000      0x34b /usr/local/lib/gcc/avr/4.9.2/avr5/libgcc.a(_udivmodqi4.o)

.stab.excl
 *(.stab.excl)

.stab.exclstr
 *(.stab.exclstr)

.stab.index
 *(.stab.index)

.stab.indexstr
 *(.stab.indexstr)

.comment        0x0000000000000000       0x11
 *(.comment)
 .comment       0x0000000000000000       0x11 uzeboxCore.o
                                         0x12 (size before relaxing)
 .comment       0x0000000000000011       0x12 uzeboxSoundEngine.o
 .comment       0x0000000000000011       0x12 uzeboxVideoEngine.o
 .comment       0x0000000000000011       0x12 TankFu.o
 .comment       0x0000000000000011       0x12 /usr/local/lib/gcc/avr/4.9.2/../../../../avr/lib/avr5/libc.a(sprintf.o)
 .comment       0x0000000000000011       0x12 /usr/local/lib/gcc/avr/4.9.2/../../../../avr/lib/avr5/libc.a(vfprintf_std.o)
 .comment       0x0000000000000011       0x12 /usr/local/lib/gcc/avr/4.9.2/../../../../avr/lib/avr5/libc.a(fputc.o)

.note.gnu.build-id
 *(.note.gnu.build-id)

.debug
 *(.debug)

.line
 *(.line)

.debug_srcinfo
 *(.debug_srcinfo)

.debug_sfnames
 *(.debug_sfnames)

.debug_aranges  0x0000000000000000      0x808
 *(.debug_aranges)
 .debug_aranges
                0x0000000000000000       0xf8 uzeboxVideoEngineCore.o
 .debug_aranges
                0x00000000000000f8       0xd8 uzeboxCore.o
 .debug_aranges
                0x00000000000001d0      0x100 uzeboxSoundEngine.o
 .debug_aranges
                0x00000000000002d0       0x50 uzeboxSoundEngineCore.o
 .debug_aranges
                0x0000000000000320       0xf8 uzeboxVideoEngine.o
 .debug_aranges
                0x0000000000000418      0x3f0 TankFu.o

.debug_pubnames
 *(.debug_pubnames)

.debug_info     0x0000000000000000     0xc0ee
 *(.debug_info .gnu.linkonce.wi.*)
 .debug_info    0x0000000000000000      0x672 /usr/local/lib/gcc/avr/4.9.2/../../../../avr/lib/avr5/crtm644.o
 .debug_info    0x0000000000000672       0x7d uzeboxVideoEngineCore.o
 .debug_info    0x00000000000006ef      0xcd2 uzeboxCore.o
 .debug_info    0x00000000000013c1     0x1216 uzeboxSoundEngine.o
 .debug_info    0x00000000000025d7       0x74 uzeboxSoundEngineCore.o
 .debug_info    0x000000000000264b     0x124f uzeboxVideoEngine.o
 .debug_info    0x000000000000389a     0x8854 TankFu.o

.debug_abbrev   0x0000000000000000     0x16f9
 *(.debug_abbrev)
 .debug_abbrev  0x0000000000000000      0x619 /usr/local/lib/gcc/avr/4.9.2/../../../../avr/lib/avr5/crtm644.o
 .debug_abbrev  0x0000000000000619       0x12 uzeboxVideoEngineCore.o
 .debug_abbrev  0x000000000000062b      0x36c uzeboxCore.o
 .debug_abbrev  0x0000000000000997      0x35c uzeboxSoundEngine.o
 .debug_abbrev  0x0000000000000cf3       0x12 uzeboxSoundEngineCore.o
 .debug_abbrev  0x0000000000000d05      0x3c6 uzeboxVideoEngine.o
 .debug_abbrev  0x00000000000010cb      0x62e TankFu.o

.debug_line     0x0000000000000000     0x2949
 *(.debug_line .debug_line.* .debug_line_end)
 .debug_line    0x0000000000000000       0x1d /usr/local/lib/gcc/avr/4.9.2/../../../../avr/lib/avr5/crtm644.o
 .debug_line    0x000000000000001d      0x52b uzeboxVideoEngineCore.o
 .debug_line    0x0000000000000548      0x369 uzeboxCore.o
 .debug_line    0x00000000000008b1      0x3e2 uzeboxSoundEngine.o
 .debug_line    0x0000000000000c93      0x1ae uzeboxSoundEngineCore.o
 .debug_line    0x0000000000000e41      0x449 uzeboxVideoEngine.o
 .debug_line    0x000000000000128a     0x16bf TankFu.o

.debug_frame    0x0000000000000000     0x1938
 *(.debug_frame)
 .debug_frame   0x0000000000000000      0x25c uzeboxCore.o
 .debug_frame   0x000000000000025c      0x284 uzeboxSoundEngine.o
 .debug_frame   0x00000000000004e0      0x47c uzeboxVideoEngine.o
 .debug_frame   0x000000000000095c      0xfdc TankFu.o

.debug_str      0x0000000000000000     0x231e
 *(.debug_str)
 .debug_str     0x0000000000000000      0x231 /usr/local/lib/gcc/avr/4.9.2/../../../../avr/lib/avr5/crtm644.o
 .debug_str     0x0000000000000231      0x5a7 uzeboxCore.o
                                        0x60d (size before relaxing)
 .debug_str     0x00000000000007d8      0x40a uzeboxSoundEngine.o
                                        0x646 (size before relaxing)
 .debug_str     0x0000000000000be2      0x2f6 uzeboxVideoEngine.o
                                        0x481 (size before relaxing)
 .debug_str     0x0000000000000ed8     0x1446 TankFu.o
                                       0x18e9 (size before relaxing)

.debug_loc      0x0000000000000000     0xaa0d
 *(.debug_loc)
 .debug_loc     0x0000000000000000      0xa8c uzeboxCore.o
 .debug_loc     0x0000000000000a8c     0x1063 uzeboxSoundEngine.o
 .debug_loc     0x0000000000001aef     0x1b45 uzeboxVideoEngine.o
 .debug_loc     0x0000000000003634     0x73d9 TankFu.o

.debug_macinfo
 *(.debug_macinfo)

.debug_weaknames
 *(.debug_weaknames)

.debug_funcnames
 *(.debug_funcnames)

.debug_typenames
 *(.debug_typenames)

.debug_varnames
 *(.debug_varnames)

.debug_pubtypes
 *(.debug_pubtypes)

.debug_ranges   0x0000000000000000      0x938
 *(.debug_ranges)
 .debug_ranges  0x0000000000000000       0xf0 uzeboxVideoEngineCore.o
 .debug_ranges  0x00000000000000f0       0xe0 uzeboxCore.o
 .debug_ranges  0x00000000000001d0      0x138 uzeboxSoundEngine.o
 .debug_ranges  0x0000000000000308       0x48 uzeboxSoundEngineCore.o
 .debug_ranges  0x0000000000000350      0x118 uzeboxVideoEngine.o
 .debug_ranges  0x0000000000000468      0x4d0 TankFu.o

.debug_macro
 *(.debug_macro)
OUTPUT(TankFu.elf elf32-avr)
LOAD linker stubs
