Archive member included to satisfy reference by file (symbol)

/usr/local/lib/gcc/avr/4.9.2/avr5/libgcc.a(_udivmodqi4.o)
                              uzeboxVideoEngine.o (__udivmodqi4)
/usr/local/lib/gcc/avr/4.9.2/avr5/libgcc.a(_udivmodhi4.o)
                              uzeboxVideoEngine.o (__udivmodhi4)
/usr/local/lib/gcc/avr/4.9.2/avr5/libgcc.a(_divmodhi4.o)
                              uzeboxSoundEngine.o (__divmodhi4)
/usr/local/lib/gcc/avr/4.9.2/avr5/libgcc.a(_udivmodsi4.o)
                              uzeboxVideoEngine.o (__udivmodsi4)
/usr/local/lib/gcc/avr/4.9.2/avr5/libgcc.a(_exit.o)
                              /usr/local/lib/gcc/avr/4.9.2/../../../../avr/lib/avr5/crtm644.o (exit)
/usr/local/lib/gcc/avr/4.9.2/avr5/libgcc.a(_tablejump2.o)
                              TankFu.o (__tablejump2__)
/usr/local/lib/gcc/avr/4.9.2/avr5/libgcc.a(_copy_data.o)
                              uzeboxVideoEngine.o (__do_copy_data)
/usr/local/lib/gcc/avr/4.9.2/avr5/libgcc.a(_clear_bss.o)
                              uzeboxCore.o (__do_clear_bss)
/usr/local/lib/gcc/avr/4.9.2/../../../../avr/lib/avr5/libm.a(addsf3.o)
                              TankFu.o (__subsf3)
/usr/local/lib/gcc/avr/4.9.2/../../../../avr/lib/avr5/libm.a(addsf3x.o)
                              /usr/local/lib/gcc/avr/4.9.2/../../../../avr/lib/avr5/libm.a(addsf3.o) (__addsf3x)
/usr/local/lib/gcc/avr/4.9.2/../../../../avr/lib/avr5/libm.a(cmpsf2.o)
                              TankFu.o (__eqsf2)
/usr/local/lib/gcc/avr/4.9.2/../../../../avr/lib/avr5/libm.a(divsf3.o)
                              TankFu.o (__divsf3)
/usr/local/lib/gcc/avr/4.9.2/../../../../avr/lib/avr5/libm.a(divsf3x.o)
                              /usr/local/lib/gcc/avr/4.9.2/../../../../avr/lib/avr5/libm.a(divsf3.o) (__divsf3x)
/usr/local/lib/gcc/avr/4.9.2/../../../../avr/lib/avr5/libm.a(fixsfsi.o)
                              TankFu.o (__fixsfsi)
/usr/local/lib/gcc/avr/4.9.2/../../../../avr/lib/avr5/libm.a(fixunssfsi.o)
                              TankFu.o (__fixunssfsi)
/usr/local/lib/gcc/avr/4.9.2/../../../../avr/lib/avr5/libm.a(floatsisf.o)
                              TankFu.o (__floatunsisf)
/usr/local/lib/gcc/avr/4.9.2/../../../../avr/lib/avr5/libm.a(fp_cmp.o)
                              /usr/local/lib/gcc/avr/4.9.2/../../../../avr/lib/avr5/libm.a(cmpsf2.o) (__fp_cmp)
/usr/local/lib/gcc/avr/4.9.2/../../../../avr/lib/avr5/libm.a(fp_inf.o)
                              /usr/local/lib/gcc/avr/4.9.2/../../../../avr/lib/avr5/libm.a(addsf3x.o) (__fp_inf)
/usr/local/lib/gcc/avr/4.9.2/../../../../avr/lib/avr5/libm.a(fp_nan.o)
                              /usr/local/lib/gcc/avr/4.9.2/../../../../avr/lib/avr5/libm.a(addsf3x.o) (__fp_nan)
/usr/local/lib/gcc/avr/4.9.2/../../../../avr/lib/avr5/libm.a(fp_pscA.o)
                              /usr/local/lib/gcc/avr/4.9.2/../../../../avr/lib/avr5/libm.a(addsf3x.o) (__fp_pscA)
/usr/local/lib/gcc/avr/4.9.2/../../../../avr/lib/avr5/libm.a(fp_pscB.o)
                              /usr/local/lib/gcc/avr/4.9.2/../../../../avr/lib/avr5/libm.a(addsf3x.o) (__fp_pscB)
/usr/local/lib/gcc/avr/4.9.2/../../../../avr/lib/avr5/libm.a(fp_round.o)
                              /usr/local/lib/gcc/avr/4.9.2/../../../../avr/lib/avr5/libm.a(addsf3.o) (__fp_round)
/usr/local/lib/gcc/avr/4.9.2/../../../../avr/lib/avr5/libm.a(fp_split3.o)
                              /usr/local/lib/gcc/avr/4.9.2/../../../../avr/lib/avr5/libm.a(addsf3x.o) (__fp_split3)
/usr/local/lib/gcc/avr/4.9.2/../../../../avr/lib/avr5/libm.a(fp_zero.o)
                              /usr/local/lib/gcc/avr/4.9.2/../../../../avr/lib/avr5/libm.a(addsf3x.o) (__fp_zero)
/usr/local/lib/gcc/avr/4.9.2/../../../../avr/lib/avr5/libm.a(gesf2.o)
                              TankFu.o (__gesf2)
/usr/local/lib/gcc/avr/4.9.2/../../../../avr/lib/avr5/libm.a(mulsf3.o)
                              TankFu.o (__mulsf3)
/usr/local/lib/gcc/avr/4.9.2/../../../../avr/lib/avr5/libm.a(mulsf3x.o)
                              /usr/local/lib/gcc/avr/4.9.2/../../../../avr/lib/avr5/libm.a(mulsf3.o) (__mulsf3x)
/usr/local/lib/gcc/avr/4.9.2/../../../../avr/lib/avr5/libc.a(memcpy_P.o)
                              TankFu.o (memcpy_P)

Allocating common symbols
Common symbol       size              file

songStart           0x2               uzeboxSoundEngine.o
tracks              0x6e              uzeboxSoundEngine.o
scores              0x20              TankFu.o
fadeSpeed           0x1               uzeboxVideoEngine.o
p2                  0x7               TankFu.o
currDeltaTime       0x2               uzeboxSoundEngine.o
fadeDir             0x1               uzeboxVideoEngine.o
patchPointers       0x2               uzeboxSoundEngine.o
handles             0x20              TankFu.o
game                0x4               TankFu.o
tile_animations     0x19              TankFu.o
lastStatus          0x1               uzeboxSoundEngine.o
joypadsConnectionStatus
                    0x1               uzeboxCore.o
free_tile_index     0x1               uzeboxVideoEngine.o
player1             0x7e              TankFu.o
fadeActive          0x1               uzeboxVideoEngine.o
p1                  0x7               TankFu.o
masterVolume        0x1               uzeboxSoundEngine.o
nextDeltaTime       0x2               uzeboxSoundEngine.o
songSpeed           0x1               uzeboxSoundEngine.o
songPos             0x2               uzeboxSoundEngine.o
level               0x2ef             TankFu.o
player2             0x7e              TankFu.o
loopStart           0x2               uzeboxSoundEngine.o
step                0x1               uzeboxSoundEngine.o
currFadeFrame       0x1               uzeboxVideoEngine.o
fadeStep            0x1               uzeboxVideoEngine.o

Discarded input sections

 .data          0x0000000000000000        0x0 /usr/local/lib/gcc/avr/4.9.2/../../../../avr/lib/avr5/crtm644.o
 .bss           0x0000000000000000        0x0 /usr/local/lib/gcc/avr/4.9.2/../../../../avr/lib/avr5/crtm644.o
 .data          0x0000000000000000        0x0 uzeboxVideoEngineCore.o
 .text.SetSpritesTileBank
                0x0000000000000000       0x12 uzeboxVideoEngineCore.o
 .text.GetTile  0x0000000000000000       0x1e uzeboxVideoEngineCore.o
 .text.SetUserPreVsyncCallback
                0x0000000000000000        0xa uzeboxVideoEngineCore.o
 .text.SetUserPostVsyncCallback
                0x0000000000000000        0xa uzeboxVideoEngineCore.o
 .text.IsRunningInEmulator
                0x0000000000000000       0x12 uzeboxVideoEngineCore.o
 .text.WaitClocks
                0x0000000000000000        0x6 uzeboxVideoEngineCore.o
 .text.SetLedOn
                0x0000000000000000        0x4 uzeboxVideoEngineCore.o
 .text.SetLedOff
                0x0000000000000000        0x4 uzeboxVideoEngineCore.o
 .text.ToggleLed
                0x0000000000000000        0x4 uzeboxVideoEngineCore.o
 .text.internal_spi_byte
                0x0000000000000000        0xe uzeboxVideoEngineCore.o
 .text          0x0000000000000000        0x0 uzeboxCore.o
 .data          0x0000000000000000        0x0 uzeboxCore.o
 .bss           0x0000000000000000        0x0 uzeboxCore.o
 .text.SetRenderingParameters
                0x0000000000000000        0xa uzeboxCore.o
 .text.DetectControllers
                0x0000000000000000       0x36 uzeboxCore.o
 .text.FormatEeprom2
                0x0000000000000000       0x98 uzeboxCore.o
 .text.ReadPowerSwitch
                0x0000000000000000        0xe uzeboxCore.o
 .text          0x0000000000000000        0x0 uzeboxSoundEngine.o
 .data          0x0000000000000000        0x0 uzeboxSoundEngine.o
 .text.StartSong
                0x0000000000000000       0x4e uzeboxSoundEngine.o
 .text.StopSong
                0x0000000000000000       0x1a uzeboxSoundEngine.o
 .text.ResumeSong
                0x0000000000000000        0x8 uzeboxSoundEngine.o
 .text.SetSongSpeed
                0x0000000000000000        0x6 uzeboxSoundEngine.o
 .text.GetSongSpeed
                0x0000000000000000        0x6 uzeboxSoundEngine.o
 .text.TriggerFx
                0x0000000000000000       0x7e uzeboxSoundEngine.o
 .text.GetMasterVolume
                0x0000000000000000        0x6 uzeboxSoundEngine.o
 .data          0x0000000000000000        0x0 uzeboxSoundEngineCore.o
 .text.SetMixerNoiseParams
                0x0000000000000000       0x10 uzeboxSoundEngineCore.o
 .text.SetMixerVolume
                0x0000000000000000       0x16 uzeboxSoundEngineCore.o
 .text.EnableSoundEngine
                0x0000000000000000        0x8 uzeboxSoundEngineCore.o
 .text          0x0000000000000000        0x0 uzeboxVideoEngine.o
 .bss           0x0000000000000000        0x0 uzeboxVideoEngine.o
 .text.MapSprite
                0x0000000000000000       0x80 uzeboxVideoEngine.o
 .text.DrawMap  0x0000000000000000       0x98 uzeboxVideoEngine.o
 .text.PrintLong
                0x0000000000000000       0x8a uzeboxVideoEngine.o
 .text.PrintInt
                0x0000000000000000       0x70 uzeboxVideoEngine.o
 .text.PrintBinaryByte
                0x0000000000000000       0x36 uzeboxVideoEngine.o
 .text.PrintHexByte
                0x0000000000000000       0x40 uzeboxVideoEngine.o
 .text.PrintHexInt
                0x0000000000000000       0x24 uzeboxVideoEngine.o
 .text.PrintHexLong
                0x0000000000000000       0x5e uzeboxVideoEngine.o
 .text.PrintRam
                0x0000000000000000       0x36 uzeboxVideoEngine.o
 .text.Fill     0x0000000000000000       0x6e uzeboxVideoEngine.o
 .text.FontFill
                0x0000000000000000       0x6c uzeboxVideoEngine.o
 .text          0x0000000000000000        0x0 TankFu.o
 .text.save_eeprom
                0x0000000000000000        0x4 TankFu.o
 .text.crash_and_turn
                0x0000000000000000        0x2 TankFu.o
 .text          0x0000000000000000        0x0 /usr/local/lib/gcc/avr/4.9.2/avr5/libgcc.a(_udivmodqi4.o)
 .data          0x0000000000000000        0x0 /usr/local/lib/gcc/avr/4.9.2/avr5/libgcc.a(_udivmodqi4.o)
 .bss           0x0000000000000000        0x0 /usr/local/lib/gcc/avr/4.9.2/avr5/libgcc.a(_udivmodqi4.o)
 .text.libgcc.mul
                0x0000000000000000        0x0 /usr/local/lib/gcc/avr/4.9.2/avr5/libgcc.a(_udivmodqi4.o)
 .text.libgcc   0x0000000000000000        0x0 /usr/local/lib/gcc/avr/4.9.2/avr5/libgcc.a(_udivmodqi4.o)
 .text.libgcc.prologue
                0x0000000000000000        0x0 /usr/local/lib/gcc/avr/4.9.2/avr5/libgcc.a(_udivmodqi4.o)
 .text.libgcc.builtins
                0x0000000000000000        0x0 /usr/local/lib/gcc/avr/4.9.2/avr5/libgcc.a(_udivmodqi4.o)
 .text.libgcc.fmul
                0x0000000000000000        0x0 /usr/local/lib/gcc/avr/4.9.2/avr5/libgcc.a(_udivmodqi4.o)
 .text.libgcc.fixed
                0x0000000000000000        0x0 /usr/local/lib/gcc/avr/4.9.2/avr5/libgcc.a(_udivmodqi4.o)
 .text          0x0000000000000000        0x0 /usr/local/lib/gcc/avr/4.9.2/avr5/libgcc.a(_udivmodhi4.o)
 .data          0x0000000000000000        0x0 /usr/local/lib/gcc/avr/4.9.2/avr5/libgcc.a(_udivmodhi4.o)
 .bss           0x0000000000000000        0x0 /usr/local/lib/gcc/avr/4.9.2/avr5/libgcc.a(_udivmodhi4.o)
 .text.libgcc.mul
                0x0000000000000000        0x0 /usr/local/lib/gcc/avr/4.9.2/avr5/libgcc.a(_udivmodhi4.o)
 .text.libgcc   0x0000000000000000        0x0 /usr/local/lib/gcc/avr/4.9.2/avr5/libgcc.a(_udivmodhi4.o)
 .text.libgcc.prologue
                0x0000000000000000        0x0 /usr/local/lib/gcc/avr/4.9.2/avr5/libgcc.a(_udivmodhi4.o)
 .text.libgcc.builtins
                0x0000000000000000        0x0 /usr/local/lib/gcc/avr/4.9.2/avr5/libgcc.a(_udivmodhi4.o)
 .text.libgcc.fmul
                0x0000000000000000        0x0 /usr/local/lib/gcc/avr/4.9.2/avr5/libgcc.a(_udivmodhi4.o)
 .text.libgcc.fixed
                0x0000000000000000        0x0 /usr/local/lib/gcc/avr/4.9.2/avr5/libgcc.a(_udivmodhi4.o)
 .text          0x0000000000000000        0x0 /usr/local/lib/gcc/avr/4.9.2/avr5/libgcc.a(_divmodhi4.o)
 .data          0x0000000000000000        0x0 /usr/local/lib/gcc/avr/4.9.2/avr5/libgcc.a(_divmodhi4.o)
 .bss           0x0000000000000000        0x0 /usr/local/lib/gcc/avr/4.9.2/avr5/libgcc.a(_divmodhi4.o)
 .text.libgcc.mul
                0x0000000000000000        0x0 /usr/local/lib/gcc/avr/4.9.2/avr5/libgcc.a(_divmodhi4.o)
 .text.libgcc   0x0000000000000000        0x0 /usr/local/lib/gcc/avr/4.9.2/avr5/libgcc.a(_divmodhi4.o)
 .text.libgcc.prologue
                0x0000000000000000        0x0 /usr/local/lib/gcc/avr/4.9.2/avr5/libgcc.a(_divmodhi4.o)
 .text.libgcc.builtins
                0x0000000000000000        0x0 /usr/local/lib/gcc/avr/4.9.2/avr5/libgcc.a(_divmodhi4.o)
 .text.libgcc.fmul
                0x0000000000000000        0x0 /usr/local/lib/gcc/avr/4.9.2/avr5/libgcc.a(_divmodhi4.o)
 .text.libgcc.fixed
                0x0000000000000000        0x0 /usr/local/lib/gcc/avr/4.9.2/avr5/libgcc.a(_divmodhi4.o)
 .text          0x0000000000000000        0x0 /usr/local/lib/gcc/avr/4.9.2/avr5/libgcc.a(_udivmodsi4.o)
 .data          0x0000000000000000        0x0 /usr/local/lib/gcc/avr/4.9.2/avr5/libgcc.a(_udivmodsi4.o)
 .bss           0x0000000000000000        0x0 /usr/local/lib/gcc/avr/4.9.2/avr5/libgcc.a(_udivmodsi4.o)
 .stab          0x0000000000000000      0x228 /usr/local/lib/gcc/avr/4.9.2/avr5/libgcc.a(_udivmodsi4.o)
                                        0x234 (size before relaxing)
 .text.libgcc.mul
                0x0000000000000000        0x0 /usr/local/lib/gcc/avr/4.9.2/avr5/libgcc.a(_udivmodsi4.o)
 .text.libgcc.div
                0x0000000000000000       0x44 /usr/local/lib/gcc/avr/4.9.2/avr5/libgcc.a(_udivmodsi4.o)
 .text.libgcc   0x0000000000000000        0x0 /usr/local/lib/gcc/avr/4.9.2/avr5/libgcc.a(_udivmodsi4.o)
 .text.libgcc.prologue
                0x0000000000000000        0x0 /usr/local/lib/gcc/avr/4.9.2/avr5/libgcc.a(_udivmodsi4.o)
 .text.libgcc.builtins
                0x0000000000000000        0x0 /usr/local/lib/gcc/avr/4.9.2/avr5/libgcc.a(_udivmodsi4.o)
 .text.libgcc.fmul
                0x0000000000000000        0x0 /usr/local/lib/gcc/avr/4.9.2/avr5/libgcc.a(_udivmodsi4.o)
 .text.libgcc.fixed
                0x0000000000000000        0x0 /usr/local/lib/gcc/avr/4.9.2/avr5/libgcc.a(_udivmodsi4.o)
 .text          0x0000000000000000        0x0 /usr/local/lib/gcc/avr/4.9.2/avr5/libgcc.a(_exit.o)
 .data          0x0000000000000000        0x0 /usr/local/lib/gcc/avr/4.9.2/avr5/libgcc.a(_exit.o)
 .bss           0x0000000000000000        0x0 /usr/local/lib/gcc/avr/4.9.2/avr5/libgcc.a(_exit.o)
 .text.libgcc.mul
                0x0000000000000000        0x0 /usr/local/lib/gcc/avr/4.9.2/avr5/libgcc.a(_exit.o)
 .text.libgcc.div
                0x0000000000000000        0x0 /usr/local/lib/gcc/avr/4.9.2/avr5/libgcc.a(_exit.o)
 .text.libgcc   0x0000000000000000        0x0 /usr/local/lib/gcc/avr/4.9.2/avr5/libgcc.a(_exit.o)
 .text.libgcc.prologue
                0x0000000000000000        0x0 /usr/local/lib/gcc/avr/4.9.2/avr5/libgcc.a(_exit.o)
 .text.libgcc.builtins
                0x0000000000000000        0x0 /usr/local/lib/gcc/avr/4.9.2/avr5/libgcc.a(_exit.o)
 .text.libgcc.fmul
                0x0000000000000000        0x0 /usr/local/lib/gcc/avr/4.9.2/avr5/libgcc.a(_exit.o)
 .text.libgcc.fixed
                0x0000000000000000        0x0 /usr/local/lib/gcc/avr/4.9.2/avr5/libgcc.a(_exit.o)
 .text          0x0000000000000000        0x0 /usr/local/lib/gcc/avr/4.9.2/avr5/libgcc.a(_tablejump2.o)
 .data          0x0000000000000000        0x0 /usr/local/lib/gcc/avr/4.9.2/avr5/libgcc.a(_tablejump2.o)
 .bss           0x0000000000000000        0x0 /usr/local/lib/gcc/avr/4.9.2/avr5/libgcc.a(_tablejump2.o)
 .text.libgcc.mul
                0x0000000000000000        0x0 /usr/local/lib/gcc/avr/4.9.2/avr5/libgcc.a(_tablejump2.o)
 .text.libgcc.div
                0x0000000000000000        0x0 /usr/local/lib/gcc/avr/4.9.2/avr5/libgcc.a(_tablejump2.o)
 .text.libgcc.prologue
                0x0000000000000000        0x0 /usr/local/lib/gcc/avr/4.9.2/avr5/libgcc.a(_tablejump2.o)
 .text.libgcc.builtins
                0x0000000000000000        0x0 /usr/local/lib/gcc/avr/4.9.2/avr5/libgcc.a(_tablejump2.o)
 .text.libgcc.fmul
                0x0000000000000000        0x0 /usr/local/lib/gcc/avr/4.9.2/avr5/libgcc.a(_tablejump2.o)
 .text.libgcc.fixed
                0x0000000000000000        0x0 /usr/local/lib/gcc/avr/4.9.2/avr5/libgcc.a(_tablejump2.o)
 .text          0x0000000000000000        0x0 /usr/local/lib/gcc/avr/4.9.2/avr5/libgcc.a(_copy_data.o)
 .data          0x0000000000000000        0x0 /usr/local/lib/gcc/avr/4.9.2/avr5/libgcc.a(_copy_data.o)
 .bss           0x0000000000000000        0x0 /usr/local/lib/gcc/avr/4.9.2/avr5/libgcc.a(_copy_data.o)
 .text.libgcc.mul
                0x0000000000000000        0x0 /usr/local/lib/gcc/avr/4.9.2/avr5/libgcc.a(_copy_data.o)
 .text.libgcc.div
                0x0000000000000000        0x0 /usr/local/lib/gcc/avr/4.9.2/avr5/libgcc.a(_copy_data.o)
 .text.libgcc   0x0000000000000000        0x0 /usr/local/lib/gcc/avr/4.9.2/avr5/libgcc.a(_copy_data.o)
 .text.libgcc.prologue
                0x0000000000000000        0x0 /usr/local/lib/gcc/avr/4.9.2/avr5/libgcc.a(_copy_data.o)
 .text.libgcc.builtins
                0x0000000000000000        0x0 /usr/local/lib/gcc/avr/4.9.2/avr5/libgcc.a(_copy_data.o)
 .text.libgcc.fmul
                0x0000000000000000        0x0 /usr/local/lib/gcc/avr/4.9.2/avr5/libgcc.a(_copy_data.o)
 .text.libgcc.fixed
                0x0000000000000000        0x0 /usr/local/lib/gcc/avr/4.9.2/avr5/libgcc.a(_copy_data.o)
 .text          0x0000000000000000        0x0 /usr/local/lib/gcc/avr/4.9.2/avr5/libgcc.a(_clear_bss.o)
 .data          0x0000000000000000        0x0 /usr/local/lib/gcc/avr/4.9.2/avr5/libgcc.a(_clear_bss.o)
 .bss           0x0000000000000000        0x0 /usr/local/lib/gcc/avr/4.9.2/avr5/libgcc.a(_clear_bss.o)
 .text.libgcc.mul
                0x0000000000000000        0x0 /usr/local/lib/gcc/avr/4.9.2/avr5/libgcc.a(_clear_bss.o)
 .text.libgcc.div
                0x0000000000000000        0x0 /usr/local/lib/gcc/avr/4.9.2/avr5/libgcc.a(_clear_bss.o)
 .text.libgcc   0x0000000000000000        0x0 /usr/local/lib/gcc/avr/4.9.2/avr5/libgcc.a(_clear_bss.o)
 .text.libgcc.prologue
                0x0000000000000000        0x0 /usr/local/lib/gcc/avr/4.9.2/avr5/libgcc.a(_clear_bss.o)
 .text.libgcc.builtins
                0x0000000000000000        0x0 /usr/local/lib/gcc/avr/4.9.2/avr5/libgcc.a(_clear_bss.o)
 .text.libgcc.fmul
                0x0000000000000000        0x0 /usr/local/lib/gcc/avr/4.9.2/avr5/libgcc.a(_clear_bss.o)
 .text.libgcc.fixed
                0x0000000000000000        0x0 /usr/local/lib/gcc/avr/4.9.2/avr5/libgcc.a(_clear_bss.o)
 .text          0x0000000000000000        0x0 /usr/local/lib/gcc/avr/4.9.2/../../../../avr/lib/avr5/libm.a(addsf3.o)
 .data          0x0000000000000000        0x0 /usr/local/lib/gcc/avr/4.9.2/../../../../avr/lib/avr5/libm.a(addsf3.o)
 .bss           0x0000000000000000        0x0 /usr/local/lib/gcc/avr/4.9.2/../../../../avr/lib/avr5/libm.a(addsf3.o)
 .text          0x0000000000000000        0x0 /usr/local/lib/gcc/avr/4.9.2/../../../../avr/lib/avr5/libm.a(addsf3x.o)
 .data          0x0000000000000000        0x0 /usr/local/lib/gcc/avr/4.9.2/../../../../avr/lib/avr5/libm.a(addsf3x.o)
 .bss           0x0000000000000000        0x0 /usr/local/lib/gcc/avr/4.9.2/../../../../avr/lib/avr5/libm.a(addsf3x.o)
 .text          0x0000000000000000        0x0 /usr/local/lib/gcc/avr/4.9.2/../../../../avr/lib/avr5/libm.a(cmpsf2.o)
 .data          0x0000000000000000        0x0 /usr/local/lib/gcc/avr/4.9.2/../../../../avr/lib/avr5/libm.a(cmpsf2.o)
 .bss           0x0000000000000000        0x0 /usr/local/lib/gcc/avr/4.9.2/../../../../avr/lib/avr5/libm.a(cmpsf2.o)
 .text          0x0000000000000000        0x0 /usr/local/lib/gcc/avr/4.9.2/../../../../avr/lib/avr5/libm.a(divsf3.o)
 .data          0x0000000000000000        0x0 /usr/local/lib/gcc/avr/4.9.2/../../../../avr/lib/avr5/libm.a(divsf3.o)
 .bss           0x0000000000000000        0x0 /usr/local/lib/gcc/avr/4.9.2/../../../../avr/lib/avr5/libm.a(divsf3.o)
 .text          0x0000000000000000        0x0 /usr/local/lib/gcc/avr/4.9.2/../../../../avr/lib/avr5/libm.a(divsf3x.o)
 .data          0x0000000000000000        0x0 /usr/local/lib/gcc/avr/4.9.2/../../../../avr/lib/avr5/libm.a(divsf3x.o)
 .bss           0x0000000000000000        0x0 /usr/local/lib/gcc/avr/4.9.2/../../../../avr/lib/avr5/libm.a(divsf3x.o)
 .text          0x0000000000000000        0x0 /usr/local/lib/gcc/avr/4.9.2/../../../../avr/lib/avr5/libm.a(fixsfsi.o)
 .data          0x0000000000000000        0x0 /usr/local/lib/gcc/avr/4.9.2/../../../../avr/lib/avr5/libm.a(fixsfsi.o)
 .bss           0x0000000000000000        0x0 /usr/local/lib/gcc/avr/4.9.2/../../../../avr/lib/avr5/libm.a(fixsfsi.o)
 .text          0x0000000000000000        0x0 /usr/local/lib/gcc/avr/4.9.2/../../../../avr/lib/avr5/libm.a(fixunssfsi.o)
 .data          0x0000000000000000        0x0 /usr/local/lib/gcc/avr/4.9.2/../../../../avr/lib/avr5/libm.a(fixunssfsi.o)
 .bss           0x0000000000000000        0x0 /usr/local/lib/gcc/avr/4.9.2/../../../../avr/lib/avr5/libm.a(fixunssfsi.o)
 .text          0x0000000000000000        0x0 /usr/local/lib/gcc/avr/4.9.2/../../../../avr/lib/avr5/libm.a(floatsisf.o)
 .data          0x0000000000000000        0x0 /usr/local/lib/gcc/avr/4.9.2/../../../../avr/lib/avr5/libm.a(floatsisf.o)
 .bss           0x0000000000000000        0x0 /usr/local/lib/gcc/avr/4.9.2/../../../../avr/lib/avr5/libm.a(floatsisf.o)
 .text          0x0000000000000000        0x0 /usr/local/lib/gcc/avr/4.9.2/../../../../avr/lib/avr5/libm.a(fp_cmp.o)
 .data          0x0000000000000000        0x0 /usr/local/lib/gcc/avr/4.9.2/../../../../avr/lib/avr5/libm.a(fp_cmp.o)
 .bss           0x0000000000000000        0x0 /usr/local/lib/gcc/avr/4.9.2/../../../../avr/lib/avr5/libm.a(fp_cmp.o)
 .text          0x0000000000000000        0x0 /usr/local/lib/gcc/avr/4.9.2/../../../../avr/lib/avr5/libm.a(fp_inf.o)
 .data          0x0000000000000000        0x0 /usr/local/lib/gcc/avr/4.9.2/../../../../avr/lib/avr5/libm.a(fp_inf.o)
 .bss           0x0000000000000000        0x0 /usr/local/lib/gcc/avr/4.9.2/../../../../avr/lib/avr5/libm.a(fp_inf.o)
 .text          0x0000000000000000        0x0 /usr/local/lib/gcc/avr/4.9.2/../../../../avr/lib/avr5/libm.a(fp_nan.o)
 .data          0x0000000000000000        0x0 /usr/local/lib/gcc/avr/4.9.2/../../../../avr/lib/avr5/libm.a(fp_nan.o)
 .bss           0x0000000000000000        0x0 /usr/local/lib/gcc/avr/4.9.2/../../../../avr/lib/avr5/libm.a(fp_nan.o)
 .text          0x0000000000000000        0x0 /usr/local/lib/gcc/avr/4.9.2/../../../../avr/lib/avr5/libm.a(fp_pscA.o)
 .data          0x0000000000000000        0x0 /usr/local/lib/gcc/avr/4.9.2/../../../../avr/lib/avr5/libm.a(fp_pscA.o)
 .bss           0x0000000000000000        0x0 /usr/local/lib/gcc/avr/4.9.2/../../../../avr/lib/avr5/libm.a(fp_pscA.o)
 .text          0x0000000000000000        0x0 /usr/local/lib/gcc/avr/4.9.2/../../../../avr/lib/avr5/libm.a(fp_pscB.o)
 .data          0x0000000000000000        0x0 /usr/local/lib/gcc/avr/4.9.2/../../../../avr/lib/avr5/libm.a(fp_pscB.o)
 .bss           0x0000000000000000        0x0 /usr/local/lib/gcc/avr/4.9.2/../../../../avr/lib/avr5/libm.a(fp_pscB.o)
 .text          0x0000000000000000        0x0 /usr/local/lib/gcc/avr/4.9.2/../../../../avr/lib/avr5/libm.a(fp_round.o)
 .data          0x0000000000000000        0x0 /usr/local/lib/gcc/avr/4.9.2/../../../../avr/lib/avr5/libm.a(fp_round.o)
 .bss           0x0000000000000000        0x0 /usr/local/lib/gcc/avr/4.9.2/../../../../avr/lib/avr5/libm.a(fp_round.o)
 .text          0x0000000000000000        0x0 /usr/local/lib/gcc/avr/4.9.2/../../../../avr/lib/avr5/libm.a(fp_split3.o)
 .data          0x0000000000000000        0x0 /usr/local/lib/gcc/avr/4.9.2/../../../../avr/lib/avr5/libm.a(fp_split3.o)
 .bss           0x0000000000000000        0x0 /usr/local/lib/gcc/avr/4.9.2/../../../../avr/lib/avr5/libm.a(fp_split3.o)
 .text          0x0000000000000000        0x0 /usr/local/lib/gcc/avr/4.9.2/../../../../avr/lib/avr5/libm.a(fp_zero.o)
 .data          0x0000000000000000        0x0 /usr/local/lib/gcc/avr/4.9.2/../../../../avr/lib/avr5/libm.a(fp_zero.o)
 .bss           0x0000000000000000        0x0 /usr/local/lib/gcc/avr/4.9.2/../../../../avr/lib/avr5/libm.a(fp_zero.o)
 .text          0x0000000000000000        0x0 /usr/local/lib/gcc/avr/4.9.2/../../../../avr/lib/avr5/libm.a(gesf2.o)
 .data          0x0000000000000000        0x0 /usr/local/lib/gcc/avr/4.9.2/../../../../avr/lib/avr5/libm.a(gesf2.o)
 .bss           0x0000000000000000        0x0 /usr/local/lib/gcc/avr/4.9.2/../../../../avr/lib/avr5/libm.a(gesf2.o)
 .text          0x0000000000000000        0x0 /usr/local/lib/gcc/avr/4.9.2/../../../../avr/lib/avr5/libm.a(mulsf3.o)
 .data          0x0000000000000000        0x0 /usr/local/lib/gcc/avr/4.9.2/../../../../avr/lib/avr5/libm.a(mulsf3.o)
 .bss           0x0000000000000000        0x0 /usr/local/lib/gcc/avr/4.9.2/../../../../avr/lib/avr5/libm.a(mulsf3.o)
 .text          0x0000000000000000        0x0 /usr/local/lib/gcc/avr/4.9.2/../../../../avr/lib/avr5/libm.a(mulsf3x.o)
 .data          0x0000000000000000        0x0 /usr/local/lib/gcc/avr/4.9.2/../../../../avr/lib/avr5/libm.a(mulsf3x.o)
 .bss           0x0000000000000000        0x0 /usr/local/lib/gcc/avr/4.9.2/../../../../avr/lib/avr5/libm.a(mulsf3x.o)
 .text          0x0000000000000000        0x0 /usr/local/lib/gcc/avr/4.9.2/../../../../avr/lib/avr5/libc.a(memcpy_P.o)
 .data          0x0000000000000000        0x0 /usr/local/lib/gcc/avr/4.9.2/../../../../avr/lib/avr5/libc.a(memcpy_P.o)
 .bss           0x0000000000000000        0x0 /usr/local/lib/gcc/avr/4.9.2/../../../../avr/lib/avr5/libc.a(memcpy_P.o)

Memory Configuration

Name             Origin             Length             Attributes
text             0x0000000000000000 0x0000000000020000 xr
data             0x0000000000800060 0x000000000000ffa0 rw !x
eeprom           0x0000000000810000 0x0000000000010000 rw !x
fuse             0x0000000000820000 0x0000000000000400 rw !x
lock             0x0000000000830000 0x0000000000000400 rw !x
signature        0x0000000000840000 0x0000000000000400 rw !x
*default*        0x0000000000000000 0xffffffffffffffff

Linker script and memory map

Address of section .data set to 0x800100
LOAD /usr/local/lib/gcc/avr/4.9.2/../../../../avr/lib/avr5/crtm644.o
LOAD uzeboxVideoEngineCore.o
LOAD uzeboxCore.o
LOAD uzeboxSoundEngine.o
LOAD uzeboxSoundEngineCore.o
LOAD uzeboxVideoEngine.o
LOAD TankFu.o
START GROUP
LOAD /usr/local/lib/gcc/avr/4.9.2/avr5/libgcc.a
LOAD /usr/local/lib/gcc/avr/4.9.2/../../../../avr/lib/avr5/libm.a
LOAD /usr/local/lib/gcc/avr/4.9.2/../../../../avr/lib/avr5/libc.a
END GROUP

.hash
 *(.hash)

.dynsym
 *(.dynsym)

.dynstr
 *(.dynstr)

.gnu.version
 *(.gnu.version)

.gnu.version_d
 *(.gnu.version_d)

.gnu.version_r
 *(.gnu.version_r)

.rel.init
 *(.rel.init)

.rela.init
 *(.rela.init)

.rel.text
 *(.rel.text)
 *(.rel.text.*)
 *(.rel.gnu.linkonce.t*)

.rela.text
 *(.rela.text)
 *(.rela.text.*)
 *(.rela.gnu.linkonce.t*)

.rel.fini
 *(.rel.fini)

.rela.fini
 *(.rela.fini)

.rel.rodata
 *(.rel.rodata)
 *(.rel.rodata.*)
 *(.rel.gnu.linkonce.r*)

.rela.rodata
 *(.rela.rodata)
 *(.rela.rodata.*)
 *(.rela.gnu.linkonce.r*)

.rel.data
 *(.rel.data)
 *(.rel.data.*)
 *(.rel.gnu.linkonce.d*)

.rela.data
 *(.rela.data)
 *(.rela.data.*)
 *(.rela.gnu.linkonce.d*)

.rel.ctors
 *(.rel.ctors)

.rela.ctors
 *(.rela.ctors)

.rel.dtors
 *(.rel.dtors)

.rela.dtors
 *(.rela.dtors)

.rel.got
 *(.rel.got)

.rela.got
 *(.rela.got)

.rel.bss
 *(.rel.bss)

.rela.bss
 *(.rela.bss)

.rel.plt
 *(.rel.plt)

.rela.plt
 *(.rela.plt)

.text           0x0000000000000000     0xbb4e
 *(.vectors)
 .vectors       0x0000000000000000       0x70 /usr/local/lib/gcc/avr/4.9.2/../../../../avr/lib/avr5/crtm644.o
                0x0000000000000000                __vectors
                0x0000000000000000                __vector_default
 *(.vectors)
 *(.progmem.gcc*)
 .progmem.gcc_sw_table.load_level_tiles
                0x0000000000000070       0x12 TankFu.o
                0x0000000000000082                . = ALIGN (0x2)
                0x0000000000000082                __trampolines_start = .
 *(.trampolines)
 .trampolines   0x0000000000000082        0x0 linker stubs
 *(.trampolines*)
                0x0000000000000082                __trampolines_end = .
 *(.progmem*)
 .progmem.data  0x0000000000000082       0x4e uzeboxCore.o
                0x0000000000000082                io_table
                0x00000000000000b0                eeprom_format_table
 .progmem.data  0x00000000000000d0       0x1a uzeboxSoundEngine.o
                0x00000000000000d0                patchCommands
 .progmem.data  0x00000000000000ea        0xc uzeboxVideoEngine.o
                0x00000000000000ea                fader
 .progmem.data  0x00000000000000f6     0x66c1 TankFu.o
                0x00000000000000f6                default_scores
                0x0000000000000114                default_handles
                0x0000000000000132                strLevels
                0x00000000000001d2                strPaused
                0x00000000000001d9                strExit
                0x00000000000001e2                strTotal
                0x00000000000001e9                strScore
                0x00000000000001f0                strBanterClear
                0x00000000000001ff                banter_map
                0x0000000000000295                strFinalScore
                0x00000000000002a1                strBy
                0x00000000000002a4                strOwns
                0x00000000000002a9                strChangeHandle
                0x00000000000002b8                strReset
                0x00000000000002d1                strCancelHandle
                0x00000000000002dc                strConfirmHandle
                0x00000000000002e8                strSelectHandle
                0x00000000000002f3                strPlayer2
                0x00000000000002f6                strPlayer1
                0x00000000000002f9                strVertSep
                0x00000000000002fb                strUnderline
                0x0000000000000307                strHandlesTitle
                0x0000000000000313                strHighscores
                0x000000000000031d                str2Player
                0x000000000000032e                str1Player
                0x000000000000033c                strCopyright
                0x0000000000000353                my_patches
                0x00000000000003c8                level_data
                0x0000000000002114                map_rocket_right_1
                0x0000000000002117                map_rocket_right_0
                0x000000000000211a                map_rocket_up_1
                0x000000000000211d                map_rocket_up_0
                0x0000000000002120                map_ball
                0x0000000000002123                map_explosion_2
                0x0000000000002129                map_explosion_1
                0x000000000000212f                map_explosion_0
                0x0000000000002135                map_tank2_right_1
                0x000000000000213b                map_tank2_right_0
                0x0000000000002141                map_tank2_up_1
                0x0000000000002147                map_tank2_up_0
                0x000000000000214d                map_tank1_right_1
                0x0000000000002153                map_tank1_right_0
                0x0000000000002159                map_tank1_up_1
                0x000000000000215f                map_tank1_up_0
                0x0000000000002165                map_none
                0x0000000000002168                map_tank_blank
                0x000000000000216e                map_metal_bl
                0x0000000000002171                map_metal_tr
                0x0000000000002174                map_metal_br
                0x0000000000002177                map_metal_tl
                0x000000000000217a                map_tile_exp_2
                0x000000000000217d                map_tile_exp_1
                0x0000000000002180                map_tile_exp_0
                0x0000000000002183                map_rocket_itm
                0x0000000000002186                map_explode_itm
                0x0000000000002189                map_speed_itm
                0x000000000000218c                map_metal
                0x000000000000218f                map_brick
                0x0000000000002192                map_tile_none
                0x0000000000002195                map_pause
                0x00000000000021d3                map_splash
                0x0000000000002229                ad_silence
                0x000000000000222b                ad_tracks
                0x000000000000222d                ad_tank_explode
                0x000000000000222f                ad_splash
                0x0000000000002231                ad_rocket
                0x0000000000002233                ad_navigate
                0x00000000000023a5                ad_metal
                0x00000000000025c5                ad_level_start
                0x00000000000025c7                ad_level_clear
                0x00000000000025c9                ad_item
                0x000000000000277a                ad_cannonball
                0x00000000000029c1                ad_brick_explode
                0x00000000000030a6                ad_banter
                0x00000000000037f7                sprites_data
                0x00000000000043f7                tiles_data
                0x00000000000067b8                . = ALIGN (0x2)
 *fill*         0x00000000000067b7        0x1 
 *(.jumptables)
 *(.jumptables*)
 *(.lowtext)
 *(.lowtext*)
                0x00000000000067b8                __ctors_start = .
 *(.ctors)
                0x00000000000067b8                __ctors_end = .
                0x00000000000067b8                __dtors_start = .
 *(.dtors)
                0x00000000000067b8                __dtors_end = .
 SORT(*)(.ctors)
 SORT(*)(.dtors)
 *(.init0)
 .init0         0x00000000000067b8        0x0 /usr/local/lib/gcc/avr/4.9.2/../../../../avr/lib/avr5/crtm644.o
                0x00000000000067b8                __init
 *(.init0)
 *(.init1)
 *(.init1)
 *(.init2)
 .init2         0x00000000000067b8        0xc /usr/local/lib/gcc/avr/4.9.2/../../../../avr/lib/avr5/crtm644.o
 *(.init2)
 *(.init3)
 *(.init3)
 *(.init4)
 .init4         0x00000000000067c4       0x16 /usr/local/lib/gcc/avr/4.9.2/avr5/libgcc.a(_copy_data.o)
                0x00000000000067c4                __do_copy_data
 .init4         0x00000000000067da       0x10 /usr/local/lib/gcc/avr/4.9.2/avr5/libgcc.a(_clear_bss.o)
                0x00000000000067da                __do_clear_bss
 *(.init4)
 *(.init5)
 *(.init5)
 *(.init6)
 *(.init6)
 *(.init7)
 .init7         0x00000000000067ea       0x12 uzeboxCore.o
                0x00000000000067ea                wdt_init
 *(.init7)
 *(.init8)
 .init8         0x00000000000067fc       0x8a uzeboxCore.o
                0x00000000000067fc                Initialize
 *(.init8)
 *(.init9)
 .init9         0x0000000000006886        0x8 /usr/local/lib/gcc/avr/4.9.2/../../../../avr/lib/avr5/crtm644.o
 *(.init9)
 *(.text)
 .text          0x000000000000688e        0x4 /usr/local/lib/gcc/avr/4.9.2/../../../../avr/lib/avr5/crtm644.o
                0x000000000000688e                __vector_20
                0x000000000000688e                __vector_1
                0x000000000000688e                __vector_24
                0x000000000000688e                __vector_12
                0x000000000000688e                __bad_interrupt
                0x000000000000688e                __vector_6
                0x000000000000688e                __vector_3
                0x000000000000688e                __vector_23
                0x000000000000688e                __vector_25
                0x000000000000688e                __vector_11
                0x000000000000688e                __vector_17
                0x000000000000688e                __vector_19
                0x000000000000688e                __vector_7
                0x000000000000688e                __vector_27
                0x000000000000688e                __vector_5
                0x000000000000688e                __vector_4
                0x000000000000688e                __vector_9
                0x000000000000688e                __vector_2
                0x000000000000688e                __vector_21
                0x000000000000688e                __vector_15
                0x000000000000688e                __vector_8
                0x000000000000688e                __vector_26
                0x000000000000688e                __vector_10
                0x000000000000688e                __vector_16
                0x000000000000688e                __vector_18
                0x000000000000688e                __vector_22
 .text          0x0000000000006892      0x58a uzeboxVideoEngineCore.o
                0x0000000000006a38                CopyTileToRam
                0x0000000000006b5a                BlitSprite
                0x0000000000006c3a                __vector_13
                0x0000000000006cba                __vector_14
 .text          0x0000000000006e1c      0x180 uzeboxSoundEngineCore.o
                0x0000000000006e1c                process_music
                0x0000000000006e28                update_sound
                0x0000000000006f9c                . = ALIGN (0x2)
 *(.text.*)
 .text.SetSpritesTileTable
                0x0000000000006f9c        0xa uzeboxVideoEngineCore.o
                0x0000000000006f9c                SetSpritesTileTable
 .text.ClearVram
                0x0000000000006fa6       0x14 uzeboxVideoEngineCore.o
                0x0000000000006fa6                ClearVram
 .text.SetFont  0x0000000000006fba        0x8 uzeboxVideoEngineCore.o
                0x0000000000006fba                SetFont
 .text.SetTile  0x0000000000006fc2       0x1c uzeboxVideoEngineCore.o
                0x0000000000006fc2                SetTile
 .text.SetFontTilesIndex
                0x0000000000006fde        0x6 uzeboxVideoEngineCore.o
                0x0000000000006fde                SetFontTilesIndex
 .text.SetTileTable
                0x0000000000006fe4        0xa uzeboxVideoEngineCore.o
                0x0000000000006fe4                SetTileTable
 .text.GetVsyncFlag
                0x0000000000006fee        0x8 uzeboxVideoEngineCore.o
                0x0000000000006fee                GetVsyncFlag
 .text.ClearVsyncFlag
                0x0000000000006ff6        0xc uzeboxVideoEngineCore.o
                0x0000000000006ff6                ClearVsyncFlag
 .text.ReadJoypad
                0x0000000000007002       0x18 uzeboxVideoEngineCore.o
                0x0000000000007002                ReadJoypad
 .text.WaitUs   0x000000000000701a        0xe uzeboxVideoEngineCore.o
                0x000000000000701a                WaitUs
 .text.WriteEeprom
                0x0000000000007028       0x14 uzeboxVideoEngineCore.o
                0x0000000000007028                WriteEeprom
 .text.ReadEeprom
                0x000000000000703c       0x12 uzeboxVideoEngineCore.o
                0x000000000000703c                ReadEeprom
 .text.SoftReset
                0x000000000000704e       0x16 uzeboxCore.o
                0x000000000000704e                SoftReset
 .text.ReadButtons
                0x0000000000007064       0x6c uzeboxCore.o
                0x0000000000007064                ReadButtons
 .text.ReadControllers
                0x00000000000070d0       0x20 uzeboxCore.o
                0x00000000000070d0                ReadControllers
 .text.FormatEeprom
                0x00000000000070f0       0x44 uzeboxCore.o
                0x00000000000070f0                FormatEeprom
 .text.isEepromFormatted
                0x0000000000007134       0x2e uzeboxCore.o
                0x0000000000007134                isEepromFormatted
 .text.EepromWriteBlock
                0x0000000000007162       0xda uzeboxCore.o
                0x0000000000007162                EepromWriteBlock
 .text.EepromReadBlock
                0x000000000000723c       0x92 uzeboxCore.o
                0x000000000000723c                EepromReadBlock
 .text.PatchCommand00
                0x00000000000072ce        0x6 uzeboxSoundEngine.o
                0x00000000000072ce                PatchCommand00
 .text.PatchCommand01
                0x00000000000072d4       0x10 uzeboxSoundEngine.o
                0x00000000000072d4                PatchCommand01
 .text.PatchCommand05
                0x00000000000072e4        0xa uzeboxSoundEngine.o
                0x00000000000072e4                PatchCommand05
 .text.PatchCommand06
                0x00000000000072ee        0xa uzeboxSoundEngine.o
                0x00000000000072ee                PatchCommand06
 .text.PatchCommand07
                0x00000000000072f8        0x6 uzeboxSoundEngine.o
                0x00000000000072f8                PatchCommand07
 .text.PatchCommand09
                0x00000000000072fe        0x6 uzeboxSoundEngine.o
                0x00000000000072fe                PatchCommand09
 .text.PatchCommand10
                0x0000000000007304        0x6 uzeboxSoundEngine.o
                0x0000000000007304                PatchCommand10
 .text.PatchCommand11
                0x000000000000730a       0x7a uzeboxSoundEngine.o
                0x000000000000730a                PatchCommand11
 .text.PatchCommand12
                0x0000000000007384        0x6 uzeboxSoundEngine.o
                0x0000000000007384                PatchCommand12
 .text.PatchCommand02
                0x000000000000738a        0x8 uzeboxSoundEngine.o
                0x000000000000738a                PatchCommand02
 .text.PatchCommand03
                0x0000000000007392       0x10 uzeboxSoundEngine.o
                0x0000000000007392                PatchCommand03
 .text.PatchCommand04
                0x00000000000073a2       0x10 uzeboxSoundEngine.o
                0x00000000000073a2                PatchCommand04
 .text.PatchCommand08
                0x00000000000073b2       0x32 uzeboxSoundEngine.o
                0x00000000000073b2                PatchCommand08
 .text.InitMusicPlayer
                0x00000000000073e4       0x44 uzeboxSoundEngine.o
                0x00000000000073e4                InitMusicPlayer
 .text.ReadVarLen
                0x0000000000007428       0x4c uzeboxSoundEngine.o
                0x0000000000007428                ReadVarLen
 .text.TriggerCommon
                0x0000000000007474      0x15a uzeboxSoundEngine.o
                0x0000000000007474                TriggerCommon
 .text.TriggerNote
                0x00000000000075ce       0x6e uzeboxSoundEngine.o
                0x00000000000075ce                TriggerNote
 .text.ProcessMusic
                0x000000000000763c      0x44e uzeboxSoundEngine.o
                0x000000000000763c                ProcessMusic
 .text.SetMasterVolume
                0x0000000000007a8a        0x6 uzeboxSoundEngine.o
                0x0000000000007a8a                SetMasterVolume
 .text.SetMixerNote
                0x0000000000007a90       0x2e uzeboxSoundEngineCore.o
                0x0000000000007a90                SetMixerNote
 .text.SetMixerWave
                0x0000000000007abe       0x3a uzeboxSoundEngineCore.o
                0x0000000000007abe                SetMixerWave
 *fill*         0x0000000000007af8        0x8 
 .text.DisableSoundEngine
                0x0000000000007b00      0xc00 uzeboxSoundEngineCore.o
                0x0000000000007b00                DisableSoundEngine
                0x0000000000007b08                steptable
                0x0000000000007d00                waves
 .text.RestoreBackground
                0x0000000000008700       0x22 uzeboxVideoEngine.o
                0x0000000000008700                RestoreBackground
 .text.SetSpriteVisibility
                0x0000000000008722        0x6 uzeboxVideoEngine.o
                0x0000000000008722                SetSpriteVisibility
 .text.ProcessSprites
                0x0000000000008728      0x1a8 uzeboxVideoEngine.o
                0x0000000000008728                ProcessSprites
 .text.MapSprite2
                0x00000000000088d0       0xa4 uzeboxVideoEngine.o
                0x00000000000088d0                MapSprite2
 .text.MoveSprite
                0x0000000000008974       0x4a uzeboxVideoEngine.o
                0x0000000000008974                MoveSprite
 .text.DisplayLogo
                0x00000000000089be        0x2 uzeboxVideoEngine.o
                0x00000000000089be                DisplayLogo
 .text.InitializeVideoMode
                0x00000000000089c0       0x14 uzeboxVideoEngine.o
                0x00000000000089c0                InitializeVideoMode
 .text.DrawMap2
                0x00000000000089d4       0x9a uzeboxVideoEngine.o
                0x00000000000089d4                DrawMap2
 .text.PrintByte
                0x0000000000008a6e       0x66 uzeboxVideoEngine.o
                0x0000000000008a6e                PrintByte
 .text.Print    0x0000000000008ad4       0x36 uzeboxVideoEngine.o
                0x0000000000008ad4                Print
 .text.PrintChar
                0x0000000000008b0a        0x6 uzeboxVideoEngine.o
                0x0000000000008b0a                PrintChar
 .text.WaitVsync
                0x0000000000008b10       0x2e uzeboxVideoEngine.o
                0x0000000000008b10                WaitVsync
 .text.doFade   0x0000000000008b3e       0x1c uzeboxVideoEngine.o
                0x0000000000008b3e                doFade
 .text.FadeIn   0x0000000000008b5a       0x18 uzeboxVideoEngine.o
                0x0000000000008b5a                FadeIn
 .text.FadeOut  0x0000000000008b72       0x18 uzeboxVideoEngine.o
                0x0000000000008b72                FadeOut
 .text.ProcessFading
                0x0000000000008b8a       0x4a uzeboxVideoEngine.o
                0x0000000000008b8a                ProcessFading
 .text.VideoModeVsync
                0x0000000000008bd4        0x8 uzeboxVideoEngine.o
                0x0000000000008bd4                VideoModeVsync
 .text.LBGetNextFrame
                0x0000000000008bdc       0x46 TankFu.o
                0x0000000000008bdc                LBGetNextFrame
 .text.LBGetJoyPadState
                0x0000000000008c22       0x96 TankFu.o
                0x0000000000008c22                LBGetJoyPadState
 .text.LBCopyChars
                0x0000000000008cb8       0x18 TankFu.o
                0x0000000000008cb8                LBCopyChars
 .text.LBPrintStr
                0x0000000000008cd0       0x62 TankFu.o
                0x0000000000008cd0                LBPrintStr
 .text.LBCollides
                0x0000000000008d32       0x54 TankFu.o
                0x0000000000008d32                LBCollides
 .text.LBLineIntersect
                0x0000000000008d86      0x1ac TankFu.o
                0x0000000000008d86                LBLineIntersect
 .text.LBRandom
                0x0000000000008f32       0x3a TankFu.o
                0x0000000000008f32                LBRandom
 .text.LBWaitSeconds
                0x0000000000008f6c       0x1e TankFu.o
                0x0000000000008f6c                LBWaitSeconds
 .text.init_scores
                0x0000000000008f8a       0x18 TankFu.o
                0x0000000000008f8a                init_scores
 .text.init_handles
                0x0000000000008fa2       0x18 TankFu.o
                0x0000000000008fa2                init_handles
 .text.init_tile_animations
                0x0000000000008fba       0x46 TankFu.o
                0x0000000000008fba                init_tile_animations
 .text.init_shot_state
                0x0000000000009000       0x38 TankFu.o
                0x0000000000009000                init_shot_state
 .text.set_shot_animations
                0x0000000000009038       0x62 TankFu.o
                0x0000000000009038                set_shot_animations
 .text.init_player
                0x000000000000909a       0xbc TankFu.o
                0x000000000000909a                init_player
 .text.player_init_shot_state
                0x0000000000009156       0x1e TankFu.o
                0x0000000000009156                player_init_shot_state
 .text.init_game_state
                0x0000000000009174       0x2a TankFu.o
                0x0000000000009174                init_game_state
 .text.player_spawn
                0x000000000000919e       0x3a TankFu.o
                0x000000000000919e                player_spawn
 .text.load_eeprom
                0x00000000000091d8       0x24 TankFu.o
                0x00000000000091d8                load_eeprom
 .text.fade_through
                0x00000000000091fc       0x14 TankFu.o
                0x00000000000091fc                fade_through
 .text.clear_sprites
                0x0000000000009210       0x1a TankFu.o
                0x0000000000009210                clear_sprites
 .text.save_score
                0x000000000000922a       0xd2 TankFu.o
                0x000000000000922a                save_score
 .text.position_shot
                0x00000000000092fc       0xda TankFu.o
                0x00000000000092fc                position_shot
 .text.print_level_score
                0x00000000000093d6       0x84 TankFu.o
                0x00000000000093d6                print_level_score
 .text.print_final_score
                0x000000000000945a       0x94 TankFu.o
                0x000000000000945a                print_final_score
 .text.render_hud
                0x00000000000094ee       0x3a TankFu.o
                0x00000000000094ee                render_hud
 .text.render_score
                0x0000000000009528       0x38 TankFu.o
                0x0000000000009528                render_score
 .text.render_banter
                0x0000000000009560       0x50 TankFu.o
                0x0000000000009560                render_banter
 .text.render_player
                0x00000000000095b0       0x52 TankFu.o
                0x00000000000095b0                render_player
 .text.render_shot
                0x0000000000009602       0x76 TankFu.o
                0x0000000000009602                render_shot
 .text.render_tile_explosions
                0x0000000000009678       0x8a TankFu.o
                0x0000000000009678                render_tile_explosions
 .text.tank_map
                0x0000000000009702      0x104 TankFu.o
                0x0000000000009702                tank_map
 .text.shot_map
                0x0000000000009806       0xae TankFu.o
                0x0000000000009806                shot_map
 .text.recoil_sprite
                0x00000000000098b4       0xd4 TankFu.o
                0x00000000000098b4                recoil_sprite
 .text.solid_square_tile
                0x0000000000009988       0x1c TankFu.o
                0x0000000000009988                solid_square_tile
 .text.solid_directional_tile
                0x00000000000099a4      0x140 TankFu.o
                0x00000000000099a4                solid_directional_tile
 .text.player_shot
                0x0000000000009ae4       0xbe TankFu.o
                0x0000000000009ae4                player_shot
 .text.collision_detect_boundries
                0x0000000000009ba2       0x9c TankFu.o
                0x0000000000009ba2                collision_detect_boundries
 .text.kill_player
                0x0000000000009c3e       0xe0 TankFu.o
                0x0000000000009c3e                kill_player
 .text.get_interesting_tile_indexes_shot
                0x0000000000009d1e       0x48 TankFu.o
                0x0000000000009d1e                get_interesting_tile_indexes_shot
 .text.explode_tile
                0x0000000000009d66       0x7c TankFu.o
                0x0000000000009d66                explode_tile
 .text.collision_detect_shot
                0x0000000000009de2      0x37a TankFu.o
                0x0000000000009de2                collision_detect_shot
 .text.get_interesting_tile_indexes
                0x000000000000a15c       0x64 TankFu.o
                0x000000000000a15c                get_interesting_tile_indexes
 .text.collision_detect_player
                0x000000000000a1c0      0x276 TankFu.o
                0x000000000000a1c0                collision_detect_player
 .text.load_level_tiles
                0x000000000000a436       0xae TankFu.o
                0x000000000000a436                load_level_tiles
 .text.load_level
                0x000000000000a4e4      0x17c TankFu.o
                0x000000000000a4e4                load_level
 .text.level_transition
                0x000000000000a660       0x60 TankFu.o
                0x000000000000a660                level_transition
 .text.load_splash
                0x000000000000a6c0       0x6c TankFu.o
                0x000000000000a6c0                load_splash
 .text.load_tank_rank
                0x000000000000a72c      0x14a TankFu.o
                0x000000000000a72c                load_tank_rank
 .text.exit_game
                0x000000000000a876       0x16 TankFu.o
                0x000000000000a876                exit_game
 .text.update_level_helper
                0x000000000000a88c      0x478 TankFu.o
                0x000000000000a88c                update_level_helper
 .text.update_level
                0x000000000000ad04      0x124 TankFu.o
                0x000000000000ad04                update_level
 .text.update_tank_rank
                0x000000000000ae28       0x6a TankFu.o
                0x000000000000ae28                update_tank_rank
 .text._handle_select_helper
                0x000000000000ae92      0x18a TankFu.o
                0x000000000000ae92                _handle_select_helper
 .text._handle_select_render_helper
                0x000000000000b01c      0x17c TankFu.o
                0x000000000000b01c                _handle_select_render_helper
 .text.load_handle_select
                0x000000000000b198      0x124 TankFu.o
                0x000000000000b198                load_handle_select
 .text.update_splash
                0x000000000000b2bc       0xe8 TankFu.o
                0x000000000000b2bc                update_splash
 .text.update_handle_select
                0x000000000000b3a4       0x9c TankFu.o
                0x000000000000b3a4                update_handle_select
 .text.get_cpu_joypad_state
                0x000000000000b440      0x172 TankFu.o
                0x000000000000b440                get_cpu_joypad_state
 .text.startup.main
                0x000000000000b5b2       0xdc TankFu.o
                0x000000000000b5b2                main
 .text.libgcc.div
                0x000000000000b68e       0x18 /usr/local/lib/gcc/avr/4.9.2/avr5/libgcc.a(_udivmodqi4.o)
                0x000000000000b68e                __udivmodqi4
 .text.libgcc.div
                0x000000000000b6a6       0x28 /usr/local/lib/gcc/avr/4.9.2/avr5/libgcc.a(_udivmodhi4.o)
                0x000000000000b6a6                __udivmodhi4
 .text.libgcc.div
                0x000000000000b6ce       0x28 /usr/local/lib/gcc/avr/4.9.2/avr5/libgcc.a(_divmodhi4.o)
                0x000000000000b6ce                __divmodhi4
                0x000000000000b6ce                _div
 .text.libgcc   0x000000000000b6f6        0xc /usr/local/lib/gcc/avr/4.9.2/avr5/libgcc.a(_tablejump2.o)
                0x000000000000b6f6                __tablejump2__
 .text.avr-libc.fplib
                0x000000000000b702        0xa /usr/local/lib/gcc/avr/4.9.2/../../../../avr/lib/avr5/libm.a(addsf3.o)
                0x000000000000b702                __subsf3
                0x000000000000b704                __addsf3
 .text.avr-libc.fplib
                0x000000000000b70c       0xc0 /usr/local/lib/gcc/avr/4.9.2/../../../../avr/lib/avr5/libm.a(addsf3x.o)
                0x000000000000b726                __addsf3x
 .text.avr-libc.fplib
                0x000000000000b7cc        0x8 /usr/local/lib/gcc/avr/4.9.2/../../../../avr/lib/avr5/libm.a(cmpsf2.o)
                0x000000000000b7cc                __lesf2
                0x000000000000b7cc                __nesf2
                0x000000000000b7cc                __eqsf2
                0x000000000000b7cc                __cmpsf2
                0x000000000000b7cc                __ltsf2
 .text.avr-libc.fplib
                0x000000000000b7d4        0x4 /usr/local/lib/gcc/avr/4.9.2/../../../../avr/lib/avr5/libm.a(divsf3.o)
                0x000000000000b7d4                __divsf3
 .text.avr-libc.fplib
                0x000000000000b7d8       0xcc /usr/local/lib/gcc/avr/4.9.2/../../../../avr/lib/avr5/libm.a(divsf3x.o)
                0x000000000000b7ee                __divsf3x
                0x000000000000b7f2                __divsf3_pse
 .text.avr-libc.fplib
                0x000000000000b8a4        0xa /usr/local/lib/gcc/avr/4.9.2/../../../../avr/lib/avr5/libm.a(fixsfsi.o)
                0x000000000000b8a4                __fixsfsi
 .text.avr-libc.fplib
                0x000000000000b8ae       0x58 /usr/local/lib/gcc/avr/4.9.2/../../../../avr/lib/avr5/libm.a(fixunssfsi.o)
                0x000000000000b8ae                __fixunssfsi
 .text.avr-libc.fplib
                0x000000000000b906       0x7a /usr/local/lib/gcc/avr/4.9.2/../../../../avr/lib/avr5/libm.a(floatsisf.o)
                0x000000000000b906                __floatunsisf
                0x000000000000b90a                __floatsisf
 .text.avr-libc.fplib
                0x000000000000b980       0x48 /usr/local/lib/gcc/avr/4.9.2/../../../../avr/lib/avr5/libm.a(fp_cmp.o)
                0x000000000000b980                __fp_cmp
 .text.avr-libc.fplib
                0x000000000000b9c8        0xc /usr/local/lib/gcc/avr/4.9.2/../../../../avr/lib/avr5/libm.a(fp_inf.o)
                0x000000000000b9c8                __fp_inf
 .text.avr-libc.fplib
                0x000000000000b9d4        0x6 /usr/local/lib/gcc/avr/4.9.2/../../../../avr/lib/avr5/libm.a(fp_nan.o)
                0x000000000000b9d4                __fp_nan
 .text.avr-libc.fplib
                0x000000000000b9da        0xe /usr/local/lib/gcc/avr/4.9.2/../../../../avr/lib/avr5/libm.a(fp_pscA.o)
                0x000000000000b9da                __fp_pscA
 .text.avr-libc.fplib
                0x000000000000b9e8        0xe /usr/local/lib/gcc/avr/4.9.2/../../../../avr/lib/avr5/libm.a(fp_pscB.o)
                0x000000000000b9e8                __fp_pscB
 .text.avr-libc.fplib
                0x000000000000b9f6       0x22 /usr/local/lib/gcc/avr/4.9.2/../../../../avr/lib/avr5/libm.a(fp_round.o)
                0x000000000000b9f6                __fp_round
 .text.avr-libc.fplib
                0x000000000000ba18       0x44 /usr/local/lib/gcc/avr/4.9.2/../../../../avr/lib/avr5/libm.a(fp_split3.o)
                0x000000000000ba18                __fp_split3
                0x000000000000ba28                __fp_splitA
 .text.avr-libc.fplib
                0x000000000000ba5c        0xe /usr/local/lib/gcc/avr/4.9.2/../../../../avr/lib/avr5/libm.a(fp_zero.o)
                0x000000000000ba5c                __fp_zero
                0x000000000000ba5e                __fp_szero
 .text.avr-libc.fplib
                0x000000000000ba6a        0x8 /usr/local/lib/gcc/avr/4.9.2/../../../../avr/lib/avr5/libm.a(gesf2.o)
                0x000000000000ba6a                __gtsf2
                0x000000000000ba6a                __gesf2
 .text.avr-libc.fplib
                0x000000000000ba72        0x4 /usr/local/lib/gcc/avr/4.9.2/../../../../avr/lib/avr5/libm.a(mulsf3.o)
                0x000000000000ba72                __mulsf3
 .text.avr-libc.fplib
                0x000000000000ba76       0xc2 /usr/local/lib/gcc/avr/4.9.2/../../../../avr/lib/avr5/libm.a(mulsf3x.o)
                0x000000000000ba8a                __mulsf3x
                0x000000000000ba8e                __mulsf3_pse
 .text.avr-libc
                0x000000000000bb38       0x12 /usr/local/lib/gcc/avr/4.9.2/../../../../avr/lib/avr5/libc.a(memcpy_P.o)
                0x000000000000bb38                memcpy_P
                0x000000000000bb4a                . = ALIGN (0x2)
 *(.fini9)
 .fini9         0x000000000000bb4a        0x0 /usr/local/lib/gcc/avr/4.9.2/avr5/libgcc.a(_exit.o)
                0x000000000000bb4a                exit
                0x000000000000bb4a                _exit
 *(.fini9)
 *(.fini8)
 *(.fini8)
 *(.fini7)
 *(.fini7)
 *(.fini6)
 *(.fini6)
 *(.fini5)
 *(.fini5)
 *(.fini4)
 *(.fini4)
 *(.fini3)
 *(.fini3)
 *(.fini2)
 *(.fini2)
 *(.fini1)
 *(.fini1)
 *(.fini0)
 .fini0         0x000000000000bb4a        0x4 /usr/local/lib/gcc/avr/4.9.2/avr5/libgcc.a(_exit.o)
 *(.fini0)
                0x000000000000bb4e                _etext = .

.data           0x0000000000800100        0xa load address 0x000000000000bb4e
                0x0000000000800100                PROVIDE (__data_start, .)
 *(.data)
 .data          0x0000000000800100        0x1 uzeboxVideoEngine.o
                0x0000000000800100                spritesOn
 .data          0x0000000000800101        0x8 TankFu.o
 *(.data*)
 *(.rodata)
 *(.rodata*)
 *(.gnu.linkonce.d*)
                0x000000000080010a                . = ALIGN (0x2)
 *fill*         0x0000000000800109        0x1 
                0x000000000080010a                _edata = .
                0x000000000080010a                PROVIDE (__data_end, .)

.bss            0x000000000080010a      0xed1
                0x000000000080010a                PROVIDE (__bss_start, .)
 *(.bss)
 *fill*         0x000000000080010a       0x16 
 .bss           0x0000000000800120      0x9a0 uzeboxVideoEngineCore.o
                0x0000000000800120                vram
                0x0000000000800468                sprites
                0x0000000000800468                overlay_vram
                0x0000000000800498                ram_tiles
                0x0000000000800a58                ram_tiles_restore
                0x0000000000800a9d                sprites_tile_banks
                0x0000000000800aa8                Screen
                0x0000000000800aac                sync_phase
                0x0000000000800aad                sync_pulse
                0x0000000000800aae                sync_flags
                0x0000000000800ab3                first_render_line
                0x0000000000800ab4                render_lines_count
                0x0000000000800ab5                first_render_line_tmp
                0x0000000000800ab6                render_lines_count_tmp
                0x0000000000800ab7                joypad1_status_lo
                0x0000000000800ab9                joypad1_status_hi
                0x0000000000800abb                joypad2_status_lo
                0x0000000000800abd                joypad2_status_hi
 .bss           0x0000000000800ac0        0x1 uzeboxSoundEngine.o
                0x0000000000800ac0                playSong
 .bss           0x0000000000800ac1       0x23 uzeboxSoundEngineCore.o
                0x0000000000800ac1                sound_enabled
                0x0000000000800ac2                mixer
                0x0000000000800ad5                tr4_params
                0x0000000000800ad6                tr4_barrel_lo
                0x0000000000800ad7                tr4_barrel_hi
 .bss           0x0000000000800ae4       0x1c TankFu.o
                0x0000000000800ae4                p2s
                0x0000000000800aea                p1s
 *(.bss*)
 *(COMMON)
 COMMON         0x0000000000800b00        0x1 uzeboxCore.o
                0x0000000000800b00                joypadsConnectionStatus
 COMMON         0x0000000000800b01       0x7e uzeboxSoundEngine.o
                0x0000000000800b01                songStart
                0x0000000000800b03                tracks
                0x0000000000800b71                currDeltaTime
                0x0000000000800b73                patchPointers
                0x0000000000800b75                lastStatus
                0x0000000000800b76                masterVolume
                0x0000000000800b77                nextDeltaTime
                0x0000000000800b79                songSpeed
                0x0000000000800b7a                songPos
                0x0000000000800b7c                loopStart
                0x0000000000800b7e                step
 COMMON         0x0000000000800b7f        0x6 uzeboxVideoEngine.o
                0x0000000000800b7f                fadeSpeed
                0x0000000000800b80                fadeDir
                0x0000000000800b81                free_tile_index
                0x0000000000800b82                fadeActive
                0x0000000000800b83                currFadeFrame
                0x0000000000800b84                fadeStep
 COMMON         0x0000000000800b85      0x456 TankFu.o
                0x0000000000800b85                scores
                0x0000000000800ba5                p2
                0x0000000000800bac                handles
                0x0000000000800bcc                game
                0x0000000000800bd0                tile_animations
                0x0000000000800be9                player1
                0x0000000000800c67                p1
                0x0000000000800c6e                level
                0x0000000000800f5d                player2
                0x0000000000800fdb                PROVIDE (__bss_end, .)
                0x000000000000bb4e                __data_load_start = LOADADDR (.data)
                0x000000000000bb58                __data_load_end = (__data_load_start + SIZEOF (.data))

.noinit         0x0000000000800fdb        0x0
                0x0000000000800fdb                PROVIDE (__noinit_start, .)
 *(.noinit*)
                0x0000000000800fdb                PROVIDE (__noinit_end, .)
                0x0000000000800fdb                _end = .
                0x0000000000800fdb                PROVIDE (__heap_start, .)

.eeprom         0x0000000000810000        0x0
 *(.eeprom*)
                0x0000000000810000                __eeprom_end = .

.fuse
 *(.fuse)
 *(.lfuse)
 *(.hfuse)
 *(.efuse)

.lock
 *(.lock*)

.signature
 *(.signature*)

.stab           0x0000000000000000      0x618
 *(.stab)
 .stab          0x0000000000000000       0xf0 /usr/local/lib/gcc/avr/4.9.2/avr5/libgcc.a(_udivmodqi4.o)
 .stab          0x00000000000000f0      0x15c /usr/local/lib/gcc/avr/4.9.2/avr5/libgcc.a(_udivmodhi4.o)
                                        0x168 (size before relaxing)
 .stab          0x000000000000024c      0x138 /usr/local/lib/gcc/avr/4.9.2/avr5/libgcc.a(_divmodhi4.o)
                                        0x144 (size before relaxing)
 .stab          0x0000000000000384       0x6c /usr/local/lib/gcc/avr/4.9.2/avr5/libgcc.a(_exit.o)
                                         0x78 (size before relaxing)
 .stab          0x00000000000003f0       0x9c /usr/local/lib/gcc/avr/4.9.2/avr5/libgcc.a(_tablejump2.o)
                                         0xa8 (size before relaxing)
 .stab          0x000000000000048c       0xd8 /usr/local/lib/gcc/avr/4.9.2/avr5/libgcc.a(_copy_data.o)
                                         0xe4 (size before relaxing)
 .stab          0x0000000000000564       0xb4 /usr/local/lib/gcc/avr/4.9.2/avr5/libgcc.a(_clear_bss.o)
                                         0xc0 (size before relaxing)

.stabstr        0x0000000000000000      0x2a5
 *(.stabstr)
 .stabstr       0x0000000000000000      0x2a5 /usr/local/lib/gcc/avr/4.9.2/avr5/libgcc.a(_udivmodqi4.o)

.stab.excl
 *(.stab.excl)

.stab.exclstr
 *(.stab.exclstr)

.stab.index
 *(.stab.index)

.stab.indexstr
 *(.stab.indexstr)

.comment        0x0000000000000000       0x11
 *(.comment)
 .comment       0x0000000000000000       0x11 uzeboxCore.o
                                         0x12 (size before relaxing)
 .comment       0x0000000000000011       0x12 uzeboxSoundEngine.o
 .comment       0x0000000000000011       0x12 uzeboxVideoEngine.o
 .comment       0x0000000000000011       0x12 TankFu.o

.note.gnu.build-id
 *(.note.gnu.build-id)

.debug
 *(.debug)

.line
 *(.line)

.debug_srcinfo
 *(.debug_srcinfo)

.debug_sfnames
 *(.debug_sfnames)

.debug_aranges  0x0000000000000000      0x580
 *(.debug_aranges)
 .debug_aranges
                0x0000000000000000       0xd0 uzeboxVideoEngineCore.o
 .debug_aranges
                0x00000000000000d0       0x80 uzeboxCore.o
 .debug_aranges
                0x0000000000000150       0xe8 uzeboxSoundEngine.o
 .debug_aranges
                0x0000000000000238       0x50 uzeboxSoundEngineCore.o
 .debug_aranges
                0x0000000000000288       0xf8 uzeboxVideoEngine.o
 .debug_aranges
                0x0000000000000380      0x200 TankFu.o

.debug_pubnames
 *(.debug_pubnames)

.debug_info     0x0000000000000000     0x83f1
 *(.debug_info .gnu.linkonce.wi.*)
 .debug_info    0x0000000000000000      0x672 /usr/local/lib/gcc/avr/4.9.2/../../../../avr/lib/avr5/crtm644.o
 .debug_info    0x0000000000000672       0x7d uzeboxVideoEngineCore.o
 .debug_info    0x00000000000006ef      0x9eb uzeboxCore.o
 .debug_info    0x00000000000010da     0x127a uzeboxSoundEngine.o
 .debug_info    0x0000000000002354       0x74 uzeboxSoundEngineCore.o
 .debug_info    0x00000000000023c8     0x12c5 uzeboxVideoEngine.o
 .debug_info    0x000000000000368d     0x4d64 TankFu.o

.debug_abbrev   0x0000000000000000     0x1538
 *(.debug_abbrev)
 .debug_abbrev  0x0000000000000000      0x619 /usr/local/lib/gcc/avr/4.9.2/../../../../avr/lib/avr5/crtm644.o
 .debug_abbrev  0x0000000000000619       0x12 uzeboxVideoEngineCore.o
 .debug_abbrev  0x000000000000062b      0x2e6 uzeboxCore.o
 .debug_abbrev  0x0000000000000911      0x307 uzeboxSoundEngine.o
 .debug_abbrev  0x0000000000000c18       0x12 uzeboxSoundEngineCore.o
 .debug_abbrev  0x0000000000000c2a      0x3a7 uzeboxVideoEngine.o
 .debug_abbrev  0x0000000000000fd1      0x567 TankFu.o

.debug_line     0x0000000000000000     0x1c93
 *(.debug_line .debug_line.* .debug_line_end)
 .debug_line    0x0000000000000000       0x1d /usr/local/lib/gcc/avr/4.9.2/../../../../avr/lib/avr5/crtm644.o
 .debug_line    0x000000000000001d      0x47a uzeboxVideoEngineCore.o
 .debug_line    0x0000000000000497      0x287 uzeboxCore.o
 .debug_line    0x000000000000071e      0x3a6 uzeboxSoundEngine.o
 .debug_line    0x0000000000000ac4      0x1a8 uzeboxSoundEngineCore.o
 .debug_line    0x0000000000000c6c      0x472 uzeboxVideoEngine.o
 .debug_line    0x00000000000010de      0xbb5 TankFu.o

.debug_frame    0x0000000000000000     0x127c
 *(.debug_frame)
 .debug_frame   0x0000000000000000      0x174 uzeboxCore.o
 .debug_frame   0x0000000000000174      0x258 uzeboxSoundEngine.o
 .debug_frame   0x00000000000003cc      0x4c0 uzeboxVideoEngine.o
 .debug_frame   0x000000000000088c      0x9f0 TankFu.o

.debug_str      0x0000000000000000     0x19ce
 *(.debug_str)
 .debug_str     0x0000000000000000      0x231 /usr/local/lib/gcc/avr/4.9.2/../../../../avr/lib/avr5/crtm644.o
 .debug_str     0x0000000000000231      0x496 uzeboxCore.o
                                        0x4e6 (size before relaxing)
 .debug_str     0x00000000000006c7      0x3c9 uzeboxSoundEngine.o
                                        0x60c (size before relaxing)
 .debug_str     0x0000000000000a90      0x286 uzeboxVideoEngine.o
                                        0x401 (size before relaxing)
 .debug_str     0x0000000000000d16      0xcb8 TankFu.o
                                       0x1025 (size before relaxing)

.debug_loc      0x0000000000000000     0x7191
 *(.debug_loc)
 .debug_loc     0x0000000000000000      0x85c uzeboxCore.o
 .debug_loc     0x000000000000085c     0x119f uzeboxSoundEngine.o
 .debug_loc     0x00000000000019fb     0x1d49 uzeboxVideoEngine.o
 .debug_loc     0x0000000000003744     0x3a4d TankFu.o

.debug_macinfo
 *(.debug_macinfo)

.debug_weaknames
 *(.debug_weaknames)

.debug_funcnames
 *(.debug_funcnames)

.debug_typenames
 *(.debug_typenames)

.debug_varnames
 *(.debug_varnames)

.debug_pubtypes
 *(.debug_pubtypes)

.debug_ranges   0x0000000000000000      0x638
 *(.debug_ranges)
 .debug_ranges  0x0000000000000000       0xc8 uzeboxVideoEngineCore.o
 .debug_ranges  0x00000000000000c8       0x70 uzeboxCore.o
 .debug_ranges  0x0000000000000138      0x120 uzeboxSoundEngine.o
 .debug_ranges  0x0000000000000258       0x48 uzeboxSoundEngineCore.o
 .debug_ranges  0x00000000000002a0      0x130 uzeboxVideoEngine.o
 .debug_ranges  0x00000000000003d0      0x268 TankFu.o

.debug_macro
 *(.debug_macro)
OUTPUT(TankFu.elf elf32-avr)
LOAD linker stubs
