Archive member included to satisfy reference by file (symbol)

/usr/local/lib/gcc/avr/4.9.2/avr5/libgcc.a(_udivmodqi4.o)
                              uzeboxVideoEngine.o (__udivmodqi4)
/usr/local/lib/gcc/avr/4.9.2/avr5/libgcc.a(_divmodqi4.o)
                              TankFu.o (__divmodqi4)
/usr/local/lib/gcc/avr/4.9.2/avr5/libgcc.a(_udivmodhi4.o)
                              uzeboxVideoEngine.o (__udivmodhi4)
/usr/local/lib/gcc/avr/4.9.2/avr5/libgcc.a(_divmodhi4.o)
                              uzeboxSoundEngine.o (__divmodhi4)
/usr/local/lib/gcc/avr/4.9.2/avr5/libgcc.a(_udivmodsi4.o)
                              uzeboxVideoEngine.o (__udivmodsi4)
/usr/local/lib/gcc/avr/4.9.2/avr5/libgcc.a(_exit.o)
                              /usr/local/lib/gcc/avr/4.9.2/../../../../avr/lib/avr5/crtm644.o (exit)
/usr/local/lib/gcc/avr/4.9.2/avr5/libgcc.a(_copy_data.o)
                              uzeboxVideoEngine.o (__do_copy_data)
/usr/local/lib/gcc/avr/4.9.2/avr5/libgcc.a(_clear_bss.o)
                              uzeboxCore.o (__do_clear_bss)
/usr/local/lib/gcc/avr/4.9.2/../../../../avr/lib/avr5/libm.a(addsf3.o)
                              TankFu.o (__subsf3)
/usr/local/lib/gcc/avr/4.9.2/../../../../avr/lib/avr5/libm.a(addsf3x.o)
                              /usr/local/lib/gcc/avr/4.9.2/../../../../avr/lib/avr5/libm.a(addsf3.o) (__addsf3x)
/usr/local/lib/gcc/avr/4.9.2/../../../../avr/lib/avr5/libm.a(cmpsf2.o)
                              TankFu.o (__eqsf2)
/usr/local/lib/gcc/avr/4.9.2/../../../../avr/lib/avr5/libm.a(divsf3.o)
                              TankFu.o (__divsf3)
/usr/local/lib/gcc/avr/4.9.2/../../../../avr/lib/avr5/libm.a(divsf3x.o)
                              /usr/local/lib/gcc/avr/4.9.2/../../../../avr/lib/avr5/libm.a(divsf3.o) (__divsf3x)
/usr/local/lib/gcc/avr/4.9.2/../../../../avr/lib/avr5/libm.a(fixsfsi.o)
                              TankFu.o (__fixsfsi)
/usr/local/lib/gcc/avr/4.9.2/../../../../avr/lib/avr5/libm.a(fixunssfsi.o)
                              TankFu.o (__fixunssfsi)
/usr/local/lib/gcc/avr/4.9.2/../../../../avr/lib/avr5/libm.a(floatsisf.o)
                              TankFu.o (__floatunsisf)
/usr/local/lib/gcc/avr/4.9.2/../../../../avr/lib/avr5/libm.a(fp_cmp.o)
                              /usr/local/lib/gcc/avr/4.9.2/../../../../avr/lib/avr5/libm.a(cmpsf2.o) (__fp_cmp)
/usr/local/lib/gcc/avr/4.9.2/../../../../avr/lib/avr5/libm.a(fp_inf.o)
                              /usr/local/lib/gcc/avr/4.9.2/../../../../avr/lib/avr5/libm.a(addsf3x.o) (__fp_inf)
/usr/local/lib/gcc/avr/4.9.2/../../../../avr/lib/avr5/libm.a(fp_nan.o)
                              /usr/local/lib/gcc/avr/4.9.2/../../../../avr/lib/avr5/libm.a(addsf3x.o) (__fp_nan)
/usr/local/lib/gcc/avr/4.9.2/../../../../avr/lib/avr5/libm.a(fp_pscA.o)
                              /usr/local/lib/gcc/avr/4.9.2/../../../../avr/lib/avr5/libm.a(addsf3x.o) (__fp_pscA)
/usr/local/lib/gcc/avr/4.9.2/../../../../avr/lib/avr5/libm.a(fp_pscB.o)
                              /usr/local/lib/gcc/avr/4.9.2/../../../../avr/lib/avr5/libm.a(addsf3x.o) (__fp_pscB)
/usr/local/lib/gcc/avr/4.9.2/../../../../avr/lib/avr5/libm.a(fp_round.o)
                              /usr/local/lib/gcc/avr/4.9.2/../../../../avr/lib/avr5/libm.a(addsf3.o) (__fp_round)
/usr/local/lib/gcc/avr/4.9.2/../../../../avr/lib/avr5/libm.a(fp_split3.o)
                              /usr/local/lib/gcc/avr/4.9.2/../../../../avr/lib/avr5/libm.a(addsf3x.o) (__fp_split3)
/usr/local/lib/gcc/avr/4.9.2/../../../../avr/lib/avr5/libm.a(fp_zero.o)
                              /usr/local/lib/gcc/avr/4.9.2/../../../../avr/lib/avr5/libm.a(addsf3x.o) (__fp_zero)
/usr/local/lib/gcc/avr/4.9.2/../../../../avr/lib/avr5/libm.a(gesf2.o)
                              TankFu.o (__gtsf2)
/usr/local/lib/gcc/avr/4.9.2/../../../../avr/lib/avr5/libm.a(mulsf3.o)
                              TankFu.o (__mulsf3)
/usr/local/lib/gcc/avr/4.9.2/../../../../avr/lib/avr5/libm.a(mulsf3x.o)
                              /usr/local/lib/gcc/avr/4.9.2/../../../../avr/lib/avr5/libm.a(mulsf3.o) (__mulsf3x)
/usr/local/lib/gcc/avr/4.9.2/../../../../avr/lib/avr5/libc.a(memcpy_P.o)
                              TankFu.o (memcpy_P)
/usr/local/lib/gcc/avr/4.9.2/../../../../avr/lib/avr5/libc.a(strnlen_P.o)
                              TankFu.o (strnlen_P)
/usr/local/lib/gcc/avr/4.9.2/../../../../avr/lib/avr5/libc.a(strupr.o)
                              TankFu.o (strupr)
/usr/local/lib/gcc/avr/4.9.2/../../../../avr/lib/avr5/libc.a(sprintf.o)
                              TankFu.o (sprintf)
/usr/local/lib/gcc/avr/4.9.2/../../../../avr/lib/avr5/libc.a(vfprintf_std.o)
                              /usr/local/lib/gcc/avr/4.9.2/../../../../avr/lib/avr5/libc.a(sprintf.o) (vfprintf)
/usr/local/lib/gcc/avr/4.9.2/../../../../avr/lib/avr5/libc.a(strnlen.o)
                              /usr/local/lib/gcc/avr/4.9.2/../../../../avr/lib/avr5/libc.a(vfprintf_std.o) (strnlen)
/usr/local/lib/gcc/avr/4.9.2/../../../../avr/lib/avr5/libc.a(fputc.o)
                              /usr/local/lib/gcc/avr/4.9.2/../../../../avr/lib/avr5/libc.a(vfprintf_std.o) (fputc)
/usr/local/lib/gcc/avr/4.9.2/../../../../avr/lib/avr5/libc.a(ultoa_invert.o)
                              /usr/local/lib/gcc/avr/4.9.2/../../../../avr/lib/avr5/libc.a(vfprintf_std.o) (__ultoa_invert)
/usr/local/lib/gcc/avr/4.9.2/avr5/libgcc.a(_prologue.o)
                              /usr/local/lib/gcc/avr/4.9.2/../../../../avr/lib/avr5/libc.a(sprintf.o) (__prologue_saves__)
/usr/local/lib/gcc/avr/4.9.2/avr5/libgcc.a(_epilogue.o)
                              /usr/local/lib/gcc/avr/4.9.2/../../../../avr/lib/avr5/libc.a(sprintf.o) (__epilogue_restores__)

Allocating common symbols
Common symbol       size              file

songStart           0x2               uzeboxSoundEngine.o
uart_tx_buf         0x40              uzeboxCore.o
tracks              0x5c              uzeboxSoundEngine.o
scores              0x20              TankFu.o
fadeSpeed           0x1               uzeboxVideoEngine.o
p2                  0x7               TankFu.o
currDeltaTime       0x2               uzeboxSoundEngine.o
fadeDir             0x1               uzeboxVideoEngine.o
patchPointers       0x2               uzeboxSoundEngine.o
p2s                 0x6               TankFu.o
handles             0x20              TankFu.o
game                0x14              TankFu.o
tile_animations     0x1d              TankFu.o
lastStatus          0x1               uzeboxSoundEngine.o
joypadsConnectionStatus
                    0x1               uzeboxCore.o
wifi_status         0x1               TankFu.o
player1             0x7c              TankFu.o
fadeActive          0x1               uzeboxVideoEngine.o
p1                  0x7               TankFu.o
uart_rx_head        0x1               uzeboxCore.o
masterVolume        0x1               uzeboxSoundEngine.o
nextDeltaTime       0x2               uzeboxSoundEngine.o
songSpeed           0x1               uzeboxSoundEngine.o
uart_tx_head        0x1               uzeboxCore.o
songPos             0x2               uzeboxSoundEngine.o
level               0x2ef             TankFu.o
uart_rx_tail        0x1               uzeboxCore.o
player2             0x7c              TankFu.o
loopStart           0x2               uzeboxSoundEngine.o
sub_animation       0xe               TankFu.o
scope_animation     0xe               TankFu.o
uart_rx_buf         0x40              uzeboxCore.o
netMessage          0x1c              TankFu.o
step                0x1               uzeboxSoundEngine.o
currFadeFrame       0x1               uzeboxVideoEngine.o
p1s                 0x6               TankFu.o
fadeStep            0x1               uzeboxVideoEngine.o
uart_tx_tail        0x1               uzeboxCore.o
turret2             0x34              TankFu.o
turret1             0x34              TankFu.o

Discarded input sections

 .data          0x0000000000000000        0x0 /usr/local/lib/gcc/avr/4.9.2/../../../../avr/lib/avr5/crtm644.o
 .bss           0x0000000000000000        0x0 /usr/local/lib/gcc/avr/4.9.2/../../../../avr/lib/avr5/crtm644.o
 .data          0x0000000000000000        0x0 uzeboxVideoEngineCore.o
 .text.SetSpritesTileBank
                0x0000000000000000       0x12 uzeboxVideoEngineCore.o
 .text.GetTile  0x0000000000000000       0x1e uzeboxVideoEngineCore.o
 .text.SetUserPreVsyncCallback
                0x0000000000000000        0xa uzeboxVideoEngineCore.o
 .text.SetUserPostVsyncCallback
                0x0000000000000000        0xa uzeboxVideoEngineCore.o
 .text.IsRunningInEmulator
                0x0000000000000000       0x12 uzeboxVideoEngineCore.o
 .text.WaitClocks
                0x0000000000000000        0x6 uzeboxVideoEngineCore.o
 .text.SetLedOn
                0x0000000000000000        0x4 uzeboxVideoEngineCore.o
 .text.SetLedOff
                0x0000000000000000        0x4 uzeboxVideoEngineCore.o
 .text.ToggleLed
                0x0000000000000000        0x4 uzeboxVideoEngineCore.o
 .text.internal_spi_byte
                0x0000000000000000        0xe uzeboxVideoEngineCore.o
 .text          0x0000000000000000        0x0 uzeboxCore.o
 .data          0x0000000000000000        0x0 uzeboxCore.o
 .text.SetRenderingParameters
                0x0000000000000000        0xa uzeboxCore.o
 .text.DetectControllers
                0x0000000000000000       0x36 uzeboxCore.o
 .text.FormatEeprom2
                0x0000000000000000       0x98 uzeboxCore.o
 .text.IsPowerSwitchPressed
                0x0000000000000000        0xe uzeboxCore.o
 .text.UartGoBack
                0x0000000000000000       0x16 uzeboxCore.o
 .text.IsUartRxBufferEmpty
                0x0000000000000000       0x10 uzeboxCore.o
 .text.IsUartTxBufferEmpty
                0x0000000000000000       0x10 uzeboxCore.o
 .text.IsUartTxBufferFull
                0x0000000000000000       0x14 uzeboxCore.o
 .text          0x0000000000000000        0x0 uzeboxSoundEngine.o
 .data          0x0000000000000000        0x0 uzeboxSoundEngine.o
 .text.StartSong
                0x0000000000000000       0x52 uzeboxSoundEngine.o
 .text.StopSong
                0x0000000000000000       0x18 uzeboxSoundEngine.o
 .text.ResumeSong
                0x0000000000000000        0x8 uzeboxSoundEngine.o
 .text.SetSongSpeed
                0x0000000000000000        0x6 uzeboxSoundEngine.o
 .text.GetSongSpeed
                0x0000000000000000        0x6 uzeboxSoundEngine.o
 .text.GetMasterVolume
                0x0000000000000000        0x6 uzeboxSoundEngine.o
 .text.IsSongPlaying
                0x0000000000000000        0x6 uzeboxSoundEngine.o
 .data          0x0000000000000000        0x0 uzeboxSoundEngineCore.o
 .text.SetMixerNoiseParams
                0x0000000000000000       0x10 uzeboxSoundEngineCore.o
 .text.SetMixerVolume
                0x0000000000000000       0x16 uzeboxSoundEngineCore.o
 .text.EnableSoundEngine
                0x0000000000000000        0x8 uzeboxSoundEngineCore.o
 .text          0x0000000000000000        0x0 uzeboxVideoEngine.o
 .bss           0x0000000000000000        0x0 uzeboxVideoEngine.o
 .text.SetUserRamTilesCount
                0x0000000000000000        0x6 uzeboxVideoEngine.o
 .text.GetUserRamTile
                0x0000000000000000        0xe uzeboxVideoEngine.o
 .text.SetSpriteVisibility
                0x0000000000000000        0x6 uzeboxVideoEngine.o
 .text.MapSprite
                0x0000000000000000       0x80 uzeboxVideoEngine.o
 .text.PrintLong
                0x0000000000000000       0x8a uzeboxVideoEngine.o
 .text.PrintInt
                0x0000000000000000       0x70 uzeboxVideoEngine.o
 .text.PrintBinaryByte
                0x0000000000000000       0x36 uzeboxVideoEngine.o
 .text.PrintHexByte
                0x0000000000000000       0x40 uzeboxVideoEngine.o
 .text.PrintHexInt
                0x0000000000000000       0x24 uzeboxVideoEngine.o
 .text.PrintHexLong
                0x0000000000000000       0x5e uzeboxVideoEngine.o
 .text.PrintRam
                0x0000000000000000       0x36 uzeboxVideoEngine.o
 .text.Fill     0x0000000000000000       0x6e uzeboxVideoEngine.o
 .text.FontFill
                0x0000000000000000       0x6c uzeboxVideoEngine.o
 .text          0x0000000000000000        0x0 TankFu.o
 .text.wifiGetP
                0x0000000000000000       0x14 TankFu.o
 .text.LBGetJoyPadStateNet
                0x0000000000000000       0x24 TankFu.o
 .text.LBWaitUs
                0x0000000000000000        0x4 TankFu.o
 .text.save_eeprom
                0x0000000000000000        0x4 TankFu.o
 .text.turret_map
                0x0000000000000000       0x14 TankFu.o
 .text.turret_shot_map
                0x0000000000000000       0x14 TankFu.o
 .text          0x0000000000000000        0x0 /usr/local/lib/gcc/avr/4.9.2/avr5/libgcc.a(_udivmodqi4.o)
 .data          0x0000000000000000        0x0 /usr/local/lib/gcc/avr/4.9.2/avr5/libgcc.a(_udivmodqi4.o)
 .bss           0x0000000000000000        0x0 /usr/local/lib/gcc/avr/4.9.2/avr5/libgcc.a(_udivmodqi4.o)
 .text.libgcc.mul
                0x0000000000000000        0x0 /usr/local/lib/gcc/avr/4.9.2/avr5/libgcc.a(_udivmodqi4.o)
 .text.libgcc   0x0000000000000000        0x0 /usr/local/lib/gcc/avr/4.9.2/avr5/libgcc.a(_udivmodqi4.o)
 .text.libgcc.prologue
                0x0000000000000000        0x0 /usr/local/lib/gcc/avr/4.9.2/avr5/libgcc.a(_udivmodqi4.o)
 .text.libgcc.builtins
                0x0000000000000000        0x0 /usr/local/lib/gcc/avr/4.9.2/avr5/libgcc.a(_udivmodqi4.o)
 .text.libgcc.fmul
                0x0000000000000000        0x0 /usr/local/lib/gcc/avr/4.9.2/avr5/libgcc.a(_udivmodqi4.o)
 .text.libgcc.fixed
                0x0000000000000000        0x0 /usr/local/lib/gcc/avr/4.9.2/avr5/libgcc.a(_udivmodqi4.o)
 .text          0x0000000000000000        0x0 /usr/local/lib/gcc/avr/4.9.2/avr5/libgcc.a(_divmodqi4.o)
 .data          0x0000000000000000        0x0 /usr/local/lib/gcc/avr/4.9.2/avr5/libgcc.a(_divmodqi4.o)
 .bss           0x0000000000000000        0x0 /usr/local/lib/gcc/avr/4.9.2/avr5/libgcc.a(_divmodqi4.o)
 .text.libgcc.mul
                0x0000000000000000        0x0 /usr/local/lib/gcc/avr/4.9.2/avr5/libgcc.a(_divmodqi4.o)
 .text.libgcc   0x0000000000000000        0x0 /usr/local/lib/gcc/avr/4.9.2/avr5/libgcc.a(_divmodqi4.o)
 .text.libgcc.prologue
                0x0000000000000000        0x0 /usr/local/lib/gcc/avr/4.9.2/avr5/libgcc.a(_divmodqi4.o)
 .text.libgcc.builtins
                0x0000000000000000        0x0 /usr/local/lib/gcc/avr/4.9.2/avr5/libgcc.a(_divmodqi4.o)
 .text.libgcc.fmul
                0x0000000000000000        0x0 /usr/local/lib/gcc/avr/4.9.2/avr5/libgcc.a(_divmodqi4.o)
 .text.libgcc.fixed
                0x0000000000000000        0x0 /usr/local/lib/gcc/avr/4.9.2/avr5/libgcc.a(_divmodqi4.o)
 .text          0x0000000000000000        0x0 /usr/local/lib/gcc/avr/4.9.2/avr5/libgcc.a(_udivmodhi4.o)
 .data          0x0000000000000000        0x0 /usr/local/lib/gcc/avr/4.9.2/avr5/libgcc.a(_udivmodhi4.o)
 .bss           0x0000000000000000        0x0 /usr/local/lib/gcc/avr/4.9.2/avr5/libgcc.a(_udivmodhi4.o)
 .text.libgcc.mul
                0x0000000000000000        0x0 /usr/local/lib/gcc/avr/4.9.2/avr5/libgcc.a(_udivmodhi4.o)
 .text.libgcc   0x0000000000000000        0x0 /usr/local/lib/gcc/avr/4.9.2/avr5/libgcc.a(_udivmodhi4.o)
 .text.libgcc.prologue
                0x0000000000000000        0x0 /usr/local/lib/gcc/avr/4.9.2/avr5/libgcc.a(_udivmodhi4.o)
 .text.libgcc.builtins
                0x0000000000000000        0x0 /usr/local/lib/gcc/avr/4.9.2/avr5/libgcc.a(_udivmodhi4.o)
 .text.libgcc.fmul
                0x0000000000000000        0x0 /usr/local/lib/gcc/avr/4.9.2/avr5/libgcc.a(_udivmodhi4.o)
 .text.libgcc.fixed
                0x0000000000000000        0x0 /usr/local/lib/gcc/avr/4.9.2/avr5/libgcc.a(_udivmodhi4.o)
 .text          0x0000000000000000        0x0 /usr/local/lib/gcc/avr/4.9.2/avr5/libgcc.a(_divmodhi4.o)
 .data          0x0000000000000000        0x0 /usr/local/lib/gcc/avr/4.9.2/avr5/libgcc.a(_divmodhi4.o)
 .bss           0x0000000000000000        0x0 /usr/local/lib/gcc/avr/4.9.2/avr5/libgcc.a(_divmodhi4.o)
 .text.libgcc.mul
                0x0000000000000000        0x0 /usr/local/lib/gcc/avr/4.9.2/avr5/libgcc.a(_divmodhi4.o)
 .text.libgcc   0x0000000000000000        0x0 /usr/local/lib/gcc/avr/4.9.2/avr5/libgcc.a(_divmodhi4.o)
 .text.libgcc.prologue
                0x0000000000000000        0x0 /usr/local/lib/gcc/avr/4.9.2/avr5/libgcc.a(_divmodhi4.o)
 .text.libgcc.builtins
                0x0000000000000000        0x0 /usr/local/lib/gcc/avr/4.9.2/avr5/libgcc.a(_divmodhi4.o)
 .text.libgcc.fmul
                0x0000000000000000        0x0 /usr/local/lib/gcc/avr/4.9.2/avr5/libgcc.a(_divmodhi4.o)
 .text.libgcc.fixed
                0x0000000000000000        0x0 /usr/local/lib/gcc/avr/4.9.2/avr5/libgcc.a(_divmodhi4.o)
 .text          0x0000000000000000        0x0 /usr/local/lib/gcc/avr/4.9.2/avr5/libgcc.a(_udivmodsi4.o)
 .data          0x0000000000000000        0x0 /usr/local/lib/gcc/avr/4.9.2/avr5/libgcc.a(_udivmodsi4.o)
 .bss           0x0000000000000000        0x0 /usr/local/lib/gcc/avr/4.9.2/avr5/libgcc.a(_udivmodsi4.o)
 .stab          0x0000000000000000      0x228 /usr/local/lib/gcc/avr/4.9.2/avr5/libgcc.a(_udivmodsi4.o)
                                        0x234 (size before relaxing)
 .text.libgcc.mul
                0x0000000000000000        0x0 /usr/local/lib/gcc/avr/4.9.2/avr5/libgcc.a(_udivmodsi4.o)
 .text.libgcc.div
                0x0000000000000000       0x44 /usr/local/lib/gcc/avr/4.9.2/avr5/libgcc.a(_udivmodsi4.o)
 .text.libgcc   0x0000000000000000        0x0 /usr/local/lib/gcc/avr/4.9.2/avr5/libgcc.a(_udivmodsi4.o)
 .text.libgcc.prologue
                0x0000000000000000        0x0 /usr/local/lib/gcc/avr/4.9.2/avr5/libgcc.a(_udivmodsi4.o)
 .text.libgcc.builtins
                0x0000000000000000        0x0 /usr/local/lib/gcc/avr/4.9.2/avr5/libgcc.a(_udivmodsi4.o)
 .text.libgcc.fmul
                0x0000000000000000        0x0 /usr/local/lib/gcc/avr/4.9.2/avr5/libgcc.a(_udivmodsi4.o)
 .text.libgcc.fixed
                0x0000000000000000        0x0 /usr/local/lib/gcc/avr/4.9.2/avr5/libgcc.a(_udivmodsi4.o)
 .text          0x0000000000000000        0x0 /usr/local/lib/gcc/avr/4.9.2/avr5/libgcc.a(_exit.o)
 .data          0x0000000000000000        0x0 /usr/local/lib/gcc/avr/4.9.2/avr5/libgcc.a(_exit.o)
 .bss           0x0000000000000000        0x0 /usr/local/lib/gcc/avr/4.9.2/avr5/libgcc.a(_exit.o)
 .text.libgcc.mul
                0x0000000000000000        0x0 /usr/local/lib/gcc/avr/4.9.2/avr5/libgcc.a(_exit.o)
 .text.libgcc.div
                0x0000000000000000        0x0 /usr/local/lib/gcc/avr/4.9.2/avr5/libgcc.a(_exit.o)
 .text.libgcc   0x0000000000000000        0x0 /usr/local/lib/gcc/avr/4.9.2/avr5/libgcc.a(_exit.o)
 .text.libgcc.prologue
                0x0000000000000000        0x0 /usr/local/lib/gcc/avr/4.9.2/avr5/libgcc.a(_exit.o)
 .text.libgcc.builtins
                0x0000000000000000        0x0 /usr/local/lib/gcc/avr/4.9.2/avr5/libgcc.a(_exit.o)
 .text.libgcc.fmul
                0x0000000000000000        0x0 /usr/local/lib/gcc/avr/4.9.2/avr5/libgcc.a(_exit.o)
 .text.libgcc.fixed
                0x0000000000000000        0x0 /usr/local/lib/gcc/avr/4.9.2/avr5/libgcc.a(_exit.o)
 .text          0x0000000000000000        0x0 /usr/local/lib/gcc/avr/4.9.2/avr5/libgcc.a(_copy_data.o)
 .data          0x0000000000000000        0x0 /usr/local/lib/gcc/avr/4.9.2/avr5/libgcc.a(_copy_data.o)
 .bss           0x0000000000000000        0x0 /usr/local/lib/gcc/avr/4.9.2/avr5/libgcc.a(_copy_data.o)
 .text.libgcc.mul
                0x0000000000000000        0x0 /usr/local/lib/gcc/avr/4.9.2/avr5/libgcc.a(_copy_data.o)
 .text.libgcc.div
                0x0000000000000000        0x0 /usr/local/lib/gcc/avr/4.9.2/avr5/libgcc.a(_copy_data.o)
 .text.libgcc   0x0000000000000000        0x0 /usr/local/lib/gcc/avr/4.9.2/avr5/libgcc.a(_copy_data.o)
 .text.libgcc.prologue
                0x0000000000000000        0x0 /usr/local/lib/gcc/avr/4.9.2/avr5/libgcc.a(_copy_data.o)
 .text.libgcc.builtins
                0x0000000000000000        0x0 /usr/local/lib/gcc/avr/4.9.2/avr5/libgcc.a(_copy_data.o)
 .text.libgcc.fmul
                0x0000000000000000        0x0 /usr/local/lib/gcc/avr/4.9.2/avr5/libgcc.a(_copy_data.o)
 .text.libgcc.fixed
                0x0000000000000000        0x0 /usr/local/lib/gcc/avr/4.9.2/avr5/libgcc.a(_copy_data.o)
 .text          0x0000000000000000        0x0 /usr/local/lib/gcc/avr/4.9.2/avr5/libgcc.a(_clear_bss.o)
 .data          0x0000000000000000        0x0 /usr/local/lib/gcc/avr/4.9.2/avr5/libgcc.a(_clear_bss.o)
 .bss           0x0000000000000000        0x0 /usr/local/lib/gcc/avr/4.9.2/avr5/libgcc.a(_clear_bss.o)
 .text.libgcc.mul
                0x0000000000000000        0x0 /usr/local/lib/gcc/avr/4.9.2/avr5/libgcc.a(_clear_bss.o)
 .text.libgcc.div
                0x0000000000000000        0x0 /usr/local/lib/gcc/avr/4.9.2/avr5/libgcc.a(_clear_bss.o)
 .text.libgcc   0x0000000000000000        0x0 /usr/local/lib/gcc/avr/4.9.2/avr5/libgcc.a(_clear_bss.o)
 .text.libgcc.prologue
                0x0000000000000000        0x0 /usr/local/lib/gcc/avr/4.9.2/avr5/libgcc.a(_clear_bss.o)
 .text.libgcc.builtins
                0x0000000000000000        0x0 /usr/local/lib/gcc/avr/4.9.2/avr5/libgcc.a(_clear_bss.o)
 .text.libgcc.fmul
                0x0000000000000000        0x0 /usr/local/lib/gcc/avr/4.9.2/avr5/libgcc.a(_clear_bss.o)
 .text.libgcc.fixed
                0x0000000000000000        0x0 /usr/local/lib/gcc/avr/4.9.2/avr5/libgcc.a(_clear_bss.o)
 .text          0x0000000000000000        0x0 /usr/local/lib/gcc/avr/4.9.2/../../../../avr/lib/avr5/libm.a(addsf3.o)
 .data          0x0000000000000000        0x0 /usr/local/lib/gcc/avr/4.9.2/../../../../avr/lib/avr5/libm.a(addsf3.o)
 .bss           0x0000000000000000        0x0 /usr/local/lib/gcc/avr/4.9.2/../../../../avr/lib/avr5/libm.a(addsf3.o)
 .text          0x0000000000000000        0x0 /usr/local/lib/gcc/avr/4.9.2/../../../../avr/lib/avr5/libm.a(addsf3x.o)
 .data          0x0000000000000000        0x0 /usr/local/lib/gcc/avr/4.9.2/../../../../avr/lib/avr5/libm.a(addsf3x.o)
 .bss           0x0000000000000000        0x0 /usr/local/lib/gcc/avr/4.9.2/../../../../avr/lib/avr5/libm.a(addsf3x.o)
 .text          0x0000000000000000        0x0 /usr/local/lib/gcc/avr/4.9.2/../../../../avr/lib/avr5/libm.a(cmpsf2.o)
 .data          0x0000000000000000        0x0 /usr/local/lib/gcc/avr/4.9.2/../../../../avr/lib/avr5/libm.a(cmpsf2.o)
 .bss           0x0000000000000000        0x0 /usr/local/lib/gcc/avr/4.9.2/../../../../avr/lib/avr5/libm.a(cmpsf2.o)
 .text          0x0000000000000000        0x0 /usr/local/lib/gcc/avr/4.9.2/../../../../avr/lib/avr5/libm.a(divsf3.o)
 .data          0x0000000000000000        0x0 /usr/local/lib/gcc/avr/4.9.2/../../../../avr/lib/avr5/libm.a(divsf3.o)
 .bss           0x0000000000000000        0x0 /usr/local/lib/gcc/avr/4.9.2/../../../../avr/lib/avr5/libm.a(divsf3.o)
 .text          0x0000000000000000        0x0 /usr/local/lib/gcc/avr/4.9.2/../../../../avr/lib/avr5/libm.a(divsf3x.o)
 .data          0x0000000000000000        0x0 /usr/local/lib/gcc/avr/4.9.2/../../../../avr/lib/avr5/libm.a(divsf3x.o)
 .bss           0x0000000000000000        0x0 /usr/local/lib/gcc/avr/4.9.2/../../../../avr/lib/avr5/libm.a(divsf3x.o)
 .text          0x0000000000000000        0x0 /usr/local/lib/gcc/avr/4.9.2/../../../../avr/lib/avr5/libm.a(fixsfsi.o)
 .data          0x0000000000000000        0x0 /usr/local/lib/gcc/avr/4.9.2/../../../../avr/lib/avr5/libm.a(fixsfsi.o)
 .bss           0x0000000000000000        0x0 /usr/local/lib/gcc/avr/4.9.2/../../../../avr/lib/avr5/libm.a(fixsfsi.o)
 .text          0x0000000000000000        0x0 /usr/local/lib/gcc/avr/4.9.2/../../../../avr/lib/avr5/libm.a(fixunssfsi.o)
 .data          0x0000000000000000        0x0 /usr/local/lib/gcc/avr/4.9.2/../../../../avr/lib/avr5/libm.a(fixunssfsi.o)
 .bss           0x0000000000000000        0x0 /usr/local/lib/gcc/avr/4.9.2/../../../../avr/lib/avr5/libm.a(fixunssfsi.o)
 .text          0x0000000000000000        0x0 /usr/local/lib/gcc/avr/4.9.2/../../../../avr/lib/avr5/libm.a(floatsisf.o)
 .data          0x0000000000000000        0x0 /usr/local/lib/gcc/avr/4.9.2/../../../../avr/lib/avr5/libm.a(floatsisf.o)
 .bss           0x0000000000000000        0x0 /usr/local/lib/gcc/avr/4.9.2/../../../../avr/lib/avr5/libm.a(floatsisf.o)
 .text          0x0000000000000000        0x0 /usr/local/lib/gcc/avr/4.9.2/../../../../avr/lib/avr5/libm.a(fp_cmp.o)
 .data          0x0000000000000000        0x0 /usr/local/lib/gcc/avr/4.9.2/../../../../avr/lib/avr5/libm.a(fp_cmp.o)
 .bss           0x0000000000000000        0x0 /usr/local/lib/gcc/avr/4.9.2/../../../../avr/lib/avr5/libm.a(fp_cmp.o)
 .text          0x0000000000000000        0x0 /usr/local/lib/gcc/avr/4.9.2/../../../../avr/lib/avr5/libm.a(fp_inf.o)
 .data          0x0000000000000000        0x0 /usr/local/lib/gcc/avr/4.9.2/../../../../avr/lib/avr5/libm.a(fp_inf.o)
 .bss           0x0000000000000000        0x0 /usr/local/lib/gcc/avr/4.9.2/../../../../avr/lib/avr5/libm.a(fp_inf.o)
 .text          0x0000000000000000        0x0 /usr/local/lib/gcc/avr/4.9.2/../../../../avr/lib/avr5/libm.a(fp_nan.o)
 .data          0x0000000000000000        0x0 /usr/local/lib/gcc/avr/4.9.2/../../../../avr/lib/avr5/libm.a(fp_nan.o)
 .bss           0x0000000000000000        0x0 /usr/local/lib/gcc/avr/4.9.2/../../../../avr/lib/avr5/libm.a(fp_nan.o)
 .text          0x0000000000000000        0x0 /usr/local/lib/gcc/avr/4.9.2/../../../../avr/lib/avr5/libm.a(fp_pscA.o)
 .data          0x0000000000000000        0x0 /usr/local/lib/gcc/avr/4.9.2/../../../../avr/lib/avr5/libm.a(fp_pscA.o)
 .bss           0x0000000000000000        0x0 /usr/local/lib/gcc/avr/4.9.2/../../../../avr/lib/avr5/libm.a(fp_pscA.o)
 .text          0x0000000000000000        0x0 /usr/local/lib/gcc/avr/4.9.2/../../../../avr/lib/avr5/libm.a(fp_pscB.o)
 .data          0x0000000000000000        0x0 /usr/local/lib/gcc/avr/4.9.2/../../../../avr/lib/avr5/libm.a(fp_pscB.o)
 .bss           0x0000000000000000        0x0 /usr/local/lib/gcc/avr/4.9.2/../../../../avr/lib/avr5/libm.a(fp_pscB.o)
 .text          0x0000000000000000        0x0 /usr/local/lib/gcc/avr/4.9.2/../../../../avr/lib/avr5/libm.a(fp_round.o)
 .data          0x0000000000000000        0x0 /usr/local/lib/gcc/avr/4.9.2/../../../../avr/lib/avr5/libm.a(fp_round.o)
 .bss           0x0000000000000000        0x0 /usr/local/lib/gcc/avr/4.9.2/../../../../avr/lib/avr5/libm.a(fp_round.o)
 .text          0x0000000000000000        0x0 /usr/local/lib/gcc/avr/4.9.2/../../../../avr/lib/avr5/libm.a(fp_split3.o)
 .data          0x0000000000000000        0x0 /usr/local/lib/gcc/avr/4.9.2/../../../../avr/lib/avr5/libm.a(fp_split3.o)
 .bss           0x0000000000000000        0x0 /usr/local/lib/gcc/avr/4.9.2/../../../../avr/lib/avr5/libm.a(fp_split3.o)
 .text          0x0000000000000000        0x0 /usr/local/lib/gcc/avr/4.9.2/../../../../avr/lib/avr5/libm.a(fp_zero.o)
 .data          0x0000000000000000        0x0 /usr/local/lib/gcc/avr/4.9.2/../../../../avr/lib/avr5/libm.a(fp_zero.o)
 .bss           0x0000000000000000        0x0 /usr/local/lib/gcc/avr/4.9.2/../../../../avr/lib/avr5/libm.a(fp_zero.o)
 .text          0x0000000000000000        0x0 /usr/local/lib/gcc/avr/4.9.2/../../../../avr/lib/avr5/libm.a(gesf2.o)
 .data          0x0000000000000000        0x0 /usr/local/lib/gcc/avr/4.9.2/../../../../avr/lib/avr5/libm.a(gesf2.o)
 .bss           0x0000000000000000        0x0 /usr/local/lib/gcc/avr/4.9.2/../../../../avr/lib/avr5/libm.a(gesf2.o)
 .text          0x0000000000000000        0x0 /usr/local/lib/gcc/avr/4.9.2/../../../../avr/lib/avr5/libm.a(mulsf3.o)
 .data          0x0000000000000000        0x0 /usr/local/lib/gcc/avr/4.9.2/../../../../avr/lib/avr5/libm.a(mulsf3.o)
 .bss           0x0000000000000000        0x0 /usr/local/lib/gcc/avr/4.9.2/../../../../avr/lib/avr5/libm.a(mulsf3.o)
 .text          0x0000000000000000        0x0 /usr/local/lib/gcc/avr/4.9.2/../../../../avr/lib/avr5/libm.a(mulsf3x.o)
 .data          0x0000000000000000        0x0 /usr/local/lib/gcc/avr/4.9.2/../../../../avr/lib/avr5/libm.a(mulsf3x.o)
 .bss           0x0000000000000000        0x0 /usr/local/lib/gcc/avr/4.9.2/../../../../avr/lib/avr5/libm.a(mulsf3x.o)
 .text          0x0000000000000000        0x0 /usr/local/lib/gcc/avr/4.9.2/../../../../avr/lib/avr5/libc.a(memcpy_P.o)
 .data          0x0000000000000000        0x0 /usr/local/lib/gcc/avr/4.9.2/../../../../avr/lib/avr5/libc.a(memcpy_P.o)
 .bss           0x0000000000000000        0x0 /usr/local/lib/gcc/avr/4.9.2/../../../../avr/lib/avr5/libc.a(memcpy_P.o)
 .text          0x0000000000000000        0x0 /usr/local/lib/gcc/avr/4.9.2/../../../../avr/lib/avr5/libc.a(strnlen_P.o)
 .data          0x0000000000000000        0x0 /usr/local/lib/gcc/avr/4.9.2/../../../../avr/lib/avr5/libc.a(strnlen_P.o)
 .bss           0x0000000000000000        0x0 /usr/local/lib/gcc/avr/4.9.2/../../../../avr/lib/avr5/libc.a(strnlen_P.o)
 .text          0x0000000000000000        0x0 /usr/local/lib/gcc/avr/4.9.2/../../../../avr/lib/avr5/libc.a(strupr.o)
 .data          0x0000000000000000        0x0 /usr/local/lib/gcc/avr/4.9.2/../../../../avr/lib/avr5/libc.a(strupr.o)
 .bss           0x0000000000000000        0x0 /usr/local/lib/gcc/avr/4.9.2/../../../../avr/lib/avr5/libc.a(strupr.o)
 .text          0x0000000000000000        0x0 /usr/local/lib/gcc/avr/4.9.2/../../../../avr/lib/avr5/libc.a(sprintf.o)
 .data          0x0000000000000000        0x0 /usr/local/lib/gcc/avr/4.9.2/../../../../avr/lib/avr5/libc.a(sprintf.o)
 .bss           0x0000000000000000        0x0 /usr/local/lib/gcc/avr/4.9.2/../../../../avr/lib/avr5/libc.a(sprintf.o)
 .text          0x0000000000000000        0x0 /usr/local/lib/gcc/avr/4.9.2/../../../../avr/lib/avr5/libc.a(vfprintf_std.o)
 .data          0x0000000000000000        0x0 /usr/local/lib/gcc/avr/4.9.2/../../../../avr/lib/avr5/libc.a(vfprintf_std.o)
 .bss           0x0000000000000000        0x0 /usr/local/lib/gcc/avr/4.9.2/../../../../avr/lib/avr5/libc.a(vfprintf_std.o)
 .text          0x0000000000000000        0x0 /usr/local/lib/gcc/avr/4.9.2/../../../../avr/lib/avr5/libc.a(strnlen.o)
 .data          0x0000000000000000        0x0 /usr/local/lib/gcc/avr/4.9.2/../../../../avr/lib/avr5/libc.a(strnlen.o)
 .bss           0x0000000000000000        0x0 /usr/local/lib/gcc/avr/4.9.2/../../../../avr/lib/avr5/libc.a(strnlen.o)
 .text          0x0000000000000000        0x0 /usr/local/lib/gcc/avr/4.9.2/../../../../avr/lib/avr5/libc.a(fputc.o)
 .data          0x0000000000000000        0x0 /usr/local/lib/gcc/avr/4.9.2/../../../../avr/lib/avr5/libc.a(fputc.o)
 .bss           0x0000000000000000        0x0 /usr/local/lib/gcc/avr/4.9.2/../../../../avr/lib/avr5/libc.a(fputc.o)
 .text          0x0000000000000000        0x0 /usr/local/lib/gcc/avr/4.9.2/../../../../avr/lib/avr5/libc.a(ultoa_invert.o)
 .data          0x0000000000000000        0x0 /usr/local/lib/gcc/avr/4.9.2/../../../../avr/lib/avr5/libc.a(ultoa_invert.o)
 .bss           0x0000000000000000        0x0 /usr/local/lib/gcc/avr/4.9.2/../../../../avr/lib/avr5/libc.a(ultoa_invert.o)
 .text          0x0000000000000000        0x0 /usr/local/lib/gcc/avr/4.9.2/avr5/libgcc.a(_prologue.o)
 .data          0x0000000000000000        0x0 /usr/local/lib/gcc/avr/4.9.2/avr5/libgcc.a(_prologue.o)
 .bss           0x0000000000000000        0x0 /usr/local/lib/gcc/avr/4.9.2/avr5/libgcc.a(_prologue.o)
 .text.libgcc.mul
                0x0000000000000000        0x0 /usr/local/lib/gcc/avr/4.9.2/avr5/libgcc.a(_prologue.o)
 .text.libgcc.div
                0x0000000000000000        0x0 /usr/local/lib/gcc/avr/4.9.2/avr5/libgcc.a(_prologue.o)
 .text.libgcc   0x0000000000000000        0x0 /usr/local/lib/gcc/avr/4.9.2/avr5/libgcc.a(_prologue.o)
 .text.libgcc.builtins
                0x0000000000000000        0x0 /usr/local/lib/gcc/avr/4.9.2/avr5/libgcc.a(_prologue.o)
 .text.libgcc.fmul
                0x0000000000000000        0x0 /usr/local/lib/gcc/avr/4.9.2/avr5/libgcc.a(_prologue.o)
 .text.libgcc.fixed
                0x0000000000000000        0x0 /usr/local/lib/gcc/avr/4.9.2/avr5/libgcc.a(_prologue.o)
 .text          0x0000000000000000        0x0 /usr/local/lib/gcc/avr/4.9.2/avr5/libgcc.a(_epilogue.o)
 .data          0x0000000000000000        0x0 /usr/local/lib/gcc/avr/4.9.2/avr5/libgcc.a(_epilogue.o)
 .bss           0x0000000000000000        0x0 /usr/local/lib/gcc/avr/4.9.2/avr5/libgcc.a(_epilogue.o)
 .text.libgcc.mul
                0x0000000000000000        0x0 /usr/local/lib/gcc/avr/4.9.2/avr5/libgcc.a(_epilogue.o)
 .text.libgcc.div
                0x0000000000000000        0x0 /usr/local/lib/gcc/avr/4.9.2/avr5/libgcc.a(_epilogue.o)
 .text.libgcc   0x0000000000000000        0x0 /usr/local/lib/gcc/avr/4.9.2/avr5/libgcc.a(_epilogue.o)
 .text.libgcc.builtins
                0x0000000000000000        0x0 /usr/local/lib/gcc/avr/4.9.2/avr5/libgcc.a(_epilogue.o)
 .text.libgcc.fmul
                0x0000000000000000        0x0 /usr/local/lib/gcc/avr/4.9.2/avr5/libgcc.a(_epilogue.o)
 .text.libgcc.fixed
                0x0000000000000000        0x0 /usr/local/lib/gcc/avr/4.9.2/avr5/libgcc.a(_epilogue.o)

Memory Configuration

Name             Origin             Length             Attributes
text             0x0000000000000000 0x0000000000020000 xr
data             0x0000000000800060 0x000000000000ffa0 rw !x
eeprom           0x0000000000810000 0x0000000000010000 rw !x
fuse             0x0000000000820000 0x0000000000000400 rw !x
lock             0x0000000000830000 0x0000000000000400 rw !x
signature        0x0000000000840000 0x0000000000000400 rw !x
*default*        0x0000000000000000 0xffffffffffffffff

Linker script and memory map

Address of section .data set to 0x800100
LOAD /usr/local/lib/gcc/avr/4.9.2/../../../../avr/lib/avr5/crtm644.o
LOAD uzeboxVideoEngineCore.o
LOAD uzeboxCore.o
LOAD uzeboxSoundEngine.o
LOAD uzeboxSoundEngineCore.o
LOAD uzeboxVideoEngine.o
LOAD TankFu.o
START GROUP
LOAD /usr/local/lib/gcc/avr/4.9.2/avr5/libgcc.a
LOAD /usr/local/lib/gcc/avr/4.9.2/../../../../avr/lib/avr5/libm.a
LOAD /usr/local/lib/gcc/avr/4.9.2/../../../../avr/lib/avr5/libc.a
END GROUP

.hash
 *(.hash)

.dynsym
 *(.dynsym)

.dynstr
 *(.dynstr)

.gnu.version
 *(.gnu.version)

.gnu.version_d
 *(.gnu.version_d)

.gnu.version_r
 *(.gnu.version_r)

.rel.init
 *(.rel.init)

.rela.init
 *(.rela.init)

.rel.text
 *(.rel.text)
 *(.rel.text.*)
 *(.rel.gnu.linkonce.t*)

.rela.text
 *(.rela.text)
 *(.rela.text.*)
 *(.rela.gnu.linkonce.t*)

.rel.fini
 *(.rel.fini)

.rela.fini
 *(.rela.fini)

.rel.rodata
 *(.rel.rodata)
 *(.rel.rodata.*)
 *(.rel.gnu.linkonce.r*)

.rela.rodata
 *(.rela.rodata)
 *(.rela.rodata.*)
 *(.rela.gnu.linkonce.r*)

.rel.data
 *(.rel.data)
 *(.rel.data.*)
 *(.rel.gnu.linkonce.d*)

.rela.data
 *(.rela.data)
 *(.rela.data.*)
 *(.rela.gnu.linkonce.d*)

.rel.ctors
 *(.rel.ctors)

.rela.ctors
 *(.rela.ctors)

.rel.dtors
 *(.rel.dtors)

.rela.dtors
 *(.rela.dtors)

.rel.got
 *(.rel.got)

.rela.got
 *(.rela.got)

.rel.bss
 *(.rel.bss)

.rela.bss
 *(.rela.bss)

.rel.plt
 *(.rel.plt)

.rela.plt
 *(.rela.plt)

.text           0x0000000000000000     0xef6e
 *(.vectors)
 .vectors       0x0000000000000000       0x70 /usr/local/lib/gcc/avr/4.9.2/../../../../avr/lib/avr5/crtm644.o
                0x0000000000000000                __vectors
                0x0000000000000000                __vector_default
 *(.vectors)
 *(.progmem.gcc*)
                0x0000000000000070                . = ALIGN (0x2)
                0x0000000000000070                __trampolines_start = .
 *(.trampolines)
 .trampolines   0x0000000000000070        0x0 linker stubs
 *(.trampolines*)
                0x0000000000000070                __trampolines_end = .
 *(.progmem*)
 .progmem.data  0x0000000000000070       0x4e uzeboxCore.o
                0x0000000000000070                io_table
                0x000000000000009e                eeprom_format_table
 .progmem.data  0x00000000000000be       0x1e uzeboxSoundEngine.o
                0x00000000000000be                patchCommands
 .progmem.data  0x00000000000000dc        0xc uzeboxVideoEngine.o
                0x00000000000000dc                fader
 .progmem.data  0x00000000000000e8     0x6a87 TankFu.o
                0x0000000000000299                bauds
                0x00000000000002a7                strCredits
                0x000000000000030c                default_scores
                0x000000000000032a                default_handles
                0x0000000000000348                strLevels
                0x00000000000003f8                strPaused
                0x00000000000003ff                strExit
                0x0000000000000408                strTotal
                0x000000000000040f                strScore
                0x0000000000000416                strFinalScore
                0x0000000000000422                strBy
                0x0000000000000425                strOwns
                0x000000000000042a                strChangeHandle
                0x0000000000000439                strPlayer2
                0x000000000000043c                strPlayer1
                0x000000000000043f                strVertSep
                0x0000000000000441                strUnderline
                0x000000000000044d                strHandlesTitle
                0x0000000000000459                strHighscores
                0x0000000000000463                strCopyright
                0x0000000000000478                strSelectHandle
                0x0000000000000487                strCancelHandle
                0x0000000000000492                strReset
                0x00000000000004ab                strConfirmHandle
                0x00000000000004bd                strNetworkError
                0x00000000000004cb                strEnterGameId
                0x00000000000004de                strConnecting
                0x00000000000004ec                strWaitingForNetOppenent
                0x0000000000000507                strShareGameId
                0x000000000000051a                strJoinNetGame
                0x0000000000000528                strHostNetGame
                0x0000000000000536                str2Player
                0x0000000000000547                str1Player
                0x0000000000000555                my_patches
                0x000000000000059d                ad_alarm
                0x0000000000000635                ad_navigate
                0x0000000000000646                ad_cannonball
                0x000000000000065d                ad_brick_explode
                0x00000000000006ce                ad_tank_explode
                0x000000000000079f                level_data
                0x00000000000027d9                sprites_data
                0x0000000000003119                map_sub_turret
                0x000000000000311c                map_sub_shot
                0x000000000000311f                map_up_arrow
                0x0000000000003122                map_down_arrow
                0x0000000000003125                map_right_arrow
                0x0000000000003128                map_rocket_right_1
                0x000000000000312b                map_rocket_right_0
                0x000000000000312e                map_rocket_up_1
                0x0000000000003131                map_rocket_up_0
                0x0000000000003134                map_ball
                0x0000000000003137                map_explosion_2
                0x000000000000313d                map_explosion_1
                0x0000000000003143                map_explosion_0
                0x0000000000003149                map_tank2_right_0
                0x000000000000314f                map_tank2_up_0
                0x0000000000003155                map_tank1_right_0
                0x000000000000315b                map_tank1_up_0
                0x0000000000003161                map_tank_blank
                0x0000000000003167                map_none
                0x000000000000316a                tiles_data
                0x000000000000682a                map_sub_emerging
                0x0000000000006960                map_sub
                0x0000000000006a96                map_scope_2
                0x0000000000006a99                map_scope_1
                0x0000000000006a9c                map_scope_0
                0x0000000000006a9f                map_blue_tank
                0x0000000000006aa5                map_green_tank
                0x0000000000006aab                map_fence
                0x0000000000006aae                map_turf
                0x0000000000006ab1                map_water
                0x0000000000006ab4                map_metal_bl
                0x0000000000006ab7                map_metal_tr
                0x0000000000006aba                map_metal_br
                0x0000000000006abd                map_metal_tl
                0x0000000000006ac0                map_tile_exp_2
                0x0000000000006ac3                map_tile_exp_1
                0x0000000000006ac6                map_tile_exp_0
                0x0000000000006ac9                map_rocket_itm
                0x0000000000006acc                map_explode_itm
                0x0000000000006acf                map_speed_itm
                0x0000000000006ad2                map_metal
                0x0000000000006ad5                map_brick
                0x0000000000006ad8                map_splash
                0x0000000000006b2e                map_pause
                0x0000000000006b6c                map_tile_none
                0x0000000000006b70                . = ALIGN (0x2)
 *fill*         0x0000000000006b6f        0x1 
 *(.jumptables)
 *(.jumptables*)
 *(.lowtext)
 *(.lowtext*)
                0x0000000000006b70                __ctors_start = .
 *(.ctors)
                0x0000000000006b70                __ctors_end = .
                0x0000000000006b70                __dtors_start = .
 *(.dtors)
                0x0000000000006b70                __dtors_end = .
 SORT(*)(.ctors)
 SORT(*)(.dtors)
 *(.init0)
 .init0         0x0000000000006b70        0x0 /usr/local/lib/gcc/avr/4.9.2/../../../../avr/lib/avr5/crtm644.o
                0x0000000000006b70                __init
 *(.init0)
 *(.init1)
 *(.init1)
 *(.init2)
 .init2         0x0000000000006b70        0xc /usr/local/lib/gcc/avr/4.9.2/../../../../avr/lib/avr5/crtm644.o
 *(.init2)
 *(.init3)
 *(.init3)
 *(.init4)
 .init4         0x0000000000006b7c       0x16 /usr/local/lib/gcc/avr/4.9.2/avr5/libgcc.a(_copy_data.o)
                0x0000000000006b7c                __do_copy_data
 .init4         0x0000000000006b92       0x10 /usr/local/lib/gcc/avr/4.9.2/avr5/libgcc.a(_clear_bss.o)
                0x0000000000006b92                __do_clear_bss
 *(.init4)
 *(.init5)
 *(.init5)
 *(.init6)
 *(.init6)
 *(.init7)
 .init7         0x0000000000006ba2       0x16 uzeboxCore.o
                0x0000000000006ba2                wdt_init
 *(.init7)
 *(.init8)
 .init8         0x0000000000006bb8       0x86 uzeboxCore.o
                0x0000000000006bb8                Initialize
 *(.init8)
 *(.init9)
 .init9         0x0000000000006c3e        0x8 /usr/local/lib/gcc/avr/4.9.2/../../../../avr/lib/avr5/crtm644.o
 *(.init9)
 *(.text)
 .text          0x0000000000006c46        0x4 /usr/local/lib/gcc/avr/4.9.2/../../../../avr/lib/avr5/crtm644.o
                0x0000000000006c46                __vector_20
                0x0000000000006c46                __vector_1
                0x0000000000006c46                __vector_24
                0x0000000000006c46                __vector_12
                0x0000000000006c46                __bad_interrupt
                0x0000000000006c46                __vector_6
                0x0000000000006c46                __vector_3
                0x0000000000006c46                __vector_23
                0x0000000000006c46                __vector_25
                0x0000000000006c46                __vector_11
                0x0000000000006c46                __vector_17
                0x0000000000006c46                __vector_19
                0x0000000000006c46                __vector_7
                0x0000000000006c46                __vector_27
                0x0000000000006c46                __vector_5
                0x0000000000006c46                __vector_4
                0x0000000000006c46                __vector_9
                0x0000000000006c46                __vector_2
                0x0000000000006c46                __vector_21
                0x0000000000006c46                __vector_15
                0x0000000000006c46                __vector_26
                0x0000000000006c46                __vector_10
                0x0000000000006c46                __vector_16
                0x0000000000006c46                __vector_18
                0x0000000000006c46                __vector_22
 .text          0x0000000000006c4a      0x674 uzeboxVideoEngineCore.o
                0x0000000000006dba                CopyFlashTile
                0x0000000000006ed8                CopyRamTile
                0x0000000000006ff2                RestoreBackground
                0x0000000000007018                BlitSpritePart
                0x00000000000070e6                __vector_13
                0x0000000000007164                __vector_14
 .text          0x00000000000072be      0x18a uzeboxSoundEngineCore.o
                0x00000000000072be                process_music
                0x00000000000072ca                update_sound
                0x0000000000007448                . = ALIGN (0x2)
 *(.text.*)
 .text.SetSpritesTileTable
                0x0000000000007448        0xa uzeboxVideoEngineCore.o
                0x0000000000007448                SetSpritesTileTable
 .text.ClearVram
                0x0000000000007452       0x14 uzeboxVideoEngineCore.o
                0x0000000000007452                ClearVram
 .text.SetFont  0x0000000000007466        0x8 uzeboxVideoEngineCore.o
                0x0000000000007466                SetFont
 .text.SetTile  0x000000000000746e       0x1c uzeboxVideoEngineCore.o
                0x000000000000746e                SetTile
 .text.SetFontTilesIndex
                0x000000000000748a        0x6 uzeboxVideoEngineCore.o
                0x000000000000748a                SetFontTilesIndex
 .text.SetTileTable
                0x0000000000007490        0xa uzeboxVideoEngineCore.o
                0x0000000000007490                SetTileTable
 .text.GetVsyncFlag
                0x000000000000749a        0x8 uzeboxVideoEngineCore.o
                0x000000000000749a                GetVsyncFlag
 .text.ClearVsyncFlag
                0x00000000000074a2        0xc uzeboxVideoEngineCore.o
                0x00000000000074a2                ClearVsyncFlag
 .text.GetVsyncCounter
                0x00000000000074ae        0xa uzeboxVideoEngineCore.o
                0x00000000000074ae                GetVsyncCounter
 .text.ClearVsyncCounter
                0x00000000000074b8        0xa uzeboxVideoEngineCore.o
                0x00000000000074b8                ClearVsyncCounter
 .text.ReadJoypad
                0x00000000000074c2       0x18 uzeboxVideoEngineCore.o
                0x00000000000074c2                ReadJoypad
 .text.WaitUs   0x00000000000074da        0xe uzeboxVideoEngineCore.o
                0x00000000000074da                WaitUs
 .text.WriteEeprom
                0x00000000000074e8       0x14 uzeboxVideoEngineCore.o
                0x00000000000074e8                WriteEeprom
 .text.ReadEeprom
                0x00000000000074fc       0x12 uzeboxVideoEngineCore.o
                0x00000000000074fc                ReadEeprom
 .text.wdt_randomize
                0x000000000000750e       0x50 uzeboxVideoEngineCore.o
                0x000000000000750e                wdt_randomize
 .text.GetTrueRandomSeed
                0x000000000000755e        0xa uzeboxVideoEngineCore.o
                0x000000000000755e                GetTrueRandomSeed
 .text.__vector_8
                0x0000000000007568       0x44 uzeboxVideoEngineCore.o
                0x0000000000007568                __vector_8
 .text.SoftReset
                0x00000000000075ac       0x16 uzeboxCore.o
                0x00000000000075ac                SoftReset
 .text.ReadButtons
                0x00000000000075c2       0x6c uzeboxCore.o
                0x00000000000075c2                ReadButtons
 .text.ReadControllers
                0x000000000000762e       0x20 uzeboxCore.o
                0x000000000000762e                ReadControllers
 .text.FormatEeprom
                0x000000000000764e       0x44 uzeboxCore.o
                0x000000000000764e                FormatEeprom
 .text.isEepromFormatted
                0x0000000000007692       0x2e uzeboxCore.o
                0x0000000000007692                isEepromFormatted
 .text.EepromBlockExists
                0x00000000000076c0       0xa4 uzeboxCore.o
                0x00000000000076c0                EepromBlockExists
 .text.EepromWriteBlock
                0x0000000000007764       0x94 uzeboxCore.o
                0x0000000000007764                EepromWriteBlock
 .text.EepromReadBlock
                0x00000000000077f8       0x66 uzeboxCore.o
                0x00000000000077f8                EepromReadBlock
 .text.UartUnreadCount
                0x000000000000785e        0xc uzeboxCore.o
                0x000000000000785e                UartUnreadCount
 .text.UartReadChar
                0x000000000000786a       0x2e uzeboxCore.o
                0x000000000000786a                UartReadChar
 .text.InitUartRxBuffer
                0x0000000000007898        0xa uzeboxCore.o
                0x0000000000007898                InitUartRxBuffer
 .text.UartSendChar
                0x00000000000078a2       0x28 uzeboxCore.o
                0x00000000000078a2                UartSendChar
 .text.InitUartTxBuffer
                0x00000000000078ca        0xa uzeboxCore.o
                0x00000000000078ca                InitUartTxBuffer
 .text.GetPrngNumber
                0x00000000000078d4       0x5c uzeboxCore.o
                0x00000000000078d4                GetPrngNumber
 .text.PatchCommand00
                0x0000000000007930        0x6 uzeboxSoundEngine.o
                0x0000000000007930                PatchCommand00
 .text.PatchCommand01
                0x0000000000007936       0x10 uzeboxSoundEngine.o
                0x0000000000007936                PatchCommand01
 .text.PatchCommand05
                0x0000000000007946        0xa uzeboxSoundEngine.o
                0x0000000000007946                PatchCommand05
 .text.PatchCommand06
                0x0000000000007950        0xa uzeboxSoundEngine.o
                0x0000000000007950                PatchCommand06
 .text.PatchCommand07
                0x000000000000795a        0x6 uzeboxSoundEngine.o
                0x000000000000795a                PatchCommand07
 .text.PatchCommand09
                0x0000000000007960        0x6 uzeboxSoundEngine.o
                0x0000000000007960                PatchCommand09
 .text.PatchCommand10
                0x0000000000007966        0x6 uzeboxSoundEngine.o
                0x0000000000007966                PatchCommand10
 .text.PatchCommand11
                0x000000000000796c       0x76 uzeboxSoundEngine.o
                0x000000000000796c                PatchCommand11
 .text.PatchCommand12
                0x00000000000079e2        0x6 uzeboxSoundEngine.o
                0x00000000000079e2                PatchCommand12
 .text.PatchCommand13
                0x00000000000079e8        0x6 uzeboxSoundEngine.o
                0x00000000000079e8                PatchCommand13
 .text.PatchCommand02
                0x00000000000079ee        0x8 uzeboxSoundEngine.o
                0x00000000000079ee                PatchCommand02
 .text.PatchCommand03
                0x00000000000079f6        0xe uzeboxSoundEngine.o
                0x00000000000079f6                PatchCommand03
 .text.PatchCommand04
                0x0000000000007a04       0x10 uzeboxSoundEngine.o
                0x0000000000007a04                PatchCommand04
 .text.PatchCommand08
                0x0000000000007a14       0x20 uzeboxSoundEngine.o
                0x0000000000007a14                PatchCommand08
 .text.PatchCommand14
                0x0000000000007a34       0x54 uzeboxSoundEngine.o
                0x0000000000007a34                PatchCommand14
 .text.InitMusicPlayer
                0x0000000000007a88       0x44 uzeboxSoundEngine.o
                0x0000000000007a88                InitMusicPlayer
 .text.ReadVarLen
                0x0000000000007acc       0x4c uzeboxSoundEngine.o
                0x0000000000007acc                ReadVarLen
 .text.TriggerCommon
                0x0000000000007b18       0xbe uzeboxSoundEngine.o
                0x0000000000007b18                TriggerCommon
 .text.TriggerFx
                0x0000000000007bd6       0x90 uzeboxSoundEngine.o
                0x0000000000007bd6                TriggerFx
 .text.TriggerNote
                0x0000000000007c66       0x80 uzeboxSoundEngine.o
                0x0000000000007c66                TriggerNote
 .text.ProcessMusic
                0x0000000000007ce6      0x43e uzeboxSoundEngine.o
                0x0000000000007ce6                ProcessMusic
 .text.SetMasterVolume
                0x0000000000008124        0x6 uzeboxSoundEngine.o
                0x0000000000008124                SetMasterVolume
 .text.SetMixerNote
                0x000000000000812a       0x2e uzeboxSoundEngineCore.o
                0x000000000000812a                SetMixerNote
 .text.SetMixerWave
                0x0000000000008158       0x3a uzeboxSoundEngineCore.o
                0x0000000000008158                SetMixerWave
 *fill*         0x0000000000008192       0x6e 
 .text.DisableSoundEngine
                0x0000000000008200      0xc00 uzeboxSoundEngineCore.o
                0x0000000000008200                DisableSoundEngine
                0x0000000000008208                steptable
                0x0000000000008400                waves
 .text.ProcessSprites
                0x0000000000008e00      0x1cc uzeboxVideoEngine.o
                0x0000000000008e00                ProcessSprites
 .text.MapSprite2
                0x0000000000008fcc       0xa4 uzeboxVideoEngine.o
                0x0000000000008fcc                MapSprite2
 .text.MoveSprite
                0x0000000000009070       0x4a uzeboxVideoEngine.o
                0x0000000000009070                MoveSprite
 .text.DisplayLogo
                0x00000000000090ba        0x2 uzeboxVideoEngine.o
                0x00000000000090ba                DisplayLogo
 .text.InitializeVideoMode
                0x00000000000090bc       0x1c uzeboxVideoEngine.o
                0x00000000000090bc                InitializeVideoMode
 .text.DrawMap  0x00000000000090d8       0x9a uzeboxVideoEngine.o
                0x00000000000090d8                DrawMap2
                0x00000000000090d8                DrawMap
 .text.PrintByte
                0x0000000000009172       0x66 uzeboxVideoEngine.o
                0x0000000000009172                PrintByte
 .text.Print    0x00000000000091d8       0x36 uzeboxVideoEngine.o
                0x00000000000091d8                Print
 .text.PrintChar
                0x000000000000920e        0x6 uzeboxVideoEngine.o
                0x000000000000920e                PrintChar
 .text.WaitVsync
                0x0000000000009214       0x2e uzeboxVideoEngine.o
                0x0000000000009214                WaitVsync
 .text.doFade   0x0000000000009242       0x1c uzeboxVideoEngine.o
                0x0000000000009242                doFade
 .text.FadeIn   0x000000000000925e       0x18 uzeboxVideoEngine.o
                0x000000000000925e                FadeIn
 .text.FadeOut  0x0000000000009276       0x18 uzeboxVideoEngine.o
                0x0000000000009276                FadeOut
 .text.ProcessFading
                0x000000000000928e       0x4a uzeboxVideoEngine.o
                0x000000000000928e                ProcessFading
 .text.VideoModeVsync
                0x00000000000092d8        0x4 uzeboxVideoEngine.o
                0x00000000000092d8                VideoModeVsync
 .text.LBPlaySound.part.6
                0x00000000000092dc        0x8 TankFu.o
 .text.wifiSendP
                0x00000000000092e4       0x2c TankFu.o
                0x00000000000092e4                wifiSendP
 .text.wifiSend
                0x0000000000009310       0x28 TankFu.o
                0x0000000000009310                wifiSend
 .text.wifiSendBinary
                0x0000000000009338       0x2e TankFu.o
                0x0000000000009338                wifiSendBinary
 .text.wifiGetIfAvailable
                0x0000000000009366       0x52 TankFu.o
                0x0000000000009366                wifiGetIfAvailable
 .text.wifiGetPB
                0x00000000000093b8       0x6a TankFu.o
                0x00000000000093b8                wifiGetPB
 .text.wifiGetPBT
                0x0000000000009422       0x74 TankFu.o
                0x0000000000009422                wifiGetPBT
 .text.wifiRequestP
                0x0000000000009496       0x24 TankFu.o
                0x0000000000009496                wifiRequestP
 .text.wifiRequest
                0x00000000000094ba       0x24 TankFu.o
                0x00000000000094ba                wifiRequest
 .text.wifiRequestPT
                0x00000000000094de       0x3e TankFu.o
                0x00000000000094de                wifiRequestPT
 .text.initWifi
                0x000000000000951c       0x9e TankFu.o
                0x000000000000951c                initWifi
 .text.cleanupWifi
                0x00000000000095ba       0x60 TankFu.o
                0x00000000000095ba                cleanupWifi
 .text.activateNet
                0x000000000000961a        0x8 TankFu.o
                0x000000000000961a                activateNet
 .text.sendNetMessage
                0x0000000000009622        0x6 TankFu.o
                0x0000000000009622                sendNetMessage
 .text.getNetMessage
                0x0000000000009628        0x6 TankFu.o
                0x0000000000009628                getNetMessage
 .text.hostNetGame
                0x000000000000962e      0x10a TankFu.o
                0x000000000000962e                hostNetGame
 .text.joinNetGame
                0x0000000000009738       0xc0 TankFu.o
                0x0000000000009738                joinNetGame
 .text.LBGetNextFrame
                0x00000000000097f8       0x4a TankFu.o
                0x00000000000097f8                LBGetNextFrame
 .text.LBGetNextFrameReverse
                0x0000000000009842       0x58 TankFu.o
                0x0000000000009842                LBGetNextFrameReverse
 .text.LBGetJoyPadState
                0x000000000000989a       0x96 TankFu.o
                0x000000000000989a                LBGetJoyPadState
 .text.LBPrintStr
                0x0000000000009930       0x62 TankFu.o
                0x0000000000009930                LBPrintStr
 .text.LBPrintByte
                0x0000000000009992       0x6c TankFu.o
                0x0000000000009992                LBPrintByte
 .text.LBCollides
                0x00000000000099fe       0x54 TankFu.o
                0x00000000000099fe                LBCollides
 .text.LBLineIntersect
                0x0000000000009a52      0x1ac TankFu.o
                0x0000000000009a52                LBLineIntersect
 .text.LBRandom
                0x0000000000009bfe       0x36 TankFu.o
                0x0000000000009bfe                LBRandom
 .text.LBWaitSeconds
                0x0000000000009c34       0x1e TankFu.o
                0x0000000000009c34                LBWaitSeconds
 .text.LBHideAllSprites
                0x0000000000009c52       0x14 TankFu.o
                0x0000000000009c52                LBHideAllSprites
 .text.LBPlaySound
                0x0000000000009c66       0x1a TankFu.o
                0x0000000000009c66                LBPlaySound
 .text.init_scores
                0x0000000000009c80       0x18 TankFu.o
                0x0000000000009c80                init_scores
 .text.init_handles
                0x0000000000009c98       0x18 TankFu.o
                0x0000000000009c98                init_handles
 .text.init_tile_animations
                0x0000000000009cb0       0x4e TankFu.o
                0x0000000000009cb0                init_tile_animations
 .text.init_scope_animation
                0x0000000000009cfe       0x30 TankFu.o
                0x0000000000009cfe                init_scope_animation
 .text.init_sub_animation
                0x0000000000009d2e       0x28 TankFu.o
                0x0000000000009d2e                init_sub_animation
 .text.init_shot_state
                0x0000000000009d56       0x3a TankFu.o
                0x0000000000009d56                init_shot_state
 .text.set_shot_animations
                0x0000000000009d90       0x64 TankFu.o
                0x0000000000009d90                set_shot_animations
 .text.init_turret
                0x0000000000009df4       0x64 TankFu.o
                0x0000000000009df4                init_turret
 .text.init_player
                0x0000000000009e58       0xe4 TankFu.o
                0x0000000000009e58                init_player
 .text.player_init_shot_state
                0x0000000000009f3c        0xe TankFu.o
                0x0000000000009f3c                player_init_shot_state
 .text.init_game_state
                0x0000000000009f4a       0x4e TankFu.o
                0x0000000000009f4a                init_game_state
 .text.player_spawn
                0x0000000000009f98       0x50 TankFu.o
                0x0000000000009f98                player_spawn
 .text.waitForVSync
                0x0000000000009fe8       0x10 TankFu.o
                0x0000000000009fe8                waitForVSync
 .text.load_eeprom
                0x0000000000009ff8       0x24 TankFu.o
                0x0000000000009ff8                load_eeprom
 .text.fade_through
                0x000000000000a01c       0x14 TankFu.o
                0x000000000000a01c                fade_through
 .text.clear_sprites
                0x000000000000a030       0x1a TankFu.o
                0x000000000000a030                clear_sprites
 .text.save_score
                0x000000000000a04a      0x102 TankFu.o
                0x000000000000a04a                save_score
 .text.position_shot
                0x000000000000a14c       0xda TankFu.o
                0x000000000000a14c                position_shot
 .text.print_level_score
                0x000000000000a226       0x84 TankFu.o
                0x000000000000a226                print_level_score
 .text.print_final_score
                0x000000000000a2aa       0xb4 TankFu.o
                0x000000000000a2aa                print_final_score
 .text.shoot_pressed
                0x000000000000a35e       0x14 TankFu.o
                0x000000000000a35e                shoot_pressed
 .text.get_delta
                0x000000000000a372       0x42 TankFu.o
                0x000000000000a372                get_delta
 .text.render_hud
                0x000000000000a3b4       0x3a TankFu.o
                0x000000000000a3b4                render_hud
 .text.render_score
                0x000000000000a3ee       0x38 TankFu.o
                0x000000000000a3ee                render_score
 .text.render_player
                0x000000000000a426       0x52 TankFu.o
                0x000000000000a426                render_player
 .text.render_shot
                0x000000000000a478       0x58 TankFu.o
                0x000000000000a478                render_shot
 .text.render_tile_explosions
                0x000000000000a4d0       0x6a TankFu.o
                0x000000000000a4d0                render_tile_explosions
 .text.render_scope
                0x000000000000a53a       0x34 TankFu.o
                0x000000000000a53a                render_scope
 .text.tank_map
                0x000000000000a56e       0xd2 TankFu.o
                0x000000000000a56e                tank_map
 .text.shot_map
                0x000000000000a640       0x64 TankFu.o
                0x000000000000a640                shot_map
 .text.recoil_sprite
                0x000000000000a6a4       0xb4 TankFu.o
                0x000000000000a6a4                recoil_sprite
 .text.recoil_sprite_fine
                0x000000000000a758       0x6c TankFu.o
                0x000000000000a758                recoil_sprite_fine
 .text.solid_square_tile
                0x000000000000a7c4       0x24 TankFu.o
                0x000000000000a7c4                solid_square_tile
 .text.solid_directional_tile
                0x000000000000a7e8       0x2c TankFu.o
                0x000000000000a7e8                solid_directional_tile
 .text.solid_tile
                0x000000000000a814       0x28 TankFu.o
                0x000000000000a814                solid_tile
 .text.collides_directional_tile
                0x000000000000a83c      0x148 TankFu.o
                0x000000000000a83c                collides_directional_tile
 .text.player_shot
                0x000000000000a984       0xbe TankFu.o
                0x000000000000a984                player_shot
 .text.turret_shot
                0x000000000000aa42       0x9c TankFu.o
                0x000000000000aa42                turret_shot
 .text.collision_detect_boundries
                0x000000000000aade       0x9c TankFu.o
                0x000000000000aade                collision_detect_boundries
 .text.drop_item
                0x000000000000ab7a       0x68 TankFu.o
                0x000000000000ab7a                drop_item
 .text.kill_player
                0x000000000000abe2       0xb0 TankFu.o
                0x000000000000abe2                kill_player
 .text.get_interesting_tile_indexes_shot
                0x000000000000ac92       0x44 TankFu.o
                0x000000000000ac92                get_interesting_tile_indexes_shot
 .text.explode_tile
                0x000000000000acd6       0x7c TankFu.o
                0x000000000000acd6                explode_tile
 .text.richochet
                0x000000000000ad52       0x42 TankFu.o
                0x000000000000ad52                richochet
 .text.get_interesting_tile_indexes
                0x000000000000ad94       0x60 TankFu.o
                0x000000000000ad94                get_interesting_tile_indexes
 .text.explode_player
                0x000000000000adf4       0x42 TankFu.o
                0x000000000000adf4                explode_player
 .text.slide    0x000000000000ae36      0x176 TankFu.o
                0x000000000000ae36                slide
 .text.load_level_tiles
                0x000000000000afac       0xe6 TankFu.o
                0x000000000000afac                load_level_tiles
 .text.prep_player
                0x000000000000b092       0x24 TankFu.o
                0x000000000000b092                prep_player
 .text.load_level
                0x000000000000b0b6      0x148 TankFu.o
                0x000000000000b0b6                load_level
 .text.level_transition
                0x000000000000b1fe       0x60 TankFu.o
                0x000000000000b1fe                level_transition
 .text.render_boss_fight_scope_load
                0x000000000000b25e       0x26 TankFu.o
                0x000000000000b25e                render_boss_fight_scope_load
 .text.render_boss_fight_sub_load
                0x000000000000b284       0x5a TankFu.o
                0x000000000000b284                render_boss_fight_sub_load
 .text.render_boss_fight_sub_sinking
                0x000000000000b2de       0x2a TankFu.o
                0x000000000000b2de                render_boss_fight_sub_sinking
 .text.render_boss_turret
                0x000000000000b308       0x52 TankFu.o
                0x000000000000b308                render_boss_turret
 .text.render_boss_turret_shot
                0x000000000000b35a       0x52 TankFu.o
                0x000000000000b35a                render_boss_turret_shot
 .text.update_turret
                0x000000000000b3ac      0x124 TankFu.o
                0x000000000000b3ac                update_turret
 .text.load_splash
                0x000000000000b4d0       0x94 TankFu.o
                0x000000000000b4d0                load_splash
 .text.select_pressed
                0x000000000000b564       0x14 TankFu.o
                0x000000000000b564                select_pressed
 .text.load_tank_rank
                0x000000000000b578      0x136 TankFu.o
                0x000000000000b578                load_tank_rank
 .text.exit_game
                0x000000000000b6ae       0x10 TankFu.o
                0x000000000000b6ae                exit_game
 .text.resolve_scoring
                0x000000000000b6be      0x18a TankFu.o
                0x000000000000b6be                resolve_scoring
 .text.update_tank_rank
                0x000000000000b848       0xc4 TankFu.o
                0x000000000000b848                update_tank_rank
 .text._handle_select_render_helper
                0x000000000000b90c      0x17a TankFu.o
                0x000000000000b90c                _handle_select_render_helper
 .text.load_handle_select
                0x000000000000ba86      0x10a TankFu.o
                0x000000000000ba86                load_handle_select
 .text.load_host_net_game
                0x000000000000bb90       0x7e TankFu.o
                0x000000000000bb90                load_host_net_game
 .text.update_host_net_game
                0x000000000000bc0e       0x60 TankFu.o
                0x000000000000bc0e                update_host_net_game
 .text.load_join_net_game
                0x000000000000bc6e       0x68 TankFu.o
                0x000000000000bc6e                load_join_net_game
 .text.update_splash
                0x000000000000bcd6      0x270 TankFu.o
                0x000000000000bcd6                update_splash
 .text.update_join_net_game
                0x000000000000bf46      0x1be TankFu.o
                0x000000000000bf46                update_join_net_game
 .text.button_map
                0x000000000000c104       0x2c TankFu.o
                0x000000000000c104                button_map
 .text.crash_and_turn
                0x000000000000c130      0x1fc TankFu.o
                0x000000000000c130                crash_and_turn
 .text.get_cpu_goal_direction
                0x000000000000c32c       0x66 TankFu.o
                0x000000000000c32c                get_cpu_goal_direction
 .text.get_cpu_joypad_state
                0x000000000000c392      0x568 TankFu.o
                0x000000000000c392                get_cpu_joypad_state
 .text.stream_text_middle
                0x000000000000c8fa       0x80 TankFu.o
                0x000000000000c8fa                stream_text_middle
 .text.load_credits
                0x000000000000c97a       0x24 TankFu.o
                0x000000000000c97a                load_credits
 .text.send_net_message
                0x000000000000c99e      0x122 TankFu.o
                0x000000000000c99e                send_net_message
 .text.send_smart_net_message
                0x000000000000cac0       0x26 TankFu.o
                0x000000000000cac0                send_smart_net_message
 .text.get_net_message
                0x000000000000cae6      0x28e TankFu.o
                0x000000000000cae6                get_net_message
 .text.is_net_player
                0x000000000000cd74       0x24 TankFu.o
                0x000000000000cd74                is_net_player
 .text.collision_detect_shot
                0x000000000000cd98      0x470 TankFu.o
                0x000000000000cd98                collision_detect_shot
 .text.update_player
                0x000000000000d208      0x326 TankFu.o
                0x000000000000d208                update_player
 .text.collision_detect_player
                0x000000000000d52e      0x382 TankFu.o
                0x000000000000d52e                collision_detect_player
 .text.update_turret_shot
                0x000000000000d8b0      0x110 TankFu.o
                0x000000000000d8b0                update_turret_shot
 .text._handle_select_helper
                0x000000000000d9c0      0x258 TankFu.o
                0x000000000000d9c0                _handle_select_helper
 .text.update_handle_select
                0x000000000000dc18       0xbc TankFu.o
                0x000000000000dc18                update_handle_select
 .text.record_player_posture
                0x000000000000dcd4       0x10 TankFu.o
                0x000000000000dcd4                record_player_posture
 .text.player_posture_changed
                0x000000000000dce4       0x24 TankFu.o
                0x000000000000dce4                player_posture_changed
 .text.update_level
                0x000000000000dd08      0x58a TankFu.o
                0x000000000000dd08                update_level
 .text.startup.main
                0x000000000000e292      0x248 TankFu.o
                0x000000000000e292                main
 .text.libgcc.div
                0x000000000000e4da       0x18 /usr/local/lib/gcc/avr/4.9.2/avr5/libgcc.a(_udivmodqi4.o)
                0x000000000000e4da                __udivmodqi4
 .text.libgcc.div
                0x000000000000e4f2       0x1c /usr/local/lib/gcc/avr/4.9.2/avr5/libgcc.a(_divmodqi4.o)
                0x000000000000e4f2                __divmodqi4
 .text.libgcc.div
                0x000000000000e50e       0x28 /usr/local/lib/gcc/avr/4.9.2/avr5/libgcc.a(_udivmodhi4.o)
                0x000000000000e50e                __udivmodhi4
 .text.libgcc.div
                0x000000000000e536       0x28 /usr/local/lib/gcc/avr/4.9.2/avr5/libgcc.a(_divmodhi4.o)
                0x000000000000e536                __divmodhi4
                0x000000000000e536                _div
 .text.avr-libc.fplib
                0x000000000000e55e        0xa /usr/local/lib/gcc/avr/4.9.2/../../../../avr/lib/avr5/libm.a(addsf3.o)
                0x000000000000e55e                __subsf3
                0x000000000000e560                __addsf3
 .text.avr-libc.fplib
                0x000000000000e568       0xc0 /usr/local/lib/gcc/avr/4.9.2/../../../../avr/lib/avr5/libm.a(addsf3x.o)
                0x000000000000e582                __addsf3x
 .text.avr-libc.fplib
                0x000000000000e628        0x8 /usr/local/lib/gcc/avr/4.9.2/../../../../avr/lib/avr5/libm.a(cmpsf2.o)
                0x000000000000e628                __lesf2
                0x000000000000e628                __nesf2
                0x000000000000e628                __eqsf2
                0x000000000000e628                __cmpsf2
                0x000000000000e628                __ltsf2
 .text.avr-libc.fplib
                0x000000000000e630        0x4 /usr/local/lib/gcc/avr/4.9.2/../../../../avr/lib/avr5/libm.a(divsf3.o)
                0x000000000000e630                __divsf3
 .text.avr-libc.fplib
                0x000000000000e634       0xcc /usr/local/lib/gcc/avr/4.9.2/../../../../avr/lib/avr5/libm.a(divsf3x.o)
                0x000000000000e64a                __divsf3x
                0x000000000000e64e                __divsf3_pse
 .text.avr-libc.fplib
                0x000000000000e700        0xa /usr/local/lib/gcc/avr/4.9.2/../../../../avr/lib/avr5/libm.a(fixsfsi.o)
                0x000000000000e700                __fixsfsi
 .text.avr-libc.fplib
                0x000000000000e70a       0x58 /usr/local/lib/gcc/avr/4.9.2/../../../../avr/lib/avr5/libm.a(fixunssfsi.o)
                0x000000000000e70a                __fixunssfsi
 .text.avr-libc.fplib
                0x000000000000e762       0x7a /usr/local/lib/gcc/avr/4.9.2/../../../../avr/lib/avr5/libm.a(floatsisf.o)
                0x000000000000e762                __floatunsisf
                0x000000000000e766                __floatsisf
 .text.avr-libc.fplib
                0x000000000000e7dc       0x48 /usr/local/lib/gcc/avr/4.9.2/../../../../avr/lib/avr5/libm.a(fp_cmp.o)
                0x000000000000e7dc                __fp_cmp
 .text.avr-libc.fplib
                0x000000000000e824        0xc /usr/local/lib/gcc/avr/4.9.2/../../../../avr/lib/avr5/libm.a(fp_inf.o)
                0x000000000000e824                __fp_inf
 .text.avr-libc.fplib
                0x000000000000e830        0x6 /usr/local/lib/gcc/avr/4.9.2/../../../../avr/lib/avr5/libm.a(fp_nan.o)
                0x000000000000e830                __fp_nan
 .text.avr-libc.fplib
                0x000000000000e836        0xe /usr/local/lib/gcc/avr/4.9.2/../../../../avr/lib/avr5/libm.a(fp_pscA.o)
                0x000000000000e836                __fp_pscA
 .text.avr-libc.fplib
                0x000000000000e844        0xe /usr/local/lib/gcc/avr/4.9.2/../../../../avr/lib/avr5/libm.a(fp_pscB.o)
                0x000000000000e844                __fp_pscB
 .text.avr-libc.fplib
                0x000000000000e852       0x22 /usr/local/lib/gcc/avr/4.9.2/../../../../avr/lib/avr5/libm.a(fp_round.o)
                0x000000000000e852                __fp_round
 .text.avr-libc.fplib
                0x000000000000e874       0x44 /usr/local/lib/gcc/avr/4.9.2/../../../../avr/lib/avr5/libm.a(fp_split3.o)
                0x000000000000e874                __fp_split3
                0x000000000000e884                __fp_splitA
 .text.avr-libc.fplib
                0x000000000000e8b8        0xe /usr/local/lib/gcc/avr/4.9.2/../../../../avr/lib/avr5/libm.a(fp_zero.o)
                0x000000000000e8b8                __fp_zero
                0x000000000000e8ba                __fp_szero
 .text.avr-libc.fplib
                0x000000000000e8c6        0x8 /usr/local/lib/gcc/avr/4.9.2/../../../../avr/lib/avr5/libm.a(gesf2.o)
                0x000000000000e8c6                __gtsf2
                0x000000000000e8c6                __gesf2
 .text.avr-libc.fplib
                0x000000000000e8ce        0x4 /usr/local/lib/gcc/avr/4.9.2/../../../../avr/lib/avr5/libm.a(mulsf3.o)
                0x000000000000e8ce                __mulsf3
 .text.avr-libc.fplib
                0x000000000000e8d2       0xc2 /usr/local/lib/gcc/avr/4.9.2/../../../../avr/lib/avr5/libm.a(mulsf3x.o)
                0x000000000000e8e6                __mulsf3x
                0x000000000000e8ea                __mulsf3_pse
 .text.avr-libc
                0x000000000000e994       0x12 /usr/local/lib/gcc/avr/4.9.2/../../../../avr/lib/avr5/libc.a(memcpy_P.o)
                0x000000000000e994                memcpy_P
 .text.avr-libc
                0x000000000000e9a6       0x16 /usr/local/lib/gcc/avr/4.9.2/../../../../avr/lib/avr5/libc.a(strnlen_P.o)
                0x000000000000e9a6                strnlen_P
 .text.avr-libc
                0x000000000000e9bc       0x14 /usr/local/lib/gcc/avr/4.9.2/../../../../avr/lib/avr5/libc.a(strupr.o)
                0x000000000000e9bc                strupr
 .text.avr-libc
                0x000000000000e9d0       0x46 /usr/local/lib/gcc/avr/4.9.2/../../../../avr/lib/avr5/libc.a(sprintf.o)
                0x000000000000e9d0                sprintf
 .text.avr-libc
                0x000000000000ea16      0x3a4 /usr/local/lib/gcc/avr/4.9.2/../../../../avr/lib/avr5/libc.a(vfprintf_std.o)
                0x000000000000ea16                vfprintf
 .text.avr-libc
                0x000000000000edba       0x16 /usr/local/lib/gcc/avr/4.9.2/../../../../avr/lib/avr5/libc.a(strnlen.o)
                0x000000000000edba                strnlen
 .text.avr-libc
                0x000000000000edd0       0x70 /usr/local/lib/gcc/avr/4.9.2/../../../../avr/lib/avr5/libc.a(fputc.o)
                0x000000000000edd0                fputc
 .text.avr-libc
                0x000000000000ee40       0xbc /usr/local/lib/gcc/avr/4.9.2/../../../../avr/lib/avr5/libc.a(ultoa_invert.o)
                0x000000000000ee40                __ultoa_invert
 .text.libgcc.prologue
                0x000000000000eefc       0x38 /usr/local/lib/gcc/avr/4.9.2/avr5/libgcc.a(_prologue.o)
                0x000000000000eefc                __prologue_saves__
 .text.libgcc.prologue
                0x000000000000ef34       0x36 /usr/local/lib/gcc/avr/4.9.2/avr5/libgcc.a(_epilogue.o)
                0x000000000000ef34                __epilogue_restores__
                0x000000000000ef6a                . = ALIGN (0x2)
 *(.fini9)
 .fini9         0x000000000000ef6a        0x0 /usr/local/lib/gcc/avr/4.9.2/avr5/libgcc.a(_exit.o)
                0x000000000000ef6a                exit
                0x000000000000ef6a                _exit
 *(.fini9)
 *(.fini8)
 *(.fini8)
 *(.fini7)
 *(.fini7)
 *(.fini6)
 *(.fini6)
 *(.fini5)
 *(.fini5)
 *(.fini4)
 *(.fini4)
 *(.fini3)
 *(.fini3)
 *(.fini2)
 *(.fini2)
 *(.fini1)
 *(.fini1)
 *(.fini0)
 .fini0         0x000000000000ef6a        0x4 /usr/local/lib/gcc/avr/4.9.2/avr5/libgcc.a(_exit.o)
 *(.fini0)
                0x000000000000ef6e                _etext = .

.data           0x0000000000800100       0x54 load address 0x000000000000ef6e
                0x0000000000800100                PROVIDE (__data_start, .)
 *(.data)
 .data          0x0000000000800100        0x1 uzeboxVideoEngine.o
 .data          0x0000000000800101        0xc TankFu.o
                0x0000000000800101                global_frame_counter
                0x0000000000800103                gameIdIndex
                0x0000000000800104                gameId
 *(.data*)
 *(.rodata)
 *(.rodata*)
 .rodata.str1.1
                0x000000000080010d       0x46 TankFu.o
 *(.gnu.linkonce.d*)
                0x0000000000800154                . = ALIGN (0x2)
 *fill*         0x0000000000800153        0x1 
                0x0000000000800154                _edata = .
                0x0000000000800154                PROVIDE (__data_end, .)

.bss            0x0000000000800154      0xf15
                0x0000000000800154                PROVIDE (__bss_start, .)
 *(.bss)
 *fill*         0x0000000000800154        0xc 
 .bss           0x0000000000800160      0x8e0 uzeboxVideoEngineCore.o
                0x0000000000800160                vram
                0x00000000008004a8                sprites
                0x00000000008004a8                overlay_vram
                0x00000000008004d0                ram_tiles
                0x00000000008009d0                ram_tiles_restore
                0x0000000000800a0c                free_tile_index
                0x0000000000800a0d                user_ram_tiles_c
                0x0000000000800a0e                user_ram_tiles_c_tmp
                0x0000000000800a0f                sprites_tile_banks
                0x0000000000800a1a                Screen
                0x0000000000800a1e                sync_phase
                0x0000000000800a1f                sync_pulse
                0x0000000000800a20                sync_flags
                0x0000000000800a25                first_render_line
                0x0000000000800a26                render_lines_count
                0x0000000000800a27                joypad1_status_lo
                0x0000000000800a29                joypad1_status_hi
                0x0000000000800a2b                joypad2_status_lo
                0x0000000000800a2d                joypad2_status_hi
 .bss           0x0000000000800a40        0x2 uzeboxCore.o
 .bss           0x0000000000800a42        0x1 uzeboxSoundEngine.o
                0x0000000000800a42                playSong
 .bss           0x0000000000800a43       0x19 uzeboxSoundEngineCore.o
                0x0000000000800a43                sound_enabled
                0x0000000000800a44                mixer
                0x0000000000800a57                tr4_params
                0x0000000000800a58                tr4_barrel_lo
                0x0000000000800a59                tr4_barrel_hi
 .bss           0x0000000000800a5c        0x4 TankFu.o
                0x0000000000800a5c                p_prev
 *(.bss*)
 *(COMMON)
 COMMON         0x0000000000800a60       0x85 uzeboxCore.o
                0x0000000000800a60                uart_tx_buf
                0x0000000000800aa0                joypadsConnectionStatus
                0x0000000000800aa1                uart_rx_head
                0x0000000000800aa2                uart_tx_head
                0x0000000000800aa3                uart_rx_tail
                0x0000000000800aa4                uart_rx_buf
                0x0000000000800ae4                uart_tx_tail
 COMMON         0x0000000000800ae5       0x6c uzeboxSoundEngine.o
                0x0000000000800ae5                songStart
                0x0000000000800ae7                tracks
                0x0000000000800b43                currDeltaTime
                0x0000000000800b45                patchPointers
                0x0000000000800b47                lastStatus
                0x0000000000800b48                masterVolume
                0x0000000000800b49                nextDeltaTime
                0x0000000000800b4b                songSpeed
                0x0000000000800b4c                songPos
                0x0000000000800b4e                loopStart
                0x0000000000800b50                step
 COMMON         0x0000000000800b51        0x5 uzeboxVideoEngine.o
                0x0000000000800b51                fadeSpeed
                0x0000000000800b52                fadeDir
                0x0000000000800b53                fadeActive
                0x0000000000800b54                currFadeFrame
                0x0000000000800b55                fadeStep
 COMMON         0x0000000000800b56      0x513 TankFu.o
                0x0000000000800b56                scores
                0x0000000000800b76                p2
                0x0000000000800b7d                p2s
                0x0000000000800b83                handles
                0x0000000000800ba3                game
                0x0000000000800bb7                tile_animations
                0x0000000000800bd4                wifi_status
                0x0000000000800bd5                player1
                0x0000000000800c51                p1
                0x0000000000800c58                level
                0x0000000000800f47                player2
                0x0000000000800fc3                sub_animation
                0x0000000000800fd1                scope_animation
                0x0000000000800fdf                netMessage
                0x0000000000800ffb                p1s
                0x0000000000801001                turret2
                0x0000000000801035                turret1
                0x0000000000801069                PROVIDE (__bss_end, .)
                0x000000000000ef6e                __data_load_start = LOADADDR (.data)
                0x000000000000efc2                __data_load_end = (__data_load_start + SIZEOF (.data))

.noinit         0x0000000000801069        0x0
                0x0000000000801069                PROVIDE (__noinit_start, .)
 *(.noinit*)
                0x0000000000801069                PROVIDE (__noinit_end, .)
                0x0000000000801069                _end = .
                0x0000000000801069                PROVIDE (__heap_start, .)

.eeprom         0x0000000000810000        0x0
 *(.eeprom*)
                0x0000000000810000                __eeprom_end = .

.fuse
 *(.fuse)
 *(.lfuse)
 *(.hfuse)
 *(.efuse)

.lock
 *(.lock*)

.signature
 *(.signature*)

.stab           0x0000000000000000      0x9b4
 *(.stab)
 .stab          0x0000000000000000       0xf0 /usr/local/lib/gcc/avr/4.9.2/avr5/libgcc.a(_udivmodqi4.o)
 .stab          0x00000000000000f0       0xf0 /usr/local/lib/gcc/avr/4.9.2/avr5/libgcc.a(_divmodqi4.o)
                                         0xfc (size before relaxing)
 .stab          0x00000000000001e0      0x15c /usr/local/lib/gcc/avr/4.9.2/avr5/libgcc.a(_udivmodhi4.o)
                                        0x168 (size before relaxing)
 .stab          0x000000000000033c      0x138 /usr/local/lib/gcc/avr/4.9.2/avr5/libgcc.a(_divmodhi4.o)
                                        0x144 (size before relaxing)
 .stab          0x0000000000000474       0x6c /usr/local/lib/gcc/avr/4.9.2/avr5/libgcc.a(_exit.o)
                                         0x78 (size before relaxing)
 .stab          0x00000000000004e0       0xd8 /usr/local/lib/gcc/avr/4.9.2/avr5/libgcc.a(_copy_data.o)
                                         0xe4 (size before relaxing)
 .stab          0x00000000000005b8       0xb4 /usr/local/lib/gcc/avr/4.9.2/avr5/libgcc.a(_clear_bss.o)
                                         0xc0 (size before relaxing)
 .stab          0x000000000000066c      0x1a4 /usr/local/lib/gcc/avr/4.9.2/avr5/libgcc.a(_prologue.o)
                                        0x1b0 (size before relaxing)
 .stab          0x0000000000000810      0x1a4 /usr/local/lib/gcc/avr/4.9.2/avr5/libgcc.a(_epilogue.o)
                                        0x1b0 (size before relaxing)

.stabstr        0x0000000000000000      0x34b
 *(.stabstr)
 .stabstr       0x0000000000000000      0x34b /usr/local/lib/gcc/avr/4.9.2/avr5/libgcc.a(_udivmodqi4.o)

.stab.excl
 *(.stab.excl)

.stab.exclstr
 *(.stab.exclstr)

.stab.index
 *(.stab.index)

.stab.indexstr
 *(.stab.indexstr)

.comment        0x0000000000000000       0x11
 *(.comment)
 .comment       0x0000000000000000       0x11 uzeboxCore.o
                                         0x12 (size before relaxing)
 .comment       0x0000000000000011       0x12 uzeboxSoundEngine.o
 .comment       0x0000000000000011       0x12 uzeboxVideoEngine.o
 .comment       0x0000000000000011       0x12 TankFu.o
 .comment       0x0000000000000011       0x12 /usr/local/lib/gcc/avr/4.9.2/../../../../avr/lib/avr5/libc.a(sprintf.o)
 .comment       0x0000000000000011       0x12 /usr/local/lib/gcc/avr/4.9.2/../../../../avr/lib/avr5/libc.a(vfprintf_std.o)
 .comment       0x0000000000000011       0x12 /usr/local/lib/gcc/avr/4.9.2/../../../../avr/lib/avr5/libc.a(fputc.o)

.note.gnu.build-id
 *(.note.gnu.build-id)

.debug
 *(.debug)

.line
 *(.line)

.debug_srcinfo
 *(.debug_srcinfo)

.debug_sfnames
 *(.debug_sfnames)

.debug_aranges  0x0000000000000000      0x810
 *(.debug_aranges)
 .debug_aranges
                0x0000000000000000       0xf8 uzeboxVideoEngineCore.o
 .debug_aranges
                0x00000000000000f8       0xd8 uzeboxCore.o
 .debug_aranges
                0x00000000000001d0      0x100 uzeboxSoundEngine.o
 .debug_aranges
                0x00000000000002d0       0x50 uzeboxSoundEngineCore.o
 .debug_aranges
                0x0000000000000320       0xf8 uzeboxVideoEngine.o
 .debug_aranges
                0x0000000000000418      0x3f8 TankFu.o

.debug_pubnames
 *(.debug_pubnames)

.debug_info     0x0000000000000000     0xc386
 *(.debug_info .gnu.linkonce.wi.*)
 .debug_info    0x0000000000000000      0x672 /usr/local/lib/gcc/avr/4.9.2/../../../../avr/lib/avr5/crtm644.o
 .debug_info    0x0000000000000672       0x7d uzeboxVideoEngineCore.o
 .debug_info    0x00000000000006ef      0xcd2 uzeboxCore.o
 .debug_info    0x00000000000013c1     0x1216 uzeboxSoundEngine.o
 .debug_info    0x00000000000025d7       0x74 uzeboxSoundEngineCore.o
 .debug_info    0x000000000000264b     0x1214 uzeboxVideoEngine.o
 .debug_info    0x000000000000385f     0x8b27 TankFu.o

.debug_abbrev   0x0000000000000000     0x1741
 *(.debug_abbrev)
 .debug_abbrev  0x0000000000000000      0x619 /usr/local/lib/gcc/avr/4.9.2/../../../../avr/lib/avr5/crtm644.o
 .debug_abbrev  0x0000000000000619       0x12 uzeboxVideoEngineCore.o
 .debug_abbrev  0x000000000000062b      0x36c uzeboxCore.o
 .debug_abbrev  0x0000000000000997      0x35c uzeboxSoundEngine.o
 .debug_abbrev  0x0000000000000cf3       0x12 uzeboxSoundEngineCore.o
 .debug_abbrev  0x0000000000000d05      0x39a uzeboxVideoEngine.o
 .debug_abbrev  0x000000000000109f      0x6a2 TankFu.o

.debug_line     0x0000000000000000     0x2949
 *(.debug_line .debug_line.* .debug_line_end)
 .debug_line    0x0000000000000000       0x1d /usr/local/lib/gcc/avr/4.9.2/../../../../avr/lib/avr5/crtm644.o
 .debug_line    0x000000000000001d      0x50b uzeboxVideoEngineCore.o
 .debug_line    0x0000000000000528      0x369 uzeboxCore.o
 .debug_line    0x0000000000000891      0x3e2 uzeboxSoundEngine.o
 .debug_line    0x0000000000000c73      0x1ae uzeboxSoundEngineCore.o
 .debug_line    0x0000000000000e21      0x45c uzeboxVideoEngine.o
 .debug_line    0x000000000000127d     0x16cc TankFu.o

.debug_frame    0x0000000000000000     0x1a64
 *(.debug_frame)
 .debug_frame   0x0000000000000000      0x25c uzeboxCore.o
 .debug_frame   0x000000000000025c      0x284 uzeboxSoundEngine.o
 .debug_frame   0x00000000000004e0      0x47c uzeboxVideoEngine.o
 .debug_frame   0x000000000000095c     0x1108 TankFu.o

.debug_str      0x0000000000000000     0x2388
 *(.debug_str)
 .debug_str     0x0000000000000000      0x231 /usr/local/lib/gcc/avr/4.9.2/../../../../avr/lib/avr5/crtm644.o
 .debug_str     0x0000000000000231      0x5a7 uzeboxCore.o
                                        0x60d (size before relaxing)
 .debug_str     0x00000000000007d8      0x40a uzeboxSoundEngine.o
                                        0x646 (size before relaxing)
 .debug_str     0x0000000000000be2      0x2e4 uzeboxVideoEngine.o
                                        0x46f (size before relaxing)
 .debug_str     0x0000000000000ec6     0x14c2 TankFu.o
                                       0x1992 (size before relaxing)

.debug_loc      0x0000000000000000     0xab85
 *(.debug_loc)
 .debug_loc     0x0000000000000000      0xa8e uzeboxCore.o
 .debug_loc     0x0000000000000a8e     0x1063 uzeboxSoundEngine.o
 .debug_loc     0x0000000000001af1     0x1b2c uzeboxVideoEngine.o
 .debug_loc     0x000000000000361d     0x7568 TankFu.o

.debug_macinfo
 *(.debug_macinfo)

.debug_weaknames
 *(.debug_weaknames)

.debug_funcnames
 *(.debug_funcnames)

.debug_typenames
 *(.debug_typenames)

.debug_varnames
 *(.debug_varnames)

.debug_pubtypes
 *(.debug_pubtypes)

.debug_ranges   0x0000000000000000      0x928
 *(.debug_ranges)
 .debug_ranges  0x0000000000000000       0xf0 uzeboxVideoEngineCore.o
 .debug_ranges  0x00000000000000f0       0xe0 uzeboxCore.o
 .debug_ranges  0x00000000000001d0      0x138 uzeboxSoundEngine.o
 .debug_ranges  0x0000000000000308       0x48 uzeboxSoundEngineCore.o
 .debug_ranges  0x0000000000000350      0x100 uzeboxVideoEngine.o
 .debug_ranges  0x0000000000000450      0x4d8 TankFu.o

.debug_macro
 *(.debug_macro)
OUTPUT(TankFu.elf elf32-avr)
LOAD linker stubs
