Archive member included to satisfy reference by file (symbol)

/usr/local/lib/gcc/avr/4.9.2/avr5/libgcc.a(_udivmodqi4.o)
                              uzeboxVideoEngine.o (__udivmodqi4)
/usr/local/lib/gcc/avr/4.9.2/avr5/libgcc.a(_divmodqi4.o)
                              TankFu.o (__divmodqi4)
/usr/local/lib/gcc/avr/4.9.2/avr5/libgcc.a(_udivmodhi4.o)
                              uzeboxVideoEngine.o (__udivmodhi4)
/usr/local/lib/gcc/avr/4.9.2/avr5/libgcc.a(_divmodhi4.o)
                              uzeboxSoundEngine.o (__divmodhi4)
/usr/local/lib/gcc/avr/4.9.2/avr5/libgcc.a(_udivmodsi4.o)
                              uzeboxVideoEngine.o (__udivmodsi4)
/usr/local/lib/gcc/avr/4.9.2/avr5/libgcc.a(_exit.o)
                              /usr/local/lib/gcc/avr/4.9.2/../../../../avr/lib/avr5/crtm644.o (exit)
/usr/local/lib/gcc/avr/4.9.2/avr5/libgcc.a(_copy_data.o)
                              uzeboxVideoEngine.o (__do_copy_data)
/usr/local/lib/gcc/avr/4.9.2/avr5/libgcc.a(_clear_bss.o)
                              uzeboxCore.o (__do_clear_bss)
/usr/local/lib/gcc/avr/4.9.2/../../../../avr/lib/avr5/libm.a(addsf3.o)
                              TankFu.o (__subsf3)
/usr/local/lib/gcc/avr/4.9.2/../../../../avr/lib/avr5/libm.a(addsf3x.o)
                              /usr/local/lib/gcc/avr/4.9.2/../../../../avr/lib/avr5/libm.a(addsf3.o) (__addsf3x)
/usr/local/lib/gcc/avr/4.9.2/../../../../avr/lib/avr5/libm.a(cmpsf2.o)
                              TankFu.o (__eqsf2)
/usr/local/lib/gcc/avr/4.9.2/../../../../avr/lib/avr5/libm.a(divsf3.o)
                              TankFu.o (__divsf3)
/usr/local/lib/gcc/avr/4.9.2/../../../../avr/lib/avr5/libm.a(divsf3x.o)
                              /usr/local/lib/gcc/avr/4.9.2/../../../../avr/lib/avr5/libm.a(divsf3.o) (__divsf3x)
/usr/local/lib/gcc/avr/4.9.2/../../../../avr/lib/avr5/libm.a(fixsfsi.o)
                              TankFu.o (__fixsfsi)
/usr/local/lib/gcc/avr/4.9.2/../../../../avr/lib/avr5/libm.a(fixunssfsi.o)
                              TankFu.o (__fixunssfsi)
/usr/local/lib/gcc/avr/4.9.2/../../../../avr/lib/avr5/libm.a(floatsisf.o)
                              TankFu.o (__floatunsisf)
/usr/local/lib/gcc/avr/4.9.2/../../../../avr/lib/avr5/libm.a(fp_cmp.o)
                              /usr/local/lib/gcc/avr/4.9.2/../../../../avr/lib/avr5/libm.a(cmpsf2.o) (__fp_cmp)
/usr/local/lib/gcc/avr/4.9.2/../../../../avr/lib/avr5/libm.a(fp_inf.o)
                              /usr/local/lib/gcc/avr/4.9.2/../../../../avr/lib/avr5/libm.a(addsf3x.o) (__fp_inf)
/usr/local/lib/gcc/avr/4.9.2/../../../../avr/lib/avr5/libm.a(fp_nan.o)
                              /usr/local/lib/gcc/avr/4.9.2/../../../../avr/lib/avr5/libm.a(addsf3x.o) (__fp_nan)
/usr/local/lib/gcc/avr/4.9.2/../../../../avr/lib/avr5/libm.a(fp_pscA.o)
                              /usr/local/lib/gcc/avr/4.9.2/../../../../avr/lib/avr5/libm.a(addsf3x.o) (__fp_pscA)
/usr/local/lib/gcc/avr/4.9.2/../../../../avr/lib/avr5/libm.a(fp_pscB.o)
                              /usr/local/lib/gcc/avr/4.9.2/../../../../avr/lib/avr5/libm.a(addsf3x.o) (__fp_pscB)
/usr/local/lib/gcc/avr/4.9.2/../../../../avr/lib/avr5/libm.a(fp_round.o)
                              /usr/local/lib/gcc/avr/4.9.2/../../../../avr/lib/avr5/libm.a(addsf3.o) (__fp_round)
/usr/local/lib/gcc/avr/4.9.2/../../../../avr/lib/avr5/libm.a(fp_split3.o)
                              /usr/local/lib/gcc/avr/4.9.2/../../../../avr/lib/avr5/libm.a(addsf3x.o) (__fp_split3)
/usr/local/lib/gcc/avr/4.9.2/../../../../avr/lib/avr5/libm.a(fp_zero.o)
                              /usr/local/lib/gcc/avr/4.9.2/../../../../avr/lib/avr5/libm.a(addsf3x.o) (__fp_zero)
/usr/local/lib/gcc/avr/4.9.2/../../../../avr/lib/avr5/libm.a(gesf2.o)
                              TankFu.o (__gtsf2)
/usr/local/lib/gcc/avr/4.9.2/../../../../avr/lib/avr5/libm.a(mulsf3.o)
                              TankFu.o (__mulsf3)
/usr/local/lib/gcc/avr/4.9.2/../../../../avr/lib/avr5/libm.a(mulsf3x.o)
                              /usr/local/lib/gcc/avr/4.9.2/../../../../avr/lib/avr5/libm.a(mulsf3.o) (__mulsf3x)
/usr/local/lib/gcc/avr/4.9.2/../../../../avr/lib/avr5/libc.a(memcpy_P.o)
                              TankFu.o (memcpy_P)
/usr/local/lib/gcc/avr/4.9.2/../../../../avr/lib/avr5/libc.a(strnlen_P.o)
                              TankFu.o (strnlen_P)
/usr/local/lib/gcc/avr/4.9.2/../../../../avr/lib/avr5/libc.a(strupr.o)
                              TankFu.o (strupr)
/usr/local/lib/gcc/avr/4.9.2/../../../../avr/lib/avr5/libc.a(sprintf.o)
                              TankFu.o (sprintf)
/usr/local/lib/gcc/avr/4.9.2/../../../../avr/lib/avr5/libc.a(vfprintf_std.o)
                              /usr/local/lib/gcc/avr/4.9.2/../../../../avr/lib/avr5/libc.a(sprintf.o) (vfprintf)
/usr/local/lib/gcc/avr/4.9.2/../../../../avr/lib/avr5/libc.a(strnlen.o)
                              /usr/local/lib/gcc/avr/4.9.2/../../../../avr/lib/avr5/libc.a(vfprintf_std.o) (strnlen)
/usr/local/lib/gcc/avr/4.9.2/../../../../avr/lib/avr5/libc.a(fputc.o)
                              /usr/local/lib/gcc/avr/4.9.2/../../../../avr/lib/avr5/libc.a(vfprintf_std.o) (fputc)
/usr/local/lib/gcc/avr/4.9.2/../../../../avr/lib/avr5/libc.a(ultoa_invert.o)
                              /usr/local/lib/gcc/avr/4.9.2/../../../../avr/lib/avr5/libc.a(vfprintf_std.o) (__ultoa_invert)
/usr/local/lib/gcc/avr/4.9.2/avr5/libgcc.a(_prologue.o)
                              /usr/local/lib/gcc/avr/4.9.2/../../../../avr/lib/avr5/libc.a(sprintf.o) (__prologue_saves__)
/usr/local/lib/gcc/avr/4.9.2/avr5/libgcc.a(_epilogue.o)
                              /usr/local/lib/gcc/avr/4.9.2/../../../../avr/lib/avr5/libc.a(sprintf.o) (__epilogue_restores__)

Allocating common symbols
Common symbol       size              file

songStart           0x2               uzeboxSoundEngine.o
uart_tx_buf         0x40              uzeboxCore.o
tracks              0x5c              uzeboxSoundEngine.o
scores              0x20              TankFu.o
fadeSpeed           0x1               uzeboxVideoEngine.o
currDeltaTime       0x2               uzeboxSoundEngine.o
fadeDir             0x1               uzeboxVideoEngine.o
patchPointers       0x2               uzeboxSoundEngine.o
p2s                 0x6               TankFu.o
handles             0x20              TankFu.o
game                0x14              TankFu.o
tile_animations     0x1d              TankFu.o
lastStatus          0x1               uzeboxSoundEngine.o
joypadsConnectionStatus
                    0x1               uzeboxCore.o
wifi_status         0x1               TankFu.o
player1             0x85              TankFu.o
fadeActive          0x1               uzeboxVideoEngine.o
uart_rx_head        0x1               uzeboxCore.o
masterVolume        0x1               uzeboxSoundEngine.o
nextDeltaTime       0x2               uzeboxSoundEngine.o
songSpeed           0x1               uzeboxSoundEngine.o
uart_tx_head        0x1               uzeboxCore.o
songPos             0x2               uzeboxSoundEngine.o
level               0x2ef             TankFu.o
uart_rx_tail        0x1               uzeboxCore.o
player2             0x85              TankFu.o
loopStart           0x2               uzeboxSoundEngine.o
sub_animation       0xe               TankFu.o
scope_animation     0xe               TankFu.o
uart_rx_buf         0x100             uzeboxCore.o
step                0x1               uzeboxSoundEngine.o
currFadeFrame       0x1               uzeboxVideoEngine.o
p1s                 0x6               TankFu.o
fadeStep            0x1               uzeboxVideoEngine.o
uart_tx_tail        0x1               uzeboxCore.o
turret2             0x34              TankFu.o
turret1             0x34              TankFu.o

Discarded input sections

 .data          0x0000000000000000        0x0 /usr/local/lib/gcc/avr/4.9.2/../../../../avr/lib/avr5/crtm644.o
 .bss           0x0000000000000000        0x0 /usr/local/lib/gcc/avr/4.9.2/../../../../avr/lib/avr5/crtm644.o
 .data          0x0000000000000000        0x0 uzeboxVideoEngineCore.o
 .text.SetSpritesTileBank
                0x0000000000000000       0x12 uzeboxVideoEngineCore.o
 .text.GetTile  0x0000000000000000       0x1e uzeboxVideoEngineCore.o
 .text.SetUserPreVsyncCallback
                0x0000000000000000        0xa uzeboxVideoEngineCore.o
 .text.SetUserPostVsyncCallback
                0x0000000000000000        0xa uzeboxVideoEngineCore.o
 .text.IsRunningInEmulator
                0x0000000000000000       0x12 uzeboxVideoEngineCore.o
 .text.WaitClocks
                0x0000000000000000        0x6 uzeboxVideoEngineCore.o
 .text.SetLedOn
                0x0000000000000000        0x4 uzeboxVideoEngineCore.o
 .text.SetLedOff
                0x0000000000000000        0x4 uzeboxVideoEngineCore.o
 .text.ToggleLed
                0x0000000000000000        0x4 uzeboxVideoEngineCore.o
 .text.internal_spi_byte
                0x0000000000000000        0xe uzeboxVideoEngineCore.o
 .text          0x0000000000000000        0x0 uzeboxCore.o
 .data          0x0000000000000000        0x0 uzeboxCore.o
 .text.SetRenderingParameters
                0x0000000000000000        0xa uzeboxCore.o
 .text.DetectControllers
                0x0000000000000000       0x36 uzeboxCore.o
 .text.FormatEeprom2
                0x0000000000000000       0x98 uzeboxCore.o
 .text.IsPowerSwitchPressed
                0x0000000000000000        0xe uzeboxCore.o
 .text.UartGoBack
                0x0000000000000000       0x14 uzeboxCore.o
 .text.IsUartRxBufferEmpty
                0x0000000000000000       0x10 uzeboxCore.o
 .text.IsUartTxBufferEmpty
                0x0000000000000000       0x10 uzeboxCore.o
 .text.IsUartTxBufferFull
                0x0000000000000000       0x14 uzeboxCore.o
 .text          0x0000000000000000        0x0 uzeboxSoundEngine.o
 .data          0x0000000000000000        0x0 uzeboxSoundEngine.o
 .text.StartSong
                0x0000000000000000       0x52 uzeboxSoundEngine.o
 .text.StopSong
                0x0000000000000000       0x18 uzeboxSoundEngine.o
 .text.ResumeSong
                0x0000000000000000        0x8 uzeboxSoundEngine.o
 .text.SetSongSpeed
                0x0000000000000000        0x6 uzeboxSoundEngine.o
 .text.GetSongSpeed
                0x0000000000000000        0x6 uzeboxSoundEngine.o
 .text.GetMasterVolume
                0x0000000000000000        0x6 uzeboxSoundEngine.o
 .text.IsSongPlaying
                0x0000000000000000        0x6 uzeboxSoundEngine.o
 .data          0x0000000000000000        0x0 uzeboxSoundEngineCore.o
 .text.SetMixerNoiseParams
                0x0000000000000000       0x10 uzeboxSoundEngineCore.o
 .text.SetMixerVolume
                0x0000000000000000       0x16 uzeboxSoundEngineCore.o
 .text.EnableSoundEngine
                0x0000000000000000        0x8 uzeboxSoundEngineCore.o
 .text          0x0000000000000000        0x0 uzeboxVideoEngine.o
 .bss           0x0000000000000000        0x0 uzeboxVideoEngine.o
 .text.SetUserRamTilesCount
                0x0000000000000000        0x6 uzeboxVideoEngine.o
 .text.GetUserRamTile
                0x0000000000000000        0xe uzeboxVideoEngine.o
 .text.SetSpriteVisibility
                0x0000000000000000        0x6 uzeboxVideoEngine.o
 .text.MapSprite
                0x0000000000000000       0x80 uzeboxVideoEngine.o
 .text.PrintLong
                0x0000000000000000       0x8a uzeboxVideoEngine.o
 .text.PrintInt
                0x0000000000000000       0x70 uzeboxVideoEngine.o
 .text.PrintBinaryByte
                0x0000000000000000       0x36 uzeboxVideoEngine.o
 .text.PrintHexByte
                0x0000000000000000       0x40 uzeboxVideoEngine.o
 .text.PrintHexInt
                0x0000000000000000       0x24 uzeboxVideoEngine.o
 .text.PrintHexLong
                0x0000000000000000       0x5e uzeboxVideoEngine.o
 .text.PrintRam
                0x0000000000000000       0x36 uzeboxVideoEngine.o
 .text.Fill     0x0000000000000000       0x6e uzeboxVideoEngine.o
 .text.FontFill
                0x0000000000000000       0x6c uzeboxVideoEngine.o
 .text          0x0000000000000000        0x0 TankFu.o
 .text.LBPrintByte
                0x0000000000000000       0x6c TankFu.o
 .text.LBWaitUs
                0x0000000000000000        0x4 TankFu.o
 .text.wifiGetP
                0x0000000000000000       0x14 TankFu.o
 .text.save_eeprom
                0x0000000000000000        0x4 TankFu.o
 .text.turret_map
                0x0000000000000000       0x14 TankFu.o
 .text.turret_shot_map
                0x0000000000000000       0x14 TankFu.o
 .text.record_player_posture
                0x0000000000000000       0x12 TankFu.o
 .text          0x0000000000000000        0x0 /usr/local/lib/gcc/avr/4.9.2/avr5/libgcc.a(_udivmodqi4.o)
 .data          0x0000000000000000        0x0 /usr/local/lib/gcc/avr/4.9.2/avr5/libgcc.a(_udivmodqi4.o)
 .bss           0x0000000000000000        0x0 /usr/local/lib/gcc/avr/4.9.2/avr5/libgcc.a(_udivmodqi4.o)
 .text.libgcc.mul
                0x0000000000000000        0x0 /usr/local/lib/gcc/avr/4.9.2/avr5/libgcc.a(_udivmodqi4.o)
 .text.libgcc   0x0000000000000000        0x0 /usr/local/lib/gcc/avr/4.9.2/avr5/libgcc.a(_udivmodqi4.o)
 .text.libgcc.prologue
                0x0000000000000000        0x0 /usr/local/lib/gcc/avr/4.9.2/avr5/libgcc.a(_udivmodqi4.o)
 .text.libgcc.builtins
                0x0000000000000000        0x0 /usr/local/lib/gcc/avr/4.9.2/avr5/libgcc.a(_udivmodqi4.o)
 .text.libgcc.fmul
                0x0000000000000000        0x0 /usr/local/lib/gcc/avr/4.9.2/avr5/libgcc.a(_udivmodqi4.o)
 .text.libgcc.fixed
                0x0000000000000000        0x0 /usr/local/lib/gcc/avr/4.9.2/avr5/libgcc.a(_udivmodqi4.o)
 .text          0x0000000000000000        0x0 /usr/local/lib/gcc/avr/4.9.2/avr5/libgcc.a(_divmodqi4.o)
 .data          0x0000000000000000        0x0 /usr/local/lib/gcc/avr/4.9.2/avr5/libgcc.a(_divmodqi4.o)
 .bss           0x0000000000000000        0x0 /usr/local/lib/gcc/avr/4.9.2/avr5/libgcc.a(_divmodqi4.o)
 .text.libgcc.mul
                0x0000000000000000        0x0 /usr/local/lib/gcc/avr/4.9.2/avr5/libgcc.a(_divmodqi4.o)
 .text.libgcc   0x0000000000000000        0x0 /usr/local/lib/gcc/avr/4.9.2/avr5/libgcc.a(_divmodqi4.o)
 .text.libgcc.prologue
                0x0000000000000000        0x0 /usr/local/lib/gcc/avr/4.9.2/avr5/libgcc.a(_divmodqi4.o)
 .text.libgcc.builtins
                0x0000000000000000        0x0 /usr/local/lib/gcc/avr/4.9.2/avr5/libgcc.a(_divmodqi4.o)
 .text.libgcc.fmul
                0x0000000000000000        0x0 /usr/local/lib/gcc/avr/4.9.2/avr5/libgcc.a(_divmodqi4.o)
 .text.libgcc.fixed
                0x0000000000000000        0x0 /usr/local/lib/gcc/avr/4.9.2/avr5/libgcc.a(_divmodqi4.o)
 .text          0x0000000000000000        0x0 /usr/local/lib/gcc/avr/4.9.2/avr5/libgcc.a(_udivmodhi4.o)
 .data          0x0000000000000000        0x0 /usr/local/lib/gcc/avr/4.9.2/avr5/libgcc.a(_udivmodhi4.o)
 .bss           0x0000000000000000        0x0 /usr/local/lib/gcc/avr/4.9.2/avr5/libgcc.a(_udivmodhi4.o)
 .text.libgcc.mul
                0x0000000000000000        0x0 /usr/local/lib/gcc/avr/4.9.2/avr5/libgcc.a(_udivmodhi4.o)
 .text.libgcc   0x0000000000000000        0x0 /usr/local/lib/gcc/avr/4.9.2/avr5/libgcc.a(_udivmodhi4.o)
 .text.libgcc.prologue
                0x0000000000000000        0x0 /usr/local/lib/gcc/avr/4.9.2/avr5/libgcc.a(_udivmodhi4.o)
 .text.libgcc.builtins
                0x0000000000000000        0x0 /usr/local/lib/gcc/avr/4.9.2/avr5/libgcc.a(_udivmodhi4.o)
 .text.libgcc.fmul
                0x0000000000000000        0x0 /usr/local/lib/gcc/avr/4.9.2/avr5/libgcc.a(_udivmodhi4.o)
 .text.libgcc.fixed
                0x0000000000000000        0x0 /usr/local/lib/gcc/avr/4.9.2/avr5/libgcc.a(_udivmodhi4.o)
 .text          0x0000000000000000        0x0 /usr/local/lib/gcc/avr/4.9.2/avr5/libgcc.a(_divmodhi4.o)
 .data          0x0000000000000000        0x0 /usr/local/lib/gcc/avr/4.9.2/avr5/libgcc.a(_divmodhi4.o)
 .bss           0x0000000000000000        0x0 /usr/local/lib/gcc/avr/4.9.2/avr5/libgcc.a(_divmodhi4.o)
 .text.libgcc.mul
                0x0000000000000000        0x0 /usr/local/lib/gcc/avr/4.9.2/avr5/libgcc.a(_divmodhi4.o)
 .text.libgcc   0x0000000000000000        0x0 /usr/local/lib/gcc/avr/4.9.2/avr5/libgcc.a(_divmodhi4.o)
 .text.libgcc.prologue
                0x0000000000000000        0x0 /usr/local/lib/gcc/avr/4.9.2/avr5/libgcc.a(_divmodhi4.o)
 .text.libgcc.builtins
                0x0000000000000000        0x0 /usr/local/lib/gcc/avr/4.9.2/avr5/libgcc.a(_divmodhi4.o)
 .text.libgcc.fmul
                0x0000000000000000        0x0 /usr/local/lib/gcc/avr/4.9.2/avr5/libgcc.a(_divmodhi4.o)
 .text.libgcc.fixed
                0x0000000000000000        0x0 /usr/local/lib/gcc/avr/4.9.2/avr5/libgcc.a(_divmodhi4.o)
 .text          0x0000000000000000        0x0 /usr/local/lib/gcc/avr/4.9.2/avr5/libgcc.a(_udivmodsi4.o)
 .data          0x0000000000000000        0x0 /usr/local/lib/gcc/avr/4.9.2/avr5/libgcc.a(_udivmodsi4.o)
 .bss           0x0000000000000000        0x0 /usr/local/lib/gcc/avr/4.9.2/avr5/libgcc.a(_udivmodsi4.o)
 .stab          0x0000000000000000      0x228 /usr/local/lib/gcc/avr/4.9.2/avr5/libgcc.a(_udivmodsi4.o)
                                        0x234 (size before relaxing)
 .text.libgcc.mul
                0x0000000000000000        0x0 /usr/local/lib/gcc/avr/4.9.2/avr5/libgcc.a(_udivmodsi4.o)
 .text.libgcc.div
                0x0000000000000000       0x44 /usr/local/lib/gcc/avr/4.9.2/avr5/libgcc.a(_udivmodsi4.o)
 .text.libgcc   0x0000000000000000        0x0 /usr/local/lib/gcc/avr/4.9.2/avr5/libgcc.a(_udivmodsi4.o)
 .text.libgcc.prologue
                0x0000000000000000        0x0 /usr/local/lib/gcc/avr/4.9.2/avr5/libgcc.a(_udivmodsi4.o)
 .text.libgcc.builtins
                0x0000000000000000        0x0 /usr/local/lib/gcc/avr/4.9.2/avr5/libgcc.a(_udivmodsi4.o)
 .text.libgcc.fmul
                0x0000000000000000        0x0 /usr/local/lib/gcc/avr/4.9.2/avr5/libgcc.a(_udivmodsi4.o)
 .text.libgcc.fixed
                0x0000000000000000        0x0 /usr/local/lib/gcc/avr/4.9.2/avr5/libgcc.a(_udivmodsi4.o)
 .text          0x0000000000000000        0x0 /usr/local/lib/gcc/avr/4.9.2/avr5/libgcc.a(_exit.o)
 .data          0x0000000000000000        0x0 /usr/local/lib/gcc/avr/4.9.2/avr5/libgcc.a(_exit.o)
 .bss           0x0000000000000000        0x0 /usr/local/lib/gcc/avr/4.9.2/avr5/libgcc.a(_exit.o)
 .text.libgcc.mul
                0x0000000000000000        0x0 /usr/local/lib/gcc/avr/4.9.2/avr5/libgcc.a(_exit.o)
 .text.libgcc.div
                0x0000000000000000        0x0 /usr/local/lib/gcc/avr/4.9.2/avr5/libgcc.a(_exit.o)
 .text.libgcc   0x0000000000000000        0x0 /usr/local/lib/gcc/avr/4.9.2/avr5/libgcc.a(_exit.o)
 .text.libgcc.prologue
                0x0000000000000000        0x0 /usr/local/lib/gcc/avr/4.9.2/avr5/libgcc.a(_exit.o)
 .text.libgcc.builtins
                0x0000000000000000        0x0 /usr/local/lib/gcc/avr/4.9.2/avr5/libgcc.a(_exit.o)
 .text.libgcc.fmul
                0x0000000000000000        0x0 /usr/local/lib/gcc/avr/4.9.2/avr5/libgcc.a(_exit.o)
 .text.libgcc.fixed
                0x0000000000000000        0x0 /usr/local/lib/gcc/avr/4.9.2/avr5/libgcc.a(_exit.o)
 .text          0x0000000000000000        0x0 /usr/local/lib/gcc/avr/4.9.2/avr5/libgcc.a(_copy_data.o)
 .data          0x0000000000000000        0x0 /usr/local/lib/gcc/avr/4.9.2/avr5/libgcc.a(_copy_data.o)
 .bss           0x0000000000000000        0x0 /usr/local/lib/gcc/avr/4.9.2/avr5/libgcc.a(_copy_data.o)
 .text.libgcc.mul
                0x0000000000000000        0x0 /usr/local/lib/gcc/avr/4.9.2/avr5/libgcc.a(_copy_data.o)
 .text.libgcc.div
                0x0000000000000000        0x0 /usr/local/lib/gcc/avr/4.9.2/avr5/libgcc.a(_copy_data.o)
 .text.libgcc   0x0000000000000000        0x0 /usr/local/lib/gcc/avr/4.9.2/avr5/libgcc.a(_copy_data.o)
 .text.libgcc.prologue
                0x0000000000000000        0x0 /usr/local/lib/gcc/avr/4.9.2/avr5/libgcc.a(_copy_data.o)
 .text.libgcc.builtins
                0x0000000000000000        0x0 /usr/local/lib/gcc/avr/4.9.2/avr5/libgcc.a(_copy_data.o)
 .text.libgcc.fmul
                0x0000000000000000        0x0 /usr/local/lib/gcc/avr/4.9.2/avr5/libgcc.a(_copy_data.o)
 .text.libgcc.fixed
                0x0000000000000000        0x0 /usr/local/lib/gcc/avr/4.9.2/avr5/libgcc.a(_copy_data.o)
 .text          0x0000000000000000        0x0 /usr/local/lib/gcc/avr/4.9.2/avr5/libgcc.a(_clear_bss.o)
 .data          0x0000000000000000        0x0 /usr/local/lib/gcc/avr/4.9.2/avr5/libgcc.a(_clear_bss.o)
 .bss           0x0000000000000000        0x0 /usr/local/lib/gcc/avr/4.9.2/avr5/libgcc.a(_clear_bss.o)
 .text.libgcc.mul
                0x0000000000000000        0x0 /usr/local/lib/gcc/avr/4.9.2/avr5/libgcc.a(_clear_bss.o)
 .text.libgcc.div
                0x0000000000000000        0x0 /usr/local/lib/gcc/avr/4.9.2/avr5/libgcc.a(_clear_bss.o)
 .text.libgcc   0x0000000000000000        0x0 /usr/local/lib/gcc/avr/4.9.2/avr5/libgcc.a(_clear_bss.o)
 .text.libgcc.prologue
                0x0000000000000000        0x0 /usr/local/lib/gcc/avr/4.9.2/avr5/libgcc.a(_clear_bss.o)
 .text.libgcc.builtins
                0x0000000000000000        0x0 /usr/local/lib/gcc/avr/4.9.2/avr5/libgcc.a(_clear_bss.o)
 .text.libgcc.fmul
                0x0000000000000000        0x0 /usr/local/lib/gcc/avr/4.9.2/avr5/libgcc.a(_clear_bss.o)
 .text.libgcc.fixed
                0x0000000000000000        0x0 /usr/local/lib/gcc/avr/4.9.2/avr5/libgcc.a(_clear_bss.o)
 .text          0x0000000000000000        0x0 /usr/local/lib/gcc/avr/4.9.2/../../../../avr/lib/avr5/libm.a(addsf3.o)
 .data          0x0000000000000000        0x0 /usr/local/lib/gcc/avr/4.9.2/../../../../avr/lib/avr5/libm.a(addsf3.o)
 .bss           0x0000000000000000        0x0 /usr/local/lib/gcc/avr/4.9.2/../../../../avr/lib/avr5/libm.a(addsf3.o)
 .text          0x0000000000000000        0x0 /usr/local/lib/gcc/avr/4.9.2/../../../../avr/lib/avr5/libm.a(addsf3x.o)
 .data          0x0000000000000000        0x0 /usr/local/lib/gcc/avr/4.9.2/../../../../avr/lib/avr5/libm.a(addsf3x.o)
 .bss           0x0000000000000000        0x0 /usr/local/lib/gcc/avr/4.9.2/../../../../avr/lib/avr5/libm.a(addsf3x.o)
 .text          0x0000000000000000        0x0 /usr/local/lib/gcc/avr/4.9.2/../../../../avr/lib/avr5/libm.a(cmpsf2.o)
 .data          0x0000000000000000        0x0 /usr/local/lib/gcc/avr/4.9.2/../../../../avr/lib/avr5/libm.a(cmpsf2.o)
 .bss           0x0000000000000000        0x0 /usr/local/lib/gcc/avr/4.9.2/../../../../avr/lib/avr5/libm.a(cmpsf2.o)
 .text          0x0000000000000000        0x0 /usr/local/lib/gcc/avr/4.9.2/../../../../avr/lib/avr5/libm.a(divsf3.o)
 .data          0x0000000000000000        0x0 /usr/local/lib/gcc/avr/4.9.2/../../../../avr/lib/avr5/libm.a(divsf3.o)
 .bss           0x0000000000000000        0x0 /usr/local/lib/gcc/avr/4.9.2/../../../../avr/lib/avr5/libm.a(divsf3.o)
 .text          0x0000000000000000        0x0 /usr/local/lib/gcc/avr/4.9.2/../../../../avr/lib/avr5/libm.a(divsf3x.o)
 .data          0x0000000000000000        0x0 /usr/local/lib/gcc/avr/4.9.2/../../../../avr/lib/avr5/libm.a(divsf3x.o)
 .bss           0x0000000000000000        0x0 /usr/local/lib/gcc/avr/4.9.2/../../../../avr/lib/avr5/libm.a(divsf3x.o)
 .text          0x0000000000000000        0x0 /usr/local/lib/gcc/avr/4.9.2/../../../../avr/lib/avr5/libm.a(fixsfsi.o)
 .data          0x0000000000000000        0x0 /usr/local/lib/gcc/avr/4.9.2/../../../../avr/lib/avr5/libm.a(fixsfsi.o)
 .bss           0x0000000000000000        0x0 /usr/local/lib/gcc/avr/4.9.2/../../../../avr/lib/avr5/libm.a(fixsfsi.o)
 .text          0x0000000000000000        0x0 /usr/local/lib/gcc/avr/4.9.2/../../../../avr/lib/avr5/libm.a(fixunssfsi.o)
 .data          0x0000000000000000        0x0 /usr/local/lib/gcc/avr/4.9.2/../../../../avr/lib/avr5/libm.a(fixunssfsi.o)
 .bss           0x0000000000000000        0x0 /usr/local/lib/gcc/avr/4.9.2/../../../../avr/lib/avr5/libm.a(fixunssfsi.o)
 .text          0x0000000000000000        0x0 /usr/local/lib/gcc/avr/4.9.2/../../../../avr/lib/avr5/libm.a(floatsisf.o)
 .data          0x0000000000000000        0x0 /usr/local/lib/gcc/avr/4.9.2/../../../../avr/lib/avr5/libm.a(floatsisf.o)
 .bss           0x0000000000000000        0x0 /usr/local/lib/gcc/avr/4.9.2/../../../../avr/lib/avr5/libm.a(floatsisf.o)
 .text          0x0000000000000000        0x0 /usr/local/lib/gcc/avr/4.9.2/../../../../avr/lib/avr5/libm.a(fp_cmp.o)
 .data          0x0000000000000000        0x0 /usr/local/lib/gcc/avr/4.9.2/../../../../avr/lib/avr5/libm.a(fp_cmp.o)
 .bss           0x0000000000000000        0x0 /usr/local/lib/gcc/avr/4.9.2/../../../../avr/lib/avr5/libm.a(fp_cmp.o)
 .text          0x0000000000000000        0x0 /usr/local/lib/gcc/avr/4.9.2/../../../../avr/lib/avr5/libm.a(fp_inf.o)
 .data          0x0000000000000000        0x0 /usr/local/lib/gcc/avr/4.9.2/../../../../avr/lib/avr5/libm.a(fp_inf.o)
 .bss           0x0000000000000000        0x0 /usr/local/lib/gcc/avr/4.9.2/../../../../avr/lib/avr5/libm.a(fp_inf.o)
 .text          0x0000000000000000        0x0 /usr/local/lib/gcc/avr/4.9.2/../../../../avr/lib/avr5/libm.a(fp_nan.o)
 .data          0x0000000000000000        0x0 /usr/local/lib/gcc/avr/4.9.2/../../../../avr/lib/avr5/libm.a(fp_nan.o)
 .bss           0x0000000000000000        0x0 /usr/local/lib/gcc/avr/4.9.2/../../../../avr/lib/avr5/libm.a(fp_nan.o)
 .text          0x0000000000000000        0x0 /usr/local/lib/gcc/avr/4.9.2/../../../../avr/lib/avr5/libm.a(fp_pscA.o)
 .data          0x0000000000000000        0x0 /usr/local/lib/gcc/avr/4.9.2/../../../../avr/lib/avr5/libm.a(fp_pscA.o)
 .bss           0x0000000000000000        0x0 /usr/local/lib/gcc/avr/4.9.2/../../../../avr/lib/avr5/libm.a(fp_pscA.o)
 .text          0x0000000000000000        0x0 /usr/local/lib/gcc/avr/4.9.2/../../../../avr/lib/avr5/libm.a(fp_pscB.o)
 .data          0x0000000000000000        0x0 /usr/local/lib/gcc/avr/4.9.2/../../../../avr/lib/avr5/libm.a(fp_pscB.o)
 .bss           0x0000000000000000        0x0 /usr/local/lib/gcc/avr/4.9.2/../../../../avr/lib/avr5/libm.a(fp_pscB.o)
 .text          0x0000000000000000        0x0 /usr/local/lib/gcc/avr/4.9.2/../../../../avr/lib/avr5/libm.a(fp_round.o)
 .data          0x0000000000000000        0x0 /usr/local/lib/gcc/avr/4.9.2/../../../../avr/lib/avr5/libm.a(fp_round.o)
 .bss           0x0000000000000000        0x0 /usr/local/lib/gcc/avr/4.9.2/../../../../avr/lib/avr5/libm.a(fp_round.o)
 .text          0x0000000000000000        0x0 /usr/local/lib/gcc/avr/4.9.2/../../../../avr/lib/avr5/libm.a(fp_split3.o)
 .data          0x0000000000000000        0x0 /usr/local/lib/gcc/avr/4.9.2/../../../../avr/lib/avr5/libm.a(fp_split3.o)
 .bss           0x0000000000000000        0x0 /usr/local/lib/gcc/avr/4.9.2/../../../../avr/lib/avr5/libm.a(fp_split3.o)
 .text          0x0000000000000000        0x0 /usr/local/lib/gcc/avr/4.9.2/../../../../avr/lib/avr5/libm.a(fp_zero.o)
 .data          0x0000000000000000        0x0 /usr/local/lib/gcc/avr/4.9.2/../../../../avr/lib/avr5/libm.a(fp_zero.o)
 .bss           0x0000000000000000        0x0 /usr/local/lib/gcc/avr/4.9.2/../../../../avr/lib/avr5/libm.a(fp_zero.o)
 .text          0x0000000000000000        0x0 /usr/local/lib/gcc/avr/4.9.2/../../../../avr/lib/avr5/libm.a(gesf2.o)
 .data          0x0000000000000000        0x0 /usr/local/lib/gcc/avr/4.9.2/../../../../avr/lib/avr5/libm.a(gesf2.o)
 .bss           0x0000000000000000        0x0 /usr/local/lib/gcc/avr/4.9.2/../../../../avr/lib/avr5/libm.a(gesf2.o)
 .text          0x0000000000000000        0x0 /usr/local/lib/gcc/avr/4.9.2/../../../../avr/lib/avr5/libm.a(mulsf3.o)
 .data          0x0000000000000000        0x0 /usr/local/lib/gcc/avr/4.9.2/../../../../avr/lib/avr5/libm.a(mulsf3.o)
 .bss           0x0000000000000000        0x0 /usr/local/lib/gcc/avr/4.9.2/../../../../avr/lib/avr5/libm.a(mulsf3.o)
 .text          0x0000000000000000        0x0 /usr/local/lib/gcc/avr/4.9.2/../../../../avr/lib/avr5/libm.a(mulsf3x.o)
 .data          0x0000000000000000        0x0 /usr/local/lib/gcc/avr/4.9.2/../../../../avr/lib/avr5/libm.a(mulsf3x.o)
 .bss           0x0000000000000000        0x0 /usr/local/lib/gcc/avr/4.9.2/../../../../avr/lib/avr5/libm.a(mulsf3x.o)
 .text          0x0000000000000000        0x0 /usr/local/lib/gcc/avr/4.9.2/../../../../avr/lib/avr5/libc.a(memcpy_P.o)
 .data          0x0000000000000000        0x0 /usr/local/lib/gcc/avr/4.9.2/../../../../avr/lib/avr5/libc.a(memcpy_P.o)
 .bss           0x0000000000000000        0x0 /usr/local/lib/gcc/avr/4.9.2/../../../../avr/lib/avr5/libc.a(memcpy_P.o)
 .text          0x0000000000000000        0x0 /usr/local/lib/gcc/avr/4.9.2/../../../../avr/lib/avr5/libc.a(strnlen_P.o)
 .data          0x0000000000000000        0x0 /usr/local/lib/gcc/avr/4.9.2/../../../../avr/lib/avr5/libc.a(strnlen_P.o)
 .bss           0x0000000000000000        0x0 /usr/local/lib/gcc/avr/4.9.2/../../../../avr/lib/avr5/libc.a(strnlen_P.o)
 .text          0x0000000000000000        0x0 /usr/local/lib/gcc/avr/4.9.2/../../../../avr/lib/avr5/libc.a(strupr.o)
 .data          0x0000000000000000        0x0 /usr/local/lib/gcc/avr/4.9.2/../../../../avr/lib/avr5/libc.a(strupr.o)
 .bss           0x0000000000000000        0x0 /usr/local/lib/gcc/avr/4.9.2/../../../../avr/lib/avr5/libc.a(strupr.o)
 .text          0x0000000000000000        0x0 /usr/local/lib/gcc/avr/4.9.2/../../../../avr/lib/avr5/libc.a(sprintf.o)
 .data          0x0000000000000000        0x0 /usr/local/lib/gcc/avr/4.9.2/../../../../avr/lib/avr5/libc.a(sprintf.o)
 .bss           0x0000000000000000        0x0 /usr/local/lib/gcc/avr/4.9.2/../../../../avr/lib/avr5/libc.a(sprintf.o)
 .text          0x0000000000000000        0x0 /usr/local/lib/gcc/avr/4.9.2/../../../../avr/lib/avr5/libc.a(vfprintf_std.o)
 .data          0x0000000000000000        0x0 /usr/local/lib/gcc/avr/4.9.2/../../../../avr/lib/avr5/libc.a(vfprintf_std.o)
 .bss           0x0000000000000000        0x0 /usr/local/lib/gcc/avr/4.9.2/../../../../avr/lib/avr5/libc.a(vfprintf_std.o)
 .text          0x0000000000000000        0x0 /usr/local/lib/gcc/avr/4.9.2/../../../../avr/lib/avr5/libc.a(strnlen.o)
 .data          0x0000000000000000        0x0 /usr/local/lib/gcc/avr/4.9.2/../../../../avr/lib/avr5/libc.a(strnlen.o)
 .bss           0x0000000000000000        0x0 /usr/local/lib/gcc/avr/4.9.2/../../../../avr/lib/avr5/libc.a(strnlen.o)
 .text          0x0000000000000000        0x0 /usr/local/lib/gcc/avr/4.9.2/../../../../avr/lib/avr5/libc.a(fputc.o)
 .data          0x0000000000000000        0x0 /usr/local/lib/gcc/avr/4.9.2/../../../../avr/lib/avr5/libc.a(fputc.o)
 .bss           0x0000000000000000        0x0 /usr/local/lib/gcc/avr/4.9.2/../../../../avr/lib/avr5/libc.a(fputc.o)
 .text          0x0000000000000000        0x0 /usr/local/lib/gcc/avr/4.9.2/../../../../avr/lib/avr5/libc.a(ultoa_invert.o)
 .data          0x0000000000000000        0x0 /usr/local/lib/gcc/avr/4.9.2/../../../../avr/lib/avr5/libc.a(ultoa_invert.o)
 .bss           0x0000000000000000        0x0 /usr/local/lib/gcc/avr/4.9.2/../../../../avr/lib/avr5/libc.a(ultoa_invert.o)
 .text          0x0000000000000000        0x0 /usr/local/lib/gcc/avr/4.9.2/avr5/libgcc.a(_prologue.o)
 .data          0x0000000000000000        0x0 /usr/local/lib/gcc/avr/4.9.2/avr5/libgcc.a(_prologue.o)
 .bss           0x0000000000000000        0x0 /usr/local/lib/gcc/avr/4.9.2/avr5/libgcc.a(_prologue.o)
 .text.libgcc.mul
                0x0000000000000000        0x0 /usr/local/lib/gcc/avr/4.9.2/avr5/libgcc.a(_prologue.o)
 .text.libgcc.div
                0x0000000000000000        0x0 /usr/local/lib/gcc/avr/4.9.2/avr5/libgcc.a(_prologue.o)
 .text.libgcc   0x0000000000000000        0x0 /usr/local/lib/gcc/avr/4.9.2/avr5/libgcc.a(_prologue.o)
 .text.libgcc.builtins
                0x0000000000000000        0x0 /usr/local/lib/gcc/avr/4.9.2/avr5/libgcc.a(_prologue.o)
 .text.libgcc.fmul
                0x0000000000000000        0x0 /usr/local/lib/gcc/avr/4.9.2/avr5/libgcc.a(_prologue.o)
 .text.libgcc.fixed
                0x0000000000000000        0x0 /usr/local/lib/gcc/avr/4.9.2/avr5/libgcc.a(_prologue.o)
 .text          0x0000000000000000        0x0 /usr/local/lib/gcc/avr/4.9.2/avr5/libgcc.a(_epilogue.o)
 .data          0x0000000000000000        0x0 /usr/local/lib/gcc/avr/4.9.2/avr5/libgcc.a(_epilogue.o)
 .bss           0x0000000000000000        0x0 /usr/local/lib/gcc/avr/4.9.2/avr5/libgcc.a(_epilogue.o)
 .text.libgcc.mul
                0x0000000000000000        0x0 /usr/local/lib/gcc/avr/4.9.2/avr5/libgcc.a(_epilogue.o)
 .text.libgcc.div
                0x0000000000000000        0x0 /usr/local/lib/gcc/avr/4.9.2/avr5/libgcc.a(_epilogue.o)
 .text.libgcc   0x0000000000000000        0x0 /usr/local/lib/gcc/avr/4.9.2/avr5/libgcc.a(_epilogue.o)
 .text.libgcc.builtins
                0x0000000000000000        0x0 /usr/local/lib/gcc/avr/4.9.2/avr5/libgcc.a(_epilogue.o)
 .text.libgcc.fmul
                0x0000000000000000        0x0 /usr/local/lib/gcc/avr/4.9.2/avr5/libgcc.a(_epilogue.o)
 .text.libgcc.fixed
                0x0000000000000000        0x0 /usr/local/lib/gcc/avr/4.9.2/avr5/libgcc.a(_epilogue.o)

Memory Configuration

Name             Origin             Length             Attributes
text             0x0000000000000000 0x0000000000020000 xr
data             0x0000000000800060 0x000000000000ffa0 rw !x
eeprom           0x0000000000810000 0x0000000000010000 rw !x
fuse             0x0000000000820000 0x0000000000000400 rw !x
lock             0x0000000000830000 0x0000000000000400 rw !x
signature        0x0000000000840000 0x0000000000000400 rw !x
*default*        0x0000000000000000 0xffffffffffffffff

Linker script and memory map

Address of section .data set to 0x800100
LOAD /usr/local/lib/gcc/avr/4.9.2/../../../../avr/lib/avr5/crtm644.o
LOAD uzeboxVideoEngineCore.o
LOAD uzeboxCore.o
LOAD uzeboxSoundEngine.o
LOAD uzeboxSoundEngineCore.o
LOAD uzeboxVideoEngine.o
LOAD TankFu.o
START GROUP
LOAD /usr/local/lib/gcc/avr/4.9.2/avr5/libgcc.a
LOAD /usr/local/lib/gcc/avr/4.9.2/../../../../avr/lib/avr5/libm.a
LOAD /usr/local/lib/gcc/avr/4.9.2/../../../../avr/lib/avr5/libc.a
END GROUP

.hash
 *(.hash)

.dynsym
 *(.dynsym)

.dynstr
 *(.dynstr)

.gnu.version
 *(.gnu.version)

.gnu.version_d
 *(.gnu.version_d)

.gnu.version_r
 *(.gnu.version_r)

.rel.init
 *(.rel.init)

.rela.init
 *(.rela.init)

.rel.text
 *(.rel.text)
 *(.rel.text.*)
 *(.rel.gnu.linkonce.t*)

.rela.text
 *(.rela.text)
 *(.rela.text.*)
 *(.rela.gnu.linkonce.t*)

.rel.fini
 *(.rel.fini)

.rela.fini
 *(.rela.fini)

.rel.rodata
 *(.rel.rodata)
 *(.rel.rodata.*)
 *(.rel.gnu.linkonce.r*)

.rela.rodata
 *(.rela.rodata)
 *(.rela.rodata.*)
 *(.rela.gnu.linkonce.r*)

.rel.data
 *(.rel.data)
 *(.rel.data.*)
 *(.rel.gnu.linkonce.d*)

.rela.data
 *(.rela.data)
 *(.rela.data.*)
 *(.rela.gnu.linkonce.d*)

.rel.ctors
 *(.rel.ctors)

.rela.ctors
 *(.rela.ctors)

.rel.dtors
 *(.rel.dtors)

.rela.dtors
 *(.rela.dtors)

.rel.got
 *(.rel.got)

.rela.got
 *(.rela.got)

.rel.bss
 *(.rel.bss)

.rela.bss
 *(.rela.bss)

.rel.plt
 *(.rel.plt)

.rela.plt
 *(.rela.plt)

.text           0x0000000000000000     0xec90
 *(.vectors)
 .vectors       0x0000000000000000       0x70 /usr/local/lib/gcc/avr/4.9.2/../../../../avr/lib/avr5/crtm644.o
                0x0000000000000000                __vectors
                0x0000000000000000                __vector_default
 *(.vectors)
 *(.progmem.gcc*)
                0x0000000000000070                . = ALIGN (0x2)
                0x0000000000000070                __trampolines_start = .
 *(.trampolines)
 .trampolines   0x0000000000000070        0x0 linker stubs
 *(.trampolines*)
                0x0000000000000070                __trampolines_end = .
 *(.progmem*)
 .progmem.data  0x0000000000000070       0x4e uzeboxCore.o
                0x0000000000000070                io_table
                0x000000000000009e                eeprom_format_table
 .progmem.data  0x00000000000000be       0x1e uzeboxSoundEngine.o
                0x00000000000000be                patchCommands
 .progmem.data  0x00000000000000dc        0xc uzeboxVideoEngine.o
                0x00000000000000dc                fader
 .progmem.data  0x00000000000000e8     0x6a87 TankFu.o
                0x0000000000000299                bauds
                0x00000000000002a7                strCredits
                0x000000000000030c                default_scores
                0x000000000000032a                default_handles
                0x0000000000000348                strLevels
                0x00000000000003f8                strPaused
                0x00000000000003ff                strExit
                0x0000000000000408                strTotal
                0x000000000000040f                strScore
                0x0000000000000416                strFinalScore
                0x0000000000000422                strBy
                0x0000000000000425                strOwns
                0x000000000000042a                strChangeHandle
                0x0000000000000439                strPlayer2
                0x000000000000043c                strPlayer1
                0x000000000000043f                strVertSep
                0x0000000000000441                strUnderline
                0x000000000000044d                strHandlesTitle
                0x0000000000000459                strHighscores
                0x0000000000000463                strCopyright
                0x0000000000000478                strSelectHandle
                0x0000000000000487                strCancelHandle
                0x0000000000000492                strReset
                0x00000000000004ab                strConfirmHandle
                0x00000000000004bd                strNetworkError
                0x00000000000004cb                strEnterGameId
                0x00000000000004de                strConnecting
                0x00000000000004ec                strWaitingForNetOppenent
                0x0000000000000507                strShareGameId
                0x000000000000051a                strJoinNetGame
                0x0000000000000528                strHostNetGame
                0x0000000000000536                str2Player
                0x0000000000000547                str1Player
                0x0000000000000555                my_patches
                0x000000000000059d                ad_alarm
                0x0000000000000635                ad_navigate
                0x0000000000000646                ad_cannonball
                0x000000000000065d                ad_brick_explode
                0x00000000000006ce                ad_tank_explode
                0x000000000000079f                level_data
                0x00000000000027d9                sprites_data
                0x0000000000003119                map_sub_turret
                0x000000000000311c                map_sub_shot
                0x000000000000311f                map_up_arrow
                0x0000000000003122                map_down_arrow
                0x0000000000003125                map_right_arrow
                0x0000000000003128                map_rocket_right_1
                0x000000000000312b                map_rocket_right_0
                0x000000000000312e                map_rocket_up_1
                0x0000000000003131                map_rocket_up_0
                0x0000000000003134                map_ball
                0x0000000000003137                map_explosion_2
                0x000000000000313d                map_explosion_1
                0x0000000000003143                map_explosion_0
                0x0000000000003149                map_tank2_right_0
                0x000000000000314f                map_tank2_up_0
                0x0000000000003155                map_tank1_right_0
                0x000000000000315b                map_tank1_up_0
                0x0000000000003161                map_tank_blank
                0x0000000000003167                map_none
                0x000000000000316a                tiles_data
                0x000000000000682a                map_sub_emerging
                0x0000000000006960                map_sub
                0x0000000000006a96                map_scope_2
                0x0000000000006a99                map_scope_1
                0x0000000000006a9c                map_scope_0
                0x0000000000006a9f                map_blue_tank
                0x0000000000006aa5                map_green_tank
                0x0000000000006aab                map_fence
                0x0000000000006aae                map_turf
                0x0000000000006ab1                map_water
                0x0000000000006ab4                map_metal_bl
                0x0000000000006ab7                map_metal_tr
                0x0000000000006aba                map_metal_br
                0x0000000000006abd                map_metal_tl
                0x0000000000006ac0                map_tile_exp_2
                0x0000000000006ac3                map_tile_exp_1
                0x0000000000006ac6                map_tile_exp_0
                0x0000000000006ac9                map_rocket_itm
                0x0000000000006acc                map_explode_itm
                0x0000000000006acf                map_speed_itm
                0x0000000000006ad2                map_metal
                0x0000000000006ad5                map_brick
                0x0000000000006ad8                map_splash
                0x0000000000006b2e                map_pause
                0x0000000000006b6c                map_tile_none
                0x0000000000006b70                . = ALIGN (0x2)
 *fill*         0x0000000000006b6f        0x1 
 *(.jumptables)
 *(.jumptables*)
 *(.lowtext)
 *(.lowtext*)
                0x0000000000006b70                __ctors_start = .
 *(.ctors)
                0x0000000000006b70                __ctors_end = .
                0x0000000000006b70                __dtors_start = .
 *(.dtors)
                0x0000000000006b70                __dtors_end = .
 SORT(*)(.ctors)
 SORT(*)(.dtors)
 *(.init0)
 .init0         0x0000000000006b70        0x0 /usr/local/lib/gcc/avr/4.9.2/../../../../avr/lib/avr5/crtm644.o
                0x0000000000006b70                __init
 *(.init0)
 *(.init1)
 *(.init1)
 *(.init2)
 .init2         0x0000000000006b70        0xc /usr/local/lib/gcc/avr/4.9.2/../../../../avr/lib/avr5/crtm644.o
 *(.init2)
 *(.init3)
 *(.init3)
 *(.init4)
 .init4         0x0000000000006b7c       0x16 /usr/local/lib/gcc/avr/4.9.2/avr5/libgcc.a(_copy_data.o)
                0x0000000000006b7c                __do_copy_data
 .init4         0x0000000000006b92       0x10 /usr/local/lib/gcc/avr/4.9.2/avr5/libgcc.a(_clear_bss.o)
                0x0000000000006b92                __do_clear_bss
 *(.init4)
 *(.init5)
 *(.init5)
 *(.init6)
 *(.init6)
 *(.init7)
 .init7         0x0000000000006ba2       0x16 uzeboxCore.o
                0x0000000000006ba2                wdt_init
 *(.init7)
 *(.init8)
 .init8         0x0000000000006bb8       0x86 uzeboxCore.o
                0x0000000000006bb8                Initialize
 *(.init8)
 *(.init9)
 .init9         0x0000000000006c3e        0x8 /usr/local/lib/gcc/avr/4.9.2/../../../../avr/lib/avr5/crtm644.o
 *(.init9)
 *(.text)
 .text          0x0000000000006c46        0x4 /usr/local/lib/gcc/avr/4.9.2/../../../../avr/lib/avr5/crtm644.o
                0x0000000000006c46                __vector_20
                0x0000000000006c46                __vector_1
                0x0000000000006c46                __vector_24
                0x0000000000006c46                __vector_12
                0x0000000000006c46                __bad_interrupt
                0x0000000000006c46                __vector_6
                0x0000000000006c46                __vector_3
                0x0000000000006c46                __vector_23
                0x0000000000006c46                __vector_25
                0x0000000000006c46                __vector_11
                0x0000000000006c46                __vector_17
                0x0000000000006c46                __vector_19
                0x0000000000006c46                __vector_7
                0x0000000000006c46                __vector_27
                0x0000000000006c46                __vector_5
                0x0000000000006c46                __vector_4
                0x0000000000006c46                __vector_9
                0x0000000000006c46                __vector_2
                0x0000000000006c46                __vector_21
                0x0000000000006c46                __vector_15
                0x0000000000006c46                __vector_26
                0x0000000000006c46                __vector_10
                0x0000000000006c46                __vector_16
                0x0000000000006c46                __vector_18
                0x0000000000006c46                __vector_22
 .text          0x0000000000006c4a      0x674 uzeboxVideoEngineCore.o
                0x0000000000006dba                CopyFlashTile
                0x0000000000006ed8                CopyRamTile
                0x0000000000006ff2                RestoreBackground
                0x0000000000007018                BlitSpritePart
                0x00000000000070e6                __vector_13
                0x0000000000007164                __vector_14
 .text          0x00000000000072be      0x18a uzeboxSoundEngineCore.o
                0x00000000000072be                process_music
                0x00000000000072ca                update_sound
                0x0000000000007448                . = ALIGN (0x2)
 *(.text.*)
 .text.SetSpritesTileTable
                0x0000000000007448        0xa uzeboxVideoEngineCore.o
                0x0000000000007448                SetSpritesTileTable
 .text.ClearVram
                0x0000000000007452       0x14 uzeboxVideoEngineCore.o
                0x0000000000007452                ClearVram
 .text.SetFont  0x0000000000007466        0x8 uzeboxVideoEngineCore.o
                0x0000000000007466                SetFont
 .text.SetTile  0x000000000000746e       0x1c uzeboxVideoEngineCore.o
                0x000000000000746e                SetTile
 .text.SetFontTilesIndex
                0x000000000000748a        0x6 uzeboxVideoEngineCore.o
                0x000000000000748a                SetFontTilesIndex
 .text.SetTileTable
                0x0000000000007490        0xa uzeboxVideoEngineCore.o
                0x0000000000007490                SetTileTable
 .text.GetVsyncFlag
                0x000000000000749a        0x8 uzeboxVideoEngineCore.o
                0x000000000000749a                GetVsyncFlag
 .text.ClearVsyncFlag
                0x00000000000074a2        0xc uzeboxVideoEngineCore.o
                0x00000000000074a2                ClearVsyncFlag
 .text.GetVsyncCounter
                0x00000000000074ae        0xa uzeboxVideoEngineCore.o
                0x00000000000074ae                GetVsyncCounter
 .text.ClearVsyncCounter
                0x00000000000074b8        0xa uzeboxVideoEngineCore.o
                0x00000000000074b8                ClearVsyncCounter
 .text.ReadJoypad
                0x00000000000074c2       0x18 uzeboxVideoEngineCore.o
                0x00000000000074c2                ReadJoypad
 .text.WaitUs   0x00000000000074da        0xe uzeboxVideoEngineCore.o
                0x00000000000074da                WaitUs
 .text.WriteEeprom
                0x00000000000074e8       0x14 uzeboxVideoEngineCore.o
                0x00000000000074e8                WriteEeprom
 .text.ReadEeprom
                0x00000000000074fc       0x12 uzeboxVideoEngineCore.o
                0x00000000000074fc                ReadEeprom
 .text.wdt_randomize
                0x000000000000750e       0x50 uzeboxVideoEngineCore.o
                0x000000000000750e                wdt_randomize
 .text.GetTrueRandomSeed
                0x000000000000755e        0xa uzeboxVideoEngineCore.o
                0x000000000000755e                GetTrueRandomSeed
 .text.__vector_8
                0x0000000000007568       0x44 uzeboxVideoEngineCore.o
                0x0000000000007568                __vector_8
 .text.SoftReset
                0x00000000000075ac       0x16 uzeboxCore.o
                0x00000000000075ac                SoftReset
 .text.ReadButtons
                0x00000000000075c2       0x6c uzeboxCore.o
                0x00000000000075c2                ReadButtons
 .text.ReadControllers
                0x000000000000762e       0x20 uzeboxCore.o
                0x000000000000762e                ReadControllers
 .text.FormatEeprom
                0x000000000000764e       0x44 uzeboxCore.o
                0x000000000000764e                FormatEeprom
 .text.isEepromFormatted
                0x0000000000007692       0x2e uzeboxCore.o
                0x0000000000007692                isEepromFormatted
 .text.EepromBlockExists
                0x00000000000076c0       0xa4 uzeboxCore.o
                0x00000000000076c0                EepromBlockExists
 .text.EepromWriteBlock
                0x0000000000007764       0x94 uzeboxCore.o
                0x0000000000007764                EepromWriteBlock
 .text.EepromReadBlock
                0x00000000000077f8       0x66 uzeboxCore.o
                0x00000000000077f8                EepromReadBlock
 .text.UartUnreadCount
                0x000000000000785e        0xc uzeboxCore.o
                0x000000000000785e                UartUnreadCount
 .text.UartReadChar
                0x000000000000786a       0x2c uzeboxCore.o
                0x000000000000786a                UartReadChar
 .text.InitUartRxBuffer
                0x0000000000007896        0xa uzeboxCore.o
                0x0000000000007896                InitUartRxBuffer
 .text.UartSendChar
                0x00000000000078a0       0x28 uzeboxCore.o
                0x00000000000078a0                UartSendChar
 .text.InitUartTxBuffer
                0x00000000000078c8        0xa uzeboxCore.o
                0x00000000000078c8                InitUartTxBuffer
 .text.GetPrngNumber
                0x00000000000078d2       0x5c uzeboxCore.o
                0x00000000000078d2                GetPrngNumber
 .text.PatchCommand00
                0x000000000000792e        0x6 uzeboxSoundEngine.o
                0x000000000000792e                PatchCommand00
 .text.PatchCommand01
                0x0000000000007934       0x10 uzeboxSoundEngine.o
                0x0000000000007934                PatchCommand01
 .text.PatchCommand05
                0x0000000000007944        0xa uzeboxSoundEngine.o
                0x0000000000007944                PatchCommand05
 .text.PatchCommand06
                0x000000000000794e        0xa uzeboxSoundEngine.o
                0x000000000000794e                PatchCommand06
 .text.PatchCommand07
                0x0000000000007958        0x6 uzeboxSoundEngine.o
                0x0000000000007958                PatchCommand07
 .text.PatchCommand09
                0x000000000000795e        0x6 uzeboxSoundEngine.o
                0x000000000000795e                PatchCommand09
 .text.PatchCommand10
                0x0000000000007964        0x6 uzeboxSoundEngine.o
                0x0000000000007964                PatchCommand10
 .text.PatchCommand11
                0x000000000000796a       0x76 uzeboxSoundEngine.o
                0x000000000000796a                PatchCommand11
 .text.PatchCommand12
                0x00000000000079e0        0x6 uzeboxSoundEngine.o
                0x00000000000079e0                PatchCommand12
 .text.PatchCommand13
                0x00000000000079e6        0x6 uzeboxSoundEngine.o
                0x00000000000079e6                PatchCommand13
 .text.PatchCommand02
                0x00000000000079ec        0x8 uzeboxSoundEngine.o
                0x00000000000079ec                PatchCommand02
 .text.PatchCommand03
                0x00000000000079f4        0xe uzeboxSoundEngine.o
                0x00000000000079f4                PatchCommand03
 .text.PatchCommand04
                0x0000000000007a02       0x10 uzeboxSoundEngine.o
                0x0000000000007a02                PatchCommand04
 .text.PatchCommand08
                0x0000000000007a12       0x20 uzeboxSoundEngine.o
                0x0000000000007a12                PatchCommand08
 .text.PatchCommand14
                0x0000000000007a32       0x54 uzeboxSoundEngine.o
                0x0000000000007a32                PatchCommand14
 .text.InitMusicPlayer
                0x0000000000007a86       0x44 uzeboxSoundEngine.o
                0x0000000000007a86                InitMusicPlayer
 .text.ReadVarLen
                0x0000000000007aca       0x4c uzeboxSoundEngine.o
                0x0000000000007aca                ReadVarLen
 .text.TriggerCommon
                0x0000000000007b16       0xbe uzeboxSoundEngine.o
                0x0000000000007b16                TriggerCommon
 .text.TriggerFx
                0x0000000000007bd4       0x90 uzeboxSoundEngine.o
                0x0000000000007bd4                TriggerFx
 .text.TriggerNote
                0x0000000000007c64       0x80 uzeboxSoundEngine.o
                0x0000000000007c64                TriggerNote
 .text.ProcessMusic
                0x0000000000007ce4      0x43e uzeboxSoundEngine.o
                0x0000000000007ce4                ProcessMusic
 .text.SetMasterVolume
                0x0000000000008122        0x6 uzeboxSoundEngine.o
                0x0000000000008122                SetMasterVolume
 .text.SetMixerNote
                0x0000000000008128       0x2e uzeboxSoundEngineCore.o
                0x0000000000008128                SetMixerNote
 .text.SetMixerWave
                0x0000000000008156       0x3a uzeboxSoundEngineCore.o
                0x0000000000008156                SetMixerWave
 *fill*         0x0000000000008190       0x70 
 .text.DisableSoundEngine
                0x0000000000008200      0xc00 uzeboxSoundEngineCore.o
                0x0000000000008200                DisableSoundEngine
                0x0000000000008208                steptable
                0x0000000000008400                waves
 .text.ProcessSprites
                0x0000000000008e00      0x1cc uzeboxVideoEngine.o
                0x0000000000008e00                ProcessSprites
 .text.MapSprite2
                0x0000000000008fcc       0xa4 uzeboxVideoEngine.o
                0x0000000000008fcc                MapSprite2
 .text.MoveSprite
                0x0000000000009070       0x4a uzeboxVideoEngine.o
                0x0000000000009070                MoveSprite
 .text.DisplayLogo
                0x00000000000090ba        0x2 uzeboxVideoEngine.o
                0x00000000000090ba                DisplayLogo
 .text.InitializeVideoMode
                0x00000000000090bc       0x1c uzeboxVideoEngine.o
                0x00000000000090bc                InitializeVideoMode
 .text.DrawMap  0x00000000000090d8       0x9a uzeboxVideoEngine.o
                0x00000000000090d8                DrawMap2
                0x00000000000090d8                DrawMap
 .text.PrintByte
                0x0000000000009172       0x66 uzeboxVideoEngine.o
                0x0000000000009172                PrintByte
 .text.Print    0x00000000000091d8       0x36 uzeboxVideoEngine.o
                0x00000000000091d8                Print
 .text.PrintChar
                0x000000000000920e        0x6 uzeboxVideoEngine.o
                0x000000000000920e                PrintChar
 .text.WaitVsync
                0x0000000000009214       0x2e uzeboxVideoEngine.o
                0x0000000000009214                WaitVsync
 .text.doFade   0x0000000000009242       0x1c uzeboxVideoEngine.o
                0x0000000000009242                doFade
 .text.FadeIn   0x000000000000925e       0x18 uzeboxVideoEngine.o
                0x000000000000925e                FadeIn
 .text.FadeOut  0x0000000000009276       0x18 uzeboxVideoEngine.o
                0x0000000000009276                FadeOut
 .text.ProcessFading
                0x000000000000928e       0x4a uzeboxVideoEngine.o
                0x000000000000928e                ProcessFading
 .text.VideoModeVsync
                0x00000000000092d8        0x4 uzeboxVideoEngine.o
                0x00000000000092d8                VideoModeVsync
 .text.LBPlaySound.part.2
                0x00000000000092dc        0x8 TankFu.o
 .text.LBGetNextFrame
                0x00000000000092e4       0x4a TankFu.o
                0x00000000000092e4                LBGetNextFrame
 .text.LBGetNextFrameReverse
                0x000000000000932e       0x58 TankFu.o
                0x000000000000932e                LBGetNextFrameReverse
 .text.LBGetJoyPadState
                0x0000000000009386       0x96 TankFu.o
                0x0000000000009386                LBGetJoyPadState
 .text.LBPrintStr
                0x000000000000941c       0x62 TankFu.o
                0x000000000000941c                LBPrintStr
 .text.LBCollides
                0x000000000000947e       0x54 TankFu.o
                0x000000000000947e                LBCollides
 .text.LBLineIntersect
                0x00000000000094d2      0x1ac TankFu.o
                0x00000000000094d2                LBLineIntersect
 .text.LBRandom
                0x000000000000967e       0x36 TankFu.o
                0x000000000000967e                LBRandom
 .text.LBWaitSeconds
                0x00000000000096b4       0x1e TankFu.o
                0x00000000000096b4                LBWaitSeconds
 .text.LBHideAllSprites
                0x00000000000096d2       0x14 TankFu.o
                0x00000000000096d2                LBHideAllSprites
 .text.LBPlaySound
                0x00000000000096e6       0x1a TankFu.o
                0x00000000000096e6                LBPlaySound
 .text.wifiSendP
                0x0000000000009700       0x2c TankFu.o
                0x0000000000009700                wifiSendP
 .text.wifiSend
                0x000000000000972c       0x28 TankFu.o
                0x000000000000972c                wifiSend
 .text.wifiSendBinary
                0x0000000000009754       0x2e TankFu.o
                0x0000000000009754                wifiSendBinary
 .text.wifiGetIfAvailable
                0x0000000000009782       0x56 TankFu.o
                0x0000000000009782                wifiGetIfAvailable
 .text.wifiGetPB
                0x00000000000097d8       0x6a TankFu.o
                0x00000000000097d8                wifiGetPB
 .text.wifiGetPBT
                0x0000000000009842       0x74 TankFu.o
                0x0000000000009842                wifiGetPBT
 .text.wifiRequestP
                0x00000000000098b6       0x24 TankFu.o
                0x00000000000098b6                wifiRequestP
 .text.wifiRequest
                0x00000000000098da       0x24 TankFu.o
                0x00000000000098da                wifiRequest
 .text.wifiRequestPT
                0x00000000000098fe       0x3e TankFu.o
                0x00000000000098fe                wifiRequestPT
 .text.cleanupWifi
                0x000000000000993c       0x60 TankFu.o
                0x000000000000993c                cleanupWifi
 .text.initWifi
                0x000000000000999c       0xa2 TankFu.o
                0x000000000000999c                initWifi
 .text.activateNet
                0x0000000000009a3e        0x8 TankFu.o
                0x0000000000009a3e                activateNet
 .text.sendNetMessage
                0x0000000000009a46        0x6 TankFu.o
                0x0000000000009a46                sendNetMessage
 .text.getNetMessage
                0x0000000000009a4c        0x6 TankFu.o
                0x0000000000009a4c                getNetMessage
 .text.hostNetGame
                0x0000000000009a52      0x10a TankFu.o
                0x0000000000009a52                hostNetGame
 .text.joinNetGame
                0x0000000000009b5c       0xbc TankFu.o
                0x0000000000009b5c                joinNetGame
 .text.init_scores
                0x0000000000009c18       0x18 TankFu.o
                0x0000000000009c18                init_scores
 .text.init_handles
                0x0000000000009c30       0x18 TankFu.o
                0x0000000000009c30                init_handles
 .text.init_tile_animations
                0x0000000000009c48       0x4e TankFu.o
                0x0000000000009c48                init_tile_animations
 .text.init_scope_animation
                0x0000000000009c96       0x30 TankFu.o
                0x0000000000009c96                init_scope_animation
 .text.init_sub_animation
                0x0000000000009cc6       0x28 TankFu.o
                0x0000000000009cc6                init_sub_animation
 .text.init_shot_state
                0x0000000000009cee       0x3a TankFu.o
                0x0000000000009cee                init_shot_state
 .text.set_shot_animations
                0x0000000000009d28       0x64 TankFu.o
                0x0000000000009d28                set_shot_animations
 .text.init_turret
                0x0000000000009d8c       0x64 TankFu.o
                0x0000000000009d8c                init_turret
 .text.init_player
                0x0000000000009df0       0xee TankFu.o
                0x0000000000009df0                init_player
 .text.player_init_shot_state
                0x0000000000009ede        0xe TankFu.o
                0x0000000000009ede                player_init_shot_state
 .text.init_game_state
                0x0000000000009eec       0x4e TankFu.o
                0x0000000000009eec                init_game_state
 .text.player_spawn
                0x0000000000009f3a       0x6c TankFu.o
                0x0000000000009f3a                player_spawn
 .text.waitForVSync
                0x0000000000009fa6       0x10 TankFu.o
                0x0000000000009fa6                waitForVSync
 .text.load_eeprom
                0x0000000000009fb6       0x24 TankFu.o
                0x0000000000009fb6                load_eeprom
 .text.fade_through
                0x0000000000009fda       0x14 TankFu.o
                0x0000000000009fda                fade_through
 .text.clear_sprites
                0x0000000000009fee       0x1a TankFu.o
                0x0000000000009fee                clear_sprites
 .text.save_score
                0x000000000000a008      0x104 TankFu.o
                0x000000000000a008                save_score
 .text.position_shot
                0x000000000000a10c       0xfa TankFu.o
                0x000000000000a10c                position_shot
 .text.print_level_score
                0x000000000000a206       0x8c TankFu.o
                0x000000000000a206                print_level_score
 .text.print_final_score
                0x000000000000a292       0xbc TankFu.o
                0x000000000000a292                print_final_score
 .text.shoot_pressed
                0x000000000000a34e       0x14 TankFu.o
                0x000000000000a34e                shoot_pressed
 .text.get_delta
                0x000000000000a362       0x42 TankFu.o
                0x000000000000a362                get_delta
 .text.render_hud
                0x000000000000a3a4       0x3a TankFu.o
                0x000000000000a3a4                render_hud
 .text.render_score
                0x000000000000a3de       0x40 TankFu.o
                0x000000000000a3de                render_score
 .text.render_player
                0x000000000000a41e       0x5a TankFu.o
                0x000000000000a41e                render_player
 .text.render_shot
                0x000000000000a478       0x58 TankFu.o
                0x000000000000a478                render_shot
 .text.render_tile_explosions
                0x000000000000a4d0       0x6a TankFu.o
                0x000000000000a4d0                render_tile_explosions
 .text.render_scope
                0x000000000000a53a       0x34 TankFu.o
                0x000000000000a53a                render_scope
 .text.tank_map
                0x000000000000a56e       0xd8 TankFu.o
                0x000000000000a56e                tank_map
 .text.shot_map
                0x000000000000a646       0x54 TankFu.o
                0x000000000000a646                shot_map
 .text.recoil_sprite
                0x000000000000a69a       0xb4 TankFu.o
                0x000000000000a69a                recoil_sprite
 .text.recoil_sprite_fine
                0x000000000000a74e       0x6c TankFu.o
                0x000000000000a74e                recoil_sprite_fine
 .text.solid_square_tile
                0x000000000000a7ba       0x24 TankFu.o
                0x000000000000a7ba                solid_square_tile
 .text.solid_directional_tile
                0x000000000000a7de       0x2c TankFu.o
                0x000000000000a7de                solid_directional_tile
 .text.solid_tile
                0x000000000000a80a       0x28 TankFu.o
                0x000000000000a80a                solid_tile
 .text.collides_directional_tile
                0x000000000000a832      0x148 TankFu.o
                0x000000000000a832                collides_directional_tile
 .text.player_shot
                0x000000000000a97a       0xc6 TankFu.o
                0x000000000000a97a                player_shot
 .text.turret_shot
                0x000000000000aa40       0x9c TankFu.o
                0x000000000000aa40                turret_shot
 .text.collision_detect_boundries
                0x000000000000aadc       0x9c TankFu.o
                0x000000000000aadc                collision_detect_boundries
 .text.drop_item
                0x000000000000ab78       0x68 TankFu.o
                0x000000000000ab78                drop_item
 .text.kill_player
                0x000000000000abe0       0xbc TankFu.o
                0x000000000000abe0                kill_player
 .text.get_interesting_tile_indexes_shot
                0x000000000000ac9c       0x44 TankFu.o
                0x000000000000ac9c                get_interesting_tile_indexes_shot
 .text.explode_tile
                0x000000000000ace0       0x7c TankFu.o
                0x000000000000ace0                explode_tile
 .text.richochet
                0x000000000000ad5c       0x42 TankFu.o
                0x000000000000ad5c                richochet
 .text.get_interesting_tile_indexes
                0x000000000000ad9e       0x60 TankFu.o
                0x000000000000ad9e                get_interesting_tile_indexes
 .text.explode_player
                0x000000000000adfe       0x48 TankFu.o
                0x000000000000adfe                explode_player
 .text.slide    0x000000000000ae46      0x106 TankFu.o
                0x000000000000ae46                slide
 .text.load_level_tiles
                0x000000000000af4c       0xe6 TankFu.o
                0x000000000000af4c                load_level_tiles
 .text.prep_player
                0x000000000000b032       0x2a TankFu.o
                0x000000000000b032                prep_player
 .text.load_level
                0x000000000000b05c      0x148 TankFu.o
                0x000000000000b05c                load_level
 .text.render_boss_fight_scope_load
                0x000000000000b1a4       0x26 TankFu.o
                0x000000000000b1a4                render_boss_fight_scope_load
 .text.render_boss_fight_sub_load
                0x000000000000b1ca       0x5a TankFu.o
                0x000000000000b1ca                render_boss_fight_sub_load
 .text.render_boss_fight_sub_sinking
                0x000000000000b224       0x2a TankFu.o
                0x000000000000b224                render_boss_fight_sub_sinking
 .text.render_boss_turret
                0x000000000000b24e       0x52 TankFu.o
                0x000000000000b24e                render_boss_turret
 .text.render_boss_turret_shot
                0x000000000000b2a0       0x52 TankFu.o
                0x000000000000b2a0                render_boss_turret_shot
 .text.update_turret
                0x000000000000b2f2      0x124 TankFu.o
                0x000000000000b2f2                update_turret
 .text.load_splash
                0x000000000000b416       0x94 TankFu.o
                0x000000000000b416                load_splash
 .text.select_pressed
                0x000000000000b4aa       0x14 TankFu.o
                0x000000000000b4aa                select_pressed
 .text.load_tank_rank
                0x000000000000b4be      0x136 TankFu.o
                0x000000000000b4be                load_tank_rank
 .text.exit_game
                0x000000000000b5f4       0x10 TankFu.o
                0x000000000000b5f4                exit_game
 .text.update_tank_rank
                0x000000000000b604       0xc4 TankFu.o
                0x000000000000b604                update_tank_rank
 .text._handle_select_render_helper
                0x000000000000b6c8      0x17a TankFu.o
                0x000000000000b6c8                _handle_select_render_helper
 .text.load_host_net_game
                0x000000000000b842       0x7e TankFu.o
                0x000000000000b842                load_host_net_game
 .text.load_join_net_game
                0x000000000000b8c0       0x68 TankFu.o
                0x000000000000b8c0                load_join_net_game
 .text.button_map
                0x000000000000b928       0x2c TankFu.o
                0x000000000000b928                button_map
 .text.crash_and_turn
                0x000000000000b954      0x200 TankFu.o
                0x000000000000b954                crash_and_turn
 .text.get_cpu_goal_direction
                0x000000000000bb54       0x66 TankFu.o
                0x000000000000bb54                get_cpu_goal_direction
 .text.get_cpu_joypad_state
                0x000000000000bbba      0x5a4 TankFu.o
                0x000000000000bbba                get_cpu_joypad_state
 .text.stream_text_middle
                0x000000000000c15e       0x80 TankFu.o
                0x000000000000c15e                stream_text_middle
 .text.load_credits
                0x000000000000c1de       0x24 TankFu.o
                0x000000000000c1de                load_credits
 .text.send_net_message
                0x000000000000c202       0x28 TankFu.o
                0x000000000000c202                send_net_message
 .text.send_smart_net_message
                0x000000000000c22a       0x26 TankFu.o
                0x000000000000c22a                send_smart_net_message
 .text._handle_select_helper
                0x000000000000c250      0x26e TankFu.o
                0x000000000000c250                _handle_select_helper
 .text.get_net_message
                0x000000000000c4be      0x1ec TankFu.o
                0x000000000000c4be                get_net_message
 .text.is_net_player
                0x000000000000c6aa       0x24 TankFu.o
                0x000000000000c6aa                is_net_player
 .text.collision_detect_shot
                0x000000000000c6ce      0x41e TankFu.o
                0x000000000000c6ce                collision_detect_shot
 .text.update_player
                0x000000000000caec      0x390 TankFu.o
                0x000000000000caec                update_player
 .text.collision_detect_player
                0x000000000000ce7c      0x3b4 TankFu.o
                0x000000000000ce7c                collision_detect_player
 .text.update_turret_shot
                0x000000000000d230      0x110 TankFu.o
                0x000000000000d230                update_turret_shot
 .text.player_posture_changed
                0x000000000000d340       0x22 TankFu.o
                0x000000000000d340                player_posture_changed
 .text.clearNetBuffers
                0x000000000000d362       0x14 TankFu.o
                0x000000000000d362                clearNetBuffers
 .text.level_transition
                0x000000000000d376       0x64 TankFu.o
                0x000000000000d376                level_transition
 .text.resolve_scoring
                0x000000000000d3da      0x18a TankFu.o
                0x000000000000d3da                resolve_scoring
 .text.update_level
                0x000000000000d564      0x460 TankFu.o
                0x000000000000d564                update_level
 .text.update_handle_select
                0x000000000000d9c4       0xbc TankFu.o
                0x000000000000d9c4                update_handle_select
 .text.load_handle_select
                0x000000000000da80      0x126 TankFu.o
                0x000000000000da80                load_handle_select
 .text.update_splash
                0x000000000000dba6      0x268 TankFu.o
                0x000000000000dba6                update_splash
 .text.update_host_net_game
                0x000000000000de0e       0x58 TankFu.o
                0x000000000000de0e                update_host_net_game
 .text.update_join_net_game
                0x000000000000de66      0x1b4 TankFu.o
                0x000000000000de66                update_join_net_game
 .text.startup.main
                0x000000000000e01a      0x1e2 TankFu.o
                0x000000000000e01a                main
 .text.libgcc.div
                0x000000000000e1fc       0x18 /usr/local/lib/gcc/avr/4.9.2/avr5/libgcc.a(_udivmodqi4.o)
                0x000000000000e1fc                __udivmodqi4
 .text.libgcc.div
                0x000000000000e214       0x1c /usr/local/lib/gcc/avr/4.9.2/avr5/libgcc.a(_divmodqi4.o)
                0x000000000000e214                __divmodqi4
 .text.libgcc.div
                0x000000000000e230       0x28 /usr/local/lib/gcc/avr/4.9.2/avr5/libgcc.a(_udivmodhi4.o)
                0x000000000000e230                __udivmodhi4
 .text.libgcc.div
                0x000000000000e258       0x28 /usr/local/lib/gcc/avr/4.9.2/avr5/libgcc.a(_divmodhi4.o)
                0x000000000000e258                __divmodhi4
                0x000000000000e258                _div
 .text.avr-libc.fplib
                0x000000000000e280        0xa /usr/local/lib/gcc/avr/4.9.2/../../../../avr/lib/avr5/libm.a(addsf3.o)
                0x000000000000e280                __subsf3
                0x000000000000e282                __addsf3
 .text.avr-libc.fplib
                0x000000000000e28a       0xc0 /usr/local/lib/gcc/avr/4.9.2/../../../../avr/lib/avr5/libm.a(addsf3x.o)
                0x000000000000e2a4                __addsf3x
 .text.avr-libc.fplib
                0x000000000000e34a        0x8 /usr/local/lib/gcc/avr/4.9.2/../../../../avr/lib/avr5/libm.a(cmpsf2.o)
                0x000000000000e34a                __lesf2
                0x000000000000e34a                __nesf2
                0x000000000000e34a                __eqsf2
                0x000000000000e34a                __cmpsf2
                0x000000000000e34a                __ltsf2
 .text.avr-libc.fplib
                0x000000000000e352        0x4 /usr/local/lib/gcc/avr/4.9.2/../../../../avr/lib/avr5/libm.a(divsf3.o)
                0x000000000000e352                __divsf3
 .text.avr-libc.fplib
                0x000000000000e356       0xcc /usr/local/lib/gcc/avr/4.9.2/../../../../avr/lib/avr5/libm.a(divsf3x.o)
                0x000000000000e36c                __divsf3x
                0x000000000000e370                __divsf3_pse
 .text.avr-libc.fplib
                0x000000000000e422        0xa /usr/local/lib/gcc/avr/4.9.2/../../../../avr/lib/avr5/libm.a(fixsfsi.o)
                0x000000000000e422                __fixsfsi
 .text.avr-libc.fplib
                0x000000000000e42c       0x58 /usr/local/lib/gcc/avr/4.9.2/../../../../avr/lib/avr5/libm.a(fixunssfsi.o)
                0x000000000000e42c                __fixunssfsi
 .text.avr-libc.fplib
                0x000000000000e484       0x7a /usr/local/lib/gcc/avr/4.9.2/../../../../avr/lib/avr5/libm.a(floatsisf.o)
                0x000000000000e484                __floatunsisf
                0x000000000000e488                __floatsisf
 .text.avr-libc.fplib
                0x000000000000e4fe       0x48 /usr/local/lib/gcc/avr/4.9.2/../../../../avr/lib/avr5/libm.a(fp_cmp.o)
                0x000000000000e4fe                __fp_cmp
 .text.avr-libc.fplib
                0x000000000000e546        0xc /usr/local/lib/gcc/avr/4.9.2/../../../../avr/lib/avr5/libm.a(fp_inf.o)
                0x000000000000e546                __fp_inf
 .text.avr-libc.fplib
                0x000000000000e552        0x6 /usr/local/lib/gcc/avr/4.9.2/../../../../avr/lib/avr5/libm.a(fp_nan.o)
                0x000000000000e552                __fp_nan
 .text.avr-libc.fplib
                0x000000000000e558        0xe /usr/local/lib/gcc/avr/4.9.2/../../../../avr/lib/avr5/libm.a(fp_pscA.o)
                0x000000000000e558                __fp_pscA
 .text.avr-libc.fplib
                0x000000000000e566        0xe /usr/local/lib/gcc/avr/4.9.2/../../../../avr/lib/avr5/libm.a(fp_pscB.o)
                0x000000000000e566                __fp_pscB
 .text.avr-libc.fplib
                0x000000000000e574       0x22 /usr/local/lib/gcc/avr/4.9.2/../../../../avr/lib/avr5/libm.a(fp_round.o)
                0x000000000000e574                __fp_round
 .text.avr-libc.fplib
                0x000000000000e596       0x44 /usr/local/lib/gcc/avr/4.9.2/../../../../avr/lib/avr5/libm.a(fp_split3.o)
                0x000000000000e596                __fp_split3
                0x000000000000e5a6                __fp_splitA
 .text.avr-libc.fplib
                0x000000000000e5da        0xe /usr/local/lib/gcc/avr/4.9.2/../../../../avr/lib/avr5/libm.a(fp_zero.o)
                0x000000000000e5da                __fp_zero
                0x000000000000e5dc                __fp_szero
 .text.avr-libc.fplib
                0x000000000000e5e8        0x8 /usr/local/lib/gcc/avr/4.9.2/../../../../avr/lib/avr5/libm.a(gesf2.o)
                0x000000000000e5e8                __gtsf2
                0x000000000000e5e8                __gesf2
 .text.avr-libc.fplib
                0x000000000000e5f0        0x4 /usr/local/lib/gcc/avr/4.9.2/../../../../avr/lib/avr5/libm.a(mulsf3.o)
                0x000000000000e5f0                __mulsf3
 .text.avr-libc.fplib
                0x000000000000e5f4       0xc2 /usr/local/lib/gcc/avr/4.9.2/../../../../avr/lib/avr5/libm.a(mulsf3x.o)
                0x000000000000e608                __mulsf3x
                0x000000000000e60c                __mulsf3_pse
 .text.avr-libc
                0x000000000000e6b6       0x12 /usr/local/lib/gcc/avr/4.9.2/../../../../avr/lib/avr5/libc.a(memcpy_P.o)
                0x000000000000e6b6                memcpy_P
 .text.avr-libc
                0x000000000000e6c8       0x16 /usr/local/lib/gcc/avr/4.9.2/../../../../avr/lib/avr5/libc.a(strnlen_P.o)
                0x000000000000e6c8                strnlen_P
 .text.avr-libc
                0x000000000000e6de       0x14 /usr/local/lib/gcc/avr/4.9.2/../../../../avr/lib/avr5/libc.a(strupr.o)
                0x000000000000e6de                strupr
 .text.avr-libc
                0x000000000000e6f2       0x46 /usr/local/lib/gcc/avr/4.9.2/../../../../avr/lib/avr5/libc.a(sprintf.o)
                0x000000000000e6f2                sprintf
 .text.avr-libc
                0x000000000000e738      0x3a4 /usr/local/lib/gcc/avr/4.9.2/../../../../avr/lib/avr5/libc.a(vfprintf_std.o)
                0x000000000000e738                vfprintf
 .text.avr-libc
                0x000000000000eadc       0x16 /usr/local/lib/gcc/avr/4.9.2/../../../../avr/lib/avr5/libc.a(strnlen.o)
                0x000000000000eadc                strnlen
 .text.avr-libc
                0x000000000000eaf2       0x70 /usr/local/lib/gcc/avr/4.9.2/../../../../avr/lib/avr5/libc.a(fputc.o)
                0x000000000000eaf2                fputc
 .text.avr-libc
                0x000000000000eb62       0xbc /usr/local/lib/gcc/avr/4.9.2/../../../../avr/lib/avr5/libc.a(ultoa_invert.o)
                0x000000000000eb62                __ultoa_invert
 .text.libgcc.prologue
                0x000000000000ec1e       0x38 /usr/local/lib/gcc/avr/4.9.2/avr5/libgcc.a(_prologue.o)
                0x000000000000ec1e                __prologue_saves__
 .text.libgcc.prologue
                0x000000000000ec56       0x36 /usr/local/lib/gcc/avr/4.9.2/avr5/libgcc.a(_epilogue.o)
                0x000000000000ec56                __epilogue_restores__
                0x000000000000ec8c                . = ALIGN (0x2)
 *(.fini9)
 .fini9         0x000000000000ec8c        0x0 /usr/local/lib/gcc/avr/4.9.2/avr5/libgcc.a(_exit.o)
                0x000000000000ec8c                exit
                0x000000000000ec8c                _exit
 *(.fini9)
 *(.fini8)
 *(.fini8)
 *(.fini7)
 *(.fini7)
 *(.fini6)
 *(.fini6)
 *(.fini5)
 *(.fini5)
 *(.fini4)
 *(.fini4)
 *(.fini3)
 *(.fini3)
 *(.fini2)
 *(.fini2)
 *(.fini1)
 *(.fini1)
 *(.fini0)
 .fini0         0x000000000000ec8c        0x4 /usr/local/lib/gcc/avr/4.9.2/avr5/libgcc.a(_exit.o)
 *(.fini0)
                0x000000000000ec90                _etext = .

.data           0x0000000000800100       0x54 load address 0x000000000000ec90
                0x0000000000800100                PROVIDE (__data_start, .)
 *(.data)
 .data          0x0000000000800100        0x1 uzeboxVideoEngine.o
 .data          0x0000000000800101        0xc TankFu.o
                0x0000000000800101                gameIdIndex
                0x0000000000800102                gameId
                0x000000000080010b                global_frame_counter
 *(.data*)
 *(.rodata)
 *(.rodata*)
 .rodata.str1.1
                0x000000000080010d       0x46 TankFu.o
 *(.gnu.linkonce.d*)
                0x0000000000800154                . = ALIGN (0x2)
 *fill*         0x0000000000800153        0x1 
                0x0000000000800154                _edata = .
                0x0000000000800154                PROVIDE (__data_end, .)

.bss            0x0000000000800154      0xefd
                0x0000000000800154                PROVIDE (__bss_start, .)
 *(.bss)
 *fill*         0x0000000000800154        0xc 
 .bss           0x0000000000800160      0x820 uzeboxVideoEngineCore.o
                0x0000000000800160                vram
                0x00000000008004a8                sprites
                0x00000000008004a8                overlay_vram
                0x00000000008004d0                ram_tiles
                0x0000000000800910                ram_tiles_restore
                0x0000000000800943                free_tile_index
                0x0000000000800944                user_ram_tiles_c
                0x0000000000800945                user_ram_tiles_c_tmp
                0x0000000000800946                sprites_tile_banks
                0x0000000000800951                Screen
                0x0000000000800954                sync_phase
                0x0000000000800955                sync_pulse
                0x0000000000800956                sync_flags
                0x000000000080095b                first_render_line
                0x000000000080095c                render_lines_count
                0x000000000080095d                joypad1_status_lo
                0x000000000080095f                joypad1_status_hi
                0x0000000000800961                joypad2_status_lo
                0x0000000000800963                joypad2_status_hi
 .bss           0x0000000000800980        0x2 uzeboxCore.o
 .bss           0x0000000000800982        0x1 uzeboxSoundEngine.o
                0x0000000000800982                playSong
 .bss           0x0000000000800983       0x19 uzeboxSoundEngineCore.o
                0x0000000000800983                sound_enabled
                0x0000000000800984                mixer
                0x0000000000800997                tr4_params
                0x0000000000800998                tr4_barrel_lo
                0x0000000000800999                tr4_barrel_hi
 .bss           0x000000000080099c        0x4 TankFu.o
                0x000000000080099c                p_prev
 *(.bss*)
 *(COMMON)
 COMMON         0x00000000008009a0      0x145 uzeboxCore.o
                0x00000000008009a0                uart_tx_buf
                0x00000000008009e0                joypadsConnectionStatus
                0x00000000008009e1                uart_rx_head
                0x00000000008009e2                uart_tx_head
                0x00000000008009e3                uart_rx_tail
                0x00000000008009e4                uart_rx_buf
                0x0000000000800ae4                uart_tx_tail
 COMMON         0x0000000000800ae5       0x6c uzeboxSoundEngine.o
                0x0000000000800ae5                songStart
                0x0000000000800ae7                tracks
                0x0000000000800b43                currDeltaTime
                0x0000000000800b45                patchPointers
                0x0000000000800b47                lastStatus
                0x0000000000800b48                masterVolume
                0x0000000000800b49                nextDeltaTime
                0x0000000000800b4b                songSpeed
                0x0000000000800b4c                songPos
                0x0000000000800b4e                loopStart
                0x0000000000800b50                step
 COMMON         0x0000000000800b51        0x5 uzeboxVideoEngine.o
                0x0000000000800b51                fadeSpeed
                0x0000000000800b52                fadeDir
                0x0000000000800b53                fadeActive
                0x0000000000800b54                currFadeFrame
                0x0000000000800b55                fadeStep
 COMMON         0x0000000000800b56      0x4fb TankFu.o
                0x0000000000800b56                scores
                0x0000000000800b76                p2s
                0x0000000000800b7c                handles
                0x0000000000800b9c                game
                0x0000000000800bb0                tile_animations
                0x0000000000800bcd                wifi_status
                0x0000000000800bce                player1
                0x0000000000800c53                level
                0x0000000000800f42                player2
                0x0000000000800fc7                sub_animation
                0x0000000000800fd5                scope_animation
                0x0000000000800fe3                p1s
                0x0000000000800fe9                turret2
                0x000000000080101d                turret1
                0x0000000000801051                PROVIDE (__bss_end, .)
                0x000000000000ec90                __data_load_start = LOADADDR (.data)
                0x000000000000ece4                __data_load_end = (__data_load_start + SIZEOF (.data))

.noinit         0x0000000000801051        0x0
                0x0000000000801051                PROVIDE (__noinit_start, .)
 *(.noinit*)
                0x0000000000801051                PROVIDE (__noinit_end, .)
                0x0000000000801051                _end = .
                0x0000000000801051                PROVIDE (__heap_start, .)

.eeprom         0x0000000000810000        0x0
 *(.eeprom*)
                0x0000000000810000                __eeprom_end = .

.fuse
 *(.fuse)
 *(.lfuse)
 *(.hfuse)
 *(.efuse)

.lock
 *(.lock*)

.signature
 *(.signature*)

.stab           0x0000000000000000      0x9b4
 *(.stab)
 .stab          0x0000000000000000       0xf0 /usr/local/lib/gcc/avr/4.9.2/avr5/libgcc.a(_udivmodqi4.o)
 .stab          0x00000000000000f0       0xf0 /usr/local/lib/gcc/avr/4.9.2/avr5/libgcc.a(_divmodqi4.o)
                                         0xfc (size before relaxing)
 .stab          0x00000000000001e0      0x15c /usr/local/lib/gcc/avr/4.9.2/avr5/libgcc.a(_udivmodhi4.o)
                                        0x168 (size before relaxing)
 .stab          0x000000000000033c      0x138 /usr/local/lib/gcc/avr/4.9.2/avr5/libgcc.a(_divmodhi4.o)
                                        0x144 (size before relaxing)
 .stab          0x0000000000000474       0x6c /usr/local/lib/gcc/avr/4.9.2/avr5/libgcc.a(_exit.o)
                                         0x78 (size before relaxing)
 .stab          0x00000000000004e0       0xd8 /usr/local/lib/gcc/avr/4.9.2/avr5/libgcc.a(_copy_data.o)
                                         0xe4 (size before relaxing)
 .stab          0x00000000000005b8       0xb4 /usr/local/lib/gcc/avr/4.9.2/avr5/libgcc.a(_clear_bss.o)
                                         0xc0 (size before relaxing)
 .stab          0x000000000000066c      0x1a4 /usr/local/lib/gcc/avr/4.9.2/avr5/libgcc.a(_prologue.o)
                                        0x1b0 (size before relaxing)
 .stab          0x0000000000000810      0x1a4 /usr/local/lib/gcc/avr/4.9.2/avr5/libgcc.a(_epilogue.o)
                                        0x1b0 (size before relaxing)

.stabstr        0x0000000000000000      0x34b
 *(.stabstr)
 .stabstr       0x0000000000000000      0x34b /usr/local/lib/gcc/avr/4.9.2/avr5/libgcc.a(_udivmodqi4.o)

.stab.excl
 *(.stab.excl)

.stab.exclstr
 *(.stab.exclstr)

.stab.index
 *(.stab.index)

.stab.indexstr
 *(.stab.indexstr)

.comment        0x0000000000000000       0x11
 *(.comment)
 .comment       0x0000000000000000       0x11 uzeboxCore.o
                                         0x12 (size before relaxing)
 .comment       0x0000000000000011       0x12 uzeboxSoundEngine.o
 .comment       0x0000000000000011       0x12 uzeboxVideoEngine.o
 .comment       0x0000000000000011       0x12 TankFu.o
 .comment       0x0000000000000011       0x12 /usr/local/lib/gcc/avr/4.9.2/../../../../avr/lib/avr5/libc.a(sprintf.o)
 .comment       0x0000000000000011       0x12 /usr/local/lib/gcc/avr/4.9.2/../../../../avr/lib/avr5/libc.a(vfprintf_std.o)
 .comment       0x0000000000000011       0x12 /usr/local/lib/gcc/avr/4.9.2/../../../../avr/lib/avr5/libc.a(fputc.o)

.note.gnu.build-id
 *(.note.gnu.build-id)

.debug
 *(.debug)

.line
 *(.line)

.debug_srcinfo
 *(.debug_srcinfo)

.debug_sfnames
 *(.debug_sfnames)

.debug_aranges  0x0000000000000000      0x810
 *(.debug_aranges)
 .debug_aranges
                0x0000000000000000       0xf8 uzeboxVideoEngineCore.o
 .debug_aranges
                0x00000000000000f8       0xd8 uzeboxCore.o
 .debug_aranges
                0x00000000000001d0      0x100 uzeboxSoundEngine.o
 .debug_aranges
                0x00000000000002d0       0x50 uzeboxSoundEngineCore.o
 .debug_aranges
                0x0000000000000320       0xf8 uzeboxVideoEngine.o
 .debug_aranges
                0x0000000000000418      0x3f8 TankFu.o

.debug_pubnames
 *(.debug_pubnames)

.debug_info     0x0000000000000000     0xc113
 *(.debug_info .gnu.linkonce.wi.*)
 .debug_info    0x0000000000000000      0x672 /usr/local/lib/gcc/avr/4.9.2/../../../../avr/lib/avr5/crtm644.o
 .debug_info    0x0000000000000672       0x7d uzeboxVideoEngineCore.o
 .debug_info    0x00000000000006ef      0xce2 uzeboxCore.o
 .debug_info    0x00000000000013d1     0x1216 uzeboxSoundEngine.o
 .debug_info    0x00000000000025e7       0x74 uzeboxSoundEngineCore.o
 .debug_info    0x000000000000265b     0x1214 uzeboxVideoEngine.o
 .debug_info    0x000000000000386f     0x88a4 TankFu.o

.debug_abbrev   0x0000000000000000     0x1734
 *(.debug_abbrev)
 .debug_abbrev  0x0000000000000000      0x619 /usr/local/lib/gcc/avr/4.9.2/../../../../avr/lib/avr5/crtm644.o
 .debug_abbrev  0x0000000000000619       0x12 uzeboxVideoEngineCore.o
 .debug_abbrev  0x000000000000062b      0x36c uzeboxCore.o
 .debug_abbrev  0x0000000000000997      0x35c uzeboxSoundEngine.o
 .debug_abbrev  0x0000000000000cf3       0x12 uzeboxSoundEngineCore.o
 .debug_abbrev  0x0000000000000d05      0x39a uzeboxVideoEngine.o
 .debug_abbrev  0x000000000000109f      0x695 TankFu.o

.debug_line     0x0000000000000000     0x2890
 *(.debug_line .debug_line.* .debug_line_end)
 .debug_line    0x0000000000000000       0x1d /usr/local/lib/gcc/avr/4.9.2/../../../../avr/lib/avr5/crtm644.o
 .debug_line    0x000000000000001d      0x50b uzeboxVideoEngineCore.o
 .debug_line    0x0000000000000528      0x369 uzeboxCore.o
 .debug_line    0x0000000000000891      0x3e2 uzeboxSoundEngine.o
 .debug_line    0x0000000000000c73      0x1ae uzeboxSoundEngineCore.o
 .debug_line    0x0000000000000e21      0x45c uzeboxVideoEngine.o
 .debug_line    0x000000000000127d     0x1613 TankFu.o

.debug_frame    0x0000000000000000     0x1a68
 *(.debug_frame)
 .debug_frame   0x0000000000000000      0x25c uzeboxCore.o
 .debug_frame   0x000000000000025c      0x284 uzeboxSoundEngine.o
 .debug_frame   0x00000000000004e0      0x47c uzeboxVideoEngine.o
 .debug_frame   0x000000000000095c     0x110c TankFu.o

.debug_str      0x0000000000000000     0x237e
 *(.debug_str)
 .debug_str     0x0000000000000000      0x231 /usr/local/lib/gcc/avr/4.9.2/../../../../avr/lib/avr5/crtm644.o
 .debug_str     0x0000000000000231      0x5a7 uzeboxCore.o
                                        0x60d (size before relaxing)
 .debug_str     0x00000000000007d8      0x40a uzeboxSoundEngine.o
                                        0x646 (size before relaxing)
 .debug_str     0x0000000000000be2      0x2e4 uzeboxVideoEngine.o
                                        0x46f (size before relaxing)
 .debug_str     0x0000000000000ec6     0x14b8 TankFu.o
                                       0x196a (size before relaxing)

.debug_loc      0x0000000000000000     0xaa67
 *(.debug_loc)
 .debug_loc     0x0000000000000000      0xa8e uzeboxCore.o
 .debug_loc     0x0000000000000a8e     0x1063 uzeboxSoundEngine.o
 .debug_loc     0x0000000000001af1     0x1b2c uzeboxVideoEngine.o
 .debug_loc     0x000000000000361d     0x744a TankFu.o

.debug_macinfo
 *(.debug_macinfo)

.debug_weaknames
 *(.debug_weaknames)

.debug_funcnames
 *(.debug_funcnames)

.debug_typenames
 *(.debug_typenames)

.debug_varnames
 *(.debug_varnames)

.debug_pubtypes
 *(.debug_pubtypes)

.debug_ranges   0x0000000000000000      0x940
 *(.debug_ranges)
 .debug_ranges  0x0000000000000000       0xf0 uzeboxVideoEngineCore.o
 .debug_ranges  0x00000000000000f0       0xe0 uzeboxCore.o
 .debug_ranges  0x00000000000001d0      0x138 uzeboxSoundEngine.o
 .debug_ranges  0x0000000000000308       0x48 uzeboxSoundEngineCore.o
 .debug_ranges  0x0000000000000350      0x100 uzeboxVideoEngine.o
 .debug_ranges  0x0000000000000450      0x4f0 TankFu.o

.debug_macro
 *(.debug_macro)
OUTPUT(TankFu.elf elf32-avr)
LOAD linker stubs
