Archive member included to satisfy reference by file (symbol)

/usr/local/lib/gcc/avr/4.9.2/avr5/libgcc.a(_udivmodqi4.o)
                              uzeboxVideoEngine.o (__udivmodqi4)
/usr/local/lib/gcc/avr/4.9.2/avr5/libgcc.a(_udivmodhi4.o)
                              uzeboxVideoEngine.o (__udivmodhi4)
/usr/local/lib/gcc/avr/4.9.2/avr5/libgcc.a(_divmodhi4.o)
                              uzeboxSoundEngine.o (__divmodhi4)
/usr/local/lib/gcc/avr/4.9.2/avr5/libgcc.a(_udivmodsi4.o)
                              uzeboxVideoEngine.o (__udivmodsi4)
/usr/local/lib/gcc/avr/4.9.2/avr5/libgcc.a(_exit.o)
                              /usr/local/lib/gcc/avr/4.9.2/../../../../avr/lib/avr5/crtm644.o (exit)
/usr/local/lib/gcc/avr/4.9.2/avr5/libgcc.a(_copy_data.o)
                              uzeboxVideoEngine.o (__do_copy_data)
/usr/local/lib/gcc/avr/4.9.2/avr5/libgcc.a(_clear_bss.o)
                              uzeboxCore.o (__do_clear_bss)
/usr/local/lib/gcc/avr/4.9.2/../../../../avr/lib/avr5/libc.a(memcpy_P.o)
                              TankFu.o (memcpy_P)
/usr/local/lib/gcc/avr/4.9.2/../../../../avr/lib/avr5/libc.a(strnlen_P.o)
                              TankFu.o (strnlen_P)
/usr/local/lib/gcc/avr/4.9.2/../../../../avr/lib/avr5/libc.a(strupr.o)
                              TankFu.o (strupr)
/usr/local/lib/gcc/avr/4.9.2/../../../../avr/lib/avr5/libc.a(sprintf.o)
                              TankFu.o (sprintf)
/usr/local/lib/gcc/avr/4.9.2/../../../../avr/lib/avr5/libc.a(vfprintf_std.o)
                              /usr/local/lib/gcc/avr/4.9.2/../../../../avr/lib/avr5/libc.a(sprintf.o) (vfprintf)
/usr/local/lib/gcc/avr/4.9.2/../../../../avr/lib/avr5/libc.a(strnlen.o)
                              /usr/local/lib/gcc/avr/4.9.2/../../../../avr/lib/avr5/libc.a(vfprintf_std.o) (strnlen)
/usr/local/lib/gcc/avr/4.9.2/../../../../avr/lib/avr5/libc.a(fputc.o)
                              /usr/local/lib/gcc/avr/4.9.2/../../../../avr/lib/avr5/libc.a(vfprintf_std.o) (fputc)
/usr/local/lib/gcc/avr/4.9.2/../../../../avr/lib/avr5/libc.a(ultoa_invert.o)
                              /usr/local/lib/gcc/avr/4.9.2/../../../../avr/lib/avr5/libc.a(vfprintf_std.o) (__ultoa_invert)
/usr/local/lib/gcc/avr/4.9.2/avr5/libgcc.a(_prologue.o)
                              /usr/local/lib/gcc/avr/4.9.2/../../../../avr/lib/avr5/libc.a(sprintf.o) (__prologue_saves__)
/usr/local/lib/gcc/avr/4.9.2/avr5/libgcc.a(_epilogue.o)
                              /usr/local/lib/gcc/avr/4.9.2/../../../../avr/lib/avr5/libc.a(sprintf.o) (__epilogue_restores__)

Allocating common symbols
Common symbol       size              file

songStart           0x2               uzeboxSoundEngine.o
uart_tx_buf         0x20              uzeboxCore.o
tracks              0x5c              uzeboxSoundEngine.o
scores              0x20              TankFu.o
fadeSpeed           0x1               uzeboxVideoEngine.o
currDeltaTime       0x2               uzeboxSoundEngine.o
fadeDir             0x1               uzeboxVideoEngine.o
patchPointers       0x2               uzeboxSoundEngine.o
handles             0x20              TankFu.o
game                0x14              TankFu.o
tile_animations     0x1d              TankFu.o
lastStatus          0x1               uzeboxSoundEngine.o
joypadsConnectionStatus
                    0x1               uzeboxCore.o
wifi_status         0x1               TankFu.o
player1             0x87              TankFu.o
fadeActive          0x1               uzeboxVideoEngine.o
uart_rx_head        0x1               uzeboxCore.o
masterVolume        0x1               uzeboxSoundEngine.o
nextDeltaTime       0x2               uzeboxSoundEngine.o
songSpeed           0x1               uzeboxSoundEngine.o
uart_tx_head        0x1               uzeboxCore.o
songPos             0x2               uzeboxSoundEngine.o
level               0x2ef             TankFu.o
uart_rx_tail        0x1               uzeboxCore.o
player2             0x87              TankFu.o
loopStart           0x2               uzeboxSoundEngine.o
sub_animation       0xe               TankFu.o
scope_animation     0xe               TankFu.o
uart_rx_buf         0x40              uzeboxCore.o
step                0x1               uzeboxSoundEngine.o
currFadeFrame       0x1               uzeboxVideoEngine.o
fadeStep            0x1               uzeboxVideoEngine.o
uart_tx_tail        0x1               uzeboxCore.o
turret2             0x2f              TankFu.o
turret1             0x2f              TankFu.o

Discarded input sections

 .data          0x0000000000000000        0x0 /usr/local/lib/gcc/avr/4.9.2/../../../../avr/lib/avr5/crtm644.o
 .bss           0x0000000000000000        0x0 /usr/local/lib/gcc/avr/4.9.2/../../../../avr/lib/avr5/crtm644.o
 .data          0x0000000000000000        0x0 uzeboxVideoEngineCore.o
 .text.SetSpritesTileBank
                0x0000000000000000       0x12 uzeboxVideoEngineCore.o
 .text.GetTile  0x0000000000000000       0x1e uzeboxVideoEngineCore.o
 .text.SetUserPreVsyncCallback
                0x0000000000000000        0xa uzeboxVideoEngineCore.o
 .text.SetUserPostVsyncCallback
                0x0000000000000000        0xa uzeboxVideoEngineCore.o
 .text.IsRunningInEmulator
                0x0000000000000000       0x12 uzeboxVideoEngineCore.o
 .text.WaitClocks
                0x0000000000000000        0x6 uzeboxVideoEngineCore.o
 .text.SetLedOn
                0x0000000000000000        0x4 uzeboxVideoEngineCore.o
 .text.SetLedOff
                0x0000000000000000        0x4 uzeboxVideoEngineCore.o
 .text.ToggleLed
                0x0000000000000000        0x4 uzeboxVideoEngineCore.o
 .text.internal_spi_byte
                0x0000000000000000        0xe uzeboxVideoEngineCore.o
 .text          0x0000000000000000        0x0 uzeboxCore.o
 .data          0x0000000000000000        0x0 uzeboxCore.o
 .text.SetRenderingParameters
                0x0000000000000000        0xa uzeboxCore.o
 .text.DetectControllers
                0x0000000000000000       0x36 uzeboxCore.o
 .text.FormatEeprom2
                0x0000000000000000       0x98 uzeboxCore.o
 .text.IsPowerSwitchPressed
                0x0000000000000000        0xe uzeboxCore.o
 .text.UartGoBack
                0x0000000000000000       0x16 uzeboxCore.o
 .text.IsUartRxBufferEmpty
                0x0000000000000000       0x10 uzeboxCore.o
 .text.IsUartTxBufferEmpty
                0x0000000000000000       0x10 uzeboxCore.o
 .text.IsUartTxBufferFull
                0x0000000000000000       0x14 uzeboxCore.o
 .text          0x0000000000000000        0x0 uzeboxSoundEngine.o
 .data          0x0000000000000000        0x0 uzeboxSoundEngine.o
 .text.StartSong
                0x0000000000000000       0x52 uzeboxSoundEngine.o
 .text.StopSong
                0x0000000000000000       0x18 uzeboxSoundEngine.o
 .text.ResumeSong
                0x0000000000000000        0x8 uzeboxSoundEngine.o
 .text.SetSongSpeed
                0x0000000000000000        0x6 uzeboxSoundEngine.o
 .text.GetSongSpeed
                0x0000000000000000        0x6 uzeboxSoundEngine.o
 .text.GetMasterVolume
                0x0000000000000000        0x6 uzeboxSoundEngine.o
 .text.IsSongPlaying
                0x0000000000000000        0x6 uzeboxSoundEngine.o
 .data          0x0000000000000000        0x0 uzeboxSoundEngineCore.o
 .text.SetMixerNoiseParams
                0x0000000000000000       0x10 uzeboxSoundEngineCore.o
 .text.SetMixerVolume
                0x0000000000000000       0x16 uzeboxSoundEngineCore.o
 .text.EnableSoundEngine
                0x0000000000000000        0x8 uzeboxSoundEngineCore.o
 .text          0x0000000000000000        0x0 uzeboxVideoEngine.o
 .bss           0x0000000000000000        0x0 uzeboxVideoEngine.o
 .text.SetUserRamTilesCount
                0x0000000000000000        0x6 uzeboxVideoEngine.o
 .text.GetUserRamTile
                0x0000000000000000        0xe uzeboxVideoEngine.o
 .text.SetSpriteVisibility
                0x0000000000000000        0x6 uzeboxVideoEngine.o
 .text.MapSprite
                0x0000000000000000       0x80 uzeboxVideoEngine.o
 .text.PrintLong
                0x0000000000000000       0x8a uzeboxVideoEngine.o
 .text.PrintInt
                0x0000000000000000       0x70 uzeboxVideoEngine.o
 .text.PrintBinaryByte
                0x0000000000000000       0x36 uzeboxVideoEngine.o
 .text.PrintHexByte
                0x0000000000000000       0x40 uzeboxVideoEngine.o
 .text.PrintHexInt
                0x0000000000000000       0x24 uzeboxVideoEngine.o
 .text.PrintHexLong
                0x0000000000000000       0x5e uzeboxVideoEngine.o
 .text.PrintRam
                0x0000000000000000       0x36 uzeboxVideoEngine.o
 .text.Fill     0x0000000000000000       0x6e uzeboxVideoEngine.o
 .text.FontFill
                0x0000000000000000       0x6c uzeboxVideoEngine.o
 .text          0x0000000000000000        0x0 TankFu.o
 .text.LBPrintByte
                0x0000000000000000       0x6c TankFu.o
 .text.LBWaitUs
                0x0000000000000000        0x4 TankFu.o
 .text.wifiGetP
                0x0000000000000000       0x14 TankFu.o
 .text.cleanupWifi
                0x0000000000000000       0x3c TankFu.o
 .text.activateNet
                0x0000000000000000        0x4 TankFu.o
 .text.save_eeprom
                0x0000000000000000        0x4 TankFu.o
 .text.turret_map
                0x0000000000000000       0x14 TankFu.o
 .text.turret_shot_map
                0x0000000000000000       0x14 TankFu.o
 .text.record_player_posture
                0x0000000000000000       0x12 TankFu.o
 .text          0x0000000000000000        0x0 /usr/local/lib/gcc/avr/4.9.2/avr5/libgcc.a(_udivmodqi4.o)
 .data          0x0000000000000000        0x0 /usr/local/lib/gcc/avr/4.9.2/avr5/libgcc.a(_udivmodqi4.o)
 .bss           0x0000000000000000        0x0 /usr/local/lib/gcc/avr/4.9.2/avr5/libgcc.a(_udivmodqi4.o)
 .text.libgcc.mul
                0x0000000000000000        0x0 /usr/local/lib/gcc/avr/4.9.2/avr5/libgcc.a(_udivmodqi4.o)
 .text.libgcc   0x0000000000000000        0x0 /usr/local/lib/gcc/avr/4.9.2/avr5/libgcc.a(_udivmodqi4.o)
 .text.libgcc.prologue
                0x0000000000000000        0x0 /usr/local/lib/gcc/avr/4.9.2/avr5/libgcc.a(_udivmodqi4.o)
 .text.libgcc.builtins
                0x0000000000000000        0x0 /usr/local/lib/gcc/avr/4.9.2/avr5/libgcc.a(_udivmodqi4.o)
 .text.libgcc.fmul
                0x0000000000000000        0x0 /usr/local/lib/gcc/avr/4.9.2/avr5/libgcc.a(_udivmodqi4.o)
 .text.libgcc.fixed
                0x0000000000000000        0x0 /usr/local/lib/gcc/avr/4.9.2/avr5/libgcc.a(_udivmodqi4.o)
 .text          0x0000000000000000        0x0 /usr/local/lib/gcc/avr/4.9.2/avr5/libgcc.a(_udivmodhi4.o)
 .data          0x0000000000000000        0x0 /usr/local/lib/gcc/avr/4.9.2/avr5/libgcc.a(_udivmodhi4.o)
 .bss           0x0000000000000000        0x0 /usr/local/lib/gcc/avr/4.9.2/avr5/libgcc.a(_udivmodhi4.o)
 .text.libgcc.mul
                0x0000000000000000        0x0 /usr/local/lib/gcc/avr/4.9.2/avr5/libgcc.a(_udivmodhi4.o)
 .text.libgcc   0x0000000000000000        0x0 /usr/local/lib/gcc/avr/4.9.2/avr5/libgcc.a(_udivmodhi4.o)
 .text.libgcc.prologue
                0x0000000000000000        0x0 /usr/local/lib/gcc/avr/4.9.2/avr5/libgcc.a(_udivmodhi4.o)
 .text.libgcc.builtins
                0x0000000000000000        0x0 /usr/local/lib/gcc/avr/4.9.2/avr5/libgcc.a(_udivmodhi4.o)
 .text.libgcc.fmul
                0x0000000000000000        0x0 /usr/local/lib/gcc/avr/4.9.2/avr5/libgcc.a(_udivmodhi4.o)
 .text.libgcc.fixed
                0x0000000000000000        0x0 /usr/local/lib/gcc/avr/4.9.2/avr5/libgcc.a(_udivmodhi4.o)
 .text          0x0000000000000000        0x0 /usr/local/lib/gcc/avr/4.9.2/avr5/libgcc.a(_divmodhi4.o)
 .data          0x0000000000000000        0x0 /usr/local/lib/gcc/avr/4.9.2/avr5/libgcc.a(_divmodhi4.o)
 .bss           0x0000000000000000        0x0 /usr/local/lib/gcc/avr/4.9.2/avr5/libgcc.a(_divmodhi4.o)
 .text.libgcc.mul
                0x0000000000000000        0x0 /usr/local/lib/gcc/avr/4.9.2/avr5/libgcc.a(_divmodhi4.o)
 .text.libgcc   0x0000000000000000        0x0 /usr/local/lib/gcc/avr/4.9.2/avr5/libgcc.a(_divmodhi4.o)
 .text.libgcc.prologue
                0x0000000000000000        0x0 /usr/local/lib/gcc/avr/4.9.2/avr5/libgcc.a(_divmodhi4.o)
 .text.libgcc.builtins
                0x0000000000000000        0x0 /usr/local/lib/gcc/avr/4.9.2/avr5/libgcc.a(_divmodhi4.o)
 .text.libgcc.fmul
                0x0000000000000000        0x0 /usr/local/lib/gcc/avr/4.9.2/avr5/libgcc.a(_divmodhi4.o)
 .text.libgcc.fixed
                0x0000000000000000        0x0 /usr/local/lib/gcc/avr/4.9.2/avr5/libgcc.a(_divmodhi4.o)
 .text          0x0000000000000000        0x0 /usr/local/lib/gcc/avr/4.9.2/avr5/libgcc.a(_udivmodsi4.o)
 .data          0x0000000000000000        0x0 /usr/local/lib/gcc/avr/4.9.2/avr5/libgcc.a(_udivmodsi4.o)
 .bss           0x0000000000000000        0x0 /usr/local/lib/gcc/avr/4.9.2/avr5/libgcc.a(_udivmodsi4.o)
 .stab          0x0000000000000000      0x228 /usr/local/lib/gcc/avr/4.9.2/avr5/libgcc.a(_udivmodsi4.o)
                                        0x234 (size before relaxing)
 .text.libgcc.mul
                0x0000000000000000        0x0 /usr/local/lib/gcc/avr/4.9.2/avr5/libgcc.a(_udivmodsi4.o)
 .text.libgcc.div
                0x0000000000000000       0x44 /usr/local/lib/gcc/avr/4.9.2/avr5/libgcc.a(_udivmodsi4.o)
 .text.libgcc   0x0000000000000000        0x0 /usr/local/lib/gcc/avr/4.9.2/avr5/libgcc.a(_udivmodsi4.o)
 .text.libgcc.prologue
                0x0000000000000000        0x0 /usr/local/lib/gcc/avr/4.9.2/avr5/libgcc.a(_udivmodsi4.o)
 .text.libgcc.builtins
                0x0000000000000000        0x0 /usr/local/lib/gcc/avr/4.9.2/avr5/libgcc.a(_udivmodsi4.o)
 .text.libgcc.fmul
                0x0000000000000000        0x0 /usr/local/lib/gcc/avr/4.9.2/avr5/libgcc.a(_udivmodsi4.o)
 .text.libgcc.fixed
                0x0000000000000000        0x0 /usr/local/lib/gcc/avr/4.9.2/avr5/libgcc.a(_udivmodsi4.o)
 .text          0x0000000000000000        0x0 /usr/local/lib/gcc/avr/4.9.2/avr5/libgcc.a(_exit.o)
 .data          0x0000000000000000        0x0 /usr/local/lib/gcc/avr/4.9.2/avr5/libgcc.a(_exit.o)
 .bss           0x0000000000000000        0x0 /usr/local/lib/gcc/avr/4.9.2/avr5/libgcc.a(_exit.o)
 .text.libgcc.mul
                0x0000000000000000        0x0 /usr/local/lib/gcc/avr/4.9.2/avr5/libgcc.a(_exit.o)
 .text.libgcc.div
                0x0000000000000000        0x0 /usr/local/lib/gcc/avr/4.9.2/avr5/libgcc.a(_exit.o)
 .text.libgcc   0x0000000000000000        0x0 /usr/local/lib/gcc/avr/4.9.2/avr5/libgcc.a(_exit.o)
 .text.libgcc.prologue
                0x0000000000000000        0x0 /usr/local/lib/gcc/avr/4.9.2/avr5/libgcc.a(_exit.o)
 .text.libgcc.builtins
                0x0000000000000000        0x0 /usr/local/lib/gcc/avr/4.9.2/avr5/libgcc.a(_exit.o)
 .text.libgcc.fmul
                0x0000000000000000        0x0 /usr/local/lib/gcc/avr/4.9.2/avr5/libgcc.a(_exit.o)
 .text.libgcc.fixed
                0x0000000000000000        0x0 /usr/local/lib/gcc/avr/4.9.2/avr5/libgcc.a(_exit.o)
 .text          0x0000000000000000        0x0 /usr/local/lib/gcc/avr/4.9.2/avr5/libgcc.a(_copy_data.o)
 .data          0x0000000000000000        0x0 /usr/local/lib/gcc/avr/4.9.2/avr5/libgcc.a(_copy_data.o)
 .bss           0x0000000000000000        0x0 /usr/local/lib/gcc/avr/4.9.2/avr5/libgcc.a(_copy_data.o)
 .text.libgcc.mul
                0x0000000000000000        0x0 /usr/local/lib/gcc/avr/4.9.2/avr5/libgcc.a(_copy_data.o)
 .text.libgcc.div
                0x0000000000000000        0x0 /usr/local/lib/gcc/avr/4.9.2/avr5/libgcc.a(_copy_data.o)
 .text.libgcc   0x0000000000000000        0x0 /usr/local/lib/gcc/avr/4.9.2/avr5/libgcc.a(_copy_data.o)
 .text.libgcc.prologue
                0x0000000000000000        0x0 /usr/local/lib/gcc/avr/4.9.2/avr5/libgcc.a(_copy_data.o)
 .text.libgcc.builtins
                0x0000000000000000        0x0 /usr/local/lib/gcc/avr/4.9.2/avr5/libgcc.a(_copy_data.o)
 .text.libgcc.fmul
                0x0000000000000000        0x0 /usr/local/lib/gcc/avr/4.9.2/avr5/libgcc.a(_copy_data.o)
 .text.libgcc.fixed
                0x0000000000000000        0x0 /usr/local/lib/gcc/avr/4.9.2/avr5/libgcc.a(_copy_data.o)
 .text          0x0000000000000000        0x0 /usr/local/lib/gcc/avr/4.9.2/avr5/libgcc.a(_clear_bss.o)
 .data          0x0000000000000000        0x0 /usr/local/lib/gcc/avr/4.9.2/avr5/libgcc.a(_clear_bss.o)
 .bss           0x0000000000000000        0x0 /usr/local/lib/gcc/avr/4.9.2/avr5/libgcc.a(_clear_bss.o)
 .text.libgcc.mul
                0x0000000000000000        0x0 /usr/local/lib/gcc/avr/4.9.2/avr5/libgcc.a(_clear_bss.o)
 .text.libgcc.div
                0x0000000000000000        0x0 /usr/local/lib/gcc/avr/4.9.2/avr5/libgcc.a(_clear_bss.o)
 .text.libgcc   0x0000000000000000        0x0 /usr/local/lib/gcc/avr/4.9.2/avr5/libgcc.a(_clear_bss.o)
 .text.libgcc.prologue
                0x0000000000000000        0x0 /usr/local/lib/gcc/avr/4.9.2/avr5/libgcc.a(_clear_bss.o)
 .text.libgcc.builtins
                0x0000000000000000        0x0 /usr/local/lib/gcc/avr/4.9.2/avr5/libgcc.a(_clear_bss.o)
 .text.libgcc.fmul
                0x0000000000000000        0x0 /usr/local/lib/gcc/avr/4.9.2/avr5/libgcc.a(_clear_bss.o)
 .text.libgcc.fixed
                0x0000000000000000        0x0 /usr/local/lib/gcc/avr/4.9.2/avr5/libgcc.a(_clear_bss.o)
 .text          0x0000000000000000        0x0 /usr/local/lib/gcc/avr/4.9.2/../../../../avr/lib/avr5/libc.a(memcpy_P.o)
 .data          0x0000000000000000        0x0 /usr/local/lib/gcc/avr/4.9.2/../../../../avr/lib/avr5/libc.a(memcpy_P.o)
 .bss           0x0000000000000000        0x0 /usr/local/lib/gcc/avr/4.9.2/../../../../avr/lib/avr5/libc.a(memcpy_P.o)
 .text          0x0000000000000000        0x0 /usr/local/lib/gcc/avr/4.9.2/../../../../avr/lib/avr5/libc.a(strnlen_P.o)
 .data          0x0000000000000000        0x0 /usr/local/lib/gcc/avr/4.9.2/../../../../avr/lib/avr5/libc.a(strnlen_P.o)
 .bss           0x0000000000000000        0x0 /usr/local/lib/gcc/avr/4.9.2/../../../../avr/lib/avr5/libc.a(strnlen_P.o)
 .text          0x0000000000000000        0x0 /usr/local/lib/gcc/avr/4.9.2/../../../../avr/lib/avr5/libc.a(strupr.o)
 .data          0x0000000000000000        0x0 /usr/local/lib/gcc/avr/4.9.2/../../../../avr/lib/avr5/libc.a(strupr.o)
 .bss           0x0000000000000000        0x0 /usr/local/lib/gcc/avr/4.9.2/../../../../avr/lib/avr5/libc.a(strupr.o)
 .text          0x0000000000000000        0x0 /usr/local/lib/gcc/avr/4.9.2/../../../../avr/lib/avr5/libc.a(sprintf.o)
 .data          0x0000000000000000        0x0 /usr/local/lib/gcc/avr/4.9.2/../../../../avr/lib/avr5/libc.a(sprintf.o)
 .bss           0x0000000000000000        0x0 /usr/local/lib/gcc/avr/4.9.2/../../../../avr/lib/avr5/libc.a(sprintf.o)
 .text          0x0000000000000000        0x0 /usr/local/lib/gcc/avr/4.9.2/../../../../avr/lib/avr5/libc.a(vfprintf_std.o)
 .data          0x0000000000000000        0x0 /usr/local/lib/gcc/avr/4.9.2/../../../../avr/lib/avr5/libc.a(vfprintf_std.o)
 .bss           0x0000000000000000        0x0 /usr/local/lib/gcc/avr/4.9.2/../../../../avr/lib/avr5/libc.a(vfprintf_std.o)
 .text          0x0000000000000000        0x0 /usr/local/lib/gcc/avr/4.9.2/../../../../avr/lib/avr5/libc.a(strnlen.o)
 .data          0x0000000000000000        0x0 /usr/local/lib/gcc/avr/4.9.2/../../../../avr/lib/avr5/libc.a(strnlen.o)
 .bss           0x0000000000000000        0x0 /usr/local/lib/gcc/avr/4.9.2/../../../../avr/lib/avr5/libc.a(strnlen.o)
 .text          0x0000000000000000        0x0 /usr/local/lib/gcc/avr/4.9.2/../../../../avr/lib/avr5/libc.a(fputc.o)
 .data          0x0000000000000000        0x0 /usr/local/lib/gcc/avr/4.9.2/../../../../avr/lib/avr5/libc.a(fputc.o)
 .bss           0x0000000000000000        0x0 /usr/local/lib/gcc/avr/4.9.2/../../../../avr/lib/avr5/libc.a(fputc.o)
 .text          0x0000000000000000        0x0 /usr/local/lib/gcc/avr/4.9.2/../../../../avr/lib/avr5/libc.a(ultoa_invert.o)
 .data          0x0000000000000000        0x0 /usr/local/lib/gcc/avr/4.9.2/../../../../avr/lib/avr5/libc.a(ultoa_invert.o)
 .bss           0x0000000000000000        0x0 /usr/local/lib/gcc/avr/4.9.2/../../../../avr/lib/avr5/libc.a(ultoa_invert.o)
 .text          0x0000000000000000        0x0 /usr/local/lib/gcc/avr/4.9.2/avr5/libgcc.a(_prologue.o)
 .data          0x0000000000000000        0x0 /usr/local/lib/gcc/avr/4.9.2/avr5/libgcc.a(_prologue.o)
 .bss           0x0000000000000000        0x0 /usr/local/lib/gcc/avr/4.9.2/avr5/libgcc.a(_prologue.o)
 .text.libgcc.mul
                0x0000000000000000        0x0 /usr/local/lib/gcc/avr/4.9.2/avr5/libgcc.a(_prologue.o)
 .text.libgcc.div
                0x0000000000000000        0x0 /usr/local/lib/gcc/avr/4.9.2/avr5/libgcc.a(_prologue.o)
 .text.libgcc   0x0000000000000000        0x0 /usr/local/lib/gcc/avr/4.9.2/avr5/libgcc.a(_prologue.o)
 .text.libgcc.builtins
                0x0000000000000000        0x0 /usr/local/lib/gcc/avr/4.9.2/avr5/libgcc.a(_prologue.o)
 .text.libgcc.fmul
                0x0000000000000000        0x0 /usr/local/lib/gcc/avr/4.9.2/avr5/libgcc.a(_prologue.o)
 .text.libgcc.fixed
                0x0000000000000000        0x0 /usr/local/lib/gcc/avr/4.9.2/avr5/libgcc.a(_prologue.o)
 .text          0x0000000000000000        0x0 /usr/local/lib/gcc/avr/4.9.2/avr5/libgcc.a(_epilogue.o)
 .data          0x0000000000000000        0x0 /usr/local/lib/gcc/avr/4.9.2/avr5/libgcc.a(_epilogue.o)
 .bss           0x0000000000000000        0x0 /usr/local/lib/gcc/avr/4.9.2/avr5/libgcc.a(_epilogue.o)
 .text.libgcc.mul
                0x0000000000000000        0x0 /usr/local/lib/gcc/avr/4.9.2/avr5/libgcc.a(_epilogue.o)
 .text.libgcc.div
                0x0000000000000000        0x0 /usr/local/lib/gcc/avr/4.9.2/avr5/libgcc.a(_epilogue.o)
 .text.libgcc   0x0000000000000000        0x0 /usr/local/lib/gcc/avr/4.9.2/avr5/libgcc.a(_epilogue.o)
 .text.libgcc.builtins
                0x0000000000000000        0x0 /usr/local/lib/gcc/avr/4.9.2/avr5/libgcc.a(_epilogue.o)
 .text.libgcc.fmul
                0x0000000000000000        0x0 /usr/local/lib/gcc/avr/4.9.2/avr5/libgcc.a(_epilogue.o)
 .text.libgcc.fixed
                0x0000000000000000        0x0 /usr/local/lib/gcc/avr/4.9.2/avr5/libgcc.a(_epilogue.o)

Memory Configuration

Name             Origin             Length             Attributes
text             0x0000000000000000 0x0000000000020000 xr
data             0x0000000000800060 0x000000000000ffa0 rw !x
eeprom           0x0000000000810000 0x0000000000010000 rw !x
fuse             0x0000000000820000 0x0000000000000400 rw !x
lock             0x0000000000830000 0x0000000000000400 rw !x
signature        0x0000000000840000 0x0000000000000400 rw !x
*default*        0x0000000000000000 0xffffffffffffffff

Linker script and memory map

Address of section .data set to 0x800100
LOAD /usr/local/lib/gcc/avr/4.9.2/../../../../avr/lib/avr5/crtm644.o
LOAD uzeboxVideoEngineCore.o
LOAD uzeboxCore.o
LOAD uzeboxSoundEngine.o
LOAD uzeboxSoundEngineCore.o
LOAD uzeboxVideoEngine.o
LOAD TankFu.o
START GROUP
LOAD /usr/local/lib/gcc/avr/4.9.2/avr5/libgcc.a
LOAD /usr/local/lib/gcc/avr/4.9.2/../../../../avr/lib/avr5/libm.a
LOAD /usr/local/lib/gcc/avr/4.9.2/../../../../avr/lib/avr5/libc.a
END GROUP

.hash
 *(.hash)

.dynsym
 *(.dynsym)

.dynstr
 *(.dynstr)

.gnu.version
 *(.gnu.version)

.gnu.version_d
 *(.gnu.version_d)

.gnu.version_r
 *(.gnu.version_r)

.rel.init
 *(.rel.init)

.rela.init
 *(.rela.init)

.rel.text
 *(.rel.text)
 *(.rel.text.*)
 *(.rel.gnu.linkonce.t*)

.rela.text
 *(.rela.text)
 *(.rela.text.*)
 *(.rela.gnu.linkonce.t*)

.rel.fini
 *(.rel.fini)

.rela.fini
 *(.rela.fini)

.rel.rodata
 *(.rel.rodata)
 *(.rel.rodata.*)
 *(.rel.gnu.linkonce.r*)

.rela.rodata
 *(.rela.rodata)
 *(.rela.rodata.*)
 *(.rela.gnu.linkonce.r*)

.rel.data
 *(.rel.data)
 *(.rel.data.*)
 *(.rel.gnu.linkonce.d*)

.rela.data
 *(.rela.data)
 *(.rela.data.*)
 *(.rela.gnu.linkonce.d*)

.rel.ctors
 *(.rel.ctors)

.rela.ctors
 *(.rela.ctors)

.rel.dtors
 *(.rel.dtors)

.rela.dtors
 *(.rela.dtors)

.rel.got
 *(.rel.got)

.rela.got
 *(.rela.got)

.rel.bss
 *(.rel.bss)

.rela.bss
 *(.rela.bss)

.rel.plt
 *(.rel.plt)

.rela.plt
 *(.rela.plt)

.text           0x0000000000000000     0xe70e
 *(.vectors)
 .vectors       0x0000000000000000       0x70 /usr/local/lib/gcc/avr/4.9.2/../../../../avr/lib/avr5/crtm644.o
                0x0000000000000000                __vectors
                0x0000000000000000                __vector_default
 *(.vectors)
 *(.progmem.gcc*)
                0x0000000000000070                . = ALIGN (0x2)
                0x0000000000000070                __trampolines_start = .
 *(.trampolines)
 .trampolines   0x0000000000000070        0x0 linker stubs
 *(.trampolines*)
                0x0000000000000070                __trampolines_end = .
 *(.progmem*)
 .progmem.data  0x0000000000000070       0x4e uzeboxCore.o
                0x0000000000000070                io_table
                0x000000000000009e                eeprom_format_table
 .progmem.data  0x00000000000000be       0x1e uzeboxSoundEngine.o
                0x00000000000000be                patchCommands
 .progmem.data  0x00000000000000dc        0xc uzeboxVideoEngine.o
                0x00000000000000dc                fader
 .progmem.data  0x00000000000000e8     0x6a75 TankFu.o
                0x0000000000000289                bauds
                0x0000000000000299                strCredits
                0x00000000000002df                default_scores
                0x00000000000002fd                default_handles
                0x000000000000031b                strLevels
                0x00000000000003cb                strPaused
                0x00000000000003d2                strExit
                0x00000000000003db                strTotal
                0x00000000000003e2                strScore
                0x00000000000003e9                strFinalScore
                0x00000000000003f5                strBy
                0x00000000000003f8                strOwns
                0x00000000000003fd                strChangeHandle
                0x000000000000040c                strPlayer2
                0x000000000000040f                strPlayer1
                0x0000000000000412                strVertSep
                0x0000000000000414                strUnderline
                0x0000000000000420                strHandlesTitle
                0x000000000000042c                strHighscores
                0x0000000000000436                strCopyright
                0x000000000000044b                strSelectHandle
                0x000000000000045a                strCancelHandle
                0x0000000000000465                strReset
                0x000000000000047e                strConfirmHandle
                0x0000000000000490                strNetworkError
                0x000000000000049e                strEnterGameId
                0x00000000000004b1                strConnecting
                0x00000000000004bf                strWaitingForNetOppenent
                0x00000000000004da                strShareGameId
                0x00000000000004ed                strLookingForWifi
                0x0000000000000508                strJoinNetGame
                0x0000000000000516                strHostNetGame
                0x0000000000000524                str2Player
                0x0000000000000535                str1Player
                0x0000000000000543                my_patches
                0x000000000000058b                ad_alarm
                0x0000000000000623                ad_navigate
                0x0000000000000634                ad_cannonball
                0x000000000000064b                ad_brick_explode
                0x00000000000006bc                ad_tank_explode
                0x000000000000078d                level_data
                0x00000000000027c7                sprites_data
                0x0000000000003107                map_sub_turret
                0x000000000000310a                map_sub_shot
                0x000000000000310d                map_up_arrow
                0x0000000000003110                map_down_arrow
                0x0000000000003113                map_right_arrow
                0x0000000000003116                map_rocket_right_1
                0x0000000000003119                map_rocket_right_0
                0x000000000000311c                map_rocket_up_1
                0x000000000000311f                map_rocket_up_0
                0x0000000000003122                map_ball
                0x0000000000003125                map_explosion_2
                0x000000000000312b                map_explosion_1
                0x0000000000003131                map_explosion_0
                0x0000000000003137                map_tank2_right_0
                0x000000000000313d                map_tank2_up_0
                0x0000000000003143                map_tank1_right_0
                0x0000000000003149                map_tank1_up_0
                0x000000000000314f                map_tank_blank
                0x0000000000003155                map_none
                0x0000000000003158                tiles_data
                0x0000000000006818                map_sub_emerging
                0x000000000000694e                map_sub
                0x0000000000006a84                map_scope_2
                0x0000000000006a87                map_scope_1
                0x0000000000006a8a                map_scope_0
                0x0000000000006a8d                map_blue_tank
                0x0000000000006a93                map_green_tank
                0x0000000000006a99                map_fence
                0x0000000000006a9c                map_turf
                0x0000000000006a9f                map_water
                0x0000000000006aa2                map_metal_bl
                0x0000000000006aa5                map_metal_tr
                0x0000000000006aa8                map_metal_br
                0x0000000000006aab                map_metal_tl
                0x0000000000006aae                map_tile_exp_2
                0x0000000000006ab1                map_tile_exp_1
                0x0000000000006ab4                map_tile_exp_0
                0x0000000000006ab7                map_rocket_itm
                0x0000000000006aba                map_explode_itm
                0x0000000000006abd                map_speed_itm
                0x0000000000006ac0                map_metal
                0x0000000000006ac3                map_brick
                0x0000000000006ac6                map_splash
                0x0000000000006b1c                map_pause
                0x0000000000006b5a                map_tile_none
                0x0000000000006b5e                . = ALIGN (0x2)
 *fill*         0x0000000000006b5d        0x1 
 *(.jumptables)
 *(.jumptables*)
 *(.lowtext)
 *(.lowtext*)
                0x0000000000006b5e                __ctors_start = .
 *(.ctors)
                0x0000000000006b5e                __ctors_end = .
                0x0000000000006b5e                __dtors_start = .
 *(.dtors)
                0x0000000000006b5e                __dtors_end = .
 SORT(*)(.ctors)
 SORT(*)(.dtors)
 *(.init0)
 .init0         0x0000000000006b5e        0x0 /usr/local/lib/gcc/avr/4.9.2/../../../../avr/lib/avr5/crtm644.o
                0x0000000000006b5e                __init
 *(.init0)
 *(.init1)
 *(.init1)
 *(.init2)
 .init2         0x0000000000006b5e        0xc /usr/local/lib/gcc/avr/4.9.2/../../../../avr/lib/avr5/crtm644.o
 *(.init2)
 *(.init3)
 *(.init3)
 *(.init4)
 .init4         0x0000000000006b6a       0x16 /usr/local/lib/gcc/avr/4.9.2/avr5/libgcc.a(_copy_data.o)
                0x0000000000006b6a                __do_copy_data
 .init4         0x0000000000006b80       0x10 /usr/local/lib/gcc/avr/4.9.2/avr5/libgcc.a(_clear_bss.o)
                0x0000000000006b80                __do_clear_bss
 *(.init4)
 *(.init5)
 *(.init5)
 *(.init6)
 *(.init6)
 *(.init7)
 .init7         0x0000000000006b90       0x16 uzeboxCore.o
                0x0000000000006b90                wdt_init
 *(.init7)
 *(.init8)
 .init8         0x0000000000006ba6       0x86 uzeboxCore.o
                0x0000000000006ba6                Initialize
 *(.init8)
 *(.init9)
 .init9         0x0000000000006c2c        0x8 /usr/local/lib/gcc/avr/4.9.2/../../../../avr/lib/avr5/crtm644.o
 *(.init9)
 *(.text)
 .text          0x0000000000006c34        0x4 /usr/local/lib/gcc/avr/4.9.2/../../../../avr/lib/avr5/crtm644.o
                0x0000000000006c34                __vector_20
                0x0000000000006c34                __vector_1
                0x0000000000006c34                __vector_24
                0x0000000000006c34                __vector_12
                0x0000000000006c34                __bad_interrupt
                0x0000000000006c34                __vector_6
                0x0000000000006c34                __vector_3
                0x0000000000006c34                __vector_23
                0x0000000000006c34                __vector_25
                0x0000000000006c34                __vector_11
                0x0000000000006c34                __vector_17
                0x0000000000006c34                __vector_19
                0x0000000000006c34                __vector_7
                0x0000000000006c34                __vector_27
                0x0000000000006c34                __vector_5
                0x0000000000006c34                __vector_4
                0x0000000000006c34                __vector_9
                0x0000000000006c34                __vector_2
                0x0000000000006c34                __vector_21
                0x0000000000006c34                __vector_15
                0x0000000000006c34                __vector_26
                0x0000000000006c34                __vector_10
                0x0000000000006c34                __vector_16
                0x0000000000006c34                __vector_18
                0x0000000000006c34                __vector_22
 .text          0x0000000000006c38      0x6b0 uzeboxVideoEngineCore.o
                0x0000000000006de4                CopyFlashTile
                0x0000000000006f02                CopyRamTile
                0x000000000000701c                RestoreBackground
                0x0000000000007042                BlitSpritePart
                0x0000000000007110                __vector_13
                0x000000000000718e                __vector_14
 .text          0x00000000000072e8      0x18a uzeboxSoundEngineCore.o
                0x00000000000072e8                process_music
                0x00000000000072f4                update_sound
                0x0000000000007472                . = ALIGN (0x2)
 *(.text.*)
 .text.SetSpritesTileTable
                0x0000000000007472        0xa uzeboxVideoEngineCore.o
                0x0000000000007472                SetSpritesTileTable
 .text.ClearVram
                0x000000000000747c       0x14 uzeboxVideoEngineCore.o
                0x000000000000747c                ClearVram
 .text.SetFont  0x0000000000007490        0x8 uzeboxVideoEngineCore.o
                0x0000000000007490                SetFont
 .text.SetTile  0x0000000000007498       0x1c uzeboxVideoEngineCore.o
                0x0000000000007498                SetTile
 .text.SetFontTilesIndex
                0x00000000000074b4        0x6 uzeboxVideoEngineCore.o
                0x00000000000074b4                SetFontTilesIndex
 .text.SetTileTable
                0x00000000000074ba        0xa uzeboxVideoEngineCore.o
                0x00000000000074ba                SetTileTable
 .text.GetVsyncFlag
                0x00000000000074c4        0x8 uzeboxVideoEngineCore.o
                0x00000000000074c4                GetVsyncFlag
 .text.ClearVsyncFlag
                0x00000000000074cc        0xc uzeboxVideoEngineCore.o
                0x00000000000074cc                ClearVsyncFlag
 .text.GetVsyncCounter
                0x00000000000074d8        0xa uzeboxVideoEngineCore.o
                0x00000000000074d8                GetVsyncCounter
 .text.ClearVsyncCounter
                0x00000000000074e2        0xa uzeboxVideoEngineCore.o
                0x00000000000074e2                ClearVsyncCounter
 .text.ReadJoypad
                0x00000000000074ec       0x18 uzeboxVideoEngineCore.o
                0x00000000000074ec                ReadJoypad
 .text.WaitUs   0x0000000000007504        0xe uzeboxVideoEngineCore.o
                0x0000000000007504                WaitUs
 .text.WriteEeprom
                0x0000000000007512       0x14 uzeboxVideoEngineCore.o
                0x0000000000007512                WriteEeprom
 .text.ReadEeprom
                0x0000000000007526       0x12 uzeboxVideoEngineCore.o
                0x0000000000007526                ReadEeprom
 .text.wdt_randomize
                0x0000000000007538       0x50 uzeboxVideoEngineCore.o
                0x0000000000007538                wdt_randomize
 .text.GetTrueRandomSeed
                0x0000000000007588        0xa uzeboxVideoEngineCore.o
                0x0000000000007588                GetTrueRandomSeed
 .text.__vector_8
                0x0000000000007592       0x44 uzeboxVideoEngineCore.o
                0x0000000000007592                __vector_8
 .text.SoftReset
                0x00000000000075d6       0x16 uzeboxCore.o
                0x00000000000075d6                SoftReset
 .text.ReadButtons
                0x00000000000075ec       0x6c uzeboxCore.o
                0x00000000000075ec                ReadButtons
 .text.ReadControllers
                0x0000000000007658       0x20 uzeboxCore.o
                0x0000000000007658                ReadControllers
 .text.FormatEeprom
                0x0000000000007678       0x44 uzeboxCore.o
                0x0000000000007678                FormatEeprom
 .text.isEepromFormatted
                0x00000000000076bc       0x2e uzeboxCore.o
                0x00000000000076bc                isEepromFormatted
 .text.EepromBlockExists
                0x00000000000076ea       0xa4 uzeboxCore.o
                0x00000000000076ea                EepromBlockExists
 .text.EepromWriteBlock
                0x000000000000778e       0x94 uzeboxCore.o
                0x000000000000778e                EepromWriteBlock
 .text.EepromReadBlock
                0x0000000000007822       0x66 uzeboxCore.o
                0x0000000000007822                EepromReadBlock
 .text.UartUnreadCount
                0x0000000000007888        0xc uzeboxCore.o
                0x0000000000007888                UartUnreadCount
 .text.UartReadChar
                0x0000000000007894       0x2e uzeboxCore.o
                0x0000000000007894                UartReadChar
 .text.InitUartRxBuffer
                0x00000000000078c2        0xa uzeboxCore.o
                0x00000000000078c2                InitUartRxBuffer
 .text.UartSendChar
                0x00000000000078cc       0x28 uzeboxCore.o
                0x00000000000078cc                UartSendChar
 .text.InitUartTxBuffer
                0x00000000000078f4        0xa uzeboxCore.o
                0x00000000000078f4                InitUartTxBuffer
 .text.GetPrngNumber
                0x00000000000078fe       0x5c uzeboxCore.o
                0x00000000000078fe                GetPrngNumber
 .text.PatchCommand00
                0x000000000000795a        0x6 uzeboxSoundEngine.o
                0x000000000000795a                PatchCommand00
 .text.PatchCommand01
                0x0000000000007960       0x10 uzeboxSoundEngine.o
                0x0000000000007960                PatchCommand01
 .text.PatchCommand05
                0x0000000000007970        0xa uzeboxSoundEngine.o
                0x0000000000007970                PatchCommand05
 .text.PatchCommand06
                0x000000000000797a        0xa uzeboxSoundEngine.o
                0x000000000000797a                PatchCommand06
 .text.PatchCommand07
                0x0000000000007984        0x6 uzeboxSoundEngine.o
                0x0000000000007984                PatchCommand07
 .text.PatchCommand09
                0x000000000000798a        0x6 uzeboxSoundEngine.o
                0x000000000000798a                PatchCommand09
 .text.PatchCommand10
                0x0000000000007990        0x6 uzeboxSoundEngine.o
                0x0000000000007990                PatchCommand10
 .text.PatchCommand11
                0x0000000000007996       0x76 uzeboxSoundEngine.o
                0x0000000000007996                PatchCommand11
 .text.PatchCommand12
                0x0000000000007a0c        0x6 uzeboxSoundEngine.o
                0x0000000000007a0c                PatchCommand12
 .text.PatchCommand13
                0x0000000000007a12        0x6 uzeboxSoundEngine.o
                0x0000000000007a12                PatchCommand13
 .text.PatchCommand02
                0x0000000000007a18        0x8 uzeboxSoundEngine.o
                0x0000000000007a18                PatchCommand02
 .text.PatchCommand03
                0x0000000000007a20        0xe uzeboxSoundEngine.o
                0x0000000000007a20                PatchCommand03
 .text.PatchCommand04
                0x0000000000007a2e       0x10 uzeboxSoundEngine.o
                0x0000000000007a2e                PatchCommand04
 .text.PatchCommand08
                0x0000000000007a3e       0x20 uzeboxSoundEngine.o
                0x0000000000007a3e                PatchCommand08
 .text.PatchCommand14
                0x0000000000007a5e       0x54 uzeboxSoundEngine.o
                0x0000000000007a5e                PatchCommand14
 .text.InitMusicPlayer
                0x0000000000007ab2       0x44 uzeboxSoundEngine.o
                0x0000000000007ab2                InitMusicPlayer
 .text.ReadVarLen
                0x0000000000007af6       0x4c uzeboxSoundEngine.o
                0x0000000000007af6                ReadVarLen
 .text.TriggerCommon
                0x0000000000007b42       0xbe uzeboxSoundEngine.o
                0x0000000000007b42                TriggerCommon
 .text.TriggerFx
                0x0000000000007c00       0x90 uzeboxSoundEngine.o
                0x0000000000007c00                TriggerFx
 .text.TriggerNote
                0x0000000000007c90       0x80 uzeboxSoundEngine.o
                0x0000000000007c90                TriggerNote
 .text.ProcessMusic
                0x0000000000007d10      0x43e uzeboxSoundEngine.o
                0x0000000000007d10                ProcessMusic
 .text.SetMasterVolume
                0x000000000000814e        0x6 uzeboxSoundEngine.o
                0x000000000000814e                SetMasterVolume
 .text.SetMixerNote
                0x0000000000008154       0x2e uzeboxSoundEngineCore.o
                0x0000000000008154                SetMixerNote
 .text.SetMixerWave
                0x0000000000008182       0x3a uzeboxSoundEngineCore.o
                0x0000000000008182                SetMixerWave
 *fill*         0x00000000000081bc       0x44 
 .text.DisableSoundEngine
                0x0000000000008200      0xc00 uzeboxSoundEngineCore.o
                0x0000000000008200                DisableSoundEngine
                0x0000000000008208                steptable
                0x0000000000008400                waves
 .text.ProcessSprites
                0x0000000000008e00      0x200 uzeboxVideoEngine.o
                0x0000000000008e00                ProcessSprites
 .text.MapSprite2
                0x0000000000009000       0xa4 uzeboxVideoEngine.o
                0x0000000000009000                MapSprite2
 .text.MoveSprite
                0x00000000000090a4       0x4a uzeboxVideoEngine.o
                0x00000000000090a4                MoveSprite
 .text.DisplayLogo
                0x00000000000090ee        0x2 uzeboxVideoEngine.o
                0x00000000000090ee                DisplayLogo
 .text.InitializeVideoMode
                0x00000000000090f0       0x1c uzeboxVideoEngine.o
                0x00000000000090f0                InitializeVideoMode
 .text.DrawMap  0x000000000000910c       0x9a uzeboxVideoEngine.o
                0x000000000000910c                DrawMap2
                0x000000000000910c                DrawMap
 .text.PrintByte
                0x00000000000091a6       0x66 uzeboxVideoEngine.o
                0x00000000000091a6                PrintByte
 .text.Print    0x000000000000920c       0x36 uzeboxVideoEngine.o
                0x000000000000920c                Print
 .text.PrintChar
                0x0000000000009242        0x6 uzeboxVideoEngine.o
                0x0000000000009242                PrintChar
 .text.WaitVsync
                0x0000000000009248       0x2e uzeboxVideoEngine.o
                0x0000000000009248                WaitVsync
 .text.doFade   0x0000000000009276       0x1c uzeboxVideoEngine.o
                0x0000000000009276                doFade
 .text.FadeIn   0x0000000000009292       0x18 uzeboxVideoEngine.o
                0x0000000000009292                FadeIn
 .text.FadeOut  0x00000000000092aa       0x18 uzeboxVideoEngine.o
                0x00000000000092aa                FadeOut
 .text.ProcessFading
                0x00000000000092c2       0x4a uzeboxVideoEngine.o
                0x00000000000092c2                ProcessFading
 .text.VideoModeVsync
                0x000000000000930c        0x8 uzeboxVideoEngine.o
                0x000000000000930c                VideoModeVsync
 .text.LBPlaySound.part.2
                0x0000000000009314        0x8 TankFu.o
 .text.LBGetNextFrame
                0x000000000000931c       0x4a TankFu.o
                0x000000000000931c                LBGetNextFrame
 .text.LBGetNextFrameReverse
                0x0000000000009366       0x58 TankFu.o
                0x0000000000009366                LBGetNextFrameReverse
 .text.LBGetJoyPadState
                0x00000000000093be       0x96 TankFu.o
                0x00000000000093be                LBGetJoyPadState
 .text.LBPrintStr
                0x0000000000009454       0x62 TankFu.o
                0x0000000000009454                LBPrintStr
 .text.LBCollides
                0x00000000000094b6       0x50 TankFu.o
                0x00000000000094b6                LBCollides
 .text.LBRandom
                0x0000000000009506       0x36 TankFu.o
                0x0000000000009506                LBRandom
 .text.LBWaitSeconds
                0x000000000000953c       0x1e TankFu.o
                0x000000000000953c                LBWaitSeconds
 .text.LBHideAllSprites
                0x000000000000955a       0x14 TankFu.o
                0x000000000000955a                LBHideAllSprites
 .text.LBPlaySound
                0x000000000000956e       0x1a TankFu.o
                0x000000000000956e                LBPlaySound
 .text.wifiSendP
                0x0000000000009588       0x40 TankFu.o
                0x0000000000009588                wifiSendP
 .text.wifiSend
                0x00000000000095c8       0x38 TankFu.o
                0x00000000000095c8                wifiSend
 .text.wifiSendBinary
                0x0000000000009600       0x44 TankFu.o
                0x0000000000009600                wifiSendBinary
 .text.wifiGetIfAvailable
                0x0000000000009644       0x56 TankFu.o
                0x0000000000009644                wifiGetIfAvailable
 .text.wifiGetPB
                0x000000000000969a       0x6a TankFu.o
                0x000000000000969a                wifiGetPB
 .text.wifiGetPBT
                0x0000000000009704       0x74 TankFu.o
                0x0000000000009704                wifiGetPBT
 .text.wifiRequestP
                0x0000000000009778       0x24 TankFu.o
                0x0000000000009778                wifiRequestP
 .text.wifiRequest
                0x000000000000979c       0x24 TankFu.o
                0x000000000000979c                wifiRequest
 .text.wifiRequestPT
                0x00000000000097c0       0x3e TankFu.o
                0x00000000000097c0                wifiRequestPT
 .text.wifiHWResetLow
                0x00000000000097fe        0x6 TankFu.o
                0x00000000000097fe                wifiHWResetLow
 .text.wifiHWResetHigh
                0x0000000000009804        0xe TankFu.o
                0x0000000000009804                wifiHWResetHigh
 .text.initWifi
                0x0000000000009812       0x94 TankFu.o
                0x0000000000009812                initWifi
 .text.sendNetMessage
                0x00000000000098a6        0x6 TankFu.o
                0x00000000000098a6                sendNetMessage
 .text.getNetMessage
                0x00000000000098ac        0x6 TankFu.o
                0x00000000000098ac                getNetMessage
 .text.hostNetGame
                0x00000000000098b2      0x10a TankFu.o
                0x00000000000098b2                hostNetGame
 .text.joinNetGame
                0x00000000000099bc       0xbc TankFu.o
                0x00000000000099bc                joinNetGame
 .text.init_scores
                0x0000000000009a78       0x18 TankFu.o
                0x0000000000009a78                init_scores
 .text.init_handles
                0x0000000000009a90       0x18 TankFu.o
                0x0000000000009a90                init_handles
 .text.init_tile_animations
                0x0000000000009aa8       0x4e TankFu.o
                0x0000000000009aa8                init_tile_animations
 .text.init_scope_animation
                0x0000000000009af6       0x30 TankFu.o
                0x0000000000009af6                init_scope_animation
 .text.init_sub_animation
                0x0000000000009b26       0x28 TankFu.o
                0x0000000000009b26                init_sub_animation
 .text.init_shot_state
                0x0000000000009b4e       0x34 TankFu.o
                0x0000000000009b4e                init_shot_state
 .text.set_shot_animations
                0x0000000000009b82       0x64 TankFu.o
                0x0000000000009b82                set_shot_animations
 .text.init_turret
                0x0000000000009be6       0x54 TankFu.o
                0x0000000000009be6                init_turret
 .text.init_player
                0x0000000000009c3a       0xee TankFu.o
                0x0000000000009c3a                init_player
 .text.player_init_shot_state
                0x0000000000009d28        0xe TankFu.o
                0x0000000000009d28                player_init_shot_state
 .text.init_game_state
                0x0000000000009d36       0x4e TankFu.o
                0x0000000000009d36                init_game_state
 .text.player_spawn
                0x0000000000009d84       0x48 TankFu.o
                0x0000000000009d84                player_spawn
 .text.waitForVSync
                0x0000000000009dcc        0x8 TankFu.o
                0x0000000000009dcc                waitForVSync
 .text.load_eeprom
                0x0000000000009dd4       0x24 TankFu.o
                0x0000000000009dd4                load_eeprom
 .text.fade_through
                0x0000000000009df8       0x14 TankFu.o
                0x0000000000009df8                fade_through
 .text.clear_sprites
                0x0000000000009e0c       0x1a TankFu.o
                0x0000000000009e0c                clear_sprites
 .text.save_score
                0x0000000000009e26      0x104 TankFu.o
                0x0000000000009e26                save_score
 .text.position_shot
                0x0000000000009f2a       0x8a TankFu.o
                0x0000000000009f2a                position_shot
 .text.print_level_score
                0x0000000000009fb4       0x8c TankFu.o
                0x0000000000009fb4                print_level_score
 .text.print_final_score
                0x000000000000a040       0xbc TankFu.o
                0x000000000000a040                print_final_score
 .text.shoot_pressed
                0x000000000000a0fc       0x14 TankFu.o
                0x000000000000a0fc                shoot_pressed
 .text.get_delta
                0x000000000000a110       0x24 TankFu.o
                0x000000000000a110                get_delta
 .text.render_hud
                0x000000000000a134       0x3a TankFu.o
                0x000000000000a134                render_hud
 .text.render_score
                0x000000000000a16e       0x40 TankFu.o
                0x000000000000a16e                render_score
 .text.render_player
                0x000000000000a1ae       0x40 TankFu.o
                0x000000000000a1ae                render_player
 .text.render_shot
                0x000000000000a1ee       0x3c TankFu.o
                0x000000000000a1ee                render_shot
 .text.render_tile_explosions
                0x000000000000a22a       0x6a TankFu.o
                0x000000000000a22a                render_tile_explosions
 .text.render_scope
                0x000000000000a294       0x34 TankFu.o
                0x000000000000a294                render_scope
 .text.tank_map
                0x000000000000a2c8       0xd8 TankFu.o
                0x000000000000a2c8                tank_map
 .text.shot_map
                0x000000000000a3a0       0x54 TankFu.o
                0x000000000000a3a0                shot_map
 .text.recoil_sprite
                0x000000000000a3f4       0x9c TankFu.o
                0x000000000000a3f4                recoil_sprite
 .text.recoil_sprite_fine
                0x000000000000a490       0x58 TankFu.o
                0x000000000000a490                recoil_sprite_fine
 .text.solid_square_tile
                0x000000000000a4e8       0x24 TankFu.o
                0x000000000000a4e8                solid_square_tile
 .text.solid_directional_tile
                0x000000000000a50c       0x2c TankFu.o
                0x000000000000a50c                solid_directional_tile
 .text.solid_tile
                0x000000000000a538       0x28 TankFu.o
                0x000000000000a538                solid_tile
 .text.collides_directional_tile
                0x000000000000a560      0x392 TankFu.o
                0x000000000000a560                collides_directional_tile
 .text.player_shot
                0x000000000000a8f2       0x96 TankFu.o
                0x000000000000a8f2                player_shot
 .text.turret_shot
                0x000000000000a988       0x7a TankFu.o
                0x000000000000a988                turret_shot
 .text.collision_detect_boundries
                0x000000000000aa02       0x34 TankFu.o
                0x000000000000aa02                collision_detect_boundries
 .text.drop_item
                0x000000000000aa36       0x68 TankFu.o
                0x000000000000aa36                drop_item
 .text.kill_player
                0x000000000000aa9e       0xb8 TankFu.o
                0x000000000000aa9e                kill_player
 .text.get_interesting_tile_indexes_shot
                0x000000000000ab56       0x44 TankFu.o
                0x000000000000ab56                get_interesting_tile_indexes_shot
 .text.explode_tile
                0x000000000000ab9a       0x7c TankFu.o
                0x000000000000ab9a                explode_tile
 .text.richochet
                0x000000000000ac16       0x42 TankFu.o
                0x000000000000ac16                richochet
 .text.get_interesting_tile_indexes
                0x000000000000ac58       0x60 TankFu.o
                0x000000000000ac58                get_interesting_tile_indexes
 .text.explode_player
                0x000000000000acb8       0x48 TankFu.o
                0x000000000000acb8                explode_player
 .text.slide    0x000000000000ad00       0xd0 TankFu.o
                0x000000000000ad00                slide
 .text.load_level_tiles
                0x000000000000add0       0xe6 TankFu.o
                0x000000000000add0                load_level_tiles
 .text.prep_player
                0x000000000000aeb6       0x34 TankFu.o
                0x000000000000aeb6                prep_player
 .text.load_level
                0x000000000000aeea      0x166 TankFu.o
                0x000000000000aeea                load_level
 .text.level_transition
                0x000000000000b050       0x60 TankFu.o
                0x000000000000b050                level_transition
 .text.render_boss_fight_scope_load
                0x000000000000b0b0       0x26 TankFu.o
                0x000000000000b0b0                render_boss_fight_scope_load
 .text.render_boss_fight_sub_load
                0x000000000000b0d6       0x42 TankFu.o
                0x000000000000b0d6                render_boss_fight_sub_load
 .text.render_boss_fight_sub_sinking
                0x000000000000b118       0x2a TankFu.o
                0x000000000000b118                render_boss_fight_sub_sinking
 .text.render_boss_turret
                0x000000000000b142       0x32 TankFu.o
                0x000000000000b142                render_boss_turret
 .text.render_boss_turret_shot
                0x000000000000b174       0x32 TankFu.o
                0x000000000000b174                render_boss_turret_shot
 .text.update_turret
                0x000000000000b1a6       0x9c TankFu.o
                0x000000000000b1a6                update_turret
 .text.load_splash
                0x000000000000b242       0x88 TankFu.o
                0x000000000000b242                load_splash
 .text.select_pressed
                0x000000000000b2ca       0x14 TankFu.o
                0x000000000000b2ca                select_pressed
 .text.load_tank_rank
                0x000000000000b2de      0x136 TankFu.o
                0x000000000000b2de                load_tank_rank
 .text.exit_game
                0x000000000000b414       0x10 TankFu.o
                0x000000000000b414                exit_game
 .text.resolve_scoring
                0x000000000000b424      0x18a TankFu.o
                0x000000000000b424                resolve_scoring
 .text.update_tank_rank
                0x000000000000b5ae       0xc4 TankFu.o
                0x000000000000b5ae                update_tank_rank
 .text._handle_select_render_helper
                0x000000000000b672      0x17a TankFu.o
                0x000000000000b672                _handle_select_render_helper
 .text.load_handle_select
                0x000000000000b7ec      0x122 TankFu.o
                0x000000000000b7ec                load_handle_select
 .text.load_host_net_game
                0x000000000000b90e       0xa2 TankFu.o
                0x000000000000b90e                load_host_net_game
 .text.update_host_net_game
                0x000000000000b9b0       0x58 TankFu.o
                0x000000000000b9b0                update_host_net_game
 .text.load_join_net_game
                0x000000000000ba08       0x9c TankFu.o
                0x000000000000ba08                load_join_net_game
 .text.update_splash
                0x000000000000baa4      0x230 TankFu.o
                0x000000000000baa4                update_splash
 .text.update_join_net_game
                0x000000000000bcd4      0x1c8 TankFu.o
                0x000000000000bcd4                update_join_net_game
 .text.button_map
                0x000000000000be9c       0x2c TankFu.o
                0x000000000000be9c                button_map
 .text.crash_and_turn
                0x000000000000bec8      0x200 TankFu.o
                0x000000000000bec8                crash_and_turn
 .text.get_cpu_goal_direction
                0x000000000000c0c8       0x66 TankFu.o
                0x000000000000c0c8                get_cpu_goal_direction
 .text.get_cpu_joypad_state
                0x000000000000c12e      0x468 TankFu.o
                0x000000000000c12e                get_cpu_joypad_state
 .text.stream_text_middle
                0x000000000000c596       0x80 TankFu.o
                0x000000000000c596                stream_text_middle
 .text.load_credits
                0x000000000000c616       0x1c TankFu.o
                0x000000000000c616                load_credits
 .text.send_net_message
                0x000000000000c632       0x2a TankFu.o
                0x000000000000c632                send_net_message
 .text.send_smart_net_message
                0x000000000000c65c       0x26 TankFu.o
                0x000000000000c65c                send_smart_net_message
 .text.get_net_message
                0x000000000000c682      0x32a TankFu.o
                0x000000000000c682                get_net_message
 .text.is_net_player
                0x000000000000c9ac       0x24 TankFu.o
                0x000000000000c9ac                is_net_player
 .text.collision_detect_shot
                0x000000000000c9d0      0x496 TankFu.o
                0x000000000000c9d0                collision_detect_shot
 .text.update_player
                0x000000000000ce66      0x2b4 TankFu.o
                0x000000000000ce66                update_player
 .text.collision_detect_player
                0x000000000000d11a      0x3ca TankFu.o
                0x000000000000d11a                collision_detect_player
 .text.update_turret_shot
                0x000000000000d4e4       0xd2 TankFu.o
                0x000000000000d4e4                update_turret_shot
 .text.update_level
                0x000000000000d5b6      0x468 TankFu.o
                0x000000000000d5b6                update_level
 .text._handle_select_helper
                0x000000000000da1e      0x3e8 TankFu.o
                0x000000000000da1e                _handle_select_helper
 .text.update_handle_select
                0x000000000000de06       0xbc TankFu.o
                0x000000000000de06                update_handle_select
 .text.player_posture_changed
                0x000000000000dec2       0x22 TankFu.o
                0x000000000000dec2                player_posture_changed
 .text.startup.main
                0x000000000000dee4      0x1e8 TankFu.o
                0x000000000000dee4                main
 .text.libgcc.div
                0x000000000000e0cc       0x18 /usr/local/lib/gcc/avr/4.9.2/avr5/libgcc.a(_udivmodqi4.o)
                0x000000000000e0cc                __udivmodqi4
 .text.libgcc.div
                0x000000000000e0e4       0x28 /usr/local/lib/gcc/avr/4.9.2/avr5/libgcc.a(_udivmodhi4.o)
                0x000000000000e0e4                __udivmodhi4
 .text.libgcc.div
                0x000000000000e10c       0x28 /usr/local/lib/gcc/avr/4.9.2/avr5/libgcc.a(_divmodhi4.o)
                0x000000000000e10c                __divmodhi4
                0x000000000000e10c                _div
 .text.avr-libc
                0x000000000000e134       0x12 /usr/local/lib/gcc/avr/4.9.2/../../../../avr/lib/avr5/libc.a(memcpy_P.o)
                0x000000000000e134                memcpy_P
 .text.avr-libc
                0x000000000000e146       0x16 /usr/local/lib/gcc/avr/4.9.2/../../../../avr/lib/avr5/libc.a(strnlen_P.o)
                0x000000000000e146                strnlen_P
 .text.avr-libc
                0x000000000000e15c       0x14 /usr/local/lib/gcc/avr/4.9.2/../../../../avr/lib/avr5/libc.a(strupr.o)
                0x000000000000e15c                strupr
 .text.avr-libc
                0x000000000000e170       0x46 /usr/local/lib/gcc/avr/4.9.2/../../../../avr/lib/avr5/libc.a(sprintf.o)
                0x000000000000e170                sprintf
 .text.avr-libc
                0x000000000000e1b6      0x3a4 /usr/local/lib/gcc/avr/4.9.2/../../../../avr/lib/avr5/libc.a(vfprintf_std.o)
                0x000000000000e1b6                vfprintf
 .text.avr-libc
                0x000000000000e55a       0x16 /usr/local/lib/gcc/avr/4.9.2/../../../../avr/lib/avr5/libc.a(strnlen.o)
                0x000000000000e55a                strnlen
 .text.avr-libc
                0x000000000000e570       0x70 /usr/local/lib/gcc/avr/4.9.2/../../../../avr/lib/avr5/libc.a(fputc.o)
                0x000000000000e570                fputc
 .text.avr-libc
                0x000000000000e5e0       0xbc /usr/local/lib/gcc/avr/4.9.2/../../../../avr/lib/avr5/libc.a(ultoa_invert.o)
                0x000000000000e5e0                __ultoa_invert
 .text.libgcc.prologue
                0x000000000000e69c       0x38 /usr/local/lib/gcc/avr/4.9.2/avr5/libgcc.a(_prologue.o)
                0x000000000000e69c                __prologue_saves__
 .text.libgcc.prologue
                0x000000000000e6d4       0x36 /usr/local/lib/gcc/avr/4.9.2/avr5/libgcc.a(_epilogue.o)
                0x000000000000e6d4                __epilogue_restores__
                0x000000000000e70a                . = ALIGN (0x2)
 *(.fini9)
 .fini9         0x000000000000e70a        0x0 /usr/local/lib/gcc/avr/4.9.2/avr5/libgcc.a(_exit.o)
                0x000000000000e70a                exit
                0x000000000000e70a                _exit
 *(.fini9)
 *(.fini8)
 *(.fini8)
 *(.fini7)
 *(.fini7)
 *(.fini6)
 *(.fini6)
 *(.fini5)
 *(.fini5)
 *(.fini4)
 *(.fini4)
 *(.fini3)
 *(.fini3)
 *(.fini2)
 *(.fini2)
 *(.fini1)
 *(.fini1)
 *(.fini0)
 .fini0         0x000000000000e70a        0x4 /usr/local/lib/gcc/avr/4.9.2/avr5/libgcc.a(_exit.o)
 *(.fini0)
                0x000000000000e70e                _etext = .

.data           0x0000000000800100       0x54 load address 0x000000000000e70e
                0x0000000000800100                PROVIDE (__data_start, .)
 *(.data)
 .data          0x0000000000800100        0x1 uzeboxVideoEngine.o
 .data          0x0000000000800101        0xc TankFu.o
                0x0000000000800101                gameIdIndex
                0x0000000000800102                gameId
                0x000000000080010b                global_frame_counter
 *(.data*)
 *(.rodata)
 *(.rodata*)
 .rodata.str1.1
                0x000000000080010d       0x46 TankFu.o
 *(.gnu.linkonce.d*)
                0x0000000000800154                . = ALIGN (0x2)
 *fill*         0x0000000000800153        0x1 
                0x0000000000800154                _edata = .
                0x0000000000800154                PROVIDE (__data_end, .)

.bss            0x0000000000800154      0xecb
                0x0000000000800154                PROVIDE (__bss_start, .)
 *(.bss)
 *fill*         0x0000000000800154        0xc 
 .bss           0x0000000000800160      0x8e0 uzeboxVideoEngineCore.o
                0x0000000000800160                vram
                0x00000000008004a8                sprites
                0x00000000008004a8                overlay_vram
                0x00000000008004d0                ram_tiles
                0x00000000008009d0                ram_tiles_restore
                0x0000000000800a0c                free_tile_index
                0x0000000000800a0d                user_ram_tiles_c
                0x0000000000800a0e                user_ram_tiles_c_tmp
                0x0000000000800a0f                sprites_tile_banks
                0x0000000000800a1a                Screen
                0x0000000000800a1e                sync_phase
                0x0000000000800a1f                sync_pulse
                0x0000000000800a20                sync_flags
                0x0000000000800a25                first_render_line
                0x0000000000800a26                render_lines_count
                0x0000000000800a27                joypad1_status_lo
                0x0000000000800a29                joypad1_status_hi
                0x0000000000800a2b                joypad2_status_lo
                0x0000000000800a2d                joypad2_status_hi
 .bss           0x0000000000800a40        0x2 uzeboxCore.o
 .bss           0x0000000000800a42        0x1 uzeboxSoundEngine.o
                0x0000000000800a42                playSong
 .bss           0x0000000000800a43       0x19 uzeboxSoundEngineCore.o
                0x0000000000800a43                sound_enabled
                0x0000000000800a44                mixer
                0x0000000000800a57                tr4_params
                0x0000000000800a58                tr4_barrel_lo
                0x0000000000800a59                tr4_barrel_hi
 .bss           0x0000000000800a5c        0x4 TankFu.o
                0x0000000000800a5c                p_prev
 *(.bss*)
 *(COMMON)
 COMMON         0x0000000000800a60       0x65 uzeboxCore.o
                0x0000000000800a60                uart_tx_buf
                0x0000000000800a80                joypadsConnectionStatus
                0x0000000000800a81                uart_rx_head
                0x0000000000800a82                uart_tx_head
                0x0000000000800a83                uart_rx_tail
                0x0000000000800a84                uart_rx_buf
                0x0000000000800ac4                uart_tx_tail
 COMMON         0x0000000000800ac5       0x6c uzeboxSoundEngine.o
                0x0000000000800ac5                songStart
                0x0000000000800ac7                tracks
                0x0000000000800b23                currDeltaTime
                0x0000000000800b25                patchPointers
                0x0000000000800b27                lastStatus
                0x0000000000800b28                masterVolume
                0x0000000000800b29                nextDeltaTime
                0x0000000000800b2b                songSpeed
                0x0000000000800b2c                songPos
                0x0000000000800b2e                loopStart
                0x0000000000800b30                step
 COMMON         0x0000000000800b31        0x5 uzeboxVideoEngine.o
                0x0000000000800b31                fadeSpeed
                0x0000000000800b32                fadeDir
                0x0000000000800b33                fadeActive
                0x0000000000800b34                currFadeFrame
                0x0000000000800b35                fadeStep
 COMMON         0x0000000000800b36      0x4e9 TankFu.o
                0x0000000000800b36                scores
                0x0000000000800b56                handles
                0x0000000000800b76                game
                0x0000000000800b8a                tile_animations
                0x0000000000800ba7                wifi_status
                0x0000000000800ba8                player1
                0x0000000000800c2f                level
                0x0000000000800f1e                player2
                0x0000000000800fa5                sub_animation
                0x0000000000800fb3                scope_animation
                0x0000000000800fc1                turret2
                0x0000000000800ff0                turret1
                0x000000000080101f                PROVIDE (__bss_end, .)
                0x000000000000e70e                __data_load_start = LOADADDR (.data)
                0x000000000000e762                __data_load_end = (__data_load_start + SIZEOF (.data))

.noinit         0x000000000080101f        0x0
                0x000000000080101f                PROVIDE (__noinit_start, .)
 *(.noinit*)
                0x000000000080101f                PROVIDE (__noinit_end, .)
                0x000000000080101f                _end = .
                0x000000000080101f                PROVIDE (__heap_start, .)

.eeprom         0x0000000000810000        0x0
 *(.eeprom*)
                0x0000000000810000                __eeprom_end = .

.fuse
 *(.fuse)
 *(.lfuse)
 *(.hfuse)
 *(.efuse)

.lock
 *(.lock*)

.signature
 *(.signature*)

.stab           0x0000000000000000      0x8c4
 *(.stab)
 .stab          0x0000000000000000       0xf0 /usr/local/lib/gcc/avr/4.9.2/avr5/libgcc.a(_udivmodqi4.o)
 .stab          0x00000000000000f0      0x15c /usr/local/lib/gcc/avr/4.9.2/avr5/libgcc.a(_udivmodhi4.o)
                                        0x168 (size before relaxing)
 .stab          0x000000000000024c      0x138 /usr/local/lib/gcc/avr/4.9.2/avr5/libgcc.a(_divmodhi4.o)
                                        0x144 (size before relaxing)
 .stab          0x0000000000000384       0x6c /usr/local/lib/gcc/avr/4.9.2/avr5/libgcc.a(_exit.o)
                                         0x78 (size before relaxing)
 .stab          0x00000000000003f0       0xd8 /usr/local/lib/gcc/avr/4.9.2/avr5/libgcc.a(_copy_data.o)
                                         0xe4 (size before relaxing)
 .stab          0x00000000000004c8       0xb4 /usr/local/lib/gcc/avr/4.9.2/avr5/libgcc.a(_clear_bss.o)
                                         0xc0 (size before relaxing)
 .stab          0x000000000000057c      0x1a4 /usr/local/lib/gcc/avr/4.9.2/avr5/libgcc.a(_prologue.o)
                                        0x1b0 (size before relaxing)
 .stab          0x0000000000000720      0x1a4 /usr/local/lib/gcc/avr/4.9.2/avr5/libgcc.a(_epilogue.o)
                                        0x1b0 (size before relaxing)

.stabstr        0x0000000000000000      0x2ff
 *(.stabstr)
 .stabstr       0x0000000000000000      0x2ff /usr/local/lib/gcc/avr/4.9.2/avr5/libgcc.a(_udivmodqi4.o)

.stab.excl
 *(.stab.excl)

.stab.exclstr
 *(.stab.exclstr)

.stab.index
 *(.stab.index)

.stab.indexstr
 *(.stab.indexstr)

.comment        0x0000000000000000       0x11
 *(.comment)
 .comment       0x0000000000000000       0x11 uzeboxCore.o
                                         0x12 (size before relaxing)
 .comment       0x0000000000000011       0x12 uzeboxSoundEngine.o
 .comment       0x0000000000000011       0x12 uzeboxVideoEngine.o
 .comment       0x0000000000000011       0x12 TankFu.o
 .comment       0x0000000000000011       0x12 /usr/local/lib/gcc/avr/4.9.2/../../../../avr/lib/avr5/libc.a(sprintf.o)
 .comment       0x0000000000000011       0x12 /usr/local/lib/gcc/avr/4.9.2/../../../../avr/lib/avr5/libc.a(vfprintf_std.o)
 .comment       0x0000000000000011       0x12 /usr/local/lib/gcc/avr/4.9.2/../../../../avr/lib/avr5/libc.a(fputc.o)

.note.gnu.build-id
 *(.note.gnu.build-id)

.debug
 *(.debug)

.line
 *(.line)

.debug_srcinfo
 *(.debug_srcinfo)

.debug_sfnames
 *(.debug_sfnames)

.debug_aranges  0x0000000000000000      0x810
 *(.debug_aranges)
 .debug_aranges
                0x0000000000000000       0xf8 uzeboxVideoEngineCore.o
 .debug_aranges
                0x00000000000000f8       0xd8 uzeboxCore.o
 .debug_aranges
                0x00000000000001d0      0x100 uzeboxSoundEngine.o
 .debug_aranges
                0x00000000000002d0       0x50 uzeboxSoundEngineCore.o
 .debug_aranges
                0x0000000000000320       0xf8 uzeboxVideoEngine.o
 .debug_aranges
                0x0000000000000418      0x3f8 TankFu.o

.debug_pubnames
 *(.debug_pubnames)

.debug_info     0x0000000000000000     0xc330
 *(.debug_info .gnu.linkonce.wi.*)
 .debug_info    0x0000000000000000      0x672 /usr/local/lib/gcc/avr/4.9.2/../../../../avr/lib/avr5/crtm644.o
 .debug_info    0x0000000000000672       0x7d uzeboxVideoEngineCore.o
 .debug_info    0x00000000000006ef      0xcd2 uzeboxCore.o
 .debug_info    0x00000000000013c1     0x1216 uzeboxSoundEngine.o
 .debug_info    0x00000000000025d7       0x74 uzeboxSoundEngineCore.o
 .debug_info    0x000000000000264b     0x124f uzeboxVideoEngine.o
 .debug_info    0x000000000000389a     0x8a96 TankFu.o

.debug_abbrev   0x0000000000000000     0x1708
 *(.debug_abbrev)
 .debug_abbrev  0x0000000000000000      0x619 /usr/local/lib/gcc/avr/4.9.2/../../../../avr/lib/avr5/crtm644.o
 .debug_abbrev  0x0000000000000619       0x12 uzeboxVideoEngineCore.o
 .debug_abbrev  0x000000000000062b      0x36c uzeboxCore.o
 .debug_abbrev  0x0000000000000997      0x35c uzeboxSoundEngine.o
 .debug_abbrev  0x0000000000000cf3       0x12 uzeboxSoundEngineCore.o
 .debug_abbrev  0x0000000000000d05      0x3c6 uzeboxVideoEngine.o
 .debug_abbrev  0x00000000000010cb      0x63d TankFu.o

.debug_line     0x0000000000000000     0x29b8
 *(.debug_line .debug_line.* .debug_line_end)
 .debug_line    0x0000000000000000       0x1d /usr/local/lib/gcc/avr/4.9.2/../../../../avr/lib/avr5/crtm644.o
 .debug_line    0x000000000000001d      0x52b uzeboxVideoEngineCore.o
 .debug_line    0x0000000000000548      0x369 uzeboxCore.o
 .debug_line    0x00000000000008b1      0x3e2 uzeboxSoundEngine.o
 .debug_line    0x0000000000000c93      0x1ae uzeboxSoundEngineCore.o
 .debug_line    0x0000000000000e41      0x449 uzeboxVideoEngine.o
 .debug_line    0x000000000000128a     0x172e TankFu.o

.debug_frame    0x0000000000000000     0x1960
 *(.debug_frame)
 .debug_frame   0x0000000000000000      0x25c uzeboxCore.o
 .debug_frame   0x000000000000025c      0x284 uzeboxSoundEngine.o
 .debug_frame   0x00000000000004e0      0x47c uzeboxVideoEngine.o
 .debug_frame   0x000000000000095c     0x1004 TankFu.o

.debug_str      0x0000000000000000     0x2397
 *(.debug_str)
 .debug_str     0x0000000000000000      0x231 /usr/local/lib/gcc/avr/4.9.2/../../../../avr/lib/avr5/crtm644.o
 .debug_str     0x0000000000000231      0x5a7 uzeboxCore.o
                                        0x60d (size before relaxing)
 .debug_str     0x00000000000007d8      0x40a uzeboxSoundEngine.o
                                        0x646 (size before relaxing)
 .debug_str     0x0000000000000be2      0x2f6 uzeboxVideoEngine.o
                                        0x481 (size before relaxing)
 .debug_str     0x0000000000000ed8     0x14bf TankFu.o
                                       0x1962 (size before relaxing)

.debug_loc      0x0000000000000000     0xaadc
 *(.debug_loc)
 .debug_loc     0x0000000000000000      0xa8c uzeboxCore.o
 .debug_loc     0x0000000000000a8c     0x1063 uzeboxSoundEngine.o
 .debug_loc     0x0000000000001aef     0x1b45 uzeboxVideoEngine.o
 .debug_loc     0x0000000000003634     0x74a8 TankFu.o

.debug_macinfo
 *(.debug_macinfo)

.debug_weaknames
 *(.debug_weaknames)

.debug_funcnames
 *(.debug_funcnames)

.debug_typenames
 *(.debug_typenames)

.debug_varnames
 *(.debug_varnames)

.debug_pubtypes
 *(.debug_pubtypes)

.debug_ranges   0x0000000000000000      0x988
 *(.debug_ranges)
 .debug_ranges  0x0000000000000000       0xf0 uzeboxVideoEngineCore.o
 .debug_ranges  0x00000000000000f0       0xe0 uzeboxCore.o
 .debug_ranges  0x00000000000001d0      0x138 uzeboxSoundEngine.o
 .debug_ranges  0x0000000000000308       0x48 uzeboxSoundEngineCore.o
 .debug_ranges  0x0000000000000350      0x118 uzeboxVideoEngine.o
 .debug_ranges  0x0000000000000468      0x520 TankFu.o

.debug_macro
 *(.debug_macro)
OUTPUT(TankFu.elf elf32-avr)
LOAD linker stubs
